--------- beginning of /dev/log/system
12-22 12:19:27.509   272   272 D EntSec  : [NQS   ] [ACK_DB     ] "Clearing OutstandingAck DB"
12-22 12:19:27.509   272   272 I EntSec  : [NQS   ] [QSB_SOURCE ] "According to TQS, need to load the default port. Sending a message to QSB"
12-22 12:19:27.509   272   272 I EntSec  : [NQS   ] [QSB_COMM   ] "send load default port command to a QSB."
12-22 12:19:27.509   272   272 I EntSec  : [NQS   ] [QSB_SOURCE ] "Message sent to the QSB; QSB will be initialized with the default port"
12-22 12:19:27.509   272   272 I EntSec  : [NQS   ] [QSB_SOURCE ] "Loading port mechanism - handling completed"
12-22 12:19:27.509   272   272 D EntSec  : [NQS   ] [QSB_SOURCE ] " ---------------------------------------------------------------"
12-22 12:19:27.509   272   272 D EntSec  : [NQS   ] [MAIN       ] "Setting status to READY"
12-22 12:19:27.509   272   272 D EntSec  : [NQS   ] [MAIN       ] "Dealing with fd 10 has Ended [0xbe97b7e4]"
12-22 12:20:01.609   968   968 I EntropyMixer: Writing entropy...
12-22 12:20:26.249   205  2675 W SocketClient: write error (Broken pipe)
12-22 12:20:27.919   968   998 I BootReceiver: Copying /data/tombstones/tombstone_01 to DropBox (SYSTEM_TOMBSTONE)
12-22 12:20:27.979   968   979 I ActivityManager: Process com.android.nfc (pid 2505) has died.
12-22 12:20:27.999   968   979 I ActivityManager: Start proc com.android.nfc for restart com.android.nfc: pid=2677 uid=1027 gids={41027, 3002, 3001, 1028, 1015}
12-22 12:20:59.229   968   968 I EntropyMixer: Writing entropy...
12-22 12:21:58.699   968   998 I BootReceiver: Copying /data/tombstones/tombstone_02 to DropBox (SYSTEM_TOMBSTONE)
12-22 12:21:58.719   968  1190 I ActivityManager: Process com.android.nfc (pid 2677) has died.
12-22 12:21:58.739   968  1190 I ActivityManager: Start proc com.android.nfc for restart com.android.nfc: pid=2746 uid=1027 gids={41027, 3002, 3001, 1028, 1015}
12-22 12:23:29.459   968   998 I BootReceiver: Copying /data/tombstones/tombstone_03 to DropBox (SYSTEM_TOMBSTONE)
12-22 12:23:29.519   968   979 I ActivityManager: Process com.android.nfc (pid 2746) has died.
12-22 12:23:29.539   968   979 I ActivityManager: Start proc com.android.nfc for restart com.android.nfc: pid=2927 uid=1027 gids={41027, 3002, 3001, 1028, 1015}
12-22 12:25:00.239   968   998 I BootReceiver: Copying /data/tombstones/tombstone_04 to DropBox (SYSTEM_TOMBSTONE)
12-22 12:25:00.299   968   980 I ActivityManager: Process com.android.nfc (pid 2927) has died.
12-22 12:25:00.319   968   980 I ActivityManager: Start proc com.android.nfc for restart com.android.nfc: pid=3023 uid=1027 gids={41027, 3002, 3001, 1028, 1015}
12-22 12:25:41.489   205  3073 W SocketClient: write error (Broken pipe)
12-22 12:26:22.559   968  1180 D QcConnectivityService: Captive portal check NetworkInfo: type: WIFI[], state: CONNECTING/CAPTIVE_PORTAL_CHECK, reason: (unspecified), extra: "AllieGO 5GHz", roaming: false, failover: false, isAvailable: true, isConnectedToProvisioningNetwork: false
12-22 12:26:22.559   968  1180 D QcConnectivityService: handleCaptivePortalTrackerCheck: call captivePortalCheckComplete ni=NetworkInfo: type: WIFI[], state: CONNECTING/CAPTIVE_PORTAL_CHECK, reason: (unspecified), extra: "AllieGO 5GHz", roaming: false, failover: false, isAvailable: true, isConnectedToProvisioningNetwork: false
12-22 12:26:22.559   968  1180 D QcConnectivityService: handleInetConditionChange: no active default network - ignore
12-22 12:26:22.579   968  1180 E QcConnectivityService: Unexpected mtu value: android.net.wifi.WifiStateTracker@41a60ce0
12-22 12:26:22.719   968  1180 D Nat464Xlat: requiresClat: netType=1, hasIPv4Address=true
12-22 12:26:24.159   968  1180 D QcConnectivityService: handleConnectivityChange: addresses changed linkProperty[1]: resetMask=0
12-22 12:26:24.159   968  1180 D QcConnectivityService:    car=removed=[] added=[fe80::ce1b:e0ff:fe61:8a30/64,]
12-22 12:26:24.159   968  1180 E QcConnectivityService: Exception while trying to add src route: java.lang.NullPointerException
12-22 12:26:24.159   968  1180 D Nat464Xlat: requiresClat: netType=1, hasIPv4Address=true
02-29 20:05:41.100   968   991 W ProcessCpuTracker: Skipping unknown process pid 3216
02-29 20:05:44.300   968   998 I BootReceiver: Copying /data/tombstones/tombstone_05 to DropBox (SYSTEM_TOMBSTONE)
02-29 20:05:44.310   968  1190 I ActivityManager: Process com.android.nfc (pid 3023) has died.
02-29 20:05:44.340   968  1190 I ActivityManager: Start proc com.android.nfc for restart com.android.nfc: pid=3339 uid=1027 gids={41027, 3002, 3001, 1028, 1015}
02-29 20:05:49.069   968  1325 D QcConnectivityService: setProvNotificationVisible: E visible=false networkType=1 extraInfo=null url=null
02-29 20:05:49.399   968  1325 D QcConnectivityService: captivePortalCheckCompleted: ni=NetworkInfo: type: WIFI[], state: CONNECTED/CONNECTED, reason: (unspecified), extra: "AllieGO 5GHz", roaming: false, failover: false, isAvailable: true, isConnectedToProvisioningNetwork: false captive=false
02-29 20:07:15.079   968   998 I BootReceiver: Copying /data/tombstones/tombstone_06 to DropBox (SYSTEM_TOMBSTONE)
02-29 20:07:15.139   968  1189 I ActivityManager: Process com.android.nfc (pid 3339) has died.
02-29 20:07:15.159   968  1189 I ActivityManager: Start proc com.android.nfc for restart com.android.nfc: pid=3635 uid=1027 gids={41027, 3002, 3001, 1028, 1015}
02-29 20:08:45.859   968   998 I BootReceiver: Copying /data/tombstones/tombstone_07 to DropBox (SYSTEM_TOMBSTONE)
02-29 20:08:45.879   968  2014 I ActivityManager: Process com.android.nfc (pid 3635) has died.
02-29 20:08:45.909   968  2014 I ActivityManager: Start proc com.android.nfc for restart com.android.nfc: pid=3930 uid=1027 gids={41027, 3002, 3001, 1028, 1015}
02-29 20:09:39.589   968  1180 D QcConnectivityService: Sampling interval elapsed, updating statistics ..
02-29 20:09:39.609   968  1180 D QcConnectivityService: Done.
02-29 20:09:39.609   968  1180 D QcConnectivityService: Setting timer for 720seconds
02-29 20:10:16.639   968   998 I BootReceiver: Copying /data/tombstones/tombstone_08 to DropBox (SYSTEM_TOMBSTONE)
02-29 20:10:16.659   968  1394 I ActivityManager: Process com.android.nfc (pid 3930) has died.
02-29 20:10:16.689   968  1394 I ActivityManager: Start proc com.android.nfc for restart com.android.nfc: pid=4235 uid=1027 gids={41027, 3002, 3001, 1028, 1015}
02-29 20:11:30.009   968   991 W ProcessCpuTracker: Skipping unknown process pid 4651
02-29 20:11:47.429   968   998 I BootReceiver: Copying /data/tombstones/tombstone_09 to DropBox (SYSTEM_TOMBSTONE)
02-29 20:11:47.439   968  1381 I ActivityManager: Process com.android.nfc (pid 4235) has died.
02-29 20:11:47.479   968  1381 I ActivityManager: Start proc com.android.nfc for restart com.android.nfc: pid=4665 uid=1027 gids={41027, 3002, 3001, 1028, 1015}
02-29 20:13:18.219   968   998 I BootReceiver: Copying /data/tombstones/tombstone_00 to DropBox (SYSTEM_TOMBSTONE)
02-29 20:13:18.279   968  1411 I ActivityManager: Process com.android.nfc (pid 4665) has died.
02-29 20:13:18.309   968  1411 I ActivityManager: Start proc com.android.nfc for restart com.android.nfc: pid=4756 uid=1027 gids={41027, 3002, 3001, 1028, 1015}
02-29 20:14:49.009   968   998 I BootReceiver: Copying /data/tombstones/tombstone_01 to DropBox (SYSTEM_TOMBSTONE)
02-29 20:14:49.059   968   980 I ActivityManager: Process com.android.nfc (pid 4756) has died.
02-29 20:14:49.089   968   980 I ActivityManager: Start proc com.android.nfc for restart com.android.nfc: pid=4824 uid=1027 gids={41027, 3002, 3001, 1028, 1015}
02-29 20:16:19.779   968   998 I BootReceiver: Copying /data/tombstones/tombstone_02 to DropBox (SYSTEM_TOMBSTONE)
02-29 20:16:19.839   968  1484 I ActivityManager: Process com.android.nfc (pid 4824) has died.
02-29 20:16:19.869   968  1484 I ActivityManager: Start proc com.android.nfc for restart com.android.nfc: pid=4909 uid=1027 gids={41027, 3002, 3001, 1028, 1015}
02-29 20:17:50.569   968   998 I BootReceiver: Copying /data/tombstones/tombstone_03 to DropBox (SYSTEM_TOMBSTONE)
02-29 20:17:50.619   968  1484 I ActivityManager: Process com.android.nfc (pid 4909) has died.
02-29 20:17:50.659   968  1484 I ActivityManager: Start proc com.android.nfc for restart com.android.nfc: pid=4985 uid=1027 gids={41027, 3002, 3001, 1028, 1015}
02-29 20:18:12.659   968  1180 D QcConnectivityService: tryFailover: set mActiveDefaultNetwork=-1, prevNetType=1
02-29 20:18:12.659   968  1180 D QcConnectivityService: Attempting to switch to BLUETOOTH_TETHER
02-29 20:18:12.749   968  1180 D QcConnectivityService: resetConnections(wlan0, 3)
02-29 20:18:12.939   968  1180 D Nat464Xlat: requiresClat: netType=1, hasIPv4Address=false
02-29 20:18:15.949   968  1325 D QcConnectivityService: setProvNotificationVisible: E visible=false networkType=1 extraInfo=null url=null
02-29 20:18:21.369   968  1180 D QcConnectivityService: Captive portal check NetworkInfo: type: WIFI[], state: CONNECTING/CAPTIVE_PORTAL_CHECK, reason: (unspecified), extra: "AllieGO 5GHz", roaming: false, failover: false, isAvailable: true, isConnectedToProvisioningNetwork: false
02-29 20:18:21.369   968  1180 D QcConnectivityService: handleCaptivePortalTrackerCheck: call captivePortalCheckComplete ni=NetworkInfo: type: WIFI[], state: CONNECTING/CAPTIVE_PORTAL_CHECK, reason: (unspecified), extra: "AllieGO 5GHz", roaming: false, failover: false, isAvailable: true, isConnectedToProvisioningNetwork: false
02-29 20:18:21.379   968  1180 D QcConnectivityService: handleInetConditionChange: no active default network - ignore
02-29 20:18:21.399   968  1180 E QcConnectivityService: Unexpected mtu value: android.net.wifi.WifiStateTracker@41a60ce0
02-29 20:18:21.539   968  1180 D Nat464Xlat: requiresClat: netType=1, hasIPv4Address=true
02-29 20:18:22.749   968  1180 D QcConnectivityService: handleConnectivityChange: addresses changed linkProperty[1]: resetMask=0
02-29 20:18:22.749   968  1180 D QcConnectivityService:    car=removed=[] added=[fe80::ce1b:e0ff:fe61:8a30/64,]
02-29 20:18:22.749   968  1180 E QcConnectivityService: Exception while trying to add src route: java.lang.NullPointerException
02-29 20:18:22.749   968  1180 D Nat464Xlat: requiresClat: netType=1, hasIPv4Address=true
02-29 20:18:34.569   968  1325 D QcConnectivityService: setProvNotificationVisible: E visible=false networkType=1 extraInfo=null url=null
02-29 20:18:34.879   968  1325 D QcConnectivityService: captivePortalCheckCompleted: ni=NetworkInfo: type: WIFI[], state: CONNECTED/CONNECTED, reason: (unspecified), extra: "AllieGO 5GHz", roaming: false, failover: false, isAvailable: true, isConnectedToProvisioningNetwork: false captive=false
02-29 20:19:21.359   968   998 I BootReceiver: Copying /data/tombstones/tombstone_04 to DropBox (SYSTEM_TOMBSTONE)
02-29 20:19:21.379   968  1485 I ActivityManager: Process com.android.nfc (pid 4985) has died.
02-29 20:19:21.409   968  1485 I ActivityManager: Start proc com.android.nfc for restart com.android.nfc: pid=5424 uid=1027 gids={41027, 3002, 3001, 1028, 1015}
02-29 20:20:52.219   968   998 I BootReceiver: Copying /data/tombstones/tombstone_05 to DropBox (SYSTEM_TOMBSTONE)
02-29 20:20:52.249   968  1395 I ActivityManager: Process com.android.nfc (pid 5424) has died.
02-29 20:20:52.259   968  1395 I ActivityManager: Start proc com.android.nfc for restart com.android.nfc: pid=5561 uid=1027 gids={41027, 3002, 3001, 1028, 1015}
02-29 20:21:39.609   968  1180 D QcConnectivityService: Sampling interval elapsed, updating statistics ..
02-29 20:21:39.619   968  1180 D QcConnectivityService: Done.
02-29 20:21:39.619   968  1180 D QcConnectivityService: Setting timer for 720seconds
02-29 20:22:23.019   968   998 I BootReceiver: Copying /data/tombstones/tombstone_06 to DropBox (SYSTEM_TOMBSTONE)
02-29 20:22:23.079   968   980 I ActivityManager: Process com.android.nfc (pid 5561) has died.
02-29 20:22:23.109   968   980 I ActivityManager: Start proc com.android.nfc for restart com.android.nfc: pid=5917 uid=1027 gids={41027, 3002, 3001, 1028, 1015}
02-29 20:23:53.839   968   998 I BootReceiver: Copying /data/tombstones/tombstone_07 to DropBox (SYSTEM_TOMBSTONE)
02-29 20:23:53.909   968   980 I ActivityManager: Process com.android.nfc (pid 5917) has died.
02-29 20:23:53.929   968   980 I ActivityManager: Start proc com.android.nfc for restart com.android.nfc: pid=6342 uid=1027 gids={41027, 3002, 3001, 1028, 1015}
02-29 20:25:24.659   968   998 I BootReceiver: Copying /data/tombstones/tombstone_08 to DropBox (SYSTEM_TOMBSTONE)
02-29 20:25:24.719   968  1412 I ActivityManager: Process com.android.nfc (pid 6342) has died.
02-29 20:25:24.749   968  1412 I ActivityManager: Start proc com.android.nfc for restart com.android.nfc: pid=6626 uid=1027 gids={41027, 3002, 3001, 1028, 1015}
02-29 20:26:41.089   968   991 W ProcessCpuTracker: Skipping unknown process pid 6884
02-29 20:26:55.439   968   998 I BootReceiver: Copying /data/tombstones/tombstone_09 to DropBox (SYSTEM_TOMBSTONE)
02-29 20:26:55.489   968  1485 I ActivityManager: Process com.android.nfc (pid 6626) has died.
02-29 20:26:55.519   968  1485 I ActivityManager: Start proc com.android.nfc for restart com.android.nfc: pid=6889 uid=1027 gids={41027, 3002, 3001, 1028, 1015}
02-29 20:26:55.539   968   991 I ProcessStatsService: Prepared write state in 23ms
02-29 20:26:59.999   968   968 I ActivityManager: Killing 2146:com.qualcomm.rcsbootstraputil/1001 (adj 15): empty for 1802s
02-29 20:26:59.999   968   968 I ActivityManager: Killing 2128:com.qualcomm.display/1000 (adj 15): empty for 1802s
02-29 20:26:59.999   968   968 I ActivityManager: Killing 2106:com.qualcomm.qct.dlt/u0a46 (adj 15): empty for 1803s
02-29 20:26:59.999   968   968 I ActivityManager: Killing 1634:com.android.email/u0a28 (adj 15): empty for 1803s
02-29 20:27:00.009   968   968 I ActivityManager: Killing 1601:com.android.exchange/u0a29 (adj 15): empty for 1803s
02-29 20:27:23.169   968   991 I ActivityManager: Killing 2360:com.qualcomm.embms/u0a68 (adj 15): empty for 1812s
02-29 20:27:23.169   968   991 I ActivityManager: Killing 2346:com.qualcomm.atuner/u0a66 (adj 15): empty for 1812s
02-29 20:28:26.219   968   998 I BootReceiver: Copying /data/tombstones/tombstone_00 to DropBox (SYSTEM_TOMBSTONE)
02-29 20:28:26.269   968  1485 I ActivityManager: Process com.android.nfc (pid 6889) has died.
02-29 20:28:26.299   968  1485 I ActivityManager: Start proc com.android.nfc for restart com.android.nfc: pid=7256 uid=1027 gids={41027, 3002, 3001, 1028, 1015}
02-29 20:29:56.989   968   998 I BootReceiver: Copying /data/tombstones/tombstone_01 to DropBox (SYSTEM_TOMBSTONE)
02-29 20:29:57.049   968  1412 I ActivityManager: Process com.android.nfc (pid 7256) has died.
02-29 20:29:57.069   968  1412 I ActivityManager: Start proc com.android.nfc for restart com.android.nfc: pid=7626 uid=1027 gids={41027, 3002, 3001, 1028, 1015}
02-29 20:31:27.759   968   998 I BootReceiver: Copying /data/tombstones/tombstone_02 to DropBox (SYSTEM_TOMBSTONE)
02-29 20:31:27.809   968  1412 I ActivityManager: Process com.android.nfc (pid 7626) has died.
02-29 20:31:27.839   968  1412 I ActivityManager: Start proc com.android.nfc for restart com.android.nfc: pid=7893 uid=1027 gids={41027, 3002, 3001, 1028, 1015}
02-29 20:32:58.519   968   998 I BootReceiver: Copying /data/tombstones/tombstone_03 to DropBox (SYSTEM_TOMBSTONE)
02-29 20:32:58.579   968   979 I ActivityManager: Process com.android.nfc (pid 7893) has died.
02-29 20:32:58.599   968   979 I ActivityManager: Start proc com.android.nfc for restart com.android.nfc: pid=8253 uid=1027 gids={41027, 3002, 3001, 1028, 1015}
02-29 20:33:39.679   968  1180 D QcConnectivityService: Sampling interval elapsed, updating statistics ..
02-29 20:33:39.689   968  1180 D QcConnectivityService: Done.
02-29 20:33:39.689   968  1180 D QcConnectivityService: Setting timer for 720seconds
02-29 20:34:29.329   968   998 I BootReceiver: Copying /data/tombstones/tombstone_04 to DropBox (SYSTEM_TOMBSTONE)
02-29 20:34:29.399   968  1394 I ActivityManager: Process com.android.nfc (pid 8253) has died.
02-29 20:34:29.419   968  1394 I ActivityManager: Start proc com.android.nfc for restart com.android.nfc: pid=8606 uid=1027 gids={41027, 3002, 3001, 1028, 1015}
02-29 20:36:00.129   968   998 I BootReceiver: Copying /data/tombstones/tombstone_05 to DropBox (SYSTEM_TOMBSTONE)
02-29 20:36:00.189   968  1394 I ActivityManager: Process com.android.nfc (pid 8606) has died.
02-29 20:36:00.209   968  1394 I ActivityManager: Start proc com.android.nfc for restart com.android.nfc: pid=8891 uid=1027 gids={41027, 3002, 3001, 1028, 1015}
02-29 20:37:30.899   968   998 I BootReceiver: Copying /data/tombstones/tombstone_06 to DropBox (SYSTEM_TOMBSTONE)
02-29 20:37:30.959   968  1449 I ActivityManager: Process com.android.nfc (pid 8891) has died.
02-29 20:37:30.979   968  1449 I ActivityManager: Start proc com.android.nfc for restart com.android.nfc: pid=9262 uid=1027 gids={41027, 3002, 3001, 1028, 1015}
02-29 20:39:01.669   968   998 I BootReceiver: Copying /data/tombstones/tombstone_07 to DropBox (SYSTEM_TOMBSTONE)
02-29 20:39:01.739   968  1381 I ActivityManager: Process com.android.nfc (pid 9262) has died.
02-29 20:39:01.749   968  1381 I ActivityManager: Start proc com.android.nfc for restart com.android.nfc: pid=9529 uid=1027 gids={41027, 3002, 3001, 1028, 1015}
02-29 20:40:32.439   968   998 I BootReceiver: Copying /data/tombstones/tombstone_08 to DropBox (SYSTEM_TOMBSTONE)
02-29 20:40:32.489   968  2014 I ActivityManager: Process com.android.nfc (pid 9529) has died.
02-29 20:40:32.509   968  2014 I ActivityManager: Start proc com.android.nfc for restart com.android.nfc: pid=9902 uid=1027 gids={41027, 3002, 3001, 1028, 1015}
02-29 20:42:03.219   968   998 I BootReceiver: Copying /data/tombstones/tombstone_09 to DropBox (SYSTEM_TOMBSTONE)
02-29 20:42:03.289   968  1381 I ActivityManager: Process com.android.nfc (pid 9902) has died.
02-29 20:42:03.319   968  1381 I ActivityManager: Start proc com.android.nfc for restart com.android.nfc: pid=10248 uid=1027 gids={41027, 3002, 3001, 1028, 1015}
02-29 20:43:34.049   968   998 I BootReceiver: Copying /data/tombstones/tombstone_00 to DropBox (SYSTEM_TOMBSTONE)
02-29 20:43:34.109   968   979 I ActivityManager: Process com.android.nfc (pid 10248) has died.
02-29 20:43:34.129   968   979 I ActivityManager: Start proc com.android.nfc for restart com.android.nfc: pid=10550 uid=1027 gids={41027, 3002, 3001, 1028, 1015}
02-29 20:45:04.809   968   998 I BootReceiver: Copying /data/tombstones/tombstone_01 to DropBox (SYSTEM_TOMBSTONE)
02-29 20:45:04.869   968  1381 I ActivityManager: Process com.android.nfc (pid 10550) has died.
02-29 20:45:04.879   968  1381 I ActivityManager: Start proc com.android.nfc for restart com.android.nfc: pid=10911 uid=1027 gids={41027, 3002, 3001, 1028, 1015}
02-29 20:45:39.689   968  1180 D QcConnectivityService: Sampling interval elapsed, updating statistics ..
02-29 20:45:39.709   968  1180 D QcConnectivityService: Done.
02-29 20:45:39.709   968  1180 D QcConnectivityService: Setting timer for 720seconds
02-29 20:46:35.579   968   998 I BootReceiver: Copying /data/tombstones/tombstone_02 to DropBox (SYSTEM_TOMBSTONE)
02-29 20:46:35.649   968   979 I ActivityManager: Process com.android.nfc (pid 10911) has died.
02-29 20:46:35.669   968   979 I ActivityManager: Start proc com.android.nfc for restart com.android.nfc: pid=11175 uid=1027 gids={41027, 3002, 3001, 1028, 1015}
02-29 20:48:06.359   968   998 I BootReceiver: Copying /data/tombstones/tombstone_03 to DropBox (SYSTEM_TOMBSTONE)
02-29 20:48:06.429   968  1493 I ActivityManager: Process com.android.nfc (pid 11175) has died.
02-29 20:48:06.449   968  1493 I ActivityManager: Start proc com.android.nfc for restart com.android.nfc: pid=11538 uid=1027 gids={41027, 3002, 3001, 1028, 1015}
02-29 20:49:37.139   968   998 I BootReceiver: Copying /data/tombstones/tombstone_04 to DropBox (SYSTEM_TOMBSTONE)
02-29 20:49:37.199   968   980 I ActivityManager: Process com.android.nfc (pid 11538) has died.
02-29 20:49:37.219   968   980 I ActivityManager: Start proc com.android.nfc for restart com.android.nfc: pid=11900 uid=1027 gids={41027, 3002, 3001, 1028, 1015}
02-29 20:51:07.909   968   998 I BootReceiver: Copying /data/tombstones/tombstone_05 to DropBox (SYSTEM_TOMBSTONE)
02-29 20:51:07.959   968  1394 I ActivityManager: Process com.android.nfc (pid 11900) has died.
02-29 20:51:07.999   968  1394 I ActivityManager: Start proc com.android.nfc for restart com.android.nfc: pid=12164 uid=1027 gids={41027, 3002, 3001, 1028, 1015}
02-29 20:52:38.669   968   998 I BootReceiver: Copying /data/tombstones/tombstone_06 to DropBox (SYSTEM_TOMBSTONE)
02-29 20:52:38.729   968  1394 I ActivityManager: Process com.android.nfc (pid 12164) has died.
02-29 20:52:38.749   968  1394 I ActivityManager: Start proc com.android.nfc for restart com.android.nfc: pid=12525 uid=1027 gids={41027, 3002, 3001, 1028, 1015}
02-29 20:54:09.439   968   998 I BootReceiver: Copying /data/tombstones/tombstone_07 to DropBox (SYSTEM_TOMBSTONE)
02-29 20:54:09.499   968   979 I ActivityManager: Process com.android.nfc (pid 12525) has died.
02-29 20:54:09.529   968   979 I ActivityManager: Start proc com.android.nfc for restart com.android.nfc: pid=12791 uid=1027 gids={41027, 3002, 3001, 1028, 1015}
02-29 20:55:40.229   968   998 I BootReceiver: Copying /data/tombstones/tombstone_08 to DropBox (SYSTEM_TOMBSTONE)
02-29 20:55:40.289   968  1412 I ActivityManager: Process com.android.nfc (pid 12791) has died.
02-29 20:55:40.309   968  1412 I ActivityManager: Start proc com.android.nfc for restart com.android.nfc: pid=13156 uid=1027 gids={41027, 3002, 3001, 1028, 1015}
02-29 20:57:00.009   968   991 I ProcessStatsService: Prepared write state in 11ms
02-29 20:57:11.009   968   998 I BootReceiver: Copying /data/tombstones/tombstone_09 to DropBox (SYSTEM_TOMBSTONE)
02-29 20:57:11.059   968  1189 I ActivityManager: Process com.android.nfc (pid 13156) has died.
02-29 20:57:11.079   968  1189 I ActivityManager: Start proc com.android.nfc for restart com.android.nfc: pid=13521 uid=1027 gids={41027, 3002, 3001, 1028, 1015}
02-29 20:58:41.769   968   998 I BootReceiver: Copying /data/tombstones/tombstone_00 to DropBox (SYSTEM_TOMBSTONE)
02-29 20:58:41.819   968  1484 I ActivityManager: Process com.android.nfc (pid 13521) has died.
02-29 20:58:41.839   968  1484 I ActivityManager: Start proc com.android.nfc for restart com.android.nfc: pid=13784 uid=1027 gids={41027, 3002, 3001, 1028, 1015}
02-29 21:00:12.529   968   998 I BootReceiver: Copying /data/tombstones/tombstone_01 to DropBox (SYSTEM_TOMBSTONE)
02-29 21:00:12.589   968   980 I ActivityManager: Process com.android.nfc (pid 13784) has died.
02-29 21:00:12.609   968   980 I ActivityManager: Start proc com.android.nfc for restart com.android.nfc: pid=14151 uid=1027 gids={41027, 3002, 3001, 1028, 1015}
02-29 21:00:18.689   968  1180 D QcConnectivityService: Sampling interval elapsed, updating statistics ..
02-29 21:00:18.699   968  1180 D QcConnectivityService: Done.
02-29 21:00:18.699   968  1180 D QcConnectivityService: Setting timer for 720seconds
02-29 21:01:43.289   968   998 I BootReceiver: Copying /data/tombstones/tombstone_02 to DropBox (SYSTEM_TOMBSTONE)
02-29 21:01:43.349   968  1395 I ActivityManager: Process com.android.nfc (pid 14151) has died.
02-29 21:01:43.359   968  1395 I ActivityManager: Start proc com.android.nfc for restart com.android.nfc: pid=14413 uid=1027 gids={41027, 3002, 3001, 1028, 1015}
02-29 21:03:14.059   968   998 I BootReceiver: Copying /data/tombstones/tombstone_03 to DropBox (SYSTEM_TOMBSTONE)
02-29 21:03:14.119   968  1411 I ActivityManager: Process com.android.nfc (pid 14413) has died.
02-29 21:03:14.129   968  1411 I ActivityManager: Start proc com.android.nfc for restart com.android.nfc: pid=14780 uid=1027 gids={41027, 3002, 3001, 1028, 1015}
02-29 21:04:44.809   968   998 I BootReceiver: Copying /data/tombstones/tombstone_04 to DropBox (SYSTEM_TOMBSTONE)
02-29 21:04:44.869   968  1412 I ActivityManager: Process com.android.nfc (pid 14780) has died.
02-29 21:04:44.889   968  1412 I ActivityManager: Start proc com.android.nfc for restart com.android.nfc: pid=15143 uid=1027 gids={41027, 3002, 3001, 1028, 1015}
02-29 21:06:15.579   968   998 I BootReceiver: Copying /data/tombstones/tombstone_05 to DropBox (SYSTEM_TOMBSTONE)
02-29 21:06:15.639   968  1411 I ActivityManager: Process com.android.nfc (pid 15143) has died.
02-29 21:06:15.669   968  1411 I ActivityManager: Start proc com.android.nfc for restart com.android.nfc: pid=15410 uid=1027 gids={41027, 3002, 3001, 1028, 1015}
02-29 21:07:46.379   968   998 I BootReceiver: Copying /data/tombstones/tombstone_06 to DropBox (SYSTEM_TOMBSTONE)
02-29 21:07:46.429   968   979 I ActivityManager: Process com.android.nfc (pid 15410) has died.
02-29 21:07:46.449   968   979 I ActivityManager: Start proc com.android.nfc for restart com.android.nfc: pid=15778 uid=1027 gids={41027, 3002, 3001, 1028, 1015}
02-29 21:09:17.139   968   998 I BootReceiver: Copying /data/tombstones/tombstone_07 to DropBox (SYSTEM_TOMBSTONE)
02-29 21:09:17.199   968  1189 I ActivityManager: Process com.android.nfc (pid 15778) has died.
02-29 21:09:17.219   968  1189 I ActivityManager: Start proc com.android.nfc for restart com.android.nfc: pid=16045 uid=1027 gids={41027, 3002, 3001, 1028, 1015}
02-29 21:10:47.909   968   998 I BootReceiver: Copying /data/tombstones/tombstone_08 to DropBox (SYSTEM_TOMBSTONE)
02-29 21:10:47.979   968  1493 I ActivityManager: Process com.android.nfc (pid 16045) has died.
02-29 21:10:47.999   968  1493 I ActivityManager: Start proc com.android.nfc for restart com.android.nfc: pid=16406 uid=1027 gids={41027, 3002, 3001, 1028, 1015}
02-29 21:12:18.699   968   998 I BootReceiver: Copying /data/tombstones/tombstone_09 to DropBox (SYSTEM_TOMBSTONE)
02-29 21:12:18.759   968  1180 D QcConnectivityService: Sampling interval elapsed, updating statistics ..
02-29 21:12:18.759   968  1493 I ActivityManager: Process com.android.nfc (pid 16406) has died.
02-29 21:12:18.769   968  1180 D QcConnectivityService: Done.
02-29 21:12:18.769   968  1180 D QcConnectivityService: Setting timer for 720seconds
02-29 21:12:18.789   968  1493 I ActivityManager: Start proc com.android.nfc for restart com.android.nfc: pid=16771 uid=1027 gids={41027, 3002, 3001, 1028, 1015}
02-29 21:13:49.479   968   998 I BootReceiver: Copying /data/tombstones/tombstone_00 to DropBox (SYSTEM_TOMBSTONE)
02-29 21:13:49.539   968   980 I ActivityManager: Process com.android.nfc (pid 16771) has died.
02-29 21:13:49.549   968   980 I ActivityManager: Start proc com.android.nfc for restart com.android.nfc: pid=17037 uid=1027 gids={41027, 3002, 3001, 1028, 1015}
02-29 21:15:20.239   968   998 I BootReceiver: Copying /data/tombstones/tombstone_01 to DropBox (SYSTEM_TOMBSTONE)
02-29 21:15:20.299   968  1449 I ActivityManager: Process com.android.nfc (pid 17037) has died.
02-29 21:15:20.319   968  1449 I ActivityManager: Start proc com.android.nfc for restart com.android.nfc: pid=17397 uid=1027 gids={41027, 3002, 3001, 1028, 1015}
02-29 21:16:51.019   968   998 I BootReceiver: Copying /data/tombstones/tombstone_02 to DropBox (SYSTEM_TOMBSTONE)
02-29 21:16:51.089   968   980 I ActivityManager: Process com.android.nfc (pid 17397) has died.
02-29 21:16:51.109   968   980 I ActivityManager: Start proc com.android.nfc for restart com.android.nfc: pid=17729 uid=1027 gids={41027, 3002, 3001, 1028, 1015}
02-29 21:18:21.829   968   998 I BootReceiver: Copying /data/tombstones/tombstone_03 to DropBox (SYSTEM_TOMBSTONE)
02-29 21:18:21.879   968  1190 I ActivityManager: Process com.android.nfc (pid 17729) has died.
02-29 21:18:21.909   968  1190 I ActivityManager: Start proc com.android.nfc for restart com.android.nfc: pid=18025 uid=1027 gids={41027, 3002, 3001, 1028, 1015}
02-29 21:19:52.599   968   998 I BootReceiver: Copying /data/tombstones/tombstone_04 to DropBox (SYSTEM_TOMBSTONE)
02-29 21:19:52.659   968  1411 I ActivityManager: Process com.android.nfc (pid 18025) has died.
02-29 21:19:52.679   968  1411 I ActivityManager: Start proc com.android.nfc for restart com.android.nfc: pid=18391 uid=1027 gids={41027, 3002, 3001, 1028, 1015}
02-29 21:21:23.369   968   998 I BootReceiver: Copying /data/tombstones/tombstone_05 to DropBox (SYSTEM_TOMBSTONE)
02-29 21:21:23.429   968  1412 I ActivityManager: Process com.android.nfc (pid 18391) has died.
02-29 21:21:23.449   968  1412 I ActivityManager: Start proc com.android.nfc for restart com.android.nfc: pid=18657 uid=1027 gids={41027, 3002, 3001, 1028, 1015}
02-29 21:22:54.139   968   998 I BootReceiver: Copying /data/tombstones/tombstone_06 to DropBox (SYSTEM_TOMBSTONE)
02-29 21:22:54.199   968  1395 I ActivityManager: Process com.android.nfc (pid 18657) has died.
02-29 21:22:54.219   968  1395 I ActivityManager: Start proc com.android.nfc for restart com.android.nfc: pid=19017 uid=1027 gids={41027, 3002, 3001, 1028, 1015}
02-29 21:24:24.909   968   998 I BootReceiver: Copying /data/tombstones/tombstone_07 to DropBox (SYSTEM_TOMBSTONE)
02-29 21:24:24.989   968   980 I ActivityManager: Process com.android.nfc (pid 19017) has died.
02-29 21:24:25.039   968   980 I ActivityManager: Start proc com.android.nfc for restart com.android.nfc: pid=19353 uid=1027 gids={41027, 3002, 3001, 1028, 1015}
02-29 21:25:55.749   968   998 I BootReceiver: Copying /data/tombstones/tombstone_08 to DropBox (SYSTEM_TOMBSTONE)
02-29 21:25:55.809   968  1394 I ActivityManager: Process com.android.nfc (pid 19353) has died.
02-29 21:25:55.839   968  1394 I ActivityManager: Start proc com.android.nfc for restart com.android.nfc: pid=19647 uid=1027 gids={41027, 3002, 3001, 1028, 1015}
02-29 21:26:39.329   968  1180 D QcConnectivityService: Sampling interval elapsed, updating statistics ..
02-29 21:26:39.349   968  1180 D QcConnectivityService: Done.
02-29 21:26:39.349   968  1180 D QcConnectivityService: Setting timer for 720seconds
02-29 21:27:00.029   968   991 I ProcessStatsService: Prepared write state in 8ms
02-29 21:27:26.529   968   998 I BootReceiver: Copying /data/tombstones/tombstone_09 to DropBox (SYSTEM_TOMBSTONE)
02-29 21:27:26.589   968  1381 I ActivityManager: Process com.android.nfc (pid 19647) has died.
02-29 21:27:26.609   968  1381 I ActivityManager: Start proc com.android.nfc for restart com.android.nfc: pid=20011 uid=1027 gids={41027, 3002, 3001, 1028, 1015}
02-29 21:28:57.299   968   998 I BootReceiver: Copying /data/tombstones/tombstone_00 to DropBox (SYSTEM_TOMBSTONE)
02-29 21:28:57.359   968   980 I ActivityManager: Process com.android.nfc (pid 20011) has died.
02-29 21:28:57.399   968   980 I ActivityManager: Start proc com.android.nfc for restart com.android.nfc: pid=20280 uid=1027 gids={41027, 3002, 3001, 1028, 1015}
02-29 21:30:28.079   968   998 I BootReceiver: Copying /data/tombstones/tombstone_01 to DropBox (SYSTEM_TOMBSTONE)
02-29 21:30:28.139   968   980 I ActivityManager: Process com.android.nfc (pid 20280) has died.
02-29 21:30:28.159   968   980 I ActivityManager: Start proc com.android.nfc for restart com.android.nfc: pid=20651 uid=1027 gids={41027, 3002, 3001, 1028, 1015}
02-29 21:31:58.859   968   998 I BootReceiver: Copying /data/tombstones/tombstone_02 to DropBox (SYSTEM_TOMBSTONE)
02-29 21:31:58.919   968  1395 I ActivityManager: Process com.android.nfc (pid 20651) has died.
02-29 21:31:58.949   968  1395 I ActivityManager: Start proc com.android.nfc for restart com.android.nfc: pid=21013 uid=1027 gids={41027, 3002, 3001, 1028, 1015}
02-29 21:33:29.639   968   998 I BootReceiver: Copying /data/tombstones/tombstone_03 to DropBox (SYSTEM_TOMBSTONE)
02-29 21:33:29.709   968  1449 I ActivityManager: Process com.android.nfc (pid 21013) has died.
02-29 21:33:29.729   968  1449 I ActivityManager: Start proc com.android.nfc for restart com.android.nfc: pid=21280 uid=1027 gids={41027, 3002, 3001, 1028, 1015}
02-29 21:35:00.419   968   998 I BootReceiver: Copying /data/tombstones/tombstone_04 to DropBox (SYSTEM_TOMBSTONE)
02-29 21:35:00.479   968   980 I ActivityManager: Process com.android.nfc (pid 21280) has died.
02-29 21:35:00.499   968   980 I ActivityManager: Start proc com.android.nfc for restart com.android.nfc: pid=21639 uid=1027 gids={41027, 3002, 3001, 1028, 1015}
02-29 21:36:31.189   968   998 I BootReceiver: Copying /data/tombstones/tombstone_05 to DropBox (SYSTEM_TOMBSTONE)
02-29 21:36:31.259   968  1381 I ActivityManager: Process com.android.nfc (pid 21639) has died.
02-29 21:36:31.269   968  1381 I ActivityManager: Start proc com.android.nfc for restart com.android.nfc: pid=21905 uid=1027 gids={41027, 3002, 3001, 1028, 1015}
02-29 21:38:01.969   968   998 I BootReceiver: Copying /data/tombstones/tombstone_06 to DropBox (SYSTEM_TOMBSTONE)
02-29 21:38:02.029   968   980 I ActivityManager: Process com.android.nfc (pid 21905) has died.
02-29 21:38:02.059   968   980 I ActivityManager: Start proc com.android.nfc for restart com.android.nfc: pid=22270 uid=1027 gids={41027, 3002, 3001, 1028, 1015}
02-29 21:38:39.359   968  1180 D QcConnectivityService: Sampling interval elapsed, updating statistics ..
02-29 21:38:39.369   968  1180 D QcConnectivityService: Done.
02-29 21:38:39.369   968  1180 D QcConnectivityService: Setting timer for 720seconds
02-29 21:39:32.749   968   998 I BootReceiver: Copying /data/tombstones/tombstone_07 to DropBox (SYSTEM_TOMBSTONE)
02-29 21:39:32.809   968  1484 I ActivityManager: Process com.android.nfc (pid 22270) has died.
02-29 21:39:32.839   968  1484 I ActivityManager: Start proc com.android.nfc for restart com.android.nfc: pid=22635 uid=1027 gids={41027, 3002, 3001, 1028, 1015}
02-29 21:41:03.529   968   998 I BootReceiver: Copying /data/tombstones/tombstone_08 to DropBox (SYSTEM_TOMBSTONE)
02-29 21:41:03.589   968   979 I ActivityManager: Process com.android.nfc (pid 22635) has died.
02-29 21:41:03.609   968   979 I ActivityManager: Start proc com.android.nfc for restart com.android.nfc: pid=22901 uid=1027 gids={41027, 3002, 3001, 1028, 1015}
02-29 21:42:34.299   968   998 I BootReceiver: Copying /data/tombstones/tombstone_09 to DropBox (SYSTEM_TOMBSTONE)
02-29 21:42:34.359   968  1395 I ActivityManager: Process com.android.nfc (pid 22901) has died.
02-29 21:42:34.389   968  1395 I ActivityManager: Start proc com.android.nfc for restart com.android.nfc: pid=23264 uid=1027 gids={41027, 3002, 3001, 1028, 1015}
02-29 21:44:05.089   968   998 I BootReceiver: Copying /data/tombstones/tombstone_00 to DropBox (SYSTEM_TOMBSTONE)
02-29 21:44:05.149   968  1412 I ActivityManager: Process com.android.nfc (pid 23264) has died.
02-29 21:44:05.169   968  1412 I ActivityManager: Start proc com.android.nfc for restart com.android.nfc: pid=23528 uid=1027 gids={41027, 3002, 3001, 1028, 1015}
02-29 21:45:35.859   968   998 I BootReceiver: Copying /data/tombstones/tombstone_01 to DropBox (SYSTEM_TOMBSTONE)
02-29 21:45:35.919   968  1485 I ActivityManager: Process com.android.nfc (pid 23528) has died.
02-29 21:45:35.949   968  1485 I ActivityManager: Start proc com.android.nfc for restart com.android.nfc: pid=23890 uid=1027 gids={41027, 3002, 3001, 1028, 1015}
02-29 21:47:06.639   968   998 I BootReceiver: Copying /data/tombstones/tombstone_02 to DropBox (SYSTEM_TOMBSTONE)
02-29 21:47:06.709   968  1493 I ActivityManager: Process com.android.nfc (pid 23890) has died.
02-29 21:47:06.719   968  1493 I ActivityManager: Start proc com.android.nfc for restart com.android.nfc: pid=24057 uid=1027 gids={41027, 3002, 3001, 1028, 1015}
02-29 21:48:37.409   968   998 I BootReceiver: Copying /data/tombstones/tombstone_03 to DropBox (SYSTEM_TOMBSTONE)
02-29 21:48:37.459   968  1449 I ActivityManager: Process com.android.nfc (pid 24057) has died.
02-29 21:48:37.489   968  1449 I ActivityManager: Start proc com.android.nfc for restart com.android.nfc: pid=24324 uid=1027 gids={41027, 3002, 3001, 1028, 1015}
02-29 21:50:08.169   968   998 I BootReceiver: Copying /data/tombstones/tombstone_04 to DropBox (SYSTEM_TOMBSTONE)
02-29 21:50:08.239   968  1189 I ActivityManager: Process com.android.nfc (pid 24324) has died.
02-29 21:50:08.269   968  1189 I ActivityManager: Start proc com.android.nfc for restart com.android.nfc: pid=24589 uid=1027 gids={41027, 3002, 3001, 1028, 1015}
02-29 21:50:39.379   968  1180 D QcConnectivityService: Sampling interval elapsed, updating statistics ..
02-29 21:50:39.389   968  1180 D QcConnectivityService: Done.
02-29 21:50:39.389   968  1180 D QcConnectivityService: Setting timer for 720seconds
02-29 21:51:38.949   968   998 I BootReceiver: Copying /data/tombstones/tombstone_05 to DropBox (SYSTEM_TOMBSTONE)
02-29 21:51:39.009   968  1381 I ActivityManager: Process com.android.nfc (pid 24589) has died.
02-29 21:51:39.029   968  1381 I ActivityManager: Start proc com.android.nfc for restart com.android.nfc: pid=24949 uid=1027 gids={41027, 3002, 3001, 1028, 1015}
02-29 21:53:09.729   968   998 I BootReceiver: Copying /data/tombstones/tombstone_06 to DropBox (SYSTEM_TOMBSTONE)
02-29 21:53:09.789   968  1485 I ActivityManager: Process com.android.nfc (pid 24949) has died.
02-29 21:53:09.809   968  1485 I ActivityManager: Start proc com.android.nfc for restart com.android.nfc: pid=25308 uid=1027 gids={41027, 3002, 3001, 1028, 1015}
02-29 21:54:40.499   968   998 I BootReceiver: Copying /data/tombstones/tombstone_07 to DropBox (SYSTEM_TOMBSTONE)
02-29 21:54:40.559   968   979 I ActivityManager: Process com.android.nfc (pid 25308) has died.
02-29 21:54:40.579   968   979 I ActivityManager: Start proc com.android.nfc for restart com.android.nfc: pid=25575 uid=1027 gids={41027, 3002, 3001, 1028, 1015}
02-29 21:56:11.269   968   998 I BootReceiver: Copying /data/tombstones/tombstone_08 to DropBox (SYSTEM_TOMBSTONE)
02-29 21:56:11.319   968  1395 I ActivityManager: Process com.android.nfc (pid 25575) has died.
02-29 21:56:11.349   968  1395 I ActivityManager: Start proc com.android.nfc for restart com.android.nfc: pid=25937 uid=1027 gids={41027, 3002, 3001, 1028, 1015}
02-29 21:57:00.049   968   991 I ProcessStatsService: Prepared write state in 10ms
02-29 21:57:42.029   968   998 I BootReceiver: Copying /data/tombstones/tombstone_09 to DropBox (SYSTEM_TOMBSTONE)
02-29 21:57:42.099   968  1381 I ActivityManager: Process com.android.nfc (pid 25937) has died.
02-29 21:57:42.129   968  1381 I ActivityManager: Start proc com.android.nfc for restart com.android.nfc: pid=26198 uid=1027 gids={41027, 3002, 3001, 1028, 1015}
02-29 21:59:12.819   968   998 I BootReceiver: Copying /data/tombstones/tombstone_00 to DropBox (SYSTEM_TOMBSTONE)
02-29 21:59:12.879   968  1484 I ActivityManager: Process com.android.nfc (pid 26198) has died.
02-29 21:59:12.909   968  1484 I ActivityManager: Start proc com.android.nfc for restart com.android.nfc: pid=26560 uid=1027 gids={41027, 3002, 3001, 1028, 1015}
02-29 22:00:43.599   968   998 I BootReceiver: Copying /data/tombstones/tombstone_01 to DropBox (SYSTEM_TOMBSTONE)
02-29 22:00:43.659   968  2014 I ActivityManager: Process com.android.nfc (pid 26560) has died.
02-29 22:00:43.689   968  2014 I ActivityManager: Start proc com.android.nfc for restart com.android.nfc: pid=26922 uid=1027 gids={41027, 3002, 3001, 1028, 1015}
02-29 22:02:14.379   968   998 I BootReceiver: Copying /data/tombstones/tombstone_02 to DropBox (SYSTEM_TOMBSTONE)
02-29 22:02:14.439   968  1190 I ActivityManager: Process com.android.nfc (pid 26922) has died.
02-29 22:02:14.469   968  1190 I ActivityManager: Start proc com.android.nfc for restart com.android.nfc: pid=27186 uid=1027 gids={41027, 3002, 3001, 1028, 1015}
02-29 22:03:45.149   968   998 I BootReceiver: Copying /data/tombstones/tombstone_03 to DropBox (SYSTEM_TOMBSTONE)
02-29 22:03:45.219   968  1190 I ActivityManager: Process com.android.nfc (pid 27186) has died.
02-29 22:03:45.229   968  1190 I ActivityManager: Start proc com.android.nfc for restart com.android.nfc: pid=27547 uid=1027 gids={41027, 3002, 3001, 1028, 1015}
02-29 22:05:15.929   968   998 I BootReceiver: Copying /data/tombstones/tombstone_04 to DropBox (SYSTEM_TOMBSTONE)
02-29 22:05:15.989   968  1493 I ActivityManager: Process com.android.nfc (pid 27547) has died.
02-29 22:05:16.019   968  1493 I ActivityManager: Start proc com.android.nfc for restart com.android.nfc: pid=27816 uid=1027 gids={41027, 3002, 3001, 1028, 1015}
02-29 22:05:39.109   968  1180 D QcConnectivityService: Sampling interval elapsed, updating statistics ..
02-29 22:05:39.119   968  1180 D QcConnectivityService: Done.
02-29 22:05:39.119   968  1180 D QcConnectivityService: Setting timer for 720seconds
02-29 22:06:46.719   968   998 I BootReceiver: Copying /data/tombstones/tombstone_05 to DropBox (SYSTEM_TOMBSTONE)
02-29 22:06:46.779   968  1395 I ActivityManager: Process com.android.nfc (pid 27816) has died.
02-29 22:06:46.799   968  1395 I ActivityManager: Start proc com.android.nfc for restart com.android.nfc: pid=28188 uid=1027 gids={41027, 3002, 3001, 1028, 1015}
02-29 22:08:17.499   968   998 I BootReceiver: Copying /data/tombstones/tombstone_06 to DropBox (SYSTEM_TOMBSTONE)
02-29 22:08:17.559   968  1485 I ActivityManager: Process com.android.nfc (pid 28188) has died.
02-29 22:08:17.589   968  1485 I ActivityManager: Start proc com.android.nfc for restart com.android.nfc: pid=28523 uid=1027 gids={41027, 3002, 3001, 1028, 1015}
02-29 22:09:48.309   968   998 I BootReceiver: Copying /data/tombstones/tombstone_07 to DropBox (SYSTEM_TOMBSTONE)
02-29 22:09:48.379   968  1411 I ActivityManager: Process com.android.nfc (pid 28523) has died.
02-29 22:09:48.399   968  1411 I ActivityManager: Start proc com.android.nfc for restart com.android.nfc: pid=28820 uid=1027 gids={41027, 3002, 3001, 1028, 1015}
02-29 22:11:19.079   968   998 I BootReceiver: Copying /data/tombstones/tombstone_08 to DropBox (SYSTEM_TOMBSTONE)
02-29 22:11:19.139   968  1449 I ActivityManager: Process com.android.nfc (pid 28820) has died.
02-29 22:11:19.159   968  1449 I ActivityManager: Start proc com.android.nfc for restart com.android.nfc: pid=29185 uid=1027 gids={41027, 3002, 3001, 1028, 1015}
02-29 22:12:49.859   968   998 I BootReceiver: Copying /data/tombstones/tombstone_09 to DropBox (SYSTEM_TOMBSTONE)
02-29 22:12:49.919   968  1381 I ActivityManager: Process com.android.nfc (pid 29185) has died.
02-29 22:12:49.929   968  1381 I ActivityManager: Start proc com.android.nfc for restart com.android.nfc: pid=29449 uid=1027 gids={41027, 3002, 3001, 1028, 1015}
02-29 22:14:20.639   968   998 I BootReceiver: Copying /data/tombstones/tombstone_00 to DropBox (SYSTEM_TOMBSTONE)
02-29 22:14:20.699   968  1411 I ActivityManager: Process com.android.nfc (pid 29449) has died.
02-29 22:14:20.719   968  1411 I ActivityManager: Start proc com.android.nfc for restart com.android.nfc: pid=29813 uid=1027 gids={41027, 3002, 3001, 1028, 1015}
02-29 22:15:51.409   968   998 I BootReceiver: Copying /data/tombstones/tombstone_01 to DropBox (SYSTEM_TOMBSTONE)
02-29 22:15:51.469   968  1411 I ActivityManager: Process com.android.nfc (pid 29813) has died.
02-29 22:15:51.509   968  1411 I ActivityManager: Start proc com.android.nfc for restart com.android.nfc: pid=30181 uid=1027 gids={41027, 3002, 3001, 1028, 1015}
02-29 22:17:22.189   968   998 I BootReceiver: Copying /data/tombstones/tombstone_02 to DropBox (SYSTEM_TOMBSTONE)
02-29 22:17:22.259   968  1381 I ActivityManager: Process com.android.nfc (pid 30181) has died.
02-29 22:17:22.269   968  1381 I ActivityManager: Start proc com.android.nfc for restart com.android.nfc: pid=30443 uid=1027 gids={41027, 3002, 3001, 1028, 1015}
02-29 22:17:39.119   968  1180 D QcConnectivityService: Sampling interval elapsed, updating statistics ..
02-29 22:17:39.139   968  1180 D QcConnectivityService: Done.
02-29 22:17:39.139   968  1180 D QcConnectivityService: Setting timer for 720seconds
02-29 22:18:52.959   968   998 I BootReceiver: Copying /data/tombstones/tombstone_03 to DropBox (SYSTEM_TOMBSTONE)
02-29 22:18:53.019   968  1394 I ActivityManager: Process com.android.nfc (pid 30443) has died.
02-29 22:18:53.039   968  1394 I ActivityManager: Start proc com.android.nfc for restart com.android.nfc: pid=30811 uid=1027 gids={41027, 3002, 3001, 1028, 1015}
02-29 22:20:23.749   968   998 I BootReceiver: Copying /data/tombstones/tombstone_04 to DropBox (SYSTEM_TOMBSTONE)
02-29 22:20:23.819   968  1381 I ActivityManager: Process com.android.nfc (pid 30811) has died.
02-29 22:20:23.849   968  1381 I ActivityManager: Start proc com.android.nfc for restart com.android.nfc: pid=31115 uid=1027 gids={41027, 3002, 3001, 1028, 1015}
02-29 22:21:54.569   968   998 I BootReceiver: Copying /data/tombstones/tombstone_05 to DropBox (SYSTEM_TOMBSTONE)
02-29 22:21:54.629   968  1485 I ActivityManager: Process com.android.nfc (pid 31115) has died.
02-29 22:21:54.639   968  1485 I ActivityManager: Start proc com.android.nfc for restart com.android.nfc: pid=31447 uid=1027 gids={41027, 3002, 3001, 1028, 1015}
02-29 22:23:25.329   968   998 I BootReceiver: Copying /data/tombstones/tombstone_06 to DropBox (SYSTEM_TOMBSTONE)
02-29 22:23:25.379   968  1190 I ActivityManager: Process com.android.nfc (pid 31447) has died.
02-29 22:23:25.399   968  1190 I ActivityManager: Start proc com.android.nfc for restart com.android.nfc: pid=31813 uid=1027 gids={41027, 3002, 3001, 1028, 1015}
02-29 22:24:56.089   968   998 I BootReceiver: Copying /data/tombstones/tombstone_07 to DropBox (SYSTEM_TOMBSTONE)
02-29 22:24:56.149   968  2014 I ActivityManager: Process com.android.nfc (pid 31813) has died.
02-29 22:24:56.169   968  2014 I ActivityManager: Start proc com.android.nfc for restart com.android.nfc: pid=32074 uid=1027 gids={41027, 3002, 3001, 1028, 1015}
02-29 22:26:26.869   968   998 I BootReceiver: Copying /data/tombstones/tombstone_08 to DropBox (SYSTEM_TOMBSTONE)
02-29 22:26:26.929   968  1381 I ActivityManager: Process com.android.nfc (pid 32074) has died.
02-29 22:26:26.939   968  1381 I ActivityManager: Start proc com.android.nfc for restart com.android.nfc: pid=32442 uid=1027 gids={41027, 3002, 3001, 1028, 1015}
02-29 22:27:57.419   968   991 I ProcessStatsService: Prepared write state in 10ms
02-29 22:27:57.629   968   998 I BootReceiver: Copying /data/tombstones/tombstone_09 to DropBox (SYSTEM_TOMBSTONE)
02-29 22:27:57.689   968  1412 I ActivityManager: Process com.android.nfc (pid 32442) has died.
02-29 22:27:57.709   968  1412 I ActivityManager: Start proc com.android.nfc for restart com.android.nfc: pid=352 uid=1027 gids={41027, 3002, 3001, 1028, 1015}
02-29 22:29:28.389   968   998 I BootReceiver: Copying /data/tombstones/tombstone_00 to DropBox (SYSTEM_TOMBSTONE)
02-29 22:29:28.459   968  1189 I ActivityManager: Process com.android.nfc (pid 352) has died.
02-29 22:29:28.469   968  1189 I ActivityManager: Start proc com.android.nfc for restart com.android.nfc: pid=682 uid=1027 gids={41027, 3002, 3001, 1028, 1015}
02-29 22:30:59.159   968   998 I BootReceiver: Copying /data/tombstones/tombstone_01 to DropBox (SYSTEM_TOMBSTONE)
02-29 22:30:59.219   968  2014 I ActivityManager: Process com.android.nfc (pid 682) has died.
02-29 22:30:59.269   968  2014 I ActivityManager: Start proc com.android.nfc for restart com.android.nfc: pid=1168 uid=1027 gids={41027, 3002, 3001, 1028, 1015}
02-29 22:32:29.959   968   998 I BootReceiver: Copying /data/tombstones/tombstone_02 to DropBox (SYSTEM_TOMBSTONE)
02-29 22:32:30.019   968   979 I ActivityManager: Process com.android.nfc (pid 1168) has died.
02-29 22:32:30.049   968   979 I ActivityManager: Start proc com.android.nfc for restart com.android.nfc: pid=1757 uid=1027 gids={41027, 3002, 3001, 1028, 1015}
02-29 22:33:17.629   968  1180 D QcConnectivityService: Sampling interval elapsed, updating statistics ..
02-29 22:33:17.639   968  1180 D QcConnectivityService: Done.
02-29 22:33:17.639   968  1180 D QcConnectivityService: Setting timer for 720seconds
02-29 22:34:00.729   968   998 I BootReceiver: Copying /data/tombstones/tombstone_03 to DropBox (SYSTEM_TOMBSTONE)
02-29 22:34:00.789   968   980 I ActivityManager: Process com.android.nfc (pid 1757) has died.
02-29 22:34:00.809   968   980 I ActivityManager: Start proc com.android.nfc for restart com.android.nfc: pid=2109 uid=1027 gids={41027, 3002, 3001, 1028, 1015}
02-29 22:35:31.509   968   998 I BootReceiver: Copying /data/tombstones/tombstone_04 to DropBox (SYSTEM_TOMBSTONE)
02-29 22:35:31.559   968   980 I ActivityManager: Process com.android.nfc (pid 2109) has died.
02-29 22:35:31.579   968   980 I ActivityManager: Start proc com.android.nfc for restart com.android.nfc: pid=2652 uid=1027 gids={41027, 3002, 3001, 1028, 1015}
02-29 22:37:02.269   968   998 I BootReceiver: Copying /data/tombstones/tombstone_05 to DropBox (SYSTEM_TOMBSTONE)
02-29 22:37:02.329   968   979 I ActivityManager: Process com.android.nfc (pid 2652) has died.
02-29 22:37:02.359   968   979 I ActivityManager: Start proc com.android.nfc for restart com.android.nfc: pid=2930 uid=1027 gids={41027, 3002, 3001, 1028, 1015}
02-29 22:38:33.059   968   998 I BootReceiver: Copying /data/tombstones/tombstone_06 to DropBox (SYSTEM_TOMBSTONE)
02-29 22:38:33.119   968  1394 I ActivityManager: Process com.android.nfc (pid 2930) has died.
02-29 22:38:33.139   968  1394 I ActivityManager: Start proc com.android.nfc for restart com.android.nfc: pid=3303 uid=1027 gids={41027, 3002, 3001, 1028, 1015}
02-29 22:40:03.829   968   998 I BootReceiver: Copying /data/tombstones/tombstone_07 to DropBox (SYSTEM_TOMBSTONE)
02-29 22:40:03.889   968  1411 I ActivityManager: Process com.android.nfc (pid 3303) has died.
02-29 22:40:03.909   968  1411 I ActivityManager: Start proc com.android.nfc for restart com.android.nfc: pid=3676 uid=1027 gids={41027, 3002, 3001, 1028, 1015}
02-29 22:41:34.589   968   998 I BootReceiver: Copying /data/tombstones/tombstone_08 to DropBox (SYSTEM_TOMBSTONE)
02-29 22:41:34.659   968  1189 I ActivityManager: Process com.android.nfc (pid 3676) has died.
