03-01 10:58:39.779   968   998 I BootReceiver: Copying /data/tombstones/tombstone_06 to DropBox (SYSTEM_TOMBSTONE)
03-01 10:58:39.859   968  1449 I ActivityManager: Process com.android.nfc (pid 13574) has died.
03-01 10:58:39.879   968  1449 I ActivityManager: Start proc com.android.nfc for restart com.android.nfc: pid=13641 uid=1027 gids={41027, 3002, 3001, 1028, 1015}
03-01 11:00:10.609   968   998 I BootReceiver: Copying /data/tombstones/tombstone_07 to DropBox (SYSTEM_TOMBSTONE)
03-01 11:00:10.669   968  1394 I ActivityManager: Process com.android.nfc (pid 13641) has died.
03-01 11:00:10.689   968  1394 I ActivityManager: Start proc com.android.nfc for restart com.android.nfc: pid=13706 uid=1027 gids={41027, 3002, 3001, 1028, 1015}
03-01 11:01:28.099   968   991 I ProcessStatsService: Prepared write state in 8ms
03-01 11:01:41.449   968   998 I BootReceiver: Copying /data/tombstones/tombstone_08 to DropBox (SYSTEM_TOMBSTONE)
03-01 11:01:41.519   968  1449 I ActivityManager: Process com.android.nfc (pid 13706) has died.
03-01 11:01:41.529   968  1449 I ActivityManager: Start proc com.android.nfc for restart com.android.nfc: pid=13775 uid=1027 gids={41027, 3002, 3001, 1028, 1015}
03-01 11:02:39.569   968  1180 D QcConnectivityService: Sampling interval elapsed, updating statistics ..
03-01 11:02:39.579   968  1180 D QcConnectivityService: Done.
03-01 11:02:39.579   968  1180 D QcConnectivityService: Setting timer for 720seconds
03-01 11:03:12.259   968   998 I BootReceiver: Copying /data/tombstones/tombstone_09 to DropBox (SYSTEM_TOMBSTONE)
03-01 11:03:12.339   968  1493 I ActivityManager: Process com.android.nfc (pid 13775) has died.
03-01 11:03:12.359   968  1493 I ActivityManager: Start proc com.android.nfc for restart com.android.nfc: pid=13844 uid=1027 gids={41027, 3002, 3001, 1028, 1015}
03-01 11:04:43.099   968   998 I BootReceiver: Copying /data/tombstones/tombstone_00 to DropBox (SYSTEM_TOMBSTONE)
03-01 11:04:43.169   968  1493 I ActivityManager: Process com.android.nfc (pid 13844) has died.
03-01 11:04:43.199   968  1493 I ActivityManager: Start proc com.android.nfc for restart com.android.nfc: pid=13911 uid=1027 gids={41027, 3002, 3001, 1028, 1015}
03-01 11:06:13.949   968   998 I BootReceiver: Copying /data/tombstones/tombstone_01 to DropBox (SYSTEM_TOMBSTONE)
03-01 11:06:14.009   968  1394 I ActivityManager: Process com.android.nfc (pid 13911) has died.
03-01 11:06:14.039   968  1394 I ActivityManager: Start proc com.android.nfc for restart com.android.nfc: pid=13980 uid=1027 gids={41027, 3002, 3001, 1028, 1015}
03-01 11:07:44.759   968   998 I BootReceiver: Copying /data/tombstones/tombstone_02 to DropBox (SYSTEM_TOMBSTONE)
03-01 11:07:44.839   968  1411 I ActivityManager: Process com.android.nfc (pid 13980) has died.
03-01 11:07:44.849   968  1411 I ActivityManager: Start proc com.android.nfc for restart com.android.nfc: pid=14052 uid=1027 gids={41027, 3002, 3001, 1028, 1015}
03-01 11:09:15.599   968   998 I BootReceiver: Copying /data/tombstones/tombstone_03 to DropBox (SYSTEM_TOMBSTONE)
03-01 11:09:15.669   968  1493 I ActivityManager: Process com.android.nfc (pid 14052) has died.
03-01 11:09:15.689   968  1493 I ActivityManager: Start proc com.android.nfc for restart com.android.nfc: pid=14118 uid=1027 gids={41027, 3002, 3001, 1028, 1015}
03-01 11:10:46.469   968   998 I BootReceiver: Copying /data/tombstones/tombstone_04 to DropBox (SYSTEM_TOMBSTONE)
03-01 11:10:46.539   968   979 I ActivityManager: Process com.android.nfc (pid 14118) has died.
03-01 11:10:46.569   968   979 I ActivityManager: Start proc com.android.nfc for restart com.android.nfc: pid=14182 uid=1027 gids={41027, 3002, 3001, 1028, 1015}
03-01 11:12:17.339   968   998 I BootReceiver: Copying /data/tombstones/tombstone_05 to DropBox (SYSTEM_TOMBSTONE)
03-01 11:12:17.409   968  1395 I ActivityManager: Process com.android.nfc (pid 14182) has died.
03-01 11:12:17.419   968  1395 I ActivityManager: Start proc com.android.nfc for restart com.android.nfc: pid=14247 uid=1027 gids={41027, 3002, 3001, 1028, 1015}
03-01 11:13:48.209   968   998 I BootReceiver: Copying /data/tombstones/tombstone_06 to DropBox (SYSTEM_TOMBSTONE)
03-01 11:13:48.279   968  1395 I ActivityManager: Process com.android.nfc (pid 14247) has died.
03-01 11:13:48.299   968  1395 I ActivityManager: Start proc com.android.nfc for restart com.android.nfc: pid=14314 uid=1027 gids={41027, 3002, 3001, 1028, 1015}
03-01 11:14:39.589   968  1180 D QcConnectivityService: Sampling interval elapsed, updating statistics ..
03-01 11:14:39.599   968  1180 D QcConnectivityService: Done.
03-01 11:14:39.599   968  1180 D QcConnectivityService: Setting timer for 720seconds
03-01 11:15:19.059   968   998 I BootReceiver: Copying /data/tombstones/tombstone_07 to DropBox (SYSTEM_TOMBSTONE)
03-01 11:15:19.129   968  1394 I ActivityManager: Process com.android.nfc (pid 14314) has died.
03-01 11:15:19.149   968  1394 I ActivityManager: Start proc com.android.nfc for restart com.android.nfc: pid=14378 uid=1027 gids={41027, 3002, 3001, 1028, 1015}
03-01 11:16:49.919   968   998 I BootReceiver: Copying /data/tombstones/tombstone_08 to DropBox (SYSTEM_TOMBSTONE)
03-01 11:16:49.999   968  1493 I ActivityManager: Process com.android.nfc (pid 14378) has died.
03-01 11:16:50.019   968  1493 I ActivityManager: Start proc com.android.nfc for restart com.android.nfc: pid=14445 uid=1027 gids={41027, 3002, 3001, 1028, 1015}
03-01 11:18:20.779   968   998 I BootReceiver: Copying /data/tombstones/tombstone_09 to DropBox (SYSTEM_TOMBSTONE)
03-01 11:18:20.849   968  1395 I ActivityManager: Process com.android.nfc (pid 14445) has died.
03-01 11:18:20.869   968  1395 I ActivityManager: Start proc com.android.nfc for restart com.android.nfc: pid=14507 uid=1027 gids={41027, 3002, 3001, 1028, 1015}
03-01 11:19:51.629   968   998 I BootReceiver: Copying /data/tombstones/tombstone_00 to DropBox (SYSTEM_TOMBSTONE)
03-01 11:19:51.709   968  1493 I ActivityManager: Process com.android.nfc (pid 14507) has died.
03-01 11:19:51.719   968  1493 I ActivityManager: Start proc com.android.nfc for restart com.android.nfc: pid=14577 uid=1027 gids={41027, 3002, 3001, 1028, 1015}
03-01 11:21:22.449   968   998 I BootReceiver: Copying /data/tombstones/tombstone_01 to DropBox (SYSTEM_TOMBSTONE)
03-01 11:21:22.529   968  1449 I ActivityManager: Process com.android.nfc (pid 14577) has died.
03-01 11:21:22.539   968  1449 I ActivityManager: Start proc com.android.nfc for restart com.android.nfc: pid=14657 uid=1027 gids={41027, 3002, 3001, 1028, 1015}
03-01 11:22:53.309   968   998 I BootReceiver: Copying /data/tombstones/tombstone_02 to DropBox (SYSTEM_TOMBSTONE)
03-01 11:22:53.379   968   979 I ActivityManager: Process com.android.nfc (pid 14657) has died.
03-01 11:22:53.399   968   979 I ActivityManager: Start proc com.android.nfc for restart com.android.nfc: pid=14727 uid=1027 gids={41027, 3002, 3001, 1028, 1015}
03-01 11:24:24.149   968   998 I BootReceiver: Copying /data/tombstones/tombstone_03 to DropBox (SYSTEM_TOMBSTONE)
03-01 11:24:24.219   968  1485 I ActivityManager: Process com.android.nfc (pid 14727) has died.
03-01 11:24:24.249   968  1485 I ActivityManager: Start proc com.android.nfc for restart com.android.nfc: pid=14802 uid=1027 gids={41027, 3002, 3001, 1028, 1015}
03-01 11:25:54.999   968   998 I BootReceiver: Copying /data/tombstones/tombstone_04 to DropBox (SYSTEM_TOMBSTONE)
03-01 11:25:55.069   968  1189 I ActivityManager: Process com.android.nfc (pid 14802) has died.
03-01 11:25:55.089   968  1189 I ActivityManager: Start proc com.android.nfc for restart com.android.nfc: pid=14882 uid=1027 gids={41027, 3002, 3001, 1028, 1015}
03-01 11:26:39.749   968  1180 D QcConnectivityService: Sampling interval elapsed, updating statistics ..
03-01 11:26:39.759   968  1180 D QcConnectivityService: Done.
03-01 11:26:39.759   968  1180 D QcConnectivityService: Setting timer for 720seconds
03-01 11:27:25.819   968   998 I BootReceiver: Copying /data/tombstones/tombstone_05 to DropBox (SYSTEM_TOMBSTONE)
03-01 11:27:25.889   968  2014 I ActivityManager: Process com.android.nfc (pid 14882) has died.
03-01 11:27:25.919   968  2014 I ActivityManager: Start proc com.android.nfc for restart com.android.nfc: pid=14958 uid=1027 gids={41027, 3002, 3001, 1028, 1015}
03-01 11:28:56.649   968   998 I BootReceiver: Copying /data/tombstones/tombstone_06 to DropBox (SYSTEM_TOMBSTONE)
03-01 11:28:56.729   968  1484 I ActivityManager: Process com.android.nfc (pid 14958) has died.
03-01 11:28:56.759   968  1484 I ActivityManager: Start proc com.android.nfc for restart com.android.nfc: pid=15031 uid=1027 gids={41027, 3002, 3001, 1028, 1015}
03-01 11:30:27.519   968   998 I BootReceiver: Copying /data/tombstones/tombstone_07 to DropBox (SYSTEM_TOMBSTONE)
03-01 11:30:27.589   968  1190 I ActivityManager: Process com.android.nfc (pid 15031) has died.
03-01 11:30:27.599   968  1190 I ActivityManager: Start proc com.android.nfc for restart com.android.nfc: pid=15105 uid=1027 gids={41027, 3002, 3001, 1028, 1015}
03-01 11:31:36.289   968   991 I ProcessStatsService: Prepared write state in 5ms
03-01 11:31:58.359   968   998 I BootReceiver: Copying /data/tombstones/tombstone_08 to DropBox (SYSTEM_TOMBSTONE)
03-01 11:31:58.439   968  1395 I ActivityManager: Process com.android.nfc (pid 15105) has died.
03-01 11:31:58.459   968  1395 I ActivityManager: Start proc com.android.nfc for restart com.android.nfc: pid=15181 uid=1027 gids={41027, 3002, 3001, 1028, 1015}
03-01 11:33:29.189   968   998 I BootReceiver: Copying /data/tombstones/tombstone_09 to DropBox (SYSTEM_TOMBSTONE)
03-01 11:33:29.259   968  1381 I ActivityManager: Process com.android.nfc (pid 15181) has died.
03-01 11:33:29.289   968  1381 I ActivityManager: Start proc com.android.nfc for restart com.android.nfc: pid=15256 uid=1027 gids={41027, 3002, 3001, 1028, 1015}
03-01 11:35:00.049   968   998 I BootReceiver: Copying /data/tombstones/tombstone_00 to DropBox (SYSTEM_TOMBSTONE)
03-01 11:35:00.119   968  1411 I ActivityManager: Process com.android.nfc (pid 15256) has died.
03-01 11:35:00.129   968  1411 I ActivityManager: Start proc com.android.nfc for restart com.android.nfc: pid=15325 uid=1027 gids={41027, 3002, 3001, 1028, 1015}
03-01 11:36:30.899   968   998 I BootReceiver: Copying /data/tombstones/tombstone_01 to DropBox (SYSTEM_TOMBSTONE)
03-01 11:36:30.969   968  1411 I ActivityManager: Process com.android.nfc (pid 15325) has died.
03-01 11:36:30.979   968  1411 I ActivityManager: Start proc com.android.nfc for restart com.android.nfc: pid=15396 uid=1027 gids={41027, 3002, 3001, 1028, 1015}
03-01 11:38:01.709   968   998 I BootReceiver: Copying /data/tombstones/tombstone_02 to DropBox (SYSTEM_TOMBSTONE)
03-01 11:38:01.789   968  1411 I ActivityManager: Process com.android.nfc (pid 15396) has died.
03-01 11:38:01.799   968  1411 I ActivityManager: Start proc com.android.nfc for restart com.android.nfc: pid=15469 uid=1027 gids={41027, 3002, 3001, 1028, 1015}
03-01 11:38:39.759   968  1180 D QcConnectivityService: Sampling interval elapsed, updating statistics ..
03-01 11:38:39.779   968  1180 D QcConnectivityService: Done.
03-01 11:38:39.779   968  1180 D QcConnectivityService: Setting timer for 720seconds
03-01 11:39:32.539   968   998 I BootReceiver: Copying /data/tombstones/tombstone_03 to DropBox (SYSTEM_TOMBSTONE)
03-01 11:39:32.599   968   979 I ActivityManager: Process com.android.nfc (pid 15469) has died.
03-01 11:39:32.619   968   979 I ActivityManager: Start proc com.android.nfc for restart com.android.nfc: pid=15534 uid=1027 gids={41027, 3002, 3001, 1028, 1015}
03-01 11:41:03.359   968   998 I BootReceiver: Copying /data/tombstones/tombstone_04 to DropBox (SYSTEM_TOMBSTONE)
03-01 11:41:03.419   968  1485 I ActivityManager: Process com.android.nfc (pid 15534) has died.
03-01 11:41:03.439   968  1485 I ActivityManager: Start proc com.android.nfc for restart com.android.nfc: pid=15609 uid=1027 gids={41027, 3002, 3001, 1028, 1015}
03-01 11:42:34.179   968   998 I BootReceiver: Copying /data/tombstones/tombstone_05 to DropBox (SYSTEM_TOMBSTONE)
03-01 11:42:34.239   968  1484 I ActivityManager: Process com.android.nfc (pid 15609) has died.
03-01 11:42:34.259   968  1484 I ActivityManager: Start proc com.android.nfc for restart com.android.nfc: pid=15684 uid=1027 gids={41027, 3002, 3001, 1028, 1015}
03-01 11:44:05.009   968   998 I BootReceiver: Copying /data/tombstones/tombstone_06 to DropBox (SYSTEM_TOMBSTONE)
03-01 11:44:05.079   968  1190 I ActivityManager: Process com.android.nfc (pid 15684) has died.
03-01 11:44:05.119   968  1190 I ActivityManager: Start proc com.android.nfc for restart com.android.nfc: pid=15760 uid=1027 gids={41027, 3002, 3001, 1028, 1015}
03-01 11:45:35.879   968   998 I BootReceiver: Copying /data/tombstones/tombstone_07 to DropBox (SYSTEM_TOMBSTONE)
03-01 11:45:35.949   968  1493 I ActivityManager: Process com.android.nfc (pid 15760) has died.
03-01 11:45:35.969   968  1493 I ActivityManager: Start proc com.android.nfc for restart com.android.nfc: pid=15839 uid=1027 gids={41027, 3002, 3001, 1028, 1015}
03-01 11:47:06.739   968   998 I BootReceiver: Copying /data/tombstones/tombstone_08 to DropBox (SYSTEM_TOMBSTONE)
03-01 11:47:06.809   968  1395 I ActivityManager: Process com.android.nfc (pid 15839) has died.
03-01 11:47:06.829   968  1395 I ActivityManager: Start proc com.android.nfc for restart com.android.nfc: pid=15915 uid=1027 gids={41027, 3002, 3001, 1028, 1015}
03-01 11:48:37.589   968   998 I BootReceiver: Copying /data/tombstones/tombstone_09 to DropBox (SYSTEM_TOMBSTONE)
03-01 11:48:37.669   968  1190 I ActivityManager: Process com.android.nfc (pid 15915) has died.
03-01 11:48:37.689   968  1190 I ActivityManager: Start proc com.android.nfc for restart com.android.nfc: pid=15990 uid=1027 gids={41027, 3002, 3001, 1028, 1015}
03-01 11:50:05.029   968   991 W ProcessCpuTracker: Skipping unknown process pid 16062
03-01 11:50:08.459   968   998 I BootReceiver: Copying /data/tombstones/tombstone_00 to DropBox (SYSTEM_TOMBSTONE)
03-01 11:50:08.519   968  1189 I ActivityManager: Process com.android.nfc (pid 15990) has died.
03-01 11:50:08.549   968  1189 I ActivityManager: Start proc com.android.nfc for restart com.android.nfc: pid=16064 uid=1027 gids={41027, 3002, 3001, 1028, 1015}
03-01 11:50:39.779   968  1180 D QcConnectivityService: Sampling interval elapsed, updating statistics ..
03-01 11:50:39.799   968  1180 D QcConnectivityService: Done.
03-01 11:50:39.799   968  1180 D QcConnectivityService: Setting timer for 720seconds
03-01 11:51:39.299   968   998 I BootReceiver: Copying /data/tombstones/tombstone_01 to DropBox (SYSTEM_TOMBSTONE)
03-01 11:51:39.359   968  1449 I ActivityManager: Process com.android.nfc (pid 16064) has died.
03-01 11:51:39.389   968  1449 I ActivityManager: Start proc com.android.nfc for restart com.android.nfc: pid=16135 uid=1027 gids={41027, 3002, 3001, 1028, 1015}
03-01 11:53:10.119   968   998 I BootReceiver: Copying /data/tombstones/tombstone_02 to DropBox (SYSTEM_TOMBSTONE)
03-01 11:53:10.199   968  1381 I ActivityManager: Process com.android.nfc (pid 16135) has died.
03-01 11:53:10.219   968  1381 I ActivityManager: Start proc com.android.nfc for restart com.android.nfc: pid=16218 uid=1027 gids={41027, 3002, 3001, 1028, 1015}
03-01 11:54:40.959   968   998 I BootReceiver: Copying /data/tombstones/tombstone_03 to DropBox (SYSTEM_TOMBSTONE)
03-01 11:54:41.039   968  1493 I ActivityManager: Process com.android.nfc (pid 16218) has died.
03-01 11:54:41.059   968  1493 I ActivityManager: Start proc com.android.nfc for restart com.android.nfc: pid=16294 uid=1027 gids={41027, 3002, 3001, 1028, 1015}
03-01 11:56:11.799   968   998 I BootReceiver: Copying /data/tombstones/tombstone_04 to DropBox (SYSTEM_TOMBSTONE)
03-01 11:56:11.859   968  2014 I ActivityManager: Process com.android.nfc (pid 16294) has died.
03-01 11:56:11.879   968  2014 I ActivityManager: Start proc com.android.nfc for restart com.android.nfc: pid=16360 uid=1027 gids={41027, 3002, 3001, 1028, 1015}
03-01 11:57:42.649   968   998 I BootReceiver: Copying /data/tombstones/tombstone_05 to DropBox (SYSTEM_TOMBSTONE)
03-01 11:57:42.729   968  1412 I ActivityManager: Process com.android.nfc (pid 16360) has died.
03-01 11:57:42.759   968  1412 I ActivityManager: Start proc com.android.nfc for restart com.android.nfc: pid=16434 uid=1027 gids={41027, 3002, 3001, 1028, 1015}
03-01 11:59:13.519   968   998 I BootReceiver: Copying /data/tombstones/tombstone_06 to DropBox (SYSTEM_TOMBSTONE)
03-01 11:59:13.589   968  1395 I ActivityManager: Process com.android.nfc (pid 16434) has died.
03-01 11:59:13.619   968  1395 I ActivityManager: Start proc com.android.nfc for restart com.android.nfc: pid=16510 uid=1027 gids={41027, 3002, 3001, 1028, 1015}
03-01 12:00:44.339   968   998 I BootReceiver: Copying /data/tombstones/tombstone_07 to DropBox (SYSTEM_TOMBSTONE)
03-01 12:00:44.409   968  1449 I ActivityManager: Process com.android.nfc (pid 16510) has died.
03-01 12:00:44.439   968  1449 I ActivityManager: Start proc com.android.nfc for restart com.android.nfc: pid=16582 uid=1027 gids={41027, 3002, 3001, 1028, 1015}
03-01 12:01:43.479   968   991 I ProcessStatsService: Prepared write state in 5ms
03-01 12:01:43.489   968   991 I ProcessStatsService: Prepared write state in 9ms
03-01 12:01:43.499   968   991 I ProcessStatsService: Prepared write state in 9ms
03-01 12:02:15.159   968   998 I BootReceiver: Copying /data/tombstones/tombstone_08 to DropBox (SYSTEM_TOMBSTONE)
03-01 12:02:15.239   968  1190 I ActivityManager: Process com.android.nfc (pid 16582) has died.
03-01 12:02:15.249   968  1190 I ActivityManager: Start proc com.android.nfc for restart com.android.nfc: pid=16660 uid=1027 gids={41027, 3002, 3001, 1028, 1015}
03-01 12:03:45.989   968   998 I BootReceiver: Copying /data/tombstones/tombstone_09 to DropBox (SYSTEM_TOMBSTONE)
03-01 12:03:46.069   968  1189 I ActivityManager: Process com.android.nfc (pid 16660) has died.
03-01 12:03:46.079   968  1189 I ActivityManager: Start proc com.android.nfc for restart com.android.nfc: pid=16736 uid=1027 gids={41027, 3002, 3001, 1028, 1015}
03-01 12:05:16.849   968   998 I BootReceiver: Copying /data/tombstones/tombstone_00 to DropBox (SYSTEM_TOMBSTONE)
03-01 12:05:16.919   968  1411 I ActivityManager: Process com.android.nfc (pid 16736) has died.
03-01 12:05:16.939   968  1411 I ActivityManager: Start proc com.android.nfc for restart com.android.nfc: pid=16805 uid=1027 gids={41027, 3002, 3001, 1028, 1015}
03-01 12:05:39.729   968  1180 D QcConnectivityService: Sampling interval elapsed, updating statistics ..
03-01 12:05:39.739   968  1180 D QcConnectivityService: Done.
03-01 12:05:39.739   968  1180 D QcConnectivityService: Setting timer for 720seconds
03-01 12:06:47.689   968   998 I BootReceiver: Copying /data/tombstones/tombstone_01 to DropBox (SYSTEM_TOMBSTONE)
03-01 12:06:47.769   968  1395 I ActivityManager: Process com.android.nfc (pid 16805) has died.
03-01 12:06:47.799   968  1395 I ActivityManager: Start proc com.android.nfc for restart com.android.nfc: pid=16876 uid=1027 gids={41027, 3002, 3001, 1028, 1015}
03-01 12:08:18.539   968   998 I BootReceiver: Copying /data/tombstones/tombstone_02 to DropBox (SYSTEM_TOMBSTONE)
03-01 12:08:18.609   968  1484 I ActivityManager: Process com.android.nfc (pid 16876) has died.
03-01 12:08:18.629   968  1484 I ActivityManager: Start proc com.android.nfc for restart com.android.nfc: pid=16935 uid=1027 gids={41027, 3002, 3001, 1028, 1015}
03-01 12:09:49.369   968   998 I BootReceiver: Copying /data/tombstones/tombstone_03 to DropBox (SYSTEM_TOMBSTONE)
03-01 12:09:49.439   968  1395 I ActivityManager: Process com.android.nfc (pid 16935) has died.
03-01 12:09:49.469   968  1395 I ActivityManager: Start proc com.android.nfc for restart com.android.nfc: pid=17002 uid=1027 gids={41027, 3002, 3001, 1028, 1015}
03-01 12:10:05.029   968   991 W ProcessCpuTracker: Skipping unknown process pid 17029
03-01 12:11:20.219   968   998 I BootReceiver: Copying /data/tombstones/tombstone_04 to DropBox (SYSTEM_TOMBSTONE)
03-01 12:11:20.289   968   979 I ActivityManager: Process com.android.nfc (pid 17002) has died.
03-01 12:11:20.309   968   979 I ActivityManager: Start proc com.android.nfc for restart com.android.nfc: pid=17074 uid=1027 gids={41027, 3002, 3001, 1028, 1015}
03-01 12:12:51.049   968   998 I BootReceiver: Copying /data/tombstones/tombstone_05 to DropBox (SYSTEM_TOMBSTONE)
03-01 12:12:51.129   968   980 I ActivityManager: Process com.android.nfc (pid 17074) has died.
03-01 12:12:51.149   968   980 I ActivityManager: Start proc com.android.nfc for restart com.android.nfc: pid=17153 uid=1027 gids={41027, 3002, 3001, 1028, 1015}
03-01 12:14:21.889   968   998 I BootReceiver: Copying /data/tombstones/tombstone_06 to DropBox (SYSTEM_TOMBSTONE)
03-01 12:14:21.959   968  1485 I ActivityManager: Process com.android.nfc (pid 17153) has died.
03-01 12:14:21.979   968  1485 I ActivityManager: Start proc com.android.nfc for restart com.android.nfc: pid=17227 uid=1027 gids={41027, 3002, 3001, 1028, 1015}
03-01 12:15:52.719   968   998 I BootReceiver: Copying /data/tombstones/tombstone_07 to DropBox (SYSTEM_TOMBSTONE)
03-01 12:15:52.789   968  1412 I ActivityManager: Process com.android.nfc (pid 17227) has died.
03-01 12:15:52.809   968  1412 I ActivityManager: Start proc com.android.nfc for restart com.android.nfc: pid=17303 uid=1027 gids={41027, 3002, 3001, 1028, 1015}
03-01 12:17:23.539   968   998 I BootReceiver: Copying /data/tombstones/tombstone_08 to DropBox (SYSTEM_TOMBSTONE)
03-01 12:17:23.609   968   979 I ActivityManager: Process com.android.nfc (pid 17303) has died.
03-01 12:17:23.639   968   979 I ActivityManager: Start proc com.android.nfc for restart com.android.nfc: pid=17374 uid=1027 gids={41027, 3002, 3001, 1028, 1015}
03-01 12:18:54.379   968   998 I BootReceiver: Copying /data/tombstones/tombstone_09 to DropBox (SYSTEM_TOMBSTONE)
03-01 12:18:54.459   968  2014 I ActivityManager: Process com.android.nfc (pid 17374) has died.
03-01 12:18:54.479   968  2014 I ActivityManager: Start proc com.android.nfc for restart com.android.nfc: pid=17448 uid=1027 gids={41027, 3002, 3001, 1028, 1015}
03-01 12:20:25.239   968   998 I BootReceiver: Copying /data/tombstones/tombstone_00 to DropBox (SYSTEM_TOMBSTONE)
03-01 12:20:25.299   968  1381 I ActivityManager: Process com.android.nfc (pid 17448) has died.
03-01 12:20:25.319   968  1381 I ActivityManager: Start proc com.android.nfc for restart com.android.nfc: pid=17525 uid=1027 gids={41027, 3002, 3001, 1028, 1015}
03-01 12:21:56.079   968   998 I BootReceiver: Copying /data/tombstones/tombstone_01 to DropBox (SYSTEM_TOMBSTONE)
03-01 12:21:56.159   968  1189 I ActivityManager: Process com.android.nfc (pid 17525) has died.
03-01 12:21:56.179   968  1189 I ActivityManager: Start proc com.android.nfc for restart com.android.nfc: pid=17593 uid=1027 gids={41027, 3002, 3001, 1028, 1015}
03-01 12:23:26.919   968   998 I BootReceiver: Copying /data/tombstones/tombstone_02 to DropBox (SYSTEM_TOMBSTONE)
03-01 12:23:26.989   968  1381 I ActivityManager: Process com.android.nfc (pid 17593) has died.
03-01 12:23:27.019   968  1381 I ActivityManager: Start proc com.android.nfc for restart com.android.nfc: pid=17666 uid=1027 gids={41027, 3002, 3001, 1028, 1015}
03-01 12:24:57.739   968   998 I BootReceiver: Copying /data/tombstones/tombstone_03 to DropBox (SYSTEM_TOMBSTONE)
03-01 12:24:57.809   968   980 I ActivityManager: Process com.android.nfc (pid 17666) has died.
03-01 12:24:57.829   968   980 I ActivityManager: Start proc com.android.nfc for restart com.android.nfc: pid=17728 uid=1027 gids={41027, 3002, 3001, 1028, 1015}
03-01 12:26:28.569   968   998 I BootReceiver: Copying /data/tombstones/tombstone_04 to DropBox (SYSTEM_TOMBSTONE)
03-01 12:26:28.659   968  1189 I ActivityManager: Process com.android.nfc (pid 17728) has died.
03-01 12:26:28.679   968  1189 I ActivityManager: Start proc com.android.nfc for restart com.android.nfc: pid=17795 uid=1027 gids={41027, 3002, 3001, 1028, 1015}
03-01 12:26:39.329   968  1180 D QcConnectivityService: Sampling interval elapsed, updating statistics ..
03-01 12:26:39.349   968  1180 D QcConnectivityService: Done.
03-01 12:26:39.349   968  1180 D QcConnectivityService: Setting timer for 720seconds
03-01 12:27:59.409   968   998 I BootReceiver: Copying /data/tombstones/tombstone_05 to DropBox (SYSTEM_TOMBSTONE)
03-01 12:27:59.489   968  1485 I ActivityManager: Process com.android.nfc (pid 17795) has died.
03-01 12:27:59.519   968  1485 I ActivityManager: Start proc com.android.nfc for restart com.android.nfc: pid=17866 uid=1027 gids={41027, 3002, 3001, 1028, 1015}
03-01 12:29:30.229   968   998 I BootReceiver: Copying /data/tombstones/tombstone_06 to DropBox (SYSTEM_TOMBSTONE)
03-01 12:29:30.299   968  1411 I ActivityManager: Process com.android.nfc (pid 17866) has died.
03-01 12:29:30.329   968  1411 I ActivityManager: Start proc com.android.nfc for restart com.android.nfc: pid=17945 uid=1027 gids={41027, 3002, 3001, 1028, 1015}
03-01 12:30:12.569   968  1180 D QcConnectivityService: tryFailover: set mActiveDefaultNetwork=-1, prevNetType=1
03-01 12:30:12.569   968  1180 D QcConnectivityService: Attempting to switch to BLUETOOTH_TETHER
03-01 12:30:12.679   968  1180 D QcConnectivityService: resetConnections(wlan0, 3)
03-01 12:30:12.879   968  1180 D Nat464Xlat: requiresClat: netType=1, hasIPv4Address=false
03-01 12:30:15.889   968  1325 D QcConnectivityService: setProvNotificationVisible: E visible=false networkType=1 extraInfo=null url=null
03-01 12:30:20.299   968  1180 D QcConnectivityService: Captive portal check NetworkInfo: type: WIFI[], state: CONNECTING/CAPTIVE_PORTAL_CHECK, reason: (unspecified), extra: "AllieGO 5GHz", roaming: false, failover: false, isAvailable: true, isConnectedToProvisioningNetwork: false
03-01 12:30:20.299   968  1180 D QcConnectivityService: handleCaptivePortalTrackerCheck: call captivePortalCheckComplete ni=NetworkInfo: type: WIFI[], state: CONNECTING/CAPTIVE_PORTAL_CHECK, reason: (unspecified), extra: "AllieGO 5GHz", roaming: false, failover: false, isAvailable: true, isConnectedToProvisioningNetwork: false
03-01 12:30:20.299   968  1180 D QcConnectivityService: handleInetConditionChange: no active default network - ignore
03-01 12:30:20.309   968  1180 E QcConnectivityService: Unexpected mtu value: android.net.wifi.WifiStateTracker@41a60ce0
03-01 12:30:20.449   968  1180 D Nat464Xlat: requiresClat: netType=1, hasIPv4Address=true
03-01 12:30:21.759   968  1180 D QcConnectivityService: handleConnectivityChange: addresses changed linkProperty[1]: resetMask=0
03-01 12:30:21.759   968  1180 D QcConnectivityService:    car=removed=[] added=[fe80::ce1b:e0ff:fe61:8a30/64,]
03-01 12:30:21.759   968  1180 E QcConnectivityService: Exception while trying to add src route: java.lang.NullPointerException
03-01 12:30:21.759   968  1180 D Nat464Xlat: requiresClat: netType=1, hasIPv4Address=true
03-01 12:30:33.489   968  1325 D QcConnectivityService: setProvNotificationVisible: E visible=false networkType=1 extraInfo=null url=null
03-01 12:30:33.729   968  1325 D QcConnectivityService: captivePortalCheckCompleted: ni=NetworkInfo: type: WIFI[], state: CONNECTED/CONNECTED, reason: (unspecified), extra: "AllieGO 5GHz", roaming: false, failover: false, isAvailable: true, isConnectedToProvisioningNetwork: false captive=false
03-01 12:31:01.099   968   998 I BootReceiver: Copying /data/tombstones/tombstone_07 to DropBox (SYSTEM_TOMBSTONE)
03-01 12:31:01.109   968  1412 I ActivityManager: Process com.android.nfc (pid 17945) has died.
03-01 12:31:01.139   968  1412 I ActivityManager: Start proc com.android.nfc for restart com.android.nfc: pid=18110 uid=1027 gids={41027, 3002, 3001, 1028, 1015}
03-01 12:31:52.599   968   991 I ProcessStatsService: Prepared write state in 9ms
03-01 12:32:31.869   968   998 I BootReceiver: Copying /data/tombstones/tombstone_08 to DropBox (SYSTEM_TOMBSTONE)
03-01 12:32:31.939   968  1394 I ActivityManager: Process com.android.nfc (pid 18110) has died.
03-01 12:32:31.959   968  1394 I ActivityManager: Start proc com.android.nfc for restart com.android.nfc: pid=18186 uid=1027 gids={41027, 3002, 3001, 1028, 1015}
03-01 12:32:37.759   968   968 I EntropyMixer: Writing entropy...
03-01 12:34:02.699   968   998 I BootReceiver: Copying /data/tombstones/tombstone_09 to DropBox (SYSTEM_TOMBSTONE)
03-01 12:34:02.709   968  1412 I ActivityManager: Process com.android.nfc (pid 18186) has died.
03-01 12:34:02.749   968  1412 I ActivityManager: Start proc com.android.nfc for restart com.android.nfc: pid=18252 uid=1027 gids={41027, 3002, 3001, 1028, 1015}
03-01 12:35:33.509   968   998 I BootReceiver: Copying /data/tombstones/tombstone_00 to DropBox (SYSTEM_TOMBSTONE)
03-01 12:35:33.589   968  1189 I ActivityManager: Process com.android.nfc (pid 18252) has died.
03-01 12:35:33.599   968  1189 I ActivityManager: Start proc com.android.nfc for restart com.android.nfc: pid=18299 uid=1027 gids={41027, 3002, 3001, 1028, 1015}
03-01 12:37:04.319   968   998 I BootReceiver: Copying /data/tombstones/tombstone_01 to DropBox (SYSTEM_TOMBSTONE)
03-01 12:37:04.379   968   980 I ActivityManager: Process com.android.nfc (pid 18299) has died.
03-01 12:37:04.419   968   980 I ActivityManager: Start proc com.android.nfc for restart com.android.nfc: pid=18348 uid=1027 gids={41027, 3002, 3001, 1028, 1015}
03-01 12:38:35.149   968   998 I BootReceiver: Copying /data/tombstones/tombstone_02 to DropBox (SYSTEM_TOMBSTONE)
03-01 12:38:35.229   968  1394 I ActivityManager: Process com.android.nfc (pid 18348) has died.
03-01 12:38:35.239   968  1394 I ActivityManager: Start proc com.android.nfc for restart com.android.nfc: pid=18397 uid=1027 gids={41027, 3002, 3001, 1028, 1015}
03-01 12:38:39.359   968  1180 D QcConnectivityService: Sampling interval elapsed, updating statistics ..
03-01 12:38:39.379   968  1180 D QcConnectivityService: Done.
03-01 12:38:39.379   968  1180 D QcConnectivityService: Setting timer for 720seconds
03-01 12:40:05.959   968   998 I BootReceiver: Copying /data/tombstones/tombstone_03 to DropBox (SYSTEM_TOMBSTONE)
03-01 12:40:06.029   968  1395 I ActivityManager: Process com.android.nfc (pid 18397) has died.
03-01 12:40:06.049   968  1395 I ActivityManager: Start proc com.android.nfc for restart com.android.nfc: pid=18449 uid=1027 gids={41027, 3002, 3001, 1028, 1015}
03-01 12:41:36.779   968   998 I BootReceiver: Copying /data/tombstones/tombstone_04 to DropBox (SYSTEM_TOMBSTONE)
03-01 12:41:36.859   968  2014 I ActivityManager: Process com.android.nfc (pid 18449) has died.
03-01 12:41:36.889   968  2014 I ActivityManager: Start proc com.android.nfc for restart com.android.nfc: pid=18496 uid=1027 gids={41027, 3002, 3001, 1028, 1015}
03-01 12:43:07.649   968   998 I BootReceiver: Copying /data/tombstones/tombstone_05 to DropBox (SYSTEM_TOMBSTONE)
03-01 12:43:07.729   968  1395 I ActivityManager: Process com.android.nfc (pid 18496) has died.
03-01 12:43:07.759   968  1395 I ActivityManager: Start proc com.android.nfc for restart com.android.nfc: pid=18545 uid=1027 gids={41027, 3002, 3001, 1028, 1015}
03-01 12:44:38.499   968   998 I BootReceiver: Copying /data/tombstones/tombstone_06 to DropBox (SYSTEM_TOMBSTONE)
03-01 12:44:38.569   968  1493 I ActivityManager: Process com.android.nfc (pid 18545) has died.
03-01 12:44:38.579   968  1493 I ActivityManager: Start proc com.android.nfc for restart com.android.nfc: pid=18593 uid=1027 gids={41027, 3002, 3001, 1028, 1015}
03-01 12:46:09.319   968   998 I BootReceiver: Copying /data/tombstones/tombstone_07 to DropBox (SYSTEM_TOMBSTONE)
03-01 12:46:09.389   968  1411 I ActivityManager: Process com.android.nfc (pid 18593) has died.
03-01 12:46:09.409   968  1411 I ActivityManager: Start proc com.android.nfc for restart com.android.nfc: pid=18643 uid=1027 gids={41027, 3002, 3001, 1028, 1015}
03-01 12:47:40.119   968   998 I BootReceiver: Copying /data/tombstones/tombstone_08 to DropBox (SYSTEM_TOMBSTONE)
03-01 12:47:40.179   968  1190 I ActivityManager: Process com.android.nfc (pid 18643) has died.
03-01 12:47:40.209   968  1190 I ActivityManager: Start proc com.android.nfc for restart com.android.nfc: pid=18691 uid=1027 gids={41027, 3002, 3001, 1028, 1015}
03-01 12:49:10.939   968   998 I BootReceiver: Copying /data/tombstones/tombstone_09 to DropBox (SYSTEM_TOMBSTONE)
03-01 12:49:11.009   968   980 I ActivityManager: Process com.android.nfc (pid 18691) has died.
03-01 12:49:11.039   968   980 I ActivityManager: Start proc com.android.nfc for restart com.android.nfc: pid=18740 uid=1027 gids={41027, 3002, 3001, 1028, 1015}
03-01 12:50:41.769   968   998 I BootReceiver: Copying /data/tombstones/tombstone_00 to DropBox (SYSTEM_TOMBSTONE)
03-01 12:50:41.829   968   979 I ActivityManager: Process com.android.nfc (pid 18740) has died.
03-01 12:50:41.859   968   979 I ActivityManager: Start proc com.android.nfc for restart com.android.nfc: pid=18789 uid=1027 gids={41027, 3002, 3001, 1028, 1015}
--------- beginning of /dev/log/main
03-01 12:51:15.549   219   219 V WLAN_PSA: NL MSG, len[048], NL type[0x11] WNI type[0x5050] len[028]
03-01 12:51:15.899   219   219 V WLAN_PSA: NL MSG, len[048], NL type[0x11] WNI type[0x5050] len[028]
03-01 12:51:15.899  2322  2322 D wpa_supplicant: nl80211: Event message available
03-01 12:51:15.899  2322  2322 D wpa_supplicant: nl80211: Drv Event 34 (NL80211_CMD_NEW_SCAN_RESULTS) received for wlan0
03-01 12:51:15.899  2322  2322 D wpa_supplicant: wlan0: nl80211: New scan results available
03-01 12:51:15.899  2322  2322 D wpa_supplicant: wlan0: Event SCAN_RESULTS (3) received
03-01 12:51:15.899  2322  2322 D wpa_supplicant: nl80211: Associated on 5220 MHz
03-01 12:51:15.899  2322  2322 D wpa_supplicant: nl80211: Associated with e8:fc:af:ff:3a:33
03-01 12:51:15.899  2322  2322 D wpa_supplicant: nl80211: Received scan results (5 BSSes)
03-01 12:51:15.899  2322  2322 D wpa_supplicant: nl80211: Survey data missing
03-01 12:51:15.899  2322  2322 D wpa_supplicant: nl80211: Scan results indicate BSS status with e8:fc:af:ff:3a:33 as associated
03-01 12:51:15.899  2322  2322 D wpa_supplicant: Sorted scan results
03-01 12:51:15.899  2322  2322 D wpa_supplicant: d4:bf:7f:50:25:d7 freq=2452 qual=0 noise=0 level=-50 flags=0xb age=0
03-01 12:51:15.899  2322  2322 D wpa_supplicant: IEs - hexdump(len=361): 00 08 6d 61 78 5f 74 65 73 74 01 08 82 84 8b 96 0c 12 18 24 03 01 09 2a 01 00 32 04 30 48 60 6c ...
03-01 12:51:15.899  2322  2322 D wpa_supplicant: 24:a4:3c:1a:e9:90 freq=5180 qual=0 noise=0 level=-60 flags=0xb age=0
03-01 12:51:15.899  2322  2322 D wpa_supplicant: IEs - hexdump(len=201): 00 04 31 35 30 32 01 08 8c 12 98 24 b0 48 60 6c 30 18 01 00 00 0f ac 02 02 00 00 0f ac 04 00 0f ...
03-01 12:51:15.899  2322  2322 D wpa_supplicant: e8:fc:af:ff:3a:33 freq=5220 qual=0 noise=0 level=-61 flags=0x2b age=0
03-01 12:51:15.899  2322  2322 D wpa_supplicant: IEs - hexdump(len=378): 00 0c 41 6c 6c 69 65 47 4f 20 35 47 48 7a 01 08 8c 12 98 24 b0 48 60 6c 07 3c 44 45 20 24 01 17 ...
03-01 12:51:15.899  2322  2322 D wpa_supplicant: Beacon IEs - hexdump(len=311): 00 0c 41 6c 6c 69 65 47 4f 20 35 47 48 7a 01 08 8c 12 98 24 b0 48 60 6c 05 04 00 02 00 00 07 3c ...
03-01 12:51:15.899  2322  2322 D wpa_supplicant: e8:fc:af:ff:3a:34 freq=2432 qual=0 noise=0 level=-69 flags=0xb age=0
03-01 12:51:15.899  2322  2322 D wpa_supplicant: IEs - hexdump(len=352): 00 07 41 6c 6c 69 65 47 4f 01 08 82 84 0b 16 24 30 48 6c 03 01 05 07 06 44 45 20 01 0d 14 2a 01 ...
03-01 12:51:15.899  2322  2322 D wpa_supplicant: ec:43:f6:da:f7:48 freq=2412 qual=0 noise=0 level=-74 flags=0xb age=0
03-01 12:51:15.899  2322  2322 D wpa_supplicant: IEs - hexdump(len=275): 00 05 4d 65 74 72 6f 01 08 82 84 8b 96 12 24 48 6c 03 01 01 2a 01 04 32 04 0c 18 30 60 dd 16 00 ...
03-01 12:51:15.899  2322  2322 D wpa_supplicant: wlan0: BSS: Start scan result update 871
03-01 12:51:15.899  2322  2322 D wpa_supplicant: wlan0: BSS: Remove id 277 BSSID d4:bf:7f:50:25:d2 SSID 'max-test 5G' due to no match in scan
03-01 12:51:15.899  2322  2322 D wpa_supplicant: CTRL_IFACE monitor send - hexdump(len=39): 2f 64 61 74 61 2f 6d 69 73 63 2f 77 69 66 69 2f 73 6f 63 6b 65 74 73 2f 77 70 61 5f 63 74 72 6c ...
03-01 12:51:15.899  2322  2322 D wpa_supplicant: BSS: last_scan_res_used=5/32 last_scan_full=0
03-01 12:51:15.899  2322  2322 D wpa_supplicant: wlan0: Scan-only results received
03-01 12:51:15.899  2322  2322 D wpa_supplicant: CTRL_IFACE monitor send - hexdump(len=39): 2f 64 61 74 61 2f 6d 69 73 63 2f 77 69 66 69 2f 73 6f 63 6b 65 74 73 2f 77 70 61 5f 63 74 72 6c ...
03-01 12:51:15.899  2322  2322 D wpa_supplicant: wlan0: P2P: Station mode scan operation not pending anymore (sta_scan_pending=0 p2p_cb_on_scan_complete=0)
03-01 12:51:15.899  2322  2322 D wpa_supplicant: nl80211: Drv Event 32 (NL80211_CMD_GET_SCAN) received for wlan0
03-01 12:51:15.899  2322  2322 D wpa_supplicant: wlan0: nl80211: Ignored unknown event (cmd=32)
03-01 12:51:15.899  2322  2322 D wpa_supplicant: RTM_NEWLINK: operstate=1 ifi_flags=0x11043 ([UP][RUNNING][LOWER_UP])
03-01 12:51:15.899  2322  2322 D wpa_supplicant: RTM_NEWLINK, IFLA_IFNAME: Interface 'wlan0' added
03-01 12:51:15.899  2322  2322 D wpa_supplicant: nl80211: if_removed already cleared - ignore event
03-01 12:51:15.899  2322  2322 D wpa_supplicant: RX ctrl_iface - hexdump(len=25): 42 53 53 20 52 41 4e 47 45 3d 30 2d 20 4d 41 53 4b 3d 30 78 32 31 39 38 37
03-01 12:51:15.899  2322  2322 D wpa_supplicant: wlan0: Control interface command 'BSS RANGE=0- MASK=0x21987'
03-01 12:51:15.899   219   219 V WLAN_PSA: NL MSG, len[914], NL type[0x11] WNI type[0x5050] len[894]
03-01 12:51:15.899  2322  2322 D wpa_supplicant: WPS: attr type=0x104a len=1
03-01 12:51:15.899  2322  2322 D wpa_supplicant: WPS: attr type=0x1044 len=1
03-01 12:51:15.899  2322  2322 D wpa_supplicant: WPS: attr type=0x103b len=1
03-01 12:51:15.899  2322  2322 D wpa_supplicant: WPS: attr type=0x1047 len=16
03-01 12:51:15.899  2322  2322 D wpa_supplicant: WPS: attr type=0x1021 len=13
03-01 12:51:15.899  2322  2322 D wpa_supplicant: WPS: attr type=0x1023 len=5
03-01 12:51:15.899  2322  2322 D wpa_supplicant: WPS: attr type=0x1024 len=5
03-01 12:51:15.899  2322  2322 D wpa_supplicant: WPS: attr type=0x1042 len=2
03-01 12:51:15.899  2322  2322 D wpa_supplicant: WPS: attr type=0x1054 len=8
03-01 12:51:15.899  2322  2322 D wpa_supplicant: WPS: attr type=0x1011 len=5
03-01 12:51:15.899  2322  2322 D wpa_supplicant: WPS: attr type=0x1008 len=2
03-01 12:51:15.899  2322  2322 D wpa_supplicant: WPS: attr type=0x103c len=1
03-01 12:51:15.899  2322  2322 D wpa_supplicant: WPS: attr type=0x1049 len=6
03-01 12:51:15.899  2322  2322 D wpa_supplicant: WPS: WFA subelement id=0 len=1
03-01 12:51:15.899  2322  2322 D wpa_supplicant: WPS: attr type=0x104a len=1
03-01 12:51:15.899  2322  2322 D wpa_supplicant: WPS: attr type=0x1044 len=1
03-01 12:51:15.899  2322  2322 D wpa_supplicant: WPS: attr type=0x103b len=1
03-01 12:51:15.899  2322  2322 D wpa_supplicant: WPS: attr type=0x1047 len=16
03-01 12:51:15.899  2322  2322 D wpa_supplicant: WPS: attr type=0x1021 len=13
03-01 12:51:15.899  2322  2322 D wpa_supplicant: WPS: attr type=0x1023 len=5
03-01 12:51:15.899  2322  2322 D wpa_supplicant: WPS: attr type=0x1024 len=5
03-01 12:51:15.899  2322  2322 D wpa_supplicant: WPS: attr type=0x1042 len=2
03-01 12:51:15.899  2322  2322 D wpa_supplicant: WPS: attr type=0x1054 len=8
03-01 12:51:15.899  2322  2322 D wpa_supplicant: WPS: attr type=0x1011 len=5
03-01 12:51:15.899  2322  2322 D wpa_supplicant: WPS: attr type=0x1008 len=2
03-01 12:51:15.899  2322  2322 D wpa_supplicant: WPS: attr type=0x103c len=1
03-01 12:51:15.899  2322  2322 D wpa_supplicant: WPS: attr type=0x1049 len=6
03-01 12:51:15.899  2322  2322 D wpa_supplicant: WPS: WFA subelement id=0 len=1
03-01 12:51:15.899  2322  2322 D wpa_supplicant: WPS: attr type=0x104a len=1
03-01 12:51:15.899  2322  2322 D wpa_supplicant: WPS: attr type=0x1044 len=1
03-01 12:51:15.899  2322  2322 D wpa_supplicant: WPS: attr type=0x103b len=1
03-01 12:51:15.899  2322  2322 D wpa_supplicant: WPS: attr type=0x1047 len=16
03-01 12:51:15.899  2322  2322 D wpa_supplicant: WPS: attr type=0x1021 len=13
03-01 12:51:15.899  2322  2322 D wpa_supplicant: WPS: attr type=0x1023 len=5
03-01 12:51:15.899  2322  2322 D wpa_supplicant: WPS: attr type=0x1024 len=5
03-01 12:51:15.899  2322  2322 D wpa_supplicant: WPS: attr type=0x1042 len=2
03-01 12:51:15.899  2322  2322 D wpa_supplicant: WPS: attr type=0x1054 len=8
03-01 12:51:15.899  2322  2322 D wpa_supplicant: WPS: attr type=0x1011 len=5
03-01 12:51:15.899  2322  2322 D wpa_supplicant: WPS: attr type=0x1008 len=2
03-01 12:51:15.899  2322  2322 D wpa_supplicant: WPS: attr type=0x103c len=1
03-01 12:51:15.899  2322  2322 D wpa_supplicant: WPS: attr type=0x1049 len=6
03-01 12:51:15.899  2322  2322 D wpa_supplicant: WPS: WFA subelement id=0 len=1
03-01 12:51:15.899  2322  2322 D wpa_supplicant: WPS: attr type=0x104a len=1
03-01 12:51:15.899  2322  2322 D wpa_supplicant: WPS: attr type=0x1044 len=1
03-01 12:51:15.899  2322  2322 D wpa_supplicant: WPS: attr type=0x103b len=1
03-01 12:51:15.899  2322  2322 D wpa_supplicant: WPS: attr type=0x1047 len=16
03-01 12:51:15.899  2322  2322 D wpa_supplicant: WPS: attr type=0x1021 len=9
03-01 12:51:15.899  2322  2322 D wpa_supplicant: WPS: attr type=0x1023 len=5
03-01 12:51:15.899  2322  2322 D wpa_supplicant: WPS: attr type=0x1024 len=9
03-01 12:51:15.899  2322  2322 D wpa_supplicant: WPS: attr type=0x1042 len=15
03-01 12:51:15.899  2322  2322 D wpa_supplicant: WPS: attr type=0x1054 len=8
03-01 12:51:15.899  2322  2322 D wpa_supplicant: WPS: attr type=0x1011 len=8
03-01 12:51:15.899  2322  2322 D wpa_supplicant: WPS: attr type=0x1008 len=2
03-01 12:51:15.899  2322  2322 D wpa_supplicant: WPS: attr type=0x103c len=1
03-01 12:51:15.899  2322  2322 D wpa_supplicant: WPS: attr type=0x1049 len=6
03-01 12:51:15.899  2322  2322 D wpa_supplicant: WPS: WFA subelement id=0 len=1
03-01 12:51:15.899  2322  2322 D wpa_supplicant: WPS: attr type=0x104a len=1
03-01 12:51:15.899  2322  2322 D wpa_supplicant: WPS: attr type=0x1044 len=1
03-01 12:51:15.899  2322  2322 D wpa_supplicant: WPS: attr type=0x103b len=1
03-01 12:51:15.899  2322  2322 D wpa_supplicant: WPS: attr type=0x1047 len=16
03-01 12:51:15.899  2322  2322 D wpa_supplicant: WPS: attr type=0x1021 len=9
03-01 12:51:15.899  2322  2322 D wpa_supplicant: WPS: attr type=0x1023 len=5
03-01 12:51:15.899  2322  2322 D wpa_supplicant: WPS: attr type=0x1024 len=9
03-01 12:51:15.899  2322  2322 D wpa_supplicant: WPS: attr type=0x1042 len=15
03-01 12:51:15.899  2322  2322 D wpa_supplicant: WPS: attr type=0x1054 len=8
03-01 12:51:15.899  2322  2322 D wpa_supplicant: WPS: attr type=0x1011 len=8
03-01 12:51:15.899  2322  2322 D wpa_supplicant: WPS: attr type=0x1008 len=2
03-01 12:51:15.899  2322  2322 D wpa_supplicant: WPS: attr type=0x103c len=1
03-01 12:51:15.899  2322  2322 D wpa_supplicant: WPS: attr type=0x1049 len=6
03-01 12:51:15.899  2322  2322 D wpa_supplicant: WPS: WFA subelement id=0 len=1
03-01 12:51:15.899  2322  2322 D wpa_supplicant: WPS: attr type=0x104a len=1
03-01 12:51:15.899  2322  2322 D wpa_supplicant: WPS: attr type=0x1044 len=1
03-01 12:51:15.899  2322  2322 D wpa_supplicant: WPS: attr type=0x103b len=1
03-01 12:51:15.899  2322  2322 D wpa_supplicant: WPS: attr type=0x1047 len=16
03-01 12:51:15.899  2322  2322 D wpa_supplicant: WPS: attr type=0x1021 len=9
03-01 12:51:15.899  2322  2322 D wpa_supplicant: WPS: attr type=0x1023 len=5
03-01 12:51:15.899  2322  2322 D wpa_supplicant: WPS: attr type=0x1024 len=9
03-01 12:51:15.899  2322  2322 D wpa_supplicant: WPS: attr type=0x1042 len=15
03-01 12:51:15.899  2322  2322 D wpa_supplicant: WPS: attr type=0x1054 len=8
03-01 12:51:15.899  2322  2322 D wpa_supplicant: WPS: attr type=0x1011 len=8
03-01 12:51:15.899  2322  2322 D wpa_supplicant: WPS: attr type=0x1008 len=2
03-01 12:51:15.899  2322  2322 D wpa_supplicant: WPS: attr type=0x103c len=1
03-01 12:51:15.899  2322  2322 D wpa_supplicant: WPS: attr type=0x1049 len=6
03-01 12:51:15.899  2322  2322 D wpa_supplicant: WPS: WFA subelement id=0 len=1
03-01 12:51:15.899  2322  2322 D wpa_supplicant: WPS: attr type=0x104a len=1
03-01 12:51:15.899  2322  2322 D wpa_supplicant: WPS: attr type=0x1044 len=1
03-01 12:51:15.899  2322  2322 D wpa_supplicant: WPS: attr type=0x103b len=1
03-01 12:51:15.899  2322  2322 D wpa_supplicant: WPS: attr type=0x1047 len=16
03-01 12:51:15.899  2322  2322 D wpa_supplicant: WPS: attr type=0x1021 len=13
03-01 12:51:15.899  2322  2322 D wpa_supplicant: WPS: attr type=0x1023 len=5
03-01 12:51:15.899  2322  2322 D wpa_supplicant: WPS: attr type=0x1024 len=5
03-01 12:51:15.899  2322  2322 D wpa_supplicant: WPS: attr type=0x1042 len=2
03-01 12:51:15.899  2322  2322 D wpa_supplicant: WPS: attr type=0x1054 len=8
03-01 12:51:15.899  2322  2322 D wpa_supplicant: WPS: attr type=0x1011 len=5
03-01 12:51:15.909  2322  2322 D wpa_supplicant: WPS: attr type=0x1008 len=2
03-01 12:51:15.909  2322  2322 D wpa_supplicant: WPS: attr type=0x103c len=1
03-01 12:51:15.909  2322  2322 D wpa_supplicant: WPS: attr type=0x1049 len=6
03-01 12:51:15.909  2322  2322 D wpa_supplicant: WPS: WFA subelement id=0 len=1
03-01 12:51:15.909  2322  2322 D wpa_supplicant: WPS: attr type=0x104a len=1
03-01 12:51:15.909  2322  2322 D wpa_supplicant: WPS: attr type=0x1044 len=1
03-01 12:51:15.909  2322  2322 D wpa_supplicant: WPS: attr type=0x103b len=1
03-01 12:51:15.909  2322  2322 D wpa_supplicant: WPS: attr type=0x1047 len=16
03-01 12:51:15.909  2322  2322 D wpa_supplicant: WPS: attr type=0x1021 len=13
03-01 12:51:15.909  2322  2322 D wpa_supplicant: WPS: attr type=0x1023 len=5
03-01 12:51:15.909  2322  2322 D wpa_supplicant: WPS: attr type=0x1024 len=5
03-01 12:51:15.909  2322  2322 D wpa_supplicant: WPS: attr type=0x1042 len=2
03-01 12:51:15.909  2322  2322 D wpa_supplicant: WPS: attr type=0x1054 len=8
03-01 12:51:15.909  2322  2322 D wpa_supplicant: WPS: attr type=0x1011 len=5
03-01 12:51:15.909  2322  2322 D wpa_supplicant: WPS: attr type=0x1008 len=2
03-01 12:51:15.909  2322  2322 D wpa_supplicant: WPS: attr type=0x103c len=1
03-01 12:51:15.909  2322  2322 D wpa_supplicant: WPS: attr type=0x1049 len=6
03-01 12:51:15.909  2322  2322 D wpa_supplicant: WPS: WFA subelement id=0 len=1
03-01 12:51:15.909  2322  2322 D wpa_supplicant: WPS: attr type=0x104a len=1
03-01 12:51:15.909  2322  2322 D wpa_supplicant: WPS: attr type=0x1044 len=1
03-01 12:51:15.909  2322  2322 D wpa_supplicant: WPS: attr type=0x103b len=1
03-01 12:51:15.909  2322  2322 D wpa_supplicant: WPS: attr type=0x1047 len=16
03-01 12:51:15.909  2322  2322 D wpa_supplicant: WPS: attr type=0x1021 len=13
03-01 12:51:15.909  2322  2322 D wpa_supplicant: WPS: attr type=0x1023 len=5
03-01 12:51:15.909  2322  2322 D wpa_supplicant: WPS: attr type=0x1024 len=5
03-01 12:51:15.909  2322  2322 D wpa_supplicant: WPS: attr type=0x1042 len=2
03-01 12:51:15.909  2322  2322 D wpa_supplicant: WPS: attr type=0x1054 len=8
03-01 12:51:15.909  2322  2322 D wpa_supplicant: WPS: attr type=0x1011 len=5
03-01 12:51:15.909  2322  2322 D wpa_supplicant: WPS: attr type=0x1008 len=2
03-01 12:51:15.909  2322  2322 D wpa_supplicant: WPS: attr type=0x103c len=1
03-01 12:51:15.909  2322  2322 D wpa_supplicant: WPS: attr type=0x1049 len=6
03-01 12:51:15.909  2322  2322 D wpa_supplicant: WPS: WFA subelement id=0 len=1
03-01 12:51:15.909  2322  2322 D wpa_supplicant: WPS: attr type=0x104a len=1
03-01 12:51:15.909  2322  2322 D wpa_supplicant: WPS: attr type=0x1044 len=1
03-01 12:51:15.909  2322  2322 D wpa_supplicant: WPS: attr type=0x103b len=1
03-01 12:51:15.909  2322  2322 D wpa_supplicant: WPS: attr type=0x1047 len=16
03-01 12:51:15.909  2322  2322 D wpa_supplicant: WPS: attr type=0x1021 len=21
03-01 12:51:15.909  2322  2322 D wpa_supplicant: WPS: attr type=0x1023 len=28
03-01 12:51:15.909  2322  2322 D wpa_supplicant: WPS: attr type=0x1024 len=7
03-01 12:51:15.909  2322  2322 D wpa_supplicant: WPS: attr type=0x1042 len=17
03-01 12:51:15.909  2322  2322 D wpa_supplicant: WPS: attr type=0x1054 len=8
03-01 12:51:15.909  2322  2322 D wpa_supplicant: WPS: attr type=0x1011 len=7
03-01 12:51:15.909  2322  2322 D wpa_supplicant: WPS: attr type=0x1008 len=2
03-01 12:51:15.909  2322  2322 D wpa_supplicant: WPS: attr type=0x103c len=1
03-01 12:51:15.909  2322  2322 D wpa_supplicant: WPS: attr type=0x1049 len=6
03-01 12:51:15.909  2322  2322 D wpa_supplicant: WPS: WFA subelement id=0 len=1
03-01 12:51:15.909  2322  2322 D wpa_supplicant: WPS: attr type=0x104a len=1
03-01 12:51:15.909  2322  2322 D wpa_supplicant: WPS: attr type=0x1044 len=1
03-01 12:51:15.909  2322  2322 D wpa_supplicant: WPS: attr type=0x103b len=1
03-01 12:51:15.909  2322  2322 D wpa_supplicant: WPS: attr type=0x1047 len=16
03-01 12:51:15.909  2322  2322 D wpa_supplicant: WPS: attr type=0x1021 len=21
03-01 12:51:15.909  2322  2322 D wpa_supplicant: WPS: attr type=0x1023 len=28
03-01 12:51:15.909  2322  2322 D wpa_supplicant: WPS: attr type=0x1024 len=7
03-01 12:51:15.909  2322  2322 D wpa_supplicant: WPS: attr type=0x1042 len=17
03-01 12:51:15.909  2322  2322 D wpa_supplicant: WPS: attr type=0x1054 len=8
03-01 12:51:15.909  2322  2322 D wpa_supplicant: WPS: attr type=0x1011 len=7
03-01 12:51:15.909  2322  2322 D wpa_supplicant: WPS: attr type=0x1008 len=2
03-01 12:51:15.909  2322  2322 D wpa_supplicant: WPS: attr type=0x103c len=1
03-01 12:51:15.909  2322  2322 D wpa_supplicant: WPS: attr type=0x1049 len=6
03-01 12:51:15.909  2322  2322 D wpa_supplicant: WPS: WFA subelement id=0 len=1
03-01 12:51:15.909  2322  2322 D wpa_supplicant: WPS: attr type=0x104a len=1
03-01 12:51:15.909  2322  2322 D wpa_supplicant: WPS: attr type=0x1044 len=1
03-01 12:51:15.909  2322  2322 D wpa_supplicant: WPS: attr type=0x103b len=1
03-01 12:51:15.909  2322  2322 D wpa_supplicant: WPS: attr type=0x1047 len=16
