03-01 12:51:58.139  2322  2322 D wpa_supplicant: WPS: attr type=0x1023 len=28
03-01 12:51:58.139  2322  2322 D wpa_supplicant: WPS: attr type=0x1024 len=7
03-01 12:51:58.139  2322  2322 D wpa_supplicant: WPS: attr type=0x1042 len=17
03-01 12:51:58.139  2322  2322 D wpa_supplicant: WPS: attr type=0x1054 len=8
03-01 12:51:58.139  2322  2322 D wpa_supplicant: WPS: attr type=0x1011 len=7
03-01 12:51:58.139  2322  2322 D wpa_supplicant: WPS: attr type=0x1008 len=2
03-01 12:51:58.139  2322  2322 D wpa_supplicant: WPS: attr type=0x103c len=1
03-01 12:51:58.139  2322  2322 D wpa_supplicant: WPS: attr type=0x1049 len=6
03-01 12:51:58.139  2322  2322 D wpa_supplicant: WPS: WFA subelement id=0 len=1
03-01 12:51:58.139  2322  2322 D wpa_supplicant: WPS: attr type=0x104a len=1
03-01 12:51:58.139  2322  2322 D wpa_supplicant: WPS: attr type=0x1044 len=1
03-01 12:51:58.139  2322  2322 D wpa_supplicant: WPS: attr type=0x103b len=1
03-01 12:51:58.139  2322  2322 D wpa_supplicant: WPS: attr type=0x1047 len=16
03-01 12:51:58.139  2322  2322 D wpa_supplicant: WPS: attr type=0x1021 len=9
03-01 12:51:58.139  2322  2322 D wpa_supplicant: WPS: attr type=0x1023 len=5
03-01 12:51:58.139  2322  2322 D wpa_supplicant: WPS: attr type=0x1024 len=9
03-01 12:51:58.139  2322  2322 D wpa_supplicant: WPS: attr type=0x1042 len=15
03-01 12:51:58.139  2322  2322 D wpa_supplicant: WPS: attr type=0x1054 len=8
03-01 12:51:58.139  2322  2322 D wpa_supplicant: WPS: attr type=0x1011 len=8
03-01 12:51:58.139  2322  2322 D wpa_supplicant: WPS: attr type=0x1008 len=2
03-01 12:51:58.139  2322  2322 D wpa_supplicant: WPS: attr type=0x103c len=1
03-01 12:51:58.139  2322  2322 D wpa_supplicant: WPS: attr type=0x1049 len=6
03-01 12:51:58.139  2322  2322 D wpa_supplicant: WPS: WFA subelement id=0 len=1
03-01 12:51:58.139  2322  2322 D wpa_supplicant: WPS: attr type=0x104a len=1
03-01 12:51:58.139  2322  2322 D wpa_supplicant: WPS: attr type=0x1044 len=1
03-01 12:51:58.139  2322  2322 D wpa_supplicant: WPS: attr type=0x103b len=1
03-01 12:51:58.139  2322  2322 D wpa_supplicant: WPS: attr type=0x1047 len=16
03-01 12:51:58.139  2322  2322 D wpa_supplicant: WPS: attr type=0x1021 len=9
03-01 12:51:58.139  2322  2322 D wpa_supplicant: WPS: attr type=0x1023 len=5
03-01 12:51:58.139  2322  2322 D wpa_supplicant: WPS: attr type=0x1024 len=9
03-01 12:51:58.139  2322  2322 D wpa_supplicant: WPS: attr type=0x1042 len=15
03-01 12:51:58.139  2322  2322 D wpa_supplicant: WPS: attr type=0x1054 len=8
03-01 12:51:58.139  2322  2322 D wpa_supplicant: WPS: attr type=0x1011 len=8
03-01 12:51:58.139  2322  2322 D wpa_supplicant: WPS: attr type=0x1008 len=2
03-01 12:51:58.139  2322  2322 D wpa_supplicant: WPS: attr type=0x103c len=1
03-01 12:51:58.139  2322  2322 D wpa_supplicant: WPS: attr type=0x1049 len=6
03-01 12:51:58.139  2322  2322 D wpa_supplicant: WPS: WFA subelement id=0 len=1
03-01 12:51:58.139  2322  2322 D wpa_supplicant: WPS: attr type=0x104a len=1
03-01 12:51:58.139  2322  2322 D wpa_supplicant: WPS: attr type=0x1044 len=1
03-01 12:51:58.139  2322  2322 D wpa_supplicant: WPS: attr type=0x103b len=1
03-01 12:51:58.139  2322  2322 D wpa_supplicant: WPS: attr type=0x1047 len=16
03-01 12:51:58.139  2322  2322 D wpa_supplicant: WPS: attr type=0x1021 len=9
03-01 12:51:58.139  2322  2322 D wpa_supplicant: WPS: attr type=0x1023 len=5
03-01 12:51:58.139  2322  2322 D wpa_supplicant: WPS: attr type=0x1024 len=9
03-01 12:51:58.139  2322  2322 D wpa_supplicant: WPS: attr type=0x1042 len=15
03-01 12:51:58.139  2322  2322 D wpa_supplicant: WPS: attr type=0x1054 len=8
03-01 12:51:58.139  2322  2322 D wpa_supplicant: WPS: attr type=0x1011 len=8
03-01 12:51:58.139  2322  2322 D wpa_supplicant: WPS: attr type=0x1008 len=2
03-01 12:51:58.139  2322  2322 D wpa_supplicant: WPS: attr type=0x103c len=1
03-01 12:51:58.139  2322  2322 D wpa_supplicant: WPS: attr type=0x1049 len=6
03-01 12:51:58.139  2322  2322 D wpa_supplicant: WPS: WFA subelement id=0 len=1
03-01 12:51:58.139  2322  2322 D wpa_supplicant: WPS: attr type=0x104a len=1
03-01 12:51:58.139  2322  2322 D wpa_supplicant: WPS: attr type=0x1044 len=1
03-01 12:51:58.139  2322  2322 D wpa_supplicant: WPS: attr type=0x103b len=1
03-01 12:51:58.139  2322  2322 D wpa_supplicant: WPS: attr type=0x1047 len=16
03-01 12:51:58.139  2322  2322 D wpa_supplicant: WPS: attr type=0x1021 len=13
03-01 12:51:58.139  2322  2322 D wpa_supplicant: WPS: attr type=0x1023 len=5
03-01 12:51:58.139  2322  2322 D wpa_supplicant: WPS: attr type=0x1024 len=5
03-01 12:51:58.139  2322  2322 D wpa_supplicant: WPS: attr type=0x1042 len=2
03-01 12:51:58.139  2322  2322 D wpa_supplicant: WPS: attr type=0x1054 len=8
03-01 12:51:58.139  2322  2322 D wpa_supplicant: WPS: attr type=0x1011 len=5
03-01 12:51:58.139  2322  2322 D wpa_supplicant: WPS: attr type=0x1008 len=2
03-01 12:51:58.139  2322  2322 D wpa_supplicant: WPS: attr type=0x103c len=1
03-01 12:51:58.139  2322  2322 D wpa_supplicant: WPS: attr type=0x1049 len=6
03-01 12:51:58.139  2322  2322 D wpa_supplicant: WPS: WFA subelement id=0 len=1
03-01 12:51:58.139  2322  2322 D wpa_supplicant: WPS: attr type=0x104a len=1
03-01 12:51:58.139  2322  2322 D wpa_supplicant: WPS: attr type=0x1044 len=1
03-01 12:51:58.139  2322  2322 D wpa_supplicant: WPS: attr type=0x103b len=1
03-01 12:51:58.139  2322  2322 D wpa_supplicant: WPS: attr type=0x1047 len=16
03-01 12:51:58.139  2322  2322 D wpa_supplicant: WPS: attr type=0x1021 len=13
03-01 12:51:58.139  2322  2322 D wpa_supplicant: WPS: attr type=0x1023 len=5
03-01 12:51:58.139  2322  2322 D wpa_supplicant: WPS: attr type=0x1024 len=5
03-01 12:51:58.139  2322  2322 D wpa_supplicant: WPS: attr type=0x1042 len=2
03-01 12:51:58.139  2322  2322 D wpa_supplicant: WPS: attr type=0x1054 len=8
03-01 12:51:58.139  2322  2322 D wpa_supplicant: WPS: attr type=0x1011 len=5
03-01 12:51:58.139  2322  2322 D wpa_supplicant: WPS: attr type=0x1008 len=2
03-01 12:51:58.139  2322  2322 D wpa_supplicant: WPS: attr type=0x103c len=1
03-01 12:51:58.139  2322  2322 D wpa_supplicant: WPS: attr type=0x1049 len=6
03-01 12:51:58.139  2322  2322 D wpa_supplicant: WPS: WFA subelement id=0 len=1
03-01 12:51:58.139  2322  2322 D wpa_supplicant: WPS: attr type=0x104a len=1
03-01 12:51:58.139  2322  2322 D wpa_supplicant: WPS: attr type=0x1044 len=1
03-01 12:51:58.139  2322  2322 D wpa_supplicant: WPS: attr type=0x103b len=1
03-01 12:51:58.139  2322  2322 D wpa_supplicant: WPS: attr type=0x1047 len=16
03-01 12:51:58.139  2322  2322 D wpa_supplicant: WPS: attr type=0x1021 len=13
03-01 12:51:58.139  2322  2322 D wpa_supplicant: WPS: attr type=0x1023 len=5
03-01 12:51:58.139  2322  2322 D wpa_supplicant: WPS: attr type=0x1024 len=5
03-01 12:51:58.139  2322  2322 D wpa_supplicant: WPS: attr type=0x1042 len=2
03-01 12:51:58.139  2322  2322 D wpa_supplicant: WPS: attr type=0x1054 len=8
03-01 12:51:58.139  2322  2322 D wpa_supplicant: WPS: attr type=0x1011 len=5
03-01 12:51:58.139  2322  2322 D wpa_supplicant: WPS: attr type=0x1008 len=2
03-01 12:51:58.139  2322  2322 D wpa_supplicant: WPS: attr type=0x103c len=1
03-01 12:51:58.139  2322  2322 D wpa_supplicant: WPS: attr type=0x1049 len=6
03-01 12:51:58.139  2322  2322 D wpa_supplicant: WPS: WFA subelement id=0 len=1
03-01 12:51:58.139  2322  2322 D wpa_supplicant: WPS: attr type=0x104a len=1
03-01 12:51:58.139  2322  2322 D wpa_supplicant: WPS: attr type=0x1044 len=1
03-01 12:51:58.139  2322  2322 D wpa_supplicant: WPS: attr type=0x103b len=1
03-01 12:51:58.139  2322  2322 D wpa_supplicant: WPS: attr type=0x1047 len=16
03-01 12:51:58.139  2322  2322 D wpa_supplicant: WPS: attr type=0x1021 len=13
03-01 12:51:58.139  2322  2322 D wpa_supplicant: WPS: attr type=0x1023 len=5
03-01 12:51:58.139  2322  2322 D wpa_supplicant: WPS: attr type=0x1024 len=5
03-01 12:51:58.139  2322  2322 D wpa_supplicant: WPS: attr type=0x1042 len=2
03-01 12:51:58.139  2322  2322 D wpa_supplicant: WPS: attr type=0x1054 len=8
03-01 12:51:58.139  2322  2322 D wpa_supplicant: WPS: attr type=0x1011 len=5
03-01 12:51:58.139  2322  2322 D wpa_supplicant: WPS: attr type=0x1008 len=2
03-01 12:51:58.139  2322  2322 D wpa_supplicant: WPS: attr type=0x103c len=1
03-01 12:51:58.139  2322  2322 D wpa_supplicant: WPS: attr type=0x1049 len=6
03-01 12:51:58.139  2322  2322 D wpa_supplicant: WPS: WFA subelement id=0 len=1
03-01 12:51:58.139  2322  2322 D wpa_supplicant: WPS: attr type=0x104a len=1
03-01 12:51:58.139  2322  2322 D wpa_supplicant: WPS: attr type=0x1044 len=1
03-01 12:51:58.139  2322  2322 D wpa_supplicant: WPS: attr type=0x103b len=1
03-01 12:51:58.139  2322  2322 D wpa_supplicant: WPS: attr type=0x1047 len=16
03-01 12:51:58.139  2322  2322 D wpa_supplicant: WPS: attr type=0x1021 len=13
03-01 12:51:58.139  2322  2322 D wpa_supplicant: WPS: attr type=0x1023 len=5
03-01 12:51:58.139  2322  2322 D wpa_supplicant: WPS: attr type=0x1024 len=5
03-01 12:51:58.139  2322  2322 D wpa_supplicant: WPS: attr type=0x1042 len=2
03-01 12:51:58.139  2322  2322 D wpa_supplicant: WPS: attr type=0x1054 len=8
03-01 12:51:58.139  2322  2322 D wpa_supplicant: WPS: attr type=0x1011 len=5
03-01 12:51:58.139  2322  2322 D wpa_supplicant: WPS: attr type=0x1008 len=2
03-01 12:51:58.139  2322  2322 D wpa_supplicant: WPS: attr type=0x103c len=1
03-01 12:51:58.139  2322  2322 D wpa_supplicant: WPS: attr type=0x1049 len=6
03-01 12:51:58.139  2322  2322 D wpa_supplicant: WPS: WFA subelement id=0 len=1
03-01 12:51:58.139  2322  2322 D wpa_supplicant: WPS: attr type=0x104a len=1
03-01 12:51:58.139  2322  2322 D wpa_supplicant: WPS: attr type=0x1044 len=1
03-01 12:51:58.139  2322  2322 D wpa_supplicant: WPS: attr type=0x103b len=1
03-01 12:51:58.139  2322  2322 D wpa_supplicant: WPS: attr type=0x1047 len=16
03-01 12:51:58.139  2322  2322 D wpa_supplicant: WPS: attr type=0x1021 len=13
03-01 12:51:58.139  2322  2322 D wpa_supplicant: WPS: attr type=0x1023 len=5
03-01 12:51:58.139  2322  2322 D wpa_supplicant: WPS: attr type=0x1024 len=5
03-01 12:51:58.139  2322  2322 D wpa_supplicant: WPS: attr type=0x1042 len=2
03-01 12:51:58.139  2322  2322 D wpa_supplicant: WPS: attr type=0x1054 len=8
03-01 12:51:58.139  2322  2322 D wpa_supplicant: WPS: attr type=0x1011 len=5
03-01 12:51:58.139  2322  2322 D wpa_supplicant: WPS: attr type=0x1008 len=2
03-01 12:51:58.139  2322  2322 D wpa_supplicant: WPS: attr type=0x103c len=1
03-01 12:51:58.139  2322  2322 D wpa_supplicant: WPS: attr type=0x1049 len=6
03-01 12:51:58.139  2322  2322 D wpa_supplicant: WPS: WFA subelement id=0 len=1
03-01 12:51:58.139  2322  2322 D wpa_supplicant: WPS: attr type=0x104a len=1
03-01 12:51:58.139  2322  2322 D wpa_supplicant: WPS: attr type=0x1044 len=1
03-01 12:51:58.139  2322  2322 D wpa_supplicant: WPS: attr type=0x103b len=1
03-01 12:51:58.139  2322  2322 D wpa_supplicant: WPS: attr type=0x1047 len=16
03-01 12:51:58.139  2322  2322 D wpa_supplicant: WPS: attr type=0x1021 len=24
03-01 12:51:58.139  2322  2322 D wpa_supplicant: WPS: attr type=0x1023 len=28
03-01 12:51:58.139  2322  2322 D wpa_supplicant: WPS: attr type=0x1024 len=6
03-01 12:51:58.139  2322  2322 D wpa_supplicant: WPS: attr type=0x1042 len=8
03-01 12:51:58.139  2322  2322 D wpa_supplicant: WPS: attr type=0x1054 len=8
03-01 12:51:58.139  2322  2322 D wpa_supplicant: WPS: attr type=0x1011 len=9
03-01 12:51:58.139  2322  2322 D wpa_supplicant: WPS: attr type=0x1008 len=2
03-01 12:51:58.139  2322  2322 D wpa_supplicant: WPS: attr type=0x103c len=1
03-01 12:51:58.139  2322  2322 D wpa_supplicant: WPS: attr type=0x104a len=1
03-01 12:51:58.139  2322  2322 D wpa_supplicant: WPS: attr type=0x1044 len=1
03-01 12:51:58.139  2322  2322 D wpa_supplicant: WPS: attr type=0x103b len=1
03-01 12:51:58.139  2322  2322 D wpa_supplicant: WPS: attr type=0x1047 len=16
03-01 12:51:58.139  2322  2322 D wpa_supplicant: WPS: attr type=0x1021 len=24
03-01 12:51:58.139  2322  2322 D wpa_supplicant: WPS: attr type=0x1023 len=28
03-01 12:51:58.139  2322  2322 D wpa_supplicant: WPS: attr type=0x1024 len=6
03-01 12:51:58.139  2322  2322 D wpa_supplicant: WPS: attr type=0x1042 len=8
03-01 12:51:58.139  2322  2322 D wpa_supplicant: WPS: attr type=0x1054 len=8
03-01 12:51:58.139  2322  2322 D wpa_supplicant: WPS: attr type=0x1011 len=9
03-01 12:51:58.139  2322  2322 D wpa_supplicant: WPS: attr type=0x1008 len=2
03-01 12:51:58.139  2322  2322 D wpa_supplicant: WPS: attr type=0x103c len=1
03-01 12:51:58.139  2322  2322 D wpa_supplicant: WPS: attr type=0x104a len=1
03-01 12:51:58.139  2322  2322 D wpa_supplicant: WPS: attr type=0x1044 len=1
03-01 12:51:58.139  2322  2322 D wpa_supplicant: WPS: attr type=0x103b len=1
03-01 12:51:58.139  2322  2322 D wpa_supplicant: WPS: attr type=0x1047 len=16
03-01 12:51:58.139  2322  2322 D wpa_supplicant: WPS: attr type=0x1021 len=24
03-01 12:51:58.139  2322  2322 D wpa_supplicant: WPS: attr type=0x1023 len=28
03-01 12:51:58.139  2322  2322 D wpa_supplicant: WPS: attr type=0x1024 len=6
03-01 12:51:58.139  2322  2322 D wpa_supplicant: WPS: attr type=0x1042 len=8
03-01 12:51:58.139  2322  2322 D wpa_supplicant: WPS: attr type=0x1054 len=8
03-01 12:51:58.139  2322  2322 D wpa_supplicant: WPS: attr type=0x1011 len=9
03-01 12:51:58.139  2322  2322 D wpa_supplicant: WPS: attr type=0x1008 len=2
03-01 12:51:58.139  2322  2322 D wpa_supplicant: WPS: attr type=0x103c len=1
03-01 12:51:58.139  2322  2322 D wpa_supplicant: WPS: attr type=0x104a len=1
03-01 12:51:58.139  2322  2322 D wpa_supplicant: WPS: attr type=0x1044 len=1
03-01 12:51:58.139  2322  2322 D wpa_supplicant: WPS: attr type=0x1057 len=1
03-01 12:51:58.139  2322  2322 D wpa_supplicant: WPS: attr type=0x1041 len=1
03-01 12:51:58.139  2322  2322 D wpa_supplicant: WPS: attr type=0x103b len=1
03-01 12:51:58.139  2322  2322 D wpa_supplicant: WPS: attr type=0x1047 len=16
03-01 12:51:58.139  2322  2322 D wpa_supplicant: WPS: attr type=0x1021 len=13
03-01 12:51:58.139  2322  2322 D wpa_supplicant: WPS: attr type=0x1023 len=7
03-01 12:51:58.139  2322  2322 D wpa_supplicant: WPS: attr type=0x1024 len=7
03-01 12:51:58.139  2322  2322 D wpa_supplicant: WPS: attr type=0x1042 len=4
03-01 12:51:58.139  2322  2322 D wpa_supplicant: WPS: attr type=0x1054 len=8
03-01 12:51:58.139  2322  2322 D wpa_supplicant: WPS: attr type=0x1011 len=7
03-01 12:51:58.139  2322  2322 D wpa_supplicant: WPS: attr type=0x1008 len=2
03-01 12:51:58.139  2322  2322 D wpa_supplicant: WPS: attr type=0x103c len=1
03-01 12:51:58.139  2322  2322 D wpa_supplicant: WPS: attr type=0x104a len=1
03-01 12:51:58.139  2322  2322 D wpa_supplicant: WPS: attr type=0x1044 len=1
03-01 12:51:58.139  2322  2322 D wpa_supplicant: WPS: attr type=0x1057 len=1
03-01 12:51:58.139  2322  2322 D wpa_supplicant: WPS: attr type=0x1041 len=1
03-01 12:51:58.139  2322  2322 D wpa_supplicant: WPS: attr type=0x103b len=1
03-01 12:51:58.139  2322  2322 D wpa_supplicant: WPS: attr type=0x1047 len=16
03-01 12:51:58.139  2322  2322 D wpa_supplicant: WPS: attr type=0x1021 len=13
03-01 12:51:58.139  2322  2322 D wpa_supplicant: WPS: attr type=0x1023 len=7
03-01 12:51:58.139  2322  2322 D wpa_supplicant: WPS: attr type=0x1024 len=7
03-01 12:51:58.139  2322  2322 D wpa_supplicant: WPS: attr type=0x1042 len=4
03-01 12:51:58.139  2322  2322 D wpa_supplicant: WPS: attr type=0x1054 len=8
03-01 12:51:58.139  2322  2322 D wpa_supplicant: WPS: attr type=0x1011 len=7
03-01 12:51:58.139  2322  2322 D wpa_supplicant: WPS: attr type=0x1008 len=2
03-01 12:51:58.139  2322  2322 D wpa_supplicant: WPS: attr type=0x103c len=1
03-01 12:51:58.139  2322  2322 D wpa_supplicant: WPS: attr type=0x104a len=1
03-01 12:51:58.139  2322  2322 D wpa_supplicant: WPS: attr type=0x1044 len=1
03-01 12:51:58.139  2322  2322 D wpa_supplicant: WPS: attr type=0x1057 len=1
03-01 12:51:58.139  2322  2322 D wpa_supplicant: WPS: attr type=0x1041 len=1
03-01 12:51:58.139  2322  2322 D wpa_supplicant: WPS: attr type=0x103b len=1
03-01 12:51:58.139  2322  2322 D wpa_supplicant: WPS: attr type=0x1047 len=16
03-01 12:51:58.139  2322  2322 D wpa_supplicant: WPS: attr type=0x1021 len=13
03-01 12:51:58.139  2322  2322 D wpa_supplicant: WPS: attr type=0x1023 len=7
03-01 12:51:58.139  2322  2322 D wpa_supplicant: WPS: attr type=0x1024 len=7
03-01 12:51:58.139  2322  2322 D wpa_supplicant: WPS: attr type=0x1042 len=4
03-01 12:51:58.139  2322  2322 D wpa_supplicant: WPS: attr type=0x1054 len=8
03-01 12:51:58.139  2322  2322 D wpa_supplicant: WPS: attr type=0x1011 len=7
03-01 12:51:58.139  2322  2322 D wpa_supplicant: WPS: attr type=0x1008 len=2
03-01 12:51:58.139  2322  2322 D wpa_supplicant: WPS: attr type=0x103c len=1
03-01 12:51:58.139  2322  2322 D wpa_supplicant: CTRL_IFACE monitor send - hexdump(len=39): 2f 64 61 74 61 2f 6d 69 73 63 2f 77 69 66 69 2f 73 6f 63 6b 65 74 73 2f 77 70 61 5f 63 74 72 6c ...
03-01 12:51:58.139  2322  2322 D wpa_supplicant: WPS: attr type=0x104a len=1
03-01 12:51:58.139  2322  2322 D wpa_supplicant: WPS: attr type=0x1044 len=1
03-01 12:51:58.139  2322  2322 D wpa_supplicant: WPS: attr type=0x103b len=1
03-01 12:51:58.139  2322  2322 D wpa_supplicant: WPS: attr type=0x1047 len=16
03-01 12:51:58.139  2322  2322 D wpa_supplicant: WPS: attr type=0x1021 len=9
03-01 12:51:58.139  2322  2322 D wpa_supplicant: WPS: attr type=0x1023 len=5
03-01 12:51:58.139  2322  2322 D wpa_supplicant: WPS: attr type=0x1024 len=9
03-01 12:51:58.139  2322  2322 D wpa_supplicant: WPS: attr type=0x1042 len=15
03-01 12:51:58.139  2322  2322 D wpa_supplicant: WPS: attr type=0x1054 len=8
03-01 12:51:58.139  2322  2322 D wpa_supplicant: WPS: attr type=0x1011 len=8
03-01 12:51:58.139  2322  2322 D wpa_supplicant: WPS: attr type=0x1008 len=2
03-01 12:51:58.139  2322  2322 D wpa_supplicant: WPS: attr type=0x103c len=1
03-01 12:51:58.139  2322  2322 D wpa_supplicant: WPS: attr type=0x1049 len=6
03-01 12:51:58.139  2322  2322 D wpa_supplicant: WPS: WFA subelement id=0 len=1
03-01 12:51:58.139  2322  2322 D wpa_supplicant: WPS: attr type=0x104a len=1
03-01 12:51:58.139  2322  2322 D wpa_supplicant: WPS: attr type=0x1044 len=1
03-01 12:51:58.139  2322  2322 D wpa_supplicant: WPS: attr type=0x103b len=1
03-01 12:51:58.139  2322  2322 D wpa_supplicant: WPS: attr type=0x1047 len=16
03-01 12:51:58.139  2322  2322 D wpa_supplicant: WPS: attr type=0x1021 len=13
03-01 12:51:58.139  2322  2322 D wpa_supplicant: WPS: attr type=0x1023 len=5
03-01 12:51:58.139  2322  2322 D wpa_supplicant: WPS: attr type=0x1024 len=5
03-01 12:51:58.139  2322  2322 D wpa_supplicant: WPS: attr type=0x1042 len=2
03-01 12:51:58.139  2322  2322 D wpa_supplicant: WPS: attr type=0x1054 len=8
03-01 12:51:58.139  2322  2322 D wpa_supplicant: WPS: attr type=0x1011 len=5
03-01 12:51:58.139  2322  2322 D wpa_supplicant: WPS: attr type=0x1008 len=2
03-01 12:51:58.139  2322  2322 D wpa_supplicant: WPS: attr type=0x103c len=1
03-01 12:51:58.139  2322  2322 D wpa_supplicant: WPS: attr type=0x1049 len=6
03-01 12:51:58.139  2322  2322 D wpa_supplicant: WPS: WFA subelement id=0 len=1
03-01 12:51:58.139  2322  2322 D wpa_supplicant: WPS: attr type=0x104a len=1
03-01 12:51:58.139  2322  2322 D wpa_supplicant: WPS: attr type=0x1044 len=1
03-01 12:51:58.139  2322  2322 D wpa_supplicant: WPS: attr type=0x103b len=1
03-01 12:51:58.139  2322  2322 D wpa_supplicant: WPS: attr type=0x1047 len=16
03-01 12:51:58.139  2322  2322 D wpa_supplicant: WPS: attr type=0x1021 len=13
03-01 12:51:58.139  2322  2322 D wpa_supplicant: WPS: attr type=0x1023 len=5
03-01 12:51:58.139  2322  2322 D wpa_supplicant: WPS: attr type=0x1024 len=5
03-01 12:51:58.139  2322  2322 D wpa_supplicant: WPS: attr type=0x1042 len=2
03-01 12:51:58.139  2322  2322 D wpa_supplicant: WPS: attr type=0x1054 len=8
03-01 12:51:58.139  2322  2322 D wpa_supplicant: WPS: attr type=0x1011 len=5
03-01 12:51:58.139  2322  2322 D wpa_supplicant: WPS: attr type=0x1008 len=2
03-01 12:51:58.139  2322  2322 D wpa_supplicant: WPS: attr type=0x103c len=1
03-01 12:51:58.139  2322  2322 D wpa_supplicant: WPS: attr type=0x1049 len=6
03-01 12:51:58.139  2322  2322 D wpa_supplicant: WPS: WFA subelement id=0 len=1
03-01 12:51:58.139  2322  2322 D wpa_supplicant: WPS: attr type=0x104a len=1
03-01 12:51:58.139  2322  2322 D wpa_supplicant: WPS: attr type=0x1044 len=1
03-01 12:51:58.139  2322  2322 D wpa_supplicant: WPS: attr type=0x103b len=1
03-01 12:51:58.139  2322  2322 D wpa_supplicant: WPS: attr type=0x1047 len=16
03-01 12:51:58.139  2322  2322 D wpa_supplicant: WPS: attr type=0x1021 len=24
03-01 12:51:58.139  2322  2322 D wpa_supplicant: WPS: attr type=0x1023 len=28
03-01 12:51:58.139  2322  2322 D wpa_supplicant: WPS: attr type=0x1024 len=6
03-01 12:51:58.139  2322  2322 D wpa_supplicant: WPS: attr type=0x1042 len=8
03-01 12:51:58.139  2322  2322 D wpa_supplicant: WPS: attr type=0x1054 len=8
03-01 12:51:58.139  2322  2322 D wpa_supplicant: WPS: attr type=0x1011 len=9
03-01 12:51:58.139  2322  2322 D wpa_supplicant: WPS: attr type=0x1008 len=2
03-01 12:51:58.139  2322  2322 D wpa_supplicant: WPS: attr type=0x103c len=1
03-01 12:51:58.139  2322  2322 D wpa_supplicant: WPS: attr type=0x104a len=1
03-01 12:51:58.139  2322  2322 D wpa_supplicant: WPS: attr type=0x1044 len=1
03-01 12:51:58.139  2322  2322 D wpa_supplicant: WPS: attr type=0x1057 len=1
03-01 12:51:58.139  2322  2322 D wpa_supplicant: WPS: attr type=0x1041 len=1
03-01 12:51:58.139  2322  2322 D wpa_supplicant: WPS: attr type=0x103b len=1
03-01 12:51:58.139  2322  2322 D wpa_supplicant: WPS: attr type=0x1047 len=16
03-01 12:51:58.139  2322  2322 D wpa_supplicant: WPS: attr type=0x1021 len=13
03-01 12:51:58.139  2322  2322 D wpa_supplicant: WPS: attr type=0x1023 len=7
03-01 12:51:58.139  2322  2322 D wpa_supplicant: WPS: attr type=0x1024 len=7
03-01 12:51:58.139  2322  2322 D wpa_supplicant: WPS: attr type=0x1042 len=4
03-01 12:51:58.139  2322  2322 D wpa_supplicant: WPS: attr type=0x1054 len=8
03-01 12:51:58.139  2322  2322 D wpa_supplicant: WPS: attr type=0x1011 len=7
03-01 12:51:58.139  2322  2322 D wpa_supplicant: WPS: attr type=0x1008 len=2
03-01 12:51:58.139  2322  2322 D wpa_supplicant: WPS: attr type=0x103c len=1
03-01 12:51:58.139  2322  2322 D wpa_supplicant: WPS: AP[0] e8:fc:af:ff:3a:33 type=0 tries=0 last_attempt=-1 sec ago blacklist=0
03-01 12:51:58.139  2322  2322 D wpa_supplicant: WPS: AP[1] d4:bf:7f:50:25:d7 type=0 tries=0 last_attempt=-1 sec ago blacklist=0
03-01 12:51:58.139  2322  2322 D wpa_supplicant: WPS: AP[2] e8:fc:af:ff:3a:34 type=0 tries=0 last_attempt=-1 sec ago blacklist=0
03-01 12:51:58.139  2322  2322 D wpa_supplicant: WPS: AP[3] d4:bf:7f:50:25:d2 type=0 tries=0 last_attempt=-1 sec ago blacklist=0
03-01 12:51:58.139  2322  2322 D wpa_supplicant: WPS: AP[4] ec:43:f6:da:f7:48 type=0 tries=0 last_attempt=-1 sec ago blacklist=0
03-01 12:51:58.139  2322  2322 D wpa_supplicant: WPS: AP[5] 00:24:b2:5a:54:33 type=0 tries=0 last_attempt=-1 sec ago blacklist=0
03-01 12:51:58.139  2322  2322 D wpa_supplicant: WPS: AP[6] 1c:87:2c:6c:c3:50 type=0 tries=0 last_attempt=-1 sec ago blacklist=0
03-01 12:51:58.139  2322  2322 D wpa_supplicant: p2p0: No suitable network found
03-01 12:51:58.139  2322  2322 D wpa_supplicant: p2p0: Short-circuit new scan request since there are no enabled networks
03-01 12:51:58.139  2322  2322 D wpa_supplicant: p2p0: State: INACTIVE -> INACTIVE
03-01 12:51:58.139  2322  2322 D wpa_supplicant: wlan0: P2P: Station mode scan operation not pending anymore (sta_scan_pending=0 p2p_cb_on_scan_complete=0)
03-01 12:51:58.139  2322  2322 D wpa_supplicant: nl80211: Drv Event 32 (NL80211_CMD_GET_SCAN) received for wlan0
03-01 12:51:58.139  2322  2322 D wpa_supplicant: wlan0: nl80211: Ignored unknown event (cmd=32)
03-01 12:51:58.139  2322  2322 D wpa_supplicant: RX ctrl_iface - hexdump(len=25): 42 53 53 20 52 41 4e 47 45 3d 30 2d 20 4d 41 53 4b 3d 30 78 32 31 39 38 37
03-01 12:51:58.139  2322  2322 D wpa_supplicant: wlan0: Control interface command 'BSS RANGE=0- MASK=0x21987'
03-01 12:51:58.139  2322  2322 D wpa_supplicant: WPS: attr type=0x104a len=1
03-01 12:51:58.139  2322  2322 D wpa_supplicant: WPS: attr type=0x1044 len=1
03-01 12:51:58.139  2322  2322 D wpa_supplicant: WPS: attr type=0x103b len=1
03-01 12:51:58.139  2322  2322 D wpa_supplicant: WPS: attr type=0x1047 len=16
03-01 12:51:58.139  2322  2322 D wpa_supplicant: WPS: attr type=0x1021 len=13
03-01 12:51:58.139  2322  2322 D wpa_supplicant: WPS: attr type=0x1023 len=5
03-01 12:51:58.139  2322  2322 D wpa_supplicant: WPS: attr type=0x1024 len=5
03-01 12:51:58.139  2322  2322 D wpa_supplicant: WPS: attr type=0x1042 len=2
03-01 12:51:58.139  2322  2322 D wpa_supplicant: WPS: attr type=0x1054 len=8
03-01 12:51:58.139  2322  2322 D wpa_supplicant: WPS: attr type=0x1011 len=5
03-01 12:51:58.139  2322  2322 D wpa_supplicant: WPS: attr type=0x1008 len=2
03-01 12:51:58.139  2322  2322 D wpa_supplicant: WPS: attr type=0x103c len=1
03-01 12:51:58.139  2322  2322 D wpa_supplicant: WPS: attr type=0x1049 len=6
03-01 12:51:58.139  2322  2322 D wpa_supplicant: WPS: WFA subelement id=0 len=1
03-01 12:51:58.139  2322  2322 D wpa_supplicant: WPS: attr type=0x104a len=1
03-01 12:51:58.139  2322  2322 D wpa_supplicant: WPS: attr type=0x1044 len=1
03-01 12:51:58.139  2322  2322 D wpa_supplicant: WPS: attr type=0x103b len=1
03-01 12:51:58.139  2322  2322 D wpa_supplicant: WPS: attr type=0x1047 len=16
03-01 12:51:58.139  2322  2322 D wpa_supplicant: WPS: attr type=0x1021 len=13
03-01 12:51:58.139  2322  2322 D wpa_supplicant: WPS: attr type=0x1023 len=5
03-01 12:51:58.139  2322  2322 D wpa_supplicant: WPS: attr type=0x1024 len=5
03-01 12:51:58.139  2322  2322 D wpa_supplicant: WPS: attr type=0x1042 len=2
03-01 12:51:58.139  2322  2322 D wpa_supplicant: WPS: attr type=0x1054 len=8
03-01 12:51:58.139  2322  2322 D wpa_supplicant: WPS: attr type=0x1011 len=5
03-01 12:51:58.139  2322  2322 D wpa_supplicant: WPS: attr type=0x1008 len=2
03-01 12:51:58.139  2322  2322 D wpa_supplicant: WPS: attr type=0x103c len=1
03-01 12:51:58.139  2322  2322 D wpa_supplicant: WPS: attr type=0x1049 len=6
03-01 12:51:58.139  2322  2322 D wpa_supplicant: WPS: WFA subelement id=0 len=1
03-01 12:51:58.139  2322  2322 D wpa_supplicant: WPS: attr type=0x104a len=1
03-01 12:51:58.139  2322  2322 D wpa_supplicant: WPS: attr type=0x1044 len=1
03-01 12:51:58.139  2322  2322 D wpa_supplicant: WPS: attr type=0x103b len=1
03-01 12:51:58.139  2322  2322 D wpa_supplicant: WPS: attr type=0x1047 len=16
03-01 12:51:58.139  2322  2322 D wpa_supplicant: WPS: attr type=0x1021 len=13
03-01 12:51:58.139  2322  2322 D wpa_supplicant: WPS: attr type=0x1023 len=5
03-01 12:51:58.139  2322  2322 D wpa_supplicant: WPS: attr type=0x1024 len=5
03-01 12:51:58.139  2322  2322 D wpa_supplicant: WPS: attr type=0x1042 len=2
03-01 12:51:58.139  2322  2322 D wpa_supplicant: WPS: attr type=0x1054 len=8
03-01 12:51:58.139  2322  2322 D wpa_supplicant: WPS: attr type=0x1011 len=5
03-01 12:51:58.139  2322  2322 D wpa_supplicant: WPS: attr type=0x1008 len=2
03-01 12:51:58.139  2322  2322 D wpa_supplicant: WPS: attr type=0x103c len=1
03-01 12:51:58.139  2322  2322 D wpa_supplicant: WPS: attr type=0x1049 len=6
03-01 12:51:58.139  2322  2322 D wpa_supplicant: WPS: WFA subelement id=0 len=1
03-01 12:51:58.139  2322  2322 D wpa_supplicant: WPS: attr type=0x104a len=1
03-01 12:51:58.139  2322  2322 D wpa_supplicant: WPS: attr type=0x1044 len=1
03-01 12:51:58.139  2322  2322 D wpa_supplicant: WPS: attr type=0x103b len=1
03-01 12:51:58.139  2322  2322 D wpa_supplicant: WPS: attr type=0x1047 len=16
03-01 12:51:58.139  2322  2322 D wpa_supplicant: WPS: attr type=0x1021 len=9
03-01 12:51:58.139  2322  2322 D wpa_supplicant: WPS: attr type=0x1023 len=5
03-01 12:51:58.139  2322  2322 D wpa_supplicant: WPS: attr type=0x1024 len=9
03-01 12:51:58.139  2322  2322 D wpa_supplicant: WPS: attr type=0x1042 len=15
03-01 12:51:58.139  2322  2322 D wpa_supplicant: WPS: attr type=0x1054 len=8
03-01 12:51:58.139  2322  2322 D wpa_supplicant: WPS: attr type=0x1011 len=8
03-01 12:51:58.139  2322  2322 D wpa_supplicant: WPS: attr type=0x1008 len=2
03-01 12:51:58.139  2322  2322 D wpa_supplicant: WPS: attr type=0x103c len=1
03-01 12:51:58.139  2322  2322 D wpa_supplicant: WPS: attr type=0x1049 len=6
03-01 12:51:58.139  2322  2322 D wpa_supplicant: WPS: WFA subelement id=0 len=1
03-01 12:51:58.139  2322  2322 D wpa_supplicant: WPS: attr type=0x104a len=1
03-01 12:51:58.139  2322  2322 D wpa_supplicant: WPS: attr type=0x1044 len=1
03-01 12:51:58.139  2322  2322 D wpa_supplicant: WPS: attr type=0x103b len=1
03-01 12:51:58.139  2322  2322 D wpa_supplicant: WPS: attr type=0x1047 len=16
03-01 12:51:58.139  2322  2322 D wpa_supplicant: WPS: attr type=0x1021 len=9
03-01 12:51:58.139  2322  2322 D wpa_supplicant: WPS: attr type=0x1023 len=5
03-01 12:51:58.149  2322  2322 D wpa_supplicant: WPS: attr type=0x1024 len=9
03-01 12:51:58.149  2322  2322 D wpa_supplicant: WPS: attr type=0x1042 len=15
03-01 12:51:58.149  2322  2322 D wpa_supplicant: WPS: attr type=0x1054 len=8
03-01 12:51:58.149  2322  2322 D wpa_supplicant: WPS: attr type=0x1011 len=8
03-01 12:51:58.149  2322  2322 D wpa_supplicant: WPS: attr type=0x1008 len=2
03-01 12:51:58.149  2322  2322 D wpa_supplicant: WPS: attr type=0x103c len=1
03-01 12:51:58.149  2322  2322 D wpa_supplicant: WPS: attr type=0x1049 len=6
03-01 12:51:58.149  2322  2322 D wpa_supplicant: WPS: WFA subelement id=0 len=1
03-01 12:51:58.149  2322  2322 D wpa_supplicant: WPS: attr type=0x104a len=1
03-01 12:51:58.149  2322  2322 D wpa_supplicant: WPS: attr type=0x1044 len=1
03-01 12:51:58.149  2322  2322 D wpa_supplicant: WPS: attr type=0x103b len=1
03-01 12:51:58.149  2322  2322 D wpa_supplicant: WPS: attr type=0x1047 len=16
03-01 12:51:58.149  2322  2322 D wpa_supplicant: WPS: attr type=0x1021 len=9
03-01 12:51:58.149  2322  2322 D wpa_supplicant: WPS: attr type=0x1023 len=5
03-01 12:51:58.149  2322  2322 D wpa_supplicant: WPS: attr type=0x1024 len=9
03-01 12:51:58.149  2322  2322 D wpa_supplicant: WPS: attr type=0x1042 len=15
03-01 12:51:58.149  2322  2322 D wpa_supplicant: WPS: attr type=0x1054 len=8
03-01 12:51:58.149  2322  2322 D wpa_supplicant: WPS: attr type=0x1011 len=8
03-01 12:51:58.149  2322  2322 D wpa_supplicant: WPS: attr type=0x1008 len=2
03-01 12:51:58.149  2322  2322 D wpa_supplicant: WPS: attr type=0x103c len=1
03-01 12:51:58.149  2322  2322 D wpa_supplicant: WPS: attr type=0x1049 len=6
03-01 12:51:58.149  2322  2322 D wpa_supplicant: WPS: WFA subelement id=0 len=1
03-01 12:51:58.149  2322  2322 D wpa_supplicant: WPS: attr type=0x104a len=1
03-01 12:51:58.149  2322  2322 D wpa_supplicant: WPS: attr type=0x1044 len=1
03-01 12:51:58.149  2322  2322 D wpa_supplicant: WPS: attr type=0x103b len=1
03-01 12:51:58.149  2322  2322 D wpa_supplicant: WPS: attr type=0x1047 len=16
03-01 12:51:58.149  2322  2322 D wpa_supplicant: WPS: attr type=0x1021 len=13
03-01 12:51:58.149  2322  2322 D wpa_supplicant: WPS: attr type=0x1023 len=5
03-01 12:51:58.149  2322  2322 D wpa_supplicant: WPS: attr type=0x1024 len=5
03-01 12:51:58.149  2322  2322 D wpa_supplicant: WPS: attr type=0x1042 len=2
03-01 12:51:58.149  2322  2322 D wpa_supplicant: WPS: attr type=0x1054 len=8
03-01 12:51:58.149  2322  2322 D wpa_supplicant: WPS: attr type=0x1011 len=5
03-01 12:51:58.149  2322  2322 D wpa_supplicant: WPS: attr type=0x1008 len=2
03-01 12:51:58.149  2322  2322 D wpa_supplicant: WPS: attr type=0x103c len=1
03-01 12:51:58.149  2322  2322 D wpa_supplicant: WPS: attr type=0x1049 len=6
03-01 12:51:58.149  2322  2322 D wpa_supplicant: WPS: WFA subelement id=0 len=1
03-01 12:51:58.149  2322  2322 D wpa_supplicant: WPS: attr type=0x104a len=1
03-01 12:51:58.149  2322  2322 D wpa_supplicant: WPS: attr type=0x1044 len=1
03-01 12:51:58.149  2322  2322 D wpa_supplicant: WPS: attr type=0x103b len=1
03-01 12:51:58.149  2322  2322 D wpa_supplicant: WPS: attr type=0x1047 len=16
03-01 12:51:58.149  2322  2322 D wpa_supplicant: WPS: attr type=0x1021 len=13
03-01 12:51:58.149  2322  2322 D wpa_supplicant: WPS: attr type=0x1023 len=5
03-01 12:51:58.149  2322  2322 D wpa_supplicant: WPS: attr type=0x1024 len=5
03-01 12:51:58.149  2322  2322 D wpa_supplicant: WPS: attr type=0x1042 len=2
03-01 12:51:58.149  2322  2322 D wpa_supplicant: WPS: attr type=0x1054 len=8
03-01 12:51:58.149  2322  2322 D wpa_supplicant: WPS: attr type=0x1011 len=5
03-01 12:51:58.149  2322  2322 D wpa_supplicant: WPS: attr type=0x1008 len=2
03-01 12:51:58.149  2322  2322 D wpa_supplicant: WPS: attr type=0x103c len=1
03-01 12:51:58.149  2322  2322 D wpa_supplicant: WPS: attr type=0x1049 len=6
03-01 12:51:58.149  2322  2322 D wpa_supplicant: WPS: WFA subelement id=0 len=1
03-01 12:51:58.149  2322  2322 D wpa_supplicant: WPS: attr type=0x104a len=1
03-01 12:51:58.149  2322  2322 D wpa_supplicant: WPS: attr type=0x1044 len=1
03-01 12:51:58.149  2322  2322 D wpa_supplicant: WPS: attr type=0x103b len=1
03-01 12:51:58.149  2322  2322 D wpa_supplicant: WPS: attr type=0x1047 len=16
03-01 12:51:58.149  2322  2322 D wpa_supplicant: WPS: attr type=0x1021 len=13
03-01 12:51:58.149  2322  2322 D wpa_supplicant: WPS: attr type=0x1023 len=5
03-01 12:51:58.149  2322  2322 D wpa_supplicant: WPS: attr type=0x1024 len=5
03-01 12:51:58.149  2322  2322 D wpa_supplicant: WPS: attr type=0x1042 len=2
03-01 12:51:58.149  2322  2322 D wpa_supplicant: WPS: attr type=0x1054 len=8
03-01 12:51:58.149  2322  2322 D wpa_supplicant: WPS: attr type=0x1011 len=5
03-01 12:51:58.149  2322  2322 D wpa_supplicant: WPS: attr type=0x1008 len=2
03-01 12:51:58.149  2322  2322 D wpa_supplicant: WPS: attr type=0x103c len=1
03-01 12:51:58.149  2322  2322 D wpa_supplicant: WPS: attr type=0x1049 len=6
03-01 12:51:58.149  2322  2322 D wpa_supplicant: WPS: WFA subelement id=0 len=1
03-01 12:51:58.149  2322  2322 D wpa_supplicant: WPS: attr type=0x104a len=1
03-01 12:51:58.149  2322  2322 D wpa_supplicant: WPS: attr type=0x1044 len=1
03-01 12:51:58.149  2322  2322 D wpa_supplicant: WPS: attr type=0x103b len=1
03-01 12:51:58.149  2322  2322 D wpa_supplicant: WPS: attr type=0x1047 len=16
03-01 12:51:58.149  2322  2322 D wpa_supplicant: WPS: attr type=0x1021 len=24
03-01 12:51:58.149  2322  2322 D wpa_supplicant: WPS: attr type=0x1023 len=28
03-01 12:51:58.149  2322  2322 D wpa_supplicant: WPS: attr type=0x1024 len=6
03-01 12:51:58.149  2322  2322 D wpa_supplicant: WPS: attr type=0x1042 len=8
03-01 12:51:58.149  2322  2322 D wpa_supplicant: WPS: attr type=0x1054 len=8
03-01 12:51:58.149  2322  2322 D wpa_supplicant: WPS: attr type=0x1011 len=9
03-01 12:51:58.149  2322  2322 D wpa_supplicant: WPS: attr type=0x1008 len=2
03-01 12:51:58.149  2322  2322 D wpa_supplicant: WPS: attr type=0x103c len=1
03-01 12:51:58.149  2322  2322 D wpa_supplicant: WPS: attr type=0x104a len=1
03-01 12:51:58.149  2322  2322 D wpa_supplicant: WPS: attr type=0x1044 len=1
03-01 12:51:58.149  2322  2322 D wpa_supplicant: WPS: attr type=0x103b len=1
03-01 12:51:58.149  2322  2322 D wpa_supplicant: WPS: attr type=0x1047 len=16
03-01 12:51:58.149  2322  2322 D wpa_supplicant: WPS: attr type=0x1021 len=24
03-01 12:51:58.149  2322  2322 D wpa_supplicant: WPS: attr type=0x1023 len=28
03-01 12:51:58.149  2322  2322 D wpa_supplicant: WPS: attr type=0x1024 len=6
03-01 12:51:58.149  2322  2322 D wpa_supplicant: WPS: attr type=0x1042 len=8
03-01 12:51:58.149  2322  2322 D wpa_supplicant: WPS: attr type=0x1054 len=8
03-01 12:51:58.149  2322  2322 D wpa_supplicant: WPS: attr type=0x1011 len=9
03-01 12:51:58.149  2322  2322 D wpa_supplicant: WPS: attr type=0x1008 len=2
03-01 12:51:58.149  2322  2322 D wpa_supplicant: WPS: attr type=0x103c len=1
03-01 12:51:58.149  2322  2322 D wpa_supplicant: WPS: attr type=0x104a len=1
03-01 12:51:58.149  2322  2322 D wpa_supplicant: WPS: attr type=0x1044 len=1
03-01 12:51:58.149  2322  2322 D wpa_supplicant: WPS: attr type=0x103b len=1
03-01 12:51:58.149  2322  2322 D wpa_supplicant: WPS: attr type=0x1047 len=16
03-01 12:51:58.149  2322  2322 D wpa_supplicant: WPS: attr type=0x1021 len=24
03-01 12:51:58.149  2322  2322 D wpa_supplicant: WPS: attr type=0x1023 len=28
03-01 12:51:58.149  2322  2322 D wpa_supplicant: WPS: attr type=0x1024 len=6
03-01 12:51:58.149  2322  2322 D wpa_supplicant: WPS: attr type=0x1042 len=8
03-01 12:51:58.149  2322  2322 D wpa_supplicant: WPS: attr type=0x1054 len=8
03-01 12:51:58.149  2322  2322 D wpa_supplicant: WPS: attr type=0x1011 len=9
03-01 12:51:58.149  2322  2322 D wpa_supplicant: WPS: attr type=0x1008 len=2
03-01 12:51:58.149  2322  2322 D wpa_supplicant: WPS: attr type=0x103c len=1
03-01 12:51:58.149  2322  2322 D wpa_supplicant: WPS: attr type=0x104a len=1
03-01 12:51:58.149  2322  2322 D wpa_supplicant: WPS: attr type=0x1044 len=1
03-01 12:51:58.149  2322  2322 D wpa_supplicant: WPS: attr type=0x1057 len=1
03-01 12:51:58.149  2322  2322 D wpa_supplicant: WPS: attr type=0x1041 len=1
03-01 12:51:58.149  2322  2322 D wpa_supplicant: WPS: attr type=0x103b len=1
03-01 12:51:58.149  2322  2322 D wpa_supplicant: WPS: attr type=0x1047 len=16
03-01 12:51:58.149  2322  2322 D wpa_supplicant: WPS: attr type=0x1021 len=13
03-01 12:51:58.149  2322  2322 D wpa_supplicant: WPS: attr type=0x1023 len=7
03-01 12:51:58.149  2322  2322 D wpa_supplicant: WPS: attr type=0x1024 len=7
03-01 12:51:58.149  2322  2322 D wpa_supplicant: WPS: attr type=0x1042 len=4
03-01 12:51:58.149  2322  2322 D wpa_supplicant: WPS: attr type=0x1054 len=8
03-01 12:51:58.149  2322  2322 D wpa_supplicant: WPS: attr type=0x1011 len=7
03-01 12:51:58.149  2322  2322 D wpa_supplicant: WPS: attr type=0x1008 len=2
03-01 12:51:58.149  2322  2322 D wpa_supplicant: WPS: attr type=0x103c len=1
03-01 12:51:58.149  2322  2322 D wpa_supplicant: WPS: attr type=0x104a len=1
03-01 12:51:58.149  2322  2322 D wpa_supplicant: WPS: attr type=0x1044 len=1
03-01 12:51:58.149  2322  2322 D wpa_supplicant: WPS: attr type=0x1057 len=1
03-01 12:51:58.149  2322  2322 D wpa_supplicant: WPS: attr type=0x1041 len=1
03-01 12:51:58.149  2322  2322 D wpa_supplicant: WPS: attr type=0x103b len=1
03-01 12:51:58.149  2322  2322 D wpa_supplicant: WPS: attr type=0x1047 len=16
03-01 12:51:58.149  2322  2322 D wpa_supplicant: WPS: attr type=0x1021 len=13
03-01 12:51:58.149  2322  2322 D wpa_supplicant: WPS: attr type=0x1023 len=7
03-01 12:51:58.149  2322  2322 D wpa_supplicant: WPS: attr type=0x1024 len=7
03-01 12:51:58.149  2322  2322 D wpa_supplicant: WPS: attr type=0x1042 len=4
03-01 12:51:58.149  2322  2322 D wpa_supplicant: WPS: attr type=0x1054 len=8
03-01 12:51:58.149  2322  2322 D wpa_supplicant: WPS: attr type=0x1011 len=7
03-01 12:51:58.149  2322  2322 D wpa_supplicant: WPS: attr type=0x1008 len=2
03-01 12:51:58.149  2322  2322 D wpa_supplicant: WPS: attr type=0x103c len=1
03-01 12:51:58.149  2322  2322 D wpa_supplicant: WPS: attr type=0x104a len=1
03-01 12:51:58.149  2322  2322 D wpa_supplicant: WPS: attr type=0x1044 len=1
03-01 12:51:58.149  2322  2322 D wpa_supplicant: WPS: attr type=0x1057 len=1
03-01 12:51:58.149  2322  2322 D wpa_supplicant: WPS: attr type=0x1041 len=1
03-01 12:51:58.149  2322  2322 D wpa_supplicant: WPS: attr type=0x103b len=1
03-01 12:51:58.149  2322  2322 D wpa_supplicant: WPS: attr type=0x1047 len=16
03-01 12:51:58.149  2322  2322 D wpa_supplicant: WPS: attr type=0x1021 len=13
03-01 12:51:58.149  2322  2322 D wpa_supplicant: WPS: attr type=0x1023 len=7
03-01 12:51:58.149  2322  2322 D wpa_supplicant: WPS: attr type=0x1024 len=7
03-01 12:51:58.149  2322  2322 D wpa_supplicant: WPS: attr type=0x1042 len=4
03-01 12:51:58.149  2322  2322 D wpa_supplicant: WPS: attr type=0x1054 len=8
03-01 12:51:58.149  2322  2322 D wpa_supplicant: WPS: attr type=0x1011 len=7
03-01 12:51:58.149  2322  2322 D wpa_supplicant: WPS: attr type=0x1008 len=2
03-01 12:51:58.149  2322  2322 D wpa_supplicant: WPS: attr type=0x103c len=1
03-01 12:51:58.149  2322  2322 D wpa_supplicant: RTM_NEWLINK: operstate=1 ifi_flags=0x11043 ([UP][RUNNING][LOWER_UP])
03-01 12:51:58.149  2322  2322 D wpa_supplicant: RTM_NEWLINK, IFLA_IFNAME: Interface 'wlan0' added
03-01 12:51:58.149  2322  2322 D wpa_supplicant: nl80211: if_removed already cleared - ignore event
03-01 12:51:58.159   968  1563 D LBSSystemMonitorService: handleMessage what - 4
03-01 12:51:58.159   968  1563 D Wiper_jni: Send Network Location.
03-01 12:51:58.159   968  1348 E LocSvc_api_v02: I/---> locClientSendReq line 2360 QMI_LOC_INJECT_WIFI_POSITION_REQ_V02
03-01 12:51:58.159   968  1397 E LocSvc_ApiV02: I/<--- void globalRespCb(locClientHandleType, uint32_t, locClientRespIndUnionType, void*) line 106 QMI_LOC_INJECT_WIFI_POSITION_REQ_V02
03-01 12:51:58.169  1379  1594 W XTWiFiLP: No fix from XTWiFi-PE
03-01 12:51:58.169  1379  1594 W XTWiFiLP: No WiFi scan result from XTWiFi-PE
03-01 12:51:58.549 31632 31719 E mm-camera: msg_bus_post_msg : Discard the bus msg's that got stagnated in the queue
03-01 12:51:58.739  2402  2416 E QcrilMsgTunnelSocket: IOException - java.io.IOException: No such file or directory Reason: No such file or directory
03-01 12:51:58.869  2322  2322 D wpa_supplicant: RX ctrl_iface - hexdump(len=11): 53 49 47 4e 41 4c 5f 50 4f 4c 4c
03-01 12:51:58.869  2322  2322 D wpa_supplicant: wlan0: Control interface command 'SIGNAL_POLL'
03-01 12:51:58.869  2322  2322 D wpa_supplicant: nl80211: survey data missing!
03-01 12:52:00.869  1198  1198 D StatusBar.NetworkController: refreshViews: Data not connected!! Set no data type icon / Roaming
03-01 12:52:00.869  1198  1198 D StatusBar.NetworkController: refreshViews connected={ wifi } level=0 combinedSignalIconId=0x7f0200a3/com.android.systemui:drawable/stat_sys_wifi_signal_3_fully mobileLabel= wifiLabel="AllieGO 5GHz"xxxxXXXXxxxxXXXX emergencyOnly=false combinedLabel="AllieGO 5GHz"xxxxXXXXxxxxXXXX mAirplaneMode=false mDataActivity=0 mPhoneSignalIconId=0x0 mQSPhoneSignalIconId=0x0 mDataDirectionIconId=0x0 mDataSignalIconId=0x0 mDataTypeIconId=0x0 mQSDataTypeIconId=0x0 mNoSimIconId=0x0 mWifiIconId=0x7f0200a3 mQSWifiIconId=0x7f02005b mBluetoothTetherIconId=0x10805cc
03-01 12:52:01.459 18833 18833 D QSEECOMAPI: : QSEECom_get_handle sb_length = 0x2000
03-01 12:52:01.459 18833 18833 D QSEECOMAPI: : App is not loaded in QSEE
03-01 12:52:01.459 18833 18833 E QSEECOMAPI: : Error::Cannot open the file /vendor/firmware/keymaster/keymaster.mdt
03-01 12:52:01.459 18833 18833 E QSEECOMAPI: : Error::Loading image failed with ret = -1
03-01 12:52:01.469 18833 18833 D QSEECOMAPI: : QSEECom_get_handle sb_length = 0x2000
03-01 12:52:01.469 18833 18833 D QSEECOMAPI: : App is not loaded in QSEE
03-01 12:52:01.469 18833 18833 E QSEECOMAPI: : Error::Cannot open the file /firmware/image/keymaste.mdt
03-01 12:52:01.469 18833 18833 E QSEECOMAPI: : Error::Loading image failed with ret = -1
03-01 12:52:01.479 18833 18833 E QCOMKeyMaster: Loading keymaster app failied
03-01 12:52:01.479 18833 18833 E keystore: could not open keymaster device in keystore (Operation not permitted)
03-01 12:52:01.479 18833 18833 E keystore: keystore keymaster could not be initialized; exiting
03-01 12:52:01.869  1198  1198 D StatusBar.NetworkController: refreshViews: Data not connected!! Set no data type icon / Roaming
03-01 12:52:01.869  1198  1198 D StatusBar.NetworkController: refreshViews connected={ wifi } level=0 combinedSignalIconId=0x7f0200a3/com.android.systemui:drawable/stat_sys_wifi_signal_3_fully mobileLabel= wifiLabel="AllieGO 5GHz"xxxxXXXXxxxxXXXX emergencyOnly=false combinedLabel="AllieGO 5GHz"xxxxXXXXxxxxXXXX mAirplaneMode=false mDataActivity=0 mPhoneSignalIconId=0x0 mQSPhoneSignalIconId=0x0 mDataDirectionIconId=0x0 mDataSignalIconId=0x0 mDataTypeIconId=0x0 mQSDataTypeIconId=0x0 mNoSimIconId=0x0 mWifiIconId=0x7f0200a3 mQSWifiIconId=0x7f02005b mBluetoothTetherIconId=0x10805cc
03-01 12:52:01.869  2322  2322 D wpa_supplicant: RX ctrl_iface - hexdump(len=11): 53 49 47 4e 41 4c 5f 50 4f 4c 4c
03-01 12:52:01.869  2322  2322 D wpa_supplicant: wlan0: Control interface command 'SIGNAL_POLL'
03-01 12:52:01.879  2322  2322 D wpa_supplicant: nl80211: survey data missing!
03-01 12:52:01.899   219   219 V WLAN_PSA: NL MSG, len[048], NL type[0x11] WNI type[0x5050] len[028]
03-01 12:52:02.739  2402  2416 E QcrilMsgTunnelSocket: IOException - java.io.IOException: No such file or directory Reason: No such file or directory
03-01 12:52:03.879  1198  1198 D StatusBar.NetworkController: refreshViews: Data not connected!! Set no data type icon / Roaming
03-01 12:52:03.879  1198  1198 D StatusBar.NetworkController: refreshViews connected={ wifi } level=0 combinedSignalIconId=0x7f0200a3/com.android.systemui:drawable/stat_sys_wifi_signal_3_fully mobileLabel= wifiLabel="AllieGO 5GHz"xxxxXXXXxxxxXXXX emergencyOnly=false combinedLabel="AllieGO 5GHz"xxxxXXXXxxxxXXXX mAirplaneMode=false mDataActivity=0 mPhoneSignalIconId=0x0 mQSPhoneSignalIconId=0x0 mDataDirectionIconId=0x0 mDataSignalIconId=0x0 mDataTypeIconId=0x0 mQSDataTypeIconId=0x0 mNoSimIconId=0x0 mWifiIconId=0x7f0200a3 mQSWifiIconId=0x7f02005b mBluetoothTetherIconId=0x10805cc
03-01 12:52:04.879  1198  1198 D StatusBar.NetworkController: refreshViews: Data not connected!! Set no data type icon / Roaming
03-01 12:52:04.879  1198  1198 D StatusBar.NetworkController: refreshViews connected={ wifi } level=0 combinedSignalIconId=0x7f0200a3/com.android.systemui:drawable/stat_sys_wifi_signal_3_fully mobileLabel= wifiLabel="AllieGO 5GHz"xxxxXXXXxxxxXXXX emergencyOnly=false combinedLabel="AllieGO 5GHz"xxxxXXXXxxxxXXXX mAirplaneMode=false mDataActivity=0 mPhoneSignalIconId=0x0 mQSPhoneSignalIconId=0x0 mDataDirectionIconId=0x0 mDataSignalIconId=0x0 mDataTypeIconId=0x0 mQSDataTypeIconId=0x0 mNoSimIconId=0x0 mWifiIconId=0x7f0200a3 mQSWifiIconId=0x7f02005b mBluetoothTetherIconId=0x10805cc
03-01 12:52:04.879  2322  2322 D wpa_supplicant: RX ctrl_iface - hexdump(len=11): 53 49 47 4e 41 4c 5f 50 4f 4c 4c
03-01 12:52:04.879  2322  2322 D wpa_supplicant: wlan0: Control interface command 'SIGNAL_POLL'
03-01 12:52:04.889  2322  2322 D wpa_supplicant: nl80211: survey data missing!
03-01 12:52:06.519 18835 18835 D QSEECOMAPI: : QSEECom_get_handle sb_length = 0x2000
03-01 12:52:06.519 18835 18835 D QSEECOMAPI: : App is not loaded in QSEE
03-01 12:52:06.519 18835 18835 E QSEECOMAPI: : Error::Cannot open the file /vendor/firmware/keymaster/keymaster.mdt
03-01 12:52:06.519 18835 18835 E QSEECOMAPI: : Error::Loading image failed with ret = -1
03-01 12:52:06.529 18835 18835 D QSEECOMAPI: : QSEECom_get_handle sb_length = 0x2000
03-01 12:52:06.529 18835 18835 D QSEECOMAPI: : App is not loaded in QSEE
03-01 12:52:06.529 18835 18835 E QSEECOMAPI: : Error::Cannot open the file /firmware/image/keymaste.mdt
03-01 12:52:06.529 18835 18835 E QSEECOMAPI: : Error::Loading image failed with ret = -1
03-01 12:52:06.529 18835 18835 E QCOMKeyMaster: Loading keymaster app failied
03-01 12:52:06.529 18835 18835 E keystore: could not open keymaster device in keystore (Operation not permitted)
03-01 12:52:06.529 18835 18835 E keystore: keystore keymaster could not be initialized; exiting
03-01 12:52:06.749  2402  2416 E QcrilMsgTunnelSocket: IOException - java.io.IOException: No such file or directory Reason: No such file or directory
03-01 12:52:06.909   219   219 V WLAN_PSA: NL MSG, len[048], NL type[0x11] WNI type[0x5050] len[028]
03-01 12:52:07.899  2322  2322 D wpa_supplicant: RX ctrl_iface - hexdump(len=11): 53 49 47 4e 41 4c 5f 50 4f 4c 4c
03-01 12:52:07.899  2322  2322 D wpa_supplicant: wlan0: Control interface command 'SIGNAL_POLL'
03-01 12:52:07.909  2322  2322 D wpa_supplicant: nl80211: survey data missing!
03-01 12:52:09.889  1198  1198 D StatusBar.NetworkController: refreshViews: Data not connected!! Set no data type icon / Roaming
03-01 12:52:09.889  1198  1198 D StatusBar.NetworkController: refreshViews connected={ wifi } level=0 combinedSignalIconId=0x7f0200a3/com.android.systemui:drawable/stat_sys_wifi_signal_3_fully mobileLabel= wifiLabel="AllieGO 5GHz"xxxxXXXXxxxxXXXX emergencyOnly=false combinedLabel="AllieGO 5GHz"xxxxXXXXxxxxXXXX mAirplaneMode=false mDataActivity=0 mPhoneSignalIconId=0x0 mQSPhoneSignalIconId=0x0 mDataDirectionIconId=0x0 mDataSignalIconId=0x0 mDataTypeIconId=0x0 mQSDataTypeIconId=0x0 mNoSimIconId=0x0 mWifiIconId=0x7f0200a3 mQSWifiIconId=0x7f02005b mBluetoothTetherIconId=0x10805cc
03-01 12:52:10.749  2402  2416 E QcrilMsgTunnelSocket: IOException - java.io.IOException: No such file or directory Reason: No such file or directory
03-01 12:52:10.899  1198  1198 D StatusBar.NetworkController: refreshViews: Data not connected!! Set no data type icon / Roaming
03-01 12:52:10.899  1198  1198 D StatusBar.NetworkController: refreshViews connected={ wifi } level=0 combinedSignalIconId=0x7f0200a3/com.android.systemui:drawable/stat_sys_wifi_signal_3_fully mobileLabel= wifiLabel="AllieGO 5GHz"xxxxXXXXxxxxXXXX emergencyOnly=false combinedLabel="AllieGO 5GHz"xxxxXXXXxxxxXXXX mAirplaneMode=false mDataActivity=0 mPhoneSignalIconId=0x0 mQSPhoneSignalIconId=0x0 mDataDirectionIconId=0x0 mDataSignalIconId=0x0 mDataTypeIconId=0x0 mQSDataTypeIconId=0x0 mNoSimIconId=0x0 mWifiIconId=0x7f0200a3 mQSWifiIconId=0x7f02005b mBluetoothTetherIconId=0x10805cc
03-01 12:52:10.909  2322  2322 D wpa_supplicant: RX ctrl_iface - hexdump(len=11): 53 49 47 4e 41 4c 5f 50 4f 4c 4c
03-01 12:52:10.909  2322  2322 D wpa_supplicant: wlan0: Control interface command 'SIGNAL_POLL'
03-01 12:52:10.909  2322  2322 D wpa_supplicant: nl80211: survey data missing!
03-01 12:52:11.569 18836 18836 D QSEECOMAPI: : QSEECom_get_handle sb_length = 0x2000
03-01 12:52:11.569 18836 18836 D QSEECOMAPI: : App is not loaded in QSEE
03-01 12:52:11.569 18836 18836 E QSEECOMAPI: : Error::Cannot open the file /vendor/firmware/keymaster/keymaster.mdt
03-01 12:52:11.569 18836 18836 E QSEECOMAPI: : Error::Loading image failed with ret = -1
03-01 12:52:11.579 18836 18836 D QSEECOMAPI: : QSEECom_get_handle sb_length = 0x2000
03-01 12:52:11.579 18836 18836 D QSEECOMAPI: : App is not loaded in QSEE
03-01 12:52:11.579 18836 18836 E QSEECOMAPI: : Error::Cannot open the file /firmware/image/keymaste.mdt
03-01 12:52:11.579 18836 18836 E QSEECOMAPI: : Error::Loading image failed with ret = -1
03-01 12:52:11.589 18836 18836 E QCOMKeyMaster: Loading keymaster app failied
03-01 12:52:11.589 18836 18836 E keystore: could not open keymaster device in keystore (Operation not permitted)
