03-01 04:52:18.679   968   998 I BootReceiver: Copying /data/tombstones/tombstone_03 to DropBox (SYSTEM_TOMBSTONE)
03-01 04:52:18.749   968  1493 I ActivityManager: Process com.android.nfc (pid 19658) has died.
03-01 04:52:18.779   968  1493 I ActivityManager: Start proc com.android.nfc for restart com.android.nfc: pid=19919 uid=1027 gids={41027, 3002, 3001, 1028, 1015}
03-01 04:53:49.499   968   998 I BootReceiver: Copying /data/tombstones/tombstone_04 to DropBox (SYSTEM_TOMBSTONE)
03-01 04:53:49.569   968  1381 I ActivityManager: Process com.android.nfc (pid 19919) has died.
03-01 04:53:49.599   968  1381 I ActivityManager: Start proc com.android.nfc for restart com.android.nfc: pid=20283 uid=1027 gids={41027, 3002, 3001, 1028, 1015}
03-01 04:55:20.309   968   998 I BootReceiver: Copying /data/tombstones/tombstone_05 to DropBox (SYSTEM_TOMBSTONE)
03-01 04:55:20.369   968  1484 I ActivityManager: Process com.android.nfc (pid 20283) has died.
03-01 04:55:20.399   968  1484 I ActivityManager: Start proc com.android.nfc for restart com.android.nfc: pid=20617 uid=1027 gids={41027, 3002, 3001, 1028, 1015}
03-01 04:56:21.619   968   968 I EntropyMixer: Writing entropy...
03-01 04:56:51.139   968   998 I BootReceiver: Copying /data/tombstones/tombstone_06 to DropBox (SYSTEM_TOMBSTONE)
03-01 04:56:51.219   968  1190 I ActivityManager: Process com.android.nfc (pid 20617) has died.
03-01 04:56:51.239   968  1190 I ActivityManager: Start proc com.android.nfc for restart com.android.nfc: pid=20914 uid=1027 gids={41027, 3002, 3001, 1028, 1015}
03-01 04:58:21.939   968   998 I BootReceiver: Copying /data/tombstones/tombstone_07 to DropBox (SYSTEM_TOMBSTONE)
03-01 04:58:22.009   968  1485 I ActivityManager: Process com.android.nfc (pid 20914) has died.
03-01 04:58:22.019   968  1485 I ActivityManager: Start proc com.android.nfc for restart com.android.nfc: pid=21279 uid=1027 gids={41027, 3002, 3001, 1028, 1015}
03-01 04:59:52.719   968   998 I BootReceiver: Copying /data/tombstones/tombstone_08 to DropBox (SYSTEM_TOMBSTONE)
03-01 04:59:52.789   968  1485 I ActivityManager: Process com.android.nfc (pid 21279) has died.
03-01 04:59:52.809   968  1485 I ActivityManager: Start proc com.android.nfc for restart com.android.nfc: pid=21550 uid=1027 gids={41027, 3002, 3001, 1028, 1015}
03-01 04:59:52.809   968   991 I ProcessStatsService: Prepared write state in 6ms
03-01 05:01:23.519   968   998 I BootReceiver: Copying /data/tombstones/tombstone_09 to DropBox (SYSTEM_TOMBSTONE)
03-01 05:01:23.579   968  1493 I ActivityManager: Process com.android.nfc (pid 21550) has died.
03-01 05:01:23.609   968  1493 I ActivityManager: Start proc com.android.nfc for restart com.android.nfc: pid=21914 uid=1027 gids={41027, 3002, 3001, 1028, 1015}
03-01 05:02:39.449   968  1180 D QcConnectivityService: Sampling interval elapsed, updating statistics ..
03-01 05:02:39.459   968  1180 D QcConnectivityService: Done.
03-01 05:02:39.459   968  1180 D QcConnectivityService: Setting timer for 720seconds
03-01 05:02:54.339   968   998 I BootReceiver: Copying /data/tombstones/tombstone_00 to DropBox (SYSTEM_TOMBSTONE)
03-01 05:02:54.419   968  1190 I ActivityManager: Process com.android.nfc (pid 21914) has died.
03-01 05:02:54.439   968  1190 I ActivityManager: Start proc com.android.nfc for restart com.android.nfc: pid=22255 uid=1027 gids={41027, 3002, 3001, 1028, 1015}
03-01 05:04:25.149   968   998 I BootReceiver: Copying /data/tombstones/tombstone_01 to DropBox (SYSTEM_TOMBSTONE)
03-01 05:04:25.219   968  1395 I ActivityManager: Process com.android.nfc (pid 22255) has died.
03-01 05:04:25.229   968  1395 I ActivityManager: Start proc com.android.nfc for restart com.android.nfc: pid=22546 uid=1027 gids={41027, 3002, 3001, 1028, 1015}
03-01 05:05:55.939   968   998 I BootReceiver: Copying /data/tombstones/tombstone_02 to DropBox (SYSTEM_TOMBSTONE)
03-01 05:05:55.999   968  1395 I ActivityManager: Process com.android.nfc (pid 22546) has died.
03-01 05:05:56.029   968  1395 I ActivityManager: Start proc com.android.nfc for restart com.android.nfc: pid=22909 uid=1027 gids={41027, 3002, 3001, 1028, 1015}
03-01 05:07:26.739   968   998 I BootReceiver: Copying /data/tombstones/tombstone_03 to DropBox (SYSTEM_TOMBSTONE)
03-01 05:07:26.819   968   980 I ActivityManager: Process com.android.nfc (pid 22909) has died.
03-01 05:07:26.829   968   980 I ActivityManager: Start proc com.android.nfc for restart com.android.nfc: pid=23173 uid=1027 gids={41027, 3002, 3001, 1028, 1015}
03-01 05:08:57.529   968   998 I BootReceiver: Copying /data/tombstones/tombstone_04 to DropBox (SYSTEM_TOMBSTONE)
03-01 05:08:57.599   968  1381 I ActivityManager: Process com.android.nfc (pid 23173) has died.
03-01 05:08:57.619   968  1381 I ActivityManager: Start proc com.android.nfc for restart com.android.nfc: pid=23536 uid=1027 gids={41027, 3002, 3001, 1028, 1015}
03-01 05:10:28.319   968   998 I BootReceiver: Copying /data/tombstones/tombstone_05 to DropBox (SYSTEM_TOMBSTONE)
03-01 05:10:28.379   968  1381 I ActivityManager: Process com.android.nfc (pid 23536) has died.
03-01 05:10:28.409   968  1381 I ActivityManager: Start proc com.android.nfc for restart com.android.nfc: pid=23875 uid=1027 gids={41027, 3002, 3001, 1028, 1015}
03-01 05:11:59.129   968   998 I BootReceiver: Copying /data/tombstones/tombstone_06 to DropBox (SYSTEM_TOMBSTONE)
03-01 05:11:59.199   968  1190 I ActivityManager: Process com.android.nfc (pid 23875) has died.
03-01 05:11:59.219   968  1190 I ActivityManager: Start proc com.android.nfc for restart com.android.nfc: pid=24168 uid=1027 gids={41027, 3002, 3001, 1028, 1015}
03-01 05:13:29.909   968   998 I BootReceiver: Copying /data/tombstones/tombstone_07 to DropBox (SYSTEM_TOMBSTONE)
03-01 05:13:29.979   968  2014 I ActivityManager: Process com.android.nfc (pid 24168) has died.
03-01 05:13:29.999   968  2014 I ActivityManager: Start proc com.android.nfc for restart com.android.nfc: pid=24535 uid=1027 gids={41027, 3002, 3001, 1028, 1015}
03-01 05:14:39.469   968  1180 D QcConnectivityService: Sampling interval elapsed, updating statistics ..
03-01 05:14:39.479   968  1180 D QcConnectivityService: Done.
03-01 05:14:39.479   968  1180 D QcConnectivityService: Setting timer for 720seconds
03-01 05:15:00.709   968   998 I BootReceiver: Copying /data/tombstones/tombstone_08 to DropBox (SYSTEM_TOMBSTONE)
03-01 05:15:00.769   968  1449 I ActivityManager: Process com.android.nfc (pid 24535) has died.
03-01 05:15:00.789   968  1449 I ActivityManager: Start proc com.android.nfc for restart com.android.nfc: pid=24797 uid=1027 gids={41027, 3002, 3001, 1028, 1015}
03-01 05:16:31.499   968   998 I BootReceiver: Copying /data/tombstones/tombstone_09 to DropBox (SYSTEM_TOMBSTONE)
03-01 05:16:31.569   968  1484 I ActivityManager: Process com.android.nfc (pid 24797) has died.
03-01 05:16:31.589   968  1484 I ActivityManager: Start proc com.android.nfc for restart com.android.nfc: pid=25165 uid=1027 gids={41027, 3002, 3001, 1028, 1015}
03-01 05:18:02.299   968   998 I BootReceiver: Copying /data/tombstones/tombstone_00 to DropBox (SYSTEM_TOMBSTONE)
03-01 05:18:02.379   968   979 I ActivityManager: Process com.android.nfc (pid 25165) has died.
03-01 05:18:02.389   968   979 I ActivityManager: Start proc com.android.nfc for restart com.android.nfc: pid=25531 uid=1027 gids={41027, 3002, 3001, 1028, 1015}
03-01 05:19:33.099   968   998 I BootReceiver: Copying /data/tombstones/tombstone_01 to DropBox (SYSTEM_TOMBSTONE)
03-01 05:19:33.179   968  1190 I ActivityManager: Process com.android.nfc (pid 25531) has died.
03-01 05:19:33.199   968  1190 I ActivityManager: Start proc com.android.nfc for restart com.android.nfc: pid=25799 uid=1027 gids={41027, 3002, 3001, 1028, 1015}
03-01 05:19:38.209   968   991 W ProcessCpuTracker: Skipping unknown process pid 25823
03-01 05:21:03.909   968   998 I BootReceiver: Copying /data/tombstones/tombstone_02 to DropBox (SYSTEM_TOMBSTONE)
03-01 05:21:03.969   968  1485 I ActivityManager: Process com.android.nfc (pid 25799) has died.
03-01 05:21:03.989   968  1485 I ActivityManager: Start proc com.android.nfc for restart com.android.nfc: pid=26168 uid=1027 gids={41027, 3002, 3001, 1028, 1015}
03-01 05:22:34.689   968   998 I BootReceiver: Copying /data/tombstones/tombstone_03 to DropBox (SYSTEM_TOMBSTONE)
03-01 05:22:34.749   968  1381 I ActivityManager: Process com.android.nfc (pid 26168) has died.
03-01 05:22:34.779   968  1381 I ActivityManager: Start proc com.android.nfc for restart com.android.nfc: pid=26434 uid=1027 gids={41027, 3002, 3001, 1028, 1015}
03-01 05:24:05.489   968   998 I BootReceiver: Copying /data/tombstones/tombstone_04 to DropBox (SYSTEM_TOMBSTONE)
03-01 05:24:05.559   968  1190 I ActivityManager: Process com.android.nfc (pid 26434) has died.
03-01 05:24:05.569   968  1190 I ActivityManager: Start proc com.android.nfc for restart com.android.nfc: pid=26796 uid=1027 gids={41027, 3002, 3001, 1028, 1015}
03-01 05:25:36.369   968   998 I BootReceiver: Copying /data/tombstones/tombstone_05 to DropBox (SYSTEM_TOMBSTONE)
03-01 05:25:36.439   968  1381 I ActivityManager: Process com.android.nfc (pid 26796) has died.
03-01 05:25:36.459   968  1381 I ActivityManager: Start proc com.android.nfc for restart com.android.nfc: pid=27157 uid=1027 gids={41027, 3002, 3001, 1028, 1015}
03-01 05:26:39.639   968  1180 D QcConnectivityService: Sampling interval elapsed, updating statistics ..
03-01 05:26:39.649   968  1180 D QcConnectivityService: Done.
03-01 05:26:39.649   968  1180 D QcConnectivityService: Setting timer for 720seconds
03-01 05:27:07.159   968   998 I BootReceiver: Copying /data/tombstones/tombstone_06 to DropBox (SYSTEM_TOMBSTONE)
03-01 05:27:07.219   968  1485 I ActivityManager: Process com.android.nfc (pid 27157) has died.
03-01 05:27:07.249   968  1485 I ActivityManager: Start proc com.android.nfc for restart com.android.nfc: pid=27421 uid=1027 gids={41027, 3002, 3001, 1028, 1015}
03-01 05:28:37.939   968   998 I BootReceiver: Copying /data/tombstones/tombstone_07 to DropBox (SYSTEM_TOMBSTONE)
03-01 05:28:38.009   968  1493 I ActivityManager: Process com.android.nfc (pid 27421) has died.
03-01 05:28:38.029   968  1493 I ActivityManager: Start proc com.android.nfc for restart com.android.nfc: pid=27780 uid=1027 gids={41027, 3002, 3001, 1028, 1015}
03-01 05:30:00.009   968   991 I ProcessStatsService: Prepared write state in 7ms
03-01 05:30:08.729   968   998 I BootReceiver: Copying /data/tombstones/tombstone_08 to DropBox (SYSTEM_TOMBSTONE)
03-01 05:30:08.799   968  1412 I ActivityManager: Process com.android.nfc (pid 27780) has died.
03-01 05:30:08.819   968  1412 I ActivityManager: Start proc com.android.nfc for restart com.android.nfc: pid=28041 uid=1027 gids={41027, 3002, 3001, 1028, 1015}
03-01 05:31:39.529   968   998 I BootReceiver: Copying /data/tombstones/tombstone_09 to DropBox (SYSTEM_TOMBSTONE)
03-01 05:31:39.599   968   979 I ActivityManager: Process com.android.nfc (pid 28041) has died.
03-01 05:31:39.609   968   979 I ActivityManager: Start proc com.android.nfc for restart com.android.nfc: pid=28405 uid=1027 gids={41027, 3002, 3001, 1028, 1015}
03-01 05:33:10.309   968   998 I BootReceiver: Copying /data/tombstones/tombstone_00 to DropBox (SYSTEM_TOMBSTONE)
03-01 05:33:10.379   968  1394 I ActivityManager: Process com.android.nfc (pid 28405) has died.
03-01 05:33:10.399   968  1394 I ActivityManager: Start proc com.android.nfc for restart com.android.nfc: pid=28771 uid=1027 gids={41027, 3002, 3001, 1028, 1015}
03-01 05:34:41.099   968   998 I BootReceiver: Copying /data/tombstones/tombstone_01 to DropBox (SYSTEM_TOMBSTONE)
03-01 05:34:41.159   968  1484 I ActivityManager: Process com.android.nfc (pid 28771) has died.
03-01 05:34:41.189   968  1484 I ActivityManager: Start proc com.android.nfc for restart com.android.nfc: pid=29036 uid=1027 gids={41027, 3002, 3001, 1028, 1015}
03-01 05:36:11.899   968   998 I BootReceiver: Copying /data/tombstones/tombstone_02 to DropBox (SYSTEM_TOMBSTONE)
03-01 05:36:11.959   968  1485 I ActivityManager: Process com.android.nfc (pid 29036) has died.
03-01 05:36:11.989   968  1485 I ActivityManager: Start proc com.android.nfc for restart com.android.nfc: pid=29406 uid=1027 gids={41027, 3002, 3001, 1028, 1015}
03-01 05:37:42.679   968   998 I BootReceiver: Copying /data/tombstones/tombstone_03 to DropBox (SYSTEM_TOMBSTONE)
03-01 05:37:42.749   968  1381 I ActivityManager: Process com.android.nfc (pid 29406) has died.
03-01 05:37:42.759   968  1381 I ActivityManager: Start proc com.android.nfc for restart com.android.nfc: pid=29740 uid=1027 gids={41027, 3002, 3001, 1028, 1015}
03-01 05:38:39.649   968  1180 D QcConnectivityService: Sampling interval elapsed, updating statistics ..
03-01 05:38:39.669   968  1180 D QcConnectivityService: Done.
03-01 05:38:39.669   968  1180 D QcConnectivityService: Setting timer for 720seconds
03-01 05:39:13.479   968   998 I BootReceiver: Copying /data/tombstones/tombstone_04 to DropBox (SYSTEM_TOMBSTONE)
03-01 05:39:13.539   968   980 I ActivityManager: Process com.android.nfc (pid 29740) has died.
03-01 05:39:13.579   968   980 I ActivityManager: Start proc com.android.nfc for restart com.android.nfc: pid=30034 uid=1027 gids={41027, 3002, 3001, 1028, 1015}
03-01 05:40:44.299   968   998 I BootReceiver: Copying /data/tombstones/tombstone_05 to DropBox (SYSTEM_TOMBSTONE)
03-01 05:40:44.359   968   980 I ActivityManager: Process com.android.nfc (pid 30034) has died.
03-01 05:40:44.389   968   980 I ActivityManager: Start proc com.android.nfc for restart com.android.nfc: pid=30401 uid=1027 gids={41027, 3002, 3001, 1028, 1015}
03-01 05:42:15.089   968   998 I BootReceiver: Copying /data/tombstones/tombstone_06 to DropBox (SYSTEM_TOMBSTONE)
03-01 05:42:15.159   968  1189 I ActivityManager: Process com.android.nfc (pid 30401) has died.
03-01 05:42:15.189   968  1189 I ActivityManager: Start proc com.android.nfc for restart com.android.nfc: pid=30669 uid=1027 gids={41027, 3002, 3001, 1028, 1015}
03-01 05:43:45.889   968   998 I BootReceiver: Copying /data/tombstones/tombstone_07 to DropBox (SYSTEM_TOMBSTONE)
03-01 05:43:45.959   968  1412 I ActivityManager: Process com.android.nfc (pid 30669) has died.
03-01 05:43:45.989   968  1412 I ActivityManager: Start proc com.android.nfc for restart com.android.nfc: pid=31029 uid=1027 gids={41027, 3002, 3001, 1028, 1015}
03-01 05:45:16.689   968   998 I BootReceiver: Copying /data/tombstones/tombstone_08 to DropBox (SYSTEM_TOMBSTONE)
03-01 05:45:16.759   968  1493 I ActivityManager: Process com.android.nfc (pid 31029) has died.
03-01 05:45:16.779   968  1493 I ActivityManager: Start proc com.android.nfc for restart com.android.nfc: pid=31362 uid=1027 gids={41027, 3002, 3001, 1028, 1015}
03-01 05:46:26.579   968  1276 W NativeCrashListener: Couldn't find ProcessRecord for pid 263
03-01 05:46:26.909   968   998 I BootReceiver: Copying /data/tombstones/tombstone_09 to DropBox (SYSTEM_TOMBSTONE)
03-01 05:46:47.479   968   998 I BootReceiver: Copying /data/tombstones/tombstone_00 to DropBox (SYSTEM_TOMBSTONE)
03-01 05:46:47.549   968   980 I ActivityManager: Process com.android.nfc (pid 31362) has died.
03-01 05:46:47.559   968   980 I ActivityManager: Start proc com.android.nfc for restart com.android.nfc: pid=31648 uid=1027 gids={41027, 3002, 3001, 1028, 1015}
03-01 05:48:18.299   968   998 I BootReceiver: Copying /data/tombstones/tombstone_01 to DropBox (SYSTEM_TOMBSTONE)
03-01 05:48:18.369   968   979 I ActivityManager: Process com.android.nfc (pid 31648) has died.
03-01 05:48:18.399   968   979 I ActivityManager: Start proc com.android.nfc for restart com.android.nfc: pid=31782 uid=1027 gids={41027, 3002, 3001, 1028, 1015}
03-01 05:49:49.119   968   998 I BootReceiver: Copying /data/tombstones/tombstone_02 to DropBox (SYSTEM_TOMBSTONE)
03-01 05:49:49.189   968   979 I ActivityManager: Process com.android.nfc (pid 31782) has died.
03-01 05:49:49.219   968   979 I ActivityManager: Start proc com.android.nfc for restart com.android.nfc: pid=31844 uid=1027 gids={41027, 3002, 3001, 1028, 1015}
03-01 05:50:39.669   968  1180 D QcConnectivityService: Sampling interval elapsed, updating statistics ..
03-01 05:50:39.679   968  1180 D QcConnectivityService: Done.
03-01 05:50:39.679   968  1180 D QcConnectivityService: Setting timer for 720seconds
03-01 05:51:19.939   968   998 I BootReceiver: Copying /data/tombstones/tombstone_03 to DropBox (SYSTEM_TOMBSTONE)
03-01 05:51:20.019   968  1484 I ActivityManager: Process com.android.nfc (pid 31844) has died.
03-01 05:51:20.029   968  1484 I ActivityManager: Start proc com.android.nfc for restart com.android.nfc: pid=31910 uid=1027 gids={41027, 3002, 3001, 1028, 1015}
03-01 05:52:50.789   968   998 I BootReceiver: Copying /data/tombstones/tombstone_04 to DropBox (SYSTEM_TOMBSTONE)
03-01 05:52:50.849   968  1493 I ActivityManager: Process com.android.nfc (pid 31910) has died.
03-01 05:52:50.879   968  1493 I ActivityManager: Start proc com.android.nfc for restart com.android.nfc: pid=31982 uid=1027 gids={41027, 3002, 3001, 1028, 1015}
03-01 05:54:21.619   968   998 I BootReceiver: Copying /data/tombstones/tombstone_05 to DropBox (SYSTEM_TOMBSTONE)
03-01 05:54:21.689   968  1395 I ActivityManager: Process com.android.nfc (pid 31982) has died.
03-01 05:54:21.719   968  1395 I ActivityManager: Start proc com.android.nfc for restart com.android.nfc: pid=32048 uid=1027 gids={41027, 3002, 3001, 1028, 1015}
03-01 05:55:52.439   968   998 I BootReceiver: Copying /data/tombstones/tombstone_06 to DropBox (SYSTEM_TOMBSTONE)
03-01 05:55:52.509   968  1394 I ActivityManager: Process com.android.nfc (pid 32048) has died.
03-01 05:55:52.529   968  1394 I ActivityManager: Start proc com.android.nfc for restart com.android.nfc: pid=32115 uid=1027 gids={41027, 3002, 3001, 1028, 1015}
03-01 05:57:23.249   968   998 I BootReceiver: Copying /data/tombstones/tombstone_07 to DropBox (SYSTEM_TOMBSTONE)
03-01 05:57:23.309   968  1189 I ActivityManager: Process com.android.nfc (pid 32115) has died.
03-01 05:57:23.329   968  1189 I ActivityManager: Start proc com.android.nfc for restart com.android.nfc: pid=32184 uid=1027 gids={41027, 3002, 3001, 1028, 1015}
03-01 05:58:54.079   968   998 I BootReceiver: Copying /data/tombstones/tombstone_08 to DropBox (SYSTEM_TOMBSTONE)
03-01 05:58:54.149   968  1449 I ActivityManager: Process com.android.nfc (pid 32184) has died.
03-01 05:58:54.179   968  1449 I ActivityManager: Start proc com.android.nfc for restart com.android.nfc: pid=32252 uid=1027 gids={41027, 3002, 3001, 1028, 1015}
03-01 06:00:00.029   968   991 I ProcessStatsService: Prepared write state in 4ms
03-01 06:00:24.949   968   998 I BootReceiver: Copying /data/tombstones/tombstone_09 to DropBox (SYSTEM_TOMBSTONE)
03-01 06:00:25.029   968  1190 I ActivityManager: Process com.android.nfc (pid 32252) has died.
03-01 06:00:25.049   968  1190 I ActivityManager: Start proc com.android.nfc for restart com.android.nfc: pid=32315 uid=1027 gids={41027, 3002, 3001, 1028, 1015}
03-01 06:01:55.759   968   998 I BootReceiver: Copying /data/tombstones/tombstone_00 to DropBox (SYSTEM_TOMBSTONE)
03-01 06:01:55.829   968  1189 I ActivityManager: Process com.android.nfc (pid 32315) has died.
03-01 06:01:55.849   968  1189 I ActivityManager: Start proc com.android.nfc for restart com.android.nfc: pid=32379 uid=1027 gids={41027, 3002, 3001, 1028, 1015}
03-01 06:03:26.589   968   998 I BootReceiver: Copying /data/tombstones/tombstone_01 to DropBox (SYSTEM_TOMBSTONE)
03-01 06:03:26.659   968  1190 I ActivityManager: Process com.android.nfc (pid 32379) has died.
03-01 06:03:26.679   968  1190 I ActivityManager: Start proc com.android.nfc for restart com.android.nfc: pid=32442 uid=1027 gids={41027, 3002, 3001, 1028, 1015}
03-01 06:04:57.419   968   998 I BootReceiver: Copying /data/tombstones/tombstone_02 to DropBox (SYSTEM_TOMBSTONE)
03-01 06:04:57.489   968   979 I ActivityManager: Process com.android.nfc (pid 32442) has died.
03-01 06:04:57.509   968   979 I ActivityManager: Start proc com.android.nfc for restart com.android.nfc: pid=32506 uid=1027 gids={41027, 3002, 3001, 1028, 1015}
03-01 06:05:39.579   968  1180 D QcConnectivityService: Sampling interval elapsed, updating statistics ..
03-01 06:05:39.599   968  1180 D QcConnectivityService: Done.
03-01 06:05:39.599   968  1180 D QcConnectivityService: Setting timer for 720seconds
03-01 06:06:28.279   968   998 I BootReceiver: Copying /data/tombstones/tombstone_03 to DropBox (SYSTEM_TOMBSTONE)
03-01 06:06:28.349   968   979 I ActivityManager: Process com.android.nfc (pid 32506) has died.
03-01 06:06:28.359   968   979 I ActivityManager: Start proc com.android.nfc for restart com.android.nfc: pid=32567 uid=1027 gids={41027, 3002, 3001, 1028, 1015}
03-01 06:07:59.089   968   998 I BootReceiver: Copying /data/tombstones/tombstone_04 to DropBox (SYSTEM_TOMBSTONE)
03-01 06:07:59.169   968  1412 I ActivityManager: Process com.android.nfc (pid 32567) has died.
03-01 06:07:59.199   968  1412 I ActivityManager: Start proc com.android.nfc for restart com.android.nfc: pid=32631 uid=1027 gids={41027, 3002, 3001, 1028, 1015}
03-01 06:09:29.949   968   998 I BootReceiver: Copying /data/tombstones/tombstone_05 to DropBox (SYSTEM_TOMBSTONE)
03-01 06:09:30.009   968   980 I ActivityManager: Process com.android.nfc (pid 32631) has died.
03-01 06:09:30.039   968   980 I ActivityManager: Start proc com.android.nfc for restart com.android.nfc: pid=32699 uid=1027 gids={41027, 3002, 3001, 1028, 1015}
03-01 06:11:00.789   968   998 I BootReceiver: Copying /data/tombstones/tombstone_06 to DropBox (SYSTEM_TOMBSTONE)
03-01 06:11:00.869   968  1493 I ActivityManager: Process com.android.nfc (pid 32699) has died.
03-01 06:11:00.899   968  1493 I ActivityManager: Start proc com.android.nfc for restart com.android.nfc: pid=32767 uid=1027 gids={41027, 3002, 3001, 1028, 1015}
03-01 06:12:31.689   968   998 I BootReceiver: Copying /data/tombstones/tombstone_07 to DropBox (SYSTEM_TOMBSTONE)
03-01 06:12:31.749   968  1395 I ActivityManager: Process com.android.nfc (pid 32767) has died.
03-01 06:12:31.779   968  1395 I ActivityManager: Start proc com.android.nfc for restart com.android.nfc: pid=432 uid=1027 gids={41027, 3002, 3001, 1028, 1015}
03-01 06:14:02.539   968   998 I BootReceiver: Copying /data/tombstones/tombstone_08 to DropBox (SYSTEM_TOMBSTONE)
03-01 06:14:02.609   968   980 I ActivityManager: Process com.android.nfc (pid 432) has died.
03-01 06:14:02.629   968   980 I ActivityManager: Start proc com.android.nfc for restart com.android.nfc: pid=512 uid=1027 gids={41027, 3002, 3001, 1028, 1015}
03-01 06:15:33.339   968   998 I BootReceiver: Copying /data/tombstones/tombstone_09 to DropBox (SYSTEM_TOMBSTONE)
03-01 06:15:33.409   968  1381 I ActivityManager: Process com.android.nfc (pid 512) has died.
03-01 06:15:33.429   968  1381 I ActivityManager: Start proc com.android.nfc for restart com.android.nfc: pid=587 uid=1027 gids={41027, 3002, 3001, 1028, 1015}
03-01 06:17:04.179   968   998 I BootReceiver: Copying /data/tombstones/tombstone_00 to DropBox (SYSTEM_TOMBSTONE)
03-01 06:17:04.249   968  1412 I ActivityManager: Process com.android.nfc (pid 587) has died.
03-01 06:17:04.279   968  1412 I ActivityManager: Start proc com.android.nfc for restart com.android.nfc: pid=660 uid=1027 gids={41027, 3002, 3001, 1028, 1015}
03-01 06:18:34.989   968   998 I BootReceiver: Copying /data/tombstones/tombstone_01 to DropBox (SYSTEM_TOMBSTONE)
03-01 06:18:35.069   968  1381 I ActivityManager: Process com.android.nfc (pid 660) has died.
03-01 06:18:35.089   968  1381 I ActivityManager: Start proc com.android.nfc for restart com.android.nfc: pid=771 uid=1027 gids={41027, 3002, 3001, 1028, 1015}
03-01 06:20:05.849   968   998 I BootReceiver: Copying /data/tombstones/tombstone_02 to DropBox (SYSTEM_TOMBSTONE)
03-01 06:20:05.919   968  1189 I ActivityManager: Process com.android.nfc (pid 771) has died.
03-01 06:20:05.949   968  1189 I ActivityManager: Start proc com.android.nfc for restart com.android.nfc: pid=861 uid=1027 gids={41027, 3002, 3001, 1028, 1015}
03-01 06:21:36.699   968   998 I BootReceiver: Copying /data/tombstones/tombstone_03 to DropBox (SYSTEM_TOMBSTONE)
03-01 06:21:36.769   968  1395 I ActivityManager: Process com.android.nfc (pid 861) has died.
03-01 06:21:36.809   968  1395 I ActivityManager: Start proc com.android.nfc for restart com.android.nfc: pid=947 uid=1027 gids={41027, 3002, 3001, 1028, 1015}
03-01 06:23:07.509   968   998 I BootReceiver: Copying /data/tombstones/tombstone_04 to DropBox (SYSTEM_TOMBSTONE)
03-01 06:23:07.589   968  2014 I ActivityManager: Process com.android.nfc (pid 947) has died.
03-01 06:23:07.599   968  2014 I ActivityManager: Start proc com.android.nfc for restart com.android.nfc: pid=1054 uid=1027 gids={41027, 3002, 3001, 1028, 1015}
03-01 06:24:38.339   968   998 I BootReceiver: Copying /data/tombstones/tombstone_05 to DropBox (SYSTEM_TOMBSTONE)
03-01 06:24:38.419   968  1395 I ActivityManager: Process com.android.nfc (pid 1054) has died.
03-01 06:24:38.439   968  1395 I ActivityManager: Start proc com.android.nfc for restart com.android.nfc: pid=1124 uid=1027 gids={41027, 3002, 3001, 1028, 1015}
03-01 06:26:09.179   968   998 I BootReceiver: Copying /data/tombstones/tombstone_06 to DropBox (SYSTEM_TOMBSTONE)
03-01 06:26:09.249   968  1394 I ActivityManager: Process com.android.nfc (pid 1124) has died.
03-01 06:26:09.279   968  1394 I ActivityManager: Start proc com.android.nfc for restart com.android.nfc: pid=1224 uid=1027 gids={41027, 3002, 3001, 1028, 1015}
03-01 06:26:39.329   968  1180 D QcConnectivityService: Sampling interval elapsed, updating statistics ..
03-01 06:26:39.349   968  1180 D QcConnectivityService: Done.
03-01 06:26:39.349   968  1180 D QcConnectivityService: Setting timer for 720seconds
03-01 06:27:39.969   968   998 I BootReceiver: Copying /data/tombstones/tombstone_07 to DropBox (SYSTEM_TOMBSTONE)
03-01 06:27:40.039   968  1190 I ActivityManager: Process com.android.nfc (pid 1224) has died.
03-01 06:27:40.059   968  1190 I ActivityManager: Start proc com.android.nfc for restart com.android.nfc: pid=1293 uid=1027 gids={41027, 3002, 3001, 1028, 1015}
03-01 06:29:10.809   968   998 I BootReceiver: Copying /data/tombstones/tombstone_08 to DropBox (SYSTEM_TOMBSTONE)
03-01 06:29:10.889   968  1189 I ActivityManager: Process com.android.nfc (pid 1293) has died.
03-01 06:29:10.919   968  1189 I ActivityManager: Start proc com.android.nfc for restart com.android.nfc: pid=1433 uid=1027 gids={41027, 3002, 3001, 1028, 1015}
03-01 06:30:00.039   968   991 I ProcessStatsService: Prepared write state in 5ms
03-01 06:30:41.649   968   998 I BootReceiver: Copying /data/tombstones/tombstone_09 to DropBox (SYSTEM_TOMBSTONE)
03-01 06:30:41.729   968  1394 I ActivityManager: Process com.android.nfc (pid 1433) has died.
03-01 06:30:41.739   968  1394 I ActivityManager: Start proc com.android.nfc for restart com.android.nfc: pid=1546 uid=1027 gids={41027, 3002, 3001, 1028, 1015}
03-01 06:32:12.479   968   998 I BootReceiver: Copying /data/tombstones/tombstone_00 to DropBox (SYSTEM_TOMBSTONE)
03-01 06:32:12.549   968   980 I ActivityManager: Process com.android.nfc (pid 1546) has died.
03-01 06:32:12.569   968   980 I ActivityManager: Start proc com.android.nfc for restart com.android.nfc: pid=1656 uid=1027 gids={41027, 3002, 3001, 1028, 1015}
03-01 06:33:43.319   968   998 I BootReceiver: Copying /data/tombstones/tombstone_01 to DropBox (SYSTEM_TOMBSTONE)
03-01 06:33:43.379   968   980 I ActivityManager: Process com.android.nfc (pid 1656) has died.
03-01 06:33:43.419   968   980 I ActivityManager: Start proc com.android.nfc for restart com.android.nfc: pid=1750 uid=1027 gids={41027, 3002, 3001, 1028, 1015}
03-01 06:35:14.159   968   998 I BootReceiver: Copying /data/tombstones/tombstone_02 to DropBox (SYSTEM_TOMBSTONE)
03-01 06:35:14.229   968  1493 I ActivityManager: Process com.android.nfc (pid 1750) has died.
03-01 06:35:14.259   968  1493 I ActivityManager: Start proc com.android.nfc for restart com.android.nfc: pid=1824 uid=1027 gids={41027, 3002, 3001, 1028, 1015}
03-01 06:36:45.019   968   998 I BootReceiver: Copying /data/tombstones/tombstone_03 to DropBox (SYSTEM_TOMBSTONE)
03-01 06:36:45.099   968   980 I ActivityManager: Process com.android.nfc (pid 1824) has died.
03-01 06:36:45.119   968   980 I ActivityManager: Start proc com.android.nfc for restart com.android.nfc: pid=1893 uid=1027 gids={41027, 3002, 3001, 1028, 1015}
03-01 06:38:15.879   968   998 I BootReceiver: Copying /data/tombstones/tombstone_04 to DropBox (SYSTEM_TOMBSTONE)
03-01 06:38:15.949   968  1449 I ActivityManager: Process com.android.nfc (pid 1893) has died.
03-01 06:38:15.969   968  1449 I ActivityManager: Start proc com.android.nfc for restart com.android.nfc: pid=1969 uid=1027 gids={41027, 3002, 3001, 1028, 1015}
03-01 06:38:39.349   968  1180 D QcConnectivityService: Sampling interval elapsed, updating statistics ..
03-01 06:38:39.369   968  1180 D QcConnectivityService: Done.
03-01 06:38:39.369   968  1180 D QcConnectivityService: Setting timer for 720seconds
03-01 06:39:46.709   968   998 I BootReceiver: Copying /data/tombstones/tombstone_05 to DropBox (SYSTEM_TOMBSTONE)
03-01 06:39:46.779   968  1485 I ActivityManager: Process com.android.nfc (pid 1969) has died.
03-01 06:39:46.809   968  1485 I ActivityManager: Start proc com.android.nfc for restart com.android.nfc: pid=2065 uid=1027 gids={41027, 3002, 3001, 1028, 1015}
03-01 06:41:17.539   968   998 I BootReceiver: Copying /data/tombstones/tombstone_06 to DropBox (SYSTEM_TOMBSTONE)
03-01 06:41:17.619   968  1412 I ActivityManager: Process com.android.nfc (pid 2065) has died.
03-01 06:41:17.639   968  1412 I ActivityManager: Start proc com.android.nfc for restart com.android.nfc: pid=2158 uid=1027 gids={41027, 3002, 3001, 1028, 1015}
03-01 06:42:48.379   968   998 I BootReceiver: Copying /data/tombstones/tombstone_07 to DropBox (SYSTEM_TOMBSTONE)
03-01 06:42:48.459   968   980 I ActivityManager: Process com.android.nfc (pid 2158) has died.
03-01 06:42:48.469   968   980 I ActivityManager: Start proc com.android.nfc for restart com.android.nfc: pid=2302 uid=1027 gids={41027, 3002, 3001, 1028, 1015}
03-01 06:44:19.189   968   998 I BootReceiver: Copying /data/tombstones/tombstone_08 to DropBox (SYSTEM_TOMBSTONE)
03-01 06:44:19.259   968  1449 I ActivityManager: Process com.android.nfc (pid 2302) has died.
03-01 06:44:19.289   968  1449 I ActivityManager: Start proc com.android.nfc for restart com.android.nfc: pid=2377 uid=1027 gids={41027, 3002, 3001, 1028, 1015}
03-01 06:45:49.989   968   998 I BootReceiver: Copying /data/tombstones/tombstone_09 to DropBox (SYSTEM_TOMBSTONE)
03-01 06:45:50.059   968   979 I ActivityManager: Process com.android.nfc (pid 2377) has died.
03-01 06:45:50.079   968   979 I ActivityManager: Start proc com.android.nfc for restart com.android.nfc: pid=2516 uid=1027 gids={41027, 3002, 3001, 1028, 1015}
03-01 06:47:20.819   968   998 I BootReceiver: Copying /data/tombstones/tombstone_00 to DropBox (SYSTEM_TOMBSTONE)
03-01 06:47:20.899   968  1381 I ActivityManager: Process com.android.nfc (pid 2516) has died.
03-01 06:47:20.909   968  1381 I ActivityManager: Start proc com.android.nfc for restart com.android.nfc: pid=2582 uid=1027 gids={41027, 3002, 3001, 1028, 1015}
03-01 06:48:51.659   968   998 I BootReceiver: Copying /data/tombstones/tombstone_01 to DropBox (SYSTEM_TOMBSTONE)
03-01 06:48:51.729   968   979 I ActivityManager: Process com.android.nfc (pid 2582) has died.
03-01 06:48:51.759   968   979 I ActivityManager: Start proc com.android.nfc for restart com.android.nfc: pid=2648 uid=1027 gids={41027, 3002, 3001, 1028, 1015}
03-01 06:50:22.509   968   998 I BootReceiver: Copying /data/tombstones/tombstone_02 to DropBox (SYSTEM_TOMBSTONE)
03-01 06:50:22.569   968  1412 I ActivityManager: Process com.android.nfc (pid 2648) has died.
03-01 06:50:22.599   968  1412 I ActivityManager: Start proc com.android.nfc for restart com.android.nfc: pid=2716 uid=1027 gids={41027, 3002, 3001, 1028, 1015}
03-01 06:50:39.369   968  1180 D QcConnectivityService: Sampling interval elapsed, updating statistics ..
03-01 06:50:39.389   968  1180 D QcConnectivityService: Done.
03-01 06:50:39.389   968  1180 D QcConnectivityService: Setting timer for 720seconds
03-01 06:51:53.339   968   998 I BootReceiver: Copying /data/tombstones/tombstone_03 to DropBox (SYSTEM_TOMBSTONE)
03-01 06:51:53.409   968  2014 I ActivityManager: Process com.android.nfc (pid 2716) has died.
03-01 06:51:53.439   968  2014 I ActivityManager: Start proc com.android.nfc for restart com.android.nfc: pid=2788 uid=1027 gids={41027, 3002, 3001, 1028, 1015}
03-01 06:53:24.169   968   998 I BootReceiver: Copying /data/tombstones/tombstone_04 to DropBox (SYSTEM_TOMBSTONE)
03-01 06:53:24.239   968  2014 I ActivityManager: Process com.android.nfc (pid 2788) has died.
03-01 06:53:24.259   968  2014 I ActivityManager: Start proc com.android.nfc for restart com.android.nfc: pid=2852 uid=1027 gids={41027, 3002, 3001, 1028, 1015}
03-01 06:54:54.969   968   998 I BootReceiver: Copying /data/tombstones/tombstone_05 to DropBox (SYSTEM_TOMBSTONE)
03-01 06:54:55.029   968  1189 I ActivityManager: Process com.android.nfc (pid 2852) has died.
03-01 06:54:55.059   968  1189 I ActivityManager: Start proc com.android.nfc for restart com.android.nfc: pid=2912 uid=1027 gids={41027, 3002, 3001, 1028, 1015}
03-01 06:56:25.799   968   998 I BootReceiver: Copying /data/tombstones/tombstone_06 to DropBox (SYSTEM_TOMBSTONE)
03-01 06:56:25.869   968  1485 I ActivityManager: Process com.android.nfc (pid 2912) has died.
03-01 06:56:25.879   968  1485 I ActivityManager: Start proc com.android.nfc for restart com.android.nfc: pid=2975 uid=1027 gids={41027, 3002, 3001, 1028, 1015}
03-01 06:57:56.609   968   998 I BootReceiver: Copying /data/tombstones/tombstone_07 to DropBox (SYSTEM_TOMBSTONE)
03-01 06:57:56.679   968   980 I ActivityManager: Process com.android.nfc (pid 2975) has died.
03-01 06:57:56.699   968   980 I ActivityManager: Start proc com.android.nfc for restart com.android.nfc: pid=3044 uid=1027 gids={41027, 3002, 3001, 1028, 1015}
03-01 06:59:27.459   968   998 I BootReceiver: Copying /data/tombstones/tombstone_08 to DropBox (SYSTEM_TOMBSTONE)
03-01 06:59:27.539   968  1190 I ActivityManager: Process com.android.nfc (pid 3044) has died.
03-01 06:59:27.559   968  1190 I ActivityManager: Start proc com.android.nfc for restart com.android.nfc: pid=3106 uid=1027 gids={41027, 3002, 3001, 1028, 1015}
03-01 07:00:26.219   968   991 I ProcessStatsService: Prepared write state in 5ms
03-01 07:00:58.289   968   998 I BootReceiver: Copying /data/tombstones/tombstone_09 to DropBox (SYSTEM_TOMBSTONE)
03-01 07:00:58.359   968  1394 I ActivityManager: Process com.android.nfc (pid 3106) has died.
03-01 07:00:58.379   968  1394 I ActivityManager: Start proc com.android.nfc for restart com.android.nfc: pid=3175 uid=1027 gids={41027, 3002, 3001, 1028, 1015}
03-01 07:02:29.119   968   998 I BootReceiver: Copying /data/tombstones/tombstone_00 to DropBox (SYSTEM_TOMBSTONE)
03-01 07:02:29.189   968  1411 I ActivityManager: Process com.android.nfc (pid 3175) has died.
03-01 07:02:29.209   968  1411 I ActivityManager: Start proc com.android.nfc for restart com.android.nfc: pid=3246 uid=1027 gids={41027, 3002, 3001, 1028, 1015}
03-01 07:02:39.419   968  1180 D QcConnectivityService: Sampling interval elapsed, updating statistics ..
03-01 07:02:39.429   968  1180 D QcConnectivityService: Done.
03-01 07:02:39.429   968  1180 D QcConnectivityService: Setting timer for 720seconds
03-01 07:03:59.959   968   998 I BootReceiver: Copying /data/tombstones/tombstone_01 to DropBox (SYSTEM_TOMBSTONE)
03-01 07:04:00.039   968   979 I ActivityManager: Process com.android.nfc (pid 3246) has died.
03-01 07:04:00.059   968   979 I ActivityManager: Start proc com.android.nfc for restart com.android.nfc: pid=3323 uid=1027 gids={41027, 3002, 3001, 1028, 1015}
03-01 07:05:30.799   968   998 I BootReceiver: Copying /data/tombstones/tombstone_02 to DropBox (SYSTEM_TOMBSTONE)
03-01 07:05:30.869   968  2014 I ActivityManager: Process com.android.nfc (pid 3323) has died.
03-01 07:05:30.889   968  2014 I ActivityManager: Start proc com.android.nfc for restart com.android.nfc: pid=3390 uid=1027 gids={41027, 3002, 3001, 1028, 1015}
03-01 07:07:01.629   968   998 I BootReceiver: Copying /data/tombstones/tombstone_03 to DropBox (SYSTEM_TOMBSTONE)
03-01 07:07:01.709   968  1411 I ActivityManager: Process com.android.nfc (pid 3390) has died.
03-01 07:07:01.739   968  1411 I ActivityManager: Start proc com.android.nfc for restart com.android.nfc: pid=3456 uid=1027 gids={41027, 3002, 3001, 1028, 1015}
03-01 07:08:32.459   968   998 I BootReceiver: Copying /data/tombstones/tombstone_04 to DropBox (SYSTEM_TOMBSTONE)
03-01 07:08:32.529   968  1493 I ActivityManager: Process com.android.nfc (pid 3456) has died.
03-01 07:08:32.559   968  1493 I ActivityManager: Start proc com.android.nfc for restart com.android.nfc: pid=3526 uid=1027 gids={41027, 3002, 3001, 1028, 1015}
03-01 07:10:03.299   968   998 I BootReceiver: Copying /data/tombstones/tombstone_05 to DropBox (SYSTEM_TOMBSTONE)
03-01 07:10:03.369   968   980 I ActivityManager: Process com.android.nfc (pid 3526) has died.
03-01 07:10:03.399   968   980 I ActivityManager: Start proc com.android.nfc for restart com.android.nfc: pid=3594 uid=1027 gids={41027, 3002, 3001, 1028, 1015}
03-01 07:11:34.129   968   998 I BootReceiver: Copying /data/tombstones/tombstone_06 to DropBox (SYSTEM_TOMBSTONE)
03-01 07:11:34.199   968  2014 I ActivityManager: Process com.android.nfc (pid 3594) has died.
03-01 07:11:34.219   968  2014 I ActivityManager: Start proc com.android.nfc for restart com.android.nfc: pid=3663 uid=1027 gids={41027, 3002, 3001, 1028, 1015}
03-01 07:13:04.989   968   998 I BootReceiver: Copying /data/tombstones/tombstone_07 to DropBox (SYSTEM_TOMBSTONE)
03-01 07:13:05.069   968   979 I ActivityManager: Process com.android.nfc (pid 3663) has died.
03-01 07:13:05.099   968   979 I ActivityManager: Start proc com.android.nfc for restart com.android.nfc: pid=3720 uid=1027 gids={41027, 3002, 3001, 1028, 1015}
03-01 07:14:35.799   968   998 I BootReceiver: Copying /data/tombstones/tombstone_08 to DropBox (SYSTEM_TOMBSTONE)
03-01 07:14:35.859   968  1493 I ActivityManager: Process com.android.nfc (pid 3720) has died.
03-01 07:14:35.879   968  1493 I ActivityManager: Start proc com.android.nfc for restart com.android.nfc: pid=3782 uid=1027 gids={41027, 3002, 3001, 1028, 1015}
03-01 07:14:39.429   968  1180 D QcConnectivityService: Sampling interval elapsed, updating statistics ..
03-01 07:14:39.449   968  1180 D QcConnectivityService: Done.
03-01 07:14:39.449   968  1180 D QcConnectivityService: Setting timer for 720seconds
03-01 07:16:06.609   968   998 I BootReceiver: Copying /data/tombstones/tombstone_09 to DropBox (SYSTEM_TOMBSTONE)
03-01 07:16:06.679   968  1394 I ActivityManager: Process com.android.nfc (pid 3782) has died.
03-01 07:16:06.699   968  1394 I ActivityManager: Start proc com.android.nfc for restart com.android.nfc: pid=3849 uid=1027 gids={41027, 3002, 3001, 1028, 1015}
03-01 07:17:37.439   968   998 I BootReceiver: Copying /data/tombstones/tombstone_00 to DropBox (SYSTEM_TOMBSTONE)
03-01 07:17:37.519   968  1412 I ActivityManager: Process com.android.nfc (pid 3849) has died.
03-01 07:17:37.539   968  1412 I ActivityManager: Start proc com.android.nfc for restart com.android.nfc: pid=3917 uid=1027 gids={41027, 3002, 3001, 1028, 1015}
03-01 07:19:08.289   968   998 I BootReceiver: Copying /data/tombstones/tombstone_01 to DropBox (SYSTEM_TOMBSTONE)
03-01 07:19:08.349   968  2014 I ActivityManager: Process com.android.nfc (pid 3917) has died.
03-01 07:19:08.369   968  2014 I ActivityManager: Start proc com.android.nfc for restart com.android.nfc: pid=3984 uid=1027 gids={41027, 3002, 3001, 1028, 1015}
03-01 07:20:39.139   968   998 I BootReceiver: Copying /data/tombstones/tombstone_02 to DropBox (SYSTEM_TOMBSTONE)
03-01 07:20:39.209   968  1449 I ActivityManager: Process com.android.nfc (pid 3984) has died.
03-01 07:20:39.229   968  1449 I ActivityManager: Start proc com.android.nfc for restart com.android.nfc: pid=4053 uid=1027 gids={41027, 3002, 3001, 1028, 1015}
03-01 07:22:09.969   968   998 I BootReceiver: Copying /data/tombstones/tombstone_03 to DropBox (SYSTEM_TOMBSTONE)
03-01 07:22:10.049   968  1394 I ActivityManager: Process com.android.nfc (pid 4053) has died.
03-01 07:22:10.069   968  1394 I ActivityManager: Start proc com.android.nfc for restart com.android.nfc: pid=4122 uid=1027 gids={41027, 3002, 3001, 1028, 1015}
03-01 07:23:40.809   968   998 I BootReceiver: Copying /data/tombstones/tombstone_04 to DropBox (SYSTEM_TOMBSTONE)
03-01 07:23:40.889   968  1412 I ActivityManager: Process com.android.nfc (pid 4122) has died.
03-01 07:23:40.919   968  1412 I ActivityManager: Start proc com.android.nfc for restart com.android.nfc: pid=4191 uid=1027 gids={41027, 3002, 3001, 1028, 1015}
03-01 07:25:11.659   968   998 I BootReceiver: Copying /data/tombstones/tombstone_05 to DropBox (SYSTEM_TOMBSTONE)
03-01 07:25:11.729   968  1190 I ActivityManager: Process com.android.nfc (pid 4191) has died.
03-01 07:25:11.749   968  1190 I ActivityManager: Start proc com.android.nfc for restart com.android.nfc: pid=4253 uid=1027 gids={41027, 3002, 3001, 1028, 1015}
03-01 07:26:39.599   968  1180 D QcConnectivityService: Sampling interval elapsed, updating statistics ..
03-01 07:26:39.609   968  1180 D QcConnectivityService: Done.
03-01 07:26:39.609   968  1180 D QcConnectivityService: Setting timer for 720seconds
03-01 07:26:42.519   968   998 I BootReceiver: Copying /data/tombstones/tombstone_06 to DropBox (SYSTEM_TOMBSTONE)
03-01 07:26:42.539   968  1381 I ActivityManager: Process com.android.nfc (pid 4253) has died.
03-01 07:26:42.619   968  1381 I ActivityManager: Start proc com.android.nfc for restart com.android.nfc: pid=4324 uid=1027 gids={41027, 3002, 3001, 1028, 1015}
03-01 07:28:13.359   968   998 I BootReceiver: Copying /data/tombstones/tombstone_07 to DropBox (SYSTEM_TOMBSTONE)
03-01 07:28:13.419   968  1449 I ActivityManager: Process com.android.nfc (pid 4324) has died.
03-01 07:28:13.439   968  1449 I ActivityManager: Start proc com.android.nfc for restart com.android.nfc: pid=4384 uid=1027 gids={41027, 3002, 3001, 1028, 1015}
03-01 07:29:44.209   968   998 I BootReceiver: Copying /data/tombstones/tombstone_08 to DropBox (SYSTEM_TOMBSTONE)
03-01 07:29:44.279   968  1412 I ActivityManager: Process com.android.nfc (pid 4384) has died.
03-01 07:29:44.299   968  1412 I ActivityManager: Start proc com.android.nfc for restart com.android.nfc: pid=4452 uid=1027 gids={41027, 3002, 3001, 1028, 1015}
03-01 07:30:33.929   968   991 I ProcessStatsService: Prepared write state in 22ms
03-01 07:31:15.079   968   998 I BootReceiver: Copying /data/tombstones/tombstone_09 to DropBox (SYSTEM_TOMBSTONE)
03-01 07:31:15.149   968   980 I ActivityManager: Process com.android.nfc (pid 4452) has died.
03-01 07:31:15.169   968   980 I ActivityManager: Start proc com.android.nfc for restart com.android.nfc: pid=4521 uid=1027 gids={41027, 3002, 3001, 1028, 1015}
03-01 07:32:45.939   968   998 I BootReceiver: Copying /data/tombstones/tombstone_00 to DropBox (SYSTEM_TOMBSTONE)
03-01 07:32:46.009   968  1412 I ActivityManager: Process com.android.nfc (pid 4521) has died.
03-01 07:32:46.039   968  1412 I ActivityManager: Start proc com.android.nfc for restart com.android.nfc: pid=4582 uid=1027 gids={41027, 3002, 3001, 1028, 1015}
03-01 07:34:16.759   968   998 I BootReceiver: Copying /data/tombstones/tombstone_01 to DropBox (SYSTEM_TOMBSTONE)
03-01 07:34:16.839   968  1412 I ActivityManager: Process com.android.nfc (pid 4582) has died.
03-01 07:34:16.859   968  1412 I ActivityManager: Start proc com.android.nfc for restart com.android.nfc: pid=4644 uid=1027 gids={41027, 3002, 3001, 1028, 1015}
03-01 07:35:47.609   968   998 I BootReceiver: Copying /data/tombstones/tombstone_02 to DropBox (SYSTEM_TOMBSTONE)
03-01 07:35:47.679   968  2014 I ActivityManager: Process com.android.nfc (pid 4644) has died.
03-01 07:35:47.709   968  2014 I ActivityManager: Start proc com.android.nfc for restart com.android.nfc: pid=4713 uid=1027 gids={41027, 3002, 3001, 1028, 1015}
03-01 07:37:18.479   968   998 I BootReceiver: Copying /data/tombstones/tombstone_03 to DropBox (SYSTEM_TOMBSTONE)
03-01 07:37:18.549   968   979 I ActivityManager: Process com.android.nfc (pid 4713) has died.
03-01 07:37:18.569   968   979 I ActivityManager: Start proc com.android.nfc for restart com.android.nfc: pid=4781 uid=1027 gids={41027, 3002, 3001, 1028, 1015}
03-01 07:38:39.619   968  1180 D QcConnectivityService: Sampling interval elapsed, updating statistics ..
03-01 07:38:39.629   968  1180 D QcConnectivityService: Done.
03-01 07:38:39.629   968  1180 D QcConnectivityService: Setting timer for 720seconds
03-01 07:38:49.289   968   998 I BootReceiver: Copying /data/tombstones/tombstone_04 to DropBox (SYSTEM_TOMBSTONE)
03-01 07:38:49.369   968  1394 I ActivityManager: Process com.android.nfc (pid 4781) has died.
03-01 07:38:49.389   968  1394 I ActivityManager: Start proc com.android.nfc for restart com.android.nfc: pid=4850 uid=1027 gids={41027, 3002, 3001, 1028, 1015}
03-01 07:40:20.109   968   998 I BootReceiver: Copying /data/tombstones/tombstone_05 to DropBox (SYSTEM_TOMBSTONE)
03-01 07:40:20.179   968  2014 I ActivityManager: Process com.android.nfc (pid 4850) has died.
03-01 07:40:20.199   968  2014 I ActivityManager: Start proc com.android.nfc for restart com.android.nfc: pid=4920 uid=1027 gids={41027, 3002, 3001, 1028, 1015}
03-01 07:41:50.919   968   998 I BootReceiver: Copying /data/tombstones/tombstone_06 to DropBox (SYSTEM_TOMBSTONE)
03-01 07:41:50.979   968  1412 I ActivityManager: Process com.android.nfc (pid 4920) has died.
03-01 07:41:50.999   968  1412 I ActivityManager: Start proc com.android.nfc for restart com.android.nfc: pid=4988 uid=1027 gids={41027, 3002, 3001, 1028, 1015}
03-01 07:43:21.729   968   998 I BootReceiver: Copying /data/tombstones/tombstone_07 to DropBox (SYSTEM_TOMBSTONE)
03-01 07:43:21.799   968  2014 I ActivityManager: Process com.android.nfc (pid 4988) has died.
03-01 07:43:21.819   968  2014 I ActivityManager: Start proc com.android.nfc for restart com.android.nfc: pid=5055 uid=1027 gids={41027, 3002, 3001, 1028, 1015}
03-01 07:44:52.589   968   998 I BootReceiver: Copying /data/tombstones/tombstone_08 to DropBox (SYSTEM_TOMBSTONE)
03-01 07:44:52.649   968  1449 I ActivityManager: Process com.android.nfc (pid 5055) has died.
03-01 07:44:52.669   968  1449 I ActivityManager: Start proc com.android.nfc for restart com.android.nfc: pid=5122 uid=1027 gids={41027, 3002, 3001, 1028, 1015}
03-01 07:46:23.399   968   998 I BootReceiver: Copying /data/tombstones/tombstone_09 to DropBox (SYSTEM_TOMBSTONE)
03-01 07:46:23.469   968   980 I ActivityManager: Process com.android.nfc (pid 5122) has died.
03-01 07:46:23.479   968   980 I ActivityManager: Start proc com.android.nfc for restart com.android.nfc: pid=5186 uid=1027 gids={41027, 3002, 3001, 1028, 1015}
03-01 07:46:28.509   968   991 W ProcessCpuTracker: Skipping unknown process pid 5211
03-01 07:47:54.239   968   998 I BootReceiver: Copying /data/tombstones/tombstone_00 to DropBox (SYSTEM_TOMBSTONE)
03-01 07:47:54.329   968  1449 I ActivityManager: Process com.android.nfc (pid 5186) has died.
03-01 07:47:54.349   968  1449 I ActivityManager: Start proc com.android.nfc for restart com.android.nfc: pid=5250 uid=1027 gids={41027, 3002, 3001, 1028, 1015}
03-01 07:49:25.089   968   998 I BootReceiver: Copying /data/tombstones/tombstone_01 to DropBox (SYSTEM_TOMBSTONE)
03-01 07:49:25.169   968  1449 I ActivityManager: Process com.android.nfc (pid 5250) has died.
03-01 07:49:25.189   968  1449 I ActivityManager: Start proc com.android.nfc for restart com.android.nfc: pid=5313 uid=1027 gids={41027, 3002, 3001, 1028, 1015}
03-01 07:49:33.849   968  1180 D QcConnectivityService: Captive portal check NetworkInfo: type: WIFI[], state: CONNECTING/CAPTIVE_PORTAL_CHECK, reason: (unspecified), extra: "AllieGO 5GHz", roaming: false, failover: false, isAvailable: true, isConnectedToProvisioningNetwork: false
03-01 07:49:33.849   968  1180 D QcConnectivityService: handleCaptivePortalTrackerCheck: call captivePortalCheckComplete ni=NetworkInfo: type: WIFI[], state: CONNECTING/CAPTIVE_PORTAL_CHECK, reason: (unspecified), extra: "AllieGO 5GHz", roaming: false, failover: false, isAvailable: true, isConnectedToProvisioningNetwork: false
03-01 07:49:33.849   968  1180 D QcConnectivityService: handleInetConditionChange: net=0 != default=1 - ignore
03-01 07:49:33.859   968  1180 E QcConnectivityService: Unexpected mtu value: android.net.wifi.WifiStateTracker@41a60ce0
03-01 07:49:33.869   968  1180 D QcConnectivityService: handleConnectivityChange: address are the same reset per doReset linkProperty[1]: resetMask=0
03-01 07:49:33.869   968  1180 D Nat464Xlat: requiresClat: netType=1, hasIPv4Address=true
03-01 07:50:39.639   968  1180 D QcConnectivityService: Sampling interval elapsed, updating statistics ..
03-01 07:50:39.659   968  1180 D QcConnectivityService: Done.
03-01 07:50:39.659   968  1180 D QcConnectivityService: Setting timer for 720seconds
03-01 07:50:55.929   968   998 I BootReceiver: Copying /data/tombstones/tombstone_02 to DropBox (SYSTEM_TOMBSTONE)
03-01 07:50:55.939   968   980 I ActivityManager: Process com.android.nfc (pid 5313) has died.
03-01 07:50:55.969   968   980 I ActivityManager: Start proc com.android.nfc for restart com.android.nfc: pid=5412 uid=1027 gids={41027, 3002, 3001, 1028, 1015}
03-01 07:52:26.729   968   998 I BootReceiver: Copying /data/tombstones/tombstone_03 to DropBox (SYSTEM_TOMBSTONE)
