05-04 15:40:20.305  3256  7218 D ActivityManager: startService callerProcessName:com.icrealtime.allie, calleePkgName: com.icrealtime.allie
05-04 15:40:20.305  3256  7218 D ActivityManager: retrieveServiceLocked(): component = com.icrealtime.allie/com.icrealtime.allie.service.BackgroundService; callingUser = 0; userId(target) = 0
05-04 15:40:20.315  3256  7219 D ActivityManager: bindService callerProcessName:com.icrealtime.allie, calleePkgName: com.icrealtime.allie, action: null
05-04 15:40:20.315  3256  7219 D ActivityManager: retrieveServiceLocked(): component = com.icrealtime.allie/com.icrealtime.allie.service.BackgroundService; callingUser = 0; userId(target) = 0
05-04 15:40:20.320  3256  3256 D PersonaManagerService: getPersonasForUser(): returning null!
05-04 15:40:20.330  3256  3585 D MultiWindowConverter: dismissGuide() : Before attaching the guide view, mForceDismissGuide : false
05-04 15:40:20.330  3256  3291 D StatusBarManagerService: manageDisableList userId=0 what=0x0 pkg=WindowManager.LayoutParams
05-04 15:40:20.355  3256 17861 W ContextImpl: Calling a method in the system process without a qualified user: android.app.ContextImpl.sendBroadcast:1698 com.android.server.InputMethodManagerService$6.run:2786 java.lang.Thread.run:818 <bottom of call stack> <bottom of call stack> 
05-04 15:40:20.625  3256  3293 D CustomFrequencyManagerService: releaseDVFSLockLocked : Getting Lock type frm List : DVFS_MIN_LIMIT  frequency : 1800000  uid : 1000  pid : 3256  tag : ACTIVITY_RESUME_BOOSTER@2
05-04 15:40:20.625  3256  3293 W ActivityManager: mDVFSHelper.release()
05-04 15:40:20.650  3256  3287 D CustomFrequencyManagerService: acquireDVFSLockLocked : type : DVFS_MIN_LIMIT  frequency : 1800000  uid : 1000  pid : 3256  pkgName : ACTIVITY_RESUME_BOOSTER@6
05-04 15:40:20.650 17438 17438 V ActivityThread: updateVisibility : ActivityRecord{3a741155 token=android.os.BinderProxy@223b6cc9 {com.icrealtime.allie/com.icrealtime.allie.ui.activities.FoundCamerasActivity}} show : false
05-04 15:40:20.955  3256  3256 D CustomFrequencyManagerService: releaseDVFSLockLocked : Getting Lock type frm List : DVFS_MIN_LIMIT  frequency : 1800000  uid : 1000  pid : 3256  tag : ACTIVITY_RESUME_BOOSTER@6
05-04 15:40:23.115  3256  7218 D BatteryService: !@BatteryListener : batteryPropertiesChanged!
05-04 15:40:23.115  3256  7218 D BatteryService: level:87, scale:100, status:3, health:2, present:true, voltage: 4128, temperature: 380, technology: Li-ion, AC powered:false, USB powered:true, POGO powered:false, Wireless powered:false, icon:17303382, invalid charger:0
05-04 15:40:23.115  3256  7218 D BatteryService: online:4, current avg:-132, charge type:2, power sharing:false, high voltage charger:false, capacity:280000, current_now:-132
05-04 15:40:23.120  3256  3256 D BatteryService: Sending ACTION_BATTERY_CHANGED.
05-04 15:40:23.125  3672  3672 V EmergencyMode: [EmergencyStateReceiver] onReceive : android.intent.action.BATTERY_CHANGED
05-04 15:40:23.125  3672  3672 V EmergencyMode: [EmergencyStateReceiver] ACTION_BATTERY_CHANGED mBatteryLevelForLogging = 87
05-04 15:40:23.140  3421  3421 D BatteryMeterView: ACTION_BATTERY_CHANGED : level:87 status:3 health:2
05-04 15:40:23.145  3421  3421 D BatteryMeterView: ACTION_BATTERY_CHANGED : level:87 status:3 health:2
05-04 15:40:23.145  3421  3421 D BatteryMeterView: ACTION_BATTERY_CHANGED : level:87 status:3 health:2
05-04 15:40:25.245  3256  5014 D SSRM:n  : SIOP:: AP = 460, PST = 460 (W:12), CUR = -132, LCD = 147
05-04 15:40:33.125  3256  3524 D BatteryService: !@BatteryListener : batteryPropertiesChanged!
05-04 15:40:33.125  3256  3524 D BatteryService: level:87, scale:100, status:3, health:2, present:true, voltage: 4140, temperature: 379, technology: Li-ion, AC powered:false, USB powered:true, POGO powered:false, Wireless powered:false, icon:17303382, invalid charger:0
05-04 15:40:33.125  3256  3524 D BatteryService: online:4, current avg:-30, charge type:2, power sharing:false, high voltage charger:false, capacity:280000, current_now:-31
05-04 15:40:33.125  3256  3256 D BatteryService: Sending ACTION_BATTERY_CHANGED.
05-04 15:40:33.135  3672  3672 V EmergencyMode: [EmergencyStateReceiver] onReceive : android.intent.action.BATTERY_CHANGED
05-04 15:40:33.135  3672  3672 V EmergencyMode: [EmergencyStateReceiver] ACTION_BATTERY_CHANGED mBatteryLevelForLogging = 87
05-04 15:40:33.155  3421  3421 D BatteryMeterView: ACTION_BATTERY_CHANGED : level:87 status:3 health:2
05-04 15:40:33.155  3421  3421 D BatteryMeterView: ACTION_BATTERY_CHANGED : level:87 status:3 health:2
05-04 15:40:33.155  3421  3421 D BatteryMeterView: ACTION_BATTERY_CHANGED : level:87 status:3 health:2
05-04 15:40:35.250  3256  5014 D SSRM:n  : SIOP:: AP = 440, PST = 455 (W:16), CUR = -30, LCD = 147
05-04 15:40:43.135  3256  5292 D BatteryService: !@BatteryListener : batteryPropertiesChanged!
05-04 15:40:43.135  3256  5292 D BatteryService: level:87, scale:100, status:3, health:2, present:true, voltage: 4144, temperature: 378, technology: Li-ion, AC powered:false, USB powered:true, POGO powered:false, Wireless powered:false, icon:17303382, invalid charger:0
05-04 15:40:43.135  3256  5292 D BatteryService: online:4, current avg:-78, charge type:2, power sharing:false, high voltage charger:false, capacity:280000, current_now:-78
05-04 15:40:43.140  3256  3256 D BatteryService: Sending ACTION_BATTERY_CHANGED.
05-04 15:40:43.145  3672  3672 V EmergencyMode: [EmergencyStateReceiver] onReceive : android.intent.action.BATTERY_CHANGED
05-04 15:40:43.145  3672  3672 V EmergencyMode: [EmergencyStateReceiver] ACTION_BATTERY_CHANGED mBatteryLevelForLogging = 87
05-04 15:40:43.160  3421  3421 D BatteryMeterView: ACTION_BATTERY_CHANGED : level:87 status:3 health:2
05-04 15:40:43.165  3421  3421 D BatteryMeterView: ACTION_BATTERY_CHANGED : level:87 status:3 health:2
05-04 15:40:43.165  3421  3421 D BatteryMeterView: ACTION_BATTERY_CHANGED : level:87 status:3 health:2
05-04 15:40:43.810  3256  3328 D PowerManagerService: [api] userActivityFromNative : 2050 (event: 2 flags: 0) eventTime = 13332518
05-04 15:40:43.815  3256  3524 D ActivityManager: bindService callerProcessName:android, calleePkgName: com.sec.android.inputmethod, action: android.view.InputMethod
05-04 15:40:43.815  3256  3524 D ActivityManager: retrieveServiceLocked(): component = com.sec.android.inputmethod/com.sec.android.inputmethod.SamsungKeypad; callingUser = 0; userId(target) = 0
05-04 15:40:43.820  3256  3524 I MultiPhoneWindowManager: Changed -> mCurrentInputMethodTarget : Window{aa4d4ff u0 com.icrealtime.allie/com.icrealtime.allie.ui.activities.WiFiNetworksActivity}
05-04 15:40:43.820  3256  6922 D CustomFrequencyManagerService: acquireDVFSLockLocked : type : DVFS_MIN_LIMIT  frequency : 1700000  uid : 1000  pid : 3256  pkgName : com.sec.android.inputmethod@1
05-04 15:40:43.865  4053  4053 W ContextImpl: Calling a method in the system process without a qualified user: android.app.ContextImpl.sendBroadcast:1698 android.content.ContextWrapper.sendBroadcast:391 com.ime.framework.common.InputManagerImpl.sendBroadcaseSIPShown:9947 com.ime.framework.common.InputManagerImpl.startInputView:3692 com.sec.android.inputmethod.SamsungKeypad.onStartInputView:445 
05-04 15:40:43.865  4053  4053 W ContextImpl: Calling a method in the system process without a qualified user: android.app.ContextImpl.sendBroadcast:1698 android.content.ContextWrapper.sendBroadcast:391 android.inputmethodservice.InputMethodService.sendInputViewShownState:424 android.inputmethodservice.InputMethodService.showWindow:2021 android.inputmethodservice.InputMethodService$InputMethodImpl.showSoftInput:648 
05-04 15:40:43.870  4053 17878 W ContextImpl: Calling a method in the system process without a qualified user: android.app.ContextImpl.sendBroadcast:1698 android.content.ContextWrapper.sendBroadcast:391 android.inputmethodservice.InputMethodService$4.run:3277 java.lang.Thread.run:818 <bottom of call stack> 
05-04 15:40:43.870  3256  5014 D SSRM:a  : DeviceInfo:: 000000000000
05-04 15:40:43.870  3256  5014 D SSRM:a  : SettingsAirViewInfo:: 000000000
05-04 15:40:43.870  3256  3256 I ValidateNoPeople: skipping global notification
05-04 15:40:43.875  3256  3256 W NotificationService: Pray mode not found android.content.pm.PackageManager$NameNotFoundException: Application package com.sec.android.settings.praymodewidget not found
05-04 15:40:44.225  3256  3723 D CustomFrequencyManagerService: releaseDVFSLockLocked : Getting Lock type frm List : DVFS_MIN_LIMIT  frequency : 1700000  uid : 1000  pid : 3256  tag : com.sec.android.inputmethod@1
05-04 15:40:45.030  3256  3566 E Watchdog: !@Sync 444 [05-04 15:40:45.037]
05-04 15:40:45.260  3256  5014 D SSRM:n  : SIOP:: AP = 440, PST = 450 (W:16), CUR = -78, LCD = 147
05-04 15:40:46.755  4053  4053 W ContextImpl: Calling a method in the system process without a qualified user: android.app.ContextImpl.sendBroadcast:1698 android.content.ContextWrapper.sendBroadcast:391 android.inputmethodservice.InputMethodService.sendInputViewShownState:424 android.inputmethodservice.InputMethodService.showWindow:2021 android.inputmethodservice.InputMethodService$InputMethodImpl.showSoftInput:648 
05-04 15:40:46.760  4053 17880 W ContextImpl: Calling a method in the system process without a qualified user: android.app.ContextImpl.sendBroadcast:1698 android.content.ContextWrapper.sendBroadcast:391 android.inputmethodservice.InputMethodService$4.run:3277 java.lang.Thread.run:818 <bottom of call stack> 
05-04 15:40:46.760  3256  5014 D SSRM:a  : DeviceInfo:: 000000000000
05-04 15:40:46.760  3256  5014 D SSRM:a  : SettingsAirViewInfo:: 000000000
05-04 15:40:46.765  3256  3256 I ValidateNoPeople: skipping global notification
05-04 15:40:46.770  3256  3256 W NotificationService: Pray mode not found android.content.pm.PackageManager$NameNotFoundException: Application package com.sec.android.settings.praymodewidget not found
05-04 15:40:53.145  3256  7218 D BatteryService: !@BatteryListener : batteryPropertiesChanged!
05-04 15:40:53.145  3256  7218 D BatteryService: level:87, scale:100, status:3, health:2, present:true, voltage: 4125, temperature: 378, technology: Li-ion, AC powered:false, USB powered:true, POGO powered:false, Wireless powered:false, icon:17303382, invalid charger:0
05-04 15:40:53.145  3256  7218 D BatteryService: online:4, current avg:-296, charge type:2, power sharing:false, high voltage charger:false, capacity:280000, current_now:-296
05-04 15:40:53.145  3256  3256 D BatteryService: Sending ACTION_BATTERY_CHANGED.
05-04 15:40:53.155  3672  3672 V EmergencyMode: [EmergencyStateReceiver] onReceive : android.intent.action.BATTERY_CHANGED
05-04 15:40:53.155  3672  3672 V EmergencyMode: [EmergencyStateReceiver] ACTION_BATTERY_CHANGED mBatteryLevelForLogging = 87
05-04 15:40:53.185  3421  3421 D BatteryMeterView: ACTION_BATTERY_CHANGED : level:87 status:3 health:2
05-04 15:40:53.185  3421  3421 D BatteryMeterView: ACTION_BATTERY_CHANGED : level:87 status:3 health:2
05-04 15:40:53.185  3421  3421 D BatteryMeterView: ACTION_BATTERY_CHANGED : level:87 status:3 health:2
05-04 15:40:55.265  3256  5014 D SSRM:n  : SIOP:: AP = 450, PST = 450 (W:14), CUR = -296, LCD = 147
05-04 15:40:56.720  3256  3327 V AlarmManager: waitForAlarm result :4
05-04 15:40:56.735  3256  3279 D ActivityManager: bindService callerProcessName:android, calleePkgName: com.google.android.gm, action: android.content.SyncAdapter
05-04 15:40:56.735  3256  3279 D ActivityManager: retrieveServiceLocked(): component = com.google.android.gm/com.google.android.gm.provider.MailSyncAdapterService; callingUser = 0; userId(target) = 0
05-04 15:40:56.765  3256  6911 D ActivityManager: bindService callerProcessName:android, calleePkgName: com.google.android.gms, action: android.accounts.AccountAuthenticator
05-04 15:40:56.765  3256  6911 D ActivityManager: retrieveServiceLocked(): component = com.google.android.gms/com.google.android.gms.auth.GoogleAccountAuthenticatorService; callingUser = 0; userId(target) = 0
05-04 15:40:56.780  3256  5292 D ActivityManager: bindService callerProcessName:com.google.android.gm, calleePkgName: com.google.android.gms, action: null
05-04 15:40:56.780  3256  5292 D ActivityManager: retrieveServiceLocked(): component = com.google.android.gms/com.google.android.gms.auth.GetToken; callingUser = 0; userId(target) = 0
05-04 15:40:56.785  3256  3526 D ActivityManager: bindService callerProcessName:android, calleePkgName: com.google.android.gms, action: android.accounts.AccountAuthenticator
05-04 15:40:56.785  3256  3526 D ActivityManager: retrieveServiceLocked(): component = com.google.android.gms/com.google.android.gms.auth.GoogleAccountAuthenticatorService; callingUser = 0; userId(target) = 0
05-04 15:40:56.790  3256  3586 D ActivityManager: bindService callerProcessName:com.google.android.gms, calleePkgName: com.google.android.gms, action: null
05-04 15:40:56.790  3256  3586 D ActivityManager: retrieveServiceLocked(): component = com.google.android.gms/com.google.android.gms.auth.GetToken; callingUser = 0; userId(target) = 0
05-04 15:40:56.795  3256  6911 D ActivityManager: retrieveServiceLocked(): component = null; callingUser = 0; userId(target) = 0
05-04 15:40:56.830  3256  3351 D ActivityManager: bindService callerProcessName:com.google.android.gms, calleePkgName: com.google.android.gms, action: null
05-04 15:40:56.830  3256  3351 D ActivityManager: retrieveServiceLocked(): component = com.google.android.gms/com.google.android.gms.gcm.http.GoogleHttpService; callingUser = 0; userId(target) = 0
05-04 15:40:57.275  3256  3351 D ActivityManager: retrieveServiceLocked(): component = null; callingUser = 0; userId(target) = 0
05-04 15:40:57.285  3256  3739 D ActivityManager: retrieveServiceLocked(): component = null; callingUser = 0; userId(target) = 0
05-04 15:40:57.570  3256  5292 D ActivityManager: bindService callerProcessName:android, calleePkgName: com.google.android.gms, action: android.accounts.AccountAuthenticator
05-04 15:40:57.570  3256  5292 D ActivityManager: retrieveServiceLocked(): component = com.google.android.gms/com.google.android.gms.auth.GoogleAccountAuthenticatorService; callingUser = 0; userId(target) = 0
05-04 15:40:57.835  3256  3723 D CustomFrequencyManagerService: acquireDVFSLockLocked : type : DVFS_MIN_LIMIT  frequency : 1800000  uid : 1000  pid : 3256  pkgName : ACTIVITY_RESUME_BOOSTER@2
05-04 15:40:57.835  3256  3723 W ActivityManager: mDVFSHelper.acquire()
05-04 15:40:57.840  3256  3351 D MultiWindowConverter: dismissGuide() : Before attaching the guide view, mForceDismissGuide : false
05-04 15:40:57.850  3256  3351 D PowerManagerService: [api] acquire WakeLock flags=0x2000000a tag=WindowManager uid=1000 pid=3256
05-04 15:40:57.855  3256  3586 D ActivityManager: bindService callerProcessName:com.icrealtime.allie, calleePkgName: com.icrealtime.allie, action: null
05-04 15:40:57.855  3256  3586 D ActivityManager: retrieveServiceLocked(): component = com.icrealtime.allie/com.icrealtime.allie.service.BackgroundService; callingUser = 0; userId(target) = 0
05-04 15:40:57.860  3256  3256 D PersonaManagerService: getPersonasForUser(): returning null!
05-04 15:40:57.885  3256  3524 D MultiWindowConverter: dismissGuide() : Before attaching the guide view, mForceDismissGuide : false
05-04 15:40:57.885  3256  3291 D StatusBarManagerService: manageDisableList userId=0 what=0x0 pkg=WindowManager.LayoutParams
05-04 15:40:57.900  3256  6911 I MultiPhoneWindowManager: Changed -> mCurrentInputMethodTarget : null
05-04 15:40:57.900  3256 17906 W ContextImpl: Calling a method in the system process without a qualified user: android.app.ContextImpl.sendBroadcast:1698 com.android.server.InputMethodManagerService$6.run:2786 java.lang.Thread.run:818 <bottom of call stack> <bottom of call stack> 
05-04 15:40:57.900  3256  3256 D LightsService: [api] [SvcLED] turnOff:: id = 4 (uid: 1000 pid: 3256) 
05-04 15:40:57.900  3256  3256 D LightsService: [SvcLED] setSvcLedStateLocked:: SvcLEDState : 0x0 -> 0x0 | SvcLED(id=4) set Off
05-04 15:40:57.900  3256  3307 D LightsService: [SvcLED] Lux failed to be updated in 0ms. -> handleForcedSvcLEDTasK
05-04 15:40:57.900  3256  3307 D LightsService: [SvcLED]  setSvcLedLightLocked :: Current SvcLED(id=3) maintains its priority right
05-04 15:40:57.905  4053  4053 W ContextImpl: Calling a method in the system process without a qualified user: android.app.ContextImpl.sendBroadcast:1698 android.content.ContextWrapper.sendBroadcast:391 android.inputmethodservice.InputMethodService.sendInputViewShownState:424 android.inputmethodservice.InputMethodService.hideWindow:2193 android.inputmethodservice.InputMethodService.doHideWindow:2171 
05-04 15:40:57.905  4053 17907 W ContextImpl: Calling a method in the system process without a qualified user: android.app.ContextImpl.sendBroadcast:1698 android.content.ContextWrapper.sendBroadcast:391 android.inputmethodservice.InputMethodService$4.run:3277 java.lang.Thread.run:818 <bottom of call stack> 
05-04 15:40:57.905  3256  5014 D SSRM:a  : DeviceInfo:: 000000000000
05-04 15:40:57.905  3256  5014 D SSRM:a  : SettingsAirViewInfo:: 000000000
05-04 15:40:57.925  3256  6911 D MultiWindowConverter: dismissGuide() : Before attaching the guide view, mForceDismissGuide : false
05-04 15:40:57.925  3256  3291 D StatusBarManagerService: manageDisableList userId=0 what=0x0 pkg=WindowManager.LayoutParams
05-04 15:40:57.960  3256  3351 D ActivityManager: bindService callerProcessName:android, calleePkgName: com.google.android.gms, action: android.accounts.AccountAuthenticator
05-04 15:40:57.960  3256  3351 D ActivityManager: retrieveServiceLocked(): component = com.google.android.gms/com.google.android.gms.auth.GoogleAccountAuthenticatorService; callingUser = 0; userId(target) = 0
05-04 15:40:58.175  3256  3293 D CustomFrequencyManagerService: releaseDVFSLockLocked : Getting Lock type frm List : DVFS_MIN_LIMIT  frequency : 1800000  uid : 1000  pid : 3256  tag : ACTIVITY_RESUME_BOOSTER@2
05-04 15:40:58.175  3256  3293 W ActivityManager: mDVFSHelper.release()
05-04 15:40:58.180  3256  3287 D CustomFrequencyManagerService: acquireDVFSLockLocked : type : DVFS_MIN_LIMIT  frequency : 1800000  uid : 1000  pid : 3256  pkgName : ACTIVITY_RESUME_BOOSTER@6
05-04 15:40:58.480  3256  3256 D CustomFrequencyManagerService: releaseDVFSLockLocked : Getting Lock type frm List : DVFS_MIN_LIMIT  frequency : 1800000  uid : 1000  pid : 3256  tag : ACTIVITY_RESUME_BOOSTER@6
05-04 15:40:59.840  3256  3524 D PowerManagerService: [api] [s] userActivity : event: 0 flags: 0 (uid: 1000 pid: 3256) eventTime = 13348548
05-04 15:40:59.840  3256  3524 D PowerManagerService: [api] release WakeLock flags=0x2000000a tag=WindowManager uid=1000 pid=3256 (0x0)
05-04 15:40:59.840  3256  3524 D PowerManagerService: [api] applyWakeLockFlagsOnReleaseLocked : userActivityNoUpdateLocked is called : SCREEN_BRIGHT_WAKE_LOCK        'WindowManager' ON_AFTER_RELEASE (uid=1000, pid=3256, ws=WorkSource{10360}) (elapsedTime=1990)
05-04 15:40:59.995  3256  3327 V AlarmManager: waitForAlarm result :8
05-04 15:41:01.420  3256  3268 D MultiWindowConverter: dismissGuide() : Before attaching the guide view, mForceDismissGuide : false
05-04 15:41:01.420  3256  3291 D StatusBarManagerService: manageDisableList userId=0 what=0x0 pkg=WindowManager.LayoutParams
05-04 15:41:01.440  3256  3739 W InputMethodManagerService: Window already focused, ignoring focus gain of: com.android.internal.view.IInputMethodClient$Stub$Proxy@556d1d attribute=null, token = android.os.BinderProxy@31b47ca5
05-04 15:41:01.440  3256  3739 D InputMethodManagerService: [HARDWARE_KEYBOARD] (refreshImeWindowVis) mImeWindowVis= 0 inputVisible = falsehaveHardKeyboard = false hardKeyShown = false
05-04 15:41:01.490  3256  3269 D MultiWindowConverter: dismissGuide() : Before attaching the guide view, mForceDismissGuide : false
05-04 15:41:01.490  3256  3291 D StatusBarManagerService: manageDisableList userId=0 what=0x0 pkg=WindowManager.LayoutParams
05-04 15:41:01.530  3256  6922 D ActivityManager: bindService callerProcessName:android, calleePkgName: com.sec.android.inputmethod, action: android.view.InputMethod
05-04 15:41:01.530  3256  6922 D ActivityManager: retrieveServiceLocked(): component = com.sec.android.inputmethod/com.sec.android.inputmethod.SamsungKeypad; callingUser = 0; userId(target) = 0
05-04 15:41:01.530  3256  6922 I MultiPhoneWindowManager: Changed -> mCurrentInputMethodTarget : Window{20e34963 u0 com.icrealtime.allie/com.icrealtime.allie.ui.activities.FoundCamerasActivity}
05-04 15:41:01.535  3256  3723 D CustomFrequencyManagerService: acquireDVFSLockLocked : type : DVFS_MIN_LIMIT  frequency : 1700000  uid : 1000  pid : 3256  pkgName : com.sec.android.inputmethod@1
05-04 15:41:01.560  4053  4053 W ContextImpl: Calling a method in the system process without a qualified user: android.app.ContextImpl.sendBroadcast:1698 android.content.ContextWrapper.sendBroadcast:391 com.ime.framework.common.InputManagerImpl.sendBroadcaseSIPShown:9947 com.ime.framework.common.InputManagerImpl.startInputView:3692 com.sec.android.inputmethod.SamsungKeypad.onStartInputView:445 
05-04 15:41:01.565  4053  4053 W ContextImpl: Calling a method in the system process without a qualified user: android.app.ContextImpl.sendBroadcast:1698 android.content.ContextWrapper.sendBroadcast:391 android.inputmethodservice.InputMethodService.sendInputViewShownState:424 android.inputmethodservice.InputMethodService.showWindow:2021 android.inputmethodservice.InputMethodService$InputMethodImpl.showSoftInput:648 
05-04 15:41:01.565  3256  5014 D SSRM:a  : DeviceInfo:: 000000000000
05-04 15:41:01.565  3256  5014 D SSRM:a  : SettingsAirViewInfo:: 000000000
05-04 15:41:01.570  4053 17914 W ContextImpl: Calling a method in the system process without a qualified user: android.app.ContextImpl.sendBroadcast:1698 android.content.ContextWrapper.sendBroadcast:391 android.inputmethodservice.InputMethodService$4.run:3277 java.lang.Thread.run:818 <bottom of call stack> 
05-04 15:41:01.570  3256  3256 I ValidateNoPeople: skipping global notification
05-04 15:41:01.570  3256  3256 W NotificationService: Pray mode not found android.content.pm.PackageManager$NameNotFoundException: Application package com.sec.android.settings.praymodewidget not found
05-04 15:41:01.940  3256  6937 D CustomFrequencyManagerService: releaseDVFSLockLocked : Getting Lock type frm List : DVFS_MIN_LIMIT  frequency : 1700000  uid : 1000  pid : 3256  tag : com.sec.android.inputmethod@1
05-04 15:41:03.155  3256  7219 D BatteryService: !@BatteryListener : batteryPropertiesChanged!
05-04 15:41:03.155  3256  7219 D BatteryService: level:87, scale:100, status:3, health:2, present:true, voltage: 4136, temperature: 378, technology: Li-ion, AC powered:false, USB powered:true, POGO powered:false, Wireless powered:false, icon:17303382, invalid charger:0
05-04 15:41:03.155  3256  7219 D BatteryService: online:4, current avg:34, charge type:2, power sharing:false, high voltage charger:false, capacity:280000, current_now:35
05-04 15:41:03.155  3256  3256 D BatteryService: Sending ACTION_BATTERY_CHANGED.
05-04 15:41:03.160  3672  3672 V EmergencyMode: [EmergencyStateReceiver] onReceive : android.intent.action.BATTERY_CHANGED
05-04 15:41:03.165  3672  3672 V EmergencyMode: [EmergencyStateReceiver] ACTION_BATTERY_CHANGED mBatteryLevelForLogging = 87
05-04 15:41:03.175  3421  3421 D BatteryMeterView: ACTION_BATTERY_CHANGED : level:87 status:3 health:2
05-04 15:41:03.175  3421  3421 D BatteryMeterView: ACTION_BATTERY_CHANGED : level:87 status:3 health:2
05-04 15:41:03.175  3421  3421 D BatteryMeterView: ACTION_BATTERY_CHANGED : level:87 status:3 health:2
05-04 15:41:05.275  3256  5014 D SSRM:n  : SIOP:: AP = 450, PST = 448 (W:14), CUR = 34, LCD = 147
05-04 15:41:05.275  3256  5014 D U       : broadcastSiopLevelIntent:: currentSiopLevel = 0
05-04 15:41:07.980  3256  5292 D MultiWindowConverter: dismissGuide() : Before attaching the guide view, mForceDismissGuide : false
05-04 15:41:07.980  3256  3291 D StatusBarManagerService: manageDisableList userId=0 what=0x0 pkg=WindowManager.LayoutParams
05-04 15:41:08.030  3256  3351 D MultiWindowConverter: dismissGuide() : Before attaching the guide view, mForceDismissGuide : false
05-04 15:41:08.030  3256  3291 D StatusBarManagerService: manageDisableList userId=0 what=0x0 pkg=WindowManager.LayoutParams
05-04 15:41:08.035  3256 17919 W ContextImpl: Calling a method in the system process without a qualified user: android.app.ContextImpl.sendBroadcast:1698 com.android.server.InputMethodManagerService$6.run:2786 java.lang.Thread.run:818 <bottom of call stack> <bottom of call stack> 
05-04 15:41:08.035  3256  5292 I MultiPhoneWindowManager: Changed -> mCurrentInputMethodTarget : null
05-04 15:41:08.035  3256  3256 D LightsService: [api] [SvcLED] turnOff:: id = 4 (uid: 1000 pid: 3256) 
05-04 15:41:08.035  3256  3256 D LightsService: [SvcLED] setSvcLedStateLocked:: SvcLEDState : 0x0 -> 0x0 | SvcLED(id=4) set Off
05-04 15:41:08.035  3256  3307 D LightsService: [SvcLED] Lux failed to be updated in 0ms. -> handleForcedSvcLEDTasK
05-04 15:41:08.035  3256  3307 D LightsService: [SvcLED]  setSvcLedLightLocked :: Current SvcLED(id=3) maintains its priority right
05-04 15:41:08.040  4053  4053 W ContextImpl: Calling a method in the system process without a qualified user: android.app.ContextImpl.sendBroadcast:1698 android.content.ContextWrapper.sendBroadcast:391 android.inputmethodservice.InputMethodService.sendInputViewShownState:424 android.inputmethodservice.InputMethodService.hideWindow:2193 android.inputmethodservice.InputMethodService.doHideWindow:2171 
05-04 15:41:08.045  3256  5014 D SSRM:a  : DeviceInfo:: 000000000000
05-04 15:41:08.045  3256  5014 D SSRM:a  : SettingsAirViewInfo:: 000000000
05-04 15:41:08.045  4053 17920 W ContextImpl: Calling a method in the system process without a qualified user: android.app.ContextImpl.sendBroadcast:1698 android.content.ContextWrapper.sendBroadcast:391 android.inputmethodservice.InputMethodService$4.run:3277 java.lang.Thread.run:818 <bottom of call stack> 
05-04 15:41:09.700  3256  3269 D MultiWindowConverter: dismissGuide() : Before attaching the guide view, mForceDismissGuide : false
05-04 15:41:09.700  3256  3291 D StatusBarManagerService: manageDisableList userId=0 what=0x0 pkg=WindowManager.LayoutParams
05-04 15:41:09.730  3256  7219 W InputMethodManagerService: Window already focused, ignoring focus gain of: com.android.internal.view.IInputMethodClient$Stub$Proxy@9a960b7 attribute=null, token = android.os.BinderProxy@31b47ca5
05-04 15:41:09.730  3256  7219 D InputMethodManagerService: [HARDWARE_KEYBOARD] (refreshImeWindowVis) mImeWindowVis= 0 inputVisible = falsehaveHardKeyboard = false hardKeyShown = false
05-04 15:41:09.735  3256  6937 D CustomFrequencyManagerService: acquireDVFSLockLocked : type : DVFS_MIN_LIMIT  frequency : 1800000  uid : 1000  pid : 3256  pkgName : ACTIVITY_RESUME_BOOSTER@2
05-04 15:41:09.735  3256  6937 W ActivityManager: mDVFSHelper.acquire()
05-04 15:41:09.750  3256  3723 D ActivityManager: bindService callerProcessName:com.icrealtime.allie, calleePkgName: com.icrealtime.allie, action: null
05-04 15:41:09.750  3256  3723 D ActivityManager: retrieveServiceLocked(): component = com.icrealtime.allie/com.icrealtime.allie.service.BackgroundService; callingUser = 0; userId(target) = 0
05-04 15:41:09.760  3256  3256 D PersonaManagerService: getPersonasForUser(): returning null!
05-04 15:41:09.765  3256  6911 D MultiWindowConverter: dismissGuide() : Before attaching the guide view, mForceDismissGuide : false
05-04 15:41:09.765  3256  3291 D StatusBarManagerService: manageDisableList userId=0 what=0x0 pkg=WindowManager.LayoutParams
05-04 15:41:09.765  3256  3291 D StatusBarManagerService: manageDisableList userId=0 what=0x0 pkg=WindowManager.LayoutParams
05-04 15:41:09.790  3256 17923 W ContextImpl: Calling a method in the system process without a qualified user: android.app.ContextImpl.sendBroadcast:1698 com.android.server.InputMethodManagerService$6.run:2786 java.lang.Thread.run:818 <bottom of call stack> <bottom of call stack> 
05-04 15:41:10.100  3256  3293 D CustomFrequencyManagerService: releaseDVFSLockLocked : Getting Lock type frm List : DVFS_MIN_LIMIT  frequency : 1800000  uid : 1000  pid : 3256  tag : ACTIVITY_RESUME_BOOSTER@2
05-04 15:41:10.100  3256  3293 W ActivityManager: mDVFSHelper.release()
05-04 15:41:10.105  3256  3287 D CustomFrequencyManagerService: acquireDVFSLockLocked : type : DVFS_MIN_LIMIT  frequency : 1800000  uid : 1000  pid : 3256  pkgName : ACTIVITY_RESUME_BOOSTER@6
05-04 15:41:10.405  3256  3256 D CustomFrequencyManagerService: releaseDVFSLockLocked : Getting Lock type frm List : DVFS_MIN_LIMIT  frequency : 1800000  uid : 1000  pid : 3256  tag : ACTIVITY_RESUME_BOOSTER@6
05-04 15:41:12.935  3256  5293 D CustomFrequencyManagerService: acquireDVFSLockLocked : type : DVFS_MIN_LIMIT  frequency : 1800000  uid : 1000  pid : 3256  pkgName : ACTIVITY_RESUME_BOOSTER@2
05-04 15:41:12.945  3256  5293 W ActivityManager: mDVFSHelper.acquire()
05-04 15:41:12.945  3256  5293 D MultiWindowConverter: dismissGuide() : Before attaching the guide view, mForceDismissGuide : false
05-04 15:41:12.960  3256  6922 W ActivityManager: Permission Denial: getCurrentUser() from pid=17438, uid=10360 requires android.permission.INTERACT_ACROSS_USERS
05-04 15:41:12.960  3256  5292 D ActivityManager: startService callerProcessName:com.icrealtime.allie, calleePkgName: com.icrealtime.allie
05-04 15:41:12.960  3256  5292 D ActivityManager: retrieveServiceLocked(): component = com.icrealtime.allie/com.icrealtime.allie.service.BackgroundService; callingUser = 0; userId(target) = 0
05-04 15:41:13.005  3256  3268 D ActivityManager: bindService callerProcessName:com.icrealtime.allie, calleePkgName: com.icrealtime.allie, action: null
05-04 15:41:13.005  3256  3268 D ActivityManager: retrieveServiceLocked(): component = com.icrealtime.allie/com.icrealtime.allie.service.BackgroundService; callingUser = 0; userId(target) = 0
05-04 15:41:13.010  3256  3256 D PersonaManagerService: getPersonasForUser(): returning null!
05-04 15:41:13.020  3256  6922 D MultiWindowConverter: dismissGuide() : Before attaching the guide view, mForceDismissGuide : false
05-04 15:41:13.025  3256  3291 D StatusBarManagerService: manageDisableList userId=0 what=0x0 pkg=WindowManager.LayoutParams
05-04 15:41:13.025  3256  3291 D StatusBarManagerService: manageDisableList userId=0 what=0x0 pkg=WindowManager.LayoutParams
05-04 15:41:13.080  3256  3293 D PowerManagerService: [api] acquire WakeLock flags=0x2000000a tag=WindowManager uid=1000 pid=3256
05-04 15:41:13.085  3256 17928 W ContextImpl: Calling a method in the system process without a qualified user: android.app.ContextImpl.sendBroadcast:1698 com.android.server.InputMethodManagerService$6.run:2786 java.lang.Thread.run:818 <bottom of call stack> <bottom of call stack> 
05-04 15:41:13.165  3256  6922 D BatteryService: !@BatteryListener : batteryPropertiesChanged!
05-04 15:41:13.165  3256  6922 D BatteryService: level:87, scale:100, status:3, health:2, present:true, voltage: 4082, temperature: 382, technology: Li-ion, AC powered:false, USB powered:true, POGO powered:false, Wireless powered:false, icon:17303382, invalid charger:0
05-04 15:41:13.165  3256  6922 D BatteryService: online:4, current avg:-600, charge type:2, power sharing:false, high voltage charger:false, capacity:280000, current_now:-601
05-04 15:41:13.165  3256  3256 D BatteryService: Sending ACTION_BATTERY_CHANGED.
05-04 15:41:13.165  3672  3672 V EmergencyMode: [EmergencyStateReceiver] onReceive : android.intent.action.BATTERY_CHANGED
05-04 15:41:13.165  3672  3672 V EmergencyMode: [EmergencyStateReceiver] ACTION_BATTERY_CHANGED mBatteryLevelForLogging = 87
05-04 15:41:13.170  3421  3421 D BatteryMeterView: ACTION_BATTERY_CHANGED : level:87 status:3 health:2
05-04 15:41:13.170  3421  3421 D BatteryMeterView: ACTION_BATTERY_CHANGED : level:87 status:3 health:2
05-04 15:41:13.175  3421  3421 D BatteryMeterView: ACTION_BATTERY_CHANGED : level:87 status:3 health:2
05-04 15:41:13.295  3256  6937 E ActivityManager: failed to get LpnetManagerService instance or Pkg was null 
05-04 15:41:13.300  3256  3269 D ActivityManager: startService callerProcessName:com.google.android.gsf, calleePkgName: com.google.android.gsf
05-04 15:41:13.300  3256  3269 D ActivityManager: retrieveServiceLocked(): component = com.google.android.gsf/com.google.android.gsf.subscribedfeeds.GCMIntentService; callingUser = 0; userId(target) = 0
05-04 15:41:13.320  3256  3279 D ActivityManager: bindService callerProcessName:android, calleePkgName: com.google.android.gm, action: android.content.SyncAdapter
05-04 15:41:13.320  3256  3279 D ActivityManager: retrieveServiceLocked(): component = com.google.android.gm/com.google.android.gm.provider.MailSyncAdapterService; callingUser = 0; userId(target) = 0
05-04 15:41:13.335  3256  3526 D ActivityManager: bindService callerProcessName:android, calleePkgName: com.google.android.gms, action: android.accounts.AccountAuthenticator
05-04 15:41:13.335  3256  3526 D ActivityManager: retrieveServiceLocked(): component = com.google.android.gms/com.google.android.gms.auth.GoogleAccountAuthenticatorService; callingUser = 0; userId(target) = 0
05-04 15:41:13.345  3256  3351 D ActivityManager: bindService callerProcessName:com.google.android.gm, calleePkgName: com.google.android.gms, action: null
05-04 15:41:13.345  3256  3351 D ActivityManager: retrieveServiceLocked(): component = com.google.android.gms/com.google.android.gms.auth.GetToken; callingUser = 0; userId(target) = 0
05-04 15:41:13.355  3256  3739 D ActivityManager: retrieveServiceLocked(): component = null; callingUser = 0; userId(target) = 0
05-04 15:41:13.360  3256  3293 D CustomFrequencyManagerService: releaseDVFSLockLocked : Getting Lock type frm List : DVFS_MIN_LIMIT  frequency : 1800000  uid : 1000  pid : 3256  tag : ACTIVITY_RESUME_BOOSTER@2
05-04 15:41:13.360  3256  3293 W ActivityManager: mDVFSHelper.release()
05-04 15:41:13.370  3256  3287 D CustomFrequencyManagerService: acquireDVFSLockLocked : type : DVFS_MIN_LIMIT  frequency : 1800000  uid : 1000  pid : 3256  pkgName : ACTIVITY_RESUME_BOOSTER@6
05-04 15:41:13.370 17438 17438 V ActivityThread: updateVisibility : ActivityRecord{1e8afe3a token=android.os.BinderProxy@3304f2dd {com.icrealtime.allie/com.icrealtime.allie.ui.activities.MainActivity}} show : false
05-04 15:41:13.385  3256  6937 D ActivityManager: bindService callerProcessName:android, calleePkgName: com.google.android.gms, action: android.accounts.AccountAuthenticator
05-04 15:41:13.385  3256  6937 D ActivityManager: retrieveServiceLocked(): component = com.google.android.gms/com.google.android.gms.auth.GoogleAccountAuthenticatorService; callingUser = 0; userId(target) = 0
05-04 15:41:13.390  3256  6937 D ActivityManager: bindService callerProcessName:com.google.android.gms, calleePkgName: com.google.android.gms, action: null
05-04 15:41:13.390  3256  6937 D ActivityManager: retrieveServiceLocked(): component = com.google.android.gms/com.google.android.gms.auth.GetToken; callingUser = 0; userId(target) = 0
05-04 15:41:13.645  3256  7219 D ActivityManager: bindService callerProcessName:android, calleePkgName: com.google.android.gms, action: android.accounts.AccountAuthenticator
05-04 15:41:13.645  3256  7219 D ActivityManager: retrieveServiceLocked(): component = com.google.android.gms/com.google.android.gms.auth.GoogleAccountAuthenticatorService; callingUser = 0; userId(target) = 0
05-04 15:41:13.670  3256  3256 D CustomFrequencyManagerService: releaseDVFSLockLocked : Getting Lock type frm List : DVFS_MIN_LIMIT  frequency : 1800000  uid : 1000  pid : 3256  tag : ACTIVITY_RESUME_BOOSTER@6
05-04 15:41:13.810  3256  5293 D ActivityManager: startService callerProcessName:com.google.android.gm, calleePkgName: com.google.android.gm
05-04 15:41:13.810  3256  5293 D ActivityManager: retrieveServiceLocked(): component = com.google.android.gm/com.android.mail.widget.BaseGmailWidgetProviderService; callingUser = 0; userId(target) = 0
05-04 15:41:13.845  3256  5293 D ActivityManager: retrieveServiceLocked(): component = null; callingUser = 0; userId(target) = 0
05-04 15:41:13.855  3256  7219 D ActivityManager: startService callerProcessName:com.google.android.gms, calleePkgName: com.google.android.gms
05-04 15:41:13.855  3256  7219 D ActivityManager: retrieveServiceLocked(): component = com.google.android.gms/com.google.android.gms.icing.service.IndexWorkerService; callingUser = 0; userId(target) = 0
05-04 15:41:13.880  3256  7218 D ActivityManager: retrieveServiceLocked(): component = null; callingUser = 0; userId(target) = 0
05-04 15:41:13.890  3256  7219 D ActivityManager: retrieveServiceLocked(): component = null; callingUser = 0; userId(target) = 0
05-04 15:41:13.910  3256  3351 D ActivityManager: retrieveServiceLocked(): component = null; callingUser = 0; userId(target) = 0
05-04 15:41:13.935  3256  6922 D ActivityManager: startService callerProcessName:com.google.android.gm, calleePkgName: com.google.android.gm
05-04 15:41:13.935  3256  6922 D ActivityManager: retrieveServiceLocked(): component = com.google.android.gm/com.google.android.gm.GmailIntentService; callingUser = 0; userId(target) = 0
05-04 15:41:13.955  3256  3739 D ActivityManager: startService callerProcessName:com.google.android.gm, calleePkgName: com.google.android.gm
05-04 15:41:13.955  3256  3739 D ActivityManager: retrieveServiceLocked(): component = com.google.android.gm/com.google.android.gm.GmailIntentService; callingUser = 0; userId(target) = 0
05-04 15:41:13.960  3256  3723 D ActivityManager: bindService callerProcessName:android, calleePkgName: com.google.android.gms, action: android.accounts.AccountAuthenticator
05-04 15:41:13.960  3256  3723 D ActivityManager: retrieveServiceLocked(): component = com.google.android.gms/com.google.android.gms.auth.GoogleAccountAuthenticatorService; callingUser = 0; userId(target) = 0
05-04 15:41:14.055  3256  3723 D ActivityManager: retrieveServiceLocked(): component = null; callingUser = 0; userId(target) = 0
05-04 15:41:14.075  3256  3524 D ActivityManager: startService callerProcessName:com.google.android.gms, calleePkgName: com.google.android.gms
05-04 15:41:14.075  3256  3524 D ActivityManager: retrieveServiceLocked(): component = com.google.android.gms/com.google.android.gms.people.service.PeopleRequestProcessor; callingUser = 0; userId(target) = 0
05-04 15:41:14.185  3256  6922 D ActivityManager: startService callerProcessName:com.google.android.gms, calleePkgName: com.google.android.gms
05-04 15:41:14.185  3256  6922 D ActivityManager: retrieveServiceLocked(): component = com.google.android.gms/com.google.android.gms.people.service.PeopleRequestProcessor; callingUser = 0; userId(target) = 0
05-04 15:41:14.455  3256  7218 D ActivityManager: startService callerProcessName:com.google.android.gms, calleePkgName: com.google.android.gms
05-04 15:41:14.455  3256  7218 D ActivityManager: retrieveServiceLocked(): component = com.google.android.gms/com.google.android.gms.people.service.PeopleRequestProcessor; callingUser = 0; userId(target) = 0
05-04 15:41:14.560  3256  6922 D ActivityManager: startService callerProcessName:com.google.android.gms, calleePkgName: com.google.android.gms
05-04 15:41:14.560  3256  6922 D ActivityManager: retrieveServiceLocked(): component = com.google.android.gms/com.google.android.gms.people.service.PeopleRequestProcessor; callingUser = 0; userId(target) = 0
05-04 15:41:14.725  3256  6937 D ActivityManager: startService callerProcessName:com.google.android.gms, calleePkgName: com.google.android.gms
05-04 15:41:14.725  3256  6937 D ActivityManager: retrieveServiceLocked(): component = com.google.android.gms/com.google.android.gms.people.service.PeopleRequestProcessor; callingUser = 0; userId(target) = 0
05-04 15:41:14.895  3256  3351 D ActivityManager: startService callerProcessName:com.google.android.gms, calleePkgName: com.google.android.gms
05-04 15:41:14.895  3256  3351 D ActivityManager: retrieveServiceLocked(): component = com.google.android.gms/com.google.android.gms.people.service.PeopleRequestProcessor; callingUser = 0; userId(target) = 0
05-04 15:41:14.990  3256  3585 D ActivityManager: retrieveServiceLocked(): component = com.google.android.gms/com.google.android.gms.icing.service.IndexWorkerService; callingUser = 0; userId(target) = 0
05-04 15:41:14.995  3256  5293 D ActivityManager: startService callerProcessName:com.google.android.gms, calleePkgName: com.google.android.gms
05-04 15:41:14.995  3256  5293 D ActivityManager: retrieveServiceLocked(): component = com.google.android.gms/com.google.android.gms.people.service.PeopleRequestProcessor; callingUser = 0; userId(target) = 0
05-04 15:41:15.030  3256  3566 E Watchdog: !@Sync 445 [05-04 15:41:15.038]
05-04 15:41:15.160  3256  3526 D ActivityManager: startService callerProcessName:com.google.android.gms, calleePkgName: com.google.android.gms
05-04 15:41:15.160  3256  3526 D ActivityManager: retrieveServiceLocked(): component = com.google.android.gms/com.google.android.gms.people.service.PeopleRequestProcessor; callingUser = 0; userId(target) = 0
05-04 15:41:15.290  3256  5014 D SSRM:n  : SIOP:: AP = 460, PST = 448 (W:12), CUR = -600, LCD = 147
05-04 15:41:15.400  3256  3585 D ActivityManager: startService callerProcessName:com.google.android.gms, calleePkgName: com.google.android.gms
05-04 15:41:15.400  3256  3585 D ActivityManager: retrieveServiceLocked(): component = com.google.android.gms/com.google.android.gms.people.service.PeopleRequestProcessor; callingUser = 0; userId(target) = 0
05-04 15:41:15.565  3256  7219 D ActivityManager: startService callerProcessName:com.google.android.gms, calleePkgName: com.google.android.gms
05-04 15:41:15.565  3256  7219 D ActivityManager: retrieveServiceLocked(): component = com.google.android.gms/com.google.android.gms.people.service.PeopleRequestProcessor; callingUser = 0; userId(target) = 0
05-04 15:41:15.640  3256  6911 D ActivityManager: startService callerProcessName:com.google.android.gms, calleePkgName: com.google.android.gms
05-04 15:41:15.640  3256  6911 D ActivityManager: retrieveServiceLocked(): component = com.google.android.gms/com.google.android.gms.people.service.PeopleRequestProcessor; callingUser = 0; userId(target) = 0
05-04 15:41:15.800  3256  3256 I ValidateNoPeople: Validating: 0|com.google.android.gm|2146459274|null|10087
05-04 15:41:15.800  3256  3256 I ValidateNoPeople: final affinity: 0.5
05-04 15:41:15.805  3256  3256 D LightsService: [api] [SvcLED] turnOff:: id = 4 (uid: 1000 pid: 3256) 
05-04 15:41:15.805  3256  3256 D LightsService: [SvcLED] setSvcLedStateLocked:: SvcLEDState : 0x0 -> 0x0 | SvcLED(id=4) set Off
05-04 15:41:15.805  3256  3307 D LightsService: [SvcLED] Lux failed to be updated in 0ms. -> handleForcedSvcLEDTasK
05-04 15:41:15.805  3256  3307 D LightsService: [SvcLED]  setSvcLedLightLocked :: Current SvcLED(id=3) maintains its priority right
05-04 15:41:15.810  3256  3256 W NotificationService: Pray mode not found android.content.pm.PackageManager$NameNotFoundException: Application package com.sec.android.settings.praymodewidget not found
05-04 15:41:15.810  3256  3256 D LightsService: [api] [SvcLED] turnOff:: id = 4 (uid: 1000 pid: 3256) 
05-04 15:41:15.810  3256  3256 D LightsService: [SvcLED] setSvcLedStateLocked:: SvcLEDState : 0x0 -> 0x0 | SvcLED(id=4) set Off
05-04 15:41:15.810  3256  3307 D LightsService: [SvcLED] Lux failed to be updated in 0ms. -> handleForcedSvcLEDTasK
05-04 15:41:15.810  3256  3307 D LightsService: [SvcLED]  setSvcLedLightLocked :: Current SvcLED(id=3) maintains its priority right
05-04 15:41:15.825  3256  3256 I ValidateNoPeople: Validating: 0|com.google.android.gm|-540372593|null|10087
05-04 15:41:15.825  3256  3256 I ValidateNoPeople: final affinity: 0.5
05-04 15:41:15.825  3256  3256 D WindowManager: showStatusBarByNotification() mOpenByNotification=false
05-04 15:41:15.835  3256  3256 W NotificationService: Pray mode not found android.content.pm.PackageManager$NameNotFoundException: Application package com.sec.android.settings.praymodewidget not found
05-04 15:41:16.110  3256  3353 V NetworkStats: performPollLocked(flags=0x1)
05-04 15:41:16.140  3256  3353 V NetworkStats: performPollLocked() took 29ms
05-04 15:41:17.970  3256  7218 D ActivityManager: startService callerProcessName:com.google.android.gm, calleePkgName: com.google.android.gm
05-04 15:41:17.970  3256  7218 D ActivityManager: retrieveServiceLocked(): component = com.google.android.gm/com.android.mail.widget.BaseGmailWidgetProviderService; callingUser = 0; userId(target) = 0
05-04 15:41:20.180  3256  3353 V NetworkStats: performPollLocked(flags=0x1)
05-04 15:41:20.205  3256  3353 V NetworkStats: performPollLocked() took 25ms
05-04 15:41:23.175  3256  3585 D BatteryService: !@BatteryListener : batteryPropertiesChanged!
05-04 15:41:23.175  3256  3585 D BatteryService: level:87, scale:100, status:3, health:2, present:true, voltage: 4101, temperature: 384, technology: Li-ion, AC powered:false, USB powered:true, POGO powered:false, Wireless powered:false, icon:17303382, invalid charger:0
05-04 15:41:23.175  3256  3585 D BatteryService: online:4, current avg:-632, charge type:2, power sharing:false, high voltage charger:false, capacity:280000, current_now:-632
05-04 15:41:23.175  3256  3256 D BatteryService: Sending ACTION_BATTERY_CHANGED.
05-04 15:41:23.180  3672  3672 V EmergencyMode: [EmergencyStateReceiver] onReceive : android.intent.action.BATTERY_CHANGED
05-04 15:41:23.180  3672  3672 V EmergencyMode: [EmergencyStateReceiver] ACTION_BATTERY_CHANGED mBatteryLevelForLogging = 87
05-04 15:41:23.185  3421  3421 D BatteryMeterView: ACTION_BATTERY_CHANGED : level:87 status:3 health:2
05-04 15:41:23.190  3421  3421 D BatteryMeterView: ACTION_BATTERY_CHANGED : level:87 status:3 health:2
05-04 15:41:23.190  3421  3421 D BatteryMeterView: ACTION_BATTERY_CHANGED : level:87 status:3 health:2
05-04 15:41:24.580  3256  3353 V NetworkStats: performPollLocked(flags=0x1)
05-04 15:41:24.605  3256  3353 V NetworkStats: performPollLocked() took 25ms
05-04 15:41:25.295  3256  5014 D SSRM:n  : SIOP:: AP = 500, PST = 450 (W:10), CUR = -632, LCD = 147
05-04 15:41:25.655  2588  2833 E Vold    : Failed to find mounted volume for /storage/extSdCard/Android/data/com.icrealtime.allie/files/
05-04 15:41:25.655  2588  2833 W Vold    : Returning OperationFailed - no handler for errno 0
05-04 15:41:25.660  2588  2833 E Vold    : Failed to find mounted volume for /storage/extSdCard/Android/data/com.icrealtime.allie/files/
05-04 15:41:25.660  2588  2833 W Vold    : Returning OperationFailed - no handler for errno 0
05-04 15:41:26.740  3256  3327 V AlarmManager: waitForAlarm result :4
05-04 15:41:28.815  3256  3353 V NetworkStats: performPollLocked(flags=0x1)
05-04 15:41:28.855  3256  3353 V NetworkStats: performPollLocked() took 36ms
05-04 15:41:33.085  3256  3353 V NetworkStats: performPollLocked(flags=0x1)
05-04 15:41:33.115  3256  3353 V NetworkStats: performPollLocked() took 30ms
05-04 15:41:33.190  3256  7219 D BatteryService: !@BatteryListener : batteryPropertiesChanged!
05-04 15:41:33.195  3256  7219 D BatteryService: level:87, scale:100, status:3, health:2, present:true, voltage: 4046, temperature: 385, technology: Li-ion, AC powered:false, USB powered:true, POGO powered:false, Wireless powered:false, icon:17303382, invalid charger:0
05-04 15:41:33.195  3256  7219 D BatteryService: online:4, current avg:-428, charge type:2, power sharing:false, high voltage charger:false, capacity:280000, current_now:-429
05-04 15:41:33.195  3256  3256 D BatteryService: Sending ACTION_BATTERY_CHANGED.
05-04 15:41:33.205  3672  3672 V EmergencyMode: [EmergencyStateReceiver] onReceive : android.intent.action.BATTERY_CHANGED
05-04 15:41:33.205  3672  3672 V EmergencyMode: [EmergencyStateReceiver] ACTION_BATTERY_CHANGED mBatteryLevelForLogging = 87
05-04 15:41:33.220  3421  3421 D BatteryMeterView: ACTION_BATTERY_CHANGED : level:87 status:3 health:2
05-04 15:41:33.220  3421  3421 D BatteryMeterView: ACTION_BATTERY_CHANGED : level:87 status:3 health:2
05-04 15:41:33.220  3421  3421 D BatteryMeterView: ACTION_BATTERY_CHANGED : level:87 status:3 health:2
05-04 15:41:35.300  3256  5014 D SSRM:n  : SIOP:: AP = 510, PST = 457 (W:10), CUR = -428, LCD = 147
05-04 15:41:39.675  3256  3353 V NetworkStats: performPollLocked(flags=0x1)
05-04 15:41:39.700  3256  3353 V NetworkStats: performPollLocked() took 24ms
05-04 15:41:41.660  3256  3353 V NetworkStats: performPollLocked(flags=0x1)
05-04 15:41:41.675  3256  3353 V NetworkStats: performPollLocked() took 22ms
05-04 15:41:43.205  3256  3739 D BatteryService: !@BatteryListener : batteryPropertiesChanged!
05-04 15:41:43.205  3256  3739 D BatteryService: level:87, scale:100, status:3, health:2, present:true, voltage: 4074, temperature: 390, technology: Li-ion, AC powered:false, USB powered:true, POGO powered:false, Wireless powered:false, icon:17303382, invalid charger:0
05-04 15:41:43.205  3256  3739 D BatteryService: online:4, current avg:-526, charge type:2, power sharing:false, high voltage charger:false, capacity:280000, current_now:-527
05-04 15:41:43.205  3256  3256 D BatteryService: Sending ACTION_BATTERY_CHANGED.
05-04 15:41:43.215  3672  3672 V EmergencyMode: [EmergencyStateReceiver] onReceive : android.intent.action.BATTERY_CHANGED
05-04 15:41:43.215  3672  3672 V EmergencyMode: [EmergencyStateReceiver] ACTION_BATTERY_CHANGED mBatteryLevelForLogging = 87
05-04 15:41:43.235  3421  3421 D BatteryMeterView: ACTION_BATTERY_CHANGED : level:87 status:3 health:2
05-04 15:41:43.235  3421  3421 D BatteryMeterView: ACTION_BATTERY_CHANGED : level:87 status:3 health:2
05-04 15:41:43.235  3421  3421 D BatteryMeterView: ACTION_BATTERY_CHANGED : level:87 status:3 health:2
