05-04 15:38:53.030  3672  3672 V EmergencyMode: [EmergencyStateReceiver] ACTION_BATTERY_CHANGED mBatteryLevelForLogging = 87
05-04 15:38:53.045  3421  3421 D BatteryMeterView: ACTION_BATTERY_CHANGED : level:87 status:3 health:2
05-04 15:38:53.045  3421  3421 D BatteryMeterView: ACTION_BATTERY_CHANGED : level:87 status:3 health:2
05-04 15:38:53.045  3421  3421 D BatteryMeterView: ACTION_BATTERY_CHANGED : level:87 status:3 health:2
05-04 15:38:53.450  3256 17757 W ContextImpl: Calling a method in the system process without a qualified user: android.app.ContextImpl.sendBroadcast:1698 com.android.server.InputMethodManagerService$6.run:2786 java.lang.Thread.run:818 <bottom of call stack> <bottom of call stack> 
05-04 15:38:53.490  3256  3269 D MotionRecognitionService:  ssp status : false
05-04 15:38:55.130  3256  5014 D SSRM:n  : SIOP:: AP = 470, PST = 471 (W:16), CUR = -10, LCD = 147
05-04 15:38:55.130  3256  5014 D U       : broadcastSiopLevelIntent:: currentSiopLevel = 1
05-04 15:38:56.980  3256  3524 D ActivityManager: bindService callerProcessName:android, calleePkgName: com.sec.android.inputmethod, action: android.view.InputMethod
05-04 15:38:56.980  3256  3524 D ActivityManager: retrieveServiceLocked(): component = com.sec.android.inputmethod/com.sec.android.inputmethod.SamsungKeypad; callingUser = 0; userId(target) = 0
05-04 15:38:56.980  3256  3524 I MultiPhoneWindowManager: Changed -> mCurrentInputMethodTarget : Window{1de9aa13 u0 com.icrealtime.allie/com.icrealtime.allie.ui.activities.MainActivity}
05-04 15:38:56.985  3256  6937 D CustomFrequencyManagerService: acquireDVFSLockLocked : type : DVFS_MIN_LIMIT  frequency : 1700000  uid : 1000  pid : 3256  pkgName : com.sec.android.inputmethod@1
05-04 15:38:56.985  3256  6922 V VibratorService: hasVibrator - useVibetonz: false
05-04 15:38:57.065  4053  4053 W ContextImpl: Calling a method in the system process without a qualified user: android.app.ContextImpl.sendBroadcast:1698 android.content.ContextWrapper.sendBroadcast:391 com.ime.framework.common.InputManagerImpl.sendBroadcaseSIPShown:9947 com.ime.framework.common.InputManagerImpl.startInputView:3692 com.sec.android.inputmethod.SamsungKeypad.onStartInputView:445 
05-04 15:38:57.065  4053  4053 W ContextImpl: Calling a method in the system process without a qualified user: android.app.ContextImpl.sendBroadcast:1698 android.content.ContextWrapper.sendBroadcast:391 android.inputmethodservice.InputMethodService.sendInputViewShownState:424 android.inputmethodservice.InputMethodService.showWindow:2021 android.inputmethodservice.InputMethodService$InputMethodImpl.showSoftInput:648 
05-04 15:38:57.070  4053 17765 W ContextImpl: Calling a method in the system process without a qualified user: android.app.ContextImpl.sendBroadcast:1698 android.content.ContextWrapper.sendBroadcast:391 android.inputmethodservice.InputMethodService$4.run:3277 java.lang.Thread.run:818 <bottom of call stack> 
05-04 15:38:57.070  3256  5014 D SSRM:a  : DeviceInfo:: 000000000000
05-04 15:38:57.070  3256  5014 D SSRM:a  : SettingsAirViewInfo:: 000000000
05-04 15:38:57.075  3256  3256 I ValidateNoPeople: skipping global notification
05-04 15:38:57.075  3256  3256 W NotificationService: Pray mode not found android.content.pm.PackageManager$NameNotFoundException: Application package com.sec.android.settings.praymodewidget not found
05-04 15:38:57.390  3256  6922 D CustomFrequencyManagerService: releaseDVFSLockLocked : Getting Lock type frm List : DVFS_MIN_LIMIT  frequency : 1700000  uid : 1000  pid : 3256  tag : com.sec.android.inputmethod@1
05-04 15:38:59.705  3256  3328 D PowerManagerService: [api] userActivityFromNative : 2010 (event: 2 flags: 0) eventTime = 13228409
05-04 15:38:59.710  4053  4053 W ContextImpl: Calling a method in the system process without a qualified user: android.app.ContextImpl.sendBroadcast:1698 android.content.ContextWrapper.sendBroadcast:391 android.inputmethodservice.InputMethodService.sendInputViewShownState:424 android.inputmethodservice.InputMethodService.showWindow:2021 android.inputmethodservice.InputMethodService$InputMethodImpl.showSoftInput:648 
05-04 15:38:59.715  3256  5014 D SSRM:a  : DeviceInfo:: 000000000000
05-04 15:38:59.715  3256  5014 D SSRM:a  : SettingsAirViewInfo:: 000000000
05-04 15:38:59.715  4053 17767 W ContextImpl: Calling a method in the system process without a qualified user: android.app.ContextImpl.sendBroadcast:1698 android.content.ContextWrapper.sendBroadcast:391 android.inputmethodservice.InputMethodService$4.run:3277 java.lang.Thread.run:818 <bottom of call stack> 
05-04 15:38:59.725  3256  3256 I ValidateNoPeople: skipping global notification
05-04 15:38:59.730  3256  3256 W NotificationService: Pray mode not found android.content.pm.PackageManager$NameNotFoundException: Application package com.sec.android.settings.praymodewidget not found
05-04 15:38:59.995  3256  3327 V AlarmManager: waitForAlarm result :8
05-04 15:39:03.035  3256  3269 D BatteryService: !@BatteryListener : batteryPropertiesChanged!
05-04 15:39:03.035  3256  3269 D BatteryService: level:87, scale:100, status:3, health:2, present:true, voltage: 4132, temperature: 383, technology: Li-ion, AC powered:false, USB powered:true, POGO powered:false, Wireless powered:false, icon:17303382, invalid charger:0
05-04 15:39:03.035  3256  3269 D BatteryService: online:4, current avg:-230, charge type:2, power sharing:false, high voltage charger:false, capacity:280000, current_now:-230
05-04 15:39:03.035  3256  3256 D BatteryService: Sending ACTION_BATTERY_CHANGED.
05-04 15:39:03.040  3672  3672 V EmergencyMode: [EmergencyStateReceiver] onReceive : android.intent.action.BATTERY_CHANGED
05-04 15:39:03.040  3672  3672 V EmergencyMode: [EmergencyStateReceiver] ACTION_BATTERY_CHANGED mBatteryLevelForLogging = 87
05-04 15:39:03.060  3421  3421 D BatteryMeterView: ACTION_BATTERY_CHANGED : level:87 status:3 health:2
05-04 15:39:03.060  3421  3421 D BatteryMeterView: ACTION_BATTERY_CHANGED : level:87 status:3 health:2
05-04 15:39:03.060  3421  3421 D BatteryMeterView: ACTION_BATTERY_CHANGED : level:87 status:3 health:2
05-04 15:39:04.005  4053  4053 W ContextImpl: Calling a method in the system process without a qualified user: android.app.ContextImpl.sendBroadcast:1698 android.content.ContextWrapper.sendBroadcast:391 com.ime.framework.common.InputManagerImpl.sendBroadcaseSIPShown:9947 com.ime.framework.common.InputManagerImpl.startInputView:3692 com.sec.android.inputmethod.SamsungKeypad.onStartInputView:445 
05-04 15:39:04.010  4053  4053 W ContextImpl: Calling a method in the system process without a qualified user: android.app.ContextImpl.sendBroadcast:1698 android.content.ContextWrapper.sendBroadcast:391 android.inputmethodservice.InputMethodService.sendInputViewShownState:424 android.inputmethodservice.InputMethodService.showWindow:2021 android.inputmethodservice.InputMethodService$InputMethodImpl.showSoftInput:648 
05-04 15:39:04.010  4053 17774 W ContextImpl: Calling a method in the system process without a qualified user: android.app.ContextImpl.sendBroadcast:1698 android.content.ContextWrapper.sendBroadcast:391 android.inputmethodservice.InputMethodService$4.run:3277 java.lang.Thread.run:818 <bottom of call stack> 
05-04 15:39:04.015  3256  5014 D SSRM:a  : DeviceInfo:: 000000000000
05-04 15:39:04.015  3256  5014 D SSRM:a  : SettingsAirViewInfo:: 000000000
05-04 15:39:04.020  3256  3256 I ValidateNoPeople: skipping global notification
05-04 15:39:04.020  4053  4053 W ContextImpl: Calling a method in the system process without a qualified user: android.app.ContextImpl.sendBroadcast:1698 android.content.ContextWrapper.sendBroadcast:391 android.inputmethodservice.InputMethodService.sendInputViewShownState:424 android.inputmethodservice.InputMethodService.showWindow:2021 android.inputmethodservice.InputMethodService$InputMethodImpl.showSoftInput:648 
05-04 15:39:04.020  3256  3256 W NotificationService: Pray mode not found android.content.pm.PackageManager$NameNotFoundException: Application package com.sec.android.settings.praymodewidget not found
05-04 15:39:04.025  4053 17776 W ContextImpl: Calling a method in the system process without a qualified user: android.app.ContextImpl.sendBroadcast:1698 android.content.ContextWrapper.sendBroadcast:391 android.inputmethodservice.InputMethodService$4.run:3277 java.lang.Thread.run:818 <bottom of call stack> 
05-04 15:39:04.030  3256  5014 D SSRM:a  : DeviceInfo:: 000000000000
05-04 15:39:04.030  3256  5014 D SSRM:a  : SettingsAirViewInfo:: 000000000
05-04 15:39:04.030  3256  3256 I ValidateNoPeople: skipping global notification
05-04 15:39:04.035  3256  3256 W NotificationService: Pray mode not found android.content.pm.PackageManager$NameNotFoundException: Application package com.sec.android.settings.praymodewidget not found
05-04 15:39:05.155  3256  5014 D SSRM:n  : SIOP:: AP = 460, PST = 473 (W:16), CUR = -230, LCD = 147
05-04 15:39:05.885  4053  4053 W ContextImpl: Calling a method in the system process without a qualified user: android.app.ContextImpl.sendBroadcast:1698 android.content.ContextWrapper.sendBroadcast:391 android.inputmethodservice.InputMethodService.sendInputViewShownState:424 android.inputmethodservice.InputMethodService.showWindow:2021 android.inputmethodservice.InputMethodService$InputMethodImpl.showSoftInput:648 
05-04 15:39:05.885  3256  5014 D SSRM:a  : DeviceInfo:: 000000000000
05-04 15:39:05.885  3256  5014 D SSRM:a  : SettingsAirViewInfo:: 000000000
05-04 15:39:05.890  4053 17777 W ContextImpl: Calling a method in the system process without a qualified user: android.app.ContextImpl.sendBroadcast:1698 android.content.ContextWrapper.sendBroadcast:391 android.inputmethodservice.InputMethodService$4.run:3277 java.lang.Thread.run:818 <bottom of call stack> 
05-04 15:39:05.895  3256  3256 I ValidateNoPeople: skipping global notification
05-04 15:39:05.900  3256  3256 W NotificationService: Pray mode not found android.content.pm.PackageManager$NameNotFoundException: Application package com.sec.android.settings.praymodewidget not found
05-04 15:39:09.825  3256  7218 V VibratorService: hasVibrator - useVibetonz: false
05-04 15:39:09.995  4053  4053 W ContextImpl: Calling a method in the system process without a qualified user: android.app.ContextImpl.sendBroadcast:1698 android.content.ContextWrapper.sendBroadcast:391 com.ime.framework.common.InputManagerImpl.sendBroadcaseSIPShown:9947 com.ime.framework.common.InputManagerImpl.startInputView:3692 com.sec.android.inputmethod.SamsungKeypad.onStartInputView:445 
05-04 15:39:10.000  4053  4053 W ContextImpl: Calling a method in the system process without a qualified user: android.app.ContextImpl.sendBroadcast:1698 android.content.ContextWrapper.sendBroadcast:391 android.inputmethodservice.InputMethodService.sendInputViewShownState:424 android.inputmethodservice.InputMethodService.showWindow:2021 android.inputmethodservice.InputMethodService$InputMethodImpl.showSoftInput:648 
05-04 15:39:10.010  3256  5014 D SSRM:a  : DeviceInfo:: 000000000000
05-04 15:39:10.010  3256  5014 D SSRM:a  : SettingsAirViewInfo:: 000000000
05-04 15:39:10.015  4053 17782 W ContextImpl: Calling a method in the system process without a qualified user: android.app.ContextImpl.sendBroadcast:1698 android.content.ContextWrapper.sendBroadcast:391 android.inputmethodservice.InputMethodService$4.run:3277 java.lang.Thread.run:818 <bottom of call stack> 
05-04 15:39:10.020  3256  3256 I ValidateNoPeople: skipping global notification
05-04 15:39:10.025  4053  4053 W ContextImpl: Calling a method in the system process without a qualified user: android.app.ContextImpl.sendBroadcast:1698 android.content.ContextWrapper.sendBroadcast:391 android.inputmethodservice.InputMethodService.sendInputViewShownState:424 android.inputmethodservice.InputMethodService.showWindow:2021 android.inputmethodservice.InputMethodService$InputMethodImpl.showSoftInput:648 
05-04 15:39:10.025  3256  3256 W NotificationService: Pray mode not found android.content.pm.PackageManager$NameNotFoundException: Application package com.sec.android.settings.praymodewidget not found
05-04 15:39:10.025  3256  5014 D SSRM:a  : DeviceInfo:: 000000000000
05-04 15:39:10.025  3256  5014 D SSRM:a  : SettingsAirViewInfo:: 000000000
05-04 15:39:10.030  4053 17784 W ContextImpl: Calling a method in the system process without a qualified user: android.app.ContextImpl.sendBroadcast:1698 android.content.ContextWrapper.sendBroadcast:391 android.inputmethodservice.InputMethodService$4.run:3277 java.lang.Thread.run:818 <bottom of call stack> 
05-04 15:39:10.035  3256  3256 I ValidateNoPeople: skipping global notification
05-04 15:39:10.035  3256  3256 W NotificationService: Pray mode not found android.content.pm.PackageManager$NameNotFoundException: Application package com.sec.android.settings.praymodewidget not found
05-04 15:39:11.835  3256  3328 D PowerManagerService: [api] userActivityFromNative : 2020 (event: 1 flags: 0) eventTime = 13240539
05-04 15:39:12.495  4053  4053 W ContextImpl: Calling a method in the system process without a qualified user: android.app.ContextImpl.sendBroadcast:1698 android.content.ContextWrapper.sendBroadcast:391 android.inputmethodservice.InputMethodService.sendInputViewShownState:424 android.inputmethodservice.InputMethodService.showWindow:2021 android.inputmethodservice.InputMethodService$InputMethodImpl.showSoftInput:648 
05-04 15:39:12.500  3256  5014 D SSRM:a  : DeviceInfo:: 000000000000
05-04 15:39:12.500  3256  5014 D SSRM:a  : SettingsAirViewInfo:: 000000000
05-04 15:39:12.500  4053 17785 W ContextImpl: Calling a method in the system process without a qualified user: android.app.ContextImpl.sendBroadcast:1698 android.content.ContextWrapper.sendBroadcast:391 android.inputmethodservice.InputMethodService$4.run:3277 java.lang.Thread.run:818 <bottom of call stack> 
05-04 15:39:12.505  3256  3256 I ValidateNoPeople: skipping global notification
05-04 15:39:12.505  3256  3256 W NotificationService: Pray mode not found android.content.pm.PackageManager$NameNotFoundException: Application package com.sec.android.settings.praymodewidget not found
05-04 15:39:13.050  3256  3586 D BatteryService: !@BatteryListener : batteryPropertiesChanged!
05-04 15:39:13.050  3256  3586 D BatteryService: level:87, scale:100, status:3, health:2, present:true, voltage: 4132, temperature: 382, technology: Li-ion, AC powered:false, USB powered:true, POGO powered:false, Wireless powered:false, icon:17303382, invalid charger:0
05-04 15:39:13.050  3256  3586 D BatteryService: online:4, current avg:-84, charge type:2, power sharing:false, high voltage charger:false, capacity:280000, current_now:-85
05-04 15:39:13.050  3256  3256 D BatteryService: Sending ACTION_BATTERY_CHANGED.
05-04 15:39:13.060  3672  3672 V EmergencyMode: [EmergencyStateReceiver] onReceive : android.intent.action.BATTERY_CHANGED
05-04 15:39:13.060  3672  3672 V EmergencyMode: [EmergencyStateReceiver] ACTION_BATTERY_CHANGED mBatteryLevelForLogging = 87
05-04 15:39:13.075  3421  3421 D BatteryMeterView: ACTION_BATTERY_CHANGED : level:87 status:3 health:2
05-04 15:39:13.075  3421  3421 D BatteryMeterView: ACTION_BATTERY_CHANGED : level:87 status:3 health:2
05-04 15:39:13.075  3421  3421 D BatteryMeterView: ACTION_BATTERY_CHANGED : level:87 status:3 health:2
05-04 15:39:15.030  3256  3566 E Watchdog: !@Sync 441 [05-04 15:39:15.034]
05-04 15:39:15.165  3256  5014 D SSRM:n  : SIOP:: AP = 460, PST = 473 (W:18), CUR = -84, LCD = 147
05-04 15:39:15.410  3256  3351 I MultiPhoneWindowManager: Changed -> mCurrentInputMethodTarget : null
05-04 15:39:15.415  3256 17788 W ContextImpl: Calling a method in the system process without a qualified user: android.app.ContextImpl.sendBroadcast:1698 com.android.server.InputMethodManagerService$6.run:2786 java.lang.Thread.run:818 <bottom of call stack> <bottom of call stack> 
05-04 15:39:15.420  3256  3256 D LightsService: [api] [SvcLED] turnOff:: id = 4 (uid: 1000 pid: 3256) 
05-04 15:39:15.420  3256  3256 D LightsService: [SvcLED] setSvcLedStateLocked:: SvcLEDState : 0x0 -> 0x0 | SvcLED(id=4) set Off
05-04 15:39:15.420  3256  3307 D LightsService: [SvcLED] Lux failed to be updated in 0ms. -> handleForcedSvcLEDTasK
05-04 15:39:15.420  3256  3307 D LightsService: [SvcLED]  setSvcLedLightLocked :: Current SvcLED(id=3) maintains its priority right
05-04 15:39:15.425  4053  4053 W ContextImpl: Calling a method in the system process without a qualified user: android.app.ContextImpl.sendBroadcast:1698 android.content.ContextWrapper.sendBroadcast:391 android.inputmethodservice.InputMethodService.sendInputViewShownState:424 android.inputmethodservice.InputMethodService.hideWindow:2193 android.inputmethodservice.InputMethodService.doHideWindow:2171 
05-04 15:39:15.430  4053 17789 W ContextImpl: Calling a method in the system process without a qualified user: android.app.ContextImpl.sendBroadcast:1698 android.content.ContextWrapper.sendBroadcast:391 android.inputmethodservice.InputMethodService$4.run:3277 java.lang.Thread.run:818 <bottom of call stack> 
05-04 15:39:15.430  3256  5014 D SSRM:a  : DeviceInfo:: 000000000000
05-04 15:39:15.430  3256  5014 D SSRM:a  : SettingsAirViewInfo:: 000000000
05-04 15:39:16.375  3256  3586 D MultiWindowConverter: dismissGuide() : Before attaching the guide view, mForceDismissGuide : false
05-04 15:39:16.375  3256  3291 D StatusBarManagerService: manageDisableList userId=0 what=0x0 pkg=WindowManager.LayoutParams
05-04 15:39:21.265  3256  6922 D MultiWindowConverter: dismissGuide() : Before attaching the guide view, mForceDismissGuide : false
05-04 15:39:21.265  3256  3291 D StatusBarManagerService: manageDisableList userId=0 what=0x0 pkg=WindowManager.LayoutParams
05-04 15:39:21.295  3256  3351 W InputMethodManagerService: Window already focused, ignoring focus gain of: com.android.internal.view.IInputMethodClient$Stub$Proxy@2fdb364f attribute=android.view.inputmethod.EditorInfo@3afc61dc, token = android.os.BinderProxy@1a823102
05-04 15:39:23.060  3256  3269 D BatteryService: !@BatteryListener : batteryPropertiesChanged!
05-04 15:39:23.060  3256  3269 D BatteryService: level:87, scale:100, status:3, health:2, present:true, voltage: 4144, temperature: 381, technology: Li-ion, AC powered:false, USB powered:true, POGO powered:false, Wireless powered:false, icon:17303382, invalid charger:0
05-04 15:39:23.060  3256  3269 D BatteryService: online:4, current avg:-82, charge type:2, power sharing:false, high voltage charger:false, capacity:280000, current_now:-82
05-04 15:39:23.060  3256  3256 D BatteryService: Sending ACTION_BATTERY_CHANGED.
05-04 15:39:23.070  3672  3672 V EmergencyMode: [EmergencyStateReceiver] onReceive : android.intent.action.BATTERY_CHANGED
05-04 15:39:23.070  3672  3672 V EmergencyMode: [EmergencyStateReceiver] ACTION_BATTERY_CHANGED mBatteryLevelForLogging = 87
05-04 15:39:23.090  3421  3421 D BatteryMeterView: ACTION_BATTERY_CHANGED : level:87 status:3 health:2
05-04 15:39:23.090  3421  3421 D BatteryMeterView: ACTION_BATTERY_CHANGED : level:87 status:3 health:2
05-04 15:39:23.090  3421  3421 D BatteryMeterView: ACTION_BATTERY_CHANGED : level:87 status:3 health:2
05-04 15:39:25.175  3256  5014 D SSRM:n  : SIOP:: AP = 450, PST = 471 (W:18), CUR = -82, LCD = 147
05-04 15:39:27.595  3256  3351 D CustomFrequencyManagerService: acquireDVFSLockLocked : type : DVFS_MIN_LIMIT  frequency : 1800000  uid : 1000  pid : 3256  pkgName : ACTIVITY_RESUME_BOOSTER@2
05-04 15:39:27.600  3256  3351 W ActivityManager: mDVFSHelper.acquire()
05-04 15:39:27.600  3256  3351 D MultiWindowConverter: dismissGuide() : Before attaching the guide view, mForceDismissGuide : false
05-04 15:39:27.605  3256  6911 W ActivityManager: Duplicate finish request for ActivityRecord{19576aa u0 com.icrealtime.allie/.ui.activities.MainActivity t682 f}
05-04 15:39:27.630  3256  3269 W ActivityManager: Permission Denial: getCurrentUser() from pid=17438, uid=10360 requires android.permission.INTERACT_ACROSS_USERS
05-04 15:39:27.635  3256  3586 D ActivityManager: startService callerProcessName:com.icrealtime.allie, calleePkgName: com.icrealtime.allie
05-04 15:39:27.635  3256  3586 D ActivityManager: retrieveServiceLocked(): component = com.icrealtime.allie/com.icrealtime.allie.service.BackgroundService; callingUser = 0; userId(target) = 0
05-04 15:39:27.865  3256  5293 D ActivityManager: bindService callerProcessName:com.icrealtime.allie, calleePkgName: com.icrealtime.allie, action: null
05-04 15:39:27.865  3256  5293 D ActivityManager: retrieveServiceLocked(): component = com.icrealtime.allie/com.icrealtime.allie.service.BackgroundService; callingUser = 0; userId(target) = 0
05-04 15:39:27.865  3256  3256 D PersonaManagerService: getPersonasForUser(): returning null!
05-04 15:39:27.870  3256  7219 D MultiWindowConverter: dismissGuide() : Before attaching the guide view, mForceDismissGuide : false
05-04 15:39:27.870  3256  3291 D StatusBarManagerService: manageDisableList userId=0 what=0x0 pkg=WindowManager.LayoutParams
05-04 15:39:27.870  3256  3291 D StatusBarManagerService: manageDisableList userId=0 what=0x0 pkg=WindowManager.LayoutParams
05-04 15:39:27.920  3256 17799 W ContextImpl: Calling a method in the system process without a qualified user: android.app.ContextImpl.sendBroadcast:1698 com.android.server.InputMethodManagerService$6.run:2786 java.lang.Thread.run:818 <bottom of call stack> <bottom of call stack> 
05-04 15:39:28.190  3256  3293 D CustomFrequencyManagerService: releaseDVFSLockLocked : Getting Lock type frm List : DVFS_MIN_LIMIT  frequency : 1800000  uid : 1000  pid : 3256  tag : ACTIVITY_RESUME_BOOSTER@2
05-04 15:39:28.190  3256  3293 W ActivityManager: mDVFSHelper.release()
05-04 15:39:28.195  3256  3287 D CustomFrequencyManagerService: acquireDVFSLockLocked : type : DVFS_MIN_LIMIT  frequency : 1800000  uid : 1000  pid : 3256  pkgName : ACTIVITY_RESUME_BOOSTER@6
05-04 15:39:28.495  3256  3256 D CustomFrequencyManagerService: releaseDVFSLockLocked : Getting Lock type frm List : DVFS_MIN_LIMIT  frequency : 1800000  uid : 1000  pid : 3256  tag : ACTIVITY_RESUME_BOOSTER@6
05-04 15:39:29.145  3256  3269 D CustomFrequencyManagerService: acquireDVFSLockLocked : type : DVFS_MIN_LIMIT  frequency : 1800000  uid : 1000  pid : 3256  pkgName : ACTIVITY_RESUME_BOOSTER@2
05-04 15:39:29.150  3256  3269 W ActivityManager: mDVFSHelper.acquire()
05-04 15:39:29.155  3256  3269 D MultiWindowConverter: dismissGuide() : Before attaching the guide view, mForceDismissGuide : false
05-04 15:39:29.170  3256  6937 W ActivityManager: Permission Denial: getCurrentUser() from pid=17438, uid=10360 requires android.permission.INTERACT_ACROSS_USERS
05-04 15:39:29.175  3256  3723 D ActivityManager: startService callerProcessName:com.icrealtime.allie, calleePkgName: com.icrealtime.allie
05-04 15:39:29.175  3256  3723 D ActivityManager: retrieveServiceLocked(): component = com.icrealtime.allie/com.icrealtime.allie.service.BackgroundService; callingUser = 0; userId(target) = 0
05-04 15:39:29.190  3256  3739 D ActivityManager: bindService callerProcessName:com.icrealtime.allie, calleePkgName: com.icrealtime.allie, action: null
05-04 15:39:29.190  3256  3739 D ActivityManager: retrieveServiceLocked(): component = com.icrealtime.allie/com.icrealtime.allie.service.BackgroundService; callingUser = 0; userId(target) = 0
05-04 15:39:29.195  3256  3256 D PersonaManagerService: getPersonasForUser(): returning null!
05-04 15:39:29.205  3256  3723 D MultiWindowConverter: dismissGuide() : Before attaching the guide view, mForceDismissGuide : false
05-04 15:39:29.205  3256  3291 D StatusBarManagerService: manageDisableList userId=0 what=0x0 pkg=WindowManager.LayoutParams
05-04 15:39:29.250  3256 17815 W ContextImpl: Calling a method in the system process without a qualified user: android.app.ContextImpl.sendBroadcast:1698 com.android.server.InputMethodManagerService$6.run:2786 java.lang.Thread.run:818 <bottom of call stack> <bottom of call stack> 
05-04 15:39:29.255  3256  3739 I MultiPhoneWindowManager: Changed -> mCurrentInputMethodTarget : Window{476dd6a u0 com.icrealtime.allie/com.icrealtime.allie.ui.activities.AuthActivity}
05-04 15:39:29.540  3256  3293 D CustomFrequencyManagerService: releaseDVFSLockLocked : Getting Lock type frm List : DVFS_MIN_LIMIT  frequency : 1800000  uid : 1000  pid : 3256  tag : ACTIVITY_RESUME_BOOSTER@2
05-04 15:39:29.540  3256  3293 W ActivityManager: mDVFSHelper.release()
05-04 15:39:29.555  3256  3287 D CustomFrequencyManagerService: acquireDVFSLockLocked : type : DVFS_MIN_LIMIT  frequency : 1800000  uid : 1000  pid : 3256  pkgName : ACTIVITY_RESUME_BOOSTER@6
05-04 15:39:29.560 17438 17438 V ActivityThread: updateVisibility : ActivityRecord{2aa72ad token=android.os.BinderProxy@35b60958 {com.icrealtime.allie/com.icrealtime.allie.ui.activities.AfterSplashActivity}} show : false
05-04 15:39:29.860  3256  3256 D CustomFrequencyManagerService: releaseDVFSLockLocked : Getting Lock type frm List : DVFS_MIN_LIMIT  frequency : 1800000  uid : 1000  pid : 3256  tag : ACTIVITY_RESUME_BOOSTER@6
05-04 15:39:30.915  3256  3351 D ActivityManager: bindService callerProcessName:android, calleePkgName: com.sec.android.inputmethod, action: android.view.InputMethod
05-04 15:39:30.915  3256  3351 D ActivityManager: retrieveServiceLocked(): component = com.sec.android.inputmethod/com.sec.android.inputmethod.SamsungKeypad; callingUser = 0; userId(target) = 0
05-04 15:39:30.920  3256  3586 D CustomFrequencyManagerService: acquireDVFSLockLocked : type : DVFS_MIN_LIMIT  frequency : 1700000  uid : 1000  pid : 3256  pkgName : com.sec.android.inputmethod@1
05-04 15:39:30.950  4053  4053 W ContextImpl: Calling a method in the system process without a qualified user: android.app.ContextImpl.sendBroadcast:1698 android.content.ContextWrapper.sendBroadcast:391 com.ime.framework.common.InputManagerImpl.sendBroadcaseSIPShown:9947 com.ime.framework.common.InputManagerImpl.startInputView:3692 com.sec.android.inputmethod.SamsungKeypad.onStartInputView:445 
05-04 15:39:30.955  4053  4053 W ContextImpl: Calling a method in the system process without a qualified user: android.app.ContextImpl.sendBroadcast:1698 android.content.ContextWrapper.sendBroadcast:391 android.inputmethodservice.InputMethodService.sendInputViewShownState:424 android.inputmethodservice.InputMethodService.showWindow:2021 android.inputmethodservice.InputMethodService$InputMethodImpl.showSoftInput:648 
05-04 15:39:30.955  4053 17819 W ContextImpl: Calling a method in the system process without a qualified user: android.app.ContextImpl.sendBroadcast:1698 android.content.ContextWrapper.sendBroadcast:391 android.inputmethodservice.InputMethodService$4.run:3277 java.lang.Thread.run:818 <bottom of call stack> 
05-04 15:39:30.955  3256  5014 D SSRM:a  : DeviceInfo:: 000000000000
05-04 15:39:30.955  3256  5014 D SSRM:a  : SettingsAirViewInfo:: 000000000
05-04 15:39:30.955  3256  3256 I ValidateNoPeople: skipping global notification
05-04 15:39:30.960  3256  3256 W NotificationService: Pray mode not found android.content.pm.PackageManager$NameNotFoundException: Application package com.sec.android.settings.praymodewidget not found
05-04 15:39:31.330  3256  3739 D CustomFrequencyManagerService: releaseDVFSLockLocked : Getting Lock type frm List : DVFS_MIN_LIMIT  frequency : 1700000  uid : 1000  pid : 3256  tag : com.sec.android.inputmethod@1
05-04 15:39:33.065  3256  3526 D BatteryService: !@BatteryListener : batteryPropertiesChanged!
05-04 15:39:33.070  3256  3526 D BatteryService: level:87, scale:100, status:3, health:2, present:true, voltage: 4148, temperature: 380, technology: Li-ion, AC powered:false, USB powered:true, POGO powered:false, Wireless powered:false, icon:17303382, invalid charger:0
05-04 15:39:33.070  3256  3526 D BatteryService: online:4, current avg:-34, charge type:2, power sharing:false, high voltage charger:false, capacity:280000, current_now:-35
05-04 15:39:33.070  3256  3256 D BatteryService: Sending ACTION_BATTERY_CHANGED.
05-04 15:39:33.075  3672  3672 V EmergencyMode: [EmergencyStateReceiver] onReceive : android.intent.action.BATTERY_CHANGED
05-04 15:39:33.075  3672  3672 V EmergencyMode: [EmergencyStateReceiver] ACTION_BATTERY_CHANGED mBatteryLevelForLogging = 87
05-04 15:39:33.090  3421  3421 D BatteryMeterView: ACTION_BATTERY_CHANGED : level:87 status:3 health:2
05-04 15:39:33.090  3421  3421 D BatteryMeterView: ACTION_BATTERY_CHANGED : level:87 status:3 health:2
05-04 15:39:33.090  3421  3421 D BatteryMeterView: ACTION_BATTERY_CHANGED : level:87 status:3 health:2
05-04 15:39:33.425  3256  3328 D PowerManagerService: [api] userActivityFromNative : 2030 (event: 1 flags: 0) eventTime = 13262128
05-04 15:39:34.225  4053  4053 W ContextImpl: Calling a method in the system process without a qualified user: android.app.ContextImpl.sendBroadcast:1698 android.content.ContextWrapper.sendBroadcast:391 android.inputmethodservice.InputMethodService.sendInputViewShownState:424 android.inputmethodservice.InputMethodService.showWindow:2021 android.inputmethodservice.InputMethodService$InputMethodImpl.showSoftInput:648 
05-04 15:39:34.225  3256  5014 D SSRM:a  : DeviceInfo:: 000000000000
05-04 15:39:34.225  3256  5014 D SSRM:a  : SettingsAirViewInfo:: 000000000
05-04 15:39:34.225  4053 17822 W ContextImpl: Calling a method in the system process without a qualified user: android.app.ContextImpl.sendBroadcast:1698 android.content.ContextWrapper.sendBroadcast:391 android.inputmethodservice.InputMethodService$4.run:3277 java.lang.Thread.run:818 <bottom of call stack> 
05-04 15:39:34.235  3256  3256 I ValidateNoPeople: skipping global notification
05-04 15:39:34.235  3256  3256 W NotificationService: Pray mode not found android.content.pm.PackageManager$NameNotFoundException: Application package com.sec.android.settings.praymodewidget not found
05-04 15:39:35.185  3256  5014 D SSRM:n  : SIOP:: AP = 460, PST = 472 (W:16), CUR = -34, LCD = 147
05-04 15:39:40.205  4053  4053 W ContextImpl: Calling a method in the system process without a qualified user: android.app.ContextImpl.sendBroadcast:1698 android.content.ContextWrapper.sendBroadcast:391 com.ime.framework.common.InputManagerImpl.sendBroadcaseSIPShown:9947 com.ime.framework.common.InputManagerImpl.startInputView:3692 com.sec.android.inputmethod.SamsungKeypad.onStartInputView:445 
05-04 15:39:40.210  4053  4053 W ContextImpl: Calling a method in the system process without a qualified user: android.app.ContextImpl.sendBroadcast:1698 android.content.ContextWrapper.sendBroadcast:391 android.inputmethodservice.InputMethodService.sendInputViewShownState:424 android.inputmethodservice.InputMethodService.showWindow:2021 android.inputmethodservice.InputMethodService$InputMethodImpl.showSoftInput:648 
05-04 15:39:40.210  4053 17827 W ContextImpl: Calling a method in the system process without a qualified user: android.app.ContextImpl.sendBroadcast:1698 android.content.ContextWrapper.sendBroadcast:391 android.inputmethodservice.InputMethodService$4.run:3277 java.lang.Thread.run:818 <bottom of call stack> 
05-04 15:39:40.215  3256  5014 D SSRM:a  : DeviceInfo:: 000000000000
05-04 15:39:40.215  3256  5014 D SSRM:a  : SettingsAirViewInfo:: 000000000
05-04 15:39:40.220  3256  3256 I ValidateNoPeople: skipping global notification
05-04 15:39:40.220  4053  4053 W ContextImpl: Calling a method in the system process without a qualified user: android.app.ContextImpl.sendBroadcast:1698 android.content.ContextWrapper.sendBroadcast:391 android.inputmethodservice.InputMethodService.sendInputViewShownState:424 android.inputmethodservice.InputMethodService.showWindow:2021 android.inputmethodservice.InputMethodService$InputMethodImpl.showSoftInput:648 
05-04 15:39:40.220  3256  3256 W NotificationService: Pray mode not found android.content.pm.PackageManager$NameNotFoundException: Application package com.sec.android.settings.praymodewidget not found
05-04 15:39:40.225  4053 17829 W ContextImpl: Calling a method in the system process without a qualified user: android.app.ContextImpl.sendBroadcast:1698 android.content.ContextWrapper.sendBroadcast:391 android.inputmethodservice.InputMethodService$4.run:3277 java.lang.Thread.run:818 <bottom of call stack> 
05-04 15:39:40.230  3256  5014 D SSRM:a  : DeviceInfo:: 000000000000
05-04 15:39:40.230  3256  5014 D SSRM:a  : SettingsAirViewInfo:: 000000000
05-04 15:39:40.230  3256  3256 I ValidateNoPeople: skipping global notification
05-04 15:39:40.235  3256  3256 W NotificationService: Pray mode not found android.content.pm.PackageManager$NameNotFoundException: Application package com.sec.android.settings.praymodewidget not found
05-04 15:39:42.475  3256  3328 D PowerManagerService: [api] userActivityFromNative : 2040 (event: 2 flags: 0) eventTime = 13271182
05-04 15:39:43.015  3256  3526 V VibratorService: hasVibrator - useVibetonz: false
05-04 15:39:43.020  4053  4053 W ContextImpl: Calling a method in the system process without a qualified user: android.app.ContextImpl.sendBroadcast:1698 android.content.ContextWrapper.sendBroadcast:391 android.inputmethodservice.InputMethodService.sendInputViewShownState:424 android.inputmethodservice.InputMethodService.showWindow:2021 android.inputmethodservice.InputMethodService$InputMethodImpl.showSoftInput:648 
05-04 15:39:43.020  4053 17830 W ContextImpl: Calling a method in the system process without a qualified user: android.app.ContextImpl.sendBroadcast:1698 android.content.ContextWrapper.sendBroadcast:391 android.inputmethodservice.InputMethodService$4.run:3277 java.lang.Thread.run:818 <bottom of call stack> 
05-04 15:39:43.020  3256  5014 D SSRM:a  : DeviceInfo:: 000000000000
05-04 15:39:43.020  3256  5014 D SSRM:a  : SettingsAirViewInfo:: 000000000
05-04 15:39:43.025  3256  3256 I ValidateNoPeople: skipping global notification
05-04 15:39:43.030  3256  3256 W NotificationService: Pray mode not found android.content.pm.PackageManager$NameNotFoundException: Application package com.sec.android.settings.praymodewidget not found
05-04 15:39:43.075  3256  6922 D BatteryService: !@BatteryListener : batteryPropertiesChanged!
05-04 15:39:43.075  3256  6922 D BatteryService: level:87, scale:100, status:3, health:2, present:true, voltage: 4140, temperature: 380, technology: Li-ion, AC powered:false, USB powered:true, POGO powered:false, Wireless powered:false, icon:17303382, invalid charger:0
05-04 15:39:43.075  3256  6922 D BatteryService: online:4, current avg:104, charge type:2, power sharing:false, high voltage charger:false, capacity:280000, current_now:105
05-04 15:39:43.075  3256  3256 D BatteryService: Sending ACTION_BATTERY_CHANGED.
05-04 15:39:43.080  3672  3672 V EmergencyMode: [EmergencyStateReceiver] onReceive : android.intent.action.BATTERY_CHANGED
05-04 15:39:43.080  3672  3672 V EmergencyMode: [EmergencyStateReceiver] ACTION_BATTERY_CHANGED mBatteryLevelForLogging = 87
05-04 15:39:43.100  3421  3421 D BatteryMeterView: ACTION_BATTERY_CHANGED : level:87 status:3 health:2
05-04 15:39:43.100  3421  3421 D BatteryMeterView: ACTION_BATTERY_CHANGED : level:87 status:3 health:2
05-04 15:39:43.100  3421  3421 D BatteryMeterView: ACTION_BATTERY_CHANGED : level:87 status:3 health:2
05-04 15:39:45.030  3256  3566 E Watchdog: !@Sync 442 [05-04 15:39:45.035]
05-04 15:39:45.195  3256  5014 D SSRM:n  : SIOP:: AP = 460, PST = 470 (W:16), CUR = 104, LCD = 147
05-04 15:39:47.070  3256  3524 D MultiWindowConverter: dismissGuide() : Before attaching the guide view, mForceDismissGuide : false
05-04 15:39:47.070  3256  3291 D StatusBarManagerService: manageDisableList userId=0 what=0x0 pkg=WindowManager.LayoutParams
05-04 15:39:48.725  3256  3739 D MultiWindowConverter: dismissGuide() : Before attaching the guide view, mForceDismissGuide : false
05-04 15:39:48.725  3256  3291 D StatusBarManagerService: manageDisableList userId=0 what=0x0 pkg=WindowManager.LayoutParams
05-04 15:39:48.765  3256  3585 D CustomFrequencyManagerService: acquireDVFSLockLocked : type : DVFS_MIN_LIMIT  frequency : 1800000  uid : 1000  pid : 3256  pkgName : ACTIVITY_RESUME_BOOSTER@2
05-04 15:39:48.770  3256  3585 W ActivityManager: mDVFSHelper.acquire()
05-04 15:39:48.770  3256  3585 W ActivityManager: startActivity called from finishing ActivityRecord{2528bfe0 u0 com.icrealtime.allie/.ui.activities.AuthActivity t682 f}; forcing Intent.FLAG_ACTIVITY_NEW_TASK for: Intent { flg=0x4000000 cmp=com.icrealtime.allie/.ui.activities.MainActivity (has extras) }
05-04 15:39:48.770  3256  3585 D MultiWindowConverter: dismissGuide() : Before attaching the guide view, mForceDismissGuide : false
05-04 15:39:48.770  3256  3526 W InputMethodManagerService: Window already focused, ignoring focus gain of: com.android.internal.view.IInputMethodClient$Stub$Proxy@26f1ae40 attribute=null, token = android.os.BinderProxy@2a374f55
05-04 15:39:48.805  3256  6937 D PowerManagerService: [api] acquire WakeLock flags=0x2000000a tag=WindowManager uid=1000 pid=3256
05-04 15:39:48.810  3256  7219 W ActivityManager: Permission Denial: getCurrentUser() from pid=17438, uid=10360 requires android.permission.INTERACT_ACROSS_USERS
05-04 15:39:48.815  3256  5292 D ActivityManager: startService callerProcessName:com.icrealtime.allie, calleePkgName: com.icrealtime.allie
05-04 15:39:48.815  3256  5292 D ActivityManager: retrieveServiceLocked(): component = com.icrealtime.allie/com.icrealtime.allie.service.BackgroundService; callingUser = 0; userId(target) = 0
05-04 15:39:48.850  3256  3723 D ActivityManager: bindService callerProcessName:com.icrealtime.allie, calleePkgName: com.icrealtime.allie, action: null
05-04 15:39:48.850  3256  3723 D ActivityManager: retrieveServiceLocked(): component = com.icrealtime.allie/com.icrealtime.allie.service.BackgroundService; callingUser = 0; userId(target) = 0
05-04 15:39:48.865  3256  3256 D PersonaManagerService: getPersonasForUser(): returning null!
05-04 15:39:48.875  3256  7219 D MultiWindowConverter: dismissGuide() : Before attaching the guide view, mForceDismissGuide : false
05-04 15:39:48.875  3256  3291 D StatusBarManagerService: manageDisableList userId=0 what=0x0 pkg=WindowManager.LayoutParams
05-04 15:39:48.875  3256  3291 D StatusBarManagerService: manageDisableList userId=0 what=0x0 pkg=WindowManager.LayoutParams
05-04 15:39:48.915  3256 17835 W ContextImpl: Calling a method in the system process without a qualified user: android.app.ContextImpl.sendBroadcast:1698 com.android.server.InputMethodManagerService$6.run:2786 java.lang.Thread.run:818 <bottom of call stack> <bottom of call stack> 
05-04 15:39:48.915  3256  3723 I MultiPhoneWindowManager: Changed -> mCurrentInputMethodTarget : null
05-04 15:39:48.915  3256  3256 D LightsService: [api] [SvcLED] turnOff:: id = 4 (uid: 1000 pid: 3256) 
05-04 15:39:48.915  3256  3256 D LightsService: [SvcLED] setSvcLedStateLocked:: SvcLEDState : 0x0 -> 0x0 | SvcLED(id=4) set Off
05-04 15:39:48.915  3256  3307 D LightsService: [SvcLED] Lux failed to be updated in 0ms. -> handleForcedSvcLEDTasK
05-04 15:39:48.915  3256  3307 D LightsService: [SvcLED]  setSvcLedLightLocked :: Current SvcLED(id=3) maintains its priority right
05-04 15:39:48.915  4053  4053 W ContextImpl: Calling a method in the system process without a qualified user: android.app.ContextImpl.sendBroadcast:1698 android.content.ContextWrapper.sendBroadcast:391 android.inputmethodservice.InputMethodService.sendInputViewShownState:424 android.inputmethodservice.InputMethodService.hideWindow:2193 android.inputmethodservice.InputMethodService.doHideWindow:2171 
05-04 15:39:48.915  4053 17836 W ContextImpl: Calling a method in the system process without a qualified user: android.app.ContextImpl.sendBroadcast:1698 android.content.ContextWrapper.sendBroadcast:391 android.inputmethodservice.InputMethodService$4.run:3277 java.lang.Thread.run:818 <bottom of call stack> 
05-04 15:39:48.915  3256  5014 D SSRM:a  : DeviceInfo:: 000000000000
05-04 15:39:48.915  3256  5014 D SSRM:a  : SettingsAirViewInfo:: 000000000
05-04 15:39:49.215  3256  3293 D CustomFrequencyManagerService: releaseDVFSLockLocked : Getting Lock type frm List : DVFS_MIN_LIMIT  frequency : 1800000  uid : 1000  pid : 3256  tag : ACTIVITY_RESUME_BOOSTER@2
05-04 15:39:49.215  3256  3293 W ActivityManager: mDVFSHelper.release()
05-04 15:39:49.215  3256  3287 D CustomFrequencyManagerService: acquireDVFSLockLocked : type : DVFS_MIN_LIMIT  frequency : 1800000  uid : 1000  pid : 3256  pkgName : ACTIVITY_RESUME_BOOSTER@6
05-04 15:39:49.520  3256  3256 D CustomFrequencyManagerService: releaseDVFSLockLocked : Getting Lock type frm List : DVFS_MIN_LIMIT  frequency : 1800000  uid : 1000  pid : 3256  tag : ACTIVITY_RESUME_BOOSTER@6
05-04 15:39:50.770  3256  3739 D PowerManagerService: [api] [s] userActivity : event: 0 flags: 0 (uid: 1000 pid: 3256) eventTime = 13279479
05-04 15:39:50.775  3256  3739 D PowerManagerService: [api] release WakeLock flags=0x2000000a tag=WindowManager uid=1000 pid=3256 (0x0)
05-04 15:39:50.775  3256  3739 D PowerManagerService: [api] applyWakeLockFlagsOnReleaseLocked : userActivityNoUpdateLocked is called : SCREEN_BRIGHT_WAKE_LOCK        'WindowManager' ON_AFTER_RELEASE (uid=1000, pid=3256, ws=WorkSource{10360}) (elapsedTime=1970)
05-04 15:39:53.085  3256  5292 D BatteryService: !@BatteryListener : batteryPropertiesChanged!
05-04 15:39:53.085  3256  5292 D BatteryService: level:87, scale:100, status:3, health:2, present:true, voltage: 4156, temperature: 380, technology: Li-ion, AC powered:false, USB powered:true, POGO powered:false, Wireless powered:false, icon:17303382, invalid charger:0
05-04 15:39:53.085  3256  5292 D BatteryService: online:4, current avg:-6, charge type:2, power sharing:false, high voltage charger:false, capacity:280000, current_now:-7
05-04 15:39:53.085  3256  3256 D BatteryService: Sending ACTION_BATTERY_CHANGED.
05-04 15:39:53.090  3672  3672 V EmergencyMode: [EmergencyStateReceiver] onReceive : android.intent.action.BATTERY_CHANGED
05-04 15:39:53.095  3672  3672 V EmergencyMode: [EmergencyStateReceiver] ACTION_BATTERY_CHANGED mBatteryLevelForLogging = 87
05-04 15:39:53.115  3421  3421 D BatteryMeterView: ACTION_BATTERY_CHANGED : level:87 status:3 health:2
05-04 15:39:53.115  3421  3421 D BatteryMeterView: ACTION_BATTERY_CHANGED : level:87 status:3 health:2
05-04 15:39:53.115  3421  3421 D BatteryMeterView: ACTION_BATTERY_CHANGED : level:87 status:3 health:2
05-04 15:39:55.205  3256  5014 D SSRM:n  : SIOP:: AP = 450, PST = 468 (W:16), CUR = -6, LCD = 147
05-04 15:39:59.995  3256  3327 V AlarmManager: waitForAlarm result :8
05-04 15:39:59.995  3256  3256 V AlarmManager: ___SyncScheduler (v3) ACTIVATED___
05-04 15:39:59.995  3256  3256 V AlarmManagerEXT: <AppSync3 Whitelist>
05-04 15:39:59.995  3256  3256 V AlarmManagerEXT: (AppSync) com.google.android.gms : 1800(1800)
05-04 15:39:59.995  3256  3256 V AlarmManagerEXT: (AppSync) ### 1 added ###
05-04 15:40:03.095  3256  5293 D BatteryService: !@BatteryListener : batteryPropertiesChanged!
05-04 15:40:03.095  3256  5293 D BatteryService: level:87, scale:100, status:3, health:2, present:true, voltage: 4125, temperature: 380, technology: Li-ion, AC powered:false, USB powered:true, POGO powered:false, Wireless powered:false, icon:17303382, invalid charger:0
05-04 15:40:03.095  3256  5293 D BatteryService: online:4, current avg:-288, charge type:2, power sharing:false, high voltage charger:false, capacity:280000, current_now:-289
05-04 15:40:03.095  3256  3256 D BatteryService: Sending ACTION_BATTERY_CHANGED.
05-04 15:40:03.105  3672  3672 V EmergencyMode: [EmergencyStateReceiver] onReceive : android.intent.action.BATTERY_CHANGED
05-04 15:40:03.105  3672  3672 V EmergencyMode: [EmergencyStateReceiver] ACTION_BATTERY_CHANGED mBatteryLevelForLogging = 87
05-04 15:40:03.115  3421  3421 D BatteryMeterView: ACTION_BATTERY_CHANGED : level:87 status:3 health:2
05-04 15:40:03.115  3421  3421 D BatteryMeterView: ACTION_BATTERY_CHANGED : level:87 status:3 health:2
05-04 15:40:03.115  3421  3421 D BatteryMeterView: ACTION_BATTERY_CHANGED : level:87 status:3 health:2
05-04 15:40:05.230  3256  5014 D SSRM:n  : SIOP:: AP = 460, PST = 466 (W:14), CUR = -288, LCD = 147
05-04 15:40:09.800  3256  3739 D CustomFrequencyManagerService: acquireDVFSLockLocked : type : DVFS_MIN_LIMIT  frequency : 1800000  uid : 1000  pid : 3256  pkgName : ACTIVITY_RESUME_BOOSTER@2
05-04 15:40:09.805  3256  3739 W ActivityManager: mDVFSHelper.acquire()
05-04 15:40:09.805  3256  3739 D MultiWindowConverter: dismissGuide() : Before attaching the guide view, mForceDismissGuide : false
05-04 15:40:09.820  3256  6911 W ActivityManager: Permission Denial: getCurrentUser() from pid=17438, uid=10360 requires android.permission.INTERACT_ACROSS_USERS
05-04 15:40:09.825  3256  3524 D ActivityManager: startService callerProcessName:com.icrealtime.allie, calleePkgName: com.icrealtime.allie
05-04 15:40:09.825  3256  3524 D ActivityManager: retrieveServiceLocked(): component = com.icrealtime.allie/com.icrealtime.allie.service.BackgroundService; callingUser = 0; userId(target) = 0
05-04 15:40:09.840  3256  5293 D ActivityManager: bindService callerProcessName:com.icrealtime.allie, calleePkgName: com.icrealtime.allie, action: null
05-04 15:40:09.840  3256  5293 D ActivityManager: retrieveServiceLocked(): component = com.icrealtime.allie/com.icrealtime.allie.service.BackgroundService; callingUser = 0; userId(target) = 0
05-04 15:40:09.840  3256  3256 D PersonaManagerService: getPersonasForUser(): returning null!
05-04 15:40:09.850  3256  7218 D MultiWindowConverter: dismissGuide() : Before attaching the guide view, mForceDismissGuide : false
05-04 15:40:09.850  3256  3291 D StatusBarManagerService: manageDisableList userId=0 what=0x0 pkg=WindowManager.LayoutParams
05-04 15:40:09.850  3256  3291 D StatusBarManagerService: manageDisableList userId=0 what=0x0 pkg=WindowManager.LayoutParams
05-04 15:40:09.900  3256 17846 W ContextImpl: Calling a method in the system process without a qualified user: android.app.ContextImpl.sendBroadcast:1698 com.android.server.InputMethodManagerService$6.run:2786 java.lang.Thread.run:818 <bottom of call stack> <bottom of call stack> 
05-04 15:40:10.170  3256  3293 D CustomFrequencyManagerService: releaseDVFSLockLocked : Getting Lock type frm List : DVFS_MIN_LIMIT  frequency : 1800000  uid : 1000  pid : 3256  tag : ACTIVITY_RESUME_BOOSTER@2
05-04 15:40:10.170  3256  3293 W ActivityManager: mDVFSHelper.release()
05-04 15:40:10.190  3256  3287 D CustomFrequencyManagerService: acquireDVFSLockLocked : type : DVFS_MIN_LIMIT  frequency : 1800000  uid : 1000  pid : 3256  pkgName : ACTIVITY_RESUME_BOOSTER@6
05-04 15:40:10.190 17438 17438 V ActivityThread: updateVisibility : ActivityRecord{1e8afe3a token=android.os.BinderProxy@3304f2dd {com.icrealtime.allie/com.icrealtime.allie.ui.activities.MainActivity}} show : false
05-04 15:40:10.495  3256  3256 D CustomFrequencyManagerService: releaseDVFSLockLocked : Getting Lock type frm List : DVFS_MIN_LIMIT  frequency : 1800000  uid : 1000  pid : 3256  tag : ACTIVITY_RESUME_BOOSTER@6
05-04 15:40:13.105  3256  3739 D BatteryService: !@BatteryListener : batteryPropertiesChanged!
05-04 15:40:13.105  3256  3739 D BatteryService: level:87, scale:100, status:3, health:2, present:true, voltage: 4144, temperature: 379, technology: Li-ion, AC powered:false, USB powered:true, POGO powered:false, Wireless powered:false, icon:17303382, invalid charger:0
05-04 15:40:13.105  3256  3739 D BatteryService: online:4, current avg:-18, charge type:2, power sharing:false, high voltage charger:false, capacity:280000, current_now:-19
05-04 15:40:13.105  3256  3256 D BatteryService: Sending ACTION_BATTERY_CHANGED.
05-04 15:40:13.115  3672  3672 V EmergencyMode: [EmergencyStateReceiver] onReceive : android.intent.action.BATTERY_CHANGED
05-04 15:40:13.115  3672  3672 V EmergencyMode: [EmergencyStateReceiver] ACTION_BATTERY_CHANGED mBatteryLevelForLogging = 87
05-04 15:40:13.130  3421  3421 D BatteryMeterView: ACTION_BATTERY_CHANGED : level:87 status:3 health:2
05-04 15:40:13.130  3421  3421 D BatteryMeterView: ACTION_BATTERY_CHANGED : level:87 status:3 health:2
05-04 15:40:13.130  3421  3421 D BatteryMeterView: ACTION_BATTERY_CHANGED : level:87 status:3 health:2
05-04 15:40:15.030  3256  3566 E Watchdog: !@Sync 443 [05-04 15:40:15.036]
05-04 15:40:15.235  3256  5014 D SSRM:n  : SIOP:: AP = 450, PST = 462 (W:14), CUR = -18, LCD = 147
05-04 15:40:16.395  3256  3586 D MultiWindowConverter: dismissGuide() : Before attaching the guide view, mForceDismissGuide : false
05-04 15:40:16.395  3256  3291 D StatusBarManagerService: manageDisableList userId=0 what=0x0 pkg=WindowManager.LayoutParams
05-04 15:40:20.260  3256  5293 D MultiWindowConverter: dismissGuide() : Before attaching the guide view, mForceDismissGuide : false
05-04 15:40:20.260  3256  3291 D StatusBarManagerService: manageDisableList userId=0 what=0x0 pkg=WindowManager.LayoutParams
05-04 15:40:20.285  3256  3586 D CustomFrequencyManagerService: acquireDVFSLockLocked : type : DVFS_MIN_LIMIT  frequency : 1800000  uid : 1000  pid : 3256  pkgName : ACTIVITY_RESUME_BOOSTER@2
05-04 15:40:20.285  3256  3586 W ActivityManager: mDVFSHelper.acquire()
05-04 15:40:20.290  3256  3586 D MultiWindowConverter: dismissGuide() : Before attaching the guide view, mForceDismissGuide : false
05-04 15:40:20.290  3256  6911 W InputMethodManagerService: Window already focused, ignoring focus gain of: com.android.internal.view.IInputMethodClient$Stub$Proxy@2d41c1a3 attribute=null, token = android.os.BinderProxy@31b47ca5
05-04 15:40:20.290  3256  6911 D InputMethodManagerService: [HARDWARE_KEYBOARD] (refreshImeWindowVis) mImeWindowVis= 0 inputVisible = falsehaveHardKeyboard = false hardKeyShown = false
05-04 15:40:20.300  3256  3739 W ActivityManager: Permission Denial: getCurrentUser() from pid=17438, uid=10360 requires android.permission.INTERACT_ACROSS_USERS
