--------- beginning of system
05-04 15:37:38.550  3256  3268 D CustomFrequencyManagerService: acquireDVFSLockLocked : type : DVFS_MIN_LIMIT  frequency : 1800000  uid : 1000  pid : 3256  pkgName : ACTIVITY_RESUME_BOOSTER@2
05-04 15:37:38.555  3256  3268 W ActivityManager: mDVFSHelper.acquire()
05-04 15:37:38.565  3256  7219 D MultiWindowConverter: dismissGuide() : Before attaching the guide view, mForceDismissGuide : false
05-04 15:37:38.580  3256  7219 D PowerManagerService: [api] acquire WakeLock flags=0x2000000a tag=WindowManager uid=1000 pid=3256
05-04 15:37:38.585  3256  3351 D ActivityManager: bindService callerProcessName:com.icrealtime.allie, calleePkgName: com.icrealtime.allie, action: null
05-04 15:37:38.585  3256  3351 D ActivityManager: retrieveServiceLocked(): component = com.icrealtime.allie/com.icrealtime.allie.service.BackgroundService; callingUser = 0; userId(target) = 0
05-04 15:37:38.590  3256  3256 D PersonaManagerService: getPersonasForUser(): returning null!
05-04 15:37:38.660  3256  3526 D MultiWindowConverter: dismissGuide() : Before attaching the guide view, mForceDismissGuide : false
05-04 15:37:38.660  3256  3291 D StatusBarManagerService: manageDisableList userId=0 what=0x0 pkg=WindowManager.LayoutParams
05-04 15:37:38.675  3256 17617 W ContextImpl: Calling a method in the system process without a qualified user: android.app.ContextImpl.sendBroadcast:1698 com.android.server.InputMethodManagerService$6.run:2786 java.lang.Thread.run:818 <bottom of call stack> <bottom of call stack> 
05-04 15:37:38.680  3256  6922 I MultiPhoneWindowManager: Changed -> mCurrentInputMethodTarget : null
05-04 15:37:38.680  3256  3256 D LightsService: [api] [SvcLED] turnOff:: id = 4 (uid: 1000 pid: 3256) 
05-04 15:37:38.680  3256  3256 D LightsService: [SvcLED] setSvcLedStateLocked:: SvcLEDState : 0x0 -> 0x0 | SvcLED(id=4) set Off
05-04 15:37:38.680  3256  3307 D LightsService: [SvcLED] Lux failed to be updated in 0ms. -> handleForcedSvcLEDTasK
05-04 15:37:38.680  3256  3307 D LightsService: [SvcLED]  setSvcLedLightLocked :: Current SvcLED(id=3) maintains its priority right
05-04 15:37:38.680  4053  4053 W ContextImpl: Calling a method in the system process without a qualified user: android.app.ContextImpl.sendBroadcast:1698 android.content.ContextWrapper.sendBroadcast:391 android.inputmethodservice.InputMethodService.sendInputViewShownState:424 android.inputmethodservice.InputMethodService.hideWindow:2193 android.inputmethodservice.InputMethodService.doHideWindow:2171 
05-04 15:37:38.680  4053 17618 W ContextImpl: Calling a method in the system process without a qualified user: android.app.ContextImpl.sendBroadcast:1698 android.content.ContextWrapper.sendBroadcast:391 android.inputmethodservice.InputMethodService$4.run:3277 java.lang.Thread.run:818 <bottom of call stack> 
05-04 15:37:38.685  3256  5014 D SSRM:a  : DeviceInfo:: 000000000000
05-04 15:37:38.685  3256  5014 D SSRM:a  : SettingsAirViewInfo:: 000000000
05-04 15:37:39.005  3256  3293 D CustomFrequencyManagerService: releaseDVFSLockLocked : Getting Lock type frm List : DVFS_MIN_LIMIT  frequency : 1800000  uid : 1000  pid : 3256  tag : ACTIVITY_RESUME_BOOSTER@2
05-04 15:37:39.005  3256  3293 W ActivityManager: mDVFSHelper.release()
05-04 15:37:39.010  3256  3287 D CustomFrequencyManagerService: acquireDVFSLockLocked : type : DVFS_MIN_LIMIT  frequency : 1800000  uid : 1000  pid : 3256  pkgName : ACTIVITY_RESUME_BOOSTER@6
05-04 15:37:39.225  3256  3586 E ActivityManager: failed to get LpnetManagerService instance or Pkg was null 
05-04 15:37:39.230  3256  7219 D ActivityManager: startService callerProcessName:com.google.android.gsf, calleePkgName: com.google.android.gsf
05-04 15:37:39.230  3256  7219 D ActivityManager: retrieveServiceLocked(): component = com.google.android.gsf/com.google.android.gsf.subscribedfeeds.GCMIntentService; callingUser = 0; userId(target) = 0
05-04 15:37:39.250  3256  3279 D ActivityManager: bindService callerProcessName:android, calleePkgName: com.google.android.gm, action: android.content.SyncAdapter
05-04 15:37:39.250  3256  3279 D ActivityManager: retrieveServiceLocked(): component = com.google.android.gm/com.google.android.gm.provider.MailSyncAdapterService; callingUser = 0; userId(target) = 0
05-04 15:37:39.310  3256  3256 D CustomFrequencyManagerService: releaseDVFSLockLocked : Getting Lock type frm List : DVFS_MIN_LIMIT  frequency : 1800000  uid : 1000  pid : 3256  tag : ACTIVITY_RESUME_BOOSTER@6
05-04 15:37:39.370  3256  3739 D ActivityManager: bindService callerProcessName:android, calleePkgName: com.google.android.gms, action: android.accounts.AccountAuthenticator
05-04 15:37:39.370  3256  3739 D ActivityManager: retrieveServiceLocked(): component = com.google.android.gms/com.google.android.gms.auth.GoogleAccountAuthenticatorService; callingUser = 0; userId(target) = 0
05-04 15:37:39.405  3256  3269 D ActivityManager: bindService callerProcessName:com.google.android.gm, calleePkgName: com.google.android.gms, action: null
05-04 15:37:39.405  3256  3269 D ActivityManager: retrieveServiceLocked(): component = com.google.android.gms/com.google.android.gms.auth.GetToken; callingUser = 0; userId(target) = 0
05-04 15:37:39.420  3256  3739 D ActivityManager: retrieveServiceLocked(): component = null; callingUser = 0; userId(target) = 0
05-04 15:37:39.420 10330 17621 W ResourcesManager: Asset path '/system/framework/com.android.media.remotedisplay.jar' does not exist or contains no resources.
05-04 15:37:39.420 10330 17621 W ResourcesManager: Asset path '/system/framework/com.android.location.provider.jar' does not exist or contains no resources.
05-04 15:37:39.420  3256  3524 D ActivityManager: bindService callerProcessName:android, calleePkgName: com.google.android.gms, action: android.accounts.AccountAuthenticator
05-04 15:37:39.420  3256  3524 D ActivityManager: retrieveServiceLocked(): component = com.google.android.gms/com.google.android.gms.auth.GoogleAccountAuthenticatorService; callingUser = 0; userId(target) = 0
05-04 15:37:39.430  3256  6922 D ActivityManager: bindService callerProcessName:com.google.android.gms, calleePkgName: com.google.android.gms, action: null
05-04 15:37:39.430  3256  6922 D ActivityManager: retrieveServiceLocked(): component = com.google.android.gms/com.google.android.gms.auth.GetToken; callingUser = 0; userId(target) = 0
05-04 15:37:39.960  3256  5293 D ActivityManager: bindService callerProcessName:android, calleePkgName: com.google.android.gms, action: android.accounts.AccountAuthenticator
05-04 15:37:39.960  3256  5293 D ActivityManager: retrieveServiceLocked(): component = com.google.android.gms/com.google.android.gms.auth.GoogleAccountAuthenticatorService; callingUser = 0; userId(target) = 0
05-04 15:37:40.055  3256  3586 D ActivityManager: startService callerProcessName:com.google.android.gm, calleePkgName: com.google.android.gm
05-04 15:37:40.055  3256  3586 D ActivityManager: retrieveServiceLocked(): component = com.google.android.gm/com.android.mail.widget.BaseGmailWidgetProviderService; callingUser = 0; userId(target) = 0
05-04 15:37:40.075  3256  5292 D ActivityManager: bindService callerProcessName:android, calleePkgName: com.google.android.gms, action: android.accounts.AccountAuthenticator
05-04 15:37:40.075  3256  5292 D ActivityManager: retrieveServiceLocked(): component = com.google.android.gms/com.google.android.gms.auth.GoogleAccountAuthenticatorService; callingUser = 0; userId(target) = 0
05-04 15:37:40.360  3256  3723 D ActivityManager: bindService callerProcessName:android, calleePkgName: com.google.android.gms, action: android.accounts.AccountAuthenticator
05-04 15:37:40.360  3256  3723 D ActivityManager: retrieveServiceLocked(): component = com.google.android.gms/com.google.android.gms.auth.GoogleAccountAuthenticatorService; callingUser = 0; userId(target) = 0
05-04 15:37:40.515  3256  3586 D ActivityManager: retrieveServiceLocked(): component = null; callingUser = 0; userId(target) = 0
05-04 15:37:40.520  3256  3723 D ActivityManager: startService callerProcessName:com.google.android.gms, calleePkgName: com.google.android.gms
05-04 15:37:40.520  3256  3723 D ActivityManager: retrieveServiceLocked(): component = com.google.android.gms/com.google.android.gms.icing.service.IndexWorkerService; callingUser = 0; userId(target) = 0
05-04 15:37:40.530  3256  7218 D PowerManagerService: [api] [s] userActivity : event: 0 flags: 0 (uid: 1000 pid: 3256) eventTime = 13149236
05-04 15:37:40.530  3256  7218 D PowerManagerService: [api] release WakeLock flags=0x2000000a tag=WindowManager uid=1000 pid=3256 (0x0)
05-04 15:37:40.530  3256  7218 D PowerManagerService: [api] applyWakeLockFlagsOnReleaseLocked : userActivityNoUpdateLocked is called : SCREEN_BRIGHT_WAKE_LOCK        'WindowManager' ON_AFTER_RELEASE (uid=1000, pid=3256, ws=WorkSource{10360}) (elapsedTime=1949)
05-04 15:37:40.560  3256  6911 D ActivityManager: retrieveServiceLocked(): component = null; callingUser = 0; userId(target) = 0
05-04 15:37:40.610  3256  3524 D ActivityManager: startService callerProcessName:com.google.android.gm, calleePkgName: com.google.android.gm
05-04 15:37:40.610  3256  3524 D ActivityManager: retrieveServiceLocked(): component = com.google.android.gm/com.google.android.gm.GmailIntentService; callingUser = 0; userId(target) = 0
05-04 15:37:40.630  3256  3739 D ActivityManager: startService callerProcessName:com.google.android.gm, calleePkgName: com.google.android.gm
05-04 15:37:40.630  3256  3739 D ActivityManager: retrieveServiceLocked(): component = com.google.android.gm/com.google.android.gm.GmailIntentService; callingUser = 0; userId(target) = 0
05-04 15:37:40.645  3256  3524 D ActivityManager: bindService callerProcessName:android, calleePkgName: com.google.android.gms, action: android.accounts.AccountAuthenticator
05-04 15:37:40.645  3256  3524 D ActivityManager: retrieveServiceLocked(): component = com.google.android.gms/com.google.android.gms.auth.GoogleAccountAuthenticatorService; callingUser = 0; userId(target) = 0
05-04 15:37:40.655  3256  5292 D ActivityManager: retrieveServiceLocked(): component = null; callingUser = 0; userId(target) = 0
05-04 15:37:40.685  3256  3739 D ActivityManager: retrieveServiceLocked(): component = null; callingUser = 0; userId(target) = 0
05-04 15:37:40.735  3256  3586 D ActivityManager: retrieveServiceLocked(): component = null; callingUser = 0; userId(target) = 0
05-04 15:37:40.760  3256  6937 D ActivityManager: startService callerProcessName:com.google.android.gms, calleePkgName: com.google.android.gms
05-04 15:37:40.760  3256  6937 D ActivityManager: retrieveServiceLocked(): component = com.google.android.gms/com.google.android.gms.people.service.PeopleRequestProcessor; callingUser = 0; userId(target) = 0
05-04 15:37:40.905  3256  7218 D ActivityManager: startService callerProcessName:com.google.android.gms, calleePkgName: com.google.android.gms
05-04 15:37:40.905  3256  7218 D ActivityManager: retrieveServiceLocked(): component = com.google.android.gms/com.google.android.gms.people.service.PeopleRequestProcessor; callingUser = 0; userId(target) = 0
05-04 15:37:41.025  3256  6922 D ActivityManager: startService callerProcessName:com.google.android.gms, calleePkgName: com.google.android.gms
05-04 15:37:41.025  3256  6922 D ActivityManager: retrieveServiceLocked(): component = com.google.android.gms/com.google.android.gms.people.service.PeopleRequestProcessor; callingUser = 0; userId(target) = 0
05-04 15:37:41.215  3256  3739 D ActivityManager: startService callerProcessName:com.google.android.gms, calleePkgName: com.google.android.gms
05-04 15:37:41.215  3256  3739 D ActivityManager: retrieveServiceLocked(): component = com.google.android.gms/com.google.android.gms.people.service.PeopleRequestProcessor; callingUser = 0; userId(target) = 0
05-04 15:37:41.300  3256  5293 D ActivityManager: startService callerProcessName:com.google.android.gms, calleePkgName: com.google.android.gms
05-04 15:37:41.300  3256  5293 D ActivityManager: retrieveServiceLocked(): component = com.google.android.gms/com.google.android.gms.people.service.PeopleRequestProcessor; callingUser = 0; userId(target) = 0
05-04 15:37:41.495  3256  6922 D ActivityManager: startService callerProcessName:com.google.android.gms, calleePkgName: com.google.android.gms
05-04 15:37:41.495  3256  6922 D ActivityManager: retrieveServiceLocked(): component = com.google.android.gms/com.google.android.gms.people.service.PeopleRequestProcessor; callingUser = 0; userId(target) = 0
05-04 15:37:41.650  3256  3586 D ActivityManager: startService callerProcessName:com.google.android.gms, calleePkgName: com.google.android.gms
05-04 15:37:41.650  3256  3586 D ActivityManager: retrieveServiceLocked(): component = com.google.android.gms/com.google.android.gms.people.service.PeopleRequestProcessor; callingUser = 0; userId(target) = 0
05-04 15:37:41.810  3256  3586 D ActivityManager: retrieveServiceLocked(): component = com.google.android.gms/com.google.android.gms.icing.service.IndexWorkerService; callingUser = 0; userId(target) = 0
05-04 15:37:41.885  3256  7218 D ActivityManager: startService callerProcessName:com.google.android.gms, calleePkgName: com.google.android.gms
05-04 15:37:41.885  3256  7218 D ActivityManager: retrieveServiceLocked(): component = com.google.android.gms/com.google.android.gms.people.service.PeopleRequestProcessor; callingUser = 0; userId(target) = 0
05-04 15:37:42.035  3256  7219 D ActivityManager: startService callerProcessName:com.google.android.gms, calleePkgName: com.google.android.gms
05-04 15:37:42.035  3256  7219 D ActivityManager: retrieveServiceLocked(): component = com.google.android.gms/com.google.android.gms.people.service.PeopleRequestProcessor; callingUser = 0; userId(target) = 0
05-04 15:37:42.135  3256  5292 D ActivityManager: startService callerProcessName:com.google.android.gms, calleePkgName: com.google.android.gms
05-04 15:37:42.135  3256  5292 D ActivityManager: retrieveServiceLocked(): component = com.google.android.gms/com.google.android.gms.people.service.PeopleRequestProcessor; callingUser = 0; userId(target) = 0
05-04 15:37:42.305  3256  6937 D ActivityManager: startService callerProcessName:com.google.android.gms, calleePkgName: com.google.android.gms
05-04 15:37:42.305  3256  6937 D ActivityManager: retrieveServiceLocked(): component = com.google.android.gms/com.google.android.gms.people.service.PeopleRequestProcessor; callingUser = 0; userId(target) = 0
05-04 15:37:42.365  3256  3256 I ValidateNoPeople: Validating: 0|com.google.android.gm|2146459274|null|10087
05-04 15:37:42.365  3256  3256 I ValidateNoPeople: final affinity: 0.5
05-04 15:37:42.365  3256  3256 D LightsService: [api] [SvcLED] turnOff:: id = 4 (uid: 1000 pid: 3256) 
05-04 15:37:42.370  3256  3256 D LightsService: [SvcLED] setSvcLedStateLocked:: SvcLEDState : 0x0 -> 0x0 | SvcLED(id=4) set Off
05-04 15:37:42.370  3256  3307 D LightsService: [SvcLED] Lux failed to be updated in 0ms. -> handleForcedSvcLEDTasK
05-04 15:37:42.370  3256  3307 D LightsService: [SvcLED]  setSvcLedLightLocked :: Current SvcLED(id=3) maintains its priority right
05-04 15:37:42.370  3256  3256 W NotificationService: Pray mode not found android.content.pm.PackageManager$NameNotFoundException: Application package com.sec.android.settings.praymodewidget not found
05-04 15:37:42.370  3256  3256 D LightsService: [api] [SvcLED] turnOff:: id = 4 (uid: 1000 pid: 3256) 
05-04 15:37:42.370  3256  3256 D LightsService: [SvcLED] setSvcLedStateLocked:: SvcLEDState : 0x0 -> 0x0 | SvcLED(id=4) set Off
05-04 15:37:42.370  3256  3307 D LightsService: [SvcLED] Lux failed to be updated in 0ms. -> handleForcedSvcLEDTasK
05-04 15:37:42.370  3256  3307 D LightsService: [SvcLED]  setSvcLedLightLocked :: Current SvcLED(id=3) maintains its priority right
05-04 15:37:42.385  3256  3256 I ValidateNoPeople: Validating: 0|com.google.android.gm|888079840|null|10087
05-04 15:37:42.385  3256  3256 I ValidateNoPeople: final affinity: 0.0
05-04 15:37:42.385  3256  3256 D WindowManager: showStatusBarByNotification() mOpenByNotification=false
05-04 15:37:42.395  3256  3256 W NotificationService: Pray mode not found android.content.pm.PackageManager$NameNotFoundException: Application package com.sec.android.settings.praymodewidget not found
05-04 15:37:42.955  3256  6911 D BatteryService: !@BatteryListener : batteryPropertiesChanged!
05-04 15:37:42.955  3256  6911 D BatteryService: level:87, scale:100, status:3, health:2, present:true, voltage: 4140, temperature: 384, technology: Li-ion, AC powered:false, USB powered:true, POGO powered:false, Wireless powered:false, icon:17303382, invalid charger:0
05-04 15:37:42.955  3256  6911 D BatteryService: online:4, current avg:-664, charge type:2, power sharing:false, high voltage charger:false, capacity:280000, current_now:-664
05-04 15:37:42.955  3256  3256 D BatteryService: Sending ACTION_BATTERY_CHANGED.
05-04 15:37:42.965  3672  3672 V EmergencyMode: [EmergencyStateReceiver] onReceive : android.intent.action.BATTERY_CHANGED
05-04 15:37:42.965  3672  3672 V EmergencyMode: [EmergencyStateReceiver] ACTION_BATTERY_CHANGED mBatteryLevelForLogging = 87
05-04 15:37:42.975  3421  3421 D BatteryMeterView: ACTION_BATTERY_CHANGED : level:87 status:3 health:2
05-04 15:37:42.975  3421  3421 D BatteryMeterView: ACTION_BATTERY_CHANGED : level:87 status:3 health:2
05-04 15:37:42.975  3421  3421 D BatteryMeterView: ACTION_BATTERY_CHANGED : level:87 status:3 health:2
05-04 15:37:44.655  3256  5292 D ActivityManager: startService callerProcessName:com.google.android.gm, calleePkgName: com.google.android.gm
05-04 15:37:44.655  3256  5292 D ActivityManager: retrieveServiceLocked(): component = com.google.android.gm/com.android.mail.widget.BaseGmailWidgetProviderService; callingUser = 0; userId(target) = 0
05-04 15:37:45.025  3256  3566 E Watchdog: !@Sync 438 [05-04 15:37:45.031]
05-04 15:37:45.075  3256  5014 D SSRM:n  : SIOP:: AP = 470, PST = 437 (W:18), CUR = -664, LCD = 147
05-04 15:37:52.965  3256  3585 D BatteryService: !@BatteryListener : batteryPropertiesChanged!
05-04 15:37:52.965  3256  3585 D BatteryService: level:87, scale:100, status:3, health:2, present:true, voltage: 4140, temperature: 384, technology: Li-ion, AC powered:false, USB powered:true, POGO powered:false, Wireless powered:false, icon:17303382, invalid charger:0
05-04 15:37:52.965  3256  3585 D BatteryService: online:4, current avg:-38, charge type:2, power sharing:false, high voltage charger:false, capacity:280000, current_now:-39
05-04 15:37:52.965  3256  3256 D BatteryService: Sending ACTION_BATTERY_CHANGED.
05-04 15:37:52.975  3672  3672 V EmergencyMode: [EmergencyStateReceiver] onReceive : android.intent.action.BATTERY_CHANGED
05-04 15:37:52.975  3672  3672 V EmergencyMode: [EmergencyStateReceiver] ACTION_BATTERY_CHANGED mBatteryLevelForLogging = 87
05-04 15:37:52.985  3421  3421 D BatteryMeterView: ACTION_BATTERY_CHANGED : level:87 status:3 health:2
05-04 15:37:52.985  3421  3421 D BatteryMeterView: ACTION_BATTERY_CHANGED : level:87 status:3 health:2
05-04 15:37:52.985  3421  3421 D BatteryMeterView: ACTION_BATTERY_CHANGED : level:87 status:3 health:2
05-04 15:37:55.085  3256  5014 D SSRM:n  : SIOP:: AP = 480, PST = 436 (W:16), CUR = -38, LCD = 147
05-04 15:37:56.845  3256  3526 D ActivityManager: retrieveServiceLocked(): component = null; callingUser = 0; userId(target) = 0
05-04 15:37:56.850  3256  6911 D ActivityManager: retrieveServiceLocked(): component = null; callingUser = 0; userId(target) = 0
05-04 15:37:57.140  3256  7218 D ActivityManager: retrieveServiceLocked(): component = null; callingUser = 0; userId(target) = 0
05-04 15:37:57.145  3256  6911 D ActivityManager: retrieveServiceLocked(): component = null; callingUser = 0; userId(target) = 0
05-04 15:37:57.450  3256  3351 D ActivityManager: retrieveServiceLocked(): component = null; callingUser = 0; userId(target) = 0
05-04 15:37:57.450  3256  7219 D ActivityManager: retrieveServiceLocked(): component = null; callingUser = 0; userId(target) = 0
05-04 15:37:59.995  3256  3327 V AlarmManager: waitForAlarm result :8
05-04 15:38:02.975  3256  3351 D BatteryService: !@BatteryListener : batteryPropertiesChanged!
05-04 15:38:02.975  3256  3351 D BatteryService: level:87, scale:100, status:3, health:2, present:true, voltage: 4140, temperature: 384, technology: Li-ion, AC powered:false, USB powered:true, POGO powered:false, Wireless powered:false, icon:17303382, invalid charger:0
05-04 15:38:02.975  3256  3351 D BatteryService: online:4, current avg:-234, charge type:2, power sharing:false, high voltage charger:false, capacity:280000, current_now:-234
05-04 15:38:02.975  3256  3256 D BatteryService: Sending ACTION_BATTERY_CHANGED.
05-04 15:38:02.985  3672  3672 V EmergencyMode: [EmergencyStateReceiver] onReceive : android.intent.action.BATTERY_CHANGED
05-04 15:38:02.985  3672  3672 V EmergencyMode: [EmergencyStateReceiver] ACTION_BATTERY_CHANGED mBatteryLevelForLogging = 87
05-04 15:38:02.995  3421  3421 D BatteryMeterView: ACTION_BATTERY_CHANGED : level:87 status:3 health:2
05-04 15:38:02.995  3421  3421 D BatteryMeterView: ACTION_BATTERY_CHANGED : level:87 status:3 health:2
05-04 15:38:02.995  3421  3421 D BatteryMeterView: ACTION_BATTERY_CHANGED : level:87 status:3 health:2
05-04 15:38:05.090  3256  5014 D SSRM:n  : SIOP:: AP = 480, PST = 440 (W:16), CUR = -234, LCD = 147
05-04 15:38:09.255  3256  3327 V AlarmManager: waitForAlarm result :4
05-04 15:38:12.980  3256  5293 D BatteryService: !@BatteryListener : batteryPropertiesChanged!
05-04 15:38:12.980  3256  5293 D BatteryService: level:87, scale:100, status:3, health:2, present:true, voltage: 4128, temperature: 383, technology: Li-ion, AC powered:false, USB powered:true, POGO powered:false, Wireless powered:false, icon:17303382, invalid charger:0
05-04 15:38:12.980  3256  5293 D BatteryService: online:4, current avg:-136, charge type:2, power sharing:false, high voltage charger:false, capacity:280000, current_now:-136
05-04 15:38:12.980  3256  3256 D BatteryService: Sending ACTION_BATTERY_CHANGED.
05-04 15:38:12.995  3672  3672 V EmergencyMode: [EmergencyStateReceiver] onReceive : android.intent.action.BATTERY_CHANGED
05-04 15:38:12.995  3672  3672 V EmergencyMode: [EmergencyStateReceiver] ACTION_BATTERY_CHANGED mBatteryLevelForLogging = 87
05-04 15:38:13.010  3421  3421 D BatteryMeterView: ACTION_BATTERY_CHANGED : level:87 status:3 health:2
05-04 15:38:13.010  3421  3421 D BatteryMeterView: ACTION_BATTERY_CHANGED : level:87 status:3 health:2
05-04 15:38:13.010  3421  3421 D BatteryMeterView: ACTION_BATTERY_CHANGED : level:87 status:3 health:2
05-04 15:38:15.025  3256  3566 E Watchdog: !@Sync 439 [05-04 15:38:15.032]
05-04 15:38:15.100  3256  5014 D SSRM:n  : SIOP:: AP = 480, PST = 443 (W:16), CUR = -136, LCD = 147
05-04 15:38:15.805  3256  6922 E ActivityManager: failed to get LpnetManagerService instance or Pkg was null 
05-04 15:38:15.815  3256  5293 D ActivityManager: startService callerProcessName:com.google.android.gsf, calleePkgName: com.google.android.gsf
05-04 15:38:15.815  3256  5293 D ActivityManager: retrieveServiceLocked(): component = com.google.android.gsf/com.google.android.gsf.subscribedfeeds.GCMIntentService; callingUser = 0; userId(target) = 0
05-04 15:38:15.895  3256  3279 D ActivityManager: bindService callerProcessName:android, calleePkgName: com.google.android.gm, action: android.content.SyncAdapter
05-04 15:38:15.895  3256  3279 D ActivityManager: retrieveServiceLocked(): component = com.google.android.gm/com.google.android.gm.provider.MailSyncAdapterService; callingUser = 0; userId(target) = 0
05-04 15:38:15.920  3256  6911 D ActivityManager: bindService callerProcessName:android, calleePkgName: com.google.android.gms, action: android.accounts.AccountAuthenticator
05-04 15:38:15.920  3256  6911 D ActivityManager: retrieveServiceLocked(): component = com.google.android.gms/com.google.android.gms.auth.GoogleAccountAuthenticatorService; callingUser = 0; userId(target) = 0
05-04 15:38:15.930  3256  6911 D ActivityManager: bindService callerProcessName:com.google.android.gm, calleePkgName: com.google.android.gms, action: null
05-04 15:38:15.930  3256  6911 D ActivityManager: retrieveServiceLocked(): component = com.google.android.gms/com.google.android.gms.auth.GetToken; callingUser = 0; userId(target) = 0
05-04 15:38:15.945  3256  6922 D ActivityManager: retrieveServiceLocked(): component = null; callingUser = 0; userId(target) = 0
05-04 15:38:15.955 10330 17638 W ResourcesManager: Asset path '/system/framework/com.android.media.remotedisplay.jar' does not exist or contains no resources.
05-04 15:38:15.955 10330 17638 W ResourcesManager: Asset path '/system/framework/com.android.location.provider.jar' does not exist or contains no resources.
05-04 15:38:15.960  3256  5293 D ActivityManager: bindService callerProcessName:android, calleePkgName: com.google.android.gms, action: android.accounts.AccountAuthenticator
05-04 15:38:15.960  3256  5293 D ActivityManager: retrieveServiceLocked(): component = com.google.android.gms/com.google.android.gms.auth.GoogleAccountAuthenticatorService; callingUser = 0; userId(target) = 0
05-04 15:38:15.970  3256  3723 D ActivityManager: bindService callerProcessName:com.google.android.gms, calleePkgName: com.google.android.gms, action: null
05-04 15:38:15.970  3256  3723 D ActivityManager: retrieveServiceLocked(): component = com.google.android.gms/com.google.android.gms.auth.GetToken; callingUser = 0; userId(target) = 0
05-04 15:38:16.255  3256  3586 D ActivityManager: bindService callerProcessName:android, calleePkgName: com.google.android.gms, action: android.accounts.AccountAuthenticator
05-04 15:38:16.255  3256  3586 D ActivityManager: retrieveServiceLocked(): component = com.google.android.gms/com.google.android.gms.auth.GoogleAccountAuthenticatorService; callingUser = 0; userId(target) = 0
05-04 15:38:16.425  3256  6922 D ActivityManager: startService callerProcessName:com.google.android.gm, calleePkgName: com.google.android.gm
05-04 15:38:16.425  3256  6922 D ActivityManager: retrieveServiceLocked(): component = com.google.android.gm/com.android.mail.widget.BaseGmailWidgetProviderService; callingUser = 0; userId(target) = 0
05-04 15:38:16.460  3256  3524 D ActivityManager: retrieveServiceLocked(): component = null; callingUser = 0; userId(target) = 0
05-04 15:38:16.465  3256  5292 D ActivityManager: startService callerProcessName:com.google.android.gms, calleePkgName: com.google.android.gms
05-04 15:38:16.465  3256  5292 D ActivityManager: retrieveServiceLocked(): component = com.google.android.gms/com.google.android.gms.icing.service.IndexWorkerService; callingUser = 0; userId(target) = 0
05-04 15:38:16.495  3256  3268 D ActivityManager: retrieveServiceLocked(): component = null; callingUser = 0; userId(target) = 0
05-04 15:38:16.510  3256  7218 D ActivityManager: retrieveServiceLocked(): component = null; callingUser = 0; userId(target) = 0
05-04 15:38:16.540  3256  6937 D ActivityManager: retrieveServiceLocked(): component = null; callingUser = 0; userId(target) = 0
05-04 15:38:16.545  3256  3268 D ActivityManager: bindService callerProcessName:android, calleePkgName: com.google.android.gms, action: android.accounts.AccountAuthenticator
05-04 15:38:16.545  3256  3268 D ActivityManager: retrieveServiceLocked(): component = com.google.android.gms/com.google.android.gms.auth.GoogleAccountAuthenticatorService; callingUser = 0; userId(target) = 0
05-04 15:38:17.625  3256  3269 D ActivityManager: retrieveServiceLocked(): component = com.google.android.gms/com.google.android.gms.icing.service.IndexWorkerService; callingUser = 0; userId(target) = 0
05-04 15:38:20.565  3256  3739 D ActivityManager: startService callerProcessName:com.google.android.gm, calleePkgName: com.google.android.gm
05-04 15:38:20.565  3256  3739 D ActivityManager: retrieveServiceLocked(): component = com.google.android.gm/com.android.mail.widget.BaseGmailWidgetProviderService; callingUser = 0; userId(target) = 0
05-04 15:38:22.990  3256  3723 D BatteryService: !@BatteryListener : batteryPropertiesChanged!
05-04 15:38:22.990  3256  3723 D BatteryService: level:87, scale:100, status:3, health:2, present:true, voltage: 4070, temperature: 388, technology: Li-ion, AC powered:false, USB powered:true, POGO powered:false, Wireless powered:false, icon:17303382, invalid charger:0
05-04 15:38:22.990  3256  3723 D BatteryService: online:4, current avg:-612, charge type:2, power sharing:false, high voltage charger:false, capacity:280000, current_now:-613
05-04 15:38:22.990  3256  3256 D BatteryService: Sending ACTION_BATTERY_CHANGED.
05-04 15:38:22.995  3672  3672 V EmergencyMode: [EmergencyStateReceiver] onReceive : android.intent.action.BATTERY_CHANGED
05-04 15:38:22.995  3672  3672 V EmergencyMode: [EmergencyStateReceiver] ACTION_BATTERY_CHANGED mBatteryLevelForLogging = 87
05-04 15:38:23.000  3421  3421 D BatteryMeterView: ACTION_BATTERY_CHANGED : level:87 status:3 health:2
05-04 15:38:23.000  3421  3421 D BatteryMeterView: ACTION_BATTERY_CHANGED : level:87 status:3 health:2
05-04 15:38:23.000  3421  3421 D BatteryMeterView: ACTION_BATTERY_CHANGED : level:87 status:3 health:2
05-04 15:38:25.105  3256  5014 D SSRM:n  : SIOP:: AP = 500, PST = 448 (W:12), CUR = -612, LCD = 147
05-04 15:38:27.235  3256  6922 D CustomFrequencyManagerService: acquireDVFSLockLocked : type : DVFS_MIN_LIMIT  frequency : 1800000  uid : 1000  pid : 3256  pkgName : ACTIVITY_RESUME_BOOSTER@2
05-04 15:38:27.235  3256  6922 W ActivityManager: mDVFSHelper.acquire()
05-04 15:38:27.240  3256  6922 D MultiWindowConverter: dismissGuide() : Before attaching the guide view, mForceDismissGuide : false
05-04 15:38:27.280  3256  7218 W ActivityManager: Permission Denial: getCurrentUser() from pid=17438, uid=10360 requires android.permission.INTERACT_ACROSS_USERS
05-04 15:38:27.285  3256  5292 D ActivityManager: startService callerProcessName:com.icrealtime.allie, calleePkgName: com.icrealtime.allie
05-04 15:38:27.285  3256  5292 D ActivityManager: retrieveServiceLocked(): component = com.icrealtime.allie/com.icrealtime.allie.service.BackgroundService; callingUser = 0; userId(target) = 0
05-04 15:38:27.300  3256  3269 D ActivityManager: bindService callerProcessName:com.icrealtime.allie, calleePkgName: com.icrealtime.allie, action: null
05-04 15:38:27.300  3256  3269 D ActivityManager: retrieveServiceLocked(): component = com.icrealtime.allie/com.icrealtime.allie.service.BackgroundService; callingUser = 0; userId(target) = 0
05-04 15:38:27.300  3256  3256 D PersonaManagerService: getPersonasForUser(): returning null!
05-04 15:38:27.310  3256  3585 D MultiWindowConverter: dismissGuide() : Before attaching the guide view, mForceDismissGuide : false
05-04 15:38:27.310  3256  3291 D StatusBarManagerService: manageDisableList userId=0 what=0x0 pkg=WindowManager.LayoutParams
05-04 15:38:27.345  3256  3269 I MultiPhoneWindowManager: Changed -> mCurrentInputMethodTarget : Window{3e9a1216 u0 com.icrealtime.allie/com.icrealtime.allie.ui.activities.AuthActivity}
05-04 15:38:27.345  3256 17729 W ContextImpl: Calling a method in the system process without a qualified user: android.app.ContextImpl.sendBroadcast:1698 com.android.server.InputMethodManagerService$6.run:2786 java.lang.Thread.run:818 <bottom of call stack> <bottom of call stack> 
05-04 15:38:27.625  3256  3293 D CustomFrequencyManagerService: releaseDVFSLockLocked : Getting Lock type frm List : DVFS_MIN_LIMIT  frequency : 1800000  uid : 1000  pid : 3256  tag : ACTIVITY_RESUME_BOOSTER@2
05-04 15:38:27.625  3256  3293 W ActivityManager: mDVFSHelper.release()
05-04 15:38:27.645  3256  3287 D CustomFrequencyManagerService: acquireDVFSLockLocked : type : DVFS_MIN_LIMIT  frequency : 1800000  uid : 1000  pid : 3256  pkgName : ACTIVITY_RESUME_BOOSTER@6
05-04 15:38:27.645 17438 17438 V ActivityThread: updateVisibility : ActivityRecord{36a2121e token=android.os.BinderProxy@34391f4c {com.icrealtime.allie/com.icrealtime.allie.ui.activities.AfterSplashActivity}} show : false
05-04 15:38:27.945  3256  3256 D CustomFrequencyManagerService: releaseDVFSLockLocked : Getting Lock type frm List : DVFS_MIN_LIMIT  frequency : 1800000  uid : 1000  pid : 3256  tag : ACTIVITY_RESUME_BOOSTER@6
05-04 15:38:29.030  3256  6911 D ActivityManager: bindService callerProcessName:android, calleePkgName: com.sec.android.inputmethod, action: android.view.InputMethod
05-04 15:38:29.030  3256  6911 D ActivityManager: retrieveServiceLocked(): component = com.sec.android.inputmethod/com.sec.android.inputmethod.SamsungKeypad; callingUser = 0; userId(target) = 0
05-04 15:38:29.035  3256  3526 V VibratorService: hasVibrator - useVibetonz: false
05-04 15:38:29.035  3256  3739 D CustomFrequencyManagerService: acquireDVFSLockLocked : type : DVFS_MIN_LIMIT  frequency : 1700000  uid : 1000  pid : 3256  pkgName : com.sec.android.inputmethod@1
05-04 15:38:29.090  4053  4053 W ContextImpl: Calling a method in the system process without a qualified user: android.app.ContextImpl.sendBroadcast:1698 android.content.ContextWrapper.sendBroadcast:391 com.ime.framework.common.InputManagerImpl.sendBroadcaseSIPShown:9947 com.ime.framework.common.InputManagerImpl.startInputView:3692 com.sec.android.inputmethod.SamsungKeypad.onStartInputView:445 
05-04 15:38:29.090  4053  4053 W ContextImpl: Calling a method in the system process without a qualified user: android.app.ContextImpl.sendBroadcast:1698 android.content.ContextWrapper.sendBroadcast:391 android.inputmethodservice.InputMethodService.sendInputViewShownState:424 android.inputmethodservice.InputMethodService.showWindow:2021 android.inputmethodservice.InputMethodService$InputMethodImpl.showSoftInput:648 
05-04 15:38:29.095  4053 17733 W ContextImpl: Calling a method in the system process without a qualified user: android.app.ContextImpl.sendBroadcast:1698 android.content.ContextWrapper.sendBroadcast:391 android.inputmethodservice.InputMethodService$4.run:3277 java.lang.Thread.run:818 <bottom of call stack> 
05-04 15:38:29.095  3256  5014 D SSRM:a  : DeviceInfo:: 000000000000
05-04 15:38:29.095  3256  5014 D SSRM:a  : SettingsAirViewInfo:: 000000000
05-04 15:38:29.100  3256  3256 I ValidateNoPeople: skipping global notification
05-04 15:38:29.100  3256  3256 W NotificationService: Pray mode not found android.content.pm.PackageManager$NameNotFoundException: Application package com.sec.android.settings.praymodewidget not found
05-04 15:38:29.435  3256  5293 D CustomFrequencyManagerService: releaseDVFSLockLocked : Getting Lock type frm List : DVFS_MIN_LIMIT  frequency : 1700000  uid : 1000  pid : 3256  tag : com.sec.android.inputmethod@1
05-04 15:38:32.125  3256  3328 D PowerManagerService: [api] userActivityFromNative : 1990 (event: 2 flags: 0) eventTime = 13200831
05-04 15:38:32.130  3256  3269 V VibratorService: hasVibrator - useVibetonz: false
05-04 15:38:32.130  4053  4053 W ContextImpl: Calling a method in the system process without a qualified user: android.app.ContextImpl.sendBroadcast:1698 android.content.ContextWrapper.sendBroadcast:391 android.inputmethodservice.InputMethodService.sendInputViewShownState:424 android.inputmethodservice.InputMethodService.showWindow:2021 android.inputmethodservice.InputMethodService$InputMethodImpl.showSoftInput:648 
05-04 15:38:32.130  3256  5014 D SSRM:a  : DeviceInfo:: 000000000000
05-04 15:38:32.130  3256  5014 D SSRM:a  : SettingsAirViewInfo:: 000000000
05-04 15:38:32.130  4053 17735 W ContextImpl: Calling a method in the system process without a qualified user: android.app.ContextImpl.sendBroadcast:1698 android.content.ContextWrapper.sendBroadcast:391 android.inputmethodservice.InputMethodService$4.run:3277 java.lang.Thread.run:818 <bottom of call stack> 
05-04 15:38:32.140  3256  3256 I ValidateNoPeople: skipping global notification
05-04 15:38:32.140  3256  3256 W NotificationService: Pray mode not found android.content.pm.PackageManager$NameNotFoundException: Application package com.sec.android.settings.praymodewidget not found
05-04 15:38:33.005  3256  3269 D BatteryService: !@BatteryListener : batteryPropertiesChanged!
05-04 15:38:33.005  3256  3269 D BatteryService: level:87, scale:100, status:3, health:2, present:true, voltage: 4148, temperature: 384, technology: Li-ion, AC powered:false, USB powered:true, POGO powered:false, Wireless powered:false, icon:17303382, invalid charger:0
05-04 15:38:33.010  3256  3269 D BatteryService: online:4, current avg:66, charge type:2, power sharing:false, high voltage charger:false, capacity:280000, current_now:66
05-04 15:38:33.010  3256  3256 D BatteryService: Sending ACTION_BATTERY_CHANGED.
05-04 15:38:33.015  3672  3672 V EmergencyMode: [EmergencyStateReceiver] onReceive : android.intent.action.BATTERY_CHANGED
05-04 15:38:33.015  3672  3672 V EmergencyMode: [EmergencyStateReceiver] ACTION_BATTERY_CHANGED mBatteryLevelForLogging = 87
05-04 15:38:33.035  3421  3421 D BatteryMeterView: ACTION_BATTERY_CHANGED : level:87 status:3 health:2
05-04 15:38:33.035  3421  3421 D BatteryMeterView: ACTION_BATTERY_CHANGED : level:87 status:3 health:2
05-04 15:38:33.035  3421  3421 D BatteryMeterView: ACTION_BATTERY_CHANGED : level:87 status:3 health:2
05-04 15:38:35.115  3256  5014 D SSRM:n  : SIOP:: AP = 480, PST = 462 (W:16), CUR = 66, LCD = 147
05-04 15:38:37.390  4053  4053 W ContextImpl: Calling a method in the system process without a qualified user: android.app.ContextImpl.sendBroadcast:1698 android.content.ContextWrapper.sendBroadcast:391 com.ime.framework.common.InputManagerImpl.sendBroadcaseSIPShown:9947 com.ime.framework.common.InputManagerImpl.startInputView:3692 com.sec.android.inputmethod.SamsungKeypad.onStartInputView:445 
05-04 15:38:37.390  4053  4053 W ContextImpl: Calling a method in the system process without a qualified user: android.app.ContextImpl.sendBroadcast:1698 android.content.ContextWrapper.sendBroadcast:391 android.inputmethodservice.InputMethodService.sendInputViewShownState:424 android.inputmethodservice.InputMethodService.showWindow:2021 android.inputmethodservice.InputMethodService$InputMethodImpl.showSoftInput:648 
05-04 15:38:37.395  4053 17741 W ContextImpl: Calling a method in the system process without a qualified user: android.app.ContextImpl.sendBroadcast:1698 android.content.ContextWrapper.sendBroadcast:391 android.inputmethodservice.InputMethodService$4.run:3277 java.lang.Thread.run:818 <bottom of call stack> 
05-04 15:38:37.400  3256  5014 D SSRM:a  : DeviceInfo:: 000000000000
05-04 15:38:37.400  3256  5014 D SSRM:a  : SettingsAirViewInfo:: 000000000
05-04 15:38:37.405  3256  3256 I ValidateNoPeople: skipping global notification
05-04 15:38:37.405  4053  4053 W ContextImpl: Calling a method in the system process without a qualified user: android.app.ContextImpl.sendBroadcast:1698 android.content.ContextWrapper.sendBroadcast:391 android.inputmethodservice.InputMethodService.sendInputViewShownState:424 android.inputmethodservice.InputMethodService.showWindow:2021 android.inputmethodservice.InputMethodService$InputMethodImpl.showSoftInput:648 
05-04 15:38:37.405  4053 17743 W ContextImpl: Calling a method in the system process without a qualified user: android.app.ContextImpl.sendBroadcast:1698 android.content.ContextWrapper.sendBroadcast:391 android.inputmethodservice.InputMethodService$4.run:3277 java.lang.Thread.run:818 <bottom of call stack> 
05-04 15:38:37.405  3256  3256 W NotificationService: Pray mode not found android.content.pm.PackageManager$NameNotFoundException: Application package com.sec.android.settings.praymodewidget not found
05-04 15:38:37.405  3256  5014 D SSRM:a  : DeviceInfo:: 000000000000
05-04 15:38:37.405  3256  5014 D SSRM:a  : SettingsAirViewInfo:: 000000000
05-04 15:38:37.415  3256  3256 I ValidateNoPeople: skipping global notification
05-04 15:38:37.420  3256  3256 W NotificationService: Pray mode not found android.content.pm.PackageManager$NameNotFoundException: Application package com.sec.android.settings.praymodewidget not found
05-04 15:38:40.295  3256  7218 V VibratorService: hasVibrator - useVibetonz: false
05-04 15:38:40.295  4053  4053 W ContextImpl: Calling a method in the system process without a qualified user: android.app.ContextImpl.sendBroadcast:1698 android.content.ContextWrapper.sendBroadcast:391 android.inputmethodservice.InputMethodService.sendInputViewShownState:424 android.inputmethodservice.InputMethodService.showWindow:2021 android.inputmethodservice.InputMethodService$InputMethodImpl.showSoftInput:648 
05-04 15:38:40.295  3256  5014 D SSRM:a  : DeviceInfo:: 000000000000
05-04 15:38:40.295  3256  5014 D SSRM:a  : SettingsAirViewInfo:: 000000000
05-04 15:38:40.295  4053 17744 W ContextImpl: Calling a method in the system process without a qualified user: android.app.ContextImpl.sendBroadcast:1698 android.content.ContextWrapper.sendBroadcast:391 android.inputmethodservice.InputMethodService$4.run:3277 java.lang.Thread.run:818 <bottom of call stack> 
05-04 15:38:40.305  3256  3256 I ValidateNoPeople: skipping global notification
05-04 15:38:40.305  3256  3256 W NotificationService: Pray mode not found android.content.pm.PackageManager$NameNotFoundException: Application package com.sec.android.settings.praymodewidget not found
05-04 15:38:42.095  3256  3328 D PowerManagerService: [api] userActivityFromNative : 2000 (event: 1 flags: 0) eventTime = 13210796
05-04 15:38:43.020  3256  3585 D BatteryService: !@BatteryListener : batteryPropertiesChanged!
05-04 15:38:43.020  3256  3585 D BatteryService: level:87, scale:100, status:3, health:2, present:true, voltage: 4164, temperature: 383, technology: Li-ion, AC powered:false, USB powered:true, POGO powered:false, Wireless powered:false, icon:17303382, invalid charger:0
05-04 15:38:43.020  3256  3585 D BatteryService: online:4, current avg:74, charge type:2, power sharing:false, high voltage charger:false, capacity:280000, current_now:74
05-04 15:38:43.020  3256  3256 D BatteryService: Sending ACTION_BATTERY_CHANGED.
05-04 15:38:43.035  3672  3672 V EmergencyMode: [EmergencyStateReceiver] onReceive : android.intent.action.BATTERY_CHANGED
05-04 15:38:43.035  3672  3672 V EmergencyMode: [EmergencyStateReceiver] ACTION_BATTERY_CHANGED mBatteryLevelForLogging = 87
05-04 15:38:43.045  3421  3421 D BatteryMeterView: ACTION_BATTERY_CHANGED : level:87 status:3 health:2
05-04 15:38:43.050  3421  3421 D BatteryMeterView: ACTION_BATTERY_CHANGED : level:87 status:3 health:2
05-04 15:38:43.050  3421  3421 D BatteryMeterView: ACTION_BATTERY_CHANGED : level:87 status:3 health:2
05-04 15:38:44.270  3256  3526 D MultiWindowConverter: dismissGuide() : Before attaching the guide view, mForceDismissGuide : false
05-04 15:38:44.270  3256  3291 D StatusBarManagerService: manageDisableList userId=0 what=0x0 pkg=WindowManager.LayoutParams
05-04 15:38:45.025  3256  3566 E Watchdog: !@Sync 440 [05-04 15:38:45.033]
05-04 15:38:45.120  3256  5014 D SSRM:n  : SIOP:: AP = 470, PST = 469 (W:16), CUR = 74, LCD = 147
05-04 15:38:45.900  3256  3327 V AlarmManager: waitForAlarm result :4
05-04 15:38:45.920  3256  3351 D MultiWindowConverter: dismissGuide() : Before attaching the guide view, mForceDismissGuide : false
05-04 15:38:45.920  3256  3291 D StatusBarManagerService: manageDisableList userId=0 what=0x0 pkg=WindowManager.LayoutParams
05-04 15:38:45.950  3256  5292 D CustomFrequencyManagerService: acquireDVFSLockLocked : type : DVFS_MIN_LIMIT  frequency : 1800000  uid : 1000  pid : 3256  pkgName : ACTIVITY_RESUME_BOOSTER@2
05-04 15:38:45.950  3256  5292 W ActivityManager: mDVFSHelper.acquire()
05-04 15:38:45.950  3256  5292 W ActivityManager: startActivity called from finishing ActivityRecord{3877bcec u0 com.icrealtime.allie/.ui.activities.AuthActivity t682 f}; forcing Intent.FLAG_ACTIVITY_NEW_TASK for: Intent { flg=0x4000000 cmp=com.icrealtime.allie/.ui.activities.MainActivity (has extras) }
05-04 15:38:45.955  3256  5292 D MultiWindowConverter: dismissGuide() : Before attaching the guide view, mForceDismissGuide : false
05-04 15:38:45.955  3256  5293 W InputMethodManagerService: Window already focused, ignoring focus gain of: com.android.internal.view.IInputMethodClient$Stub$Proxy@39d7e611 attribute=null, token = android.os.BinderProxy@23c0fb31
05-04 15:38:45.980  3256  6922 D PowerManagerService: [api] acquire WakeLock flags=0x2000000a tag=WindowManager uid=1000 pid=3256
05-04 15:38:45.985  3256  5293 W ActivityManager: Permission Denial: getCurrentUser() from pid=17438, uid=10360 requires android.permission.INTERACT_ACROSS_USERS
05-04 15:38:45.990  3256  3269 D ActivityManager: startService callerProcessName:com.icrealtime.allie, calleePkgName: com.icrealtime.allie
05-04 15:38:45.990  3256  3269 D ActivityManager: retrieveServiceLocked(): component = com.icrealtime.allie/com.icrealtime.allie.service.BackgroundService; callingUser = 0; userId(target) = 0
05-04 15:38:46.060  3256  7219 D ActivityManager: bindService callerProcessName:com.icrealtime.allie, calleePkgName: com.icrealtime.allie, action: null
05-04 15:38:46.060  3256  7219 D ActivityManager: retrieveServiceLocked(): component = com.icrealtime.allie/com.icrealtime.allie.service.BackgroundService; callingUser = 0; userId(target) = 0
05-04 15:38:46.075  3256  3256 D PersonaManagerService: getPersonasForUser(): returning null!
05-04 15:38:46.090  3256  5293 D MultiWindowConverter: dismissGuide() : Before attaching the guide view, mForceDismissGuide : false
05-04 15:38:46.090  3256  3291 D StatusBarManagerService: manageDisableList userId=0 what=0x0 pkg=WindowManager.LayoutParams
05-04 15:38:46.090  3256  3291 D StatusBarManagerService: manageDisableList userId=0 what=0x0 pkg=WindowManager.LayoutParams
05-04 15:38:46.130  3256 17751 W ContextImpl: Calling a method in the system process without a qualified user: android.app.ContextImpl.sendBroadcast:1698 com.android.server.InputMethodManagerService$6.run:2786 java.lang.Thread.run:818 <bottom of call stack> <bottom of call stack> 
05-04 15:38:46.130  3256  3524 I MultiPhoneWindowManager: Changed -> mCurrentInputMethodTarget : null
05-04 15:38:46.130  3256  3256 D LightsService: [api] [SvcLED] turnOff:: id = 4 (uid: 1000 pid: 3256) 
05-04 15:38:46.130  3256  3256 D LightsService: [SvcLED] setSvcLedStateLocked:: SvcLEDState : 0x0 -> 0x0 | SvcLED(id=4) set Off
05-04 15:38:46.130  3256  3307 D LightsService: [SvcLED] Lux failed to be updated in 0ms. -> handleForcedSvcLEDTasK
05-04 15:38:46.130  3256  3307 D LightsService: [SvcLED]  setSvcLedLightLocked :: Current SvcLED(id=3) maintains its priority right
05-04 15:38:46.130  4053  4053 W ContextImpl: Calling a method in the system process without a qualified user: android.app.ContextImpl.sendBroadcast:1698 android.content.ContextWrapper.sendBroadcast:391 android.inputmethodservice.InputMethodService.sendInputViewShownState:424 android.inputmethodservice.InputMethodService.hideWindow:2193 android.inputmethodservice.InputMethodService.doHideWindow:2171 
05-04 15:38:46.130  4053 17752 W ContextImpl: Calling a method in the system process without a qualified user: android.app.ContextImpl.sendBroadcast:1698 android.content.ContextWrapper.sendBroadcast:391 android.inputmethodservice.InputMethodService$4.run:3277 java.lang.Thread.run:818 <bottom of call stack> 
05-04 15:38:46.130  3256  5014 D SSRM:a  : DeviceInfo:: 000000000000
05-04 15:38:46.130  3256  5014 D SSRM:a  : SettingsAirViewInfo:: 000000000
05-04 15:38:46.440  3256  3293 D CustomFrequencyManagerService: releaseDVFSLockLocked : Getting Lock type frm List : DVFS_MIN_LIMIT  frequency : 1800000  uid : 1000  pid : 3256  tag : ACTIVITY_RESUME_BOOSTER@2
05-04 15:38:46.440  3256  3293 W ActivityManager: mDVFSHelper.release()
05-04 15:38:46.440  3256  3287 D CustomFrequencyManagerService: acquireDVFSLockLocked : type : DVFS_MIN_LIMIT  frequency : 1800000  uid : 1000  pid : 3256  pkgName : ACTIVITY_RESUME_BOOSTER@6
05-04 15:38:46.750  3256  3256 D CustomFrequencyManagerService: releaseDVFSLockLocked : Getting Lock type frm List : DVFS_MIN_LIMIT  frequency : 1800000  uid : 1000  pid : 3256  tag : ACTIVITY_RESUME_BOOSTER@6
05-04 15:38:47.945  3256  6937 D PowerManagerService: [api] [s] userActivity : event: 0 flags: 0 (uid: 1000 pid: 3256) eventTime = 13216654
05-04 15:38:47.950  3256  6937 D PowerManagerService: [api] release WakeLock flags=0x2000000a tag=WindowManager uid=1000 pid=3256 (0x0)
05-04 15:38:47.950  3256  6937 D PowerManagerService: [api] applyWakeLockFlagsOnReleaseLocked : userActivityNoUpdateLocked is called : SCREEN_BRIGHT_WAKE_LOCK        'WindowManager' ON_AFTER_RELEASE (uid=1000, pid=3256, ws=WorkSource{10360}) (elapsedTime=1966)
05-04 15:38:48.280  3256  3316 D TimaService: TIMA: TimaService scheduler is intialized. 
05-04 15:38:48.280  3256  3316 D TimaService: TIMA: checkEvent, operation: 50000 subject: 10000
05-04 15:38:48.280  3256  3315 D TimaService: TimaServiceHandler.handleMessage what =1
05-04 15:38:50.140  3256  3316 D TimaService: TIMA MEASUREMENT Result: TIMA_STATUS=0;MSG=Kernel Verification Success;
05-04 15:38:50.140  3256  3316 D TimaService: TIMA MEASUREMENT success status: TIMA_STATUS=0;MSG=Kernel Verification Success;
05-04 15:38:53.025  3256  3524 D BatteryService: !@BatteryListener : batteryPropertiesChanged!
05-04 15:38:53.025  3256  3524 D BatteryService: level:87, scale:100, status:3, health:2, present:true, voltage: 4144, temperature: 384, technology: Li-ion, AC powered:false, USB powered:true, POGO powered:false, Wireless powered:false, icon:17303382, invalid charger:0
05-04 15:38:53.025  3256  3524 D BatteryService: online:4, current avg:-10, charge type:2, power sharing:false, high voltage charger:false, capacity:280000, current_now:-11
05-04 15:38:53.025  3256  3256 D BatteryService: Sending ACTION_BATTERY_CHANGED.
05-04 15:38:53.030  3672  3672 V EmergencyMode: [EmergencyStateReceiver] onReceive : android.intent.action.BATTERY_CHANGED
