05-04 15:41:44.630  3256  3291 V WindowManager: rotationForOrientationLw(orient=-1, last=0); user=3 USER_ROTATION_LOCKED sensorRotation=-1 mLidState=-1 mDockMode=0 mHdmiPlugged=false
05-04 15:41:44.630  3256  3291 D SamsungWindowManager: setRotationLw() : rotation=3
05-04 15:41:44.630  3256  3291 D CustomFrequencyManagerService: acquireDVFSLockLocked : type : DVFS_MIN_LIMIT  frequency : 1900000  uid : 1000  pid : 3256  pkgName : ROTATION_BOOSTER@30
05-04 15:41:44.655  3256  3256 V ActivityManager: Display changed displayId=0
05-04 15:41:44.665  3256  3291 I ActivityManager: Config changes=480 {0 1.0 ?mcc?mnc en_US ldltr sw768dp w1024dp h743dp 320dpi xlrg land finger -keyb/v/h -nav/h s.14}
05-04 15:41:44.665  3256  3585 V WindowManager: rotationForOrientationLw(orient=-1, last=3); user=3 USER_ROTATION_LOCKED sensorRotation=-1 mLidState=-1 mDockMode=0 mHdmiPlugged=false
05-04 15:41:44.690  3421  3421 D Recents_AlternateRecentsComponent: reloadHeaderBarLayout is getting called
05-04 15:41:44.705  3421  3421 D Recents_TaskViewHeader: onFinishInflate
05-04 15:41:44.720  3256  3291 V WindowManager: rotationForOrientationLw(orient=-1, last=3); user=3 USER_ROTATION_LOCKED sensorRotation=-1 mLidState=-1 mDockMode=0 mHdmiPlugged=false
05-04 15:41:44.720  3256  3323 E SmartFaceService: onReceive: android.intent.action.CONFIGURATION_CHANGED
05-04 15:41:44.720  3256  3323 E SmartFaceService: mFolderCoverOpened: (true, true) -> true
05-04 15:41:44.735  3421  3421 D STATUSBAR-QSTileView: dynamicallyReduceTextSize: 148
05-04 15:41:44.735  3421  3421 D STATUSBAR-QSTileView: dynamicallyReduceTextSize: 148
05-04 15:41:44.735  3421  3421 D STATUSBAR-QSTileView: dynamicallyCutandReduceTextSize: 148
05-04 15:41:44.735  3421  3421 D STATUSBAR-QSTileView: text: Sound
05-04 15:41:44.735  3421  3421 D STATUSBAR-QSTileView: dynamicallyReduceTextSize: 148
05-04 15:41:44.735  3421  3421 D STATUSBAR-QSTileView: dynamicallyReduceTextSize: 148
05-04 15:41:44.735  3421  3421 D STATUSBAR-QSTileView: dynamicallyReduceTextSize: 148
05-04 15:41:44.735  3421  3421 D STATUSBAR-QSTileView: dynamicallyReduceTextSize: 148
05-04 15:41:44.735  3421  3421 D STATUSBAR-QSTileView: dynamicallyReduceTextSize: 148
05-04 15:41:44.735  3421  3421 D STATUSBAR-QSTileView: dynamicallyReduceTextSize: 148
05-04 15:41:44.735  3421  3421 D STATUSBAR-QSTileView: dynamicallyReduceTextSize: 148
05-04 15:41:44.735  3421  3421 D STATUSBAR-QSTileView: dynamicallyReduceTextSize: 148
05-04 15:41:44.735  3421  3421 D STATUSBAR-QSTileView: dynamicallyReduceTextSize: 148
05-04 15:41:44.735  3421  3421 D STATUSBAR-QSTileView: dynamicallyReduceTextSize: 148
05-04 15:41:44.735  3421  3421 D STATUSBAR-QSTileView: dynamicallyReduceTextSize: 148
05-04 15:41:44.735  3421  3929 D BluetoothTile:  handleUpdatestate:false name:null
05-04 15:41:45.035  3256  3566 E Watchdog: !@Sync 446 [05-04 15:41:45.039]
05-04 15:41:45.045  3421  3421 D STATUSBAR-QSTileView: dynamicallyReduceTextSize: 148
05-04 15:41:45.045  3421  3421 D STATUSBAR-QSTileView: dynamicallyReduceTextSize: 148
05-04 15:41:45.045  3421  3421 D STATUSBAR-QSTileView: dynamicallyCutandReduceTextSize: 148
05-04 15:41:45.045  3421  3421 D STATUSBAR-QSTileView: text: Sound
05-04 15:41:45.045  3421  3421 D STATUSBAR-QSTileView: dynamicallyReduceTextSize: 148
05-04 15:41:45.045  3421  3421 D STATUSBAR-QSTileView: dynamicallyReduceTextSize: 148
05-04 15:41:45.045  3421  3421 D STATUSBAR-QSTileView: dynamicallyReduceTextSize: 148
05-04 15:41:45.045  3421  3421 D STATUSBAR-QSTileView: dynamicallyReduceTextSize: 148
05-04 15:41:45.045  3421  3421 D STATUSBAR-QSTileView: dynamicallyReduceTextSize: 148
05-04 15:41:45.045  3421  3421 D STATUSBAR-QSTileView: dynamicallyReduceTextSize: 148
05-04 15:41:45.045  3421  3421 D STATUSBAR-QSTileView: dynamicallyReduceTextSize: 148
05-04 15:41:45.045  3421  3421 D STATUSBAR-QSTileView: dynamicallyReduceTextSize: 148
05-04 15:41:45.045  3421  3421 D STATUSBAR-QSTileView: dynamicallyReduceTextSize: 148
05-04 15:41:45.045  3421  3421 D STATUSBAR-QSTileView: dynamicallyReduceTextSize: 148
05-04 15:41:45.045  3421  3421 D STATUSBAR-QSTileView: dynamicallyReduceTextSize: 148
05-04 15:41:45.060  3421  3421 D STATUSBAR-QSTileView: dynamicallyReduceTextSize: 0
05-04 15:41:45.060  3421  3421 D STATUSBAR-QSTileView: dynamicallyReduceTextSize: 0
05-04 15:41:45.065  3421  3421 D STATUSBAR-QSTileView: dynamicallyReduceTextSize: 0
05-04 15:41:45.065  3421  3421 D STATUSBAR-QSTileView: dynamicallyReduceTextSize: 0
05-04 15:41:45.070  3421  3421 D STATUSBAR-QSTileView: dynamicallyReduceTextSize: 0
05-04 15:41:45.070  3421  3421 D STATUSBAR-QSTileView: dynamicallyReduceTextSize: 0
05-04 15:41:45.070  3421  3421 D STATUSBAR-QSTileView: dynamicallyReduceTextSize: 0
05-04 15:41:45.075  3421  3421 D STATUSBAR-QSTileView: dynamicallyReduceTextSize: 0
05-04 15:41:45.075  3421  3421 D STATUSBAR-QSTileView: dynamicallyReduceTextSize: 0
05-04 15:41:45.075  3421  3421 D STATUSBAR-QSTileView: dynamicallyReduceTextSize: 0
05-04 15:41:45.080  3421  3421 D STATUSBAR-QSTileView: dynamicallyReduceTextSize: 0
05-04 15:41:45.080  3421  3421 D STATUSBAR-QSTileView: dynamicallyReduceTextSize: 0
05-04 15:41:45.085  3421  3421 D STATUSBAR-QSTileView: dynamicallyReduceTextSize: 0
05-04 15:41:45.090  3421  3421 D STATUSBAR-QSTileView: dynamicallyReduceTextSize: 0
05-04 15:41:45.180  3256  3293 I WindowManager: Screen frozen for +545ms due to Window{36c5fbb2 u0 StatusBar}
05-04 15:41:45.305  3256  5014 D SSRM:n  : SIOP:: AP = 520, PST = 465 (W:10), CUR = -526, LCD = 147
05-04 15:41:45.620  3256  3293 V WindowManager: rotationForOrientationLw(orient=-1, last=3); user=3 USER_ROTATION_LOCKED sensorRotation=-1 mLidState=-1 mDockMode=0 mHdmiPlugged=false
05-04 15:41:46.630  3256  3256 D CustomFrequencyManagerService: releaseDVFSLockLocked : Getting Lock type frm List : DVFS_MIN_LIMIT  frequency : 1900000  uid : 1000  pid : 3256  tag : ROTATION_BOOSTER@30
05-04 15:41:47.405  3256  3353 V NetworkStats: performPollLocked(flags=0x1)
05-04 15:41:47.430  3256  3353 V NetworkStats: performPollLocked() took 25ms
05-04 15:41:50.530  3256  3353 V NetworkStats: performPollLocked(flags=0x1)
05-04 15:41:50.535  3256  3291 V WindowManager: rotationForOrientationLw(orient=-1, last=3); user=0 USER_ROTATION_LOCKED sensorRotation=-1 mLidState=-1 mDockMode=0 mHdmiPlugged=false
05-04 15:41:50.535  3256  3291 D SamsungWindowManager: setRotationLw() : rotation=0
05-04 15:41:50.535  3256  3291 D CustomFrequencyManagerService: acquireDVFSLockLocked : type : DVFS_MIN_LIMIT  frequency : 1900000  uid : 1000  pid : 3256  pkgName : ROTATION_BOOSTER@30
05-04 15:41:50.555  3256  3353 V NetworkStats: performPollLocked() took 25ms
05-04 15:41:50.565  3256  3256 V ActivityManager: Display changed displayId=0
05-04 15:41:50.575  3256  7219 V WindowManager: rotationForOrientationLw(orient=-1, last=0); user=0 USER_ROTATION_LOCKED sensorRotation=-1 mLidState=-1 mDockMode=0 mHdmiPlugged=false
05-04 15:41:50.580  3256  3291 I ActivityManager: Config changes=480 {0 1.0 ?mcc?mnc en_US ldltr sw768dp w768dp h999dp 320dpi xlrg port finger -keyb/v/h -nav/h s.15}
05-04 15:41:50.605  3421  3421 D Recents_AlternateRecentsComponent: reloadHeaderBarLayout is getting called
05-04 15:41:50.610  3421  3421 D Recents_TaskViewHeader: onFinishInflate
05-04 15:41:50.620  3256  3323 E SmartFaceService: onReceive: android.intent.action.CONFIGURATION_CHANGED
05-04 15:41:50.620  3256  3323 E SmartFaceService: mFolderCoverOpened: (true, true) -> true
05-04 15:41:50.620  3256  3291 V WindowManager: rotationForOrientationLw(orient=-1, last=0); user=0 USER_ROTATION_LOCKED sensorRotation=-1 mLidState=-1 mDockMode=0 mHdmiPlugged=false
05-04 15:41:50.620  3421  3421 D STATUSBAR-QSTileView: dynamicallyReduceTextSize: 148
05-04 15:41:50.625  3421  3421 D STATUSBAR-QSTileView: dynamicallyReduceTextSize: 148
05-04 15:41:50.625  3421  3421 D STATUSBAR-QSTileView: dynamicallyCutandReduceTextSize: 148
05-04 15:41:50.625  3421  3421 D STATUSBAR-QSTileView: text: Sound
05-04 15:41:50.625  3421  3421 D STATUSBAR-QSTileView: dynamicallyReduceTextSize: 148
05-04 15:41:50.625  3421  3421 D STATUSBAR-QSTileView: dynamicallyReduceTextSize: 148
05-04 15:41:50.625  3421  3421 D STATUSBAR-QSTileView: dynamicallyReduceTextSize: 148
05-04 15:41:50.625  3421  3421 D STATUSBAR-QSTileView: dynamicallyReduceTextSize: 148
05-04 15:41:50.625  3421  3421 D STATUSBAR-QSTileView: dynamicallyReduceTextSize: 148
05-04 15:41:50.625  3421  3421 D STATUSBAR-QSTileView: dynamicallyReduceTextSize: 148
05-04 15:41:50.625  3421  3421 D STATUSBAR-QSTileView: dynamicallyReduceTextSize: 148
05-04 15:41:50.625  3421  3421 D STATUSBAR-QSTileView: dynamicallyReduceTextSize: 148
05-04 15:41:50.625  3421  3421 D STATUSBAR-QSTileView: dynamicallyReduceTextSize: 148
05-04 15:41:50.625  3421  3421 D STATUSBAR-QSTileView: dynamicallyReduceTextSize: 148
05-04 15:41:50.625  3421  3421 D STATUSBAR-QSTileView: dynamicallyReduceTextSize: 148
05-04 15:41:50.625  3421  3929 D BluetoothTile:  handleUpdatestate:false name:null
05-04 15:41:50.865  3421  3421 D STATUSBAR-QSTileView: dynamicallyReduceTextSize: 148
05-04 15:41:50.870  3421  3421 D STATUSBAR-QSTileView: dynamicallyReduceTextSize: 148
05-04 15:41:50.870  3421  3421 D STATUSBAR-QSTileView: dynamicallyCutandReduceTextSize: 148
05-04 15:41:50.870  3421  3421 D STATUSBAR-QSTileView: text: Sound
05-04 15:41:50.870  3421  3421 D STATUSBAR-QSTileView: dynamicallyReduceTextSize: 148
05-04 15:41:50.870  3421  3421 D STATUSBAR-QSTileView: dynamicallyReduceTextSize: 148
05-04 15:41:50.870  3421  3421 D STATUSBAR-QSTileView: dynamicallyReduceTextSize: 148
05-04 15:41:50.870  3421  3421 D STATUSBAR-QSTileView: dynamicallyReduceTextSize: 148
05-04 15:41:50.870  3421  3421 D STATUSBAR-QSTileView: dynamicallyReduceTextSize: 148
05-04 15:41:50.870  3421  3421 D STATUSBAR-QSTileView: dynamicallyReduceTextSize: 148
05-04 15:41:50.870  3421  3421 D STATUSBAR-QSTileView: dynamicallyReduceTextSize: 148
05-04 15:41:50.870  3421  3421 D STATUSBAR-QSTileView: dynamicallyReduceTextSize: 148
05-04 15:41:50.870  3421  3421 D STATUSBAR-QSTileView: dynamicallyReduceTextSize: 148
05-04 15:41:50.870  3421  3421 D STATUSBAR-QSTileView: dynamicallyReduceTextSize: 148
05-04 15:41:50.870  3421  3421 D STATUSBAR-QSTileView: dynamicallyReduceTextSize: 148
05-04 15:41:50.875  3421  3421 D STATUSBAR-QSTileView: dynamicallyReduceTextSize: 0
05-04 15:41:50.875  3421  3421 D STATUSBAR-QSTileView: dynamicallyReduceTextSize: 0
05-04 15:41:50.875  3421  3421 D STATUSBAR-QSTileView: dynamicallyReduceTextSize: 0
05-04 15:41:50.880  3421  3421 D STATUSBAR-QSTileView: dynamicallyReduceTextSize: 0
05-04 15:41:50.885  3421  3421 D STATUSBAR-QSTileView: dynamicallyReduceTextSize: 0
05-04 15:41:50.885  3421  3421 D STATUSBAR-QSTileView: dynamicallyReduceTextSize: 0
05-04 15:41:50.885  3421  3421 D STATUSBAR-QSTileView: dynamicallyReduceTextSize: 0
05-04 15:41:50.890  3421  3421 D STATUSBAR-QSTileView: dynamicallyReduceTextSize: 0
05-04 15:41:50.890  3421  3421 D STATUSBAR-QSTileView: dynamicallyReduceTextSize: 0
05-04 15:41:50.890  3421  3421 D STATUSBAR-QSTileView: dynamicallyReduceTextSize: 0
05-04 15:41:50.895  3421  3421 D STATUSBAR-QSTileView: dynamicallyReduceTextSize: 0
05-04 15:41:50.895  3421  3421 D STATUSBAR-QSTileView: dynamicallyReduceTextSize: 0
05-04 15:41:50.895  3421  3421 D STATUSBAR-QSTileView: dynamicallyReduceTextSize: 0
05-04 15:41:50.900  3421  3421 D STATUSBAR-QSTileView: dynamicallyReduceTextSize: 0
05-04 15:41:50.970  3256  3293 I WindowManager: Screen frozen for +429ms due to Window{36c5fbb2 u0 StatusBar}
05-04 15:41:51.410  3256  3293 V WindowManager: rotationForOrientationLw(orient=-1, last=0); user=0 USER_ROTATION_LOCKED sensorRotation=-1 mLidState=-1 mDockMode=0 mHdmiPlugged=false
05-04 15:41:51.535  3256  3328 D PowerManagerService: [api] userActivityFromNative : 2060 (event: 2 flags: 0) eventTime = 13400243
05-04 15:41:52.475  3256  5293 I NotificationService: cancelToast pkg=com.icrealtime.allie callback=android.app.ITransientNotification$Stub$Proxy@1e6880d3
05-04 15:41:52.540  3256  3256 D CustomFrequencyManagerService: releaseDVFSLockLocked : Getting Lock type frm List : DVFS_MIN_LIMIT  frequency : 1900000  uid : 1000  pid : 3256  tag : ROTATION_BOOSTER@30
05-04 15:41:52.670  3256  3526 D CustomFrequencyManagerService: acquireDVFSLockLocked : type : DVFS_MIN_LIMIT  frequency : 1800000  uid : 1000  pid : 3256  pkgName : ACTIVITY_RESUME_BOOSTER@2
05-04 15:41:52.670  3256  3526 W ActivityManager: mDVFSHelper.acquire()
05-04 15:41:52.715  3256  3524 D ActivityManager: bindService callerProcessName:com.icrealtime.allie, calleePkgName: com.icrealtime.allie, action: null
05-04 15:41:52.715  3256  3524 D ActivityManager: retrieveServiceLocked(): component = com.icrealtime.allie/com.icrealtime.allie.service.BackgroundService; callingUser = 0; userId(target) = 0
05-04 15:41:52.725  3256  3256 D PersonaManagerService: getPersonasForUser(): returning null!
05-04 15:41:52.730  3256  5292 D MultiWindowConverter: dismissGuide() : Before attaching the guide view, mForceDismissGuide : false
05-04 15:41:52.730  3256  3291 D StatusBarManagerService: manageDisableList userId=0 what=0x0 pkg=WindowManager.LayoutParams
05-04 15:41:52.730  3256  3291 D StatusBarManagerService: manageDisableList userId=0 what=0x0 pkg=WindowManager.LayoutParams
05-04 15:41:52.770  3256 18227 W ContextImpl: Calling a method in the system process without a qualified user: android.app.ContextImpl.sendBroadcast:1698 com.android.server.InputMethodManagerService$6.run:2786 java.lang.Thread.run:818 <bottom of call stack> <bottom of call stack> 
05-04 15:41:53.060  3256  3293 D CustomFrequencyManagerService: releaseDVFSLockLocked : Getting Lock type frm List : DVFS_MIN_LIMIT  frequency : 1800000  uid : 1000  pid : 3256  tag : ACTIVITY_RESUME_BOOSTER@2
05-04 15:41:53.060  3256  3293 W ActivityManager: mDVFSHelper.release()
05-04 15:41:53.065  3256  3287 D CustomFrequencyManagerService: acquireDVFSLockLocked : type : DVFS_MIN_LIMIT  frequency : 1800000  uid : 1000  pid : 3256  pkgName : ACTIVITY_RESUME_BOOSTER@6
05-04 15:41:53.210  3256  5293 D BatteryService: !@BatteryListener : batteryPropertiesChanged!
05-04 15:41:53.210  3256  5293 D BatteryService: level:87, scale:100, status:3, health:2, present:true, voltage: 4062, temperature: 394, technology: Li-ion, AC powered:false, USB powered:true, POGO powered:false, Wireless powered:false, icon:17303382, invalid charger:0
05-04 15:41:53.210  3256  5293 D BatteryService: online:4, current avg:-2116, charge type:2, power sharing:false, high voltage charger:false, capacity:280000, current_now:-2117
05-04 15:41:53.210  3256  3256 D BatteryService: Sending ACTION_BATTERY_CHANGED.
05-04 15:41:53.210  3672  3672 V EmergencyMode: [EmergencyStateReceiver] onReceive : android.intent.action.BATTERY_CHANGED
05-04 15:41:53.210  3672  3672 V EmergencyMode: [EmergencyStateReceiver] ACTION_BATTERY_CHANGED mBatteryLevelForLogging = 87
05-04 15:41:53.230  3421  3421 D BatteryMeterView: ACTION_BATTERY_CHANGED : level:87 status:3 health:2
05-04 15:41:53.230  3421  3421 D BatteryMeterView: ACTION_BATTERY_CHANGED : level:87 status:3 health:2
05-04 15:41:53.230  3421  3421 D BatteryMeterView: ACTION_BATTERY_CHANGED : level:87 status:3 health:2
05-04 15:41:53.370  3256  3256 D CustomFrequencyManagerService: releaseDVFSLockLocked : Getting Lock type frm List : DVFS_MIN_LIMIT  frequency : 1800000  uid : 1000  pid : 3256  tag : ACTIVITY_RESUME_BOOSTER@6
05-04 15:41:54.020  3256  5293 I NotificationService: cancelToast pkg=com.icrealtime.allie callback=android.app.ITransientNotification$Stub$Proxy@1a28e241
05-04 15:41:54.060  3256  3585 D PowerManagerService: [api] [s] userActivity : event: 0 flags: 0 (uid: 1000 pid: 3256) eventTime = 13402769
05-04 15:41:54.065  3256  3585 D PowerManagerService: [api] release WakeLock flags=0x2000000a tag=WindowManager uid=1000 pid=3256 (0x0)
05-04 15:41:54.065  3256  3585 D PowerManagerService: [api] applyWakeLockFlagsOnReleaseLocked : userActivityNoUpdateLocked is called : SCREEN_BRIGHT_WAKE_LOCK        'WindowManager' ON_AFTER_RELEASE (uid=1000, pid=3256, ws=WorkSource{10360}) (elapsedTime=40981)
05-04 15:41:54.165  3256  5293 D CustomFrequencyManagerService: acquireDVFSLockLocked : type : DVFS_MIN_LIMIT  frequency : 1800000  uid : 1000  pid : 3256  pkgName : ACTIVITY_RESUME_BOOSTER@2
05-04 15:41:54.170  3256  5293 W ActivityManager: mDVFSHelper.acquire()
05-04 15:41:54.170  3256  5293 D MultiWindowConverter: dismissGuide() : Before attaching the guide view, mForceDismissGuide : false
05-04 15:41:54.195  3256  6911 W ActivityManager: Permission Denial: getCurrentUser() from pid=17438, uid=10360 requires android.permission.INTERACT_ACROSS_USERS
05-04 15:41:54.200  3256  3723 D ActivityManager: startService callerProcessName:com.icrealtime.allie, calleePkgName: com.icrealtime.allie
05-04 15:41:54.200  3256  3723 D ActivityManager: retrieveServiceLocked(): component = com.icrealtime.allie/com.icrealtime.allie.service.BackgroundService; callingUser = 0; userId(target) = 0
05-04 15:41:54.235  3256  6911 D ActivityManager: bindService callerProcessName:com.icrealtime.allie, calleePkgName: com.icrealtime.allie, action: null
05-04 15:41:54.235  3256  6911 D ActivityManager: retrieveServiceLocked(): component = com.icrealtime.allie/com.icrealtime.allie.service.BackgroundService; callingUser = 0; userId(target) = 0
05-04 15:41:54.240  3256  3256 D PersonaManagerService: getPersonasForUser(): returning null!
05-04 15:41:54.245  3256  7218 D MultiWindowConverter: dismissGuide() : Before attaching the guide view, mForceDismissGuide : false
05-04 15:41:54.245  3256  3291 D StatusBarManagerService: manageDisableList userId=0 what=0x0 pkg=WindowManager.LayoutParams
05-04 15:41:54.245  3256  3291 D StatusBarManagerService: manageDisableList userId=0 what=0x0 pkg=WindowManager.LayoutParams
05-04 15:41:54.310  3256  3293 D PowerManagerService: [api] acquire WakeLock flags=0x2000000a tag=WindowManager uid=1000 pid=3256
05-04 15:41:54.315  3256 18266 W ContextImpl: Calling a method in the system process without a qualified user: android.app.ContextImpl.sendBroadcast:1698 com.android.server.InputMethodManagerService$6.run:2786 java.lang.Thread.run:818 <bottom of call stack> <bottom of call stack> 
05-04 15:41:54.600  3256  3293 D CustomFrequencyManagerService: releaseDVFSLockLocked : Getting Lock type frm List : DVFS_MIN_LIMIT  frequency : 1800000  uid : 1000  pid : 3256  tag : ACTIVITY_RESUME_BOOSTER@2
05-04 15:41:54.600  3256  3293 W ActivityManager: mDVFSHelper.release()
05-04 15:41:54.615  3256  3287 D CustomFrequencyManagerService: acquireDVFSLockLocked : type : DVFS_MIN_LIMIT  frequency : 1800000  uid : 1000  pid : 3256  pkgName : ACTIVITY_RESUME_BOOSTER@6
05-04 15:41:54.620 17438 17438 V ActivityThread: updateVisibility : ActivityRecord{1e8afe3a token=android.os.BinderProxy@3304f2dd {com.icrealtime.allie/com.icrealtime.allie.ui.activities.MainActivity}} show : false
05-04 15:41:54.920  3256  3256 D CustomFrequencyManagerService: releaseDVFSLockLocked : Getting Lock type frm List : DVFS_MIN_LIMIT  frequency : 1800000  uid : 1000  pid : 3256  tag : ACTIVITY_RESUME_BOOSTER@6
05-04 15:41:55.320  3256  5014 D SSRM:n  : SIOP:: AP = 560, PST = 477 (W:10), CUR = -2116, LCD = 147
05-04 15:41:55.320  3256  5014 D U       : broadcastSiopLevelIntent:: currentSiopLevel = 1
05-04 15:41:59.995  3256  3327 V AlarmManager: waitForAlarm result :8
05-04 15:42:03.220  3256  3351 D BatteryService: !@BatteryListener : batteryPropertiesChanged!
05-04 15:42:03.220  3256  3351 D BatteryService: level:87, scale:100, status:3, health:2, present:true, voltage: 4070, temperature: 398, technology: Li-ion, AC powered:false, USB powered:true, POGO powered:false, Wireless powered:false, icon:17303382, invalid charger:0
05-04 15:42:03.220  3256  3351 D BatteryService: online:4, current avg:-1636, charge type:2, power sharing:false, high voltage charger:false, capacity:280000, current_now:-1636
05-04 15:42:03.220  3256  3256 D BatteryService: Sending ACTION_BATTERY_CHANGED.
05-04 15:42:03.230  3672  3672 V EmergencyMode: [EmergencyStateReceiver] onReceive : android.intent.action.BATTERY_CHANGED
05-04 15:42:03.230  3672  3672 V EmergencyMode: [EmergencyStateReceiver] ACTION_BATTERY_CHANGED mBatteryLevelForLogging = 87
05-04 15:42:03.245  3421  3421 D BatteryMeterView: ACTION_BATTERY_CHANGED : level:87 status:3 health:2
05-04 15:42:03.245  3421  3421 D BatteryMeterView: ACTION_BATTERY_CHANGED : level:87 status:3 health:2
05-04 15:42:03.245  3421  3421 D BatteryMeterView: ACTION_BATTERY_CHANGED : level:87 status:3 health:2
05-04 15:42:05.355  3256  5014 D SSRM:n  : SIOP:: AP = 550, PST = 488 (W:10), CUR = -1636, LCD = 147
05-04 15:42:06.970  3256  3723 D CustomFrequencyManagerService: acquireDVFSLockLocked : type : DVFS_MIN_LIMIT  frequency : 1800000  uid : 1000  pid : 3256  pkgName : ACTIVITY_RESUME_BOOSTER@2
05-04 15:42:06.970  3256  3723 W ActivityManager: mDVFSHelper.acquire()
05-04 15:42:06.975  3256  3723 D MultiWindowConverter: dismissGuide() : Before attaching the guide view, mForceDismissGuide : false
05-04 15:42:07.080  3256  3526 W ActivityManager: Permission Denial: getCurrentUser() from pid=17438, uid=10360 requires android.permission.INTERACT_ACROSS_USERS
05-04 15:42:07.135  3256  3256 D PersonaManagerService: getPersonasForUser(): returning null!
05-04 15:42:07.195  3256  6922 D MultiWindowConverter: dismissGuide() : Before attaching the guide view, mForceDismissGuide : false
05-04 15:42:07.195  3256  3291 D StatusBarManagerService: manageDisableList userId=0 what=0x0 pkg=WindowManager.LayoutParams
05-04 15:42:07.240  3256  3269 D ActivityManager: bindService callerProcessName:android, calleePkgName: com.sec.android.inputmethod, action: android.view.InputMethod
05-04 15:42:07.240  3256  3269 D ActivityManager: retrieveServiceLocked(): component = com.sec.android.inputmethod/com.sec.android.inputmethod.SamsungKeypad; callingUser = 0; userId(target) = 0
05-04 15:42:07.240  3256  3269 I MultiPhoneWindowManager: Changed -> mCurrentInputMethodTarget : Window{388372b u0 com.icrealtime.allie/com.icrealtime.allie.ui.activities.ShareActivity}
05-04 15:42:07.280  3256  3524 D CustomFrequencyManagerService: acquireDVFSLockLocked : type : DVFS_MIN_LIMIT  frequency : 1700000  uid : 1000  pid : 3256  pkgName : com.sec.android.inputmethod@1
05-04 15:42:07.405  4053  4053 W ContextImpl: Calling a method in the system process without a qualified user: android.app.ContextImpl.sendBroadcast:1698 android.content.ContextWrapper.sendBroadcast:391 com.ime.framework.common.InputManagerImpl.sendBroadcaseSIPShown:9947 com.ime.framework.common.InputManagerImpl.startInputView:3692 com.sec.android.inputmethod.SamsungKeypad.onStartInputView:445 
05-04 15:42:07.415  4053  4053 W ContextImpl: Calling a method in the system process without a qualified user: android.app.ContextImpl.sendBroadcast:1698 android.content.ContextWrapper.sendBroadcast:391 android.inputmethodservice.InputMethodService.sendInputViewShownState:424 android.inputmethodservice.InputMethodService.showWindow:2021 android.inputmethodservice.InputMethodService$InputMethodImpl.showSoftInput:648 
05-04 15:42:07.415  4053 18506 W ContextImpl: Calling a method in the system process without a qualified user: android.app.ContextImpl.sendBroadcast:1698 android.content.ContextWrapper.sendBroadcast:391 android.inputmethodservice.InputMethodService$4.run:3277 java.lang.Thread.run:818 <bottom of call stack> 
05-04 15:42:07.415  3256  5014 D SSRM:a  : DeviceInfo:: 000000000000
05-04 15:42:07.415  3256  5014 D SSRM:a  : SettingsAirViewInfo:: 000000000
05-04 15:42:07.435  3256  3256 I ValidateNoPeople: skipping global notification
05-04 15:42:07.435  3256  3256 W NotificationService: Pray mode not found android.content.pm.PackageManager$NameNotFoundException: Application package com.sec.android.settings.praymodewidget not found
05-04 15:42:07.515  3256  3293 D CustomFrequencyManagerService: releaseDVFSLockLocked : Getting Lock type frm List : DVFS_MIN_LIMIT  frequency : 1800000  uid : 1000  pid : 3256  tag : ACTIVITY_RESUME_BOOSTER@2
05-04 15:42:07.515  3256  3293 W ActivityManager: mDVFSHelper.release()
05-04 15:42:07.515  3256  3287 D CustomFrequencyManagerService: acquireDVFSLockLocked : type : DVFS_MIN_LIMIT  frequency : 1800000  uid : 1000  pid : 3256  pkgName : ACTIVITY_RESUME_BOOSTER@6
05-04 15:42:07.680  3256  3739 D CustomFrequencyManagerService: releaseDVFSLockLocked : Getting Lock type frm List : DVFS_MIN_LIMIT  frequency : 1700000  uid : 1000  pid : 3256  tag : com.sec.android.inputmethod@1
05-04 15:42:07.815  3256  3256 D CustomFrequencyManagerService: releaseDVFSLockLocked : Getting Lock type frm List : DVFS_MIN_LIMIT  frequency : 1800000  uid : 1000  pid : 3256  tag : ACTIVITY_RESUME_BOOSTER@6
05-04 15:42:09.355  4053  4053 W ContextImpl: Calling a method in the system process without a qualified user: android.app.ContextImpl.sendBroadcast:1698 android.content.ContextWrapper.sendBroadcast:391 android.inputmethodservice.InputMethodService.sendInputViewShownState:424 android.inputmethodservice.InputMethodService.showWindow:2021 android.inputmethodservice.InputMethodService$InputMethodImpl.showSoftInput:648 
05-04 15:42:09.360  4053 18518 W ContextImpl: Calling a method in the system process without a qualified user: android.app.ContextImpl.sendBroadcast:1698 android.content.ContextWrapper.sendBroadcast:391 android.inputmethodservice.InputMethodService$4.run:3277 java.lang.Thread.run:818 <bottom of call stack> 
05-04 15:42:09.360  3256  5014 D SSRM:a  : DeviceInfo:: 000000000000
05-04 15:42:09.360  3256  5014 D SSRM:a  : SettingsAirViewInfo:: 000000000
05-04 15:42:09.365  3256  3256 I ValidateNoPeople: skipping global notification
05-04 15:42:09.370  3256  3256 W NotificationService: Pray mode not found android.content.pm.PackageManager$NameNotFoundException: Application package com.sec.android.settings.praymodewidget not found
05-04 15:42:12.605  4053  4053 W ContextImpl: Calling a method in the system process without a qualified user: android.app.ContextImpl.sendBroadcast:1698 android.content.ContextWrapper.sendBroadcast:391 android.inputmethodservice.InputMethodService.sendInputViewShownState:424 android.inputmethodservice.InputMethodService.showWindow:2021 android.inputmethodservice.InputMethodService$InputMethodImpl.showSoftInput:648 
05-04 15:42:12.605  3256  5014 D SSRM:a  : DeviceInfo:: 000000000000
05-04 15:42:12.605  3256  5014 D SSRM:a  : SettingsAirViewInfo:: 000000000
05-04 15:42:12.610  4053 18520 W ContextImpl: Calling a method in the system process without a qualified user: android.app.ContextImpl.sendBroadcast:1698 android.content.ContextWrapper.sendBroadcast:391 android.inputmethodservice.InputMethodService$4.run:3277 java.lang.Thread.run:818 <bottom of call stack> 
05-04 15:42:12.615  3256  3256 I ValidateNoPeople: skipping global notification
05-04 15:42:12.615  3256  3256 W NotificationService: Pray mode not found android.content.pm.PackageManager$NameNotFoundException: Application package com.sec.android.settings.praymodewidget not found
05-04 15:42:13.235  3256  6937 D BatteryService: !@BatteryListener : batteryPropertiesChanged!
05-04 15:42:13.235  3256  6937 D BatteryService: level:87, scale:100, status:3, health:2, present:true, voltage: 4132, temperature: 395, technology: Li-ion, AC powered:false, USB powered:true, POGO powered:false, Wireless powered:false, icon:17303382, invalid charger:0
05-04 15:42:13.235  3256  6937 D BatteryService: online:4, current avg:2, charge type:2, power sharing:false, high voltage charger:false, capacity:280000, current_now:3
05-04 15:42:13.235  3256  3256 D BatteryService: Sending ACTION_BATTERY_CHANGED.
05-04 15:42:13.245  3672  3672 V EmergencyMode: [EmergencyStateReceiver] onReceive : android.intent.action.BATTERY_CHANGED
05-04 15:42:13.245  3672  3672 V EmergencyMode: [EmergencyStateReceiver] ACTION_BATTERY_CHANGED mBatteryLevelForLogging = 87
05-04 15:42:13.275  3421  3421 D BatteryMeterView: ACTION_BATTERY_CHANGED : level:87 status:3 health:2
05-04 15:42:13.275  3421  3421 D BatteryMeterView: ACTION_BATTERY_CHANGED : level:87 status:3 health:2
05-04 15:42:13.275  3421  3421 D BatteryMeterView: ACTION_BATTERY_CHANGED : level:87 status:3 health:2
05-04 15:42:14.935  3256  3585 D ActivityManager: bindService callerProcessName:android, calleePkgName: com.sec.android.inputmethod, action: android.service.textservice.SpellCheckerService
05-04 15:42:14.935  3256  3585 D ActivityManager: retrieveServiceLocked(): component = com.sec.android.inputmethod/com.ime.framework.spellcheckservice.SamsungIMESpellCheckerService; callingUser = 0; userId(target) = 0
05-04 15:42:15.035  3256  3566 E Watchdog: !@Sync 447 [05-04 15:42:15.040]
05-04 15:42:15.345  3256  3328 D PowerManagerService: [api] userActivityFromNative : 2070 (event: 1 flags: 0) eventTime = 13424051
05-04 15:42:15.375  3256  5014 D SSRM:n  : SIOP:: AP = 520, PST = 496 (W:16), CUR = 2, LCD = 147
05-04 15:42:15.375  3256  5014 D U       : broadcastSiopLevelIntent:: currentSiopLevel = 2
05-04 15:42:17.705  3256  3268 V VibratorService: hasVibrator - useVibetonz: false
05-04 15:42:17.815  4053  4053 W ContextImpl: Calling a method in the system process without a qualified user: android.app.ContextImpl.sendBroadcast:1698 android.content.ContextWrapper.sendBroadcast:391 com.ime.framework.common.InputManagerImpl.sendBroadcaseSIPShown:9947 com.ime.framework.common.InputManagerImpl.startInputView:3692 com.sec.android.inputmethod.SamsungKeypad.onStartInputView:445 
05-04 15:42:17.820  4053  4053 W ContextImpl: Calling a method in the system process without a qualified user: android.app.ContextImpl.sendBroadcast:1698 android.content.ContextWrapper.sendBroadcast:391 android.inputmethodservice.InputMethodService.sendInputViewShownState:424 android.inputmethodservice.InputMethodService.showWindow:2021 android.inputmethodservice.InputMethodService$InputMethodImpl.showSoftInput:648 
05-04 15:42:17.825  3256  5014 D SSRM:a  : DeviceInfo:: 000000000000
05-04 15:42:17.825  3256  5014 D SSRM:a  : SettingsAirViewInfo:: 000000000
05-04 15:42:17.825  4053 18529 W ContextImpl: Calling a method in the system process without a qualified user: android.app.ContextImpl.sendBroadcast:1698 android.content.ContextWrapper.sendBroadcast:391 android.inputmethodservice.InputMethodService$4.run:3277 java.lang.Thread.run:818 <bottom of call stack> 
05-04 15:42:17.835  3256  3256 I ValidateNoPeople: skipping global notification
05-04 15:42:17.835  4053  4053 W ContextImpl: Calling a method in the system process without a qualified user: android.app.ContextImpl.sendBroadcast:1698 android.content.ContextWrapper.sendBroadcast:391 android.inputmethodservice.InputMethodService.sendInputViewShownState:424 android.inputmethodservice.InputMethodService.showWindow:2021 android.inputmethodservice.InputMethodService$InputMethodImpl.showSoftInput:648 
05-04 15:42:17.840  3256  3256 W NotificationService: Pray mode not found android.content.pm.PackageManager$NameNotFoundException: Application package com.sec.android.settings.praymodewidget not found
05-04 15:42:17.840  4053 18531 W ContextImpl: Calling a method in the system process without a qualified user: android.app.ContextImpl.sendBroadcast:1698 android.content.ContextWrapper.sendBroadcast:391 android.inputmethodservice.InputMethodService$4.run:3277 java.lang.Thread.run:818 <bottom of call stack> 
05-04 15:42:17.845  3256  5014 D SSRM:a  : DeviceInfo:: 000000000000
05-04 15:42:17.845  3256  5014 D SSRM:a  : SettingsAirViewInfo:: 000000000
05-04 15:42:17.850  3256  3256 I ValidateNoPeople: skipping global notification
05-04 15:42:17.855  3256  3256 W NotificationService: Pray mode not found android.content.pm.PackageManager$NameNotFoundException: Application package com.sec.android.settings.praymodewidget not found
05-04 15:42:20.955  3256  5293 V VibratorService: hasVibrator - useVibetonz: false
05-04 15:42:20.955  4053  4053 W ContextImpl: Calling a method in the system process without a qualified user: android.app.ContextImpl.sendBroadcast:1698 android.content.ContextWrapper.sendBroadcast:391 android.inputmethodservice.InputMethodService.sendInputViewShownState:424 android.inputmethodservice.InputMethodService.showWindow:2021 android.inputmethodservice.InputMethodService$InputMethodImpl.showSoftInput:648 
05-04 15:42:20.960  3256  5014 D SSRM:a  : DeviceInfo:: 000000000000
05-04 15:42:20.960  3256  5014 D SSRM:a  : SettingsAirViewInfo:: 000000000
05-04 15:42:20.960  4053 18532 W ContextImpl: Calling a method in the system process without a qualified user: android.app.ContextImpl.sendBroadcast:1698 android.content.ContextWrapper.sendBroadcast:391 android.inputmethodservice.InputMethodService$4.run:3277 java.lang.Thread.run:818 <bottom of call stack> 
05-04 15:42:20.965  3256  3256 I ValidateNoPeople: skipping global notification
05-04 15:42:20.970  3256  3256 W NotificationService: Pray mode not found android.content.pm.PackageManager$NameNotFoundException: Application package com.sec.android.settings.praymodewidget not found
05-04 15:42:23.240  3256  3351 D BatteryService: !@BatteryListener : batteryPropertiesChanged!
05-04 15:42:23.240  3256  3351 D BatteryService: level:87, scale:100, status:3, health:2, present:true, voltage: 4101, temperature: 394, technology: Li-ion, AC powered:false, USB powered:true, POGO powered:false, Wireless powered:false, icon:17303382, invalid charger:0
05-04 15:42:23.240  3256  3351 D BatteryService: online:4, current avg:-70, charge type:2, power sharing:false, high voltage charger:false, capacity:280000, current_now:-70
05-04 15:42:23.240  3256  3256 D BatteryService: Sending ACTION_BATTERY_CHANGED.
05-04 15:42:23.245  3672  3672 V EmergencyMode: [EmergencyStateReceiver] onReceive : android.intent.action.BATTERY_CHANGED
05-04 15:42:23.245  3672  3672 V EmergencyMode: [EmergencyStateReceiver] ACTION_BATTERY_CHANGED mBatteryLevelForLogging = 87
05-04 15:42:23.255  3421  3421 D BatteryMeterView: ACTION_BATTERY_CHANGED : level:87 status:3 health:2
05-04 15:42:23.255  3421  3421 D BatteryMeterView: ACTION_BATTERY_CHANGED : level:87 status:3 health:2
05-04 15:42:23.255  3421  3421 D BatteryMeterView: ACTION_BATTERY_CHANGED : level:87 status:3 health:2
05-04 15:42:24.300  3256  7218 D CustomFrequencyManagerService: acquireDVFSLockLocked : type : DVFS_MIN_LIMIT  frequency : 1800000  uid : 1000  pid : 3256  pkgName : ACTIVITY_RESUME_BOOSTER@2
05-04 15:42:24.305  3256  7218 W ActivityManager: mDVFSHelper.acquire()
05-04 15:42:24.305  3256  7218 D MultiWindowConverter: dismissGuide() : Before attaching the guide view, mForceDismissGuide : false
05-04 15:42:24.305  3256  5292 D ActivityManager: retrieveServiceLocked(): component = null; callingUser = 0; userId(target) = 0
05-04 15:42:24.330  3256  3723 W ActivityManager: Permission Denial: getCurrentUser() from pid=17438, uid=10360 requires android.permission.INTERACT_ACROSS_USERS
05-04 15:42:24.450  3256  6911 D ConnectivityService: listenForNetwork for NetworkRequest [ id=22, legacyType=-1, [ Capabilities: INTERNET&NOT_RESTRICTED&TRUSTED&NOT_VPN] ]
05-04 15:42:24.450  3256  3358 D ConnectivityService: handleRegisterNetworkRequest checking NetworkAgentInfo [WIFI () - 502]
05-04 15:42:24.450  3256  3358 D ConnectivityService: apparently satisfied.  currentScore=60
05-04 15:42:24.450  3256  3358 D ConnectivityService: handleRegisterNetworkRequest checking NetworkAgentInfo [WIFI_P2P () - 501]
05-04 15:42:24.490  3256  3723 D MultiWindowConverter: dismissGuide() : Before attaching the guide view, mForceDismissGuide : false
05-04 15:42:24.495  3256  3291 D StatusBarManagerService: manageDisableList userId=0 what=0x0 pkg=WindowManager.LayoutParams
05-04 15:42:24.500  3256  3256 D PersonaManagerService: getPersonasForUser(): returning null!
05-04 15:42:24.525  3256  3291 D StatusBarManagerService: manageDisableList userId=0 what=0x0 pkg=WindowManager.LayoutParams
05-04 15:42:24.540  3256  7219 D ConnectivityService: listenForNetwork for NetworkRequest [ id=23, legacyType=-1, [ Capabilities: INTERNET&NOT_RESTRICTED&TRUSTED&NOT_VPN] ]
05-04 15:42:24.540  3256  3358 D ConnectivityService: handleRegisterNetworkRequest checking NetworkAgentInfo [WIFI () - 502]
05-04 15:42:24.540  3256  3358 D ConnectivityService: apparently satisfied.  currentScore=60
05-04 15:42:24.540  3256  3358 D ConnectivityService: handleRegisterNetworkRequest checking NetworkAgentInfo [WIFI_P2P () - 501]
05-04 15:42:24.545  3256  6922 I MultiPhoneWindowManager: Changed -> mCurrentInputMethodTarget : null
05-04 15:42:24.550  3256 18560 W ContextImpl: Calling a method in the system process without a qualified user: android.app.ContextImpl.sendBroadcast:1698 com.android.server.InputMethodManagerService$6.run:2786 java.lang.Thread.run:818 <bottom of call stack> <bottom of call stack> 
05-04 15:42:24.550  3256  3256 D LightsService: [api] [SvcLED] turnOff:: id = 4 (uid: 1000 pid: 3256) 
05-04 15:42:24.550  3256  3256 D LightsService: [SvcLED] setSvcLedStateLocked:: SvcLEDState : 0x0 -> 0x0 | SvcLED(id=4) set Off
05-04 15:42:24.550  4053  4053 W ContextImpl: Calling a method in the system process without a qualified user: android.app.ContextImpl.sendBroadcast:1698 android.content.ContextWrapper.sendBroadcast:391 android.inputmethodservice.InputMethodService.sendInputViewShownState:424 android.inputmethodservice.InputMethodService.hideWindow:2193 android.inputmethodservice.InputMethodService.doHideWindow:2171 
05-04 15:42:24.550  3256  3307 D LightsService: [SvcLED] Lux failed to be updated in 0ms. -> handleForcedSvcLEDTasK
05-04 15:42:24.550  3256  3307 D LightsService: [SvcLED]  setSvcLedLightLocked :: Current SvcLED(id=3) maintains its priority right
05-04 15:42:24.550  4053 18561 W ContextImpl: Calling a method in the system process without a qualified user: android.app.ContextImpl.sendBroadcast:1698 android.content.ContextWrapper.sendBroadcast:391 android.inputmethodservice.InputMethodService$4.run:3277 java.lang.Thread.run:818 <bottom of call stack> 
05-04 15:42:24.550  3256  5014 D SSRM:a  : DeviceInfo:: 000000000000
05-04 15:42:24.550  3256  5014 D SSRM:a  : SettingsAirViewInfo:: 000000000
05-04 15:42:24.575  3256  3293 D CustomFrequencyManagerService: releaseDVFSLockLocked : Getting Lock type frm List : DVFS_MIN_LIMIT  frequency : 1800000  uid : 1000  pid : 3256  tag : ACTIVITY_RESUME_BOOSTER@2
05-04 15:42:24.575  3256  3293 W ActivityManager: mDVFSHelper.release()
05-04 15:42:24.575  3256  3287 D CustomFrequencyManagerService: acquireDVFSLockLocked : type : DVFS_MIN_LIMIT  frequency : 1800000  uid : 1000  pid : 3256  pkgName : ACTIVITY_RESUME_BOOSTER@6
05-04 15:42:24.605  3256  6937 D MultiWindowConverter: dismissGuide() : Before attaching the guide view, mForceDismissGuide : false
05-04 15:42:24.665 17438 17438 V ActivityThread: updateVisibility : ActivityRecord{3c6211a4 token=android.os.BinderProxy@38bdb29a {com.icrealtime.allie/com.icrealtime.allie.ui.activities.ShareActivity}} show : true
05-04 15:42:24.885  3256  3256 D CustomFrequencyManagerService: releaseDVFSLockLocked : Getting Lock type frm List : DVFS_MIN_LIMIT  frequency : 1800000  uid : 1000  pid : 3256  tag : ACTIVITY_RESUME_BOOSTER@6
05-04 15:42:25.405  3256  5014 D SSRM:n  : SIOP:: AP = 490, PST = 508 (W:22), CUR = -70, LCD = 147
05-04 15:42:25.810  3256  3739 D MultiWindowConverter: dismissGuide() : Before attaching the guide view, mForceDismissGuide : false
05-04 15:42:25.850  3256  7218 W InputMethodManagerService: Window already focused, ignoring focus gain of: com.android.internal.view.IInputMethodClient$Stub$Proxy@2d8d4c60 attribute=android.view.inputmethod.EditorInfo@24aef519, token = android.os.BinderProxy@3128d0e2
05-04 15:42:33.255  3256  3351 D BatteryService: !@BatteryListener : batteryPropertiesChanged!
05-04 15:42:33.255  3256  3351 D BatteryService: level:87, scale:100, status:3, health:2, present:true, voltage: 4125, temperature: 390, technology: Li-ion, AC powered:false, USB powered:true, POGO powered:false, Wireless powered:false, icon:17303382, invalid charger:0
05-04 15:42:33.255  3256  3351 D BatteryService: online:4, current avg:-132, charge type:2, power sharing:false, high voltage charger:false, capacity:280000, current_now:-132
05-04 15:42:33.255  3256  3256 D BatteryService: Sending ACTION_BATTERY_CHANGED.
05-04 15:42:33.260  3672  3672 V EmergencyMode: [EmergencyStateReceiver] onReceive : android.intent.action.BATTERY_CHANGED
05-04 15:42:33.260  3672  3672 V EmergencyMode: [EmergencyStateReceiver] ACTION_BATTERY_CHANGED mBatteryLevelForLogging = 87
05-04 15:42:33.280  3421  3421 D BatteryMeterView: ACTION_BATTERY_CHANGED : level:87 status:3 health:2
05-04 15:42:33.280  3421  3421 D BatteryMeterView: ACTION_BATTERY_CHANGED : level:87 status:3 health:2
05-04 15:42:33.280  3421  3421 D BatteryMeterView: ACTION_BATTERY_CHANGED : level:87 status:3 health:2
05-04 15:42:35.425  3256  5014 D SSRM:n  : SIOP:: AP = 480, PST = 504 (W:22), CUR = -132, LCD = 147
05-04 15:42:36.680  3256 18579 W ContextImpl: Calling a method in the system process without a qualified user: android.app.ContextImpl.sendBroadcast:1698 com.android.server.InputMethodManagerService$6.run:2786 java.lang.Thread.run:818 <bottom of call stack> <bottom of call stack> 
05-04 15:42:36.680  3256  6922 D MultiWindowConverter: dismissGuide() : Before attaching the guide view, mForceDismissGuide : false
05-04 15:42:37.005  3256 18580 W ContextImpl: Calling a method in the system process without a qualified user: android.app.ContextImpl.sendBroadcast:1698 com.android.server.InputMethodManagerService$6.run:2786 java.lang.Thread.run:818 <bottom of call stack> <bottom of call stack> 
05-04 15:42:37.050  3256  3526 D MultiWindowConverter: dismissGuide() : Before attaching the guide view, mForceDismissGuide : false
05-04 15:42:37.050  3256  3291 D StatusBarManagerService: manageDisableList userId=0 what=0x0 pkg=WindowManager.LayoutParams
05-04 15:42:37.050  3256  3291 D StatusBarManagerService: manageDisableList userId=0 what=0x0 pkg=WindowManager.LayoutParams
05-04 15:42:37.085  3256  6922 D CustomFrequencyManagerService: acquireDVFSLockLocked : type : DVFS_MIN_LIMIT  frequency : 1800000  uid : 1000  pid : 3256  pkgName : ACTIVITY_RESUME_BOOSTER@2
05-04 15:42:37.085  3256  6922 W ActivityManager: mDVFSHelper.acquire()
05-04 15:42:37.095  3256  3585 I MultiPhoneWindowManager: Changed -> mCurrentInputMethodTarget : Window{388372b u0 com.icrealtime.allie/com.icrealtime.allie.ui.activities.ShareActivity}
05-04 15:42:37.105  3256  3256 D PersonaManagerService: getPersonasForUser(): returning null!
05-04 15:42:37.805  3256  3328 D PowerManagerService: [api] userActivityFromNative : 2080 (event: 2 flags: 0) eventTime = 13446513
05-04 15:42:38.715  3256  3351 W ResourcesManager: Asset path '/system/framework/com.android.media.remotedisplay.jar' does not exist or contains no resources.
05-04 15:42:38.715  3256  3351 W ResourcesManager: Asset path '/system/framework/com.android.location.provider.jar' does not exist or contains no resources.
05-04 15:42:38.715  3256  3351 D CustomFrequencyManagerService: releaseDVFSLockLocked : Getting Lock type frm List : DVFS_MIN_LIMIT  frequency : 1800000  uid : 1000  pid : 3256  tag : ACTIVITY_RESUME_BOOSTER@2
05-04 15:42:38.715  3256  3351 D CustomFrequencyManagerService: acquireDVFSLockLocked : type : DVFS_MIN_LIMIT  frequency : 1800000  uid : 1000  pid : 3256  pkgName : ACTIVITY_RESUME_BOOSTER@2
05-04 15:42:38.715  3256  3351 W ActivityManager: mDVFSHelper.acquire()
05-04 15:42:38.720  3256  3351 D MultiWindowConverter: dismissGuide() : Before attaching the guide view, mForceDismissGuide : false
05-04 15:42:38.735  3256  5014 D U       : limitCPUFreq:: freq = 1700000
05-04 15:42:38.735  3256  5014 D CustomFrequencyManagerService: acquireDVFSLockLocked : type : DVFS_MAX_LIMIT  frequency : 1700000  uid : 1000  pid : 3256  pkgName : SIOP_ARM_MAX@15
05-04 15:42:38.745  3256  5014 D U       : limitCPUFreq:: freq = -1
05-04 15:42:38.745  3256  5014 D CustomFrequencyManagerService: releaseDVFSLockLocked : Getting Lock type frm List : DVFS_MAX_LIMIT  frequency : 1700000  uid : 1000  pid : 3256  tag : SIOP_ARM_MAX@15
05-04 15:42:38.750  3256  5292 D MotionRecognitionService:  ssp status : false
05-04 15:42:38.755  3256  3256 D PersonaManagerService: getPersonasForUser(): returning null!
05-04 15:42:38.770  3256  3268 D MultiWindowConverter: dismissGuide() : Before attaching the guide view, mForceDismissGuide : false
05-04 15:42:38.775  3256  3291 D StatusBarManagerService: manageDisableList userId=0 what=0x0 pkg=WindowManager.LayoutParams
05-04 15:42:38.815  3256 18583 W ContextImpl: Calling a method in the system process without a qualified user: android.app.ContextImpl.sendBroadcast:1698 com.android.server.InputMethodManagerService$6.run:2786 java.lang.Thread.run:818 <bottom of call stack> <bottom of call stack> 
05-04 15:42:39.000  3256  3293 D CustomFrequencyManagerService: releaseDVFSLockLocked : Getting Lock type frm List : DVFS_MIN_LIMIT  frequency : 1800000  uid : 1000  pid : 3256  tag : ACTIVITY_RESUME_BOOSTER@2
05-04 15:42:39.000  3256  3293 W ActivityManager: mDVFSHelper.release()
05-04 15:42:39.000  3256  3287 D CustomFrequencyManagerService: acquireDVFSLockLocked : type : DVFS_MIN_LIMIT  frequency : 1800000  uid : 1000  pid : 3256  pkgName : ACTIVITY_RESUME_BOOSTER@6
05-04 15:42:39.010 17438 17438 V ActivityThread: updateVisibility : ActivityRecord{3c6211a4 token=android.os.BinderProxy@38bdb29a {com.icrealtime.allie/com.icrealtime.allie.ui.activities.ShareActivity}} show : true
05-04 15:42:39.305  3256  3256 D CustomFrequencyManagerService: releaseDVFSLockLocked : Getting Lock type frm List : DVFS_MIN_LIMIT  frequency : 1800000  uid : 1000  pid : 3256  tag : ACTIVITY_RESUME_BOOSTER@6
05-04 15:42:40.805  3256  3586 D CustomFrequencyManagerService: acquireDVFSLockLocked : type : DVFS_MIN_LIMIT  frequency : 1800000  uid : 1000  pid : 3256  pkgName : ACTIVITY_RESUME_BOOSTER@2
05-04 15:42:40.805  3256  3586 W ActivityManager: mDVFSHelper.acquire()
05-04 15:42:40.810  3256  3586 D MultiWindowConverter: dismissGuide() : Before attaching the guide view, mForceDismissGuide : false
05-04 15:42:40.810  3256  3291 D StatusBarManagerService: manageDisableList userId=0 what=0x0 pkg=WindowManager.LayoutParams
05-04 15:42:40.815  3256  3256 D PersonaManagerService: getPersonasForUser(): returning null!
--------- beginning of main
05-04 15:42:42.920  3256  7219 D PersonaManager: getFocusedUser
05-04 15:42:42.920  3256  7219 D PersonaManagerService: getFocusedUser: current uesr id is 0
05-04 15:42:42.920  3256  7219 I ClipboardServiceEx: getPersonaId api current userid : 0, from pm
05-04 15:42:42.920  3256  7219 I ClipboardServiceEx: isKnoxTwoEnabled getPersonaId 0
05-04 15:42:42.920  3256  7219 I ClipboardServiceEx: Current user is a USER, hence return false
05-04 15:42:42.920  3256  7219 D PersonaManager: getFocusedUser
05-04 15:42:42.920  3256  7219 D PersonaManagerService: getFocusedUser: current uesr id is 0
05-04 15:42:42.920  3256  7219 I ClipboardServiceEx: getPersonaId api current userid : 0, from pm
05-04 15:42:42.920  3256  7219 I ClipboardServiceEx: isKnoxTwoEnabled getPersonaId 0
05-04 15:42:42.920  3256  7219 I ClipboardServiceEx: Current user is a USER, hence return false
05-04 15:42:42.920  3256  7219 I ClipboardServiceEx: original Copy and paste cdData
05-04 15:42:42.920  3256  7219 I ClipboardServiceEx: getItem id : 4, input id : 2
05-04 15:42:42.920  3256  7219 I ClipboardServiceEx: text write to parcel
05-04 15:42:42.930  3256  3269 D PersonaManager: getFocusedUser
05-04 15:42:42.930  3256  3269 D PersonaManagerService: getFocusedUser: current uesr id is 0
05-04 15:42:42.930  3256  3269 I ClipboardServiceEx: getPersonaId api current userid : 0, from pm
05-04 15:42:42.930  3256  3269 D SecContentProvider: uri = 15 selection = isClipboardAllowedAsUser
05-04 15:42:42.930  3256  3269 D PersonaManager: getFocusedUser
05-04 15:42:42.930  3256  3269 D PersonaManagerService: getFocusedUser: current uesr id is 0
05-04 15:42:42.930  3256  3269 I ClipboardServiceEx: getPersonaId api current userid : 0, from pm
05-04 15:42:42.930  3256  3269 D SecContentProvider: uri = 15 selection = isClipboardShareAllowedAsUser
05-04 15:42:42.930  3256  3269 D PersonaManager: getFocusedUser
05-04 15:42:42.930  3256  3269 D PersonaManagerService: getFocusedUser: current uesr id is 0
05-04 15:42:42.930  3256  3269 I ClipboardServiceEx: getPersonaId api current userid : 0, from pm
05-04 15:42:42.930  3256  3269 I ClipboardServiceEx: isKnoxTwoEnabled getPersonaId 0
05-04 15:42:42.930  3256  3269 I ClipboardServiceEx: Current user is a USER, hence return false
05-04 15:42:42.930  3256  3586 D PersonaManager: getFocusedUser
05-04 15:42:42.930  3256  3586 D PersonaManagerService: getFocusedUser: current uesr id is 0
05-04 15:42:42.930  3256  3586 I ClipboardServiceEx: getPersonaId api current userid : 0, from pm
05-04 15:42:42.930  3256  3586 D SecContentProvider: uri = 15 selection = isClipboardAllowedAsUser
05-04 15:42:42.930  3256  3586 D PersonaManager: getFocusedUser
05-04 15:42:42.930  3256  3586 D PersonaManagerService: getFocusedUser: current uesr id is 0
05-04 15:42:42.950  3256  3585 D SecContentProvider: uri = 15 selection = isClipboardAllowedAsUser
05-04 15:42:42.955  3256  3585 D PersonaManager: getFocusedUser
05-04 15:42:42.955  3256  3585 D PersonaManagerService: getFocusedUser: current uesr id is 0
05-04 15:42:42.955  3256  3585 I ClipboardServiceEx: getPersonaId api current userid : 0, from pm
05-04 15:42:42.955  3256  3585 I ClipboardServiceEx: isKnoxTwoEnabled getPersonaId 0
05-04 15:42:42.955  3256  3585 I ClipboardServiceEx: Current user is a USER, hence return false
05-04 15:42:42.955  3256  3585 D PersonaManager: getFocusedUser
05-04 15:42:42.955  3256  3585 D PersonaManagerService: getFocusedUser: current uesr id is 0
