03-03 14:05:02.891   922   987 D Nat464Xlat: requiresClat: netType=1, hasIPv4Address=true
03-03 14:06:41.861   922   922 I EntropyMixer: Writing entropy...
03-03 14:09:51.341   922   987 D QcConnectivityService: Captive portal check NetworkInfo: type: WIFI[], state: CONNECTING/CAPTIVE_PORTAL_CHECK, reason: (unspecified), extra: "AllieGO 5GHz", roaming: false, failover: false, isAvailable: true, isConnectedToProvisioningNetwork: false
03-03 14:09:51.341   922   987 D QcConnectivityService: handleCaptivePortalTrackerCheck: call captivePortalCheckComplete ni=NetworkInfo: type: WIFI[], state: CONNECTING/CAPTIVE_PORTAL_CHECK, reason: (unspecified), extra: "AllieGO 5GHz", roaming: false, failover: false, isAvailable: true, isConnectedToProvisioningNetwork: false
03-03 14:09:51.341   922   987 D QcConnectivityService: handleInetConditionChange: net=0 != default=1 - ignore
03-03 14:09:51.361   922   987 E QcConnectivityService: Unexpected mtu value: android.net.wifi.WifiStateTracker@41945710
03-03 14:09:51.371   922   987 D QcConnectivityService: handleConnectivityChange: address are the same reset per doReset linkProperty[1]: resetMask=0
03-03 14:09:51.371   922   987 D Nat464Xlat: requiresClat: netType=1, hasIPv4Address=true
03-03 14:12:13.991   922   987 D QcConnectivityService: Sampling interval elapsed, updating statistics ..
03-03 14:12:14.011   922   987 D QcConnectivityService: Done.
03-03 14:12:14.011   922   987 D QcConnectivityService: Setting timer for 720seconds
03-03 14:13:46.251   922   946 I ProcessStatsService: Prepared write state in 10ms
03-03 14:13:46.471   922   947 I ProcessStatsService: Pruning old procstats: /data/system/procstats/state-2016-03-02-12-22-03.bin
03-03 14:14:39.771   922   987 D QcConnectivityService: Captive portal check NetworkInfo: type: WIFI[], state: CONNECTING/CAPTIVE_PORTAL_CHECK, reason: (unspecified), extra: "AllieGO 5GHz", roaming: false, failover: false, isAvailable: true, isConnectedToProvisioningNetwork: false
03-03 14:14:39.771   922   987 D QcConnectivityService: handleCaptivePortalTrackerCheck: call captivePortalCheckComplete ni=NetworkInfo: type: WIFI[], state: CONNECTING/CAPTIVE_PORTAL_CHECK, reason: (unspecified), extra: "AllieGO 5GHz", roaming: false, failover: false, isAvailable: true, isConnectedToProvisioningNetwork: false
03-03 14:14:39.771   922   987 D QcConnectivityService: handleInetConditionChange: net=0 != default=1 - ignore
03-03 14:14:39.801   922   987 E QcConnectivityService: Unexpected mtu value: android.net.wifi.WifiStateTracker@41945710
03-03 14:14:39.811   922   987 D QcConnectivityService: handleConnectivityChange: address are the same reset per doReset linkProperty[1]: resetMask=0
03-03 14:14:39.811   922   987 D Nat464Xlat: requiresClat: netType=1, hasIPv4Address=true
03-03 14:19:28.201   922   987 D QcConnectivityService: Captive portal check NetworkInfo: type: WIFI[], state: CONNECTING/CAPTIVE_PORTAL_CHECK, reason: (unspecified), extra: "AllieGO 5GHz", roaming: false, failover: false, isAvailable: true, isConnectedToProvisioningNetwork: false
03-03 14:19:28.201   922   987 D QcConnectivityService: handleCaptivePortalTrackerCheck: call captivePortalCheckComplete ni=NetworkInfo: type: WIFI[], state: CONNECTING/CAPTIVE_PORTAL_CHECK, reason: (unspecified), extra: "AllieGO 5GHz", roaming: false, failover: false, isAvailable: true, isConnectedToProvisioningNetwork: false
03-03 14:19:28.201   922   987 D QcConnectivityService: handleInetConditionChange: net=0 != default=1 - ignore
03-03 14:19:28.231   922   987 E QcConnectivityService: Unexpected mtu value: android.net.wifi.WifiStateTracker@41945710
03-03 14:19:28.241   922   987 D QcConnectivityService: handleConnectivityChange: address are the same reset per doReset linkProperty[1]: resetMask=0
03-03 14:19:28.241   922   987 D Nat464Xlat: requiresClat: netType=1, hasIPv4Address=true
03-03 14:24:16.181   922   987 D QcConnectivityService: Sampling interval elapsed, updating statistics ..
03-03 14:24:16.201   922   987 D QcConnectivityService: Done.
03-03 14:24:16.201   922   987 D QcConnectivityService: Setting timer for 720seconds
03-03 14:24:16.641   922   987 D QcConnectivityService: Captive portal check NetworkInfo: type: WIFI[], state: CONNECTING/CAPTIVE_PORTAL_CHECK, reason: (unspecified), extra: "AllieGO 5GHz", roaming: false, failover: false, isAvailable: true, isConnectedToProvisioningNetwork: false
03-03 14:24:16.641   922   987 D QcConnectivityService: handleCaptivePortalTrackerCheck: call captivePortalCheckComplete ni=NetworkInfo: type: WIFI[], state: CONNECTING/CAPTIVE_PORTAL_CHECK, reason: (unspecified), extra: "AllieGO 5GHz", roaming: false, failover: false, isAvailable: true, isConnectedToProvisioningNetwork: false
03-03 14:24:16.641   922   987 D QcConnectivityService: handleInetConditionChange: net=0 != default=1 - ignore
03-03 14:24:16.661   922   987 E QcConnectivityService: Unexpected mtu value: android.net.wifi.WifiStateTracker@41945710
03-03 14:24:16.671   922   987 D QcConnectivityService: handleConnectivityChange: address are the same reset per doReset linkProperty[1]: resetMask=0
03-03 14:24:16.671   922   987 D Nat464Xlat: requiresClat: netType=1, hasIPv4Address=true
03-03 14:28:20.471   922   987 D QcConnectivityService: tryFailover: set mActiveDefaultNetwork=-1, prevNetType=1
03-03 14:28:20.471   922   987 D QcConnectivityService: Attempting to switch to BLUETOOTH_TETHER
03-03 14:28:20.591   922   987 D QcConnectivityService: resetConnections(wlan0, 3)
03-03 14:28:20.791   922   987 D Nat464Xlat: requiresClat: netType=1, hasIPv4Address=false
03-03 14:28:23.801   922  1067 D QcConnectivityService: setProvNotificationVisible: E visible=false networkType=1 extraInfo=null url=null
03-03 14:28:28.751   922   987 D QcConnectivityService: Captive portal check NetworkInfo: type: WIFI[], state: CONNECTING/CAPTIVE_PORTAL_CHECK, reason: (unspecified), extra: "AllieGO 5GHz", roaming: false, failover: false, isAvailable: true, isConnectedToProvisioningNetwork: false
03-03 14:28:28.751   922   987 D QcConnectivityService: handleCaptivePortalTrackerCheck: call captivePortalCheckComplete ni=NetworkInfo: type: WIFI[], state: CONNECTING/CAPTIVE_PORTAL_CHECK, reason: (unspecified), extra: "AllieGO 5GHz", roaming: false, failover: false, isAvailable: true, isConnectedToProvisioningNetwork: false
03-03 14:28:28.751   922   987 D QcConnectivityService: handleInetConditionChange: no active default network - ignore
03-03 14:28:28.771   922   987 E QcConnectivityService: Unexpected mtu value: android.net.wifi.WifiStateTracker@41945710
03-03 14:28:28.891   922   987 D Nat464Xlat: requiresClat: netType=1, hasIPv4Address=true
03-03 14:28:30.291   922   987 D QcConnectivityService: handleConnectivityChange: addresses changed linkProperty[1]: resetMask=0
03-03 14:28:30.291   922   987 D QcConnectivityService:    car=removed=[] added=[fe80::ce1b:e0ff:fe61:8a30/64,]
03-03 14:28:30.291   922   987 E QcConnectivityService: Exception while trying to add src route: java.lang.NullPointerException
03-03 14:28:30.291   922   987 D Nat464Xlat: requiresClat: netType=1, hasIPv4Address=true
03-03 14:28:41.911   922  1067 D QcConnectivityService: setProvNotificationVisible: E visible=false networkType=1 extraInfo=null url=null
03-03 14:28:42.201   922  1067 D QcConnectivityService: captivePortalCheckCompleted: ni=NetworkInfo: type: WIFI[], state: CONNECTED/CONNECTED, reason: (unspecified), extra: "AllieGO 5GHz", roaming: false, failover: false, isAvailable: true, isConnectedToProvisioningNetwork: false captive=false
03-03 14:33:17.171   922   987 D QcConnectivityService: Captive portal check NetworkInfo: type: WIFI[], state: CONNECTING/CAPTIVE_PORTAL_CHECK, reason: (unspecified), extra: "AllieGO 5GHz", roaming: false, failover: false, isAvailable: true, isConnectedToProvisioningNetwork: false
03-03 14:33:17.171   922   987 D QcConnectivityService: handleCaptivePortalTrackerCheck: call captivePortalCheckComplete ni=NetworkInfo: type: WIFI[], state: CONNECTING/CAPTIVE_PORTAL_CHECK, reason: (unspecified), extra: "AllieGO 5GHz", roaming: false, failover: false, isAvailable: true, isConnectedToProvisioningNetwork: false
03-03 14:33:17.171   922   987 D QcConnectivityService: handleInetConditionChange: net=0 != default=1 - ignore
03-03 14:33:17.201   922   987 E QcConnectivityService: Unexpected mtu value: android.net.wifi.WifiStateTracker@41945710
03-03 14:33:17.211   922   987 D QcConnectivityService: handleConnectivityChange: address are the same reset per doReset linkProperty[1]: resetMask=0
03-03 14:33:17.211   922   987 D Nat464Xlat: requiresClat: netType=1, hasIPv4Address=true
03-03 14:37:28.751   922   987 D QcConnectivityService: Sampling interval elapsed, updating statistics ..
03-03 14:37:28.771   922   987 D QcConnectivityService: Done.
03-03 14:37:28.771   922   987 D QcConnectivityService: Setting timer for 720seconds
03-03 14:37:28.771   922   987 D QcConnectivityService: tryFailover: set mActiveDefaultNetwork=-1, prevNetType=1
03-03 14:37:28.771   922   987 D QcConnectivityService: Attempting to switch to BLUETOOTH_TETHER
03-03 14:37:28.901   922   987 D QcConnectivityService: resetConnections(wlan0, 3)
03-03 14:37:29.101   922   987 D Nat464Xlat: requiresClat: netType=1, hasIPv4Address=false
03-03 14:37:32.101   922  1067 D QcConnectivityService: setProvNotificationVisible: E visible=false networkType=1 extraInfo=null url=null
03-03 14:37:36.901   922   987 D QcConnectivityService: Captive portal check NetworkInfo: type: WIFI[], state: CONNECTING/CAPTIVE_PORTAL_CHECK, reason: (unspecified), extra: "AllieGO 5GHz", roaming: false, failover: false, isAvailable: true, isConnectedToProvisioningNetwork: false
03-03 14:37:36.901   922   987 D QcConnectivityService: handleCaptivePortalTrackerCheck: call captivePortalCheckComplete ni=NetworkInfo: type: WIFI[], state: CONNECTING/CAPTIVE_PORTAL_CHECK, reason: (unspecified), extra: "AllieGO 5GHz", roaming: false, failover: false, isAvailable: true, isConnectedToProvisioningNetwork: false
03-03 14:37:36.901   922   987 D QcConnectivityService: handleInetConditionChange: no active default network - ignore
03-03 14:37:36.921   922   987 E QcConnectivityService: Unexpected mtu value: android.net.wifi.WifiStateTracker@41945710
03-03 14:37:37.051   922   987 D Nat464Xlat: requiresClat: netType=1, hasIPv4Address=true
03-03 14:37:38.191   922   987 D QcConnectivityService: handleConnectivityChange: addresses changed linkProperty[1]: resetMask=0
03-03 14:37:38.191   922   987 D QcConnectivityService:    car=removed=[] added=[fe80::ce1b:e0ff:fe61:8a30/64,]
03-03 14:37:38.191   922   987 E QcConnectivityService: Exception while trying to add src route: java.lang.NullPointerException
03-03 14:37:38.191   922   987 D Nat464Xlat: requiresClat: netType=1, hasIPv4Address=true
03-03 14:37:50.071   922  1067 D QcConnectivityService: setProvNotificationVisible: E visible=false networkType=1 extraInfo=null url=null
03-03 14:37:50.571   922  1067 D QcConnectivityService: captivePortalCheckCompleted: ni=NetworkInfo: type: WIFI[], state: CONNECTED/CONNECTED, reason: (unspecified), extra: "AllieGO 5GHz", roaming: false, failover: false, isAvailable: true, isConnectedToProvisioningNetwork: false captive=false
03-03 14:42:25.331   922   987 D QcConnectivityService: Captive portal check NetworkInfo: type: WIFI[], state: CONNECTING/CAPTIVE_PORTAL_CHECK, reason: (unspecified), extra: "AllieGO 5GHz", roaming: false, failover: false, isAvailable: true, isConnectedToProvisioningNetwork: false
03-03 14:42:25.331   922   987 D QcConnectivityService: handleCaptivePortalTrackerCheck: call captivePortalCheckComplete ni=NetworkInfo: type: WIFI[], state: CONNECTING/CAPTIVE_PORTAL_CHECK, reason: (unspecified), extra: "AllieGO 5GHz", roaming: false, failover: false, isAvailable: true, isConnectedToProvisioningNetwork: false
03-03 14:42:25.331   922   987 D QcConnectivityService: handleInetConditionChange: net=0 != default=1 - ignore
03-03 14:42:25.351   922   987 E QcConnectivityService: Unexpected mtu value: android.net.wifi.WifiStateTracker@41945710
03-03 14:42:25.361   922   987 D QcConnectivityService: handleConnectivityChange: address are the same reset per doReset linkProperty[1]: resetMask=0
03-03 14:42:25.371   922   987 D Nat464Xlat: requiresClat: netType=1, hasIPv4Address=true
03-03 14:43:54.581   922   946 I ProcessStatsService: Prepared write state in 11ms
03-03 14:46:22.241   922   987 D QcConnectivityService: tryFailover: set mActiveDefaultNetwork=-1, prevNetType=1
03-03 14:46:22.241   922   987 D QcConnectivityService: Attempting to switch to BLUETOOTH_TETHER
03-03 14:46:22.381   922   987 D QcConnectivityService: resetConnections(wlan0, 3)
03-03 14:46:22.571   922   987 D Nat464Xlat: requiresClat: netType=1, hasIPv4Address=false
03-03 14:46:25.581   922  1067 D QcConnectivityService: setProvNotificationVisible: E visible=false networkType=1 extraInfo=null url=null
03-03 14:46:30.821   922   987 D QcConnectivityService: Captive portal check NetworkInfo: type: WIFI[], state: CONNECTING/CAPTIVE_PORTAL_CHECK, reason: (unspecified), extra: "AllieGO 5GHz", roaming: false, failover: false, isAvailable: true, isConnectedToProvisioningNetwork: false
03-03 14:46:30.821   922   987 D QcConnectivityService: handleCaptivePortalTrackerCheck: call captivePortalCheckComplete ni=NetworkInfo: type: WIFI[], state: CONNECTING/CAPTIVE_PORTAL_CHECK, reason: (unspecified), extra: "AllieGO 5GHz", roaming: false, failover: false, isAvailable: true, isConnectedToProvisioningNetwork: false
03-03 14:46:30.821   922   987 D QcConnectivityService: handleInetConditionChange: no active default network - ignore
03-03 14:46:30.841   922   987 E QcConnectivityService: Unexpected mtu value: android.net.wifi.WifiStateTracker@41945710
03-03 14:46:30.971   922   987 D Nat464Xlat: requiresClat: netType=1, hasIPv4Address=true
03-03 14:46:32.481   922   987 D QcConnectivityService: handleConnectivityChange: addresses changed linkProperty[1]: resetMask=0
03-03 14:46:32.481   922   987 D QcConnectivityService:    car=removed=[] added=[fe80::ce1b:e0ff:fe61:8a30/64,]
03-03 14:46:32.481   922   987 E QcConnectivityService: Exception while trying to add src route: java.lang.NullPointerException
03-03 14:46:32.481   922   987 D Nat464Xlat: requiresClat: netType=1, hasIPv4Address=true
03-03 14:46:44.001   922  1067 D QcConnectivityService: setProvNotificationVisible: E visible=false networkType=1 extraInfo=null url=null
03-03 14:46:44.391   922  1067 D QcConnectivityService: captivePortalCheckCompleted: ni=NetworkInfo: type: WIFI[], state: CONNECTED/CONNECTED, reason: (unspecified), extra: "AllieGO 5GHz", roaming: false, failover: false, isAvailable: true, isConnectedToProvisioningNetwork: false captive=false
03-03 14:51:18.791   922   987 D QcConnectivityService: Sampling interval elapsed, updating statistics ..
03-03 14:51:18.811   922   987 D QcConnectivityService: Done.
03-03 14:51:18.811   922   987 D QcConnectivityService: Setting timer for 720seconds
03-03 14:51:19.251   922   987 D QcConnectivityService: Captive portal check NetworkInfo: type: WIFI[], state: CONNECTING/CAPTIVE_PORTAL_CHECK, reason: (unspecified), extra: "AllieGO 5GHz", roaming: false, failover: false, isAvailable: true, isConnectedToProvisioningNetwork: false
03-03 14:51:19.251   922   987 D QcConnectivityService: handleCaptivePortalTrackerCheck: call captivePortalCheckComplete ni=NetworkInfo: type: WIFI[], state: CONNECTING/CAPTIVE_PORTAL_CHECK, reason: (unspecified), extra: "AllieGO 5GHz", roaming: false, failover: false, isAvailable: true, isConnectedToProvisioningNetwork: false
03-03 14:51:19.251   922   987 D QcConnectivityService: handleInetConditionChange: net=0 != default=1 - ignore
03-03 14:51:19.271   922   987 E QcConnectivityService: Unexpected mtu value: android.net.wifi.WifiStateTracker@41945710
03-03 14:51:19.281   922   987 D QcConnectivityService: handleConnectivityChange: address are the same reset per doReset linkProperty[1]: resetMask=0
03-03 14:51:19.281   922   987 D Nat464Xlat: requiresClat: netType=1, hasIPv4Address=true
03-03 14:56:07.681   922   987 D QcConnectivityService: Captive portal check NetworkInfo: type: WIFI[], state: CONNECTING/CAPTIVE_PORTAL_CHECK, reason: (unspecified), extra: "AllieGO 5GHz", roaming: false, failover: false, isAvailable: true, isConnectedToProvisioningNetwork: false
03-03 14:56:07.691   922   987 D QcConnectivityService: handleCaptivePortalTrackerCheck: call captivePortalCheckComplete ni=NetworkInfo: type: WIFI[], state: CONNECTING/CAPTIVE_PORTAL_CHECK, reason: (unspecified), extra: "AllieGO 5GHz", roaming: false, failover: false, isAvailable: true, isConnectedToProvisioningNetwork: false
03-03 14:56:07.691   922   987 D QcConnectivityService: handleInetConditionChange: net=0 != default=1 - ignore
03-03 14:56:07.711   922   987 E QcConnectivityService: Unexpected mtu value: android.net.wifi.WifiStateTracker@41945710
03-03 14:56:07.721   922   987 D QcConnectivityService: handleConnectivityChange: address are the same reset per doReset linkProperty[1]: resetMask=0
03-03 14:56:07.721   922   987 D Nat464Xlat: requiresClat: netType=1, hasIPv4Address=true
03-03 14:57:17.261   922   987 D QcConnectivityService: tryFailover: set mActiveDefaultNetwork=-1, prevNetType=1
03-03 14:57:17.261   922   987 D QcConnectivityService: Attempting to switch to BLUETOOTH_TETHER
03-03 14:57:17.431   922   987 D QcConnectivityService: resetConnections(wlan0, 3)
03-03 14:57:17.621   922   987 D Nat464Xlat: requiresClat: netType=1, hasIPv4Address=false
03-03 14:57:20.631   922  1067 D QcConnectivityService: setProvNotificationVisible: E visible=false networkType=1 extraInfo=null url=null
03-03 14:57:24.641   922   987 D QcConnectivityService: Captive portal check NetworkInfo: type: WIFI[], state: CONNECTING/CAPTIVE_PORTAL_CHECK, reason: (unspecified), extra: "AllieGO 5GHz", roaming: false, failover: false, isAvailable: true, isConnectedToProvisioningNetwork: false
03-03 14:57:24.641   922   987 D QcConnectivityService: handleCaptivePortalTrackerCheck: call captivePortalCheckComplete ni=NetworkInfo: type: WIFI[], state: CONNECTING/CAPTIVE_PORTAL_CHECK, reason: (unspecified), extra: "AllieGO 5GHz", roaming: false, failover: false, isAvailable: true, isConnectedToProvisioningNetwork: false
03-03 14:57:24.641   922   987 D QcConnectivityService: handleInetConditionChange: no active default network - ignore
03-03 14:57:24.661   922   987 E QcConnectivityService: Unexpected mtu value: android.net.wifi.WifiStateTracker@41945710
03-03 14:57:24.791   922   987 D Nat464Xlat: requiresClat: netType=1, hasIPv4Address=true
03-03 14:57:26.191   922   987 D QcConnectivityService: handleConnectivityChange: addresses changed linkProperty[1]: resetMask=0
03-03 14:57:26.191   922   987 D QcConnectivityService:    car=removed=[] added=[fe80::ce1b:e0ff:fe61:8a30/64,]
03-03 14:57:26.191   922   987 E QcConnectivityService: Exception while trying to add src route: java.lang.NullPointerException
03-03 14:57:26.191   922   987 D Nat464Xlat: requiresClat: netType=1, hasIPv4Address=true
03-03 14:57:37.801   922  1067 D QcConnectivityService: setProvNotificationVisible: E visible=false networkType=1 extraInfo=null url=null
03-03 14:57:38.171   922  1067 D QcConnectivityService: captivePortalCheckCompleted: ni=NetworkInfo: type: WIFI[], state: CONNECTED/CONNECTED, reason: (unspecified), extra: "AllieGO 5GHz", roaming: false, failover: false, isAvailable: true, isConnectedToProvisioningNetwork: false captive=false
03-03 15:01:36.111   922   987 D QcConnectivityService: Captive portal check NetworkInfo: type: WIFI[], state: CONNECTING/CAPTIVE_PORTAL_CHECK, reason: (unspecified), extra: "AllieGO 5GHz", roaming: false, failover: false, isAvailable: true, isConnectedToProvisioningNetwork: false
03-03 15:01:36.111   922   987 D QcConnectivityService: handleCaptivePortalTrackerCheck: call captivePortalCheckComplete ni=NetworkInfo: type: WIFI[], state: CONNECTING/CAPTIVE_PORTAL_CHECK, reason: (unspecified), extra: "AllieGO 5GHz", roaming: false, failover: false, isAvailable: true, isConnectedToProvisioningNetwork: false
03-03 15:01:36.111   922   987 D QcConnectivityService: handleInetConditionChange: net=0 != default=1 - ignore
03-03 15:01:36.141   922   987 E QcConnectivityService: Unexpected mtu value: android.net.wifi.WifiStateTracker@41945710
03-03 15:01:36.141   922   987 D QcConnectivityService: handleConnectivityChange: address are the same reset per doReset linkProperty[1]: resetMask=0
03-03 15:01:36.141   922   987 D Nat464Xlat: requiresClat: netType=1, hasIPv4Address=true
03-03 15:03:18.811   922   987 D QcConnectivityService: Sampling interval elapsed, updating statistics ..
03-03 15:03:18.831   922   987 D QcConnectivityService: Done.
03-03 15:03:18.831   922   987 D QcConnectivityService: Setting timer for 720seconds
03-03 15:06:24.541   922   987 D QcConnectivityService: Captive portal check NetworkInfo: type: WIFI[], state: CONNECTING/CAPTIVE_PORTAL_CHECK, reason: (unspecified), extra: "AllieGO 5GHz", roaming: false, failover: false, isAvailable: true, isConnectedToProvisioningNetwork: false
03-03 15:06:24.541   922   987 D QcConnectivityService: handleCaptivePortalTrackerCheck: call captivePortalCheckComplete ni=NetworkInfo: type: WIFI[], state: CONNECTING/CAPTIVE_PORTAL_CHECK, reason: (unspecified), extra: "AllieGO 5GHz", roaming: false, failover: false, isAvailable: true, isConnectedToProvisioningNetwork: false
03-03 15:06:24.541   922   987 D QcConnectivityService: handleInetConditionChange: net=0 != default=1 - ignore
03-03 15:06:24.571   922   987 E QcConnectivityService: Unexpected mtu value: android.net.wifi.WifiStateTracker@41945710
03-03 15:06:24.581   922   987 D QcConnectivityService: handleConnectivityChange: address are the same reset per doReset linkProperty[1]: resetMask=0
03-03 15:06:24.581   922   987 D Nat464Xlat: requiresClat: netType=1, hasIPv4Address=true
03-03 15:07:43.461   922   946 W ProcessCpuTracker: Skipping unknown process pid 15277
03-03 15:08:04.961   922   987 D QcConnectivityService: tryFailover: set mActiveDefaultNetwork=-1, prevNetType=1
03-03 15:08:04.961   922   987 D QcConnectivityService: Attempting to switch to BLUETOOTH_TETHER
03-03 15:08:05.121   922   987 D QcConnectivityService: resetConnections(wlan0, 3)
03-03 15:08:05.311   922   987 D Nat464Xlat: requiresClat: netType=1, hasIPv4Address=false
03-03 15:08:08.321   922  1067 D QcConnectivityService: setProvNotificationVisible: E visible=false networkType=1 extraInfo=null url=null
03-03 15:08:11.821   922   987 D QcConnectivityService: Captive portal check NetworkInfo: type: WIFI[], state: CONNECTING/CAPTIVE_PORTAL_CHECK, reason: (unspecified), extra: "AllieGO 5GHz", roaming: false, failover: false, isAvailable: true, isConnectedToProvisioningNetwork: false
03-03 15:08:11.821   922   987 D QcConnectivityService: handleCaptivePortalTrackerCheck: call captivePortalCheckComplete ni=NetworkInfo: type: WIFI[], state: CONNECTING/CAPTIVE_PORTAL_CHECK, reason: (unspecified), extra: "AllieGO 5GHz", roaming: false, failover: false, isAvailable: true, isConnectedToProvisioningNetwork: false
03-03 15:08:11.821   922   987 D QcConnectivityService: handleInetConditionChange: no active default network - ignore
03-03 15:08:11.831   922   987 E QcConnectivityService: Unexpected mtu value: android.net.wifi.WifiStateTracker@41945710
03-03 15:08:11.961   922   987 D Nat464Xlat: requiresClat: netType=1, hasIPv4Address=true
03-03 15:08:13.151   922   987 D QcConnectivityService: handleConnectivityChange: addresses changed linkProperty[1]: resetMask=0
03-03 15:08:13.151   922   987 D QcConnectivityService:    car=removed=[] added=[fe80::ce1b:e0ff:fe61:8a30/64,]
03-03 15:08:13.151   922   987 E QcConnectivityService: Exception while trying to add src route: java.lang.NullPointerException
03-03 15:08:13.151   922   987 D Nat464Xlat: requiresClat: netType=1, hasIPv4Address=true
03-03 15:08:24.981   922  1067 D QcConnectivityService: setProvNotificationVisible: E visible=false networkType=1 extraInfo=null url=null
03-03 15:08:25.361   922  1067 D QcConnectivityService: captivePortalCheckCompleted: ni=NetworkInfo: type: WIFI[], state: CONNECTED/CONNECTED, reason: (unspecified), extra: "AllieGO 5GHz", roaming: false, failover: false, isAvailable: true, isConnectedToProvisioningNetwork: false captive=false
03-03 15:12:08.911   922   987 D QcConnectivityService: Captive portal check NetworkInfo: type: WIFI[], state: CONNECTING/CAPTIVE_PORTAL_CHECK, reason: (unspecified), extra: "AllieGO 5GHz", roaming: false, failover: false, isAvailable: true, isConnectedToProvisioningNetwork: false
03-03 15:12:08.911   922   987 D QcConnectivityService: handleCaptivePortalTrackerCheck: call captivePortalCheckComplete ni=NetworkInfo: type: WIFI[], state: CONNECTING/CAPTIVE_PORTAL_CHECK, reason: (unspecified), extra: "AllieGO 5GHz", roaming: false, failover: false, isAvailable: true, isConnectedToProvisioningNetwork: false
03-03 15:12:08.911   922   987 D QcConnectivityService: handleInetConditionChange: net=0 != default=1 - ignore
03-03 15:12:08.921   922   987 E QcConnectivityService: Unexpected mtu value: android.net.wifi.WifiStateTracker@41945710
03-03 15:12:08.931   922   987 D QcConnectivityService: handleConnectivityChange: address are the same reset per doReset linkProperty[1]: resetMask=0
03-03 15:12:08.931   922   987 D Nat464Xlat: requiresClat: netType=1, hasIPv4Address=true
03-03 15:14:00.001   922   946 I ProcessStatsService: Prepared write state in 6ms
03-03 15:16:56.891   922   987 D QcConnectivityService: Sampling interval elapsed, updating statistics ..
03-03 15:16:56.911   922   987 D QcConnectivityService: Done.
03-03 15:16:56.911   922   987 D QcConnectivityService: Setting timer for 720seconds
03-03 15:17:08.961   922   987 D QcConnectivityService: Captive portal check NetworkInfo: type: WIFI[], state: CONNECTING/CAPTIVE_PORTAL_CHECK, reason: (unspecified), extra: "AllieGO 5GHz", roaming: false, failover: false, isAvailable: true, isConnectedToProvisioningNetwork: false
03-03 15:17:08.961   922   987 D QcConnectivityService: handleCaptivePortalTrackerCheck: call captivePortalCheckComplete ni=NetworkInfo: type: WIFI[], state: CONNECTING/CAPTIVE_PORTAL_CHECK, reason: (unspecified), extra: "AllieGO 5GHz", roaming: false, failover: false, isAvailable: true, isConnectedToProvisioningNetwork: false
03-03 15:17:08.961   922   987 D QcConnectivityService: handleInetConditionChange: net=0 != default=1 - ignore
03-03 15:17:08.981   922   987 E QcConnectivityService: Unexpected mtu value: android.net.wifi.WifiStateTracker@41945710
03-03 15:17:08.991   922   987 D QcConnectivityService: handleConnectivityChange: address are the same reset per doReset linkProperty[1]: resetMask=0
03-03 15:17:08.991   922   987 D Nat464Xlat: requiresClat: netType=1, hasIPv4Address=true
03-03 15:22:09.001   922   987 D QcConnectivityService: Captive portal check NetworkInfo: type: WIFI[], state: CONNECTING/CAPTIVE_PORTAL_CHECK, reason: (unspecified), extra: "AllieGO 5GHz", roaming: false, failover: false, isAvailable: true, isConnectedToProvisioningNetwork: false
03-03 15:22:09.001   922   987 D QcConnectivityService: handleCaptivePortalTrackerCheck: call captivePortalCheckComplete ni=NetworkInfo: type: WIFI[], state: CONNECTING/CAPTIVE_PORTAL_CHECK, reason: (unspecified), extra: "AllieGO 5GHz", roaming: false, failover: false, isAvailable: true, isConnectedToProvisioningNetwork: false
03-03 15:22:09.001   922   987 D QcConnectivityService: handleInetConditionChange: net=0 != default=1 - ignore
03-03 15:22:09.021   922   987 E QcConnectivityService: Unexpected mtu value: android.net.wifi.WifiStateTracker@41945710
03-03 15:22:09.031   922   987 D QcConnectivityService: handleConnectivityChange: address are the same reset per doReset linkProperty[1]: resetMask=0
03-03 15:22:09.031   922   987 D Nat464Xlat: requiresClat: netType=1, hasIPv4Address=true
03-03 15:26:57.421   922   987 D QcConnectivityService: Captive portal check NetworkInfo: type: WIFI[], state: CONNECTING/CAPTIVE_PORTAL_CHECK, reason: (unspecified), extra: "AllieGO 5GHz", roaming: false, failover: false, isAvailable: true, isConnectedToProvisioningNetwork: false
03-03 15:26:57.421   922   987 D QcConnectivityService: handleCaptivePortalTrackerCheck: call captivePortalCheckComplete ni=NetworkInfo: type: WIFI[], state: CONNECTING/CAPTIVE_PORTAL_CHECK, reason: (unspecified), extra: "AllieGO 5GHz", roaming: false, failover: false, isAvailable: true, isConnectedToProvisioningNetwork: false
03-03 15:26:57.421   922   987 D QcConnectivityService: handleInetConditionChange: net=0 != default=1 - ignore
03-03 15:26:57.441   922   987 E QcConnectivityService: Unexpected mtu value: android.net.wifi.WifiStateTracker@41945710
03-03 15:26:57.451   922   987 D QcConnectivityService: handleConnectivityChange: address are the same reset per doReset linkProperty[1]: resetMask=0
03-03 15:26:57.451   922   987 D Nat464Xlat: requiresClat: netType=1, hasIPv4Address=true
03-03 15:28:56.911   922   987 D QcConnectivityService: Sampling interval elapsed, updating statistics ..
03-03 15:28:56.921   922   987 D QcConnectivityService: Done.
03-03 15:28:56.921   922   987 D QcConnectivityService: Setting timer for 720seconds
03-03 15:31:05.031   922   946 W ProcessCpuTracker: Skipping unknown process pid 16906
03-03 15:31:45.851   922   987 D QcConnectivityService: Captive portal check NetworkInfo: type: WIFI[], state: CONNECTING/CAPTIVE_PORTAL_CHECK, reason: (unspecified), extra: "AllieGO 5GHz", roaming: false, failover: false, isAvailable: true, isConnectedToProvisioningNetwork: false
03-03 15:31:45.851   922   987 D QcConnectivityService: handleCaptivePortalTrackerCheck: call captivePortalCheckComplete ni=NetworkInfo: type: WIFI[], state: CONNECTING/CAPTIVE_PORTAL_CHECK, reason: (unspecified), extra: "AllieGO 5GHz", roaming: false, failover: false, isAvailable: true, isConnectedToProvisioningNetwork: false
03-03 15:31:45.851   922   987 D QcConnectivityService: handleInetConditionChange: net=0 != default=1 - ignore
03-03 15:31:45.871   922   987 E QcConnectivityService: Unexpected mtu value: android.net.wifi.WifiStateTracker@41945710
03-03 15:31:45.871   922   987 D QcConnectivityService: handleConnectivityChange: address are the same reset per doReset linkProperty[1]: resetMask=0
03-03 15:31:45.871   922   987 D Nat464Xlat: requiresClat: netType=1, hasIPv4Address=true
03-03 15:35:00.031   922   922 I EntropyMixer: Writing entropy...
--------- beginning of /dev/log/main
03-03 15:35:01.481  2042  2058 E QcrilMsgTunnelSocket: IOException - java.io.IOException: No such file or directory Reason: No such file or directory
03-03 15:35:01.521  1656  1656 D wpa_supplicant: RX ctrl_iface - hexdump(len=11): 53 49 47 4e 41 4c 5f 50 4f 4c 4c
03-03 15:35:01.521  1656  1656 D wpa_supplicant: wlan0: Control interface command 'SIGNAL_POLL'
03-03 15:35:01.531  1656  1656 D wpa_supplicant: nl80211: survey data missing!
03-03 15:35:03.891   215   215 V WLAN_PSA: NL MSG, len[048], NL type[0x11] WNI type[0x5050] len[028]
03-03 15:35:04.531  1656  1656 D wpa_supplicant: RX ctrl_iface - hexdump(len=11): 53 49 47 4e 41 4c 5f 50 4f 4c 4c
03-03 15:35:04.531  1656  1656 D wpa_supplicant: wlan0: Control interface command 'SIGNAL_POLL'
03-03 15:35:04.551  1656  1656 D wpa_supplicant: nl80211: survey data missing!
03-03 15:35:04.751 17009 17009 D QSEECOMAPI: : QSEECom_get_handle sb_length = 0x2000
03-03 15:35:04.751 17009 17009 D QSEECOMAPI: : App is not loaded in QSEE
03-03 15:35:04.751 17009 17009 E QSEECOMAPI: : Error::Cannot open the file /vendor/firmware/keymaster/keymaster.mdt
03-03 15:35:04.751 17009 17009 E QSEECOMAPI: : Error::Loading image failed with ret = -1
03-03 15:35:04.751 17009 17009 D QSEECOMAPI: : QSEECom_get_handle sb_length = 0x2000
03-03 15:35:04.751 17009 17009 D QSEECOMAPI: : App is not loaded in QSEE
03-03 15:35:04.751 17009 17009 E QSEECOMAPI: : Error::Cannot open the file /firmware/image/keymaste.mdt
03-03 15:35:04.751 17009 17009 E QSEECOMAPI: : Error::Loading image failed with ret = -1
03-03 15:35:04.771 17009 17009 E QCOMKeyMaster: Loading keymaster app failied
03-03 15:35:04.771 17009 17009 E keystore: could not open keymaster device in keystore (Operation not permitted)
03-03 15:35:04.771 17009 17009 E keystore: keystore keymaster could not be initialized; exiting
03-03 15:35:04.931  1898  1898 I thundersoftfota:AutoUpdate: onReceive all action====android.intent.action.BATTERY_CHANGED
03-03 15:35:04.931   922  1305 D LBSSystemMonitorService: handleMessage what - 14
03-03 15:35:04.931  1898  1898 I thundersoftfota:AutoUpdate: power level50%
03-03 15:35:04.931   922  1305 D DeviceContext: handleMessage what - 1
03-03 15:35:04.931   922  1112 E LocSvc_api_v02: I/---> locClientSendReq line 2360 QMI_LOC_SET_EXTERNAL_POWER_CONFIG_REQ_V02
03-03 15:35:04.931   922   922 D Ulp_jni : JNI:system_update. Event-3
03-03 15:35:04.931   922  1332 E LocSvc_libulp: I/===> int ulp_msg_process_system_update(UlpSystemEvent) line 1429 
03-03 15:35:04.931   922  1332 E LocSvc_libulp: I/int ulp_msg_process_system_update(UlpSystemEvent): systemEvent:3 
03-03 15:35:04.931   922  1332 E LocSvc_libulp: I/===> int ulp_brain_process_system_update(UlpSystemEvent) line 2322 
03-03 15:35:04.931   922  1332 E LocSvc_libulp: I/===> int ulp_brain_select_providers() line 333 
03-03 15:35:04.931   922  1332 E LocSvc_libulp: W/int ulp_brain_select_providers(), return when ulp_started = 0, phone context_type = 0x0
03-03 15:35:04.931   922  1332 E LocSvc_libulp: ,
03-03 15:35:04.941   922  1154 E LocSvc_ApiV02: I/<--- void globalRespCb(locClientHandleType, uint32_t, locClientRespIndUnionType, void*) line 106 QMI_LOC_SET_EXTERNAL_POWER_CONFIG_REQ_V02
03-03 15:35:05.001  1898  1898 I thundersoftfota:AutoUpdate: onReceive all action====android.intent.action.BATTERY_CHANGED
03-03 15:35:05.001  1898  1898 I thundersoftfota:AutoUpdate: power level50%
03-03 15:35:05.021  1898  1898 I thundersoftfota:AutoUpdate: onReceive all action====android.intent.action.BATTERY_CHANGED
03-03 15:35:05.021  1898  1898 I thundersoftfota:AutoUpdate: power level50%
03-03 15:35:05.091  1898  1898 I thundersoftfota:AutoUpdate: onReceive all action====android.intent.action.BATTERY_CHANGED
03-03 15:35:05.091  1898  1898 I thundersoftfota:AutoUpdate: power level50%
03-03 15:35:05.091   922   922 I EntropyMixer: Writing entropy...
03-03 15:35:05.121   922   922 D Ulp_jni : JNI:system_update. Event-2
03-03 15:35:05.121   922  1305 D LBSSystemMonitorService: handleMessage what - 14
03-03 15:35:05.121   922  1305 D DeviceContext: handleMessage what - 1
03-03 15:35:05.121   922  1112 E LocSvc_api_v02: I/---> locClientSendReq line 2360 QMI_LOC_SET_EXTERNAL_POWER_CONFIG_REQ_V02
03-03 15:35:05.121   922  1332 E LocSvc_libulp: I/===> int ulp_msg_process_system_update(UlpSystemEvent) line 1429 
03-03 15:35:05.121   922  1332 E LocSvc_libulp: I/int ulp_msg_process_system_update(UlpSystemEvent): systemEvent:2 
03-03 15:35:05.121   922  1332 E LocSvc_libulp: I/===> int ulp_brain_process_system_update(UlpSystemEvent) line 2322 
03-03 15:35:05.121   922  1332 E LocSvc_libulp: I/===> int ulp_brain_select_providers() line 333 
03-03 15:35:05.121   922  1332 E LocSvc_libulp: W/int ulp_brain_select_providers(), return when ulp_started = 0, phone context_type = 0x0
03-03 15:35:05.121   922  1332 E LocSvc_libulp: ,
03-03 15:35:05.131   922  1154 E LocSvc_ApiV02: I/<--- void globalRespCb(locClientHandleType, uint32_t, locClientRespIndUnionType, void*) line 106 QMI_LOC_SET_EXTERNAL_POWER_CONFIG_REQ_V02
03-03 15:35:05.131  1898  1898 I thundersoftfota:AutoUpdate: onReceive all action====android.intent.action.BATTERY_CHANGED
03-03 15:35:05.131  1898  1898 I thundersoftfota:AutoUpdate: power level50%
03-03 15:35:05.321   999   999 D StatusBar.NetworkController: refreshViews: Data not connected!! Set no data type icon / Roaming
03-03 15:35:05.321   999   999 D StatusBar.NetworkController: refreshViews connected={ wifi } level=0 combinedSignalIconId=0x7f0200a2/com.android.systemui:drawable/stat_sys_wifi_signal_2_fully mobileLabel= wifiLabel="AllieGO 5GHz"xxxxXXXXxxxxXXXX emergencyOnly=false combinedLabel="AllieGO 5GHz"xxxxXXXXxxxxXXXX mAirplaneMode=false mDataActivity=0 mPhoneSignalIconId=0x0 mQSPhoneSignalIconId=0x0 mDataDirectionIconId=0x0 mDataSignalIconId=0x0 mDataTypeIconId=0x0 mQSDataTypeIconId=0x0 mNoSimIconId=0x0 mWifiIconId=0x7f0200a2 mQSWifiIconId=0x7f02005a mBluetoothTetherIconId=0x10805cc
03-03 15:35:05.481  2042  2058 E QcrilMsgTunnelSocket: IOException - java.io.IOException: No such file or directory Reason: No such file or directory
03-03 15:35:07.551  1656  1656 D wpa_supplicant: RX ctrl_iface - hexdump(len=11): 53 49 47 4e 41 4c 5f 50 4f 4c 4c
03-03 15:35:07.551  1656  1656 D wpa_supplicant: wlan0: Control interface command 'SIGNAL_POLL'
03-03 15:35:07.551  1656  1656 D wpa_supplicant: nl80211: survey data missing!
03-03 15:35:08.901   215   215 V WLAN_PSA: NL MSG, len[048], NL type[0x11] WNI type[0x5050] len[028]
03-03 15:35:09.481  2042  2058 E QcrilMsgTunnelSocket: IOException - java.io.IOException: No such file or directory Reason: No such file or directory
03-03 15:35:09.801 17019 17019 D QSEECOMAPI: : QSEECom_get_handle sb_length = 0x2000
03-03 15:35:09.801 17019 17019 D QSEECOMAPI: : App is not loaded in QSEE
03-03 15:35:09.801 17019 17019 E QSEECOMAPI: : Error::Cannot open the file /vendor/firmware/keymaster/keymaster.mdt
03-03 15:35:09.801 17019 17019 E QSEECOMAPI: : Error::Loading image failed with ret = -1
03-03 15:35:09.811 17019 17019 D QSEECOMAPI: : QSEECom_get_handle sb_length = 0x2000
03-03 15:35:09.811 17019 17019 D QSEECOMAPI: : App is not loaded in QSEE
03-03 15:35:09.811 17019 17019 E QSEECOMAPI: : Error::Cannot open the file /firmware/image/keymaste.mdt
03-03 15:35:09.811 17019 17019 E QSEECOMAPI: : Error::Loading image failed with ret = -1
03-03 15:35:09.821 17019 17019 E QCOMKeyMaster: Loading keymaster app failied
03-03 15:35:09.821 17019 17019 E keystore: could not open keymaster device in keystore (Operation not permitted)
03-03 15:35:09.821 17019 17019 E keystore: keystore keymaster could not be initialized; exiting
03-03 15:35:10.341   999   999 D StatusBar.NetworkController: refreshViews: Data not connected!! Set no data type icon / Roaming
03-03 15:35:10.341   999   999 D StatusBar.NetworkController: refreshViews connected={ wifi } level=0 combinedSignalIconId=0x7f0200a2/com.android.systemui:drawable/stat_sys_wifi_signal_2_fully mobileLabel= wifiLabel="AllieGO 5GHz"xxxxXXXXxxxxXXXX emergencyOnly=false combinedLabel="AllieGO 5GHz"xxxxXXXXxxxxXXXX mAirplaneMode=false mDataActivity=0 mPhoneSignalIconId=0x0 mQSPhoneSignalIconId=0x0 mDataDirectionIconId=0x0 mDataSignalIconId=0x0 mDataTypeIconId=0x0 mQSDataTypeIconId=0x0 mNoSimIconId=0x0 mWifiIconId=0x7f0200a2 mQSWifiIconId=0x7f02005a mBluetoothTetherIconId=0x10805cc
03-03 15:35:10.561  1656  1656 D wpa_supplicant: RX ctrl_iface - hexdump(len=11): 53 49 47 4e 41 4c 5f 50 4f 4c 4c
03-03 15:35:10.561  1656  1656 D wpa_supplicant: wlan0: Control interface command 'SIGNAL_POLL'
03-03 15:35:10.571  1656  1656 D wpa_supplicant: nl80211: survey data missing!
03-03 15:35:11.341   999   999 D StatusBar.NetworkController: refreshViews: Data not connected!! Set no data type icon / Roaming
03-03 15:35:11.341   999   999 D StatusBar.NetworkController: refreshViews connected={ wifi } level=0 combinedSignalIconId=0x7f0200a2/com.android.systemui:drawable/stat_sys_wifi_signal_2_fully mobileLabel= wifiLabel="AllieGO 5GHz"xxxxXXXXxxxxXXXX emergencyOnly=false combinedLabel="AllieGO 5GHz"xxxxXXXXxxxxXXXX mAirplaneMode=false mDataActivity=0 mPhoneSignalIconId=0x0 mQSPhoneSignalIconId=0x0 mDataDirectionIconId=0x0 mDataSignalIconId=0x0 mDataTypeIconId=0x0 mQSDataTypeIconId=0x0 mNoSimIconId=0x0 mWifiIconId=0x7f0200a2 mQSWifiIconId=0x7f02005a mBluetoothTetherIconId=0x10805cc
03-03 15:35:12.341   999   999 D StatusBar.NetworkController: refreshViews: Data not connected!! Set no data type icon / Roaming
03-03 15:35:12.341   999   999 D StatusBar.NetworkController: refreshViews connected={ wifi } level=0 combinedSignalIconId=0x7f0200a2/com.android.systemui:drawable/stat_sys_wifi_signal_2_fully mobileLabel= wifiLabel="AllieGO 5GHz"xxxxXXXXxxxxXXXX emergencyOnly=false combinedLabel="AllieGO 5GHz"xxxxXXXXxxxxXXXX mAirplaneMode=false mDataActivity=0 mPhoneSignalIconId=0x0 mQSPhoneSignalIconId=0x0 mDataDirectionIconId=0x0 mDataSignalIconId=0x0 mDataTypeIconId=0x0 mQSDataTypeIconId=0x0 mNoSimIconId=0x0 mWifiIconId=0x7f0200a2 mQSWifiIconId=0x7f02005a mBluetoothTetherIconId=0x10805cc
03-03 15:35:13.481  2042  2058 E QcrilMsgTunnelSocket: IOException - java.io.IOException: No such file or directory Reason: No such file or directory
03-03 15:35:13.581  1656  1656 D wpa_supplicant: RX ctrl_iface - hexdump(len=11): 53 49 47 4e 41 4c 5f 50 4f 4c 4c
03-03 15:35:13.581  1656  1656 D wpa_supplicant: wlan0: Control interface command 'SIGNAL_POLL'
03-03 15:35:13.591  1656  1656 D wpa_supplicant: nl80211: survey data missing!
03-03 15:35:13.911   215   215 V WLAN_PSA: NL MSG, len[048], NL type[0x11] WNI type[0x5050] len[028]
03-03 15:35:14.851 17021 17021 D QSEECOMAPI: : QSEECom_get_handle sb_length = 0x2000
03-03 15:35:14.851 17021 17021 D QSEECOMAPI: : App is not loaded in QSEE
03-03 15:35:14.851 17021 17021 E QSEECOMAPI: : Error::Cannot open the file /vendor/firmware/keymaster/keymaster.mdt
03-03 15:35:14.851 17021 17021 E QSEECOMAPI: : Error::Loading image failed with ret = -1
03-03 15:35:14.861 17021 17021 D QSEECOMAPI: : QSEECom_get_handle sb_length = 0x2000
03-03 15:35:14.861 17021 17021 D QSEECOMAPI: : App is not loaded in QSEE
03-03 15:35:14.861 17021 17021 E QSEECOMAPI: : Error::Cannot open the file /firmware/image/keymaste.mdt
03-03 15:35:14.861 17021 17021 E QSEECOMAPI: : Error::Loading image failed with ret = -1
03-03 15:35:14.871 17021 17021 E QCOMKeyMaster: Loading keymaster app failied
03-03 15:35:14.871 17021 17021 E keystore: could not open keymaster device in keystore (Operation not permitted)
03-03 15:35:14.871 17021 17021 E keystore: keystore keymaster could not be initialized; exiting
03-03 15:35:15.351   999   999 D StatusBar.NetworkController: refreshViews: Data not connected!! Set no data type icon / Roaming
03-03 15:35:15.351   999   999 D StatusBar.NetworkController: refreshViews connected={ wifi } level=0 combinedSignalIconId=0x7f0200a2/com.android.systemui:drawable/stat_sys_wifi_signal_2_fully mobileLabel= wifiLabel="AllieGO 5GHz"xxxxXXXXxxxxXXXX emergencyOnly=false combinedLabel="AllieGO 5GHz"xxxxXXXXxxxxXXXX mAirplaneMode=false mDataActivity=0 mPhoneSignalIconId=0x0 mQSPhoneSignalIconId=0x0 mDataDirectionIconId=0x0 mDataSignalIconId=0x0 mDataTypeIconId=0x0 mQSDataTypeIconId=0x0 mNoSimIconId=0x0 mWifiIconId=0x7f0200a2 mQSWifiIconId=0x7f02005a mBluetoothTetherIconId=0x10805cc
03-03 15:35:16.351   999   999 D StatusBar.NetworkController: refreshViews: Data not connected!! Set no data type icon / Roaming
03-03 15:35:16.361   999   999 D StatusBar.NetworkController: refreshViews connected={ wifi } level=0 combinedSignalIconId=0x7f0200a2/com.android.systemui:drawable/stat_sys_wifi_signal_2_fully mobileLabel= wifiLabel="AllieGO 5GHz"xxxxXXXXxxxxXXXX emergencyOnly=false combinedLabel="AllieGO 5GHz"xxxxXXXXxxxxXXXX mAirplaneMode=false mDataActivity=0 mPhoneSignalIconId=0x0 mQSPhoneSignalIconId=0x0 mDataDirectionIconId=0x0 mDataSignalIconId=0x0 mDataTypeIconId=0x0 mQSDataTypeIconId=0x0 mNoSimIconId=0x0 mWifiIconId=0x7f0200a2 mQSWifiIconId=0x7f02005a mBluetoothTetherIconId=0x10805cc
03-03 15:35:16.591  1656  1656 D wpa_supplicant: RX ctrl_iface - hexdump(len=11): 53 49 47 4e 41 4c 5f 50 4f 4c 4c
03-03 15:35:16.591  1656  1656 D wpa_supplicant: wlan0: Control interface command 'SIGNAL_POLL'
03-03 15:35:16.601  1656  1656 D wpa_supplicant: nl80211: survey data missing!
03-03 15:35:17.481  2042  2058 E QcrilMsgTunnelSocket: IOException - java.io.IOException: No such file or directory Reason: No such file or directory
03-03 15:35:18.361   999   999 D StatusBar.NetworkController: refreshViews: Data not connected!! Set no data type icon / Roaming
03-03 15:35:18.361   999   999 D StatusBar.NetworkController: refreshViews connected={ wifi } level=0 combinedSignalIconId=0x7f0200a2/com.android.systemui:drawable/stat_sys_wifi_signal_2_fully mobileLabel= wifiLabel="AllieGO 5GHz"xxxxXXXXxxxxXXXX emergencyOnly=false combinedLabel="AllieGO 5GHz"xxxxXXXXxxxxXXXX mAirplaneMode=false mDataActivity=0 mPhoneSignalIconId=0x0 mQSPhoneSignalIconId=0x0 mDataDirectionIconId=0x0 mDataSignalIconId=0x0 mDataTypeIconId=0x0 mQSDataTypeIconId=0x0 mNoSimIconId=0x0 mWifiIconId=0x7f0200a2 mQSWifiIconId=0x7f02005a mBluetoothTetherIconId=0x10805cc
03-03 15:35:18.921   215   215 V WLAN_PSA: NL MSG, len[048], NL type[0x11] WNI type[0x5050] len[028]
03-03 15:35:19.361   999   999 D StatusBar.NetworkController: refreshViews: Data not connected!! Set no data type icon / Roaming
03-03 15:35:19.361   999   999 D StatusBar.NetworkController: refreshViews connected={ wifi } level=0 combinedSignalIconId=0x7f0200a2/com.android.systemui:drawable/stat_sys_wifi_signal_2_fully mobileLabel= wifiLabel="AllieGO 5GHz"xxxxXXXXxxxxXXXX emergencyOnly=false combinedLabel="AllieGO 5GHz"xxxxXXXXxxxxXXXX mAirplaneMode=false mDataActivity=0 mPhoneSignalIconId=0x0 mQSPhoneSignalIconId=0x0 mDataDirectionIconId=0x0 mDataSignalIconId=0x0 mDataTypeIconId=0x0 mQSDataTypeIconId=0x0 mNoSimIconId=0x0 mWifiIconId=0x7f0200a2 mQSWifiIconId=0x7f02005a mBluetoothTetherIconId=0x10805cc
03-03 15:35:19.611  1656  1656 D wpa_supplicant: RX ctrl_iface - hexdump(len=11): 53 49 47 4e 41 4c 5f 50 4f 4c 4c
03-03 15:35:19.611  1656  1656 D wpa_supplicant: wlan0: Control interface command 'SIGNAL_POLL'
03-03 15:35:19.621  1656  1656 D wpa_supplicant: nl80211: survey data missing!
03-03 15:35:19.901 17022 17022 D QSEECOMAPI: : QSEECom_get_handle sb_length = 0x2000
03-03 15:35:19.901 17022 17022 D QSEECOMAPI: : App is not loaded in QSEE
03-03 15:35:19.901 17022 17022 E QSEECOMAPI: : Error::Cannot open the file /vendor/firmware/keymaster/keymaster.mdt
03-03 15:35:19.901 17022 17022 E QSEECOMAPI: : Error::Loading image failed with ret = -1
03-03 15:35:19.911 17022 17022 D QSEECOMAPI: : QSEECom_get_handle sb_length = 0x2000
03-03 15:35:19.911 17022 17022 D QSEECOMAPI: : App is not loaded in QSEE
03-03 15:35:19.911 17022 17022 E QSEECOMAPI: : Error::Cannot open the file /firmware/image/keymaste.mdt
03-03 15:35:19.911 17022 17022 E QSEECOMAPI: : Error::Loading image failed with ret = -1
03-03 15:35:19.921 17022 17022 E QCOMKeyMaster: Loading keymaster app failied
03-03 15:35:19.921 17022 17022 E keystore: could not open keymaster device in keystore (Operation not permitted)
03-03 15:35:19.921 17022 17022 E keystore: keystore keymaster could not be initialized; exiting
03-03 15:35:21.481  2042  2058 E QcrilMsgTunnelSocket: IOException - java.io.IOException: No such file or directory Reason: No such file or directory
03-03 15:35:22.621  1656  1656 D wpa_supplicant: RX ctrl_iface - hexdump(len=11): 53 49 47 4e 41 4c 5f 50 4f 4c 4c
03-03 15:35:22.621  1656  1656 D wpa_supplicant: wlan0: Control interface command 'SIGNAL_POLL'
03-03 15:35:22.631  1656  1656 D wpa_supplicant: nl80211: survey data missing!
03-03 15:35:23.371   999   999 D StatusBar.NetworkController: refreshViews: Data not connected!! Set no data type icon / Roaming
03-03 15:35:23.371   999   999 D StatusBar.NetworkController: refreshViews connected={ wifi } level=0 combinedSignalIconId=0x7f0200a2/com.android.systemui:drawable/stat_sys_wifi_signal_2_fully mobileLabel= wifiLabel="AllieGO 5GHz"xxxxXXXXxxxxXXXX emergencyOnly=false combinedLabel="AllieGO 5GHz"xxxxXXXXxxxxXXXX mAirplaneMode=false mDataActivity=0 mPhoneSignalIconId=0x0 mQSPhoneSignalIconId=0x0 mDataDirectionIconId=0x0 mDataSignalIconId=0x0 mDataTypeIconId=0x0 mQSDataTypeIconId=0x0 mNoSimIconId=0x0 mWifiIconId=0x7f0200a2 mQSWifiIconId=0x7f02005a mBluetoothTetherIconId=0x10805cc
03-03 15:35:23.931   215   215 V WLAN_PSA: NL MSG, len[048], NL type[0x11] WNI type[0x5050] len[028]
03-03 15:35:24.381   999   999 D StatusBar.NetworkController: refreshViews: Data not connected!! Set no data type icon / Roaming
03-03 15:35:24.381   999   999 D StatusBar.NetworkController: refreshViews connected={ wifi } level=0 combinedSignalIconId=0x7f0200a2/com.android.systemui:drawable/stat_sys_wifi_signal_2_fully mobileLabel= wifiLabel="AllieGO 5GHz"xxxxXXXXxxxxXXXX emergencyOnly=false combinedLabel="AllieGO 5GHz"xxxxXXXXxxxxXXXX mAirplaneMode=false mDataActivity=0 mPhoneSignalIconId=0x0 mQSPhoneSignalIconId=0x0 mDataDirectionIconId=0x0 mDataSignalIconId=0x0 mDataTypeIconId=0x0 mQSDataTypeIconId=0x0 mNoSimIconId=0x0 mWifiIconId=0x7f0200a2 mQSWifiIconId=0x7f02005a mBluetoothTetherIconId=0x10805cc
03-03 15:35:24.961 17025 17025 D QSEECOMAPI: : QSEECom_get_handle sb_length = 0x2000
03-03 15:35:24.961 17025 17025 D QSEECOMAPI: : App is not loaded in QSEE
03-03 15:35:24.961 17025 17025 E QSEECOMAPI: : Error::Cannot open the file /vendor/firmware/keymaster/keymaster.mdt
03-03 15:35:24.961 17025 17025 E QSEECOMAPI: : Error::Loading image failed with ret = -1
03-03 15:35:24.971 17025 17025 D QSEECOMAPI: : QSEECom_get_handle sb_length = 0x2000
03-03 15:35:24.971 17025 17025 D QSEECOMAPI: : App is not loaded in QSEE
03-03 15:35:24.971 17025 17025 E QSEECOMAPI: : Error::Cannot open the file /firmware/image/keymaste.mdt
03-03 15:35:24.971 17025 17025 E QSEECOMAPI: : Error::Loading image failed with ret = -1
03-03 15:35:24.971 17025 17025 E QCOMKeyMaster: Loading keymaster app failied
03-03 15:35:24.971 17025 17025 E keystore: could not open keymaster device in keystore (Operation not permitted)
03-03 15:35:24.971 17025 17025 E keystore: keystore keymaster could not be initialized; exiting
