03-02 01:27:56.705   210  2612 E mm-still: int QImageHW10Encoder::OutputHandler(jpege_hw_buf*) 352:Frame done length 64294
03-02 01:27:56.705   210  2612 E mm-still: virtual int OMXJpegEncoder::EncodeComplete(QImage*):524] 
03-02 01:27:56.705   210  2612 E mm-still: virtual int OMXJpegEncoder::EncodeComplete(QImage*):582] MainImage Encoding complete. Filled Length = 64294 m_thumbEncodingComplete 0
03-02 01:27:56.745   999   999 D StatusBar.NetworkController: refreshViews: Data not connected!! Set no data type icon / Roaming
03-02 01:27:56.745   999   999 D StatusBar.NetworkController: refreshViews connected={ wifi } level=0 combinedSignalIconId=0x7f0200a3/com.android.systemui:drawable/stat_sys_wifi_signal_3_fully mobileLabel= wifiLabel="AllieGO 5GHz"xxxxXXXXxxxxXXXX emergencyOnly=false combinedLabel="AllieGO 5GHz"xxxxXXXXxxxxXXXX mAirplaneMode=false mDataActivity=0 mPhoneSignalIconId=0x0 mQSPhoneSignalIconId=0x0 mDataDirectionIconId=0x0 mDataSignalIconId=0x0 mDataTypeIconId=0x0 mQSDataTypeIconId=0x0 mNoSimIconId=0x0 mWifiIconId=0x7f0200a3 mQSWifiIconId=0x7f02005b mBluetoothTetherIconId=0x10805cc
03-02 01:27:56.755   261  2545 E mm-camera: ispif_streamoff: session_id = 1, active_streams = 0
03-02 01:27:56.765   261  2545 E mm-camera: cpp_module_handle_streamoff_event:1973] iden:0x10004, linked_params:0x0
03-02 01:27:56.765   261  2545 E mm-camera: cpp_hardware_process_streamoff:510] skip_iden:0x0, duplicate_stream_status:0x0
03-02 01:27:56.765   261  2545 E mm-camera-sensor: module_sensor_module_process_event: Sending stop bus message
03-02 01:27:56.765   261  2545 E mm-camera: stop_sof_check_thread: Stopping SOF timeout thread
03-02 01:27:56.775   210  2613 E mm-still: void QImageSWEncoder::Encode():2085] 
03-02 01:27:56.775   210  2613 E mm-still: void QImageSWEncoder::Encode():2126] size 3636
03-02 01:27:56.775   210  2613 E mm-still: virtual int OMXJpegEncoder::EncodeComplete(QImage*):524] 
03-02 01:27:56.775   210  2613 E mm-still: virtual int OMXJpegEncoder::EncodeComplete(QImage*):532] Thumbnail Encoding complete.
03-02 01:27:56.775   210  2613 E mm-still: virtual OMX_ERRORTYPE QOMXImageCodec::postMessage(QIBase*):427] Message addr = 0xb73579a8
03-02 01:27:56.775   210  2613 E mm-still: virtual int OMXJpegEncoder::EncodeComplete(QImage*):568] parallel encoding m_mainEncodingComplete 1
03-02 01:27:56.775   210  2611 E mm-still: virtual OMX_ERRORTYPE QOMXImageCodec::handleMessage():455] after cond wait
03-02 01:27:56.775   210  2613 D QCameraPostProc: static int qcamera::QCameraPostProcessor::getJpegMemory(omx_jpeg_ouput_buf_t*): Allocating jpeg out buffer of size: 260902
03-02 01:27:56.775   210  2611 E mm-still: virtual OMX_ERRORTYPE QOMXImageCodec::handleMessage():458] after wait
03-02 01:27:56.775   210  2611 E mm-still: virtual OMX_ERRORTYPE QOMXImageCodec::handleMessage():469] Message addr = 0xb73579a8
03-02 01:27:56.775   210  2611 E mm-still: virtual OMX_ERRORTYPE OMXImageEncoder::processMessage(QIMessage*):1252] E
03-02 01:27:56.775   210  2611 E mm-still: virtual OMX_ERRORTYPE OMXImageEncoder::processMessage(QIMessage*):1311] OMX_MESSAGE_ETB_DONE
03-02 01:27:56.775   210  2611 E mm-still: virtual void QOMXImageCodec::emptyBufferDone(OMX_BUFFERHEADERTYPE*) 684]
03-02 01:27:56.775   210  2611 E mm-jpeg-intf: mm_jpeg_ebd:2541] count 0 
03-02 01:27:56.775   210  2611 E mm-still: virtual OMX_ERRORTYPE QOMXImageCodec::handleMessage():451] before wait
03-02 01:27:56.775   210  2613 E mm-still: virtual void OMXJpegEncoder::WriteComplete(QIBuffer&):684] 
03-02 01:27:56.775   210  2613 E mm-still: int OMXJpegEncoder::CompleteMainImage():472] Encoded image length 69724
03-02 01:27:56.775   210  2613 E mm-still: virtual OMX_ERRORTYPE QOMXImageCodec::postMessage(QIBase*):427] Message addr = 0xb735ba40
03-02 01:27:56.775   210  2613 E mm-still: virtual OMX_ERRORTYPE QOMXImageCodec::postMessage(QIBase*):427] Message addr = 0xb735ba58
03-02 01:27:56.775   210  2611 E mm-still: virtual OMX_ERRORTYPE QOMXImageCodec::handleMessage():455] after cond wait
03-02 01:27:56.775   210  2611 E mm-still: virtual OMX_ERRORTYPE QOMXImageCodec::handleMessage():458] after wait
03-02 01:27:56.775   210  2611 E mm-still: virtual OMX_ERRORTYPE QOMXImageCodec::handleMessage():469] Message addr = 0xb735ba40
03-02 01:27:56.775   210  2613 E mm-still: virtual OMX_ERRORTYPE QOMXImageCodec::postMessage(QIBase*):427] Message addr = 0xb735bae0
03-02 01:27:56.775   210  2611 E mm-still: virtual OMX_ERRORTYPE OMXImageEncoder::processMessage(QIMessage*):1252] E
03-02 01:27:56.775   210  2611 E mm-still: virtual OMX_ERRORTYPE OMXImageEncoder::processMessage(QIMessage*):1311] OMX_MESSAGE_ETB_DONE
03-02 01:27:56.775   210  2611 E mm-still: virtual void QOMXImageCodec::emptyBufferDone(OMX_BUFFERHEADERTYPE*) 684]
03-02 01:27:56.775   210  2611 E mm-jpeg-intf: mm_jpeg_ebd:2541] count 1 
03-02 01:27:56.775   210  2611 E mm-still: virtual OMX_ERRORTYPE QOMXImageCodec::handleMessage():451] before wait
03-02 01:27:56.775   210  2611 E mm-still: virtual OMX_ERRORTYPE QOMXImageCodec::handleMessage():458] after wait
03-02 01:27:56.775   210  2611 E mm-still: virtual OMX_ERRORTYPE QOMXImageCodec::handleMessage():469] Message addr = 0xb735ba58
03-02 01:27:56.775   210  2611 E mm-still: virtual OMX_ERRORTYPE OMXImageEncoder::processMessage(QIMessage*):1252] E
03-02 01:27:56.775   210  2611 E mm-still: virtual OMX_ERRORTYPE OMXImageEncoder::processMessage(QIMessage*):1323] OMX_MESSAGE_FTB_DONE
03-02 01:27:56.775   210  2611 E mm-still: virtual OMX_ERRORTYPE OMXJpegEncoder::releaseCurrentSession():1188] E
03-02 01:27:56.775   210  2611 E mm-still: virtual int QImageHW10Encoder::Stop():1110] mState 0
03-02 01:27:56.775   210  2611 E mm-still: void QIThread::JoinThread():76] thread id b731d450 b7313d70
03-02 01:27:56.775   210  2611 E mm-still: virtual QImageSWEncoder::~QImageSWEncoder():298] state 0
03-02 01:27:56.775   210  2611 E mm-still: virtual int QImageSWEncoder::Stop():838] mState 0
03-02 01:27:56.775   210  2611 E mm-still: void QIThread::JoinThread():76] thread id b7314b60 b7313d70
03-02 01:27:56.775   210  2611 E mm-still: virtual QImageSWEncoder::~QImageSWEncoder():335] X
03-02 01:27:56.775   210  2611 E mm-still: virtual OMX_ERRORTYPE OMXJpegEncoder::releaseCurrentSession():1255] X
03-02 01:27:56.775   210  2611 E mm-still: virtual void QOMXImageCodec::fillBufferDone(OMX_BUFFERHEADERTYPE*) 702]
03-02 01:27:56.775   210  2611 E mm-jpeg-intf: mm_jpeg_fbd:2557] count 0 
03-02 01:27:56.775   210  2611 E mm-jpeg-intf: [KPI Perf] : PROFILE_JPEG_FBD
03-02 01:27:56.775   210  2611 E mm-jpeg-intf: mm_jpeg_fbd:2575] send jpeg callback 0 buf 0x0xb7357218 len 69724 JobID 16777216
03-02 01:27:56.775   210  2529 E mm-camera-intf: mm_stream_fsm_cfg: invalid state (3) for evt (9), in(0xb7350c78), out(0x0)
03-02 01:27:56.775   210  2529 E mm-camera-intf: mm_stream_fsm_cfg: invalid state (3) for evt (9), in(0xb7356ea4), out(0x0)
03-02 01:27:56.775   210  2529 D QCameraPostProc: static void qcamera::QCameraPostProcessor::releaseJpegData(void*, void*) : Rleased job ID 16777216
03-02 01:27:56.775   210  2529 D QCameraPostProc: [KPI Perf] int32_t qcamera::QCameraPostProcessor::processJpegEvt(qcamera::qcamera_jpeg_evt_payload_t*) : jpeg job 16777216
03-02 01:27:56.775   210  2529 D QCameraPostProc: int32_t qcamera::QCameraPostProcessor::processJpegEvt(qcamera::qcamera_jpeg_evt_payload_t*): Dump jpeg_size=69724
03-02 01:27:56.775   210  2529 E QCameraPostProc: int32_t qcamera::QCameraPostProcessor::processJpegEvt(qcamera::qcamera_jpeg_evt_payload_t*) : Calling upperlayer callback to store JPEG image
03-02 01:27:56.775   210  2529 E QCameraPostProc: [KPI Perf] int32_t qcamera::QCameraPostProcessor::processJpegEvt(qcamera::qcamera_jpeg_evt_payload_t*): PROFILE_JPEG_CB 
03-02 01:27:56.775   210  2611 E mm-jpeg-intf: mm_jpegenc_destroy_job:2261] Exif entry count 5 9
03-02 01:27:56.775   210  2611 E mm-jpeg-intf: mm_jpeg_queue_remove_job_by_job_id:2742] found matching job id
03-02 01:27:56.775   210  2549 E mm-jpeg-intf: mm_jpeg_get_session:55] client_idx 0 session_idx 0
03-02 01:27:56.775   210  2549 E mm-jpeg-intf: mm_jpeg_destroy_session:2346] abort todo jobs
03-02 01:27:56.775   210  2549 E mm-jpeg-intf: mm_jpeg_destroy_session:2354] abort ongoing jobs
03-02 01:27:56.775   210  2549 E mm-jpeg-intf: mm_jpeg_session_abort:1192] E
03-02 01:27:56.775   210  2611 E mm-jpeg-intf: mm_jpeg_fbd:2586] 
03-02 01:27:56.775   210  2549 E mm-jpeg-intf: mm_jpeg_session_abort:1234] X
03-02 01:27:56.775   210  2611 E mm-still: virtual OMX_ERRORTYPE QOMXImageCodec::handleMessage():451] before wait
03-02 01:27:56.775   210  2549 E mm-jpeg-intf: mm_jpeg_session_destroy:331] E
03-02 01:27:56.775   210  2549 E mm-jpeg-intf: mm_jpeg_session_change_state:209] new_state 2 p_exec 0x0
03-02 01:27:56.775   210  2611 E mm-still: virtual OMX_ERRORTYPE QOMXImageCodec::handleMessage():458] after wait
03-02 01:27:56.775   210  2611 E mm-still: virtual OMX_ERRORTYPE QOMXImageCodec::handleMessage():469] Message addr = 0xb735bae0
03-02 01:27:56.775   210  2611 E mm-still: virtual OMX_ERRORTYPE OMXImageEncoder::processMessage(QIMessage*):1252] E
03-02 01:27:56.775   210  2611 E mm-still: virtual OMX_ERRORTYPE OMXImageEncoder::processMessage(QIMessage*):1357] OMX_MESSAGE_START_NEW_ENCODE
03-02 01:27:56.775   210  2549 E mm-still: virtual OMX_ERRORTYPE QOMXImageCodec::postMessage(QIBase*):427] Message addr = 0xb7312440
03-02 01:27:56.775   210  2611 E mm-still: virtual OMX_ERRORTYPE QOMXImageCodec::handleMessage():451] before wait
03-02 01:27:56.775   210  2611 E mm-still: virtual OMX_ERRORTYPE QOMXImageCodec::handleMessage():458] after wait
03-02 01:27:56.775   210  2611 E mm-still: virtual OMX_ERRORTYPE QOMXImageCodec::handleMessage():469] Message addr = 0xb7312440
03-02 01:27:56.775   210  2611 E mm-still: virtual OMX_ERRORTYPE OMXImageEncoder::processMessage(QIMessage*):1252] E
03-02 01:27:56.775   210  2611 E mm-still: virtual OMX_ERRORTYPE OMXImageEncoder::processMessage(QIMessage*):1266] OMX_MESSAGE_CHANGE_STATE
03-02 01:27:56.775   210  2611 E mm-still: virtual void QOMXImageCodec::changeState(OMX_STATETYPE):186] From Current State: 3 To New state: 2
03-02 01:27:56.775   210  2611 E mm-still: virtual OMX_ERRORTYPE OMXJpegEncoder::releaseCurrentSession():1188] E
03-02 01:27:56.775   210  2611 E mm-still: virtual int QImageHW10Encoder::Stop():1110] mState 0
03-02 01:27:56.775   210  2611 E mm-still: virtual OMX_ERRORTYPE OMXJpegEncoder::releaseCurrentSession():1255] X
03-02 01:27:56.775   210  2611 E mm-still: virtual void QOMXImageCodec::changeState(OMX_STATETYPE): 299] State change from OMX_StateExecuting to OMX_StateIdle
03-02 01:27:56.775   210  2611 E mm-jpeg-intf: mm_jpeg_event_handler:2603] 0 0 2 state 2
03-02 01:27:56.775   210  2549 E mm-jpeg-intf: mm_jpeg_session_change_state:234] 
03-02 01:27:56.775   210  2549 E mm-jpeg-intf: mm_jpeg_session_change_state:249] 
03-02 01:27:56.775   210  2549 E mm-jpeg-intf: mm_jpeg_session_change_state:251] before wait
03-02 01:27:56.775   210  2611 E mm-jpeg-intf: mm_jpeg_event_handler:2643]
03-02 01:27:56.775   210  2611 E mm-still: virtual OMX_ERRORTYPE QOMXImageCodec::handleMessage():451] before wait
03-02 01:27:56.775   210  2549 E mm-jpeg-intf: mm_jpeg_session_change_state:253] after wait
03-02 01:27:56.775   210  2549 E mm-jpeg-intf: mm_jpeg_session_change_state:256] 
03-02 01:27:56.775   210  2549 E mm-jpeg-intf: mm_jpeg_session_change_state:209] new_state 1 p_exec 0xb6299219
03-02 01:27:56.775   210  2549 E mm-still: virtual OMX_ERRORTYPE QOMXImageCodec::postMessage(QIBase*):427] Message addr = 0xb7312440
03-02 01:27:56.775   210  2611 E mm-still: virtual OMX_ERRORTYPE QOMXImageCodec::handleMessage():455] after cond wait
03-02 01:27:56.775   210  2611 E mm-still: virtual OMX_ERRORTYPE QOMXImageCodec::handleMessage():458] after wait
03-02 01:27:56.775   210  2611 E mm-still: virtual OMX_ERRORTYPE QOMXImageCodec::handleMessage():469] Message addr = 0xb7312440
03-02 01:27:56.775   210  2611 E mm-still: virtual OMX_ERRORTYPE OMXImageEncoder::processMessage(QIMessage*):1252] E
03-02 01:27:56.775   210  2611 E mm-still: virtual OMX_ERRORTYPE OMXImageEncoder::processMessage(QIMessage*):1266] OMX_MESSAGE_CHANGE_STATE
03-02 01:27:56.775   210  2611 E mm-still: virtual void QOMXImageCodec::changeState(OMX_STATETYPE):186] From Current State: 2 To New state: 1
03-02 01:27:56.775   210  2611 E mm-still: virtual void QOMXImageCodec::changeState(OMX_STATETYPE):219] State change from OMX_StateIdle to OMX_StateLoaded Pending
03-02 01:27:56.775   210  2611 E mm-still: virtual OMX_ERRORTYPE QOMXImageCodec::handleMessage():451] before wait
03-02 01:27:56.775   210  2549 E mm-jpeg-intf: mm_jpeg_session_change_state:234] 
03-02 01:27:56.775   210  2549 E mm-jpeg-intf: mm_jpeg_session_free_buffers:156] Source buffer 0
03-02 01:27:56.775   210  2549 E mm-still: virtual OMX_ERRORTYPE OMXImageEncoder::omx_component_free_buffer(OMX_HANDLETYPE, OMX_U32, OMX_BUFFERHEADERTYPE*):1895] state 2
03-02 01:27:56.775   210  2549 E mm-jpeg-intf: mm_jpeg_session_free_buffers:156] Source buffer 1
03-02 01:27:56.775   210  2549 E mm-still: virtual OMX_ERRORTYPE OMXImageEncoder::omx_component_free_buffer(OMX_HANDLETYPE, OMX_U32, OMX_BUFFERHEADERTYPE*):1895] state 2
03-02 01:27:56.775   210  2549 E mm-still: virtual OMX_ERRORTYPE OMXImageEncoder::omx_component_free_buffer(OMX_HANDLETYPE, OMX_U32, OMX_BUFFERHEADERTYPE*):1911] Releasing 2 input bufferheaders
03-02 01:27:56.775   210  2549 E mm-jpeg-intf: mm_jpeg_session_free_buffers:165] Source buffer 0
03-02 01:27:56.775   210  2549 E mm-still: virtual OMX_ERRORTYPE OMXImageEncoder::omx_component_free_buffer(OMX_HANDLETYPE, OMX_U32, OMX_BUFFERHEADERTYPE*):1895] state 2
03-02 01:27:56.775   210  2549 E mm-jpeg-intf: mm_jpeg_session_free_buffers:165] Source buffer 1
03-02 01:27:56.775   210  2549 E mm-still: virtual OMX_ERRORTYPE OMXImageEncoder::omx_component_free_buffer(OMX_HANDLETYPE, OMX_U32, OMX_BUFFERHEADERTYPE*):1895] state 2
03-02 01:27:56.775   210  2549 E mm-jpeg-intf: mm_jpeg_session_free_buffers:165] Source buffer 2
03-02 01:27:56.775   210  2549 E mm-still: virtual OMX_ERRORTYPE OMXImageEncoder::omx_component_free_buffer(OMX_HANDLETYPE, OMX_U32, OMX_BUFFERHEADERTYPE*):1895] state 2
03-02 01:27:56.775   210  2549 E mm-still: virtual OMX_ERRORTYPE OMXImageEncoder::omx_component_free_buffer(OMX_HANDLETYPE, OMX_U32, OMX_BUFFERHEADERTYPE*):1923]: Releasing 3 input Tmb bufferheaders
03-02 01:27:56.775   210  2549 E mm-jpeg-intf: mm_jpeg_session_free_buffers:174] Dest buffer 0
03-02 01:27:56.775   210  2549 E mm-still: virtual OMX_ERRORTYPE OMXImageEncoder::omx_component_free_buffer(OMX_HANDLETYPE, OMX_U32, OMX_BUFFERHEADERTYPE*):1895] state 2
03-02 01:27:56.775   210  2549 E mm-jpeg-intf: mm_jpeg_session_free_buffers:174] Dest buffer 1
03-02 01:27:56.775   210  2549 E mm-still: virtual OMX_ERRORTYPE OMXImageEncoder::omx_component_free_buffer(OMX_HANDLETYPE, OMX_U32, OMX_BUFFERHEADERTYPE*):1895] state 2
03-02 01:27:56.775   210  2549 E mm-still: virtual OMX_ERRORTYPE OMXImageEncoder::omx_component_free_buffer(OMX_HANDLETYPE, OMX_U32, OMX_BUFFERHEADERTYPE*):1935]: Releasing 2 output bufferheaders
03-02 01:27:56.775   210  2549 E mm-still: virtual OMX_ERRORTYPE OMXJpegEncoder::releaseCodecLibs():1161] E
03-02 01:27:56.775   210  2549 E mm-still: virtual int QImageHW10Encoder::Stop():1110] mState 0
03-02 01:27:56.775   210  2549 E jpeg_hw : jpege_lib_release:496] closed /dev/jpeg0
03-02 01:27:56.775   210  2549 E mm-still: void QImageHW10Encoder::UnLoad():1429: ptr 0xb2b315b8
03-02 01:27:56.775   210  2549 E mm-still: virtual OMX_ERRORTYPE OMXJpegEncoder::releaseCodecLibs():1172] X
03-02 01:27:56.775   210  2549 E mm-still: virtual OMX_ERRORTYPE QOMXImageCodec::postMessage(QIBase*):427] Message addr = 0xb7312440
03-02 01:27:56.775   210  2549 E mm-still: virtual OMX_ERRORTYPE OMXImageEncoder::omx_component_free_buffer(OMX_HANDLETYPE, OMX_U32, OMX_BUFFERHEADERTYPE*):1965: Free Buffer complete: State change fromOMX_StateLoadedPending to OMX_StateLoaded
03-02 01:27:56.775   210  2549 E mm-jpeg-intf: mm_jpeg_session_free_buffers:181]
03-02 01:27:56.775   210  2611 E mm-still: virtual OMX_ERRORTYPE QOMXImageCodec::handleMessage():455] after cond wait
03-02 01:27:56.775   210  2549 E mm-jpeg-intf: mm_jpeg_session_change_state:249] 
03-02 01:27:56.775   210  2611 E mm-still: virtual OMX_ERRORTYPE QOMXImageCodec::handleMessage():458] after wait
03-02 01:27:56.775   210  2549 E mm-jpeg-intf: mm_jpeg_session_change_state:251] before wait
03-02 01:27:56.775   210  2611 E mm-still: virtual OMX_ERRORTYPE QOMXImageCodec::handleMessage():469] Message addr = 0xb7312440
03-02 01:27:56.775   210  2611 E mm-still: virtual OMX_ERRORTYPE OMXImageEncoder::processMessage(QIMessage*):1252] E
03-02 01:27:56.775   210  2611 E mm-still: virtual OMX_ERRORTYPE OMXImageEncoder::processMessage(QIMessage*):1349] OMX_MESSAGE_CHANGE_STATE_DONE
03-02 01:27:56.775   210  2611 E mm-jpeg-intf: mm_jpeg_event_handler:2603] 0 0 1 state 2
03-02 01:27:56.775   210  2549 E mm-jpeg-intf: mm_jpeg_session_change_state:253] after wait
03-02 01:27:56.775   210  2549 E mm-jpeg-intf: mm_jpeg_session_change_state:256] 
03-02 01:27:56.775   210  2549 E qomx_image_core: OMX_FreeHandle:331] 
03-02 01:27:56.775   210  2549 E qomx_image_core: get_idx_from_handle:290] comp_idx 0 inst_idx 0
03-02 01:27:56.775   210  2549 E mm-still: OMX_ERRORTYPE qomx_component_deinit(OMX_HANDLETYPE) 206: Component State: 1 Calling Deinit
03-02 01:27:56.775   210  2549 E mm-still: virtual OMX_ERRORTYPE OMXImageEncoder::omx_component_deinit(OMX_HANDLETYPE) 2016]: 
03-02 01:27:56.775   210  2549 E mm-still: virtual OMX_ERRORTYPE OMXImageEncoder::omx_component_deinit(OMX_HANDLETYPE) 2032]: 
03-02 01:27:56.775   210  2549 E mm-still: void OMXImageEncoder::abortMessageThread() 1996]: mState 1
03-02 01:27:56.775   210  2549 E mm-still: void QIThread::JoinThread():76] thread id b7313d70 b7331f30
03-02 01:27:56.775   210  2611 E mm-jpeg-intf: mm_jpeg_event_handler:2643]
03-02 01:27:56.775   210  2611 E mm-still: virtual OMX_ERRORTYPE QOMXImageCodec::handleMessage():451] before wait
03-02 01:27:56.775   210  2611 E mm-still: virtual OMX_ERRORTYPE QOMXImageCodec::handleMessage():458] after wait
03-02 01:27:56.775   210  2549 E mm-still: virtual OMX_ERRORTYPE OMXImageEncoder::omx_component_deinit(OMX_HANDLETYPE) 2035]: m_state 1
03-02 01:27:56.775   210  2549 E qomx_image_core: OMX_FreeHandle:366] Success
03-02 01:27:56.775   210  2549 E mm-jpeg-intf: mm_jpeg_session_destroy:378] X
03-02 01:27:56.775   210  2549 E mm-jpeg-intf: mm_jpeg_remove_session_idx:118] client_idx 0 session_idx 0
03-02 01:27:56.775   210  2549 E mm-jpeg-intf: mm_jpeg_destroy_session:2390] X
03-02 01:27:56.775   210  2529 E mm-camera-intf: mm_channel_fsm_fn_stopped: invalid state (1) for evt (5)
03-02 01:27:56.785   210  2529 I QCameraHWI_Mem: deallocate: E 
03-02 01:27:56.785   210  2529 I QCameraHWI_Mem:  deallocate : X 
03-02 01:27:56.785   261  2545 E mm-camera: mct_stream_streamoff: Enter
03-02 01:27:56.785   261  2545 E mm-camera: mct_stream_streamoff: Enter
03-02 01:27:56.785   261  2545 E mm-camera-sensor: port_sensor_unlink_func:217 ide 10004
03-02 01:27:56.785   261  2545 E mm-camera-sensor: port_sensor_caps_unreserve:180 ide 10004
03-02 01:27:56.785   261  2545 E mm-camera: mct_stream_streamoff: Enter
03-02 01:27:56.785   261  2545 E mm-camera-sensor: port_sensor_unlink_func:217 ide 10005
03-02 01:27:56.785   261  2545 E mm-camera-sensor: port_sensor_caps_unreserve:180 ide 10005
03-02 01:27:56.795 31545  2614 D Camera-JNI: stopPreview
03-02 01:27:56.795   210   996 I CameraClient: stopPreview: Disable picture related messages
03-02 01:27:56.795   210   996 E QCamera2HWI: [KPI Perf] static void qcamera::QCamera2HardwareInterface::stop_preview(camera_device*): E PROFILE_STOP_PREVIEW
03-02 01:27:56.795   261  2564 E mm-camera: cpp_module_handle_streamoff_event:1973] iden:0x20002, linked_params:0x0
03-02 01:27:56.795   261  2564 E mm-camera: cpp_hardware_process_streamoff:510] skip_iden:0x0, duplicate_stream_status:0x0
03-02 01:27:56.795   261  2562 E mm-camera: isp_hw_action: last pix stop, pix_cnt = 1, cnt = 1
03-02 01:27:56.795   261  2595 E mm-camera: isp_thread_proc_cmd: start/stop, thread_data = 0xb7783f9c, action_code = 2
03-02 01:27:56.795   261  2595 E mm-camera: isp_axi_util_subscribe_v4l2_event: event_type = 0x8000100, is_subscribe = 0
03-02 01:27:56.795   261  2562 E mm-camera: isp_hw_action: hw_thread for ack
03-02 01:27:56.895  1639  1639 D wpa_supplicant: RX ctrl_iface - hexdump(len=11): 53 49 47 4e 41 4c 5f 50 4f 4c 4c
03-02 01:27:56.895  1639  1639 D wpa_supplicant: wlan0: Control interface command 'SIGNAL_POLL'
03-02 01:27:56.905  1639  1639 D wpa_supplicant: nl80211: survey data missing!
03-02 01:27:57.025   261  2595 E mm-camera: stats_action_buf_config: cfg = 0, stats_mask = 0x6b8
03-02 01:27:57.035   261  2595 E mm-camera: isp_thread_proc_cmd: start/stop ack done, thread_data = 0xb7783f9c, action_code = 3, rc = 0
03-02 01:27:57.035   261  2564 E mm-camera: stream id 2, stream num_meta 0
03-02 01:27:57.155   261  2564 E mm-camera: ispif_streamoff: session_id = 2, active_streams = 0
03-02 01:27:57.155   261  2564 E mm-camera-sensor: module_sensor_module_process_event: Sending stop bus message
03-02 01:27:57.155   261  2564 E mm-camera: stop_sof_check_thread: Stopping SOF timeout thread
03-02 01:27:57.165   210  2553 I QCameraHWI_Mem: deallocate: E 
03-02 01:27:57.175   210  2553 I QCameraHWI_Mem:  deallocate : X 
03-02 01:27:57.175   261  2564 E mm-camera: mct_stream_streamoff: Enter
03-02 01:27:57.175   261  2564 E mm-camera-sensor: port_sensor_unlink_func:217 ide 20002
03-02 01:27:57.175   261  2564 E mm-camera-sensor: port_sensor_caps_unreserve:180 ide 20002
03-02 01:27:57.185   261  2564 E mm-camera-img: faceproc_save_album:794] Error No album 
03-02 01:27:57.185   261  2564 E mm-camera-img: faceproc_comp_eng_destroy: Album save failed -1
03-02 01:27:57.185   210   210 E QCamera2HWI: [KPI Perf] static void qcamera::QCamera2HardwareInterface::stop_preview(camera_device*): E PROFILE_STOP_PREVIEW
03-02 01:27:57.185   210  2553 D QCameraStateMachine: int32_t qcamera::QCameraStateMachine::procEvtPreviewStoppedState(qcamera::qcamera_sm_evt_enum_t, void*): already in preview stopped state, do nothing
03-02 01:27:57.185   210  2553 D QCameraStateMachine: int32_t qcamera::QCameraStateMachine::procEvtPreviewStoppedState(qcamera::qcamera_sm_evt_enum_t, void*): No ops for evt(20) in state(0)
03-02 01:27:57.195   210   210 I CameraClient: Destroying camera 1
03-02 01:27:57.205   210   210 E mm-jpeg-intf: mm_jpeg_close:2500] E
03-02 01:27:57.205   210   210 E mm-jpeg-intf: mm_jpeg_close:2505] 
03-02 01:27:57.205   210   210 E mm-jpeg-intf: mm_jpeg_close:2513] 
03-02 01:27:57.205   210   210 E mm-jpeg-intf: mm_jpeg_close:2523] 
03-02 01:27:57.205   210   210 E mm-jpeg-intf: mm_jpeg_close:2530] X
03-02 01:27:57.205   210   210 E QCameraPostProc: int32_t qcamera::QCameraPostProcessor::deinit(): Jpeg closed, rc = 0, mJpegClientHandle = 36801
03-02 01:27:57.205   210   210 I Thermal-Lib: Thermal-Lib-Client: Unregisteration is successfull for handle:1
03-02 01:27:57.205   221   357 I ThermalEngine: Thermal-Server: removing client on fd 10
03-02 01:27:57.205   210   210 I Thermal-Lib: Thermal-Lib-Client: Unregisteration is successfull for handle:2
03-02 01:27:57.205   261  2564 E mm-camera: mct_pipeline_get_stream: no children
03-02 01:27:57.205   261  2564 E mm-camera: mct_pipeline_process_set:1402: Couldn't find stream
03-02 01:27:57.215   261  2618 E mm-camera: gyro_port_deinit: Deinit DSPS
03-02 01:27:57.215   261  2620 E mm-camera: module_imglib_free_port:1667 port 0xb77baa60 p_mct_mod 0xb72937c8
03-02 01:27:57.215   210  2553 D QCameraStateMachine: static void* qcamera::QCameraStateMachine::smEvtProcRoutine(void*): X
03-02 01:27:57.215 31545  2614 D Camera  : release camera success!
03-02 01:27:57.215 31545  2614 D Camera-JNI: stopPreview
03-02 01:27:57.225   210   996 I CameraClient: stopPreview: Disable picture related messages
03-02 01:27:57.225   210   996 E QCamera2HWI: [KPI Perf] static void qcamera::QCamera2HardwareInterface::stop_preview(camera_device*): E PROFILE_STOP_PREVIEW
03-02 01:27:57.225   210  2529 D QCameraStateMachine: int32_t qcamera::QCameraStateMachine::procEvtPreviewStoppedState(qcamera::qcamera_sm_evt_enum_t, void*): already in preview stopped state, do nothing
03-02 01:27:57.225   210   210 E QCamera2HWI: [KPI Perf] static void qcamera::QCamera2HardwareInterface::stop_preview(camera_device*): E PROFILE_STOP_PREVIEW
03-02 01:27:57.225   210  2529 D QCameraStateMachine: int32_t qcamera::QCameraStateMachine::procEvtPreviewStoppedState(qcamera::qcamera_sm_evt_enum_t, void*): already in preview stopped state, do nothing
03-02 01:27:57.225   210  2529 D QCameraStateMachine: int32_t qcamera::QCameraStateMachine::procEvtPreviewStoppedState(qcamera::qcamera_sm_evt_enum_t, void*): No ops for evt(20) in state(0)
03-02 01:27:57.225   210   210 I CameraClient: Destroying camera 0
03-02 01:27:57.245   261  2544 E mm-camera-sensor: Got some events
03-02 01:27:57.245   261  2544 E mm-camera-sensor: sensor_thread_func:152 sensor_thread_func:Sensor thread is exiting
03-02 01:27:57.495   218   218 V WLAN_PSA: NL MSG, len[048], NL type[0x11] WNI type[0x5050] len[028]
03-02 01:27:57.715   210   210 E mm-jpeg-intf: mm_jpeg_close:2500] E
03-02 01:27:57.715   210   210 E mm-jpeg-intf: mm_jpeg_close:2505] 
03-02 01:27:57.715   210   210 E mm-jpeg-intf: mm_jpeg_close:2513] 
03-02 01:27:57.715   210   210 E mm-jpeg-intf: mm_jpeg_close:2523] 
03-02 01:27:57.715   210   210 E mm-jpeg-intf: mm_jpeg_close:2530] X
03-02 01:27:57.715   210   210 E qomx_image_core: OMX_Deinit:118] Complete
03-02 01:27:57.725   210   210 E QCameraPostProc: int32_t qcamera::QCameraPostProcessor::deinit(): Jpeg closed, rc = 0, mJpegClientHandle = 36700
03-02 01:27:57.735   261  2545 E mm-camera: mct_pipeline_get_stream: no children
03-02 01:27:57.735   261  2545 E mm-camera: mct_pipeline_process_set:1402: Couldn't find stream
03-02 01:27:57.735   261  2624 E mm-camera: gyro_port_deinit: Deinit DSPS
03-02 01:27:57.735   261  2624 E mm-camera: gyro_port_deinit: DSPS deinited
03-02 01:27:57.745   210  2529 D QCameraStateMachine: static void* qcamera::QCameraStateMachine::smEvtProcRoutine(void*): X
03-02 01:27:57.745 31545  2614 D Camera  : release camera success!
03-02 01:27:57.745 31545  2614 D streaming: 01:27:57.753 24193.063 [CameraManager:run:153]: Stop cameras
03-02 01:27:57.745   261  2543 E mm-camera: c2d_thread_process_pipe_message:697, C2D_THREAD_MSG_ABORT: c2d_thread exiting..
03-02 01:27:57.915  1968  1982 E QcrilMsgTunnelSocket: IOException - java.io.IOException: No such file or directory Reason: No such file or directory
03-02 01:27:58.755   999   999 D StatusBar.NetworkController: refreshViews: Data not connected!! Set no data type icon / Roaming
03-02 01:27:58.755   999   999 D StatusBar.NetworkController: refreshViews connected={ wifi } level=0 combinedSignalIconId=0x7f0200a3/com.android.systemui:drawable/stat_sys_wifi_signal_3_fully mobileLabel= wifiLabel="AllieGO 5GHz"xxxxXXXXxxxxXXXX emergencyOnly=false combinedLabel="AllieGO 5GHz"xxxxXXXXxxxxXXXX mAirplaneMode=false mDataActivity=0 mPhoneSignalIconId=0x0 mQSPhoneSignalIconId=0x0 mDataDirectionIconId=0x0 mDataSignalIconId=0x0 mDataTypeIconId=0x0 mQSDataTypeIconId=0x0 mNoSimIconId=0x0 mWifiIconId=0x7f0200a3 mQSWifiIconId=0x7f02005b mBluetoothTetherIconId=0x10805cc
03-02 01:27:58.805  2627  2627 D QSEECOMAPI: : QSEECom_get_handle sb_length = 0x2000
03-02 01:27:58.805  2627  2627 D QSEECOMAPI: : App is not loaded in QSEE
03-02 01:27:58.805  2627  2627 E QSEECOMAPI: : Error::Cannot open the file /vendor/firmware/keymaster/keymaster.mdt
03-02 01:27:58.805  2627  2627 E QSEECOMAPI: : Error::Loading image failed with ret = -1
03-02 01:27:58.815  2627  2627 D QSEECOMAPI: : QSEECom_get_handle sb_length = 0x2000
03-02 01:27:58.815  2627  2627 D QSEECOMAPI: : App is not loaded in QSEE
03-02 01:27:58.815  2627  2627 E QSEECOMAPI: : Error::Cannot open the file /firmware/image/keymaste.mdt
03-02 01:27:58.815  2627  2627 E QSEECOMAPI: : Error::Loading image failed with ret = -1
03-02 01:27:58.825  2627  2627 E QCOMKeyMaster: Loading keymaster app failied
03-02 01:27:58.825  2627  2627 E keystore: could not open keymaster device in keystore (Operation not permitted)
03-02 01:27:58.825  2627  2627 E keystore: keystore keymaster could not be initialized; exiting
03-02 01:27:59.905  1639  1639 D wpa_supplicant: RX ctrl_iface - hexdump(len=11): 53 49 47 4e 41 4c 5f 50 4f 4c 4c
03-02 01:27:59.905  1639  1639 D wpa_supplicant: wlan0: Control interface command 'SIGNAL_POLL'
03-02 01:27:59.915  1639  1639 D wpa_supplicant: nl80211: survey data missing!
03-02 01:28:00.765   999   999 D StatusBar.NetworkController: refreshViews: Data not connected!! Set no data type icon / Roaming
03-02 01:28:00.765   999   999 D StatusBar.NetworkController: refreshViews connected={ wifi } level=0 combinedSignalIconId=0x7f0200a3/com.android.systemui:drawable/stat_sys_wifi_signal_3_fully mobileLabel= wifiLabel="AllieGO 5GHz"xxxxXXXXxxxxXXXX emergencyOnly=false combinedLabel="AllieGO 5GHz"xxxxXXXXxxxxXXXX mAirplaneMode=false mDataActivity=0 mPhoneSignalIconId=0x0 mQSPhoneSignalIconId=0x0 mDataDirectionIconId=0x0 mDataSignalIconId=0x0 mDataTypeIconId=0x0 mQSDataTypeIconId=0x0 mNoSimIconId=0x0 mWifiIconId=0x7f0200a3 mQSWifiIconId=0x7f02005b mBluetoothTetherIconId=0x10805cc
03-02 01:28:01.765   999   999 D StatusBar.NetworkController: refreshViews: Data not connected!! Set no data type icon / Roaming
03-02 01:28:01.765   999   999 D StatusBar.NetworkController: refreshViews connected={ wifi } level=0 combinedSignalIconId=0x7f0200a3/com.android.systemui:drawable/stat_sys_wifi_signal_3_fully mobileLabel= wifiLabel="AllieGO 5GHz"xxxxXXXXxxxxXXXX emergencyOnly=false combinedLabel="AllieGO 5GHz"xxxxXXXXxxxxXXXX mAirplaneMode=false mDataActivity=0 mPhoneSignalIconId=0x0 mQSPhoneSignalIconId=0x0 mDataDirectionIconId=0x0 mDataSignalIconId=0x0 mDataTypeIconId=0x0 mQSDataTypeIconId=0x0 mNoSimIconId=0x0 mWifiIconId=0x7f0200a3 mQSWifiIconId=0x7f02005b mBluetoothTetherIconId=0x10805cc
03-02 01:28:01.915  1968  1982 E QcrilMsgTunnelSocket: IOException - java.io.IOException: No such file or directory Reason: No such file or directory
03-02 01:28:02.505   218   218 V WLAN_PSA: NL MSG, len[048], NL type[0x11] WNI type[0x5050] len[028]
03-02 01:28:02.925  1639  1639 D wpa_supplicant: RX ctrl_iface - hexdump(len=11): 53 49 47 4e 41 4c 5f 50 4f 4c 4c
03-02 01:28:02.925  1639  1639 D wpa_supplicant: wlan0: Control interface command 'SIGNAL_POLL'
03-02 01:28:02.935  1639  1639 D wpa_supplicant: nl80211: survey data missing!
03-02 01:28:03.865  2629  2629 D QSEECOMAPI: : QSEECom_get_handle sb_length = 0x2000
03-02 01:28:03.865  2629  2629 D QSEECOMAPI: : App is not loaded in QSEE
03-02 01:28:03.865  2629  2629 E QSEECOMAPI: : Error::Cannot open the file /vendor/firmware/keymaster/keymaster.mdt
03-02 01:28:03.865  2629  2629 E QSEECOMAPI: : Error::Loading image failed with ret = -1
03-02 01:28:03.865  2629  2629 D QSEECOMAPI: : QSEECom_get_handle sb_length = 0x2000
03-02 01:28:03.865  2629  2629 D QSEECOMAPI: : App is not loaded in QSEE
03-02 01:28:03.865  2629  2629 E QSEECOMAPI: : Error::Cannot open the file /firmware/image/keymaste.mdt
03-02 01:28:03.865  2629  2629 E QSEECOMAPI: : Error::Loading image failed with ret = -1
03-02 01:28:03.875  2629  2629 E QCOMKeyMaster: Loading keymaster app failied
03-02 01:28:03.875  2629  2629 E keystore: could not open keymaster device in keystore (Operation not permitted)
03-02 01:28:03.875  2629  2629 E keystore: keystore keymaster could not be initialized; exiting
03-02 01:28:05.915  1968  1982 E QcrilMsgTunnelSocket: IOException - java.io.IOException: No such file or directory Reason: No such file or directory
03-02 01:28:05.935  1639  1639 D wpa_supplicant: RX ctrl_iface - hexdump(len=11): 53 49 47 4e 41 4c 5f 50 4f 4c 4c
03-02 01:28:05.935  1639  1639 D wpa_supplicant: wlan0: Control interface command 'SIGNAL_POLL'
03-02 01:28:05.955  1639  1639 D wpa_supplicant: nl80211: survey data missing!
03-02 01:28:06.775   999   999 D StatusBar.NetworkController: refreshViews: Data not connected!! Set no data type icon / Roaming
03-02 01:28:06.775   999   999 D StatusBar.NetworkController: refreshViews connected={ wifi } level=0 combinedSignalIconId=0x7f0200a3/com.android.systemui:drawable/stat_sys_wifi_signal_3_fully mobileLabel= wifiLabel="AllieGO 5GHz"xxxxXXXXxxxxXXXX emergencyOnly=false combinedLabel="AllieGO 5GHz"xxxxXXXXxxxxXXXX mAirplaneMode=false mDataActivity=0 mPhoneSignalIconId=0x0 mQSPhoneSignalIconId=0x0 mDataDirectionIconId=0x0 mDataSignalIconId=0x0 mDataTypeIconId=0x0 mQSDataTypeIconId=0x0 mNoSimIconId=0x0 mWifiIconId=0x7f0200a3 mQSWifiIconId=0x7f02005b mBluetoothTetherIconId=0x10805cc
03-02 01:28:07.515   218   218 V WLAN_PSA: NL MSG, len[048], NL type[0x11] WNI type[0x5050] len[028]
03-02 01:28:08.775   999   999 D StatusBar.NetworkController: refreshViews: Data not connected!! Set no data type icon / Roaming
03-02 01:28:08.775   999   999 D StatusBar.NetworkController: refreshViews connected={ wifi } level=0 combinedSignalIconId=0x7f0200a3/com.android.systemui:drawable/stat_sys_wifi_signal_3_fully mobileLabel= wifiLabel="AllieGO 5GHz"xxxxXXXXxxxxXXXX emergencyOnly=false combinedLabel="AllieGO 5GHz"xxxxXXXXxxxxXXXX mAirplaneMode=false mDataActivity=0 mPhoneSignalIconId=0x0 mQSPhoneSignalIconId=0x0 mDataDirectionIconId=0x0 mDataSignalIconId=0x0 mDataTypeIconId=0x0 mQSDataTypeIconId=0x0 mNoSimIconId=0x0 mWifiIconId=0x7f0200a3 mQSWifiIconId=0x7f02005b mBluetoothTetherIconId=0x10805cc
03-02 01:28:08.915  2630  2630 D QSEECOMAPI: : QSEECom_get_handle sb_length = 0x2000
03-02 01:28:08.915  2630  2630 D QSEECOMAPI: : App is not loaded in QSEE
03-02 01:28:08.915  2630  2630 E QSEECOMAPI: : Error::Cannot open the file /vendor/firmware/keymaster/keymaster.mdt
03-02 01:28:08.915  2630  2630 E QSEECOMAPI: : Error::Loading image failed with ret = -1
03-02 01:28:08.925  2630  2630 D QSEECOMAPI: : QSEECom_get_handle sb_length = 0x2000
03-02 01:28:08.925  2630  2630 D QSEECOMAPI: : App is not loaded in QSEE
03-02 01:28:08.925  2630  2630 E QSEECOMAPI: : Error::Cannot open the file /firmware/image/keymaste.mdt
03-02 01:28:08.925  2630  2630 E QSEECOMAPI: : Error::Loading image failed with ret = -1
03-02 01:28:08.935  2630  2630 E QCOMKeyMaster: Loading keymaster app failied
03-02 01:28:08.935  2630  2630 E keystore: could not open keymaster device in keystore (Operation not permitted)
03-02 01:28:08.935  2630  2630 E keystore: keystore keymaster could not be initialized; exiting
03-02 01:28:08.955  1639  1639 D wpa_supplicant: RX ctrl_iface - hexdump(len=11): 53 49 47 4e 41 4c 5f 50 4f 4c 4c
03-02 01:28:08.955  1639  1639 D wpa_supplicant: wlan0: Control interface command 'SIGNAL_POLL'
03-02 01:28:08.965  1639  1639 D wpa_supplicant: nl80211: survey data missing!
03-02 01:28:09.785   999   999 D StatusBar.NetworkController: refreshViews: Data not connected!! Set no data type icon / Roaming
03-02 01:28:09.785   999   999 D StatusBar.NetworkController: refreshViews connected={ wifi } level=0 combinedSignalIconId=0x7f0200a3/com.android.systemui:drawable/stat_sys_wifi_signal_3_fully mobileLabel= wifiLabel="AllieGO 5GHz"xxxxXXXXxxxxXXXX emergencyOnly=false combinedLabel="AllieGO 5GHz"xxxxXXXXxxxxXXXX mAirplaneMode=false mDataActivity=0 mPhoneSignalIconId=0x0 mQSPhoneSignalIconId=0x0 mDataDirectionIconId=0x0 mDataSignalIconId=0x0 mDataTypeIconId=0x0 mQSDataTypeIconId=0x0 mNoSimIconId=0x0 mWifiIconId=0x7f0200a3 mQSWifiIconId=0x7f02005b mBluetoothTetherIconId=0x10805cc
03-02 01:28:09.915  1968  1982 E QcrilMsgTunnelSocket: IOException - java.io.IOException: No such file or directory Reason: No such file or directory
03-02 01:28:10.255 31545 31576 D streaming: 01:28:10.261 24205.572 [TsStreamer:run:97]: /127.0.0.1:51146 New client to :2000
03-02 01:28:10.255 31545 31576 D DefaultCameraDelegate: Client connected
03-02 01:28:10.255 31545 31576 D streaming: 01:28:10.264 24205.575 [ClientStatistics:setStateObject:117]: added
03-02 01:28:10.255 31545  2634 D streaming: 01:28:10.266 24205.577 [CameraManager:start:77]: Open cameras
03-02 01:28:10.255 31545  2634 D streaming: 01:28:10.268 24205.579 [CameraManager:start:82]: open 0
03-02 01:28:10.265   210   959 I ExtendedUtils: AV Sync late margin : Intended=40ms Using=0ms
03-02 01:28:10.265   210   959 I AwesomePlayer: setDataSource_l(URL suppressed)
03-02 01:28:10.265   210  2635 E         : Failed to open file '/system/media/audio/ui/camera_click.ogg'. (No such file or directory)
03-02 01:28:10.265   210  2635 E MediaPlayer: error (1, -2147483648)
03-02 01:28:10.265   210   959 I ExtendedUtils: AV Sync late margin : Intended=40ms Using=0ms
03-02 01:28:10.265   210   959 I AwesomePlayer: setDataSource_l(URL suppressed)
03-02 01:28:10.265   210  2636 E         : Failed to open file '/system/media/audio/ui/VideoRecord.ogg'. (No such file or directory)
03-02 01:28:10.265   210  2636 E MediaPlayer: error (1, -2147483648)
03-02 01:28:10.265   210   959 I CameraClient: Opening camera 0
03-02 01:28:10.265   210  2637 D QCameraStateMachine: static void* qcamera::QCameraStateMachine::smEvtProcRoutine(void*): E
03-02 01:28:10.265   210   959 E QCamera2HWI: [KPI Perf] int qcamera::QCamera2HardwareInterface::openCamera(hw_device_t**): E PROFILE_OPEN_CAMERA camera id 0
03-02 01:28:10.265   210   959 E mm-camera-intf: mm_camera_open: dev name = /dev/video1, cam_idx = 1
03-02 01:28:10.275   261  2641 E mm-camera: isp_tintless_open: E: b6e55e81
03-02 01:28:10.275   261  2642 E mm-camera: gyro_port_init: Init DSPS
03-02 01:28:10.275   261  2642 E mm-camera: gyro_port_init: DSPS inited
03-02 01:28:10.275   261  2641 E mm-camera: isp_tintless_get_version: lib returned version 3.61 err=0
03-02 01:28:10.325   261  2651 E mm-camera: c2d_thread_func:41: c2d_thread entering the polling loop...
03-02 01:28:10.385   210   959 E mm-camera-intf: mm_camera_open:  opened, break out while loop
03-02 01:28:10.415   210   959 E mm-jpeg-intf: mm_jpeg_init:1746] Launch jobmgr thread rc 0
03-02 01:28:10.415   210   959 E mm-jpeg-intf: Max picture size 2448 x 2448, WorkBufSize = 9345024
03-02 01:28:10.415   210   959 E qomx_image_core: OMX_Init:94] Complete 2
03-02 01:28:10.415   210   959 E QCameraHWI_Mem: int qcamera::QCameraMemory::alloc(int, int, int) : No memory pool available
03-02 01:28:10.425   210   959 I QCameraParameters: int32_t qcamera::QCameraParameters::initDefaultParameters(): supported live snapshot sizes: 2448x2448,2048x2048,2048x1536,1920x1080,1600x1200,1280x768,1280x720,1024x768,800x600,864x480,800x480,720x480,640x480,352x288,320x240,176x144
03-02 01:28:10.425   210   959 E QCameraParameters: int32_t qcamera::QCameraParameters::setPreviewFpsRange(int, int, int, int): E minFps = 2000, maxFps = 30000 , vid minFps = 2000, vid maxFps = 30000
03-02 01:28:10.425   210   959 E QCameraParameters: int32_t qcamera::QCameraParameters::setPreviewFpsRange(int, int, int, int): Setting preview fps range 2000,30000
03-02 01:28:10.425   210   959 E QCameraParameters: int32_t qcamera::QCameraParameters::setPreviewFpsRange(int, int, int, int): Updated: minFps = 2000, maxFps = 30000 , vid minFps = 2000, vid maxFps = 30000
03-02 01:28:10.425   210   959 E QCameraParameters: int32_t qcamera::QCameraParameters::setPreviewFpsRange(int, int, int, int): Thermal adjusted preview fps range 2,30, 2, 30
03-02 01:28:10.425   210   959 E QCameraParameters: int32_t qcamera::QCameraParameters::enableFlash(bool, bool):Wrong saved led mode
03-02 01:28:10.425 31545 31575 D streaming: 01:28:10.431 24205.744 [ClientStatistics:calculate:136]: size=0B sec=0.0 up=1 down=0
03-02 01:28:10.425   210   959 I Thermal-Lib: Thermal-Lib-Client: Registraion successful for camera with handle:1
03-02 01:28:10.425   210   959 I Thermal-Lib: Thermal-Lib-Client: Registraion successful for camcorder with handle:2
03-02 01:28:10.425   221   357 I ThermalEngine: Thermal-Server: Adding thermal event listener on fd 10
03-02 01:28:10.425   210  2659 I Thermal-Lib: Thermal-Lib-Client: Client received msg camera 0
03-02 01:28:10.425   210  2659 I QCamera2HWI: virtual int qcamera::QCamera2HardwareInterface::thermalEvtHandle(qcamera::qcamera_thermal_level_enum_t, void*, void*): level = 0, userdata = 0x0, data = 0x0
03-02 01:28:10.425   210  2659 I Thermal-Lib: Thermal-Lib-Client: Client received msg camcorder 0
03-02 01:28:10.425   210  2659 I QCamera2HWI: virtual int qcamera::QCamera2HardwareInterface::thermalEvtHandle(qcamera::qcamera_thermal_level_enum_t, void*, void*): level = 0, userdata = 0x0, data = 0x0
03-02 01:28:10.435   210  2637 E QCameraParameters: int32_t qcamera::QCameraParameters::setPreviewFpsRange(const qcamera::QCameraParameters&): FpsRange Values:(2000, 30000)
03-02 01:28:10.435   210  2637 E QCameraParameters: int32_t qcamera::QCameraParameters::setPreviewFpsRange(const qcamera::QCameraParameters&): Requested FpsRange Values:(2000, 30000)
03-02 01:28:10.435   210  2637 E QCameraParameters: bool qcamera::QCameraParameters::UpdateHFRFrameRate(const qcamera::QCameraParameters&): CameraParameters - : minFps = 2000, maxFps = 30000 
03-02 01:28:10.435   210  2637 E QCameraParameters: bool qcamera::QCameraParameters::UpdateHFRFrameRate(const qcamera::QCameraParameters&): Requested params - : minFps = 2000, maxFps = 30000 
03-02 01:28:10.435   210  2637 E QCameraParameters: bool qcamera::QCameraParameters::UpdateHFRFrameRate(const qcamera::QCameraParameters&): prevHfrStr - off, hfrStr = off 
03-02 01:28:10.435   210  2637 E QCameraParameters: HFR mode is OFF
03-02 01:28:10.435   210  2637 E QCameraParameters: int32_t qcamera::QCameraParameters::setPreviewFpsRange(const qcamera::QCameraParameters&): UpdateHFRFrameRate 0
03-02 01:28:10.435   210  2637 E QCameraParameters: int32_t qcamera::QCameraParameters::setPreviewFpsRange(const qcamera::QCameraParameters&): No change in FpsRange
03-02 01:28:10.435   210  2637 I QCameraParameters: int32_t qcamera::QCameraParameters::setWBManualCCT(const qcamera::QCameraParameters&), dont set cct to back-end.
03-02 01:28:10.435   210  2637 I QCameraParameters: int32_t qcamera::QCameraParameters::setFocusPosition(const qcamera::QCameraParameters&), dont set focus pos to back-end!
03-02 01:28:10.435   210  2637 I QCameraParameters: int32_t qcamera::QCameraParameters::setLiveSnapshotSize(const qcamera::QCameraParameters&): live snapshot size 1920 x 1080
03-02 01:28:10.445 31545  2634 D streaming: 01:28:10.452 24205.763 [CameraManager:start:82]: open 1
03-02 01:28:10.445   210 10959 I CameraClient: Opening camera 1
03-02 01:28:10.445   210  2661 D QCameraStateMachine: static void* qcamera::QCameraStateMachine::smEvtProcRoutine(void*): E
03-02 01:28:10.445   210 10959 E QCamera2HWI: [KPI Perf] int qcamera::QCamera2HardwareInterface::openCamera(hw_device_t**): E PROFILE_OPEN_CAMERA camera id 1
03-02 01:28:10.445   210 10959 E mm-camera-intf: mm_camera_open: dev name = /dev/video2, cam_idx = 2
03-02 01:28:10.455   261  2665 E mm-camera: isp_tintless_open: E: b6e55e81
03-02 01:28:10.455   261  2665 E mm-camera: isp_tintless_get_version: lib returned version 3.61 err=0
03-02 01:28:10.455   261  2666 E mm-camera: gyro_port_init: Init DSPS
03-02 01:28:10.455   261  2666 E mm-camera: dsps_proc_init: DSPS has already been initialized
03-02 01:28:10.455   261  2645 E mm-camera-img: img_q_remove:111] Dequeue failed
03-02 01:28:10.555   261   261 E mm-camera-sensor: module_sensor_query_mod:3667 led flash is not supported for this sensor.
03-02 01:28:10.555   210 10959 E mm-camera-intf: mm_camera_open:  opened, break out while loop
03-02 01:28:10.555   210 10959 E QCameraHWI_Mem: int qcamera::QCameraMemory::alloc(int, int, int) : No memory pool available
03-02 01:28:10.555   210 10959 I QCameraParameters: int32_t qcamera::QCameraParameters::initDefaultParameters(): supported live snapshot sizes: 2448x2448,2048x2048,2048x1536,1920x1080,1600x1200,1280x768,1280x720,1024x768,800x600,864x480,800x480,720x480,640x480,352x288,320x240,176x144
03-02 01:28:10.555   210 10959 E QCameraParameters: int32_t qcamera::QCameraParameters::setPreviewFpsRange(int, int, int, int): E minFps = 2000, maxFps = 30000 , vid minFps = 2000, vid maxFps = 30000
03-02 01:28:10.555   210 10959 E QCameraParameters: int32_t qcamera::QCameraParameters::setPreviewFpsRange(int, int, int, int): Setting preview fps range 2000,30000
03-02 01:28:10.555   210 10959 E QCameraParameters: int32_t qcamera::QCameraParameters::setPreviewFpsRange(int, int, int, int): Updated: minFps = 2000, maxFps = 30000 , vid minFps = 2000, vid maxFps = 30000
03-02 01:28:10.555   210 10959 E QCameraParameters: int32_t qcamera::QCameraParameters::setPreviewFpsRange(int, int, int, int): Thermal adjusted preview fps range 2,30, 2, 30
03-02 01:28:10.555   210 10959 E QCameraParameters: int32_t qcamera::QCameraParameters::initDefaultParameters(): supported flash modes cnt is 0!!!
03-02 01:28:10.555   210 10959 E QCameraParameters: int32_t qcamera::QCameraParameters::enableFlash(bool, bool):Wrong saved led mode
03-02 01:28:10.565   210  2661 E QCameraParameters: int32_t qcamera::QCameraParameters::setPreviewFpsRange(const qcamera::QCameraParameters&): FpsRange Values:(2000, 30000)
03-02 01:28:10.565   210  2661 E QCameraParameters: int32_t qcamera::QCameraParameters::setPreviewFpsRange(const qcamera::QCameraParameters&): Requested FpsRange Values:(2000, 30000)
03-02 01:28:10.565   210  2661 E QCameraParameters: bool qcamera::QCameraParameters::UpdateHFRFrameRate(const qcamera::QCameraParameters&): CameraParameters - : minFps = 2000, maxFps = 30000 
03-02 01:28:10.565   210  2661 E QCameraParameters: bool qcamera::QCameraParameters::UpdateHFRFrameRate(const qcamera::QCameraParameters&): Requested params - : minFps = 2000, maxFps = 30000 
03-02 01:28:10.565   210  2661 E QCameraParameters: bool qcamera::QCameraParameters::UpdateHFRFrameRate(const qcamera::QCameraParameters&): prevHfrStr - off, hfrStr = off 
03-02 01:28:10.565   210  2661 E QCameraParameters: HFR mode is OFF
03-02 01:28:10.565   210  2661 E QCameraParameters: int32_t qcamera::QCameraParameters::setPreviewFpsRange(const qcamera::QCameraParameters&): UpdateHFRFrameRate 0
03-02 01:28:10.565   210  2661 E QCameraParameters: int32_t qcamera::QCameraParameters::setPreviewFpsRange(const qcamera::QCameraParameters&): No change in FpsRange
03-02 01:28:10.565   210  2661 I QCameraParameters: int32_t qcamera::QCameraParameters::setWBManualCCT(const qcamera::QCameraParameters&), dont set cct to back-end.
03-02 01:28:10.565   210  2661 I QCameraParameters: int32_t qcamera::QCameraParameters::setFocusPosition(const qcamera::QCameraParameters&), dont set focus pos to back-end!
03-02 01:28:10.565   210  2661 I QCameraParameters: int32_t qcamera::QCameraParameters::setLiveSnapshotSize(const qcamera::QCameraParameters&): live snapshot size 1920 x 1080
03-02 01:28:10.605 31545 31545 D Camera-JNI: startPreview
03-02 01:28:10.605   210 10959 E QCamera2HWI: [KPI Perf] static int qcamera::QCamera2HardwareInterface::start_preview(camera_device*): E PROFILE_START_PREVIEW
03-02 01:28:10.605   210  2637 E QCameraHWI_Mem: int qcamera::QCameraMemory::alloc(int, int, int) : No memory pool available
03-02 01:28:10.605   210  2637 E QCameraHWI_Mem: int qcamera::QCameraMemory::alloc(int, int, int) : No memory pool available
03-02 01:28:10.605   210  2638 E QCameraHWI_Mem: int qcamera::QCameraMemoryPool::allocateBuffer(qcamera::QCameraMemory::QCameraMemInfo&, int, int, bool, cam_stream_type_t) : Buffer not found!
03-02 01:28:10.605   210  2638 E QCameraHWI_Mem: int qcamera::QCameraMemoryPool::allocateBuffer(qcamera::QCameraMemory::QCameraMemInfo&, int, int, bool, cam_stream_type_t) : Buffer not found!
03-02 01:28:10.605   210  2638 E QCameraHWI_Mem: int qcamera::QCameraMemoryPool::allocateBuffer(qcamera::QCameraMemory::QCameraMemInfo&, int, int, bool, cam_stream_type_t) : Buffer not found!
03-02 01:28:10.605   210  2638 E QCameraHWI_Mem: int qcamera::QCameraMemoryPool::allocateBuffer(qcamera::QCameraMemory::QCameraMemInfo&, int, int, bool, cam_stream_type_t) : Buffer not found!
03-02 01:28:10.605   210  2638 E QCameraHWI_Mem: int qcamera::QCameraMemoryPool::allocateBuffer(qcamera::QCameraMemory::QCameraMemInfo&, int, int, bool, cam_stream_type_t) : Buffer not found!
03-02 01:28:10.615   210  2638 E QCameraHWI_Mem: int qcamera::QCameraMemoryPool::allocateBuffer(qcamera::QCameraMemory::QCameraMemInfo&, int, int, bool, cam_stream_type_t) : Buffer not found!
03-02 01:28:10.615   210  2638 E QCameraHWI_Mem: int qcamera::QCameraMemoryPool::allocateBuffer(qcamera::QCameraMemory::QCameraMemInfo&, int, int, bool, cam_stream_type_t) : Buffer not found!
03-02 01:28:10.615   261  2653 E mm-camera: mct_pipeline_add_stream_to_linked_streams: linked streams: 0x2
03-02 01:28:10.615   261  2653 E mm-camera: mct_stream_start_link: Starting preview/postview stream linking 
03-02 01:28:10.615   261  2653 E mm-camera-sensor: port_sensor_caps_reserve:126 ide 10002 stream type 1 w*h 2048*2048
03-02 01:28:10.615   261  2653 E mm-camera-sensor: port_sensor_ext_link_func:195 ide 10002
03-02 01:28:10.615   261  2653 E mm-camera: isp_util_find_matched_existing_src_port#171: X
03-02 01:28:10.615   261  2653 E mm-camera: module_faceproc_client_create:968] Face proc feature mask e 0
03-02 01:28:10.615   261  2653 E mm-camera: mct_pipeline_send_ctrl_events: Send Set Parm events
03-02 01:28:10.615   261  2653 E mm-camera-sensor: module_sensor_event_control_set_parm:2518 CAM_INTF_PARM_LED_MODE 0 
03-02 01:28:10.615   261  2653 E mm-camera-sensor: 
03-02 01:28:10.625   261  2653 E mm-camera: mct_pipeline_add_stream_to_linked_streams: linked streams: 0x82
03-02 01:28:10.625   261  2653 E mm-camera: mct_stream_start_link: Starting meta stream linking: do nothing 
