03-03 04:50:42.561   922   987 D QcConnectivityService: Done.
03-03 04:50:42.561   922   987 D QcConnectivityService: Setting timer for 720seconds
03-03 04:53:08.291   922   987 D QcConnectivityService: Captive portal check NetworkInfo: type: WIFI[], state: CONNECTING/CAPTIVE_PORTAL_CHECK, reason: (unspecified), extra: "AllieGO 5GHz", roaming: false, failover: false, isAvailable: true, isConnectedToProvisioningNetwork: false
03-03 04:53:08.291   922   987 D QcConnectivityService: handleCaptivePortalTrackerCheck: call captivePortalCheckComplete ni=NetworkInfo: type: WIFI[], state: CONNECTING/CAPTIVE_PORTAL_CHECK, reason: (unspecified), extra: "AllieGO 5GHz", roaming: false, failover: false, isAvailable: true, isConnectedToProvisioningNetwork: false
03-03 04:53:08.291   922   987 D QcConnectivityService: handleInetConditionChange: net=0 != default=1 - ignore
03-03 04:53:08.311   922   987 E QcConnectivityService: Unexpected mtu value: android.net.wifi.WifiStateTracker@41945710
03-03 04:53:08.321   922   987 D QcConnectivityService: handleConnectivityChange: address are the same reset per doReset linkProperty[1]: resetMask=0
03-03 04:53:08.321   922   987 D Nat464Xlat: requiresClat: netType=1, hasIPv4Address=true
03-03 04:57:56.711   922   987 D QcConnectivityService: Captive portal check NetworkInfo: type: WIFI[], state: CONNECTING/CAPTIVE_PORTAL_CHECK, reason: (unspecified), extra: "AllieGO 5GHz", roaming: false, failover: false, isAvailable: true, isConnectedToProvisioningNetwork: false
03-03 04:57:56.711   922   987 D QcConnectivityService: handleCaptivePortalTrackerCheck: call captivePortalCheckComplete ni=NetworkInfo: type: WIFI[], state: CONNECTING/CAPTIVE_PORTAL_CHECK, reason: (unspecified), extra: "AllieGO 5GHz", roaming: false, failover: false, isAvailable: true, isConnectedToProvisioningNetwork: false
03-03 04:57:56.711   922   987 D QcConnectivityService: handleInetConditionChange: net=0 != default=1 - ignore
03-03 04:57:56.731   922   987 E QcConnectivityService: Unexpected mtu value: android.net.wifi.WifiStateTracker@41945710
03-03 04:57:56.741   922   987 D QcConnectivityService: handleConnectivityChange: address are the same reset per doReset linkProperty[1]: resetMask=0
03-03 04:57:56.741   922   987 D Nat464Xlat: requiresClat: netType=1, hasIPv4Address=true
03-03 05:02:44.691   922   987 D QcConnectivityService: Sampling interval elapsed, updating statistics ..
03-03 05:02:44.711   922   987 D QcConnectivityService: Done.
03-03 05:02:44.711   922   987 D QcConnectivityService: Setting timer for 720seconds
03-03 05:02:48.351   922   987 D QcConnectivityService: Captive portal check NetworkInfo: type: WIFI[], state: CONNECTING/CAPTIVE_PORTAL_CHECK, reason: (unspecified), extra: "AllieGO 5GHz", roaming: false, failover: false, isAvailable: true, isConnectedToProvisioningNetwork: false
03-03 05:02:48.351   922   987 D QcConnectivityService: handleCaptivePortalTrackerCheck: call captivePortalCheckComplete ni=NetworkInfo: type: WIFI[], state: CONNECTING/CAPTIVE_PORTAL_CHECK, reason: (unspecified), extra: "AllieGO 5GHz", roaming: false, failover: false, isAvailable: true, isConnectedToProvisioningNetwork: false
03-03 05:02:48.351   922   987 D QcConnectivityService: handleInetConditionChange: net=0 != default=1 - ignore
03-03 05:02:48.371   922   987 E QcConnectivityService: Unexpected mtu value: android.net.wifi.WifiStateTracker@41945710
03-03 05:02:48.381   922   987 D QcConnectivityService: handleConnectivityChange: address are the same reset per doReset linkProperty[1]: resetMask=0
03-03 05:02:48.381   922   987 D Nat464Xlat: requiresClat: netType=1, hasIPv4Address=true
03-03 05:06:41.751   922   922 I EntropyMixer: Writing entropy...
03-03 05:07:35.321   922   987 D QcConnectivityService: Captive portal check NetworkInfo: type: WIFI[], state: CONNECTING/CAPTIVE_PORTAL_CHECK, reason: (unspecified), extra: "AllieGO 5GHz", roaming: false, failover: false, isAvailable: true, isConnectedToProvisioningNetwork: false
03-03 05:07:35.321   922   987 D QcConnectivityService: handleCaptivePortalTrackerCheck: call captivePortalCheckComplete ni=NetworkInfo: type: WIFI[], state: CONNECTING/CAPTIVE_PORTAL_CHECK, reason: (unspecified), extra: "AllieGO 5GHz", roaming: false, failover: false, isAvailable: true, isConnectedToProvisioningNetwork: false
03-03 05:07:35.331   922   987 D QcConnectivityService: handleInetConditionChange: net=0 != default=1 - ignore
03-03 05:07:35.351   922   987 E QcConnectivityService: Unexpected mtu value: android.net.wifi.WifiStateTracker@41945710
03-03 05:07:35.361   922   987 D QcConnectivityService: handleConnectivityChange: address are the same reset per doReset linkProperty[1]: resetMask=0
03-03 05:07:35.361   922   987 D Nat464Xlat: requiresClat: netType=1, hasIPv4Address=true
03-03 05:10:26.221   922   946 I ProcessStatsService: Prepared write state in 12ms
03-03 05:10:26.561   922   947 I ProcessStatsService: Pruning old procstats: /data/system/procstats/state-2016-03-02-03-48-27.bin
03-03 05:12:23.751   922   987 D QcConnectivityService: Captive portal check NetworkInfo: type: WIFI[], state: CONNECTING/CAPTIVE_PORTAL_CHECK, reason: (unspecified), extra: "AllieGO 5GHz", roaming: false, failover: false, isAvailable: true, isConnectedToProvisioningNetwork: false
03-03 05:12:23.751   922   987 D QcConnectivityService: handleCaptivePortalTrackerCheck: call captivePortalCheckComplete ni=NetworkInfo: type: WIFI[], state: CONNECTING/CAPTIVE_PORTAL_CHECK, reason: (unspecified), extra: "AllieGO 5GHz", roaming: false, failover: false, isAvailable: true, isConnectedToProvisioningNetwork: false
03-03 05:12:23.751   922   987 D QcConnectivityService: handleInetConditionChange: net=0 != default=1 - ignore
03-03 05:12:23.771   922   987 E QcConnectivityService: Unexpected mtu value: android.net.wifi.WifiStateTracker@41945710
03-03 05:12:23.781   922   987 D QcConnectivityService: handleConnectivityChange: address are the same reset per doReset linkProperty[1]: resetMask=0
03-03 05:12:23.781   922   987 D Nat464Xlat: requiresClat: netType=1, hasIPv4Address=true
03-03 05:14:44.711   922   987 D QcConnectivityService: Sampling interval elapsed, updating statistics ..
03-03 05:14:44.721   922   987 D QcConnectivityService: Done.
03-03 05:14:44.721   922   987 D QcConnectivityService: Setting timer for 720seconds
03-03 05:14:49.741   922   946 W ProcessCpuTracker: Skipping unknown process pid 16538
03-03 05:17:05.031   922   946 W ProcessCpuTracker: Skipping unknown process pid 16975
03-03 05:17:12.191   922   987 D QcConnectivityService: Captive portal check NetworkInfo: type: WIFI[], state: CONNECTING/CAPTIVE_PORTAL_CHECK, reason: (unspecified), extra: "AllieGO 5GHz", roaming: false, failover: false, isAvailable: true, isConnectedToProvisioningNetwork: false
03-03 05:17:12.191   922   987 D QcConnectivityService: handleCaptivePortalTrackerCheck: call captivePortalCheckComplete ni=NetworkInfo: type: WIFI[], state: CONNECTING/CAPTIVE_PORTAL_CHECK, reason: (unspecified), extra: "AllieGO 5GHz", roaming: false, failover: false, isAvailable: true, isConnectedToProvisioningNetwork: false
03-03 05:17:12.191   922   987 D QcConnectivityService: handleInetConditionChange: net=0 != default=1 - ignore
03-03 05:17:12.211   922   987 E QcConnectivityService: Unexpected mtu value: android.net.wifi.WifiStateTracker@41945710
03-03 05:17:12.211   922   987 D QcConnectivityService: handleConnectivityChange: address are the same reset per doReset linkProperty[1]: resetMask=0
03-03 05:17:12.221   922   987 D Nat464Xlat: requiresClat: netType=1, hasIPv4Address=true
03-03 05:22:00.611   922   987 D QcConnectivityService: Captive portal check NetworkInfo: type: WIFI[], state: CONNECTING/CAPTIVE_PORTAL_CHECK, reason: (unspecified), extra: "AllieGO 5GHz", roaming: false, failover: false, isAvailable: true, isConnectedToProvisioningNetwork: false
03-03 05:22:00.611   922   987 D QcConnectivityService: handleCaptivePortalTrackerCheck: call captivePortalCheckComplete ni=NetworkInfo: type: WIFI[], state: CONNECTING/CAPTIVE_PORTAL_CHECK, reason: (unspecified), extra: "AllieGO 5GHz", roaming: false, failover: false, isAvailable: true, isConnectedToProvisioningNetwork: false
03-03 05:22:00.611   922   987 D QcConnectivityService: handleInetConditionChange: net=0 != default=1 - ignore
03-03 05:22:00.631   922   987 E QcConnectivityService: Unexpected mtu value: android.net.wifi.WifiStateTracker@41945710
03-03 05:22:00.641   922   987 D QcConnectivityService: handleConnectivityChange: address are the same reset per doReset linkProperty[1]: resetMask=0
03-03 05:22:00.641   922   987 D Nat464Xlat: requiresClat: netType=1, hasIPv4Address=true
03-03 05:26:48.591   922   987 D QcConnectivityService: Sampling interval elapsed, updating statistics ..
03-03 05:26:48.611   922   987 D QcConnectivityService: Done.
03-03 05:26:48.611   922   987 D QcConnectivityService: Setting timer for 720seconds
03-03 05:26:49.051   922   987 D QcConnectivityService: Captive portal check NetworkInfo: type: WIFI[], state: CONNECTING/CAPTIVE_PORTAL_CHECK, reason: (unspecified), extra: "AllieGO 5GHz", roaming: false, failover: false, isAvailable: true, isConnectedToProvisioningNetwork: false
03-03 05:26:49.051   922   987 D QcConnectivityService: handleCaptivePortalTrackerCheck: call captivePortalCheckComplete ni=NetworkInfo: type: WIFI[], state: CONNECTING/CAPTIVE_PORTAL_CHECK, reason: (unspecified), extra: "AllieGO 5GHz", roaming: false, failover: false, isAvailable: true, isConnectedToProvisioningNetwork: false
03-03 05:26:49.051   922   987 D QcConnectivityService: handleInetConditionChange: net=0 != default=1 - ignore
03-03 05:26:49.071   922   987 E QcConnectivityService: Unexpected mtu value: android.net.wifi.WifiStateTracker@41945710
03-03 05:26:49.081   922   987 D QcConnectivityService: handleConnectivityChange: address are the same reset per doReset linkProperty[1]: resetMask=0
03-03 05:26:49.081   922   987 D Nat464Xlat: requiresClat: netType=1, hasIPv4Address=true
03-03 05:31:37.481   922   987 D QcConnectivityService: Captive portal check NetworkInfo: type: WIFI[], state: CONNECTING/CAPTIVE_PORTAL_CHECK, reason: (unspecified), extra: "AllieGO 5GHz", roaming: false, failover: false, isAvailable: true, isConnectedToProvisioningNetwork: false
03-03 05:31:37.481   922   987 D QcConnectivityService: handleCaptivePortalTrackerCheck: call captivePortalCheckComplete ni=NetworkInfo: type: WIFI[], state: CONNECTING/CAPTIVE_PORTAL_CHECK, reason: (unspecified), extra: "AllieGO 5GHz", roaming: false, failover: false, isAvailable: true, isConnectedToProvisioningNetwork: false
03-03 05:31:37.481   922   987 D QcConnectivityService: handleInetConditionChange: net=0 != default=1 - ignore
03-03 05:31:37.501   922   987 E QcConnectivityService: Unexpected mtu value: android.net.wifi.WifiStateTracker@41945710
03-03 05:31:37.511   922   987 D QcConnectivityService: handleConnectivityChange: address are the same reset per doReset linkProperty[1]: resetMask=0
03-03 05:31:37.521   922   987 D Nat464Xlat: requiresClat: netType=1, hasIPv4Address=true
03-03 05:36:25.911   922   987 D QcConnectivityService: Captive portal check NetworkInfo: type: WIFI[], state: CONNECTING/CAPTIVE_PORTAL_CHECK, reason: (unspecified), extra: "AllieGO 5GHz", roaming: false, failover: false, isAvailable: true, isConnectedToProvisioningNetwork: false
03-03 05:36:25.911   922   987 D QcConnectivityService: handleCaptivePortalTrackerCheck: call captivePortalCheckComplete ni=NetworkInfo: type: WIFI[], state: CONNECTING/CAPTIVE_PORTAL_CHECK, reason: (unspecified), extra: "AllieGO 5GHz", roaming: false, failover: false, isAvailable: true, isConnectedToProvisioningNetwork: false
03-03 05:36:25.921   922   987 D QcConnectivityService: handleInetConditionChange: net=0 != default=1 - ignore
03-03 05:36:25.941   922   987 E QcConnectivityService: Unexpected mtu value: android.net.wifi.WifiStateTracker@41945710
03-03 05:36:25.951   922   987 D QcConnectivityService: handleConnectivityChange: address are the same reset per doReset linkProperty[1]: resetMask=0
03-03 05:36:25.951   922   987 D Nat464Xlat: requiresClat: netType=1, hasIPv4Address=true
03-03 05:38:48.651   922   987 D QcConnectivityService: Sampling interval elapsed, updating statistics ..
03-03 05:38:48.661   922   987 D QcConnectivityService: Done.
03-03 05:38:48.661   922   987 D QcConnectivityService: Setting timer for 720seconds
03-03 05:40:36.391   922   946 I ProcessStatsService: Prepared write state in 8ms
03-03 05:40:36.401   922   946 I ProcessStatsService: Prepared write state in 6ms
03-03 05:40:36.401   922   946 I ProcessStatsService: Prepared write state in 3ms
03-03 05:41:14.351   922   987 D QcConnectivityService: Captive portal check NetworkInfo: type: WIFI[], state: CONNECTING/CAPTIVE_PORTAL_CHECK, reason: (unspecified), extra: "AllieGO 5GHz", roaming: false, failover: false, isAvailable: true, isConnectedToProvisioningNetwork: false
03-03 05:41:14.351   922   987 D QcConnectivityService: handleCaptivePortalTrackerCheck: call captivePortalCheckComplete ni=NetworkInfo: type: WIFI[], state: CONNECTING/CAPTIVE_PORTAL_CHECK, reason: (unspecified), extra: "AllieGO 5GHz", roaming: false, failover: false, isAvailable: true, isConnectedToProvisioningNetwork: false
03-03 05:41:14.351   922   987 D QcConnectivityService: handleInetConditionChange: net=0 != default=1 - ignore
03-03 05:41:14.371   922   987 E QcConnectivityService: Unexpected mtu value: android.net.wifi.WifiStateTracker@41945710
03-03 05:41:14.381   922   987 D QcConnectivityService: handleConnectivityChange: address are the same reset per doReset linkProperty[1]: resetMask=0
03-03 05:41:14.381   922   987 D Nat464Xlat: requiresClat: netType=1, hasIPv4Address=true
03-03 05:46:02.781   922   987 D QcConnectivityService: Captive portal check NetworkInfo: type: WIFI[], state: CONNECTING/CAPTIVE_PORTAL_CHECK, reason: (unspecified), extra: "AllieGO 5GHz", roaming: false, failover: false, isAvailable: true, isConnectedToProvisioningNetwork: false
03-03 05:46:02.781   922   987 D QcConnectivityService: handleCaptivePortalTrackerCheck: call captivePortalCheckComplete ni=NetworkInfo: type: WIFI[], state: CONNECTING/CAPTIVE_PORTAL_CHECK, reason: (unspecified), extra: "AllieGO 5GHz", roaming: false, failover: false, isAvailable: true, isConnectedToProvisioningNetwork: false
03-03 05:46:02.781   922   987 D QcConnectivityService: handleInetConditionChange: net=0 != default=1 - ignore
03-03 05:46:02.811   922   987 E QcConnectivityService: Unexpected mtu value: android.net.wifi.WifiStateTracker@41945710
03-03 05:46:02.821   922   987 D QcConnectivityService: handleConnectivityChange: address are the same reset per doReset linkProperty[1]: resetMask=0
03-03 05:46:02.821   922   987 D Nat464Xlat: requiresClat: netType=1, hasIPv4Address=true
03-03 05:50:50.761   922   987 D QcConnectivityService: Sampling interval elapsed, updating statistics ..
03-03 05:50:50.771   922   987 D QcConnectivityService: Done.
03-03 05:50:50.771   922   987 D QcConnectivityService: Setting timer for 720seconds
03-03 05:50:51.211   922   987 D QcConnectivityService: Captive portal check NetworkInfo: type: WIFI[], state: CONNECTING/CAPTIVE_PORTAL_CHECK, reason: (unspecified), extra: "AllieGO 5GHz", roaming: false, failover: false, isAvailable: true, isConnectedToProvisioningNetwork: false
03-03 05:50:51.211   922   987 D QcConnectivityService: handleCaptivePortalTrackerCheck: call captivePortalCheckComplete ni=NetworkInfo: type: WIFI[], state: CONNECTING/CAPTIVE_PORTAL_CHECK, reason: (unspecified), extra: "AllieGO 5GHz", roaming: false, failover: false, isAvailable: true, isConnectedToProvisioningNetwork: false
03-03 05:50:51.221   922   987 D QcConnectivityService: handleInetConditionChange: net=0 != default=1 - ignore
03-03 05:50:51.231   922   987 E QcConnectivityService: Unexpected mtu value: android.net.wifi.WifiStateTracker@41945710
03-03 05:50:51.241   922   987 D QcConnectivityService: handleConnectivityChange: address are the same reset per doReset linkProperty[1]: resetMask=0
03-03 05:50:51.251   922   987 D Nat464Xlat: requiresClat: netType=1, hasIPv4Address=true
03-03 05:55:39.641   922   987 D QcConnectivityService: Captive portal check NetworkInfo: type: WIFI[], state: CONNECTING/CAPTIVE_PORTAL_CHECK, reason: (unspecified), extra: "AllieGO 5GHz", roaming: false, failover: false, isAvailable: true, isConnectedToProvisioningNetwork: false
03-03 05:55:39.641   922   987 D QcConnectivityService: handleCaptivePortalTrackerCheck: call captivePortalCheckComplete ni=NetworkInfo: type: WIFI[], state: CONNECTING/CAPTIVE_PORTAL_CHECK, reason: (unspecified), extra: "AllieGO 5GHz", roaming: false, failover: false, isAvailable: true, isConnectedToProvisioningNetwork: false
03-03 05:55:39.641   922   987 D QcConnectivityService: handleInetConditionChange: net=0 != default=1 - ignore
03-03 05:55:39.651   922   987 E QcConnectivityService: Unexpected mtu value: android.net.wifi.WifiStateTracker@41945710
03-03 05:55:39.661   922   987 D QcConnectivityService: handleConnectivityChange: address are the same reset per doReset linkProperty[1]: resetMask=0
03-03 05:55:39.661   922   987 D Nat464Xlat: requiresClat: netType=1, hasIPv4Address=true
03-03 06:00:32.661   922   946 W ProcessCpuTracker: Skipping unknown process pid 25625
03-03 06:00:32.881   922   987 D QcConnectivityService: Captive portal check NetworkInfo: type: WIFI[], state: CONNECTING/CAPTIVE_PORTAL_CHECK, reason: (unspecified), extra: "AllieGO 5GHz", roaming: false, failover: false, isAvailable: true, isConnectedToProvisioningNetwork: false
03-03 06:00:32.881   922   987 D QcConnectivityService: handleCaptivePortalTrackerCheck: call captivePortalCheckComplete ni=NetworkInfo: type: WIFI[], state: CONNECTING/CAPTIVE_PORTAL_CHECK, reason: (unspecified), extra: "AllieGO 5GHz", roaming: false, failover: false, isAvailable: true, isConnectedToProvisioningNetwork: false
03-03 06:00:32.881   922   987 D QcConnectivityService: handleInetConditionChange: net=0 != default=1 - ignore
03-03 06:00:32.901   922   987 E QcConnectivityService: Unexpected mtu value: android.net.wifi.WifiStateTracker@41945710
03-03 06:00:32.911   922   987 D QcConnectivityService: handleConnectivityChange: address are the same reset per doReset linkProperty[1]: resetMask=0
03-03 06:00:32.911   922   987 D Nat464Xlat: requiresClat: netType=1, hasIPv4Address=true
03-03 06:02:50.781   922   987 D QcConnectivityService: Sampling interval elapsed, updating statistics ..
03-03 06:02:50.791   922   987 D QcConnectivityService: Done.
03-03 06:02:50.791   922   987 D QcConnectivityService: Setting timer for 720seconds
03-03 06:05:18.911   922   987 D QcConnectivityService: Captive portal check NetworkInfo: type: WIFI[], state: CONNECTING/CAPTIVE_PORTAL_CHECK, reason: (unspecified), extra: "AllieGO 5GHz", roaming: false, failover: false, isAvailable: true, isConnectedToProvisioningNetwork: false
03-03 06:05:18.911   922   987 D QcConnectivityService: handleCaptivePortalTrackerCheck: call captivePortalCheckComplete ni=NetworkInfo: type: WIFI[], state: CONNECTING/CAPTIVE_PORTAL_CHECK, reason: (unspecified), extra: "AllieGO 5GHz", roaming: false, failover: false, isAvailable: true, isConnectedToProvisioningNetwork: false
03-03 06:05:18.911   922   987 D QcConnectivityService: handleInetConditionChange: net=0 != default=1 - ignore
03-03 06:05:18.931   922   987 E QcConnectivityService: Unexpected mtu value: android.net.wifi.WifiStateTracker@41945710
03-03 06:05:18.941   922   987 D QcConnectivityService: handleConnectivityChange: address are the same reset per doReset linkProperty[1]: resetMask=0
03-03 06:05:18.941   922   987 D Nat464Xlat: requiresClat: netType=1, hasIPv4Address=true
03-03 06:10:07.391   922   987 D QcConnectivityService: Captive portal check NetworkInfo: type: WIFI[], state: CONNECTING/CAPTIVE_PORTAL_CHECK, reason: (unspecified), extra: "AllieGO 5GHz", roaming: false, failover: false, isAvailable: true, isConnectedToProvisioningNetwork: false
03-03 06:10:07.391   922   987 D QcConnectivityService: handleCaptivePortalTrackerCheck: call captivePortalCheckComplete ni=NetworkInfo: type: WIFI[], state: CONNECTING/CAPTIVE_PORTAL_CHECK, reason: (unspecified), extra: "AllieGO 5GHz", roaming: false, failover: false, isAvailable: true, isConnectedToProvisioningNetwork: false
03-03 06:10:07.391   922   987 D QcConnectivityService: handleInetConditionChange: net=0 != default=1 - ignore
03-03 06:10:07.421   922   987 E QcConnectivityService: Unexpected mtu value: android.net.wifi.WifiStateTracker@41945710
03-03 06:10:07.431   922   987 D QcConnectivityService: handleConnectivityChange: address are the same reset per doReset linkProperty[1]: resetMask=0
03-03 06:10:07.431   922   987 D Nat464Xlat: requiresClat: netType=1, hasIPv4Address=true
03-03 06:10:43.921   922   946 I ProcessStatsService: Prepared write state in 11ms
03-03 06:14:55.361   922   987 D QcConnectivityService: Sampling interval elapsed, updating statistics ..
03-03 06:14:55.381   922   987 D QcConnectivityService: Done.
03-03 06:14:55.381   922   987 D QcConnectivityService: Setting timer for 720seconds
03-03 06:14:55.831   922   987 D QcConnectivityService: Captive portal check NetworkInfo: type: WIFI[], state: CONNECTING/CAPTIVE_PORTAL_CHECK, reason: (unspecified), extra: "AllieGO 5GHz", roaming: false, failover: false, isAvailable: true, isConnectedToProvisioningNetwork: false
03-03 06:14:55.831   922   987 D QcConnectivityService: handleCaptivePortalTrackerCheck: call captivePortalCheckComplete ni=NetworkInfo: type: WIFI[], state: CONNECTING/CAPTIVE_PORTAL_CHECK, reason: (unspecified), extra: "AllieGO 5GHz", roaming: false, failover: false, isAvailable: true, isConnectedToProvisioningNetwork: false
03-03 06:14:55.831   922   987 D QcConnectivityService: handleInetConditionChange: net=0 != default=1 - ignore
03-03 06:14:55.851   922   987 E QcConnectivityService: Unexpected mtu value: android.net.wifi.WifiStateTracker@41945710
03-03 06:14:55.861   922   987 D QcConnectivityService: handleConnectivityChange: address are the same reset per doReset linkProperty[1]: resetMask=0
03-03 06:14:55.861   922   987 D Nat464Xlat: requiresClat: netType=1, hasIPv4Address=true
03-03 06:19:44.251   922   987 D QcConnectivityService: Captive portal check NetworkInfo: type: WIFI[], state: CONNECTING/CAPTIVE_PORTAL_CHECK, reason: (unspecified), extra: "AllieGO 5GHz", roaming: false, failover: false, isAvailable: true, isConnectedToProvisioningNetwork: false
03-03 06:19:44.251   922   987 D QcConnectivityService: handleCaptivePortalTrackerCheck: call captivePortalCheckComplete ni=NetworkInfo: type: WIFI[], state: CONNECTING/CAPTIVE_PORTAL_CHECK, reason: (unspecified), extra: "AllieGO 5GHz", roaming: false, failover: false, isAvailable: true, isConnectedToProvisioningNetwork: false
03-03 06:19:44.251   922   987 D QcConnectivityService: handleInetConditionChange: net=0 != default=1 - ignore
03-03 06:19:44.261   922   987 E QcConnectivityService: Unexpected mtu value: android.net.wifi.WifiStateTracker@41945710
03-03 06:19:44.271   922   987 D QcConnectivityService: handleConnectivityChange: address are the same reset per doReset linkProperty[1]: resetMask=0
03-03 06:19:44.271   922   987 D Nat464Xlat: requiresClat: netType=1, hasIPv4Address=true
03-03 06:24:32.681   922   987 D QcConnectivityService: Captive portal check NetworkInfo: type: WIFI[], state: CONNECTING/CAPTIVE_PORTAL_CHECK, reason: (unspecified), extra: "AllieGO 5GHz", roaming: false, failover: false, isAvailable: true, isConnectedToProvisioningNetwork: false
03-03 06:24:32.681   922   987 D QcConnectivityService: handleCaptivePortalTrackerCheck: call captivePortalCheckComplete ni=NetworkInfo: type: WIFI[], state: CONNECTING/CAPTIVE_PORTAL_CHECK, reason: (unspecified), extra: "AllieGO 5GHz", roaming: false, failover: false, isAvailable: true, isConnectedToProvisioningNetwork: false
03-03 06:24:32.681   922   987 D QcConnectivityService: handleInetConditionChange: net=0 != default=1 - ignore
03-03 06:24:32.691   922   987 E QcConnectivityService: Unexpected mtu value: android.net.wifi.WifiStateTracker@41945710
03-03 06:24:32.701   922   987 D QcConnectivityService: handleConnectivityChange: address are the same reset per doReset linkProperty[1]: resetMask=0
03-03 06:24:32.701   922   987 D Nat464Xlat: requiresClat: netType=1, hasIPv4Address=true
03-03 06:26:55.381   922   987 D QcConnectivityService: Sampling interval elapsed, updating statistics ..
03-03 06:26:55.401   922   987 D QcConnectivityService: Done.
03-03 06:26:55.401   922   987 D QcConnectivityService: Setting timer for 720seconds
03-03 06:29:24.311   922   987 D QcConnectivityService: Captive portal check NetworkInfo: type: WIFI[], state: CONNECTING/CAPTIVE_PORTAL_CHECK, reason: (unspecified), extra: "AllieGO 5GHz", roaming: false, failover: false, isAvailable: true, isConnectedToProvisioningNetwork: false
03-03 06:29:24.311   922   987 D QcConnectivityService: handleCaptivePortalTrackerCheck: call captivePortalCheckComplete ni=NetworkInfo: type: WIFI[], state: CONNECTING/CAPTIVE_PORTAL_CHECK, reason: (unspecified), extra: "AllieGO 5GHz", roaming: false, failover: false, isAvailable: true, isConnectedToProvisioningNetwork: false
03-03 06:29:24.311   922   987 D QcConnectivityService: handleInetConditionChange: net=0 != default=1 - ignore
03-03 06:29:24.331   922   987 E QcConnectivityService: Unexpected mtu value: android.net.wifi.WifiStateTracker@41945710
03-03 06:29:24.341   922   987 D QcConnectivityService: handleConnectivityChange: address are the same reset per doReset linkProperty[1]: resetMask=0
03-03 06:29:24.341   922   987 D Nat464Xlat: requiresClat: netType=1, hasIPv4Address=true
03-03 06:34:11.311   922   987 D QcConnectivityService: Captive portal check NetworkInfo: type: WIFI[], state: CONNECTING/CAPTIVE_PORTAL_CHECK, reason: (unspecified), extra: "AllieGO 5GHz", roaming: false, failover: false, isAvailable: true, isConnectedToProvisioningNetwork: false
03-03 06:34:11.311   922   987 D QcConnectivityService: handleCaptivePortalTrackerCheck: call captivePortalCheckComplete ni=NetworkInfo: type: WIFI[], state: CONNECTING/CAPTIVE_PORTAL_CHECK, reason: (unspecified), extra: "AllieGO 5GHz", roaming: false, failover: false, isAvailable: true, isConnectedToProvisioningNetwork: false
03-03 06:34:11.311   922   987 D QcConnectivityService: handleInetConditionChange: net=0 != default=1 - ignore
03-03 06:34:11.331   922   987 E QcConnectivityService: Unexpected mtu value: android.net.wifi.WifiStateTracker@41945710
03-03 06:34:11.341   922   987 D QcConnectivityService: handleConnectivityChange: address are the same reset per doReset linkProperty[1]: resetMask=0
03-03 06:34:11.341   922   987 D Nat464Xlat: requiresClat: netType=1, hasIPv4Address=true
03-03 06:38:59.321   922   987 D QcConnectivityService: Sampling interval elapsed, updating statistics ..
03-03 06:38:59.331   922   987 D QcConnectivityService: Done.
03-03 06:38:59.331   922   987 D QcConnectivityService: Setting timer for 720seconds
03-03 06:38:59.781   922   987 D QcConnectivityService: Captive portal check NetworkInfo: type: WIFI[], state: CONNECTING/CAPTIVE_PORTAL_CHECK, reason: (unspecified), extra: "AllieGO 5GHz", roaming: false, failover: false, isAvailable: true, isConnectedToProvisioningNetwork: false
03-03 06:38:59.781   922   987 D QcConnectivityService: handleCaptivePortalTrackerCheck: call captivePortalCheckComplete ni=NetworkInfo: type: WIFI[], state: CONNECTING/CAPTIVE_PORTAL_CHECK, reason: (unspecified), extra: "AllieGO 5GHz", roaming: false, failover: false, isAvailable: true, isConnectedToProvisioningNetwork: false
03-03 06:38:59.781   922   987 D QcConnectivityService: handleInetConditionChange: net=0 != default=1 - ignore
03-03 06:38:59.801   922   987 E QcConnectivityService: Unexpected mtu value: android.net.wifi.WifiStateTracker@41945710
03-03 06:38:59.811   922   987 D QcConnectivityService: handleConnectivityChange: address are the same reset per doReset linkProperty[1]: resetMask=0
03-03 06:38:59.811   922   987 D Nat464Xlat: requiresClat: netType=1, hasIPv4Address=true
03-03 06:40:51.431   922   946 I ProcessStatsService: Prepared write state in 11ms
03-03 06:43:48.191   922   987 D QcConnectivityService: Captive portal check NetworkInfo: type: WIFI[], state: CONNECTING/CAPTIVE_PORTAL_CHECK, reason: (unspecified), extra: "AllieGO 5GHz", roaming: false, failover: false, isAvailable: true, isConnectedToProvisioningNetwork: false
03-03 06:43:48.191   922   987 D QcConnectivityService: handleCaptivePortalTrackerCheck: call captivePortalCheckComplete ni=NetworkInfo: type: WIFI[], state: CONNECTING/CAPTIVE_PORTAL_CHECK, reason: (unspecified), extra: "AllieGO 5GHz", roaming: false, failover: false, isAvailable: true, isConnectedToProvisioningNetwork: false
03-03 06:43:48.191   922   987 D QcConnectivityService: handleInetConditionChange: net=0 != default=1 - ignore
03-03 06:43:48.221   922   987 E QcConnectivityService: Unexpected mtu value: android.net.wifi.WifiStateTracker@41945710
03-03 06:43:48.221   922   987 D QcConnectivityService: handleConnectivityChange: address are the same reset per doReset linkProperty[1]: resetMask=0
03-03 06:43:48.221   922   987 D Nat464Xlat: requiresClat: netType=1, hasIPv4Address=true
03-03 06:48:36.631   922   987 D QcConnectivityService: Captive portal check NetworkInfo: type: WIFI[], state: CONNECTING/CAPTIVE_PORTAL_CHECK, reason: (unspecified), extra: "AllieGO 5GHz", roaming: false, failover: false, isAvailable: true, isConnectedToProvisioningNetwork: false
03-03 06:48:36.631   922   987 D QcConnectivityService: handleCaptivePortalTrackerCheck: call captivePortalCheckComplete ni=NetworkInfo: type: WIFI[], state: CONNECTING/CAPTIVE_PORTAL_CHECK, reason: (unspecified), extra: "AllieGO 5GHz", roaming: false, failover: false, isAvailable: true, isConnectedToProvisioningNetwork: false
03-03 06:48:36.631   922   987 D QcConnectivityService: handleInetConditionChange: net=0 != default=1 - ignore
03-03 06:48:36.651   922   987 E QcConnectivityService: Unexpected mtu value: android.net.wifi.WifiStateTracker@41945710
03-03 06:48:36.661   922   987 D QcConnectivityService: handleConnectivityChange: address are the same reset per doReset linkProperty[1]: resetMask=0
03-03 06:48:36.661   922   987 D Nat464Xlat: requiresClat: netType=1, hasIPv4Address=true
03-03 06:50:59.341   922   987 D QcConnectivityService: Sampling interval elapsed, updating statistics ..
03-03 06:50:59.351   922   987 D QcConnectivityService: Done.
03-03 06:50:59.351   922   987 D QcConnectivityService: Setting timer for 720seconds
03-03 06:53:25.051   922   987 D QcConnectivityService: Captive portal check NetworkInfo: type: WIFI[], state: CONNECTING/CAPTIVE_PORTAL_CHECK, reason: (unspecified), extra: "AllieGO 5GHz", roaming: false, failover: false, isAvailable: true, isConnectedToProvisioningNetwork: false
03-03 06:53:25.051   922   987 D QcConnectivityService: handleCaptivePortalTrackerCheck: call captivePortalCheckComplete ni=NetworkInfo: type: WIFI[], state: CONNECTING/CAPTIVE_PORTAL_CHECK, reason: (unspecified), extra: "AllieGO 5GHz", roaming: false, failover: false, isAvailable: true, isConnectedToProvisioningNetwork: false
03-03 06:53:25.051   922   987 D QcConnectivityService: handleInetConditionChange: net=0 != default=1 - ignore
03-03 06:53:25.071   922   987 E QcConnectivityService: Unexpected mtu value: android.net.wifi.WifiStateTracker@41945710
03-03 06:53:25.081   922   987 D QcConnectivityService: handleConnectivityChange: address are the same reset per doReset linkProperty[1]: resetMask=0
03-03 06:53:25.081   922   987 D Nat464Xlat: requiresClat: netType=1, hasIPv4Address=true
03-03 06:58:13.491   922   987 D QcConnectivityService: Captive portal check NetworkInfo: type: WIFI[], state: CONNECTING/CAPTIVE_PORTAL_CHECK, reason: (unspecified), extra: "AllieGO 5GHz", roaming: false, failover: false, isAvailable: true, isConnectedToProvisioningNetwork: false
03-03 06:58:13.491   922   987 D QcConnectivityService: handleCaptivePortalTrackerCheck: call captivePortalCheckComplete ni=NetworkInfo: type: WIFI[], state: CONNECTING/CAPTIVE_PORTAL_CHECK, reason: (unspecified), extra: "AllieGO 5GHz", roaming: false, failover: false, isAvailable: true, isConnectedToProvisioningNetwork: false
03-03 06:58:13.491   922   987 D QcConnectivityService: handleInetConditionChange: net=0 != default=1 - ignore
03-03 06:58:13.521   922   987 E QcConnectivityService: Unexpected mtu value: android.net.wifi.WifiStateTracker@41945710
03-03 06:58:13.531   922   987 D QcConnectivityService: handleConnectivityChange: address are the same reset per doReset linkProperty[1]: resetMask=0
03-03 06:58:13.531   922   987 D Nat464Xlat: requiresClat: netType=1, hasIPv4Address=true
03-03 07:03:01.471   922   987 D QcConnectivityService: Sampling interval elapsed, updating statistics ..
03-03 07:03:01.481   922   987 D QcConnectivityService: Done.
03-03 07:03:01.481   922   987 D QcConnectivityService: Setting timer for 720seconds
03-03 07:03:06.331   922   987 D QcConnectivityService: Captive portal check NetworkInfo: type: WIFI[], state: CONNECTING/CAPTIVE_PORTAL_CHECK, reason: (unspecified), extra: "AllieGO 5GHz", roaming: false, failover: false, isAvailable: true, isConnectedToProvisioningNetwork: false
03-03 07:03:06.331   922   987 D QcConnectivityService: handleCaptivePortalTrackerCheck: call captivePortalCheckComplete ni=NetworkInfo: type: WIFI[], state: CONNECTING/CAPTIVE_PORTAL_CHECK, reason: (unspecified), extra: "AllieGO 5GHz", roaming: false, failover: false, isAvailable: true, isConnectedToProvisioningNetwork: false
03-03 07:03:06.331   922   987 D QcConnectivityService: handleInetConditionChange: net=0 != default=1 - ignore
03-03 07:03:06.341   922   987 E QcConnectivityService: Unexpected mtu value: android.net.wifi.WifiStateTracker@41945710
03-03 07:03:06.351   922   987 D QcConnectivityService: handleConnectivityChange: address are the same reset per doReset linkProperty[1]: resetMask=0
03-03 07:03:06.351   922   987 D Nat464Xlat: requiresClat: netType=1, hasIPv4Address=true
03-03 07:07:52.371   922   987 D QcConnectivityService: Captive portal check NetworkInfo: type: WIFI[], state: CONNECTING/CAPTIVE_PORTAL_CHECK, reason: (unspecified), extra: "AllieGO 5GHz", roaming: false, failover: false, isAvailable: true, isConnectedToProvisioningNetwork: false
03-03 07:07:52.371   922   987 D QcConnectivityService: handleCaptivePortalTrackerCheck: call captivePortalCheckComplete ni=NetworkInfo: type: WIFI[], state: CONNECTING/CAPTIVE_PORTAL_CHECK, reason: (unspecified), extra: "AllieGO 5GHz", roaming: false, failover: false, isAvailable: true, isConnectedToProvisioningNetwork: false
03-03 07:07:52.371   922   987 D QcConnectivityService: handleInetConditionChange: net=0 != default=1 - ignore
03-03 07:07:52.391   922   987 E QcConnectivityService: Unexpected mtu value: android.net.wifi.WifiStateTracker@41945710
03-03 07:07:52.401   922   987 D QcConnectivityService: handleConnectivityChange: address are the same reset per doReset linkProperty[1]: resetMask=0
03-03 07:07:52.401   922   987 D Nat464Xlat: requiresClat: netType=1, hasIPv4Address=true
03-03 07:10:58.801   922   946 I ProcessStatsService: Prepared write state in 6ms
03-03 07:12:40.801   922   987 D QcConnectivityService: Captive portal check NetworkInfo: type: WIFI[], state: CONNECTING/CAPTIVE_PORTAL_CHECK, reason: (unspecified), extra: "AllieGO 5GHz", roaming: false, failover: false, isAvailable: true, isConnectedToProvisioningNetwork: false
03-03 07:12:40.801   922   987 D QcConnectivityService: handleCaptivePortalTrackerCheck: call captivePortalCheckComplete ni=NetworkInfo: type: WIFI[], state: CONNECTING/CAPTIVE_PORTAL_CHECK, reason: (unspecified), extra: "AllieGO 5GHz", roaming: false, failover: false, isAvailable: true, isConnectedToProvisioningNetwork: false
03-03 07:12:40.801   922   987 D QcConnectivityService: handleInetConditionChange: net=0 != default=1 - ignore
03-03 07:12:40.811   922   987 E QcConnectivityService: Unexpected mtu value: android.net.wifi.WifiStateTracker@41945710
03-03 07:12:40.821   922   987 D QcConnectivityService: handleConnectivityChange: address are the same reset per doReset linkProperty[1]: resetMask=0
03-03 07:12:40.821   922   987 D Nat464Xlat: requiresClat: netType=1, hasIPv4Address=true
03-03 07:15:01.481   922   987 D QcConnectivityService: Sampling interval elapsed, updating statistics ..
03-03 07:15:01.501   922   987 D QcConnectivityService: Done.
03-03 07:15:01.501   922   987 D QcConnectivityService: Setting timer for 720seconds
03-03 07:17:29.221   922   987 D QcConnectivityService: Captive portal check NetworkInfo: type: WIFI[], state: CONNECTING/CAPTIVE_PORTAL_CHECK, reason: (unspecified), extra: "AllieGO 5GHz", roaming: false, failover: false, isAvailable: true, isConnectedToProvisioningNetwork: false
03-03 07:17:29.221   922   987 D QcConnectivityService: handleCaptivePortalTrackerCheck: call captivePortalCheckComplete ni=NetworkInfo: type: WIFI[], state: CONNECTING/CAPTIVE_PORTAL_CHECK, reason: (unspecified), extra: "AllieGO 5GHz", roaming: false, failover: false, isAvailable: true, isConnectedToProvisioningNetwork: false
03-03 07:17:29.221   922   987 D QcConnectivityService: handleInetConditionChange: net=0 != default=1 - ignore
03-03 07:17:29.231   922   987 E QcConnectivityService: Unexpected mtu value: android.net.wifi.WifiStateTracker@41945710
03-03 07:17:29.241   922   987 D QcConnectivityService: handleConnectivityChange: address are the same reset per doReset linkProperty[1]: resetMask=0
03-03 07:17:29.241   922   987 D Nat464Xlat: requiresClat: netType=1, hasIPv4Address=true
03-03 07:22:17.661   922   987 D QcConnectivityService: Captive portal check NetworkInfo: type: WIFI[], state: CONNECTING/CAPTIVE_PORTAL_CHECK, reason: (unspecified), extra: "AllieGO 5GHz", roaming: false, failover: false, isAvailable: true, isConnectedToProvisioningNetwork: false
03-03 07:22:17.661   922   987 D QcConnectivityService: handleCaptivePortalTrackerCheck: call captivePortalCheckComplete ni=NetworkInfo: type: WIFI[], state: CONNECTING/CAPTIVE_PORTAL_CHECK, reason: (unspecified), extra: "AllieGO 5GHz", roaming: false, failover: false, isAvailable: true, isConnectedToProvisioningNetwork: false
03-03 07:22:17.661   922   987 D QcConnectivityService: handleInetConditionChange: net=0 != default=1 - ignore
03-03 07:22:17.681   922   987 E QcConnectivityService: Unexpected mtu value: android.net.wifi.WifiStateTracker@41945710
03-03 07:22:17.691   922   987 D QcConnectivityService: handleConnectivityChange: address are the same reset per doReset linkProperty[1]: resetMask=0
03-03 07:22:17.691   922   987 D Nat464Xlat: requiresClat: netType=1, hasIPv4Address=true
03-03 07:27:05.631   922   987 D QcConnectivityService: Sampling interval elapsed, updating statistics ..
03-03 07:27:05.651   922   987 D QcConnectivityService: Done.
03-03 07:27:05.651   922   987 D QcConnectivityService: Setting timer for 720seconds
03-03 07:27:06.091   922   987 D QcConnectivityService: Captive portal check NetworkInfo: type: WIFI[], state: CONNECTING/CAPTIVE_PORTAL_CHECK, reason: (unspecified), extra: "AllieGO 5GHz", roaming: false, failover: false, isAvailable: true, isConnectedToProvisioningNetwork: false
03-03 07:27:06.091   922   987 D QcConnectivityService: handleCaptivePortalTrackerCheck: call captivePortalCheckComplete ni=NetworkInfo: type: WIFI[], state: CONNECTING/CAPTIVE_PORTAL_CHECK, reason: (unspecified), extra: "AllieGO 5GHz", roaming: false, failover: false, isAvailable: true, isConnectedToProvisioningNetwork: false
03-03 07:27:06.091   922   987 D QcConnectivityService: handleInetConditionChange: net=0 != default=1 - ignore
03-03 07:27:06.111   922   987 E QcConnectivityService: Unexpected mtu value: android.net.wifi.WifiStateTracker@41945710
03-03 07:27:06.121   922   987 D QcConnectivityService: handleConnectivityChange: address are the same reset per doReset linkProperty[1]: resetMask=0
03-03 07:27:06.121   922   987 D Nat464Xlat: requiresClat: netType=1, hasIPv4Address=true
03-03 07:31:54.521   922   987 D QcConnectivityService: Captive portal check NetworkInfo: type: WIFI[], state: CONNECTING/CAPTIVE_PORTAL_CHECK, reason: (unspecified), extra: "AllieGO 5GHz", roaming: false, failover: false, isAvailable: true, isConnectedToProvisioningNetwork: false
03-03 07:31:54.521   922   987 D QcConnectivityService: handleCaptivePortalTrackerCheck: call captivePortalCheckComplete ni=NetworkInfo: type: WIFI[], state: CONNECTING/CAPTIVE_PORTAL_CHECK, reason: (unspecified), extra: "AllieGO 5GHz", roaming: false, failover: false, isAvailable: true, isConnectedToProvisioningNetwork: false
03-03 07:31:54.521   922   987 D QcConnectivityService: handleInetConditionChange: net=0 != default=1 - ignore
03-03 07:31:54.541   922   987 E QcConnectivityService: Unexpected mtu value: android.net.wifi.WifiStateTracker@41945710
03-03 07:31:54.551   922   987 D QcConnectivityService: handleConnectivityChange: address are the same reset per doReset linkProperty[1]: resetMask=0
03-03 07:31:54.551   922   987 D Nat464Xlat: requiresClat: netType=1, hasIPv4Address=true
03-03 07:36:42.961   922   987 D QcConnectivityService: Captive portal check NetworkInfo: type: WIFI[], state: CONNECTING/CAPTIVE_PORTAL_CHECK, reason: (unspecified), extra: "AllieGO 5GHz", roaming: false, failover: false, isAvailable: true, isConnectedToProvisioningNetwork: false
03-03 07:36:42.961   922   987 D QcConnectivityService: handleCaptivePortalTrackerCheck: call captivePortalCheckComplete ni=NetworkInfo: type: WIFI[], state: CONNECTING/CAPTIVE_PORTAL_CHECK, reason: (unspecified), extra: "AllieGO 5GHz", roaming: false, failover: false, isAvailable: true, isConnectedToProvisioningNetwork: false
03-03 07:36:42.961   922   987 D QcConnectivityService: handleInetConditionChange: net=0 != default=1 - ignore
03-03 07:36:42.981   922   987 E QcConnectivityService: Unexpected mtu value: android.net.wifi.WifiStateTracker@41945710
03-03 07:36:42.991   922   987 D QcConnectivityService: handleConnectivityChange: address are the same reset per doReset linkProperty[1]: resetMask=0
03-03 07:36:43.001   922   987 D Nat464Xlat: requiresClat: netType=1, hasIPv4Address=true
03-03 07:39:05.691   922   987 D QcConnectivityService: Sampling interval elapsed, updating statistics ..
03-03 07:39:05.711   922   987 D QcConnectivityService: Done.
03-03 07:39:05.711   922   987 D QcConnectivityService: Setting timer for 720seconds
03-03 07:41:00.001   922   946 I ProcessStatsService: Prepared write state in 6ms
03-03 07:41:31.371   922   987 D QcConnectivityService: Captive portal check NetworkInfo: type: WIFI[], state: CONNECTING/CAPTIVE_PORTAL_CHECK, reason: (unspecified), extra: "AllieGO 5GHz", roaming: false, failover: false, isAvailable: true, isConnectedToProvisioningNetwork: false
03-03 07:41:31.371   922   987 D QcConnectivityService: handleCaptivePortalTrackerCheck: call captivePortalCheckComplete ni=NetworkInfo: type: WIFI[], state: CONNECTING/CAPTIVE_PORTAL_CHECK, reason: (unspecified), extra: "AllieGO 5GHz", roaming: false, failover: false, isAvailable: true, isConnectedToProvisioningNetwork: false
03-03 07:41:31.371   922   987 D QcConnectivityService: handleInetConditionChange: net=0 != default=1 - ignore
03-03 07:41:31.391   922   987 E QcConnectivityService: Unexpected mtu value: android.net.wifi.WifiStateTracker@41945710
03-03 07:41:31.401   922   987 D QcConnectivityService: handleConnectivityChange: address are the same reset per doReset linkProperty[1]: resetMask=0
03-03 07:41:31.401   922   987 D Nat464Xlat: requiresClat: netType=1, hasIPv4Address=true
03-03 07:46:19.811   922   987 D QcConnectivityService: Captive portal check NetworkInfo: type: WIFI[], state: CONNECTING/CAPTIVE_PORTAL_CHECK, reason: (unspecified), extra: "AllieGO 5GHz", roaming: false, failover: false, isAvailable: true, isConnectedToProvisioningNetwork: false
03-03 07:46:19.811   922   987 D QcConnectivityService: handleCaptivePortalTrackerCheck: call captivePortalCheckComplete ni=NetworkInfo: type: WIFI[], state: CONNECTING/CAPTIVE_PORTAL_CHECK, reason: (unspecified), extra: "AllieGO 5GHz", roaming: false, failover: false, isAvailable: true, isConnectedToProvisioningNetwork: false
03-03 07:46:19.811   922   987 D QcConnectivityService: handleInetConditionChange: net=0 != default=1 - ignore
03-03 07:46:19.841   922   987 E QcConnectivityService: Unexpected mtu value: android.net.wifi.WifiStateTracker@41945710
03-03 07:46:19.851   922   987 D QcConnectivityService: handleConnectivityChange: address are the same reset per doReset linkProperty[1]: resetMask=0
03-03 07:46:19.851   922   987 D Nat464Xlat: requiresClat: netType=1, hasIPv4Address=true
03-03 07:51:07.791   922   987 D QcConnectivityService: Sampling interval elapsed, updating statistics ..
03-03 07:51:07.811   922   987 D QcConnectivityService: Done.
03-03 07:51:07.811   922   987 D QcConnectivityService: Setting timer for 720seconds
03-03 07:51:08.251   922   987 D QcConnectivityService: Captive portal check NetworkInfo: type: WIFI[], state: CONNECTING/CAPTIVE_PORTAL_CHECK, reason: (unspecified), extra: "AllieGO 5GHz", roaming: false, failover: false, isAvailable: true, isConnectedToProvisioningNetwork: false
03-03 07:51:08.251   922   987 D QcConnectivityService: handleCaptivePortalTrackerCheck: call captivePortalCheckComplete ni=NetworkInfo: type: WIFI[], state: CONNECTING/CAPTIVE_PORTAL_CHECK, reason: (unspecified), extra: "AllieGO 5GHz", roaming: false, failover: false, isAvailable: true, isConnectedToProvisioningNetwork: false
03-03 07:51:08.251   922   987 D QcConnectivityService: handleInetConditionChange: net=0 != default=1 - ignore
03-03 07:51:08.271   922   987 E QcConnectivityService: Unexpected mtu value: android.net.wifi.WifiStateTracker@41945710
03-03 07:51:08.281   922   987 D QcConnectivityService: handleConnectivityChange: address are the same reset per doReset linkProperty[1]: resetMask=0
03-03 07:51:08.281   922   987 D Nat464Xlat: requiresClat: netType=1, hasIPv4Address=true
03-03 07:55:56.671   922   987 D QcConnectivityService: Captive portal check NetworkInfo: type: WIFI[], state: CONNECTING/CAPTIVE_PORTAL_CHECK, reason: (unspecified), extra: "AllieGO 5GHz", roaming: false, failover: false, isAvailable: true, isConnectedToProvisioningNetwork: false
03-03 07:55:56.671   922   987 D QcConnectivityService: handleCaptivePortalTrackerCheck: call captivePortalCheckComplete ni=NetworkInfo: type: WIFI[], state: CONNECTING/CAPTIVE_PORTAL_CHECK, reason: (unspecified), extra: "AllieGO 5GHz", roaming: false, failover: false, isAvailable: true, isConnectedToProvisioningNetwork: false
03-03 07:55:56.671   922   987 D QcConnectivityService: handleInetConditionChange: net=0 != default=1 - ignore
03-03 07:55:56.701   922   987 E QcConnectivityService: Unexpected mtu value: android.net.wifi.WifiStateTracker@41945710
03-03 07:55:56.701   922   987 D QcConnectivityService: handleConnectivityChange: address are the same reset per doReset linkProperty[1]: resetMask=0
03-03 07:55:56.701   922   987 D Nat464Xlat: requiresClat: netType=1, hasIPv4Address=true
03-03 08:00:45.111   922   987 D QcConnectivityService: Captive portal check NetworkInfo: type: WIFI[], state: CONNECTING/CAPTIVE_PORTAL_CHECK, reason: (unspecified), extra: "AllieGO 5GHz", roaming: false, failover: false, isAvailable: true, isConnectedToProvisioningNetwork: false
03-03 08:00:45.111   922   987 D QcConnectivityService: handleCaptivePortalTrackerCheck: call captivePortalCheckComplete ni=NetworkInfo: type: WIFI[], state: CONNECTING/CAPTIVE_PORTAL_CHECK, reason: (unspecified), extra: "AllieGO 5GHz", roaming: false, failover: false, isAvailable: true, isConnectedToProvisioningNetwork: false
03-03 08:00:45.111   922   987 D QcConnectivityService: handleInetConditionChange: net=0 != default=1 - ignore
03-03 08:00:45.141   922   987 E QcConnectivityService: Unexpected mtu value: android.net.wifi.WifiStateTracker@41945710
03-03 08:00:45.141   922   987 D QcConnectivityService: handleConnectivityChange: address are the same reset per doReset linkProperty[1]: resetMask=0
03-03 08:00:45.141   922   987 D Nat464Xlat: requiresClat: netType=1, hasIPv4Address=true
03-03 08:03:07.811   922   987 D QcConnectivityService: Sampling interval elapsed, updating statistics ..
03-03 08:03:07.831   922   987 D QcConnectivityService: Done.
03-03 08:03:07.831   922   987 D QcConnectivityService: Setting timer for 720seconds
03-03 08:05:33.541   922   987 D QcConnectivityService: Captive portal check NetworkInfo: type: WIFI[], state: CONNECTING/CAPTIVE_PORTAL_CHECK, reason: (unspecified), extra: "AllieGO 5GHz", roaming: false, failover: false, isAvailable: true, isConnectedToProvisioningNetwork: false
03-03 08:05:33.541   922   987 D QcConnectivityService: handleCaptivePortalTrackerCheck: call captivePortalCheckComplete ni=NetworkInfo: type: WIFI[], state: CONNECTING/CAPTIVE_PORTAL_CHECK, reason: (unspecified), extra: "AllieGO 5GHz", roaming: false, failover: false, isAvailable: true, isConnectedToProvisioningNetwork: false
03-03 08:05:33.541   922   987 D QcConnectivityService: handleInetConditionChange: net=0 != default=1 - ignore
03-03 08:05:33.561   922   987 E QcConnectivityService: Unexpected mtu value: android.net.wifi.WifiStateTracker@41945710
03-03 08:05:33.571   922   987 D QcConnectivityService: handleConnectivityChange: address are the same reset per doReset linkProperty[1]: resetMask=0
03-03 08:05:33.571   922   987 D Nat464Xlat: requiresClat: netType=1, hasIPv4Address=true
03-03 08:06:41.791   922   922 I EntropyMixer: Writing entropy...
