03-02 01:28:10.625   210  2637 E mm-camera-intf: mm_stream_get_v4l2_fmt: Unknown fmt=78
03-02 01:28:10.625   210  2637 E QCameraParameters: int qcamera::QCameraParameters::getPreviewHalPixelFormat() const: format 265
03-02 01:28:10.645   261  2653 E mm-camera-sensor: sensor_set_resolution:1611 set_fps=30.000000 > max_fps=20.000000, capping to max
03-02 01:28:10.685   261  2653 E mm-camera: decide_isp_nums_camif: num_isp = 1
03-02 01:28:10.685   261  2680 E mm-camera-CORE: awb_set_parameters: paramt type =10
03-02 01:28:10.685   261  2680 E mm-camera-CORE: awb_set_parameters current op_mode: 2, previous op_mode: 0
03-02 01:28:10.685   261  2681 E mm-camera: afd_set_parameters: param=0xb7bb1b0c afd_obj =0xb765da10, type =3
03-02 01:28:10.685   261  2653 E mm-camera-sensor: sensor_get_cur_ir_chromatix_name:2061 res 0 mask 2 preview chromatix libchromatix_ov10823_ir_preview.so
03-02 01:28:10.685   261  2653 E mm-camera-sensor: change_chromatix_library:19 Open /persist/phoneid.bin failed
03-02 01:28:10.685   261  2653 E mm-camera-sensor: 
03-02 01:28:10.685   261  2653 E mm-camera-sensor: change_chromatix_library:19 Open /persist/phoneid.bin failed
03-02 01:28:10.685   261  2653 E mm-camera-sensor: 
03-02 01:28:10.685   261  2653 E mm-camera-sensor: change_chromatix_library:19 Open /persist/phoneid.bin failed
03-02 01:28:10.685   261  2653 E mm-camera-sensor: 
03-02 01:28:10.685   261  2653 E mm-camera-sensor: change_chromatix_library:19 Open /persist/phoneid.bin failed
03-02 01:28:10.685   261  2653 E mm-camera-sensor: 
03-02 01:28:10.685   261  2653 E mm-camera-sensor: change_chromatix_library:19 Open /persist/phoneid.bin failed
03-02 01:28:10.685   261  2653 E mm-camera-sensor: 
03-02 01:28:10.685   261  2653 E mm-camera-sensor: change_chromatix_library:19 Open /persist/phoneid.bin failed
03-02 01:28:10.685   261  2653 E mm-camera-sensor: 
03-02 01:28:10.685   261  2653 E mm-camera-sensor: eeprom_process:796 e_ctrl->eeprom_lib.func_tbl =0xb5646004
03-02 01:28:10.685   261  2680 E mm-camera-CORE: awb_set_parameters: paramt type =1
03-02 01:28:10.685   261  2680 E mm-camera-CORE: awb_set_init_chromatix init_param->chromatix=0xb72c07f8
03-02 01:28:10.685   261  2680 E mm-camera-CORE: awb_settings_init awb=0xb7bb1de8,init_param=0xb7bb1b1c, chromatix=0xb72c07f8, stats type=1
03-02 01:28:10.685   261  2680 E mm-camera-CORE: awb_set_parse_chromatix: awb->stats_type=1
03-02 01:28:10.685   261  2680 E mm-camera-CORE: awb_set_parse_chromatix: X
03-02 01:28:10.685   261  2680 E mm-camera-CORE: AWB awb_bayer_init: Green zone offset: (green_offset_bg,green_offset_rg, top_right)=(0, 0, -30 )
03-02 01:28:10.685   261  2681 E mm-camera: afd_set_parameters: param=0xb7bb1b0c afd_obj =0xb765da10, type =1
03-02 01:28:10.685   261  2681 E mm-camera: afd_set_parameters: param=0xb7bb1b0c afd_obj =0xb765da10, type =5
03-02 01:28:10.685   261  2681 E mm-camera-CORE: afd_process_pack_output: afd_enable 0, monitor 0, flicker 0, freq 0, afd_state 0, afd_atb 0
03-02 01:28:10.685   261  2681 E mm-camera: afd_set_parameters: param=0xb7bb1b0c afd_obj =0xb765da10, type =0
03-02 01:28:10.685   261  2681 E mm-camera: afd_set_parameters: param=0xb7bb1b0c afd_obj =0xb765da10, type =0
03-02 01:28:10.685   261  2681 E mm-camera: afd_set_parameters: param=0xb7bb1b0c afd_obj =0xb765da10, type =0
03-02 01:28:10.685   261  2680 E mm-camera-CORE: awb_set_parameters: paramt type =4
03-02 01:28:10.685   261  2681 E mm-camera: afd_set_parameters: param=0xb7bb1b0c afd_obj =0xb765da10, type =0
03-02 01:28:10.685   261  2680 E mm-camera-CORE: awb_set_parameters: paramt type =2
03-02 01:28:10.685   261  2680 E mm-camera-CORE: awb_set_current_wb: E current awb=0 (rbg)=(1.461786, 1.000000, 2.269908)
03-02 01:28:10.685   261  2680 E mm-camera-CORE: awb_set_current_wb: X current awb=0 (rbg)=(1.461786, 1.000000, 2.269908)
03-02 01:28:10.685   261  2680 E mm-camera-CORE: awb_set_current_wb: new_wb =0
03-02 01:28:10.685   261  2681 E mm-camera: afd_set_parameters: param=0xb7bb1b0c afd_obj =0xb765da10, type =0
03-02 01:28:10.685   261  2680 E mm-camera-CORE: awb_set_parameters: paramt type =5
03-02 01:28:10.685   261  2681 E mm-camera: afd_set_parameters: param=0xb7bb1b0c afd_obj =0xb765da10, type =0
03-02 01:28:10.685   261  2681 E mm-camera: afd_set_parameters: param=0xb7bb1b0c afd_obj =0xb765da10, type =0
03-02 01:28:10.685   261  2681 E mm-camera: afd_set_parameters: param=0xb7bb1b0c afd_obj =0xb765da10, type =0
03-02 01:28:10.685   261  2681 E mm-camera: afd_set_parameters: param=0xb7bb1b0c afd_obj =0xb765da10, type =0
03-02 01:28:10.685   261  2681 E mm-camera: afd_set_parameters: param=0xb7bb1b0c afd_obj =0xb765da10, type =0
03-02 01:28:10.685   261  2681 E mm-camera: afd_set_parameters: param=0xb7bb1b0c afd_obj =0xb765da10, type =0
03-02 01:28:10.685   261  2681 E mm-camera: afd_set_parameters: param=0xb7bb1b0c afd_obj =0xb765da10, type =0
03-02 01:28:10.685   261  2681 E mm-camera: afd_set_parameters: param=0xb7bb1b0c afd_obj =0xb765da10, type =0
03-02 01:28:10.685   261  2680 E mm-camera-CORE: awb_set_parameters: paramt type =12
03-02 01:28:10.685   261  2681 E mm-camera: afd_set_parameters: param=0xb7bb1b0c afd_obj =0xb765da10, type =7
03-02 01:28:10.685   261  2653 E mm-camera: isp_tintless_config: tint_correction_strength updated to 4
03-02 01:28:10.685   261  2653 E mm-camera: isp_tintless_update_chromatix_params: lib returned config err=0
03-02 01:28:10.695   261  2653 E mm-camera-img: Face Album FILE EXISTS
03-02 01:28:10.695   261  2653 E mm-camera: cpp_hw_params_update_wnr_params:2891 invalid trigger input 0.000000
03-02 01:28:10.695   261  2648 E mm-camera: isp_ch_util_sync_stream_cfg_to_channel: cannot find channel, Adding new channel for stream id 2
03-02 01:28:10.695   261  2689 E mm-camera: isp_axi_stream_set_skip_pattern: cannot find stream, session_id = 0, stream_id = 0
03-02 01:28:10.695   261  2648 E mm-camera: isp_hw_action: first start, hw thread for streamon/ack
03-02 01:28:10.695   261  2689 E mm-camera: isp_thread_proc_cmd: start/stop, thread_data = 0xb7ba86e4, action_code = 0
03-02 01:28:10.695   261  2689 E mm-camera: isp_tintless_config: cfg: 10x13 mesh, 8x8 subgrid, subgrid sz 26x34
03-02 01:28:10.695   261  2689 E mm-camera: isp_tintless_mesh_config: lib returned mesh config err=0
03-02 01:28:10.695   261  2689 E mm-camera: color_xform_config_601_to_601 for stream Encoder
03-02 01:28:10.695   261  2689 E mm-camera: color_xform_config_601_to_601 for stream Viewfinder
03-02 01:28:10.695   261  2689 E mm-camera: linearization_set_params: param_id is not supported in this module
03-02 01:28:10.695   261  2689 E mm-camera: mesh_rolloff_set_params: param_id is not supported in this module
03-02 01:28:10.695   261  2689 E mm-camera: wb_set_params: param_id is not supported in this module
03-02 01:28:10.695   261  2689 E mm-camera: demosaic_set_params: param_id 7, is not supported in this module
03-02 01:28:10.695   261  2689 E mm-camera: demux_set_params: param_id 7, is not supported in this module
03-02 01:28:10.695   261  2689 E mm-camera: color_correct_set_effect: saturation level = 1.000000, asd_saturae_adjust = 1.000000
03-02 01:28:10.695   261  2689 E mm-camera: mce_set_params: param_id is not supported in this module
03-02 01:28:10.695   261  2689 E mm-camera: sce_set_params: param_id is not supported in this module
03-02 01:28:10.695   261  2689 E mm-camera: la_hist_trigger_update: luma target from AEC = 0! use default LA curve
03-02 01:28:10.695   261  2689 E mm-camera: isp_tintless_stat_config: pointer okay 
03-02 01:28:10.695   261  2689 E mm-camera: isp_tintless_config: cfg: camif 2448x2448, elem sz 76x102, elems 24x32
03-02 01:28:10.695   261  2689 E mm-camera: isp_tintless_stat_config: lib returned config err=0
03-02 01:28:10.705   261  2648 E mm-camera: isp_ch_util_streamon: session_id = 1, vfe_mask = 0x1, async streamon, rc = 0
03-02 01:28:10.705   261  2648 E mm-camera: isp_hw_action: hw_thread for ack
03-02 01:28:10.705   261  2689 E mm-camera: stats_action_buf_config: cfg = 1, stats_mask = 0x6b8
03-02 01:28:10.705   261  2689 E mm-camera: stats_action: stats mask = 0x6b8
03-02 01:28:10.705   261  2689 E mm-camera: isp_axi_util_subscribe_v4l2_event: event_type = 0x8000100, is_subscribe = 1
03-02 01:28:10.715   261  2648 E mm-camera: isp_ch_util_streamon: session_id = 1, sync ack done
03-02 01:28:10.715   261  2689 E mm-camera: isp_thread_proc_cmd: start/stop ack done, thread_data = 0xb7ba86e4, action_code = 1, rc = 0
03-02 01:28:10.715   261  2653 E mm-camera: ispif_proc_streamon: ispif_hw_reset done
03-02 01:28:10.715   261  2653 E mm-camera: stream id 2, stream num_meta 0
03-02 01:28:10.715   261  2653 E mm-camera: ispif_streamon: session_id = 1, active_streams = 1
03-02 01:28:10.715   261  2653 E mm-camera-sensor: module_sensor_stream_on:1560 CameraManager start stream without ir file
03-02 01:28:10.715   261  2653 E mm-camera-sensor: module_sensor_stream_on: Sending start bus message
03-02 01:28:10.715   261  2653 E mm-camera: start_sof_check_thread: Starting SOF timeout thread
03-02 01:28:10.725 31545 31545 D streaming: 01:28:10.729 24206.040 [CameraView:surfaceChanged:223]: startPreview 0
03-02 01:28:10.735 31545 31545 D Camera-JNI: startPreview
03-02 01:28:10.735   210   995 E QCamera2HWI: [KPI Perf] static int qcamera::QCamera2HardwareInterface::start_preview(camera_device*): E PROFILE_START_PREVIEW
03-02 01:28:10.735   210  2661 E QCameraHWI_Mem: int qcamera::QCameraMemory::alloc(int, int, int) : No memory pool available
03-02 01:28:10.735   210  2662 E QCameraHWI_Mem: int qcamera::QCameraMemoryPool::allocateBuffer(qcamera::QCameraMemory::QCameraMemInfo&, int, int, bool, cam_stream_type_t) : Buffer not found!
03-02 01:28:10.735   210  2662 E QCameraHWI_Mem: int qcamera::QCameraMemoryPool::allocateBuffer(qcamera::QCameraMemory::QCameraMemInfo&, int, int, bool, cam_stream_type_t) : Buffer not found!
03-02 01:28:10.735   210  2662 E QCameraHWI_Mem: int qcamera::QCameraMemoryPool::allocateBuffer(qcamera::QCameraMemory::QCameraMemInfo&, int, int, bool, cam_stream_type_t) : Buffer not found!
03-02 01:28:10.735   210  2662 E QCameraHWI_Mem: int qcamera::QCameraMemoryPool::allocateBuffer(qcamera::QCameraMemory::QCameraMemInfo&, int, int, bool, cam_stream_type_t) : Buffer not found!
03-02 01:28:10.735   210  2661 E QCameraHWI_Mem: int qcamera::QCameraMemory::alloc(int, int, int) : No memory pool available
03-02 01:28:10.735   210  2662 E QCameraHWI_Mem: int qcamera::QCameraMemoryPool::allocateBuffer(qcamera::QCameraMemory::QCameraMemInfo&, int, int, bool, cam_stream_type_t) : Buffer not found!
03-02 01:28:10.735   210  2662 E QCameraHWI_Mem: int qcamera::QCameraMemoryPool::allocateBuffer(qcamera::QCameraMemory::QCameraMemInfo&, int, int, bool, cam_stream_type_t) : Buffer not found!
03-02 01:28:10.735   210  2662 E QCameraHWI_Mem: int qcamera::QCameraMemoryPool::allocateBuffer(qcamera::QCameraMemory::QCameraMemInfo&, int, int, bool, cam_stream_type_t) : Buffer not found!
03-02 01:28:10.735   261  2672 E mm-camera: mct_pipeline_add_stream_to_linked_streams: linked streams: 0x2
03-02 01:28:10.735   261  2672 E mm-camera: mct_stream_start_link: Starting preview/postview stream linking 
03-02 01:28:10.735   261  2672 E mm-camera-sensor: port_sensor_caps_reserve:126 ide 20002 stream type 1 w*h 2048*2048
03-02 01:28:10.735   261  2672 E mm-camera-sensor: port_sensor_ext_link_func:195 ide 20002
03-02 01:28:10.735   261  2672 E mm-camera: isp_reserve_src_port: Error isp_src_port
03-02 01:28:10.735   261  2672 E mm-camera: isp_util_find_matched_existing_src_port#171: X
03-02 01:28:10.735   261  2672 E mm-camera: isp_reserve_src_port: Error isp_src_port
03-02 01:28:10.735   261  2672 E mm-camera: isp_util_find_matched_existing_src_port#171: X
03-02 01:28:10.735   261  2672 E mm-camera: module_imglib_create_port:1756 portname imglib_d2_i1
03-02 01:28:10.735   261  2672 E mm-camera: module_imglib_port_check_caps_reserve:1493 port already reserved or invalid identity 131074
03-02 01:28:10.735   261  2672 E mm-camera: module_imglib_port_check_caps_reserve:1557] Cap reserve failed 
03-02 01:28:10.735   261  2672 E mm-camera: module_faceproc_client_create:968] Face proc feature mask e 0
03-02 01:28:10.735   261  2672 E mm-camera: isp_reserve_src_port: Error isp_src_port
03-02 01:28:10.735   261  2672 E mm-camera: mct_pipeline_send_ctrl_events: Send Set Parm events
03-02 01:28:10.745   261  2672 E mm-camera: mct_pipeline_add_stream_to_linked_streams: linked streams: 0x82
03-02 01:28:10.745   261  2672 E mm-camera: mct_stream_start_link: Starting meta stream linking: do nothing 
03-02 01:28:10.745   210  2661 E mm-camera-intf: mm_stream_get_v4l2_fmt: Unknown fmt=78
03-02 01:28:10.745   210  2661 E QCameraParameters: int qcamera::QCameraParameters::getPreviewHalPixelFormat() const: format 265
03-02 01:28:10.765   261  2672 E mm-camera-sensor: sensor_set_resolution:1611 set_fps=30.000000 > max_fps=20.000000, capping to max
03-02 01:28:10.785   999   999 D StatusBar.NetworkController: refreshViews: Data not connected!! Set no data type icon / Roaming
03-02 01:28:10.785   999   999 D StatusBar.NetworkController: refreshViews connected={ wifi } level=0 combinedSignalIconId=0x7f0200a3/com.android.systemui:drawable/stat_sys_wifi_signal_3_fully mobileLabel= wifiLabel="AllieGO 5GHz"xxxxXXXXxxxxXXXX emergencyOnly=false combinedLabel="AllieGO 5GHz"xxxxXXXXxxxxXXXX mAirplaneMode=false mDataActivity=0 mPhoneSignalIconId=0x0 mQSPhoneSignalIconId=0x0 mDataDirectionIconId=0x0 mDataSignalIconId=0x0 mDataTypeIconId=0x0 mQSDataTypeIconId=0x0 mNoSimIconId=0x0 mWifiIconId=0x7f0200a3 mQSWifiIconId=0x7f02005b mBluetoothTetherIconId=0x10805cc
03-02 01:28:10.795   261  2672 E mm-camera: decide_isp_nums_camif: num_isp = 1
03-02 01:28:10.795   261  2693 E mm-camera-CORE: awb_set_parameters: paramt type =10
03-02 01:28:10.795   261  2693 E mm-camera-CORE: awb_set_parameters current op_mode: 2, previous op_mode: 0
03-02 01:28:10.795   261  2694 E mm-camera: afd_set_parameters: param=0xb77ade6c afd_obj =0xb751adf8, type =3
03-02 01:28:10.805   261  2672 E mm-camera-sensor: sensor_get_cur_ir_chromatix_name:2061 res 0 mask 2 preview chromatix libchromatix_ov10823_ir_preview.so
03-02 01:28:10.805   261  2672 E mm-camera-sensor: change_chromatix_library:19 Open /persist/phoneid.bin failed
03-02 01:28:10.805   261  2672 E mm-camera-sensor: 
03-02 01:28:10.805   261  2672 E mm-camera-sensor: change_chromatix_library:19 Open /persist/phoneid.bin failed
03-02 01:28:10.805   261  2672 E mm-camera-sensor: 
03-02 01:28:10.805   261  2672 E mm-camera-sensor: change_chromatix_library:19 Open /persist/phoneid.bin failed
03-02 01:28:10.805   261  2672 E mm-camera-sensor: 
03-02 01:28:10.805   261  2672 E mm-camera-sensor: change_chromatix_library:19 Open /persist/phoneid.bin failed
03-02 01:28:10.805   261  2672 E mm-camera-sensor: 
03-02 01:28:10.805   261  2672 E mm-camera-sensor: change_chromatix_library:19 Open /persist/phoneid.bin failed
03-02 01:28:10.805   261  2672 E mm-camera-sensor: 
03-02 01:28:10.805   261  2672 E mm-camera-sensor: change_chromatix_library:19 Open /persist/phoneid.bin failed
03-02 01:28:10.805   261  2672 E mm-camera-sensor: 
03-02 01:28:10.805   261  2672 E mm-camera-sensor: eeprom_process:796 e_ctrl->eeprom_lib.func_tbl =0xb5646004
03-02 01:28:10.805   261  2694 E mm-camera: afd_set_parameters: param=0xb77adda4 afd_obj =0xb751adf8, type =1
03-02 01:28:10.805   261  2693 E mm-camera-CORE: awb_set_parameters: paramt type =1
03-02 01:28:10.805   261  2693 E mm-camera-CORE: awb_set_init_chromatix init_param->chromatix=0xb7660ea0
03-02 01:28:10.805   261  2693 E mm-camera-CORE: awb_settings_init awb=0xb74508e8,init_param=0xb77adcec, chromatix=0xb7660ea0, stats type=1
03-02 01:28:10.805   261  2693 E mm-camera-CORE: awb_set_parse_chromatix: awb->stats_type=1
03-02 01:28:10.805   261  2693 E mm-camera-CORE: awb_set_parse_chromatix: X
03-02 01:28:10.805   261  2693 E mm-camera-CORE: AWB awb_bayer_init: Green zone offset: (green_offset_bg,green_offset_rg, top_right)=(0, 0, -30 )
03-02 01:28:10.805   261  2693 E mm-camera-CORE: awb_set_parameters: paramt type =4
03-02 01:28:10.805   261  2693 E mm-camera-CORE: awb_set_parameters: paramt type =2
03-02 01:28:10.805   261  2693 E mm-camera-CORE: awb_set_current_wb: E current awb=0 (rbg)=(1.494550, 1.000000, 2.288746)
03-02 01:28:10.805   261  2693 E mm-camera-CORE: awb_set_current_wb: X current awb=0 (rbg)=(1.494550, 1.000000, 2.288746)
03-02 01:28:10.805   261  2693 E mm-camera-CORE: awb_set_current_wb: new_wb =0
03-02 01:28:10.805   261  2693 E mm-camera-CORE: awb_set_parameters: paramt type =5
03-02 01:28:10.805   261  2693 E mm-camera-CORE: awb_set_parameters: paramt type =12
03-02 01:28:10.805   261  2694 E mm-camera: afd_set_parameters: param=0xb77add7c afd_obj =0xb751adf8, type =5
03-02 01:28:10.805   261  2694 E mm-camera-CORE: afd_process_pack_output: afd_enable 0, monitor 0, flicker 0, freq 0, afd_state 0, afd_atb 0
03-02 01:28:10.805   261  2694 E mm-camera: afd_set_parameters: param=0xb77addd4 afd_obj =0xb751adf8, type =0
03-02 01:28:10.805   261  2694 E mm-camera: afd_set_parameters: param=0xb77adf04 afd_obj =0xb751adf8, type =0
03-02 01:28:10.805   261  2694 E mm-camera: afd_set_parameters: param=0xb77ae034 afd_obj =0xb751adf8, type =0
03-02 01:28:10.805   261  2694 E mm-camera: afd_set_parameters: param=0xb77ae164 afd_obj =0xb751adf8, type =0
03-02 01:28:10.805   261  2672 E mm-camera: isp_tintless_config: tint_correction_strength updated to 4
03-02 01:28:10.805   261  2694 E mm-camera: afd_set_parameters: param=0xb77ae294 afd_obj =0xb751adf8, type =0
03-02 01:28:10.805   261  2672 E mm-camera: isp_tintless_update_chromatix_params: lib returned config err=0
03-02 01:28:10.805   261  2694 E mm-camera: afd_set_parameters: param=0xb77ae52c afd_obj =0xb751adf8, type =0
03-02 01:28:10.805   261  2694 E mm-camera: afd_set_parameters: param=0xb77ae634 afd_obj =0xb751adf8, type =0
03-02 01:28:10.805   261  2694 E mm-camera: afd_set_parameters: param=0xb77ae784 afd_obj =0xb751adf8, type =0
03-02 01:28:10.805   261  2694 E mm-camera: afd_set_parameters: param=0xb77ae7ec afd_obj =0xb751adf8, type =0
03-02 01:28:10.805   261  2694 E mm-camera: afd_set_parameters: param=0xb77ae904 afd_obj =0xb751adf8, type =0
03-02 01:28:10.805   261  2694 E mm-camera: afd_set_parameters: param=0xb77ae98c afd_obj =0xb751adf8, type =0
03-02 01:28:10.805   261  2694 E mm-camera: afd_set_parameters: param=0xb77aeac4 afd_obj =0xb751adf8, type =0
03-02 01:28:10.805   261  2694 E mm-camera: afd_set_parameters: param=0xb77aeca4 afd_obj =0xb751adf8, type =7
03-02 01:28:10.805   261  2672 E mm-camera: cpp_hw_params_update_wnr_params:2891 invalid trigger input 0.000000
03-02 01:28:10.805   261  2670 E mm-camera: isp_ch_util_sync_stream_cfg_to_channel: cannot find channel, Adding new channel for stream id 2
03-02 01:28:10.805   261  2702 E mm-camera: isp_axi_stream_set_skip_pattern: cannot find stream, session_id = 0, stream_id = 0
03-02 01:28:10.805   261  2670 E mm-camera: isp_hw_action: first start, hw thread for streamon/ack
03-02 01:28:10.805   261  2670 E mm-camera: isp_ch_util_streamon: session_id = 2, vfe_mask = 0x2, async streamon, rc = 0
03-02 01:28:10.805   261  2670 E mm-camera: isp_hw_action: hw_thread for ack
03-02 01:28:10.805   261  2702 E mm-camera: isp_thread_proc_cmd: start/stop, thread_data = 0xb7782aec, action_code = 0
03-02 01:28:10.805   261  2702 E mm-camera: isp_tintless_config: cfg: 10x13 mesh, 8x8 subgrid, subgrid sz 26x34
03-02 01:28:10.805   261  2702 E mm-camera: isp_tintless_mesh_config: lib returned mesh config err=0
03-02 01:28:10.805   261  2702 E mm-camera: color_xform_config_601_to_601 for stream Encoder
03-02 01:28:10.805   261  2702 E mm-camera: color_xform_config_601_to_601 for stream Viewfinder
03-02 01:28:10.805   261  2702 E mm-camera: linearization_set_params: param_id is not supported in this module
03-02 01:28:10.805   261  2702 E mm-camera: mesh_rolloff_set_params: param_id is not supported in this module
03-02 01:28:10.805   261  2702 E mm-camera: wb_set_params: param_id is not supported in this module
03-02 01:28:10.805   261  2702 E mm-camera: demosaic_set_params: param_id 7, is not supported in this module
03-02 01:28:10.805   261  2702 E mm-camera: demux_set_params: param_id 7, is not supported in this module
03-02 01:28:10.805   261  2702 E mm-camera: color_correct_set_effect: saturation level = 1.000000, asd_saturae_adjust = 1.000000
03-02 01:28:10.805   261  2702 E mm-camera: mce_set_params: param_id is not supported in this module
03-02 01:28:10.805   261  2702 E mm-camera: sce_set_params: param_id is not supported in this module
03-02 01:28:10.805   261  2702 E mm-camera: la_hist_trigger_update: luma target from AEC = 0! use default LA curve
03-02 01:28:10.805   261  2702 E mm-camera: isp_tintless_stat_config: pointer okay 
03-02 01:28:10.805   261  2702 E mm-camera: isp_tintless_config: cfg: camif 2448x2448, elem sz 76x102, elems 24x32
03-02 01:28:10.805   261  2702 E mm-camera: isp_tintless_stat_config: lib returned config err=0
03-02 01:28:10.815   261  2702 E mm-camera: stats_action_buf_config: cfg = 1, stats_mask = 0x6b8
03-02 01:28:10.815   261  2702 E mm-camera: stats_action: stats mask = 0x6b8
03-02 01:28:10.815   261  2702 E mm-camera: isp_axi_util_subscribe_v4l2_event: event_type = 0x8000100, is_subscribe = 1
03-02 01:28:10.825   261  2670 E mm-camera: isp_ch_util_streamon: session_id = 2, sync ack done
03-02 01:28:10.825   261  2702 E mm-camera: isp_thread_proc_cmd: start/stop ack done, thread_data = 0xb7782aec, action_code = 1, rc = 0
03-02 01:28:10.825   261  2672 E mm-camera: stream id 2, stream num_meta 0
03-02 01:28:10.825   261  2672 E mm-camera: ispif_streamon: session_id = 2, active_streams = 1
03-02 01:28:10.825   261  2672 E mm-camera-sensor: module_sensor_stream_on:1560 CameraManager start stream without ir file
03-02 01:28:10.825   261  2672 E mm-camera-sensor: module_sensor_stream_on: Sending start bus message
03-02 01:28:10.825   261  2672 E mm-camera: start_sof_check_thread: Starting SOF timeout thread
03-02 01:28:10.835 31545 31545 D streaming: 01:28:10.838 24206.149 [CameraView:surfaceChanged:223]: startPreview 1
03-02 01:28:10.835   210  2684 E QCamera2HWI: [KPI Perf] static void qcamera::QCamera2HardwareInterface::preview_stream_cb_routine(mm_camera_super_buf_t*, qcamera::QCameraStream*, void*) : PROFILE_FIRST_PREVIEW_FRAME
03-02 01:28:10.835   261  2689 E mm-camera: la_hist_trigger_update: luma target from AEC = 0! use default LA curve
03-02 01:28:10.875 31545  2634 D streaming: 01:28:10.887 24206.198 [CameraManager:start:99]: Opened cameras
03-02 01:28:10.895   210  2637 E QCameraParameters: int32_t qcamera::QCameraParameters::setPreviewFpsRange(const qcamera::QCameraParameters&): FpsRange Values:(2000, 30000)
03-02 01:28:10.895   210  2637 E QCameraParameters: int32_t qcamera::QCameraParameters::setPreviewFpsRange(const qcamera::QCameraParameters&): Requested FpsRange Values:(2000, 30000)
03-02 01:28:10.895   210  2637 E QCameraParameters: bool qcamera::QCameraParameters::UpdateHFRFrameRate(const qcamera::QCameraParameters&): CameraParameters - : minFps = 2000, maxFps = 30000 
03-02 01:28:10.895   210  2637 E QCameraParameters: bool qcamera::QCameraParameters::UpdateHFRFrameRate(const qcamera::QCameraParameters&): Requested params - : minFps = 2000, maxFps = 30000 
03-02 01:28:10.895   210  2637 E QCameraParameters: bool qcamera::QCameraParameters::UpdateHFRFrameRate(const qcamera::QCameraParameters&): prevHfrStr - off, hfrStr = off 
03-02 01:28:10.895   210  2637 E QCameraParameters: HFR mode is OFF
03-02 01:28:10.895   210  2637 E QCameraParameters: int32_t qcamera::QCameraParameters::setPreviewFpsRange(const qcamera::QCameraParameters&): UpdateHFRFrameRate 0
03-02 01:28:10.895   210  2637 E QCameraParameters: int32_t qcamera::QCameraParameters::setPreviewFpsRange(const qcamera::QCameraParameters&): No change in FpsRange
03-02 01:28:10.895   210  2637 I QCameraParameters: int32_t qcamera::QCameraParameters::setWBManualCCT(const qcamera::QCameraParameters&), dont set cct to back-end.
03-02 01:28:10.895   210  2637 I QCameraParameters: int32_t qcamera::QCameraParameters::setFocusPosition(const qcamera::QCameraParameters&), dont set focus pos to back-end!
03-02 01:28:10.895   210  2637 I QCameraParameters: int32_t qcamera::QCameraParameters::setLiveSnapshotSize(const qcamera::QCameraParameters&): live snapshot size 1920 x 1080
03-02 01:28:10.895   261  2653 E mm-camera: mct_pipeline_send_ctrl_events: Send Set Parm events
03-02 01:28:10.895   261  2653 E mm-camera-sensor: module_sensor_event_control_set_parm:2609 CameraManager switch to normal file
03-02 01:28:10.895   261  2653 E mm-camera: cpp_module_process_downstream_event:852: MCT_EVENT_MODULE_SET_RELOAD_CHROMATIX: identity=0x10002
03-02 01:28:10.895   261  2689 E mm-camera: isp_tintless_config: same cfg as current
03-02 01:28:10.895   261  2689 E mm-camera: isp_tintless_mesh_config: lib returned mesh config err=0
03-02 01:28:10.895   261  2689 E mm-camera: color_xform_config_601_to_601 for stream Encoder
03-02 01:28:10.895   261  2689 E mm-camera: color_xform_config_601_to_601 for stream Viewfinder
03-02 01:28:10.905   210  2661 E QCameraParameters: int32_t qcamera::QCameraParameters::setPreviewFpsRange(const qcamera::QCameraParameters&): FpsRange Values:(2000, 30000)
03-02 01:28:10.905   210  2661 E QCameraParameters: int32_t qcamera::QCameraParameters::setPreviewFpsRange(const qcamera::QCameraParameters&): Requested FpsRange Values:(2000, 30000)
03-02 01:28:10.905   210  2661 E QCameraParameters: bool qcamera::QCameraParameters::UpdateHFRFrameRate(const qcamera::QCameraParameters&): CameraParameters - : minFps = 2000, maxFps = 30000 
03-02 01:28:10.905   210  2661 E QCameraParameters: bool qcamera::QCameraParameters::UpdateHFRFrameRate(const qcamera::QCameraParameters&): Requested params - : minFps = 2000, maxFps = 30000 
03-02 01:28:10.905   210  2661 E QCameraParameters: bool qcamera::QCameraParameters::UpdateHFRFrameRate(const qcamera::QCameraParameters&): prevHfrStr - off, hfrStr = off 
03-02 01:28:10.905   210  2661 E QCameraParameters: HFR mode is OFF
03-02 01:28:10.905   210  2661 E QCameraParameters: int32_t qcamera::QCameraParameters::setPreviewFpsRange(const qcamera::QCameraParameters&): UpdateHFRFrameRate 0
03-02 01:28:10.905   210  2661 E QCameraParameters: int32_t qcamera::QCameraParameters::setPreviewFpsRange(const qcamera::QCameraParameters&): No change in FpsRange
03-02 01:28:10.905   210  2661 I QCameraParameters: int32_t qcamera::QCameraParameters::setWBManualCCT(const qcamera::QCameraParameters&), dont set cct to back-end.
03-02 01:28:10.905   210  2661 I QCameraParameters: int32_t qcamera::QCameraParameters::setFocusPosition(const qcamera::QCameraParameters&), dont set focus pos to back-end!
03-02 01:28:10.905   210  2661 I QCameraParameters: int32_t qcamera::QCameraParameters::setLiveSnapshotSize(const qcamera::QCameraParameters&): live snapshot size 1920 x 1080
03-02 01:28:10.905   261  2672 E mm-camera: mct_pipeline_send_ctrl_events: Send Set Parm events
03-02 01:28:10.905   261  2672 E mm-camera-sensor: module_sensor_event_control_set_parm:2609 CameraManager switch to normal file
03-02 01:28:10.905   261  2672 E mm-camera: cpp_module_process_downstream_event:852: MCT_EVENT_MODULE_SET_RELOAD_CHROMATIX: identity=0x20002
03-02 01:28:10.905   261  2672 E mm-camera: cpp_hw_params_update_wnr_params:2891 invalid trigger input 0.000000
03-02 01:28:10.905   261  2702 E mm-camera: isp_tintless_config: same cfg as current
03-02 01:28:10.905   261  2702 E mm-camera: isp_tintless_mesh_config: lib returned mesh config err=0
03-02 01:28:10.905   261  2702 E mm-camera: color_xform_config_601_to_601 for stream Encoder
03-02 01:28:10.905   261  2702 E mm-camera: color_xform_config_601_to_601 for stream Viewfinder
03-02 01:28:10.905   261  2672 E mm-camera: cpp_hw_params_update_wnr_params:2891 invalid trigger input 0.000000
03-02 01:28:10.905 31545 31576 D streaming: 01:28:10.917 24206.228 [CameraManager:setIrChromatix:128]: turn off IR chromatix
03-02 01:28:10.905 31545 31576 D streaming: 01:28:10.918 24206.229 [RecorderHelper:<init>:24]: start recorders
03-02 01:28:10.915 31545 31576 D streaming: 01:28:10.919 24206.230 [CameraView:stopPreview:253]: stopPreview 1
03-02 01:28:10.915 31545 31576 D Camera-JNI: stopPreview
03-02 01:28:10.915   210   995 I CameraClient: stopPreview: Disable picture related messages
03-02 01:28:10.915   210   995 E QCamera2HWI: [KPI Perf] static void qcamera::QCamera2HardwareInterface::stop_preview(camera_device*): E PROFILE_STOP_PREVIEW
03-02 01:28:10.915   261  2672 E mm-camera: cpp_module_handle_streamoff_event:1973] iden:0x20002, linked_params:0x0
03-02 01:28:10.915   261  2672 E mm-camera: cpp_hardware_process_streamoff:510] skip_iden:0x0, duplicate_stream_status:0x0
03-02 01:28:10.915   261  2670 E mm-camera: isp_hw_action: last pix stop, pix_cnt = 1, cnt = 1
03-02 01:28:10.915   261  2702 E mm-camera: isp_thread_proc_cmd: start/stop, thread_data = 0xb7782aec, action_code = 2
03-02 01:28:10.915   261  2702 E mm-camera: isp_axi_util_subscribe_v4l2_event: event_type = 0x8000100, is_subscribe = 0
03-02 01:28:10.915   261  2670 E mm-camera: isp_hw_action: hw_thread for ack
03-02 01:28:10.985   261  2702 E mm-camera: stats_action_buf_config: cfg = 0, stats_mask = 0x6b8
03-02 01:28:10.985   261  2702 E mm-camera: isp_thread_proc_cmd: start/stop ack done, thread_data = 0xb7782aec, action_code = 3, rc = 0
03-02 01:28:10.985   261  2672 E mm-camera: stream id 2, stream num_meta 0
03-02 01:28:11.025   261  2672 E mm-camera: ispif_streamoff: session_id = 2, active_streams = 0
03-02 01:28:11.025   261  2672 E mm-camera-sensor: module_sensor_module_process_event: Sending stop bus message
03-02 01:28:11.025   261  2672 E mm-camera: stop_sof_check_thread: Stopping SOF timeout thread
03-02 01:28:11.035   210  2661 I QCameraHWI_Mem: deallocate: E 
03-02 01:28:11.045   210  2661 I QCameraHWI_Mem:  deallocate : X 
03-02 01:28:11.045   261  2672 E mm-camera: mct_stream_streamoff: Enter
03-02 01:28:11.045   261  2672 E mm-camera-sensor: port_sensor_unlink_func:217 ide 20002
03-02 01:28:11.045   261  2672 E mm-camera-sensor: port_sensor_caps_unreserve:180 ide 20002
03-02 01:28:11.045   261  2672 E mm-camera-img: faceproc_save_album:794] Error No album 
03-02 01:28:11.045   261  2672 E mm-camera-img: faceproc_comp_eng_destroy: Album save failed -1
03-02 01:28:11.045 31545 31576 D streaming: 01:28:11.056 24206.367 [CameraView:stopPreview:253]: stopPreview 0
03-02 01:28:11.045 31545 31576 D Camera-JNI: stopPreview
03-02 01:28:11.045   210   996 I CameraClient: stopPreview: Disable picture related messages
03-02 01:28:11.045   210   996 E QCamera2HWI: [KPI Perf] static void qcamera::QCamera2HardwareInterface::stop_preview(camera_device*): E PROFILE_STOP_PREVIEW
03-02 01:28:11.045   261  2653 E mm-camera: cpp_module_handle_streamoff_event:1973] iden:0x10002, linked_params:0x0
03-02 01:28:11.045   261  2653 E mm-camera: cpp_hardware_process_streamoff:510] skip_iden:0x0, duplicate_stream_status:0x0
03-02 01:28:11.055   261  2648 E mm-camera: isp_hw_action: last pix stop, pix_cnt = 1, cnt = 1
03-02 01:28:11.055   261  2689 E mm-camera: isp_thread_proc_cmd: start/stop, thread_data = 0xb7ba86e4, action_code = 2
03-02 01:28:11.055   261  2689 E mm-camera: isp_axi_util_subscribe_v4l2_event: event_type = 0x8000100, is_subscribe = 0
03-02 01:28:11.055   261  2648 E mm-camera: isp_hw_action: hw_thread for ack
03-02 01:28:11.135   261  2689 E mm-camera: stats_action_buf_config: cfg = 0, stats_mask = 0x6b8
03-02 01:28:11.135   261  2689 E mm-camera: isp_thread_proc_cmd: start/stop ack done, thread_data = 0xb7ba86e4, action_code = 3, rc = 0
03-02 01:28:11.135   261  2653 E mm-camera: stream id 2, stream num_meta 0
03-02 01:28:11.175   261  2653 E mm-camera: ispif_streamoff: session_id = 1, active_streams = 0
03-02 01:28:11.175   261  2653 E mm-camera-sensor: module_sensor_module_process_event: Sending stop bus message
03-02 01:28:11.175   261  2653 E mm-camera: stop_sof_check_thread: Stopping SOF timeout thread
03-02 01:28:11.185   210  2637 I QCameraHWI_Mem: deallocate: E 
03-02 01:28:11.195   210  2637 I QCameraHWI_Mem:  deallocate : X 
03-02 01:28:11.195   261  2653 E mm-camera: mct_stream_streamoff: Enter
03-02 01:28:11.195   261  2653 E mm-camera-sensor: port_sensor_unlink_func:217 ide 10002
03-02 01:28:11.195   261  2653 E mm-camera-sensor: port_sensor_caps_unreserve:180 ide 10002
03-02 01:28:11.195   261  2653 E mm-camera-img: faceproc_save_album:794] Error No album 
03-02 01:28:11.195   261  2653 E mm-camera-img: faceproc_comp_eng_destroy: Album save failed -1
03-02 01:28:11.205 31545 31576 D streaming: 01:28:11.210 24206.520 [MediaRecorderStreamer:<init>:62]: 0. Video 2048x2048@20 (main) 1707 kbit/s
03-02 01:28:11.205 31545 31576 D streaming: 01:28:11.213 24206.524 [MediaRecorderStreamer:<init>:62]: 1. Video 2048x2048@20 (main) 1707 kbit/s
03-02 01:28:11.205 31545 31576 W System.err: AudioEncoding threadId is 177
03-02 01:28:11.205 31545  2707 I OMXClient: Using client-side OMX mux.
03-02 01:28:11.215   210  2637 E QCameraParameters: int32_t qcamera::QCameraParameters::setPreviewFpsRange(const qcamera::QCameraParameters&): FpsRange Values:(2000, 30000)
03-02 01:28:11.215   210  2637 E QCameraParameters: int32_t qcamera::QCameraParameters::setPreviewFpsRange(const qcamera::QCameraParameters&): Requested FpsRange Values:(2000, 30000)
03-02 01:28:11.215   210  2637 E QCameraParameters: bool qcamera::QCameraParameters::UpdateHFRFrameRate(const qcamera::QCameraParameters&): CameraParameters - : minFps = 2000, maxFps = 30000 
03-02 01:28:11.215   210  2637 E QCameraParameters: bool qcamera::QCameraParameters::UpdateHFRFrameRate(const qcamera::QCameraParameters&): Requested params - : minFps = 2000, maxFps = 30000 
03-02 01:28:11.215   210  2637 E QCameraParameters: bool qcamera::QCameraParameters::UpdateHFRFrameRate(const qcamera::QCameraParameters&): prevHfrStr - off, hfrStr = off 
03-02 01:28:11.215   210  2637 E QCameraParameters: HFR mode is OFF
03-02 01:28:11.215   210  2637 E QCameraParameters: int32_t qcamera::QCameraParameters::setPreviewFpsRange(const qcamera::QCameraParameters&): UpdateHFRFrameRate 0
03-02 01:28:11.215   210  2637 E QCameraParameters: int32_t qcamera::QCameraParameters::setPreviewFpsRange(const qcamera::QCameraParameters&): No change in FpsRange
03-02 01:28:11.215   210  2637 I QCameraParameters: int32_t qcamera::QCameraParameters::setWBManualCCT(const qcamera::QCameraParameters&), dont set cct to back-end.
03-02 01:28:11.215   210  2637 I QCameraParameters: int32_t qcamera::QCameraParameters::setFocusPosition(const qcamera::QCameraParameters&), dont set focus pos to back-end!
03-02 01:28:11.215   210  2637 I QCameraParameters: int32_t qcamera::QCameraParameters::setLiveSnapshotSize(const qcamera::QCameraParameters&): live snapshot size 1920 x 1080
03-02 01:28:11.215 31545  2707 E OMXMaster: A component of name 'OMX.qcom.audio.decoder.aac' already exists, ignoring this one.
03-02 01:28:11.215 31545  2705 D MediaRecorder: setVideoSize, width = 2048, height = 2048
03-02 01:28:11.215 31545  2705 D MediaRecorder: setEncoderProfile eProfile = 2
03-02 01:28:11.215 31545  2705 I MediaRecorderJNI: prepare: surface=0x61c22f28
03-02 01:28:11.225 31545 31576 D streaming: 01:28:11.229 24206.540 [AudioRecorderStreamer:<init>:27]: start audio 64kb/s
03-02 01:28:11.225 31545 31576 W System.err: com.splinex
03-02 01:28:11.225 31545 31576 W System.err: File logging is completely turned off "com.splinex".
03-02 01:28:11.225 31545  2712 W System.err: EncoderPopRunnable threadId is 344
03-02 01:28:11.225 31545  2714 W System.err: com.splinex.streaming.AudioRecorderStreamer$EncodedAudioConsumer.342
03-02 01:28:11.225 31545  2714 W System.err: File logging is completely turned off "com.splinex.streaming.AudioRecorderStreamer$EncodedAudioConsumer.342".
03-02 01:28:11.225 31545  2712 W System.err: com.splinex.aacrecordinglib.AudioEncoding$EncoderPopRunnable.344
03-02 01:28:11.225 31545  2712 W System.err: File logging is completely turned off "com.splinex.aacrecordinglib.AudioEncoding$EncoderPopRunnable.344".
03-02 01:28:11.225 31545 31576 D streaming: 01:28:11.236 24206.547 [RecorderHelper:add:47]: connect streamer TsStreamer :2000
03-02 01:28:11.225   210  2716 V SRS_ProcWS: SRS_Processing - SourceInAdd - No Available Slot for 0xb731d450
03-02 01:28:11.245   210  2716 D audio_hw_primary: select_devices: out_snd_device(0: ) in_snd_device(27: handset-mic)
03-02 01:28:11.245   210  2716 D hardware_info: hw_info_append_hw_type : device_name = handset-mic
03-02 01:28:11.245   210  2716 D ACDB-LOADER: ACDB -> send_audio_cal, acdb_id = 4, path =  1
03-02 01:28:11.245   210  2716 D ACDB-LOADER: ACDB -> send_adm_topology
03-02 01:28:11.245   210  2716 D ACDB-LOADER: ACDB -> ACDB_CMD_GET_AUDPROC_COMMON_TOPOLOGY_ID
03-02 01:28:11.245   210  2716 D ACDB-LOADER: ACDB -> send_audtable
03-02 01:28:11.245   210  2716 D ACDB-LOADER: ACDB -> ACDB_CMD_GET_AUDPROC_COMMON_TABLE
03-02 01:28:11.245   210  2716 D ACDB-LOADER: ACDB -> AUDIO_SET_AUDPROC_CAL
03-02 01:28:11.245   210  2716 D ACDB-LOADER: ACDB -> send_audvoltable
03-02 01:28:11.245   210  2716 D ACDB-LOADER: ACDB -> ACDB_CMD_GET_AUDPROC_GAIN_DEP_STEP_TABLE
03-02 01:28:11.245   210  2716 D         : Failed to fetch the lookup information of the device 00000004 
03-02 01:28:11.245   210  2716 E ACDB-LOADER: Error: ACDB AudProc vol returned = -19
03-02 01:28:11.245   210  2716 D ACDB-LOADER: ACDB -> AUDIO_SET_AUDPROC_VOL_CAL
03-02 01:28:11.245   210  2716 D ACDB-LOADER: ACDB -> AUDIO_SET_AFE_CAL
03-02 01:28:11.245   210  2716 I listen_hal_loader: audio_extn_listen_update_status(): stop listen. current active device = handset-mic. Event = 1
03-02 01:28:11.245   210  2716 V listen_hw: listen_hw_notify_event: Enter
03-02 01:28:11.245   210  2716 V listen_hw: handle_notify_event: Enter, event type = 1
03-02 01:28:11.245   210  2716 V listen_hw: handle_notify_event: nothing to do, actual mad state = 0
03-02 01:28:11.305   210   210 E OMX-VENC-720p: Invalid entry returned from get_supported_profile_level 2130706433, 65536
03-02 01:28:11.325   210  2637 E QCameraParameters: int32_t qcamera::QCameraParameters::setPreviewFpsRange(const qcamera::QCameraParameters&): FpsRange Values:(2000, 30000)
03-02 01:28:11.325   210  2637 E QCameraParameters: int32_t qcamera::QCameraParameters::setPreviewFpsRange(const qcamera::QCameraParameters&): Requested FpsRange Values:(2000, 30000)
03-02 01:28:11.325   210  2637 E QCameraParameters: bool qcamera::QCameraParameters::UpdateHFRFrameRate(const qcamera::QCameraParameters&): CameraParameters - : minFps = 2000, maxFps = 30000 
03-02 01:28:11.325   210  2637 E QCameraParameters: bool qcamera::QCameraParameters::UpdateHFRFrameRate(const qcamera::QCameraParameters&): Requested params - : minFps = 2000, maxFps = 30000 
03-02 01:28:11.325   210  2637 E QCameraParameters: bool qcamera::QCameraParameters::UpdateHFRFrameRate(const qcamera::QCameraParameters&): prevHfrStr - off, hfrStr = off 
03-02 01:28:11.325   210  2637 E QCameraParameters: HFR mode is OFF
03-02 01:28:11.325   210  2637 E QCameraParameters: int32_t qcamera::QCameraParameters::setPreviewFpsRange(const qcamera::QCameraParameters&): UpdateHFRFrameRate 0
03-02 01:28:11.325   210  2637 E QCameraParameters: int32_t qcamera::QCameraParameters::setPreviewFpsRange(const qcamera::QCameraParameters&): FPS i=2 : minFps = 20000, maxFps = 20000 vidMinFps = 0, vidMaxFps = 0
03-02 01:28:11.325   210  2637 E QCameraParameters: int32_t qcamera::QCameraParameters::setPreviewFpsRange(int, int, int, int): E minFps = 20000, maxFps = 20000 , vid minFps = 20000, vid maxFps = 20000
03-02 01:28:11.325   210  2637 E QCameraParameters: int32_t qcamera::QCameraParameters::setPreviewFpsRange(int, int, int, int): Setting preview fps range 20000,20000
03-02 01:28:11.325   210  2637 E QCameraParameters: int32_t qcamera::QCameraParameters::setPreviewFpsRange(int, int, int, int): Updated: minFps = 20000, maxFps = 20000 , vid minFps = 20000, vid maxFps = 20000
03-02 01:28:11.325   210  2637 E QCameraParameters: int32_t qcamera::QCameraParameters::setPreviewFpsRange(int, int, int, int): Thermal adjusted preview fps range 20,20, 20, 20
03-02 01:28:11.325   210  2637 I QCameraParameters: int32_t qcamera::QCameraParameters::setWBManualCCT(const qcamera::QCameraParameters&), dont set cct to back-end.
03-02 01:28:11.325   210  2637 I QCameraParameters: int32_t qcamera::QCameraParameters::setFocusPosition(const qcamera::QCameraParameters&), dont set focus pos to back-end!
03-02 01:28:11.325   210  2637 I QCameraParameters: int32_t qcamera::QCameraParameters::setLiveSnapshotSize(const qcamera::QCameraParameters&): live snapshot size 1920 x 1080
03-02 01:28:11.425 31545 31575 D streaming: 01:28:11.435 24206.746 [ClientStatistics:calculate:136]: size=0B sec=0.0 up=2 down=0
03-02 01:28:11.435   210   210 I OMXCodec: Profile type is  2 
03-02 01:28:11.435   210   210 E OMX-VENC-720p: Warning: 2 RefFrames are needed, changing RefFrames from 1 to 2
03-02 01:28:11.445   210   210 W CameraSource: Failed to set video buffer count to 5 due to -38
03-02 01:28:11.445   210   210 E QCamera2HWI: [KPI Perf] static int qcamera::QCamera2HardwareInterface::start_preview(camera_device*): E PROFILE_START_PREVIEW
03-02 01:28:11.445   210  2637 E QCameraHWI_Mem: int qcamera::QCameraMemory::alloc(int, int, int) : No memory pool available
03-02 01:28:11.445   210  2637 E QCameraHWI_Mem: int qcamera::QCameraMemory::alloc(int, int, int) : No memory pool available
03-02 01:28:11.445   210  2638 E QCameraHWI_Mem: int qcamera::QCameraMemoryPool::findBufferLocked(qcamera::QCameraMemory::QCameraMemInfo&, int, uint32_t, bool, cam_stream_type_t) : Found buffer 1 size 286720
03-02 01:28:11.445   210  2638 E QCameraHWI_Mem: int qcamera::QCameraMemoryPool::findBufferLocked(qcamera::QCameraMemory::QCameraMemInfo&, int, uint32_t, bool, cam_stream_type_t) : Found buffer 1 size 286720
03-02 01:28:11.445   210  2638 E QCameraHWI_Mem: int qcamera::QCameraMemoryPool::findBufferLocked(qcamera::QCameraMemory::QCameraMemInfo&, int, uint32_t, bool, cam_stream_type_t) : Found buffer 1 size 286720
03-02 01:28:11.445   210  2638 E QCameraHWI_Mem: int qcamera::QCameraMemoryPool::findBufferLocked(qcamera::QCameraMemory::QCameraMemInfo&, int, uint32_t, bool, cam_stream_type_t) : Found buffer 1 size 286720
03-02 01:28:11.445   210  2638 E QCameraHWI_Mem: int qcamera::QCameraMemoryPool::findBufferLocked(qcamera::QCameraMemory::QCameraMemInfo&, int, uint32_t, bool, cam_stream_type_t) : Found buffer 1 size 286720
03-02 01:28:11.445   210  2638 E QCameraHWI_Mem: int qcamera::QCameraMemoryPool::findBufferLocked(qcamera::QCameraMemory::QCameraMemInfo&, int, uint32_t, bool, cam_stream_type_t) : Found buffer 1 size 286720
03-02 01:28:11.445   210  2638 E QCameraHWI_Mem: int qcamera::QCameraMemoryPool::findBufferLocked(qcamera::QCameraMemory::QCameraMemInfo&, int, uint32_t, bool, cam_stream_type_t) : Found buffer 1 size 286720
03-02 01:28:11.445   261  2653 E mm-camera: mct_pipeline_add_stream_to_linked_streams: linked streams: 0x2
03-02 01:28:11.445   261  2653 E mm-camera: mct_stream_start_link: Starting preview/postview stream linking 
03-02 01:28:11.445   261  2653 E mm-camera-sensor: port_sensor_caps_reserve:126 ide 10004 stream type 1 w*h 2048*2048
03-02 01:28:11.445   261  2653 E mm-camera-sensor: port_sensor_ext_link_func:195 ide 10004
03-02 01:28:11.445   261  2653 E mm-camera: isp_util_find_matched_existing_src_port#171: X
03-02 01:28:11.445   261  2653 E mm-camera: module_faceproc_client_create:968] Face proc feature mask e 0
03-02 01:28:11.445   261  2653 E mm-camera: mct_pipeline_send_ctrl_events: Send Set Parm events
03-02 01:28:11.455   261  2653 E mm-camera: mct_pipeline_add_stream_to_linked_streams: linked streams: 0x82
03-02 01:28:11.455   261  2653 E mm-camera: mct_stream_start_link: Starting meta stream linking: do nothing 
03-02 01:28:11.455   210  2637 E mm-camera-intf: mm_stream_get_v4l2_fmt: Unknown fmt=78
03-02 01:28:11.455   210  2637 E QCameraParameters: int qcamera::QCameraParameters::getPreviewHalPixelFormat() const: format 265
03-02 01:28:11.475   261  2653 E mm-camera: decide_isp_nums_camif: num_isp = 1
03-02 01:28:11.475   261  2653 E mm-camera-sensor: sensor_get_cur_ir_chromatix_name:2061 res 0 mask 2 preview chromatix libchromatix_ov10823_ir_preview.so
03-02 01:28:11.475   261  2653 E mm-camera-sensor: eeprom_process:796 e_ctrl->eeprom_lib.func_tbl =0xb5646004
03-02 01:28:11.485   261  2653 E mm-camera: isp_tintless_config: same cfg as current
03-02 01:28:11.485   261  2653 E mm-camera: isp_tintless_update_chromatix_params: lib returned config err=0
03-02 01:28:11.485   261  2653 E mm-camera-sensor: sensor_set_crop_info:2453 otp center calc is already done,do nothing here
03-02 01:28:11.485   261  2653 E mm-camera-img: Face Album FILE EXISTS
03-02 01:28:11.485   261  2648 E mm-camera: isp_ch_util_sync_stream_cfg_to_channel: cannot find channel, Adding new channel for stream id 4
03-02 01:28:11.485   261  2689 E mm-camera: isp_axi_stream_set_skip_pattern: cannot find stream, session_id = 0, stream_id = 0
03-02 01:28:11.485   261  2689 E mm-camera: linearization_set_params: param_id is not supported in this module
03-02 01:28:11.485   261  2689 E mm-camera: mesh_rolloff_set_params: param_id is not supported in this module
03-02 01:28:11.485   261  2689 E mm-camera: wb_set_params: param_id is not supported in this module
03-02 01:28:11.485   261  2689 E mm-camera: demosaic_set_params: param_id 7, is not supported in this module
03-02 01:28:11.485   261  2689 E mm-camera: demux_set_params: param_id 7, is not supported in this module
03-02 01:28:11.485   261  2689 E mm-camera: mce_set_params: param_id is not supported in this module
03-02 01:28:11.485   261  2689 E mm-camera: sce_set_params: param_id is not supported in this module
03-02 01:28:11.485   261  2689 E mm-camera: linearization_set_params: param_id is not supported in this module
03-02 01:28:11.485   261  2689 E mm-camera: mesh_rolloff_set_params: param_id is not supported in this module
03-02 01:28:11.485   261  2689 E mm-camera: wb_set_params: param_id is not supported in this module
03-02 01:28:11.485   261  2689 E mm-camera: demosaic_set_params: param_id 7, is not supported in this module
03-02 01:28:11.485   261  2689 E mm-camera: demux_set_params: param_id 7, is not supported in this module
03-02 01:28:11.485   261  2689 E mm-camera: mce_set_params: param_id is not supported in this module
03-02 01:28:11.485   261  2689 E mm-camera: sce_set_params: param_id is not supported in this module
03-02 01:28:11.485   261  2689 E mm-camera: linearization_set_params: param_id is not supported in this module
03-02 01:28:11.485   261  2689 E mm-camera: mesh_rolloff_set_params: param_id is not supported in this module
03-02 01:28:11.485   261  2689 E mm-camera: wb_set_params: param_id is not supported in this module
03-02 01:28:11.485   261  2689 E mm-camera: demosaic_set_params: param_id 7, is not supported in this module
03-02 01:28:11.485   261  2689 E mm-camera: demux_set_params: param_id 7, is not supported in this module
03-02 01:28:11.485   261  2689 E mm-camera: mce_set_params: param_id is not supported in this module
03-02 01:28:11.485   261  2689 E mm-camera: sce_set_params: param_id is not supported in this module
03-02 01:28:11.485   261  2648 E mm-camera: isp_hw_action: first start, hw thread for streamon/ack
03-02 01:28:11.485   261  2689 E mm-camera: isp_thread_proc_cmd: start/stop, thread_data = 0xb7ba86e4, action_code = 0
03-02 01:28:11.485   261  2689 E mm-camera: isp_tintless_config: same cfg as current
03-02 01:28:11.485   261  2689 E mm-camera: isp_tintless_mesh_config: lib returned mesh config err=0
03-02 01:28:11.485   261  2689 E mm-camera: color_xform_config_601_to_601 for stream Encoder
03-02 01:28:11.485   261  2689 E mm-camera: color_xform_config_601_to_601 for stream Viewfinder
03-02 01:28:11.485   261  2689 E mm-camera: linearization_set_params: param_id is not supported in this module
03-02 01:28:11.485   261  2689 E mm-camera: mesh_rolloff_set_params: param_id is not supported in this module
03-02 01:28:11.485   261  2689 E mm-camera: wb_set_params: param_id is not supported in this module
03-02 01:28:11.485   261  2689 E mm-camera: demosaic_set_params: param_id 7, is not supported in this module
03-02 01:28:11.485   261  2689 E mm-camera: demux_set_params: param_id 7, is not supported in this module
03-02 01:28:11.485   261  2689 E mm-camera: color_correct_set_effect: saturation level = 1.000000, asd_saturae_adjust = 1.000000
03-02 01:28:11.485   261  2689 E mm-camera: mce_set_params: param_id is not supported in this module
03-02 01:28:11.485   261  2689 E mm-camera: sce_set_params: param_id is not supported in this module
03-02 01:28:11.485   261  2689 E mm-camera: isp_tintless_stat_config: pointer okay 
03-02 01:28:11.485   261  2689 E mm-camera: isp_tintless_stat_config: lib returned config err=0
03-02 01:28:11.485   261  2648 E mm-camera: isp_ch_util_streamon: session_id = 1, vfe_mask = 0x1, async streamon, rc = 0
03-02 01:28:11.485   261  2648 E mm-camera: isp_hw_action: hw_thread for ack
03-02 01:28:11.495   261  2689 E mm-camera: stats_action_buf_config: cfg = 1, stats_mask = 0x6b8
03-02 01:28:11.495   261  2689 E mm-camera: stats_action: stats mask = 0x6b8
03-02 01:28:11.505   261  2689 E mm-camera: isp_axi_util_subscribe_v4l2_event: event_type = 0x8000100, is_subscribe = 1
03-02 01:28:11.505   261  2689 E mm-camera: isp_thread_proc_cmd: start/stop ack done, thread_data = 0xb7ba86e4, action_code = 1, rc = 0
03-02 01:28:11.505   261  2648 E mm-camera: isp_ch_util_streamon: session_id = 1, sync ack done
03-02 01:28:11.505   261  2653 E mm-camera: ispif_proc_streamon: ispif_hw_reset done
03-02 01:28:11.505   261  2653 E mm-camera: stream id 4, stream num_meta 0
