03-02 01:28:13.095   210  2779 E QCamera2HWI: mCameraId 1, Send Video frame to services/encoder TimeStamp : 24208408691000, frame_idx 20, mLastFrameIdx 19, mLostFrameCnt 2
03-02 01:28:13.145   210  2782 E MPEG4Writer: timestamp interval = 150111 ,currentTS = 24208108476 ,preTS = 24207958365
03-02 01:28:13.145   210  2782 E MPEG4Writer: timestamp interval = 150104 ,currentTS = 24208208539 ,preTS = 24208058435
03-02 01:28:13.195   210  2782 E MPEG4Writer: timestamp interval = 150106 ,currentTS = 24208308610 ,preTS = 24208158504
03-02 01:28:13.295   210  2782 E MPEG4Writer: timestamp interval = 150117 ,currentTS = 24208408691 ,preTS = 24208258574
03-02 01:28:13.305   210  2754 E MPEG4Writer: timestamp interval = 150107 ,currentTS = 24208308582 ,preTS = 24208158475
03-02 01:28:13.305   210  2754 E MPEG4Writer: timestamp interval = 150101 ,currentTS = 24208408647 ,preTS = 24208258546
03-02 01:28:13.355   210  2782 E MPEG4Writer: timestamp interval = 100070 ,currentTS = 24208458713 ,preTS = 24208358643
03-02 01:28:13.395   210  2782 E MPEG4Writer: timestamp interval = 100070 ,currentTS = 24208558783 ,preTS = 24208458713
03-02 01:28:13.435 31545 31575 D streaming: 01:28:13.439 24208.750 [ClientStatistics:calculate:136]: size=0B sec=0.0 up=4 down=0
03-02 01:28:13.495   210  2782 E MPEG4Writer: timestamp interval = 150104 ,currentTS = 24208658852 ,preTS = 24208508748
03-02 01:28:13.495   210  2754 E MPEG4Writer: timestamp interval = 150105 ,currentTS = 24208508720 ,preTS = 24208358615
03-02 01:28:13.505   210  2754 E MPEG4Writer: timestamp interval = 150105 ,currentTS = 24208608790 ,preTS = 24208458685
03-02 01:28:13.705   210  2754 E MPEG4Writer: timestamp interval = 150105 ,currentTS = 24208708859 ,preTS = 24208558754
03-02 01:28:13.705   210  2754 E MPEG4Writer: timestamp interval = 150105 ,currentTS = 24208808929 ,preTS = 24208658824
03-02 01:28:13.755   210  2751 E QCamera2HWI: mCameraId 0, Send Video frame to services/encoder TimeStamp : 24209059103000, frame_idx 40, mLastFrameIdx 39, mLostFrameCnt 2
03-02 01:28:13.755   210  2754 E MPEG4Writer: timestamp interval = 150102 ,currentTS = 24208908996 ,preTS = 24208758894
03-02 01:28:13.795   210  2782 E MPEG4Writer: timestamp interval = 150105 ,currentTS = 24208758923 ,preTS = 24208608818
03-02 01:28:13.795   210  2782 E MPEG4Writer: timestamp interval = 150107 ,currentTS = 24208858994 ,preTS = 24208708887
03-02 01:28:13.845   210  2782 E MPEG4Writer: timestamp interval = 150106 ,currentTS = 24208959063 ,preTS = 24208808957
03-02 01:28:13.875  2784  2784 D QSEECOMAPI: : QSEECom_get_handle sb_length = 0x2000
03-02 01:28:13.875  2784  2784 D QSEECOMAPI: : App is not loaded in QSEE
03-02 01:28:13.875  2784  2784 E QSEECOMAPI: : Error::Cannot open the file /vendor/firmware/keymaster/keymaster.mdt
03-02 01:28:13.875  2784  2784 E QSEECOMAPI: : Error::Loading image failed with ret = -1
03-02 01:28:13.895  2784  2784 D QSEECOMAPI: : QSEECom_get_handle sb_length = 0x2000
03-02 01:28:13.895  2784  2784 D QSEECOMAPI: : App is not loaded in QSEE
03-02 01:28:13.895  2784  2784 E QSEECOMAPI: : Error::Cannot open the file /firmware/image/keymaste.mdt
03-02 01:28:13.895  2784  2784 E QSEECOMAPI: : Error::Loading image failed with ret = -1
03-02 01:28:13.895  2784  2784 E QCOMKeyMaster: Loading keymaster app failied
03-02 01:28:13.895  2784  2784 E keystore: could not open keymaster device in keystore (Operation not permitted)
03-02 01:28:13.895  2784  2784 E keystore: keystore keymaster could not be initialized; exiting
03-02 01:28:13.905   210  2782 E MPEG4Writer: timestamp interval = 150091 ,currentTS = 24209059132 ,preTS = 24208909041
03-02 01:28:13.915  1968  1982 E QcrilMsgTunnelSocket: IOException - java.io.IOException: No such file or directory Reason: No such file or directory
03-02 01:28:14.045   210  2754 E MPEG4Writer: timestamp interval = 150102 ,currentTS = 24209009068 ,preTS = 24208858966
03-02 01:28:14.045   210  2754 E MPEG4Writer: timestamp interval = 100070 ,currentTS = 24209059103 ,preTS = 24208959033
03-02 01:28:14.045   210  2754 E MPEG4Writer: timestamp interval = 100070 ,currentTS = 24209159173 ,preTS = 24209059103
03-02 01:28:14.055   210  2782 E MPEG4Writer: timestamp interval = 150105 ,currentTS = 24209159202 ,preTS = 24209009097
03-02 01:28:14.095   210  2779 E QCamera2HWI: mCameraId 1, Send Video frame to services/encoder TimeStamp : 24209409376000, frame_idx 40, mLastFrameIdx 39, mLostFrameCnt 2
03-02 01:28:14.095   210  2782 E MPEG4Writer: timestamp interval = 150105 ,currentTS = 24209259271 ,preTS = 24209109166
03-02 01:28:14.195   210  2782 E MPEG4Writer: timestamp interval = 150090 ,currentTS = 24209359341 ,preTS = 24209209251
03-02 01:28:14.295   210  2754 E MPEG4Writer: timestamp interval = 150104 ,currentTS = 24209259242 ,preTS = 24209109138
03-02 01:28:14.295   210  2754 E MPEG4Writer: timestamp interval = 150100 ,currentTS = 24209359313 ,preTS = 24209209213
03-02 01:28:14.305   210  2782 E MPEG4Writer: timestamp interval = 100070 ,currentTS = 24209409376 ,preTS = 24209309306
03-02 01:28:14.325 31545 31549 D dalvikvm: GC_CONCURRENT freed 1762K, 57% free 4894K/11212K, paused 4ms+2ms, total 29ms
03-02 01:28:14.325 31545  2715 D dalvikvm: WAIT_FOR_CONCURRENT_GC blocked 10ms
03-02 01:28:14.435 31545 31575 D streaming: 01:28:14.446 24209.756 [ClientStatistics:calculate:136]: size=0B sec=0.0 up=5 down=0
03-02 01:28:14.495   210  2782 E MPEG4Writer: timestamp interval = 100069 ,currentTS = 24209509445 ,preTS = 24209409376
03-02 01:28:14.495   210  2782 E MPEG4Writer: timestamp interval = 150102 ,currentTS = 24209609516 ,preTS = 24209459414
03-02 01:28:14.505   210  2754 E MPEG4Writer: timestamp interval = 150106 ,currentTS = 24209459384 ,preTS = 24209309278
03-02 01:28:14.505   210  2754 E MPEG4Writer: timestamp interval = 150105 ,currentTS = 24209559452 ,preTS = 24209409347
03-02 01:28:14.535   210  2754 E MPEG4Writer: timestamp interval = 150104 ,currentTS = 24209659521 ,preTS = 24209509417
03-02 01:28:14.595   210  2782 E MPEG4Writer: timestamp interval = 150105 ,currentTS = 24209709585 ,preTS = 24209559480
03-02 01:28:14.645   210  2782 E MPEG4Writer: timestamp interval = 150105 ,currentTS = 24209809655 ,preTS = 24209659550
03-02 01:28:14.655   210  2754 E MPEG4Writer: timestamp interval = 150104 ,currentTS = 24209759591 ,preTS = 24209609487
03-02 01:28:14.705   210  2754 E MPEG4Writer: timestamp interval = 150105 ,currentTS = 24209859661 ,preTS = 24209709556
03-02 01:28:14.745   210  2782 E MPEG4Writer: timestamp interval = 150107 ,currentTS = 24209909727 ,preTS = 24209759620
03-02 01:28:14.755   210  2751 E QCamera2HWI: mCameraId 0, Send Video frame to services/encoder TimeStamp : 24210059801000, frame_idx 60, mLastFrameIdx 59, mLostFrameCnt 2
03-02 01:28:14.795   210  2754 E MPEG4Writer: timestamp interval = 150105 ,currentTS = 24209959731 ,preTS = 24209809626
03-02 01:28:14.975  1639  1639 D wpa_supplicant: RX ctrl_iface - hexdump(len=11): 53 49 47 4e 41 4c 5f 50 4f 4c 4c
03-02 01:28:14.975  1639  1639 D wpa_supplicant: wlan0: Control interface command 'SIGNAL_POLL'
03-02 01:28:14.975  1639  1639 D wpa_supplicant: nl80211: survey data missing!
03-02 01:28:15.005   210  2782 E MPEG4Writer: timestamp interval = 150104 ,currentTS = 24210009794 ,preTS = 24209859690
03-02 01:28:15.005   210  2782 E MPEG4Writer: timestamp interval = 150105 ,currentTS = 24210109864 ,preTS = 24209959759
03-02 01:28:15.095   210  2754 E MPEG4Writer: timestamp interval = 100066 ,currentTS = 24210009765 ,preTS = 24209909699
03-02 01:28:15.095   210  2754 E MPEG4Writer: timestamp interval = 100072 ,currentTS = 24210109837 ,preTS = 24210009765
03-02 01:28:15.095   210  2754 E MPEG4Writer: timestamp interval = 150104 ,currentTS = 24210209905 ,preTS = 24210059801
03-02 01:28:15.105   210  2779 E QCamera2HWI: mCameraId 1, Send Video frame to services/encoder TimeStamp : 24210410082000, frame_idx 60, mLastFrameIdx 59, mLostFrameCnt 2
03-02 01:28:15.105   210  2782 E MPEG4Writer: timestamp interval = 150104 ,currentTS = 24210209933 ,preTS = 24210059829
03-02 01:28:15.155   210  2782 E MPEG4Writer: timestamp interval = 150108 ,currentTS = 24210310007 ,preTS = 24210159899
03-02 01:28:15.205   210  2754 E MPEG4Writer: timestamp interval = 150107 ,currentTS = 24210309977 ,preTS = 24210159870
03-02 01:28:15.245 31545 31549 D dalvikvm: GC_CONCURRENT freed 2016K, 57% free 4876K/11212K, paused 3ms+6ms, total 39ms
03-02 01:28:15.255   210  2782 E MPEG4Writer: timestamp interval = 100083 ,currentTS = 24210360052 ,preTS = 24210259969
03-02 01:28:15.295   210  2782 E MPEG4Writer: timestamp interval = 100057 ,currentTS = 24210460109 ,preTS = 24210360052
03-02 01:28:15.395   210  2782 E MPEG4Writer: timestamp interval = 150095 ,currentTS = 24210560177 ,preTS = 24210410082
03-02 01:28:15.445 31545 31575 D streaming: 01:28:15.448 24210.763 [ClientStatistics:calculate:136]: size=0B sec=0.0 up=6 down=0
03-02 01:28:15.455   210  2754 E MPEG4Writer: timestamp interval = 150105 ,currentTS = 24210410045 ,preTS = 24210259940
03-02 01:28:15.455   210  2754 E MPEG4Writer: timestamp interval = 150105 ,currentTS = 24210510119 ,preTS = 24210360014
03-02 01:28:15.495   210  2782 E MPEG4Writer: timestamp interval = 150104 ,currentTS = 24210660248 ,preTS = 24210510144
03-02 01:28:15.505   210  2754 E MPEG4Writer: timestamp interval = 150107 ,currentTS = 24210610192 ,preTS = 24210460085
03-02 01:28:15.695   210  2782 E MPEG4Writer: timestamp interval = 150112 ,currentTS = 24210760325 ,preTS = 24210610213
03-02 01:28:15.755   210  2751 E QCamera2HWI: mCameraId 0, Send Video frame to services/encoder TimeStamp : 24211060498000, frame_idx 80, mLastFrameIdx 79, mLostFrameCnt 2
03-02 01:28:15.755   210  2754 E MPEG4Writer: timestamp interval = 150105 ,currentTS = 24210710254 ,preTS = 24210560149
03-02 01:28:15.755   210  2754 E MPEG4Writer: timestamp interval = 150104 ,currentTS = 24210810325 ,preTS = 24210660221
03-02 01:28:15.795   210  2754 E MPEG4Writer: timestamp interval = 150126 ,currentTS = 24210910415 ,preTS = 24210760289
03-02 01:28:15.855   210  2782 E MPEG4Writer: timestamp interval = 150105 ,currentTS = 24210860388 ,preTS = 24210710283
03-02 01:28:15.855   210  2782 E MPEG4Writer: timestamp interval = 150104 ,currentTS = 24210960456 ,preTS = 24210810352
03-02 01:28:16.055   210  2754 E MPEG4Writer: timestamp interval = 100067 ,currentTS = 24210960428 ,preTS = 24210860361
03-02 01:28:16.055   210  2754 E MPEG4Writer: timestamp interval = 100070 ,currentTS = 24211060498 ,preTS = 24210960428
03-02 01:28:16.055   210  2754 E MPEG4Writer: timestamp interval = 150103 ,currentTS = 24211160566 ,preTS = 24211010463
03-02 01:28:16.095   210  2779 E QCamera2HWI: mCameraId 1, Send Video frame to services/encoder TimeStamp : 24211410771000, frame_idx 80, mLastFrameIdx 79, mLostFrameCnt 2
03-02 01:28:16.095   210  2782 E MPEG4Writer: timestamp interval = 150097 ,currentTS = 24211060526 ,preTS = 24210910429
03-02 01:28:16.095   210  2782 E MPEG4Writer: timestamp interval = 150104 ,currentTS = 24211160595 ,preTS = 24211010491
03-02 01:28:16.145   210  2782 E MPEG4Writer: timestamp interval = 150107 ,currentTS = 24211260668 ,preTS = 24211110561
03-02 01:28:16.245   210  2782 E MPEG4Writer: timestamp interval = 100069 ,currentTS = 24211310712 ,preTS = 24211210643
03-02 01:28:16.255   210  2754 E MPEG4Writer: timestamp interval = 150108 ,currentTS = 24211260640 ,preTS = 24211110532
03-02 01:28:16.255   210  2754 E MPEG4Writer: timestamp interval = 150108 ,currentTS = 24211360707 ,preTS = 24211210599
03-02 01:28:16.445   210  2782 E MPEG4Writer: timestamp interval = 100059 ,currentTS = 24211410771 ,preTS = 24211310712
03-02 01:28:16.445   210  2782 E MPEG4Writer: timestamp interval = 150104 ,currentTS = 24211510840 ,preTS = 24211360736
03-02 01:28:16.445 31545 31575 D streaming: 01:28:16.454 24211.765 [ClientStatistics:calculate:136]: size=0B sec=0.0 up=7 down=0
03-02 01:28:16.455   210  2754 E MPEG4Writer: timestamp interval = 150107 ,currentTS = 24211460776 ,preTS = 24211310669
03-02 01:28:16.455   210  2754 E MPEG4Writer: timestamp interval = 150105 ,currentTS = 24211560847 ,preTS = 24211410742
03-02 01:28:16.495 31545 31549 D dalvikvm: GC_CONCURRENT freed 1832K, 56% free 4996K/11212K, paused 4ms+5ms, total 33ms
03-02 01:28:16.495   210  2782 E MPEG4Writer: timestamp interval = 150105 ,currentTS = 24211610910 ,preTS = 24211460805
03-02 01:28:16.545   210  2782 E MPEG4Writer: timestamp interval = 150106 ,currentTS = 24211710983 ,preTS = 24211560877
03-02 01:28:16.705   210  2754 E MPEG4Writer: timestamp interval = 150104 ,currentTS = 24211660916 ,preTS = 24211510812
03-02 01:28:16.705   210  2754 E MPEG4Writer: timestamp interval = 150109 ,currentTS = 24211760986 ,preTS = 24211610877
03-02 01:28:16.745   210  2751 E QCamera2HWI: mCameraId 0, Send Video frame to services/encoder TimeStamp : 24212061195000, frame_idx 100, mLastFrameIdx 99, mLostFrameCnt 2
03-02 01:28:16.795 31545  1574 D WSClientRPC: received {"jsonrpc":"2.0","method":"ping","params":[],"id":"ping"}
03-02 01:28:16.795   210  2782 E MPEG4Writer: timestamp interval = 150105 ,currentTS = 24211811049 ,preTS = 24211660944
03-02 01:28:16.795   210  2782 E MPEG4Writer: timestamp interval = 150116 ,currentTS = 24211911130 ,preTS = 24211761014
03-02 01:28:16.805 31545  1574 D streaming: 01:28:16.809 24212.119 [WSClientRPC:handleString:348]: rcvd {"jsonrpc":"2.0","method":"ping","params":[],"id":"ping"}
03-02 01:28:16.805 31545  1574 D streaming: 01:28:16.811 24212.124 [WSClientRPC:sendString:536]: sending {"id":"ping","result":"OK","jsonrpc":"2.0"}
03-02 01:28:16.805 31545  1574 D WSClientRPC: sending {"id":"ping","result":"OK","jsonrpc":"2.0"}
03-02 01:28:16.805 31545  1574 D WSClientRPC: sent {"id":"ping","result":"OK","jsonrpc":"2.0"}
03-02 01:28:16.805   210  2754 E MPEG4Writer: timestamp interval = 150104 ,currentTS = 24211861058 ,preTS = 24211710954
03-02 01:28:16.895   210  2782 E MPEG4Writer: timestamp interval = 150102 ,currentTS = 24212011188 ,preTS = 24211861086
03-02 01:28:16.945   210  2754 E MPEG4Writer: timestamp interval = 100068 ,currentTS = 24211911088 ,preTS = 24211811020
03-02 01:28:16.945   210  2754 E MPEG4Writer: timestamp interval = 100073 ,currentTS = 24212011161 ,preTS = 24211911088
03-02 01:28:16.995   210  2782 E MPEG4Writer: timestamp interval = 150104 ,currentTS = 24212111259 ,preTS = 24211961155
03-02 01:28:17.045   210  2782 E MPEG4Writer: timestamp interval = 150104 ,currentTS = 24212211328 ,preTS = 24212061224
03-02 01:28:17.095   210  2779 E QCamera2HWI: mCameraId 1, Send Video frame to services/encoder TimeStamp : 24212411468000, frame_idx 100, mLastFrameIdx 99, mLostFrameCnt 2
03-02 01:28:17.105   210  2754 E MPEG4Writer: timestamp interval = 150105 ,currentTS = 24212111230 ,preTS = 24211961125
03-02 01:28:17.105   210  2754 E MPEG4Writer: timestamp interval = 150104 ,currentTS = 24212211299 ,preTS = 24212061195
03-02 01:28:17.245   210  2782 E MPEG4Writer: timestamp interval = 100070 ,currentTS = 24212261363 ,preTS = 24212161293
03-02 01:28:17.245   210  2782 E MPEG4Writer: timestamp interval = 100074 ,currentTS = 24212361437 ,preTS = 24212261363
03-02 01:28:17.345   210  2754 E MPEG4Writer: timestamp interval = 150105 ,currentTS = 24212311370 ,preTS = 24212161265
03-02 01:28:17.345   210  2754 E MPEG4Writer: timestamp interval = 150105 ,currentTS = 24212411440 ,preTS = 24212261335
03-02 01:28:17.445 31545 31575 D streaming: 01:28:17.457 24212.767 [ClientStatistics:calculate:136]: size=0B sec=0.0 up=8 down=0
03-02 01:28:17.495   210  2782 E MPEG4Writer: timestamp interval = 150103 ,currentTS = 24212461502 ,preTS = 24212311399
03-02 01:28:17.495   210  2782 E MPEG4Writer: timestamp interval = 150104 ,currentTS = 24212561572 ,preTS = 24212411468
03-02 01:28:17.535   218   218 V WLAN_PSA: NL MSG, len[048], NL type[0x11] WNI type[0x5050] len[028]
03-02 01:28:17.555   210  2754 E MPEG4Writer: timestamp interval = 150101 ,currentTS = 24212511509 ,preTS = 24212361408
03-02 01:28:17.555   210  2754 E MPEG4Writer: timestamp interval = 150105 ,currentTS = 24212611579 ,preTS = 24212461474
03-02 01:28:17.575   210  2754 E MPEG4Writer: timestamp interval = 150104 ,currentTS = 24212711648 ,preTS = 24212561544
03-02 01:28:17.595 31545 31549 D dalvikvm: GC_CONCURRENT freed 1974K, 55% free 5062K/11212K, paused 2ms+2ms, total 31ms
03-02 01:28:17.655   210  2754 E MPEG4Writer: timestamp interval = 150107 ,currentTS = 24212811718 ,preTS = 24212661611
03-02 01:28:17.695   210  2782 E MPEG4Writer: timestamp interval = 150118 ,currentTS = 24212661655 ,preTS = 24212511537
03-02 01:28:17.695   210  2782 E MPEG4Writer: timestamp interval = 150104 ,currentTS = 24212761711 ,preTS = 24212611607
03-02 01:28:17.715   210  2782 E MPEG4Writer: timestamp interval = 150106 ,currentTS = 24212861783 ,preTS = 24212711677
03-02 01:28:17.755   210  2751 E QCamera2HWI: mCameraId 0, Send Video frame to services/encoder TimeStamp : 24213061893000, frame_idx 120, mLastFrameIdx 119, mLostFrameCnt 2
03-02 01:28:17.755   210  2754 E MPEG4Writer: timestamp interval = 100072 ,currentTS = 24212861755 ,preTS = 24212761683
03-02 01:28:17.805   210  2782 E MPEG4Writer: timestamp interval = 150104 ,currentTS = 24212961851 ,preTS = 24212811747
03-02 01:28:17.915  1968  1982 E QcrilMsgTunnelSocket: IOException - java.io.IOException: No such file or directory Reason: No such file or directory
03-02 01:28:17.945   210  2782 E MPEG4Writer: timestamp interval = 150105 ,currentTS = 24213061921 ,preTS = 24212911816
03-02 01:28:17.985  1639  1639 D wpa_supplicant: RX ctrl_iface - hexdump(len=11): 53 49 47 4e 41 4c 5f 50 4f 4c 4c
03-02 01:28:17.985  1639  1639 D wpa_supplicant: wlan0: Control interface command 'SIGNAL_POLL'
03-02 01:28:17.995  1639  1639 D wpa_supplicant: nl80211: survey data missing!
03-02 01:28:17.995   210  2754 E MPEG4Writer: timestamp interval = 100068 ,currentTS = 24212961823 ,preTS = 24212861755
03-02 01:28:17.995   210  2754 E MPEG4Writer: timestamp interval = 150105 ,currentTS = 24213061893 ,preTS = 24212911788
03-02 01:28:18.095   210  2754 E MPEG4Writer: timestamp interval = 150103 ,currentTS = 24213161964 ,preTS = 24213011861
03-02 01:28:18.105   210  2779 E QCamera2HWI: mCameraId 1, Send Video frame to services/encoder TimeStamp : 24213412165000, frame_idx 120, mLastFrameIdx 119, mLostFrameCnt 2
03-02 01:28:18.195   210  2782 E MPEG4Writer: timestamp interval = 150103 ,currentTS = 24213161993 ,preTS = 24213011890
03-02 01:28:18.195   210  2782 E MPEG4Writer: timestamp interval = 100069 ,currentTS = 24213212025 ,preTS = 24213111956
03-02 01:28:18.195   210  2782 E MPEG4Writer: timestamp interval = 100075 ,currentTS = 24213312100 ,preTS = 24213212025
03-02 01:28:18.245   210  2754 E MPEG4Writer: timestamp interval = 150105 ,currentTS = 24213262032 ,preTS = 24213111927
03-02 01:28:18.245   210  2754 E MPEG4Writer: timestamp interval = 150105 ,currentTS = 24213362102 ,preTS = 24213211997
03-02 01:28:18.255   210  2782 E MPEG4Writer: timestamp interval = 150105 ,currentTS = 24213412165 ,preTS = 24213262060
03-02 01:28:18.305   210  2754 E MPEG4Writer: timestamp interval = 150102 ,currentTS = 24213462171 ,preTS = 24213312069
03-02 01:28:18.345   210  2782 E MPEG4Writer: timestamp interval = 150107 ,currentTS = 24213512237 ,preTS = 24213362130
03-02 01:28:18.445 31545 31575 D streaming: 01:28:18.459 24213.769 [ClientStatistics:calculate:136]: size=0B sec=0.0 up=9 down=0
03-02 01:28:18.495   210  2782 E MPEG4Writer: timestamp interval = 150106 ,currentTS = 24213612305 ,preTS = 24213462199
03-02 01:28:18.505   210  2754 E MPEG4Writer: timestamp interval = 150103 ,currentTS = 24213562241 ,preTS = 24213412138
03-02 01:28:18.505   210  2754 E MPEG4Writer: timestamp interval = 150105 ,currentTS = 24213662313 ,preTS = 24213512208
03-02 01:28:18.645   210  2754 E MPEG4Writer: timestamp interval = 150104 ,currentTS = 24213762380 ,preTS = 24213612276
03-02 01:28:18.695   210  2782 E MPEG4Writer: timestamp interval = 150104 ,currentTS = 24213712374 ,preTS = 24213562270
03-02 01:28:18.755   210  2751 E QCamera2HWI: mCameraId 0, Send Video frame to services/encoder TimeStamp : 24214062590000, frame_idx 140, mLastFrameIdx 139, mLostFrameCnt 2
03-02 01:28:18.795   210  2782 E MPEG4Writer: timestamp interval = 150106 ,currentTS = 24213812447 ,preTS = 24213662341
03-02 01:28:18.795   210  2782 E MPEG4Writer: timestamp interval = 150097 ,currentTS = 24213912513 ,preTS = 24213762416
03-02 01:28:18.855   210  2754 E MPEG4Writer: timestamp interval = 100072 ,currentTS = 24213812418 ,preTS = 24213712346
03-02 01:28:18.855   210  2754 E MPEG4Writer: timestamp interval = 100067 ,currentTS = 24213912485 ,preTS = 24213812418
03-02 01:28:18.885 31545 31549 D dalvikvm: GC_CONCURRENT freed 2230K, 58% free 4788K/11212K, paused 4ms+2ms, total 29ms
03-02 01:28:18.895   210  2782 E MPEG4Writer: timestamp interval = 150104 ,currentTS = 24214012583 ,preTS = 24213862479
03-02 01:28:18.925  2787  2787 D QSEECOMAPI: : QSEECom_get_handle sb_length = 0x2000
03-02 01:28:18.925  2787  2787 D QSEECOMAPI: : App is not loaded in QSEE
03-02 01:28:18.925  2787  2787 E QSEECOMAPI: : Error::Cannot open the file /vendor/firmware/keymaster/keymaster.mdt
03-02 01:28:18.925  2787  2787 E QSEECOMAPI: : Error::Loading image failed with ret = -1
03-02 01:28:18.925  2787  2787 D QSEECOMAPI: : QSEECom_get_handle sb_length = 0x2000
03-02 01:28:18.925  2787  2787 D QSEECOMAPI: : App is not loaded in QSEE
03-02 01:28:18.925  2787  2787 E QSEECOMAPI: : Error::Cannot open the file /firmware/image/keymaste.mdt
03-02 01:28:18.925  2787  2787 E QSEECOMAPI: : Error::Loading image failed with ret = -1
03-02 01:28:18.935  2787  2787 E QCOMKeyMaster: Loading keymaster app failied
03-02 01:28:18.935  2787  2787 E keystore: could not open keymaster device in keystore (Operation not permitted)
03-02 01:28:18.935  2787  2787 E keystore: keystore keymaster could not be initialized; exiting
03-02 01:28:18.995   210  2782 E MPEG4Writer: timestamp interval = 150105 ,currentTS = 24214112654 ,preTS = 24213962549
03-02 01:28:19.045   210  2782 E MPEG4Writer: timestamp interval = 100070 ,currentTS = 24214162688 ,preTS = 24214062618
03-02 01:28:19.055   210  2754 E MPEG4Writer: timestamp interval = 150105 ,currentTS = 24214012555 ,preTS = 24213862450
03-02 01:28:19.055   210  2754 E MPEG4Writer: timestamp interval = 150104 ,currentTS = 24214112624 ,preTS = 24213962520
03-02 01:28:19.095   210  2779 E QCamera2HWI: mCameraId 1, Send Video frame to services/encoder TimeStamp : 24214412862000, frame_idx 140, mLastFrameIdx 139, mLostFrameCnt 2
03-02 01:28:19.095   210  2782 E MPEG4Writer: timestamp interval = 100071 ,currentTS = 24214262759 ,preTS = 24214162688
03-02 01:28:19.105   210  2754 E MPEG4Writer: timestamp interval = 150105 ,currentTS = 24214212695 ,preTS = 24214062590
03-02 01:28:19.305   210  2754 E MPEG4Writer: timestamp interval = 150110 ,currentTS = 24214312766 ,preTS = 24214162656
03-02 01:28:19.305   210  2754 E MPEG4Writer: timestamp interval = 150104 ,currentTS = 24214412834 ,preTS = 24214262730
03-02 01:28:19.345   210  2782 E MPEG4Writer: timestamp interval = 150108 ,currentTS = 24214362832 ,preTS = 24214212724
03-02 01:28:19.345   210  2782 E MPEG4Writer: timestamp interval = 150101 ,currentTS = 24214462897 ,preTS = 24214312796
03-02 01:28:19.405   210  2782 E MPEG4Writer: timestamp interval = 150105 ,currentTS = 24214562967 ,preTS = 24214412862
03-02 01:28:19.455 31545 31575 D streaming: 01:28:19.460 24214.771 [ClientStatistics:calculate:136]: size=0B sec=0.0 up=10 down=0
03-02 01:28:19.505   210  2782 E MPEG4Writer: timestamp interval = 150105 ,currentTS = 24214663037 ,preTS = 24214512932
03-02 01:28:19.545   210  2754 E MPEG4Writer: timestamp interval = 150102 ,currentTS = 24214512904 ,preTS = 24214362802
03-02 01:28:19.545   210  2754 E MPEG4Writer: timestamp interval = 150104 ,currentTS = 24214612973 ,preTS = 24214462869
03-02 01:28:19.595   210  2754 E MPEG4Writer: timestamp interval = 150105 ,currentTS = 24214713043 ,preTS = 24214562938
03-02 01:28:19.605   210  2782 E MPEG4Writer: timestamp interval = 150103 ,currentTS = 24214763112 ,preTS = 24214613009
03-02 01:28:19.745   210  2751 E QCamera2HWI: mCameraId 0, Send Video frame to services/encoder TimeStamp : 24215063287000, frame_idx 160, mLastFrameIdx 159, mLostFrameCnt 2
03-02 01:28:19.845   210  2782 E MPEG4Writer: timestamp interval = 150116 ,currentTS = 24214863187 ,preTS = 24214713071
03-02 01:28:19.845   210  2782 E MPEG4Writer: timestamp interval = 150104 ,currentTS = 24214963245 ,preTS = 24214813141
03-02 01:28:19.855   210  2754 E MPEG4Writer: timestamp interval = 100073 ,currentTS = 24214763081 ,preTS = 24214663008
03-02 01:28:19.855   210  2754 E MPEG4Writer: timestamp interval = 100064 ,currentTS = 24214863145 ,preTS = 24214763081
03-02 01:28:19.855   210  2754 E MPEG4Writer: timestamp interval = 150104 ,currentTS = 24214963217 ,preTS = 24214813113
03-02 01:28:19.925   210  2754 E MPEG4Writer: timestamp interval = 150107 ,currentTS = 24215063287 ,preTS = 24214913180
03-02 01:28:19.995   210  2782 E MPEG4Writer: timestamp interval = 150109 ,currentTS = 24215063320 ,preTS = 24214913211
03-02 01:28:19.995   210  2782 E MPEG4Writer: timestamp interval = 100069 ,currentTS = 24215113351 ,preTS = 24215013282
03-02 01:28:20.055   210  2782 E MPEG4Writer: timestamp interval = 100069 ,currentTS = 24215213420 ,preTS = 24215113351
03-02 01:28:20.095   210  2779 E QCamera2HWI: mCameraId 1, Send Video frame to services/encoder TimeStamp : 24215413559000, frame_idx 160, mLastFrameIdx 159, mLostFrameCnt 2
03-02 01:28:20.145   210  2782 E MPEG4Writer: timestamp interval = 150101 ,currentTS = 24215313490 ,preTS = 24215163389
03-02 01:28:20.205   210  2754 E MPEG4Writer: timestamp interval = 150097 ,currentTS = 24215163360 ,preTS = 24215013263
03-02 01:28:20.205   210  2754 E MPEG4Writer: timestamp interval = 150101 ,currentTS = 24215263423 ,preTS = 24215113322
03-02 01:28:20.245   210  2782 E MPEG4Writer: timestamp interval = 150093 ,currentTS = 24215413559 ,preTS = 24215263466
03-02 01:28:20.245   210  2754 E MPEG4Writer: timestamp interval = 150104 ,currentTS = 24215363496 ,preTS = 24215213392
03-02 01:28:20.285 31545 31549 D dalvikvm: GC_CONCURRENT freed 1792K, 56% free 5044K/11212K, paused 2ms+2ms, total 33ms
03-02 01:28:20.285 31545  2712 D dalvikvm: WAIT_FOR_CONCURRENT_GC blocked 15ms
03-02 01:28:20.285 31545  2632 D dalvikvm: WAIT_FOR_CONCURRENT_GC blocked 15ms
03-02 01:28:20.285 31545  2711 D dalvikvm: WAIT_FOR_CONCURRENT_GC blocked 15ms
03-02 01:28:20.405   210  2782 E MPEG4Writer: timestamp interval = 150104 ,currentTS = 24215513629 ,preTS = 24215363525
03-02 01:28:20.445   210  2782 E MPEG4Writer: timestamp interval = 150105 ,currentTS = 24215613699 ,preTS = 24215463594
03-02 01:28:20.455 31545 31575 D streaming: 01:28:20.462 24215.773 [ClientStatistics:calculate:136]: size=0B sec=0.0 up=11 down=0
03-02 01:28:20.495   210  2754 E MPEG4Writer: timestamp interval = 150104 ,currentTS = 24215463566 ,preTS = 24215313462
03-02 01:28:20.495   210  2754 E MPEG4Writer: timestamp interval = 150105 ,currentTS = 24215563636 ,preTS = 24215413531
03-02 01:28:20.515   210  2754 E MPEG4Writer: timestamp interval = 150101 ,currentTS = 24215663702 ,preTS = 24215513601
03-02 01:28:20.545   210  2782 E MPEG4Writer: timestamp interval = 150104 ,currentTS = 24215713768 ,preTS = 24215563664
03-02 01:28:20.595   210  2754 E MPEG4Writer: timestamp interval = 100068 ,currentTS = 24215713740 ,preTS = 24215613672
03-02 01:28:20.655   210  2782 E MPEG4Writer: timestamp interval = 150093 ,currentTS = 24215813839 ,preTS = 24215663746
03-02 01:28:20.705   210  2754 E MPEG4Writer: timestamp interval = 100067 ,currentTS = 24215813807 ,preTS = 24215713740
03-02 01:28:20.745   210  2782 E MPEG4Writer: timestamp interval = 150105 ,currentTS = 24215913908 ,preTS = 24215763803
03-02 01:28:20.755   210  2751 E QCamera2HWI: mCameraId 0, Send Video frame to services/encoder TimeStamp : 24216063986000, frame_idx 180, mLastFrameIdx 179, mLostFrameCnt 2
03-02 01:28:20.755   210  2754 E MPEG4Writer: timestamp interval = 150102 ,currentTS = 24215913877 ,preTS = 24215763775
03-02 01:28:20.845   210  2754 E MPEG4Writer: timestamp interval = 150116 ,currentTS = 24216013960 ,preTS = 24215863844
03-02 01:28:20.895   210  2782 E MPEG4Writer: timestamp interval = 150105 ,currentTS = 24216013978 ,preTS = 24215863873
03-02 01:28:20.945   221   333 I ThermalEngine: Sensor:tsens_tz_sensor5:50000 mC
03-02 01:28:20.945   221   360 I ThermalEngine: Sensor:tsens_tz_sensor5:50000 mC
03-02 01:28:20.945   221   360 I ThermalEngine: TM Id 'CPU0_MONITOR' Sensor 'cpu0' - alarm raised 1 at 50.0 degC
03-02 01:28:20.945   221   360 I ThermalEngine: ACTION: CPU - Setting CPU[0] to 960000
03-02 01:28:20.945   221   360 I ThermalEngine: ACTION: CPU - Setting CPU[1] to 960000
03-02 01:28:20.945   210  2782 E MPEG4Writer: timestamp interval = 100070 ,currentTS = 24216064013 ,preTS = 24215963943
03-02 01:28:20.945   221   360 I ThermalEngine: ACTION: CPU - Setting CPU[2] to 960000
03-02 01:28:20.945   221   360 I ThermalEngine: ACTION: CPU - Setting CPU[3] to 960000
03-02 01:28:20.955   210  2754 E MPEG4Writer: timestamp interval = 150107 ,currentTS = 24216114023 ,preTS = 24215963916
03-02 01:28:20.995  1639  1639 D wpa_supplicant: RX ctrl_iface - hexdump(len=11): 53 49 47 4e 41 4c 5f 50 4f 4c 4c
03-02 01:28:20.995  1639  1639 D wpa_supplicant: wlan0: Control interface command 'SIGNAL_POLL'
03-02 01:28:20.995  1639  1639 D wpa_supplicant: nl80211: survey data missing!
03-02 01:28:21.095   210  2779 E QCamera2HWI: mCameraId 1, Send Video frame to services/encoder TimeStamp : 24216414258000, frame_idx 180, mLastFrameIdx 179, mLostFrameCnt 2
03-02 01:28:21.195   210  2782 E MPEG4Writer: timestamp interval = 100069 ,currentTS = 24216164082 ,preTS = 24216064013
03-02 01:28:21.195   210  2782 E MPEG4Writer: timestamp interval = 150101 ,currentTS = 24216264152 ,preTS = 24216114051
03-02 01:28:21.245   210  2782 E MPEG4Writer: timestamp interval = 150105 ,currentTS = 24216364224 ,preTS = 24216214119
03-02 01:28:21.255   210  2754 E MPEG4Writer: timestamp interval = 150105 ,currentTS = 24216214091 ,preTS = 24216063986
03-02 01:28:21.255   210  2754 E MPEG4Writer: timestamp interval = 150103 ,currentTS = 24216314158 ,preTS = 24216164055
03-02 01:28:21.295   210  2754 E MPEG4Writer: timestamp interval = 150104 ,currentTS = 24216414229 ,preTS = 24216264125
03-02 01:28:21.295   210  2782 E MPEG4Writer: timestamp interval = 150095 ,currentTS = 24216464292 ,preTS = 24216314197
03-02 01:28:21.395   210  2754 E MPEG4Writer: timestamp interval = 150090 ,currentTS = 24216514300 ,preTS = 24216364210
03-02 01:28:21.455 31545 31575 D streaming: 01:28:21.463 24216.774 [ClientStatistics:calculate:136]: size=0B sec=0.0 up=12 down=0
03-02 01:28:21.465   210  2754 E MPEG4Writer: timestamp interval = 150104 ,currentTS = 24216614367 ,preTS = 24216464263
03-02 01:28:21.485 31545 31549 D dalvikvm: GC_CONCURRENT freed 1877K, 55% free 5095K/11212K, paused 3ms+2ms, total 27ms
03-02 01:28:21.545   210  2754 E MPEG4Writer: timestamp interval = 100069 ,currentTS = 24216664403 ,preTS = 24216564334
03-02 01:28:21.595   210  2754 E MPEG4Writer: timestamp interval = 100069 ,currentTS = 24216764472 ,preTS = 24216664403
03-02 01:28:21.605   210  2782 E MPEG4Writer: timestamp interval = 150105 ,currentTS = 24216564363 ,preTS = 24216414258
03-02 01:28:21.605   210  2782 E MPEG4Writer: timestamp interval = 150100 ,currentTS = 24216664431 ,preTS = 24216514331
03-02 01:28:21.705   210  2782 E MPEG4Writer: timestamp interval = 150105 ,currentTS = 24216764501 ,preTS = 24216614396
03-02 01:28:21.755   210  2751 E QCamera2HWI: mCameraId 0, Send Video frame to services/encoder TimeStamp : 24217064684000, frame_idx 200, mLastFrameIdx 199, mLostFrameCnt 2
03-02 01:28:21.755   210  2754 E MPEG4Writer: timestamp interval = 150104 ,currentTS = 24216864542 ,preTS = 24216714438
03-02 01:28:21.795   210  2754 E MPEG4Writer: timestamp interval = 150104 ,currentTS = 24216964611 ,preTS = 24216814507
03-02 01:28:21.895   210  2782 E MPEG4Writer: timestamp interval = 150101 ,currentTS = 24216864571 ,preTS = 24216714470
03-02 01:28:21.895   210  2782 E MPEG4Writer: timestamp interval = 150105 ,currentTS = 24216964640 ,preTS = 24216814535
03-02 01:28:21.915   210  2754 E MPEG4Writer: timestamp interval = 150107 ,currentTS = 24217064684 ,preTS = 24216914577
03-02 01:28:21.915  1968  1982 E QcrilMsgTunnelSocket: IOException - java.io.IOException: No such file or directory Reason: No such file or directory
03-02 01:28:21.945   210  2782 E MPEG4Writer: timestamp interval = 100070 ,currentTS = 24217014675 ,preTS = 24216914605
03-02 01:28:21.945   210  2782 E MPEG4Writer: timestamp interval = 100070 ,currentTS = 24217114745 ,preTS = 24217014675
03-02 01:28:22.045   210  2782 E MPEG4Writer: timestamp interval = 150088 ,currentTS = 24217214815 ,preTS = 24217064727
03-02 01:28:22.095   210  2779 E QCamera2HWI: mCameraId 1, Send Video frame to services/encoder TimeStamp : 24217414954000, frame_idx 200, mLastFrameIdx 199, mLostFrameCnt 2
03-02 01:28:22.155   210  2754 E MPEG4Writer: timestamp interval = 150107 ,currentTS = 24217164751 ,preTS = 24217014644
03-02 01:28:22.155   210  2754 E MPEG4Writer: timestamp interval = 150107 ,currentTS = 24217264821 ,preTS = 24217114714
03-02 01:28:22.245   210  2782 E MPEG4Writer: timestamp interval = 150124 ,currentTS = 24217314905 ,preTS = 24217164781
03-02 01:28:22.245   210  2782 E MPEG4Writer: timestamp interval = 150105 ,currentTS = 24217414954 ,preTS = 24217264849
03-02 01:28:22.355   210  2754 E MPEG4Writer: timestamp interval = 150110 ,currentTS = 24217364896 ,preTS = 24217214786
03-02 01:28:22.355   210  2754 E MPEG4Writer: timestamp interval = 150105 ,currentTS = 24217464961 ,preTS = 24217314856
03-02 01:28:22.455 31545 31575 D streaming: 01:28:22.465 24217.776 [ClientStatistics:calculate:136]: size=0B sec=0.0 up=13 down=0
03-02 01:28:22.495   210  2782 E MPEG4Writer: timestamp interval = 150102 ,currentTS = 24217515024 ,preTS = 24217364922
03-02 01:28:22.495   210  2782 E MPEG4Writer: timestamp interval = 150104 ,currentTS = 24217615093 ,preTS = 24217464989
03-02 01:28:22.545   218   218 V WLAN_PSA: NL MSG, len[048], NL type[0x11] WNI type[0x5050] len[028]
03-02 01:28:22.555   210  2754 E MPEG4Writer: timestamp interval = 150104 ,currentTS = 24217565030 ,preTS = 24217414926
03-02 01:28:22.555   210  2754 E MPEG4Writer: timestamp interval = 100072 ,currentTS = 24217615066 ,preTS = 24217514994
03-02 01:28:22.565   210  2754 E MPEG4Writer: timestamp interval = 100069 ,currentTS = 24217715135 ,preTS = 24217615066
03-02 01:28:22.645   210  2782 E MPEG4Writer: timestamp interval = 150105 ,currentTS = 24217715163 ,preTS = 24217565058
03-02 01:28:22.645   210  2782 E MPEG4Writer: timestamp interval = 150115 ,currentTS = 24217815244 ,preTS = 24217665129
03-02 01:28:22.755   210  2751 E QCamera2HWI: mCameraId 0, Send Video frame to services/encoder TimeStamp : 24218065382000, frame_idx 220, mLastFrameIdx 219, mLostFrameCnt 2
03-02 01:28:22.795   210  2782 E MPEG4Writer: timestamp interval = 150104 ,currentTS = 24217915302 ,preTS = 24217765198
03-02 01:28:22.805   210  2754 E MPEG4Writer: timestamp interval = 150105 ,currentTS = 24217815205 ,preTS = 24217665100
03-02 01:28:22.805   210  2754 E MPEG4Writer: timestamp interval = 150104 ,currentTS = 24217915274 ,preTS = 24217765170
03-02 01:28:22.845 31545 31549 D dalvikvm: GC_CONCURRENT freed 2314K, 57% free 4822K/11212K, paused 2ms+2ms, total 32ms
03-02 01:28:22.845   210  2782 E MPEG4Writer: timestamp interval = 100070 ,currentTS = 24217965338 ,preTS = 24217865268
03-02 01:28:22.955   210  2754 E MPEG4Writer: timestamp interval = 150105 ,currentTS = 24218015344 ,preTS = 24217865239
03-02 01:28:22.955   210  2754 E MPEG4Writer: timestamp interval = 150103 ,currentTS = 24218115413 ,preTS = 24217965310
03-02 01:28:23.055   210  2754 E MPEG4Writer: timestamp interval = 150104 ,currentTS = 24218215486 ,preTS = 24218065382
03-02 01:28:23.095   210  2779 E QCamera2HWI: mCameraId 1, Send Video frame to services/encoder TimeStamp : 24218415652000, frame_idx 220, mLastFrameIdx 219, mLostFrameCnt 2
03-02 01:28:23.095   210  2782 E MPEG4Writer: timestamp interval = 100071 ,currentTS = 24218065409 ,preTS = 24217965338
03-02 01:28:23.095   210  2782 E MPEG4Writer: timestamp interval = 150104 ,currentTS = 24218165477 ,preTS = 24218015373
03-02 01:28:23.295   210  2754 E MPEG4Writer: timestamp interval = 150104 ,currentTS = 24218315553 ,preTS = 24218165449
03-02 01:28:23.295   210  2754 E MPEG4Writer: timestamp interval = 150105 ,currentTS = 24218415623 ,preTS = 24218265518
03-02 01:28:23.305   210  2782 E MPEG4Writer: timestamp interval = 150097 ,currentTS = 24218265547 ,preTS = 24218115450
03-02 01:28:23.305   210  2782 E MPEG4Writer: timestamp interval = 150106 ,currentTS = 24218365621 ,preTS = 24218215515
03-02 01:28:23.335   210  2782 E MPEG4Writer: timestamp interval = 150105 ,currentTS = 24218465687 ,preTS = 24218315582
03-02 01:28:23.355   210  2754 E MPEG4Writer: timestamp interval = 150102 ,currentTS = 24218515693 ,preTS = 24218365591
03-02 01:28:23.455   210  2754 E MPEG4Writer: timestamp interval = 100073 ,currentTS = 24218565731 ,preTS = 24218465658
03-02 01:28:23.455 31545 31575 D streaming: 01:28:23.468 24218.779 [ClientStatistics:calculate:136]: size=0B sec=0.0 up=14 down=0
03-02 01:28:23.545   210  2782 E MPEG4Writer: timestamp interval = 150110 ,currentTS = 24218565762 ,preTS = 24218415652
03-02 01:28:23.545   210  2782 E MPEG4Writer: timestamp interval = 150104 ,currentTS = 24218665826 ,preTS = 24218515722
03-02 01:28:23.555   210  2754 E MPEG4Writer: timestamp interval = 100066 ,currentTS = 24218665797 ,preTS = 24218565731
03-02 01:28:23.595   210  2782 E MPEG4Writer: timestamp interval = 150108 ,currentTS = 24218765899 ,preTS = 24218615791
03-02 01:28:23.655   210  2754 E MPEG4Writer: timestamp interval = 150110 ,currentTS = 24218765870 ,preTS = 24218615760
03-02 01:28:23.705   210  2754 E MPEG4Writer: timestamp interval = 150105 ,currentTS = 24218865937 ,preTS = 24218715832
03-02 01:28:23.755   210  2751 E QCamera2HWI: mCameraId 0, Send Video frame to services/encoder TimeStamp : 24219066077000, frame_idx 240, mLastFrameIdx 239, mLostFrameCnt 2
03-02 01:28:23.795   210  2782 E MPEG4Writer: timestamp interval = 150105 ,currentTS = 24218865966 ,preTS = 24218715861
03-02 01:28:23.845   210  2782 E MPEG4Writer: timestamp interval = 100073 ,currentTS = 24218916004 ,preTS = 24218815931
03-02 01:28:23.845   210  2782 E MPEG4Writer: timestamp interval = 100066 ,currentTS = 24219016070 ,preTS = 24218916004
03-02 01:28:23.855   210  2754 E MPEG4Writer: timestamp interval = 150105 ,currentTS = 24218966007 ,preTS = 24218815902
03-02 01:28:23.955   210  2782 E MPEG4Writer: timestamp interval = 150105 ,currentTS = 24219116140 ,preTS = 24218966035
03-02 01:28:23.975  2793  2793 D QSEECOMAPI: : QSEECom_get_handle sb_length = 0x2000
03-02 01:28:23.975  2793  2793 D QSEECOMAPI: : App is not loaded in QSEE
03-02 01:28:23.975  2793  2793 E QSEECOMAPI: : Error::Cannot open the file /vendor/firmware/keymaster/keymaster.mdt
03-02 01:28:23.975  2793  2793 E QSEECOMAPI: : Error::Loading image failed with ret = -1
03-02 01:28:23.975  2793  2793 D QSEECOMAPI: : QSEECom_get_handle sb_length = 0x2000
03-02 01:28:23.975  2793  2793 D QSEECOMAPI: : App is not loaded in QSEE
03-02 01:28:23.975  2793  2793 E QSEECOMAPI: : Error::Cannot open the file /firmware/image/keymaste.mdt
03-02 01:28:23.975  2793  2793 E QSEECOMAPI: : Error::Loading image failed with ret = -1
03-02 01:28:23.985  2793  2793 E QCOMKeyMaster: Loading keymaster app failied
03-02 01:28:23.985  2793  2793 E keystore: could not open keymaster device in keystore (Operation not permitted)
03-02 01:28:23.985  2793  2793 E keystore: keystore keymaster could not be initialized; exiting
03-02 01:28:24.005  1639  1639 D wpa_supplicant: RX ctrl_iface - hexdump(len=11): 53 49 47 4e 41 4c 5f 50 4f 4c 4c
03-02 01:28:24.005  1639  1639 D wpa_supplicant: wlan0: Control interface command 'SIGNAL_POLL'
03-02 01:28:24.005  1639  1639 D wpa_supplicant: nl80211: survey data missing!
03-02 01:28:24.045   210  2782 E MPEG4Writer: timestamp interval = 150104 ,currentTS = 24219216209 ,preTS = 24219066105
03-02 01:28:24.055   210  2754 E MPEG4Writer: timestamp interval = 150103 ,currentTS = 24219066077 ,preTS = 24218915974
03-02 01:28:24.055   210  2754 E MPEG4Writer: timestamp interval = 150105 ,currentTS = 24219166146 ,preTS = 24219016041
03-02 01:28:24.095 31545 31549 D dalvikvm: GC_CONCURRENT freed 1833K, 57% free 4932K/11212K, paused 4ms+2ms, total 29ms
03-02 01:28:24.095   210  2779 E QCamera2HWI: mCameraId 1, Send Video frame to services/encoder TimeStamp : 24219416349000, frame_idx 240, mLastFrameIdx 239, mLostFrameCnt 2
03-02 01:28:24.145   210  2754 E MPEG4Writer: timestamp interval = 150105 ,currentTS = 24219266216 ,preTS = 24219116111
03-02 01:28:24.215   210  2754 E MPEG4Writer: timestamp interval = 150105 ,currentTS = 24219366286 ,preTS = 24219216181
03-02 01:28:24.295   210  2782 E MPEG4Writer: timestamp interval = 150106 ,currentTS = 24219316280 ,preTS = 24219166174
03-02 01:28:24.395   210  2782 E MPEG4Writer: timestamp interval = 150105 ,currentTS = 24219416349 ,preTS = 24219266244
03-02 01:28:24.395   210  2782 E MPEG4Writer: timestamp interval = 150105 ,currentTS = 24219516419 ,preTS = 24219366314
03-02 01:28:24.455   210  2754 E MPEG4Writer: timestamp interval = 150104 ,currentTS = 24219466353 ,preTS = 24219316249
03-02 01:28:24.455   210  2754 E MPEG4Writer: timestamp interval = 100070 ,currentTS = 24219516390 ,preTS = 24219416320
03-02 01:28:24.465 31545 31575 D streaming: 01:28:24.470 24219.781 [ClientStatistics:calculate:136]: size=0B sec=0.0 up=15 down=0
03-02 01:28:24.505   210  2754 E MPEG4Writer: timestamp interval = 100070 ,currentTS = 24219616460 ,preTS = 24219516390
03-02 01:28:24.655   210  2782 E MPEG4Writer: timestamp interval = 150103 ,currentTS = 24219616488 ,preTS = 24219466385
03-02 01:28:24.655   210  2782 E MPEG4Writer: timestamp interval = 150110 ,currentTS = 24219716563 ,preTS = 24219566453
03-02 01:28:24.745   210  2751 E QCamera2HWI: mCameraId 0, Send Video frame to services/encoder TimeStamp : 24220066771000, frame_idx 260, mLastFrameIdx 259, mLostFrameCnt 2
03-02 01:28:24.745   210  2754 E MPEG4Writer: timestamp interval = 150108 ,currentTS = 24219716533 ,preTS = 24219566425
03-02 01:28:24.745   210  2754 E MPEG4Writer: timestamp interval = 150104 ,currentTS = 24219816599 ,preTS = 24219666495
03-02 01:28:24.805   210  2754 E MPEG4Writer: timestamp interval = 150105 ,currentTS = 24219916669 ,preTS = 24219766564
03-02 01:28:24.845   210  2782 E MPEG4Writer: timestamp interval = 150104 ,currentTS = 24219816628 ,preTS = 24219666524
03-02 01:28:24.845   210  2782 E MPEG4Writer: timestamp interval = 100072 ,currentTS = 24219866665 ,preTS = 24219766593
03-02 01:28:24.855   210  2782 E MPEG4Writer: timestamp interval = 100067 ,currentTS = 24219966732 ,preTS = 24219866665
03-02 01:28:24.945   210  2782 E MPEG4Writer: timestamp interval = 150117 ,currentTS = 24220066814 ,preTS = 24219916697
03-02 01:28:25.005   210  2754 E MPEG4Writer: timestamp interval = 150103 ,currentTS = 24220016739 ,preTS = 24219866636
03-02 01:28:25.005   210  2754 E MPEG4Writer: timestamp interval = 150104 ,currentTS = 24220116808 ,preTS = 24219966704
03-02 01:28:25.005   210  2782 E MPEG4Writer: timestamp interval = 150101 ,currentTS = 24220166872 ,preTS = 24220016771
03-02 01:28:25.095   210  2779 E QCamera2HWI: mCameraId 1, Send Video frame to services/encoder TimeStamp : 24220417047000, frame_idx 260, mLastFrameIdx 259, mLostFrameCnt 2
03-02 01:28:25.255   210  2754 E MPEG4Writer: timestamp interval = 150107 ,currentTS = 24220216878 ,preTS = 24220066771
03-02 01:28:25.255   210  2754 E MPEG4Writer: timestamp interval = 150122 ,currentTS = 24220316966 ,preTS = 24220166844
03-02 01:28:25.295   210  2754 E MPEG4Writer: timestamp interval = 150105 ,currentTS = 24220417018 ,preTS = 24220266913
03-02 01:28:25.305   210  2782 E MPEG4Writer: timestamp interval = 150115 ,currentTS = 24220266952 ,preTS = 24220116837
03-02 01:28:25.305   210  2782 E MPEG4Writer: timestamp interval = 150104 ,currentTS = 24220367011 ,preTS = 24220216907
03-02 01:28:25.345   210  2782 E MPEG4Writer: timestamp interval = 150101 ,currentTS = 24220467081 ,preTS = 24220316980
03-02 01:28:25.355   210  2754 E MPEG4Writer: timestamp interval = 100070 ,currentTS = 24220467053 ,preTS = 24220366983
03-02 01:28:25.405   210  2754 E MPEG4Writer: timestamp interval = 100070 ,currentTS = 24220567123 ,preTS = 24220467053
03-02 01:28:25.445   210  2782 E MPEG4Writer: timestamp interval = 150104 ,currentTS = 24220567151 ,preTS = 24220417047
03-02 01:28:25.465 31545 31575 D streaming: 01:28:25.473 24220.784 [ClientStatistics:calculate:136]: size=0B sec=0.0 up=16 down=0
03-02 01:28:25.495 31545 31549 D dalvikvm: GC_CONCURRENT freed 2124K, 57% free 4826K/11212K, paused 4ms+3ms, total 36ms
03-02 01:28:25.505   210  2782 E MPEG4Writer: timestamp interval = 150104 ,currentTS = 24220667220 ,preTS = 24220517116
03-02 01:28:25.545   210  2754 E MPEG4Writer: timestamp interval = 150104 ,currentTS = 24220667192 ,preTS = 24220517088
03-02 01:28:25.605   210  2754 E MPEG4Writer: timestamp interval = 150104 ,currentTS = 24220767262 ,preTS = 24220617158
03-02 01:28:25.695   210  2782 E MPEG4Writer: timestamp interval = 150106 ,currentTS = 24220767291 ,preTS = 24220617185
03-02 01:28:25.765   210  2751 E QCamera2HWI: mCameraId 0, Send Video frame to services/encoder TimeStamp : 24221067471000, frame_idx 280, mLastFrameIdx 279, mLostFrameCnt 2
03-02 01:28:25.855   210  2754 E MPEG4Writer: timestamp interval = 150102 ,currentTS = 24220867329 ,preTS = 24220717227
03-02 01:28:25.855   210  2754 E MPEG4Writer: timestamp interval = 150108 ,currentTS = 24220967404 ,preTS = 24220817296
03-02 01:28:25.855   210  2782 E MPEG4Writer: timestamp interval = 100071 ,currentTS = 24220817326 ,preTS = 24220717255
03-02 01:28:25.855   210  2782 E MPEG4Writer: timestamp interval = 100068 ,currentTS = 24220917394 ,preTS = 24220817326
03-02 01:28:25.905   210  2782 E MPEG4Writer: timestamp interval = 150092 ,currentTS = 24221017464 ,preTS = 24220867372
03-02 01:28:25.925  1968  1982 E QcrilMsgTunnelSocket: IOException - java.io.IOException: No such file or directory Reason: No such file or directory
03-02 01:28:26.065   210  2754 E MPEG4Writer: timestamp interval = 150105 ,currentTS = 24221067471 ,preTS = 24220917366
03-02 01:28:26.065   210  2754 E MPEG4Writer: timestamp interval = 150104 ,currentTS = 24221167541 ,preTS = 24221017437
03-02 01:28:26.095   210  2779 E QCamera2HWI: mC