03-03 11:11:13.101   922   987 D QcConnectivityService: handleInetConditionChange: net=0 != default=1 - ignore
03-03 11:11:13.121   922   987 E QcConnectivityService: Unexpected mtu value: android.net.wifi.WifiStateTracker@41945710
03-03 11:11:13.131   922   987 D QcConnectivityService: handleConnectivityChange: address are the same reset per doReset linkProperty[1]: resetMask=0
03-03 11:11:13.141   922   987 D Nat464Xlat: requiresClat: netType=1, hasIPv4Address=true
03-03 11:12:00.011   922   946 I ProcessStatsService: Prepared write state in 14ms
03-03 11:12:00.021   922   946 I ProcessStatsService: Prepared write state in 0ms
03-03 11:12:00.341   922   947 I ProcessStatsService: Pruning old procstats: /data/system/procstats/state-2016-03-02-09-50-00.bin
03-03 11:12:12.071   922   922 I EntropyMixer: Writing entropy...
03-03 11:13:58.201   922   922 I EntropyMixer: Writing entropy...
03-03 11:15:04.541   922   922 I EntropyMixer: Writing entropy...
03-03 11:16:01.531   922   987 D QcConnectivityService: Captive portal check NetworkInfo: type: WIFI[], state: CONNECTING/CAPTIVE_PORTAL_CHECK, reason: (unspecified), extra: "AllieGO 5GHz", roaming: false, failover: false, isAvailable: true, isConnectedToProvisioningNetwork: false
03-03 11:16:01.531   922   987 D QcConnectivityService: handleCaptivePortalTrackerCheck: call captivePortalCheckComplete ni=NetworkInfo: type: WIFI[], state: CONNECTING/CAPTIVE_PORTAL_CHECK, reason: (unspecified), extra: "AllieGO 5GHz", roaming: false, failover: false, isAvailable: true, isConnectedToProvisioningNetwork: false
03-03 11:16:01.531   922   987 D QcConnectivityService: handleInetConditionChange: net=0 != default=1 - ignore
03-03 11:16:01.561   922   987 E QcConnectivityService: Unexpected mtu value: android.net.wifi.WifiStateTracker@41945710
03-03 11:16:01.571   922   987 D QcConnectivityService: handleConnectivityChange: address are the same reset per doReset linkProperty[1]: resetMask=0
03-03 11:16:01.581   922   987 D Nat464Xlat: requiresClat: netType=1, hasIPv4Address=true
03-03 11:17:10.341   922   922 I EntropyMixer: Writing entropy...
03-03 11:17:38.661   922   922 I EntropyMixer: Writing entropy...
03-03 11:18:24.231   922   987 D QcConnectivityService: Sampling interval elapsed, updating statistics ..
03-03 11:18:24.251   922   987 D QcConnectivityService: Done.
03-03 11:18:24.251   922   987 D QcConnectivityService: Setting timer for 720seconds
03-03 11:20:49.971   922   987 D QcConnectivityService: Captive portal check NetworkInfo: type: WIFI[], state: CONNECTING/CAPTIVE_PORTAL_CHECK, reason: (unspecified), extra: "AllieGO 5GHz", roaming: false, failover: false, isAvailable: true, isConnectedToProvisioningNetwork: false
03-03 11:20:49.971   922   987 D QcConnectivityService: handleCaptivePortalTrackerCheck: call captivePortalCheckComplete ni=NetworkInfo: type: WIFI[], state: CONNECTING/CAPTIVE_PORTAL_CHECK, reason: (unspecified), extra: "AllieGO 5GHz", roaming: false, failover: false, isAvailable: true, isConnectedToProvisioningNetwork: false
03-03 11:20:49.971   922   987 D QcConnectivityService: handleInetConditionChange: net=0 != default=1 - ignore
03-03 11:20:49.991   922   987 E QcConnectivityService: Unexpected mtu value: android.net.wifi.WifiStateTracker@41945710
03-03 11:20:50.001   922   987 D QcConnectivityService: handleConnectivityChange: address are the same reset per doReset linkProperty[1]: resetMask=0
03-03 11:20:50.001   922   987 D Nat464Xlat: requiresClat: netType=1, hasIPv4Address=true
03-03 11:25:18.391   922   922 I EntropyMixer: Writing entropy...
03-03 11:25:38.401   922   987 D QcConnectivityService: Captive portal check NetworkInfo: type: WIFI[], state: CONNECTING/CAPTIVE_PORTAL_CHECK, reason: (unspecified), extra: "AllieGO 5GHz", roaming: false, failover: false, isAvailable: true, isConnectedToProvisioningNetwork: false
03-03 11:25:38.401   922   987 D QcConnectivityService: handleCaptivePortalTrackerCheck: call captivePortalCheckComplete ni=NetworkInfo: type: WIFI[], state: CONNECTING/CAPTIVE_PORTAL_CHECK, reason: (unspecified), extra: "AllieGO 5GHz", roaming: false, failover: false, isAvailable: true, isConnectedToProvisioningNetwork: false
03-03 11:25:38.401   922   987 D QcConnectivityService: handleInetConditionChange: net=0 != default=1 - ignore
03-03 11:25:38.421   922   987 E QcConnectivityService: Unexpected mtu value: android.net.wifi.WifiStateTracker@41945710
03-03 11:25:38.431   922   987 D QcConnectivityService: handleConnectivityChange: address are the same reset per doReset linkProperty[1]: resetMask=0
03-03 11:25:38.431   922   987 D Nat464Xlat: requiresClat: netType=1, hasIPv4Address=true
03-03 11:26:37.901   922   922 I EntropyMixer: Writing entropy...
03-03 11:30:26.371   922   987 D QcConnectivityService: Sampling interval elapsed, updating statistics ..
03-03 11:30:26.391   922   987 D QcConnectivityService: Done.
03-03 11:30:26.391   922   987 D QcConnectivityService: Setting timer for 720seconds
03-03 11:30:26.831   922   987 D QcConnectivityService: Captive portal check NetworkInfo: type: WIFI[], state: CONNECTING/CAPTIVE_PORTAL_CHECK, reason: (unspecified), extra: "AllieGO 5GHz", roaming: false, failover: false, isAvailable: true, isConnectedToProvisioningNetwork: false
03-03 11:30:26.831   922   987 D QcConnectivityService: handleCaptivePortalTrackerCheck: call captivePortalCheckComplete ni=NetworkInfo: type: WIFI[], state: CONNECTING/CAPTIVE_PORTAL_CHECK, reason: (unspecified), extra: "AllieGO 5GHz", roaming: false, failover: false, isAvailable: true, isConnectedToProvisioningNetwork: false
03-03 11:30:26.831   922   987 D QcConnectivityService: handleInetConditionChange: net=0 != default=1 - ignore
03-03 11:30:26.851   922   987 E QcConnectivityService: Unexpected mtu value: android.net.wifi.WifiStateTracker@41945710
03-03 11:30:26.861   922   987 D QcConnectivityService: handleConnectivityChange: address are the same reset per doReset linkProperty[1]: resetMask=0
03-03 11:30:26.861   922   987 D Nat464Xlat: requiresClat: netType=1, hasIPv4Address=true
03-03 11:35:15.271   922   987 D QcConnectivityService: Captive portal check NetworkInfo: type: WIFI[], state: CONNECTING/CAPTIVE_PORTAL_CHECK, reason: (unspecified), extra: "AllieGO 5GHz", roaming: false, failover: false, isAvailable: true, isConnectedToProvisioningNetwork: false
03-03 11:35:15.271   922   987 D QcConnectivityService: handleCaptivePortalTrackerCheck: call captivePortalCheckComplete ni=NetworkInfo: type: WIFI[], state: CONNECTING/CAPTIVE_PORTAL_CHECK, reason: (unspecified), extra: "AllieGO 5GHz", roaming: false, failover: false, isAvailable: true, isConnectedToProvisioningNetwork: false
03-03 11:35:15.271   922   987 D QcConnectivityService: handleInetConditionChange: net=0 != default=1 - ignore
03-03 11:35:15.291   922   987 E QcConnectivityService: Unexpected mtu value: android.net.wifi.WifiStateTracker@41945710
03-03 11:35:15.301   922   987 D QcConnectivityService: handleConnectivityChange: address are the same reset per doReset linkProperty[1]: resetMask=0
03-03 11:35:15.301   922   987 D Nat464Xlat: requiresClat: netType=1, hasIPv4Address=true
03-03 11:40:03.741   922   987 D QcConnectivityService: Captive portal check NetworkInfo: type: WIFI[], state: CONNECTING/CAPTIVE_PORTAL_CHECK, reason: (unspecified), extra: "AllieGO 5GHz", roaming: false, failover: false, isAvailable: true, isConnectedToProvisioningNetwork: false
03-03 11:40:03.741   922   987 D QcConnectivityService: handleCaptivePortalTrackerCheck: call captivePortalCheckComplete ni=NetworkInfo: type: WIFI[], state: CONNECTING/CAPTIVE_PORTAL_CHECK, reason: (unspecified), extra: "AllieGO 5GHz", roaming: false, failover: false, isAvailable: true, isConnectedToProvisioningNetwork: false
03-03 11:40:03.741   922   987 D QcConnectivityService: handleInetConditionChange: net=0 != default=1 - ignore
03-03 11:40:03.761   922   987 E QcConnectivityService: Unexpected mtu value: android.net.wifi.WifiStateTracker@41945710
03-03 11:40:03.761   922   987 D QcConnectivityService: handleConnectivityChange: address are the same reset per doReset linkProperty[1]: resetMask=0
03-03 11:40:03.771   922   987 D Nat464Xlat: requiresClat: netType=1, hasIPv4Address=true
03-03 11:42:00.031   922   946 I ProcessStatsService: Prepared write state in 6ms
03-03 11:42:26.401   922   987 D QcConnectivityService: Sampling interval elapsed, updating statistics ..
03-03 11:42:26.411   922   987 D QcConnectivityService: Done.
03-03 11:42:26.411   922   987 D QcConnectivityService: Setting timer for 720seconds
03-03 11:44:52.171   922   987 D QcConnectivityService: Captive portal check NetworkInfo: type: WIFI[], state: CONNECTING/CAPTIVE_PORTAL_CHECK, reason: (unspecified), extra: "AllieGO 5GHz", roaming: false, failover: false, isAvailable: true, isConnectedToProvisioningNetwork: false
03-03 11:44:52.171   922   987 D QcConnectivityService: handleCaptivePortalTrackerCheck: call captivePortalCheckComplete ni=NetworkInfo: type: WIFI[], state: CONNECTING/CAPTIVE_PORTAL_CHECK, reason: (unspecified), extra: "AllieGO 5GHz", roaming: false, failover: false, isAvailable: true, isConnectedToProvisioningNetwork: false
03-03 11:44:52.171   922   987 D QcConnectivityService: handleInetConditionChange: net=0 != default=1 - ignore
03-03 11:44:52.191   922   987 E QcConnectivityService: Unexpected mtu value: android.net.wifi.WifiStateTracker@41945710
03-03 11:44:52.201   922   987 D QcConnectivityService: handleConnectivityChange: address are the same reset per doReset linkProperty[1]: resetMask=0
03-03 11:44:52.201   922   987 D Nat464Xlat: requiresClat: netType=1, hasIPv4Address=true
03-03 11:49:40.611   922   987 D QcConnectivityService: Captive portal check NetworkInfo: type: WIFI[], state: CONNECTING/CAPTIVE_PORTAL_CHECK, reason: (unspecified), extra: "AllieGO 5GHz", roaming: false, failover: false, isAvailable: true, isConnectedToProvisioningNetwork: false
03-03 11:49:40.611   922   987 D QcConnectivityService: handleCaptivePortalTrackerCheck: call captivePortalCheckComplete ni=NetworkInfo: type: WIFI[], state: CONNECTING/CAPTIVE_PORTAL_CHECK, reason: (unspecified), extra: "AllieGO 5GHz", roaming: false, failover: false, isAvailable: true, isConnectedToProvisioningNetwork: false
03-03 11:49:40.611   922   987 D QcConnectivityService: handleInetConditionChange: net=0 != default=1 - ignore
03-03 11:49:40.641   922   987 E QcConnectivityService: Unexpected mtu value: android.net.wifi.WifiStateTracker@41945710
03-03 11:49:40.651   922   987 D QcConnectivityService: handleConnectivityChange: address are the same reset per doReset linkProperty[1]: resetMask=0
03-03 11:49:40.651   922   987 D Nat464Xlat: requiresClat: netType=1, hasIPv4Address=true
03-03 11:54:28.581   922   987 D QcConnectivityService: Sampling interval elapsed, updating statistics ..
03-03 11:54:28.601   922   987 D QcConnectivityService: Done.
03-03 11:54:28.601   922   987 D QcConnectivityService: Setting timer for 720seconds
03-03 11:54:40.441   922   987 D QcConnectivityService: Captive portal check NetworkInfo: type: WIFI[], state: CONNECTING/CAPTIVE_PORTAL_CHECK, reason: (unspecified), extra: "AllieGO 5GHz", roaming: false, failover: false, isAvailable: true, isConnectedToProvisioningNetwork: false
03-03 11:54:40.441   922   987 D QcConnectivityService: handleCaptivePortalTrackerCheck: call captivePortalCheckComplete ni=NetworkInfo: type: WIFI[], state: CONNECTING/CAPTIVE_PORTAL_CHECK, reason: (unspecified), extra: "AllieGO 5GHz", roaming: false, failover: false, isAvailable: true, isConnectedToProvisioningNetwork: false
03-03 11:54:40.441   922   987 D QcConnectivityService: handleInetConditionChange: net=0 != default=1 - ignore
03-03 11:54:40.451   922   987 E QcConnectivityService: Unexpected mtu value: android.net.wifi.WifiStateTracker@41945710
03-03 11:54:40.461   922   987 D QcConnectivityService: handleConnectivityChange: address are the same reset per doReset linkProperty[1]: resetMask=0
03-03 11:54:40.461   922   987 D Nat464Xlat: requiresClat: netType=1, hasIPv4Address=true
03-03 11:59:28.881   922   987 D QcConnectivityService: Captive portal check NetworkInfo: type: WIFI[], state: CONNECTING/CAPTIVE_PORTAL_CHECK, reason: (unspecified), extra: "AllieGO 5GHz", roaming: false, failover: false, isAvailable: true, isConnectedToProvisioningNetwork: false
03-03 11:59:28.881   922   987 D QcConnectivityService: handleCaptivePortalTrackerCheck: call captivePortalCheckComplete ni=NetworkInfo: type: WIFI[], state: CONNECTING/CAPTIVE_PORTAL_CHECK, reason: (unspecified), extra: "AllieGO 5GHz", roaming: false, failover: false, isAvailable: true, isConnectedToProvisioningNetwork: false
03-03 11:59:28.881   922   987 D QcConnectivityService: handleInetConditionChange: net=0 != default=1 - ignore
03-03 11:59:28.901   922   987 E QcConnectivityService: Unexpected mtu value: android.net.wifi.WifiStateTracker@41945710
03-03 11:59:28.911   922   987 D QcConnectivityService: handleConnectivityChange: address are the same reset per doReset linkProperty[1]: resetMask=0
03-03 11:59:28.911   922   987 D Nat464Xlat: requiresClat: netType=1, hasIPv4Address=true
03-03 12:04:17.311   922   987 D QcConnectivityService: Captive portal check NetworkInfo: type: WIFI[], state: CONNECTING/CAPTIVE_PORTAL_CHECK, reason: (unspecified), extra: "AllieGO 5GHz", roaming: false, failover: false, isAvailable: true, isConnectedToProvisioningNetwork: false
03-03 12:04:17.311   922   987 D QcConnectivityService: handleCaptivePortalTrackerCheck: call captivePortalCheckComplete ni=NetworkInfo: type: WIFI[], state: CONNECTING/CAPTIVE_PORTAL_CHECK, reason: (unspecified), extra: "AllieGO 5GHz", roaming: false, failover: false, isAvailable: true, isConnectedToProvisioningNetwork: false
03-03 12:04:17.311   922   987 D QcConnectivityService: handleInetConditionChange: net=0 != default=1 - ignore
03-03 12:04:17.331   922   987 E QcConnectivityService: Unexpected mtu value: android.net.wifi.WifiStateTracker@41945710
03-03 12:04:17.341   922   987 D QcConnectivityService: handleConnectivityChange: address are the same reset per doReset linkProperty[1]: resetMask=0
03-03 12:04:17.341   922   987 D Nat464Xlat: requiresClat: netType=1, hasIPv4Address=true
03-03 12:06:42.611   922   987 D QcConnectivityService: Sampling interval elapsed, updating statistics ..
03-03 12:06:42.631   922   987 D QcConnectivityService: Done.
03-03 12:06:42.631   922   987 D QcConnectivityService: Setting timer for 720seconds
03-03 12:09:35.651   922   987 D QcConnectivityService: tryFailover: set mActiveDefaultNetwork=-1, prevNetType=1
03-03 12:09:35.651   922   987 D QcConnectivityService: Attempting to switch to BLUETOOTH_TETHER
03-03 12:09:35.791   922   987 D QcConnectivityService: resetConnections(wlan0, 3)
03-03 12:09:35.981   922   987 D Nat464Xlat: requiresClat: netType=1, hasIPv4Address=false
03-03 12:09:39.001   922  1067 D QcConnectivityService: setProvNotificationVisible: E visible=false networkType=1 extraInfo=null url=null
03-03 12:12:39.741   922   946 I ProcessStatsService: Prepared write state in 4ms
03-03 12:12:39.751   922   946 I ProcessStatsService: Prepared write state in 4ms
03-03 12:12:39.751   922   946 I ProcessStatsService: Prepared write state in 6ms
03-03 12:12:44.911   922   987 D QcConnectivityService: Captive portal check NetworkInfo: type: WIFI[], state: CONNECTING/CAPTIVE_PORTAL_CHECK, reason: (unspecified), extra: "AllieGO 5GHz", roaming: false, failover: false, isAvailable: true, isConnectedToProvisioningNetwork: false
03-03 12:12:44.911   922   987 D QcConnectivityService: handleCaptivePortalTrackerCheck: call captivePortalCheckComplete ni=NetworkInfo: type: WIFI[], state: CONNECTING/CAPTIVE_PORTAL_CHECK, reason: (unspecified), extra: "AllieGO 5GHz", roaming: false, failover: false, isAvailable: true, isConnectedToProvisioningNetwork: false
03-03 12:12:44.911   922   987 D QcConnectivityService: handleInetConditionChange: no active default network - ignore
03-03 12:12:44.921   922   987 E QcConnectivityService: Unexpected mtu value: android.net.wifi.WifiStateTracker@41945710
03-03 12:12:45.061   922   987 D Nat464Xlat: requiresClat: netType=1, hasIPv4Address=true
03-03 12:12:46.461   922   987 D QcConnectivityService: handleConnectivityChange: addresses changed linkProperty[1]: resetMask=0
03-03 12:12:46.461   922   987 D QcConnectivityService:    car=removed=[] added=[fe80::ce1b:e0ff:fe61:8a30/64,]
03-03 12:12:46.461   922   987 E QcConnectivityService: Exception while trying to add src route: java.lang.NullPointerException
03-03 12:12:46.461   922   987 D Nat464Xlat: requiresClat: netType=1, hasIPv4Address=true
03-03 12:12:58.081   922  1067 D QcConnectivityService: setProvNotificationVisible: E visible=false networkType=1 extraInfo=null url=null
03-03 12:12:58.491   922  1067 D QcConnectivityService: captivePortalCheckCompleted: ni=NetworkInfo: type: WIFI[], state: CONNECTED/CONNECTED, reason: (unspecified), extra: "AllieGO 5GHz", roaming: false, failover: false, isAvailable: true, isConnectedToProvisioningNetwork: false captive=false
03-03 12:17:33.341   922   987 D QcConnectivityService: Captive portal check NetworkInfo: type: WIFI[], state: CONNECTING/CAPTIVE_PORTAL_CHECK, reason: (unspecified), extra: "AllieGO 5GHz", roaming: false, failover: false, isAvailable: true, isConnectedToProvisioningNetwork: false
03-03 12:17:33.341   922   987 D QcConnectivityService: handleCaptivePortalTrackerCheck: call captivePortalCheckComplete ni=NetworkInfo: type: WIFI[], state: CONNECTING/CAPTIVE_PORTAL_CHECK, reason: (unspecified), extra: "AllieGO 5GHz", roaming: false, failover: false, isAvailable: true, isConnectedToProvisioningNetwork: false
03-03 12:17:33.341   922   987 D QcConnectivityService: handleInetConditionChange: net=0 != default=1 - ignore
03-03 12:17:33.361   922   987 E QcConnectivityService: Unexpected mtu value: android.net.wifi.WifiStateTracker@41945710
03-03 12:17:33.371   922   987 D QcConnectivityService: handleConnectivityChange: address are the same reset per doReset linkProperty[1]: resetMask=0
03-03 12:17:33.371   922   987 D Nat464Xlat: requiresClat: netType=1, hasIPv4Address=true
03-03 12:18:42.631   922   987 D QcConnectivityService: Sampling interval elapsed, updating statistics ..
03-03 12:18:42.651   922   987 D QcConnectivityService: Done.
03-03 12:18:42.651   922   987 D QcConnectivityService: Setting timer for 720seconds
03-03 12:22:21.781   922   987 D QcConnectivityService: Captive portal check NetworkInfo: type: WIFI[], state: CONNECTING/CAPTIVE_PORTAL_CHECK, reason: (unspecified), extra: "AllieGO 5GHz", roaming: false, failover: false, isAvailable: true, isConnectedToProvisioningNetwork: false
03-03 12:22:21.781   922   987 D QcConnectivityService: handleCaptivePortalTrackerCheck: call captivePortalCheckComplete ni=NetworkInfo: type: WIFI[], state: CONNECTING/CAPTIVE_PORTAL_CHECK, reason: (unspecified), extra: "AllieGO 5GHz", roaming: false, failover: false, isAvailable: true, isConnectedToProvisioningNetwork: false
03-03 12:22:21.781   922   987 D QcConnectivityService: handleInetConditionChange: net=0 != default=1 - ignore
03-03 12:22:21.811   922   987 E QcConnectivityService: Unexpected mtu value: android.net.wifi.WifiStateTracker@41945710
03-03 12:22:21.811   922   987 D QcConnectivityService: handleConnectivityChange: address are the same reset per doReset linkProperty[1]: resetMask=0
03-03 12:22:21.811   922   987 D Nat464Xlat: requiresClat: netType=1, hasIPv4Address=true
03-03 12:27:03.601   922   922 I EntropyMixer: Writing entropy...
03-03 12:27:21.821   922   987 D QcConnectivityService: Captive portal check NetworkInfo: type: WIFI[], state: CONNECTING/CAPTIVE_PORTAL_CHECK, reason: (unspecified), extra: "AllieGO 5GHz", roaming: false, failover: false, isAvailable: true, isConnectedToProvisioningNetwork: false
03-03 12:27:21.821   922   987 D QcConnectivityService: handleCaptivePortalTrackerCheck: call captivePortalCheckComplete ni=NetworkInfo: type: WIFI[], state: CONNECTING/CAPTIVE_PORTAL_CHECK, reason: (unspecified), extra: "AllieGO 5GHz", roaming: false, failover: false, isAvailable: true, isConnectedToProvisioningNetwork: false
03-03 12:27:21.821   922   987 D QcConnectivityService: handleInetConditionChange: net=0 != default=1 - ignore
03-03 12:27:21.841   922   987 E QcConnectivityService: Unexpected mtu value: android.net.wifi.WifiStateTracker@41945710
03-03 12:27:21.851   922   987 D QcConnectivityService: handleConnectivityChange: address are the same reset per doReset linkProperty[1]: resetMask=0
03-03 12:27:21.851   922   987 D Nat464Xlat: requiresClat: netType=1, hasIPv4Address=true
03-03 12:32:09.791   922   987 D QcConnectivityService: Sampling interval elapsed, updating statistics ..
03-03 12:32:09.811   922   987 D QcConnectivityService: Done.
03-03 12:32:09.811   922   987 D QcConnectivityService: Setting timer for 720seconds
03-03 12:32:10.261   922   987 D QcConnectivityService: Captive portal check NetworkInfo: type: WIFI[], state: CONNECTING/CAPTIVE_PORTAL_CHECK, reason: (unspecified), extra: "AllieGO 5GHz", roaming: false, failover: false, isAvailable: true, isConnectedToProvisioningNetwork: false
03-03 12:32:10.261   922   987 D QcConnectivityService: handleCaptivePortalTrackerCheck: call captivePortalCheckComplete ni=NetworkInfo: type: WIFI[], state: CONNECTING/CAPTIVE_PORTAL_CHECK, reason: (unspecified), extra: "AllieGO 5GHz", roaming: false, failover: false, isAvailable: true, isConnectedToProvisioningNetwork: false
03-03 12:32:10.261   922   987 D QcConnectivityService: handleInetConditionChange: net=0 != default=1 - ignore
03-03 12:32:10.281   922   987 E QcConnectivityService: Unexpected mtu value: android.net.wifi.WifiStateTracker@41945710
03-03 12:32:10.291   922   987 D QcConnectivityService: handleConnectivityChange: address are the same reset per doReset linkProperty[1]: resetMask=0
03-03 12:32:10.291   922   987 D Nat464Xlat: requiresClat: netType=1, hasIPv4Address=true
03-03 12:37:28.611   922   987 D QcConnectivityService: tryFailover: set mActiveDefaultNetwork=-1, prevNetType=1
03-03 12:37:28.611   922   987 D QcConnectivityService: Attempting to switch to BLUETOOTH_TETHER
03-03 12:37:28.741   922   987 D QcConnectivityService: resetConnections(wlan0, 3)
03-03 12:37:28.931   922   987 D Nat464Xlat: requiresClat: netType=1, hasIPv4Address=false
03-03 12:37:31.941   922  1067 D QcConnectivityService: setProvNotificationVisible: E visible=false networkType=1 extraInfo=null url=null
03-03 12:37:34.941   922   987 D QcConnectivityService: Captive portal check NetworkInfo: type: WIFI[], state: CONNECTING/CAPTIVE_PORTAL_CHECK, reason: (unspecified), extra: "AllieGO 5GHz", roaming: false, failover: false, isAvailable: true, isConnectedToProvisioningNetwork: false
03-03 12:37:34.941   922   987 D QcConnectivityService: handleCaptivePortalTrackerCheck: call captivePortalCheckComplete ni=NetworkInfo: type: WIFI[], state: CONNECTING/CAPTIVE_PORTAL_CHECK, reason: (unspecified), extra: "AllieGO 5GHz", roaming: false, failover: false, isAvailable: true, isConnectedToProvisioningNetwork: false
03-03 12:37:34.941   922   987 D QcConnectivityService: handleInetConditionChange: no active default network - ignore
03-03 12:37:34.961   922   987 E QcConnectivityService: Unexpected mtu value: android.net.wifi.WifiStateTracker@41945710
03-03 12:37:35.151   922   987 D Nat464Xlat: requiresClat: netType=1, hasIPv4Address=true
03-03 12:37:36.151   922   987 D QcConnectivityService: handleConnectivityChange: addresses changed linkProperty[1]: resetMask=0
03-03 12:37:36.151   922   987 D QcConnectivityService:    car=removed=[] added=[fe80::ce1b:e0ff:fe61:8a30/64,]
03-03 12:37:36.151   922   987 E QcConnectivityService: Exception while trying to add src route: java.lang.NullPointerException
03-03 12:37:36.151   922   987 D Nat464Xlat: requiresClat: netType=1, hasIPv4Address=true
03-03 12:37:48.171   922  1067 D QcConnectivityService: setProvNotificationVisible: E visible=false networkType=1 extraInfo=null url=null
03-03 12:37:48.491   922  1067 D QcConnectivityService: captivePortalCheckCompleted: ni=NetworkInfo: type: WIFI[], state: CONNECTED/CONNECTED, reason: (unspecified), extra: "AllieGO 5GHz", roaming: false, failover: false, isAvailable: true, isConnectedToProvisioningNetwork: false captive=false
03-03 12:42:23.371   922   987 D QcConnectivityService: Captive portal check NetworkInfo: type: WIFI[], state: CONNECTING/CAPTIVE_PORTAL_CHECK, reason: (unspecified), extra: "AllieGO 5GHz", roaming: false, failover: false, isAvailable: true, isConnectedToProvisioningNetwork: false
03-03 12:42:23.371   922   987 D QcConnectivityService: handleCaptivePortalTrackerCheck: call captivePortalCheckComplete ni=NetworkInfo: type: WIFI[], state: CONNECTING/CAPTIVE_PORTAL_CHECK, reason: (unspecified), extra: "AllieGO 5GHz", roaming: false, failover: false, isAvailable: true, isConnectedToProvisioningNetwork: false
03-03 12:42:23.371   922   987 D QcConnectivityService: handleInetConditionChange: net=0 != default=1 - ignore
03-03 12:42:23.391   922   987 E QcConnectivityService: Unexpected mtu value: android.net.wifi.WifiStateTracker@41945710
03-03 12:42:23.401   922   987 D QcConnectivityService: handleConnectivityChange: address are the same reset per doReset linkProperty[1]: resetMask=0
03-03 12:42:23.401   922   987 D Nat464Xlat: requiresClat: netType=1, hasIPv4Address=true
03-03 12:43:00.001   922   946 I ProcessStatsService: Prepared write state in 6ms
03-03 12:44:09.811   922   987 D QcConnectivityService: Sampling interval elapsed, updating statistics ..
03-03 12:44:09.831   922   987 D QcConnectivityService: Done.
03-03 12:44:09.831   922   987 D QcConnectivityService: Setting timer for 720seconds
03-03 12:47:11.801   922   987 D QcConnectivityService: Captive portal check NetworkInfo: type: WIFI[], state: CONNECTING/CAPTIVE_PORTAL_CHECK, reason: (unspecified), extra: "AllieGO 5GHz", roaming: false, failover: false, isAvailable: true, isConnectedToProvisioningNetwork: false
03-03 12:47:11.801   922   987 D QcConnectivityService: handleCaptivePortalTrackerCheck: call captivePortalCheckComplete ni=NetworkInfo: type: WIFI[], state: CONNECTING/CAPTIVE_PORTAL_CHECK, reason: (unspecified), extra: "AllieGO 5GHz", roaming: false, failover: false, isAvailable: true, isConnectedToProvisioningNetwork: false
03-03 12:47:11.801   922   987 D QcConnectivityService: handleInetConditionChange: net=0 != default=1 - ignore
03-03 12:47:11.821   922   987 E QcConnectivityService: Unexpected mtu value: android.net.wifi.WifiStateTracker@41945710
03-03 12:47:11.831   922   987 D QcConnectivityService: handleConnectivityChange: address are the same reset per doReset linkProperty[1]: resetMask=0
03-03 12:47:11.841   922   987 D Nat464Xlat: requiresClat: netType=1, hasIPv4Address=true
03-03 12:52:30.121   922   987 D QcConnectivityService: tryFailover: set mActiveDefaultNetwork=-1, prevNetType=1
03-03 12:52:30.121   922   987 D QcConnectivityService: Attempting to switch to BLUETOOTH_TETHER
03-03 12:52:30.271   922   987 D QcConnectivityService: resetConnections(wlan0, 3)
03-03 12:52:30.461   922   987 D Nat464Xlat: requiresClat: netType=1, hasIPv4Address=false
03-03 12:52:33.471   922  1067 D QcConnectivityService: setProvNotificationVisible: E visible=false networkType=1 extraInfo=null url=null
03-03 12:55:32.661   922   987 D QcConnectivityService: Captive portal check NetworkInfo: type: WIFI[], state: CONNECTING/CAPTIVE_PORTAL_CHECK, reason: (unspecified), extra: "AllieGO 5GHz", roaming: false, failover: false, isAvailable: true, isConnectedToProvisioningNetwork: false
03-03 12:55:32.661   922   987 D QcConnectivityService: handleCaptivePortalTrackerCheck: call captivePortalCheckComplete ni=NetworkInfo: type: WIFI[], state: CONNECTING/CAPTIVE_PORTAL_CHECK, reason: (unspecified), extra: "AllieGO 5GHz", roaming: false, failover: false, isAvailable: true, isConnectedToProvisioningNetwork: false
03-03 12:55:32.661   922   987 D QcConnectivityService: handleInetConditionChange: no active default network - ignore
03-03 12:55:32.681   922   987 E QcConnectivityService: Unexpected mtu value: android.net.wifi.WifiStateTracker@41945710
03-03 12:55:32.811   922   946 W ProcessCpuTracker: Skipping unknown process pid 7236
03-03 12:55:32.821   922   987 D Nat464Xlat: requiresClat: netType=1, hasIPv4Address=true
03-03 12:55:33.931   922   987 D QcConnectivityService: handleConnectivityChange: addresses changed linkProperty[1]: resetMask=0
03-03 12:55:33.931   922   987 D QcConnectivityService:    car=removed=[] added=[fe80::ce1b:e0ff:fe61:8a30/64,]
03-03 12:55:33.931   922   987 E QcConnectivityService: Exception while trying to add src route: java.lang.NullPointerException
03-03 12:55:33.931   922   987 D Nat464Xlat: requiresClat: netType=1, hasIPv4Address=true
03-03 12:55:45.841   922  1067 D QcConnectivityService: setProvNotificationVisible: E visible=false networkType=1 extraInfo=null url=null
03-03 12:55:46.141   922  1067 D QcConnectivityService: captivePortalCheckCompleted: ni=NetworkInfo: type: WIFI[], state: CONNECTED/CONNECTED, reason: (unspecified), extra: "AllieGO 5GHz", roaming: false, failover: false, isAvailable: true, isConnectedToProvisioningNetwork: false captive=false
03-03 12:56:09.831   922   987 D QcConnectivityService: Sampling interval elapsed, updating statistics ..
03-03 12:56:09.851   922   987 D QcConnectivityService: Done.
03-03 12:56:09.851   922   987 D QcConnectivityService: Setting timer for 720seconds
03-03 13:00:21.091   922   987 D QcConnectivityService: Captive portal check NetworkInfo: type: WIFI[], state: CONNECTING/CAPTIVE_PORTAL_CHECK, reason: (unspecified), extra: "AllieGO 5GHz", roaming: false, failover: false, isAvailable: true, isConnectedToProvisioningNetwork: false
03-03 13:00:21.091   922   987 D QcConnectivityService: handleCaptivePortalTrackerCheck: call captivePortalCheckComplete ni=NetworkInfo: type: WIFI[], state: CONNECTING/CAPTIVE_PORTAL_CHECK, reason: (unspecified), extra: "AllieGO 5GHz", roaming: false, failover: false, isAvailable: true, isConnectedToProvisioningNetwork: false
03-03 13:00:21.091   922   987 D QcConnectivityService: handleInetConditionChange: net=0 != default=1 - ignore
03-03 13:00:21.111   922   987 E QcConnectivityService: Unexpected mtu value: android.net.wifi.WifiStateTracker@41945710
03-03 13:00:21.121   922   987 D QcConnectivityService: handleConnectivityChange: address are the same reset per doReset linkProperty[1]: resetMask=0
03-03 13:00:21.121   922   987 D Nat464Xlat: requiresClat: netType=1, hasIPv4Address=true
03-03 13:05:10.121   922   987 D QcConnectivityService: Captive portal check NetworkInfo: type: WIFI[], state: CONNECTING/CAPTIVE_PORTAL_CHECK, reason: (unspecified), extra: "AllieGO 5GHz", roaming: false, failover: false, isAvailable: true, isConnectedToProvisioningNetwork: false
03-03 13:05:10.121   922   987 D QcConnectivityService: handleCaptivePortalTrackerCheck: call captivePortalCheckComplete ni=NetworkInfo: type: WIFI[], state: CONNECTING/CAPTIVE_PORTAL_CHECK, reason: (unspecified), extra: "AllieGO 5GHz", roaming: false, failover: false, isAvailable: true, isConnectedToProvisioningNetwork: false
03-03 13:05:10.121   922   987 D QcConnectivityService: handleInetConditionChange: net=0 != default=1 - ignore
03-03 13:05:10.141   922   987 E QcConnectivityService: Unexpected mtu value: android.net.wifi.WifiStateTracker@41945710
03-03 13:05:10.151   922   987 D QcConnectivityService: handleConnectivityChange: address are the same reset per doReset linkProperty[1]: resetMask=0
03-03 13:05:10.151   922   987 D Nat464Xlat: requiresClat: netType=1, hasIPv4Address=true
03-03 13:09:58.101   922   987 D QcConnectivityService: Sampling interval elapsed, updating statistics ..
03-03 13:09:58.121   922   987 D QcConnectivityService: Done.
03-03 13:09:58.121   922   987 D QcConnectivityService: Setting timer for 720seconds
03-03 13:09:58.561   922   987 D QcConnectivityService: Captive portal check NetworkInfo: type: WIFI[], state: CONNECTING/CAPTIVE_PORTAL_CHECK, reason: (unspecified), extra: "AllieGO 5GHz", roaming: false, failover: false, isAvailable: true, isConnectedToProvisioningNetwork: false
03-03 13:09:58.561   922   987 D QcConnectivityService: handleCaptivePortalTrackerCheck: call captivePortalCheckComplete ni=NetworkInfo: type: WIFI[], state: CONNECTING/CAPTIVE_PORTAL_CHECK, reason: (unspecified), extra: "AllieGO 5GHz", roaming: false, failover: false, isAvailable: true, isConnectedToProvisioningNetwork: false
03-03 13:09:58.561   922   987 D QcConnectivityService: handleInetConditionChange: net=0 != default=1 - ignore
03-03 13:09:58.581   922   987 E QcConnectivityService: Unexpected mtu value: android.net.wifi.WifiStateTracker@41945710
03-03 13:09:58.591   922   987 D QcConnectivityService: handleConnectivityChange: address are the same reset per doReset linkProperty[1]: resetMask=0
03-03 13:09:58.591   922   987 D Nat464Xlat: requiresClat: netType=1, hasIPv4Address=true
03-03 13:13:00.031   922   946 I ProcessStatsService: Prepared write state in 9ms
03-03 13:14:57.591   922   987 D QcConnectivityService: Captive portal check NetworkInfo: type: WIFI[], state: CONNECTING/CAPTIVE_PORTAL_CHECK, reason: (unspecified), extra: "AllieGO 5GHz", roaming: false, failover: false, isAvailable: true, isConnectedToProvisioningNetwork: false
03-03 13:14:57.591   922   987 D QcConnectivityService: handleCaptivePortalTrackerCheck: call captivePortalCheckComplete ni=NetworkInfo: type: WIFI[], state: CONNECTING/CAPTIVE_PORTAL_CHECK, reason: (unspecified), extra: "AllieGO 5GHz", roaming: false, failover: false, isAvailable: true, isConnectedToProvisioningNetwork: false
03-03 13:14:57.591   922   987 D QcConnectivityService: handleInetConditionChange: net=0 != default=1 - ignore
03-03 13:14:57.611   922   987 E QcConnectivityService: Unexpected mtu value: android.net.wifi.WifiStateTracker@41945710
03-03 13:14:57.621   922   987 D QcConnectivityService: handleConnectivityChange: address are the same reset per doReset linkProperty[1]: resetMask=0
03-03 13:14:57.621   922   987 D Nat464Xlat: requiresClat: netType=1, hasIPv4Address=true
03-03 13:19:46.031   922   987 D QcConnectivityService: Captive portal check NetworkInfo: type: WIFI[], state: CONNECTING/CAPTIVE_PORTAL_CHECK, reason: (unspecified), extra: "AllieGO 5GHz", roaming: false, failover: false, isAvailable: true, isConnectedToProvisioningNetwork: false
03-03 13:19:46.031   922   987 D QcConnectivityService: handleCaptivePortalTrackerCheck: call captivePortalCheckComplete ni=NetworkInfo: type: WIFI[], state: CONNECTING/CAPTIVE_PORTAL_CHECK, reason: (unspecified), extra: "AllieGO 5GHz", roaming: false, failover: false, isAvailable: true, isConnectedToProvisioningNetwork: false
03-03 13:19:46.031   922   987 D QcConnectivityService: handleInetConditionChange: net=0 != default=1 - ignore
03-03 13:19:46.041   922   987 E QcConnectivityService: Unexpected mtu value: android.net.wifi.WifiStateTracker@41945710
03-03 13:19:46.051   922   987 D QcConnectivityService: handleConnectivityChange: address are the same reset per doReset linkProperty[1]: resetMask=0
03-03 13:19:46.051   922   987 D Nat464Xlat: requiresClat: netType=1, hasIPv4Address=true
03-03 13:21:58.121   922   987 D QcConnectivityService: Sampling interval elapsed, updating statistics ..
03-03 13:21:58.141   922   987 D QcConnectivityService: Done.
03-03 13:21:58.141   922   987 D QcConnectivityService: Setting timer for 720seconds
03-03 13:24:34.461   922   987 D QcConnectivityService: Captive portal check NetworkInfo: type: WIFI[], state: CONNECTING/CAPTIVE_PORTAL_CHECK, reason: (unspecified), extra: "AllieGO 5GHz", roaming: false, failover: false, isAvailable: true, isConnectedToProvisioningNetwork: false
03-03 13:24:34.461   922   987 D QcConnectivityService: handleCaptivePortalTrackerCheck: call captivePortalCheckComplete ni=NetworkInfo: type: WIFI[], state: CONNECTING/CAPTIVE_PORTAL_CHECK, reason: (unspecified), extra: "AllieGO 5GHz", roaming: false, failover: false, isAvailable: true, isConnectedToProvisioningNetwork: false
03-03 13:24:34.461   922   987 D QcConnectivityService: handleInetConditionChange: net=0 != default=1 - ignore
03-03 13:24:34.481   922   987 E QcConnectivityService: Unexpected mtu value: android.net.wifi.WifiStateTracker@41945710
03-03 13:24:34.501   922   987 D QcConnectivityService: handleConnectivityChange: address are the same reset per doReset linkProperty[1]: resetMask=0
03-03 13:24:34.501   922   987 D Nat464Xlat: requiresClat: netType=1, hasIPv4Address=true
03-03 13:29:52.811   922   987 D QcConnectivityService: tryFailover: set mActiveDefaultNetwork=-1, prevNetType=1
03-03 13:29:52.811   922   987 D QcConnectivityService: Attempting to switch to BLUETOOTH_TETHER
03-03 13:29:53.001   922   987 D QcConnectivityService: resetConnections(wlan0, 3)
03-03 13:29:53.191   922   987 D Nat464Xlat: requiresClat: netType=1, hasIPv4Address=false
03-03 13:29:56.201   922  1067 D QcConnectivityService: setProvNotificationVisible: E visible=false networkType=1 extraInfo=null url=null
03-03 13:29:59.841   922   987 D QcConnectivityService: Captive portal check NetworkInfo: type: WIFI[], state: CONNECTING/CAPTIVE_PORTAL_CHECK, reason: (unspecified), extra: "AllieGO 5GHz", roaming: false, failover: false, isAvailable: true, isConnectedToProvisioningNetwork: false
03-03 13:29:59.841   922   987 D QcConnectivityService: handleCaptivePortalTrackerCheck: call captivePortalCheckComplete ni=NetworkInfo: type: WIFI[], state: CONNECTING/CAPTIVE_PORTAL_CHECK, reason: (unspecified), extra: "AllieGO 5GHz", roaming: false, failover: false, isAvailable: true, isConnectedToProvisioningNetwork: false
03-03 13:29:59.841   922   987 D QcConnectivityService: handleInetConditionChange: no active default network - ignore
03-03 13:29:59.861   922   987 E QcConnectivityService: Unexpected mtu value: android.net.wifi.WifiStateTracker@41945710
03-03 13:30:00.001   922   987 D Nat464Xlat: requiresClat: netType=1, hasIPv4Address=true
03-03 13:30:01.431   922   987 D QcConnectivityService: handleConnectivityChange: addresses changed linkProperty[1]: resetMask=0
03-03 13:30:01.431   922   987 D QcConnectivityService:    car=removed=[] added=[fe80::ce1b:e0ff:fe61:8a30/64,]
03-03 13:30:01.431   922   987 E QcConnectivityService: Exception while trying to add src route: java.lang.NullPointerException
03-03 13:30:01.431   922   987 D Nat464Xlat: requiresClat: netType=1, hasIPv4Address=true
03-03 13:30:13.031   922  1067 D QcConnectivityService: setProvNotificationVisible: E visible=false networkType=1 extraInfo=null url=null
03-03 13:30:13.341   922  1067 D QcConnectivityService: captivePortalCheckCompleted: ni=NetworkInfo: type: WIFI[], state: CONNECTED/CONNECTED, reason: (unspecified), extra: "AllieGO 5GHz", roaming: false, failover: false, isAvailable: true, isConnectedToProvisioningNetwork: false captive=false
03-03 13:34:47.821   922   987 D QcConnectivityService: Sampling interval elapsed, updating statistics ..
03-03 13:34:47.831   922   987 D QcConnectivityService: Done.
03-03 13:34:47.831   922   987 D QcConnectivityService: Setting timer for 720seconds
03-03 13:34:48.281   922   987 D QcConnectivityService: Captive portal check NetworkInfo: type: WIFI[], state: CONNECTING/CAPTIVE_PORTAL_CHECK, reason: (unspecified), extra: "AllieGO 5GHz", roaming: false, failover: false, isAvailable: true, isConnectedToProvisioningNetwork: false
03-03 13:34:48.281   922   987 D QcConnectivityService: handleCaptivePortalTrackerCheck: call captivePortalCheckComplete ni=NetworkInfo: type: WIFI[], state: CONNECTING/CAPTIVE_PORTAL_CHECK, reason: (unspecified), extra: "AllieGO 5GHz", roaming: false, failover: false, isAvailable: true, isConnectedToProvisioningNetwork: false
03-03 13:34:48.281   922   987 D QcConnectivityService: handleInetConditionChange: net=0 != default=1 - ignore
03-03 13:34:48.301   922   987 E QcConnectivityService: Unexpected mtu value: android.net.wifi.WifiStateTracker@41945710
03-03 13:34:48.311   922   987 D QcConnectivityService: handleConnectivityChange: address are the same reset per doReset linkProperty[1]: resetMask=0
03-03 13:34:48.311   922   987 D Nat464Xlat: requiresClat: netType=1, hasIPv4Address=true
03-03 13:40:06.741   922   987 D QcConnectivityService: tryFailover: set mActiveDefaultNetwork=-1, prevNetType=1
03-03 13:40:06.741   922   987 D QcConnectivityService: Attempting to switch to BLUETOOTH_TETHER
03-03 13:40:06.931   922   987 D QcConnectivityService: resetConnections(wlan0, 3)
03-03 13:40:07.121   922   987 D Nat464Xlat: requiresClat: netType=1, hasIPv4Address=false
03-03 13:40:10.131   922  1067 D QcConnectivityService: setProvNotificationVisible: E visible=false networkType=1 extraInfo=null url=null
03-03 13:40:12.651   922   987 D QcConnectivityService: Captive portal check NetworkInfo: type: WIFI[], state: CONNECTING/CAPTIVE_PORTAL_CHECK, reason: (unspecified), extra: "AllieGO 5GHz", roaming: false, failover: false, isAvailable: true, isConnectedToProvisioningNetwork: false
03-03 13:40:12.651   922   987 D QcConnectivityService: handleCaptivePortalTrackerCheck: call captivePortalCheckComplete ni=NetworkInfo: type: WIFI[], state: CONNECTING/CAPTIVE_PORTAL_CHECK, reason: (unspecified), extra: "AllieGO 5GHz", roaming: false, failover: false, isAvailable: true, isConnectedToProvisioningNetwork: false
03-03 13:40:12.651   922   987 D QcConnectivityService: handleInetConditionChange: no active default network - ignore
03-03 13:40:12.661   922   987 E QcConnectivityService: Unexpected mtu value: android.net.wifi.WifiStateTracker@41945710
03-03 13:40:12.791   922   987 D Nat464Xlat: requiresClat: netType=1, hasIPv4Address=true
03-03 13:40:14.261   922   987 D QcConnectivityService: handleConnectivityChange: addresses changed linkProperty[1]: resetMask=0
03-03 13:40:14.261   922   987 D QcConnectivityService:    car=removed=[] added=[fe80::ce1b:e0ff:fe61:8a30/64,]
03-03 13:40:14.261   922   987 E QcConnectivityService: Exception while trying to add src route: java.lang.NullPointerException
03-03 13:40:14.261   922   987 D Nat464Xlat: requiresClat: netType=1, hasIPv4Address=true
03-03 13:40:25.811   922  1067 D QcConnectivityService: setProvNotificationVisible: E visible=false networkType=1 extraInfo=null url=null
03-03 13:40:26.211   922  1067 D QcConnectivityService: captivePortalCheckCompleted: ni=NetworkInfo: type: WIFI[], state: CONNECTED/CONNECTED, reason: (unspecified), extra: "AllieGO 5GHz", roaming: false, failover: false, isAvailable: true, isConnectedToProvisioningNetwork: false captive=false
03-03 13:43:38.421   922   946 I ProcessStatsService: Prepared write state in 7ms
03-03 13:45:01.081   922   987 D QcConnectivityService: Captive portal check NetworkInfo: type: WIFI[], state: CONNECTING/CAPTIVE_PORTAL_CHECK, reason: (unspecified), extra: "AllieGO 5GHz", roaming: false, failover: false, isAvailable: true, isConnectedToProvisioningNetwork: false
03-03 13:45:01.081   922   987 D QcConnectivityService: handleCaptivePortalTrackerCheck: call captivePortalCheckComplete ni=NetworkInfo: type: WIFI[], state: CONNECTING/CAPTIVE_PORTAL_CHECK, reason: (unspecified), extra: "AllieGO 5GHz", roaming: false, failover: false, isAvailable: true, isConnectedToProvisioningNetwork: false
03-03 13:45:01.081   922   987 D QcConnectivityService: handleInetConditionChange: net=0 != default=1 - ignore
03-03 13:45:01.101   922   987 E QcConnectivityService: Unexpected mtu value: android.net.wifi.WifiStateTracker@41945710
03-03 13:45:01.121   922   987 D QcConnectivityService: handleConnectivityChange: address are the same reset per doReset linkProperty[1]: resetMask=0
03-03 13:45:01.121   922   987 D Nat464Xlat: requiresClat: netType=1, hasIPv4Address=true
03-03 13:46:47.841   922   987 D QcConnectivityService: Sampling interval elapsed, updating statistics ..
03-03 13:46:47.851   922   987 D QcConnectivityService: Done.
03-03 13:46:47.851   922   987 D QcConnectivityService: Setting timer for 720seconds
03-03 13:50:01.321   922   987 D QcConnectivityService: Captive portal check NetworkInfo: type: WIFI[], state: CONNECTING/CAPTIVE_PORTAL_CHECK, reason: (unspecified), extra: "AllieGO 5GHz", roaming: false, failover: false, isAvailable: true, isConnectedToProvisioningNetwork: false
03-03 13:50:01.321   922   987 D QcConnectivityService: handleCaptivePortalTrackerCheck: call captivePortalCheckComplete ni=NetworkInfo: type: WIFI[], state: CONNECTING/CAPTIVE_PORTAL_CHECK, reason: (unspecified), extra: "AllieGO 5GHz", roaming: false, failover: false, isAvailable: true, isConnectedToProvisioningNetwork: false
03-03 13:50:01.321   922   987 D QcConnectivityService: handleInetConditionChange: net=0 != default=1 - ignore
03-03 13:50:01.341   922   987 E QcConnectivityService: Unexpected mtu value: android.net.wifi.WifiStateTracker@41945710
03-03 13:50:01.351   922   987 D QcConnectivityService: handleConnectivityChange: address are the same reset per doReset linkProperty[1]: resetMask=0
03-03 13:50:01.351   922   987 D Nat464Xlat: requiresClat: netType=1, hasIPv4Address=true
03-03 13:55:19.651   922   987 D QcConnectivityService: tryFailover: set mActiveDefaultNetwork=-1, prevNetType=1
03-03 13:55:19.651   922   987 D QcConnectivityService: Attempting to switch to BLUETOOTH_TETHER
03-03 13:55:19.771   922   987 D QcConnectivityService: resetConnections(wlan0, 3)
03-03 13:55:19.971   922   987 D Nat464Xlat: requiresClat: netType=1, hasIPv4Address=false
03-03 13:55:22.981   922  1067 D QcConnectivityService: setProvNotificationVisible: E visible=false networkType=1 extraInfo=null url=null
03-03 13:55:26.001   922   987 D QcConnectivityService: Captive portal check NetworkInfo: type: WIFI[], state: CONNECTING/CAPTIVE_PORTAL_CHECK, reason: (unspecified), extra: "AllieGO 5GHz", roaming: false, failover: false, isAvailable: true, isConnectedToProvisioningNetwork: false
03-03 13:55:26.001   922   987 D QcConnectivityService: handleCaptivePortalTrackerCheck: call captivePortalCheckComplete ni=NetworkInfo: type: WIFI[], state: CONNECTING/CAPTIVE_PORTAL_CHECK, reason: (unspecified), extra: "AllieGO 5GHz", roaming: false, failover: false, isAvailable: true, isConnectedToProvisioningNetwork: false
03-03 13:55:26.001   922   987 D QcConnectivityService: handleInetConditionChange: no active default network - ignore
03-03 13:55:26.021   922   987 E QcConnectivityService: Unexpected mtu value: android.net.wifi.WifiStateTracker@41945710
03-03 13:55:26.161   922   987 D Nat464Xlat: requiresClat: netType=1, hasIPv4Address=true
03-03 13:55:27.391   922   987 D QcConnectivityService: handleConnectivityChange: addresses changed linkProperty[1]: resetMask=0
03-03 13:55:27.391   922   987 D QcConnectivityService:    car=removed=[] added=[fe80::ce1b:e0ff:fe61:8a30/64,]
03-03 13:55:27.391   922   987 E QcConnectivityService: Exception while trying to add src route: java.lang.NullPointerException
03-03 13:55:27.391   922   987 D Nat464Xlat: requiresClat: netType=1, hasIPv4Address=true
03-03 13:55:39.181   922  1067 D QcConnectivityService: setProvNotificationVisible: E visible=false networkType=1 extraInfo=null url=null
03-03 13:55:39.681   922  1067 D QcConnectivityService: captivePortalCheckCompleted: ni=NetworkInfo: type: WIFI[], state: CONNECTED/CONNECTED, reason: (unspecified), extra: "AllieGO 5GHz", roaming: false, failover: false, isAvailable: true, isConnectedToProvisioningNetwork: false captive=false
03-03 14:00:13.971   922   987 D QcConnectivityService: Sampling interval elapsed, updating statistics ..
03-03 14:00:13.991   922   987 D QcConnectivityService: Done.
03-03 14:00:13.991   922   987 D QcConnectivityService: Setting timer for 720seconds
03-03 14:00:14.431   922   987 D QcConnectivityService: Captive portal check NetworkInfo: type: WIFI[], state: CONNECTING/CAPTIVE_PORTAL_CHECK, reason: (unspecified), extra: "AllieGO 5GHz", roaming: false, failover: false, isAvailable: true, isConnectedToProvisioningNetwork: false
03-03 14:00:14.431   922   987 D QcConnectivityService: handleCaptivePortalTrackerCheck: call captivePortalCheckComplete ni=NetworkInfo: type: WIFI[], state: CONNECTING/CAPTIVE_PORTAL_CHECK, reason: (unspecified), extra: "AllieGO 5GHz", roaming: false, failover: false, isAvailable: true, isConnectedToProvisioningNetwork: false
03-03 14:00:14.431   922   987 D QcConnectivityService: handleInetConditionChange: net=0 != default=1 - ignore
03-03 14:00:14.451   922   987 E QcConnectivityService: Unexpected mtu value: android.net.wifi.WifiStateTracker@41945710
03-03 14:00:14.461   922   987 D QcConnectivityService: handleConnectivityChange: address are the same reset per doReset linkProperty[1]: resetMask=0
03-03 14:00:14.461   922   987 D Nat464Xlat: requiresClat: netType=1, hasIPv4Address=true
03-03 14:01:05.031   922   946 W ProcessCpuTracker: Skipping unknown process pid 8879
03-03 14:05:02.861   922   987 D QcConnectivityService: Captive portal check NetworkInfo: type: WIFI[], state: CONNECTING/CAPTIVE_PORTAL_CHECK, reason: (unspecified), extra: "AllieGO 5GHz", roaming: false, failover: false, isAvailable: true, isConnectedToProvisioningNetwork: false
03-03 14:05:02.861   922   987 D QcConnectivityService: handleCaptivePortalTrackerCheck: call captivePortalCheckComplete ni=NetworkInfo: type: WIFI[], state: CONNECTING/CAPTIVE_PORTAL_CHECK, reason: (unspecified), extra: "AllieGO 5GHz", roaming: false, failover: false, isAvailable: true, isConnectedToProvisioningNetwork: false
03-03 14:05:02.861   922   987 D QcConnectivityService: handleInetConditionChange: net=0 != default=1 - ignore
03-03 14:05:02.891   922   987 E QcConnectivityService: Unexpected mtu value: android.net.wifi.WifiStateTracker@41945710
03-03 14:05:02.891   922   987 D QcConnectivityService: handleConnectivityChange: address are the same reset per doReset linkProperty[1]: resetMask=0
