03-03 15:36:47.721  1656  1656 D wpa_supplicant: nl80211: survey data missing!
03-03 15:36:49.101   215   215 V WLAN_PSA: NL MSG, len[048], NL type[0x11] WNI type[0x5050] len[028]
03-03 15:36:49.371   999   999 D StatusBar.NetworkController: refreshViews: Data not connected!! Set no data type icon / Roaming
03-03 15:36:49.371   999   999 D StatusBar.NetworkController: refreshViews connected={ wifi } level=0 combinedSignalIconId=0x7f0200a2/com.android.systemui:drawable/stat_sys_wifi_signal_2_fully mobileLabel= wifiLabel="AllieGO 5GHz"xxxxXXXXxxxxXXXX emergencyOnly=false combinedLabel="AllieGO 5GHz"xxxxXXXXxxxxXXXX mAirplaneMode=false mDataActivity=0 mPhoneSignalIconId=0x0 mQSPhoneSignalIconId=0x0 mDataDirectionIconId=0x0 mDataSignalIconId=0x0 mDataTypeIconId=0x0 mQSDataTypeIconId=0x0 mNoSimIconId=0x0 mWifiIconId=0x7f0200a2 mQSWifiIconId=0x7f02005a mBluetoothTetherIconId=0x10805cc
03-03 15:36:49.501  2042  2058 E QcrilMsgTunnelSocket: IOException - java.io.IOException: No such file or directory Reason: No such file or directory
03-03 15:36:49.511 17079 17079 D QSEECOMAPI: : QSEECom_get_handle sb_length = 0x2000
03-03 15:36:49.511 17079 17079 D QSEECOMAPI: : App is not loaded in QSEE
03-03 15:36:49.511 17079 17079 E QSEECOMAPI: : Error::Cannot open the file /vendor/firmware/keymaster/keymaster.mdt
03-03 15:36:49.511 17079 17079 E QSEECOMAPI: : Error::Loading image failed with ret = -1
03-03 15:36:49.521 17079 17079 D QSEECOMAPI: : QSEECom_get_handle sb_length = 0x2000
03-03 15:36:49.521 17079 17079 D QSEECOMAPI: : App is not loaded in QSEE
03-03 15:36:49.521 17079 17079 E QSEECOMAPI: : Error::Cannot open the file /firmware/image/keymaste.mdt
03-03 15:36:49.521 17079 17079 E QSEECOMAPI: : Error::Loading image failed with ret = -1
03-03 15:36:49.531 17079 17079 E QCOMKeyMaster: Loading keymaster app failied
03-03 15:36:49.531 17079 17079 E keystore: could not open keymaster device in keystore (Operation not permitted)
03-03 15:36:49.531 17079 17079 E keystore: keystore keymaster could not be initialized; exiting
03-03 15:36:50.371   999   999 D StatusBar.NetworkController: refreshViews: Data not connected!! Set no data type icon / Roaming
03-03 15:36:50.371   999   999 D StatusBar.NetworkController: refreshViews connected={ wifi } level=0 combinedSignalIconId=0x7f0200a2/com.android.systemui:drawable/stat_sys_wifi_signal_2_fully mobileLabel= wifiLabel="AllieGO 5GHz"xxxxXXXXxxxxXXXX emergencyOnly=false combinedLabel="AllieGO 5GHz"xxxxXXXXxxxxXXXX mAirplaneMode=false mDataActivity=0 mPhoneSignalIconId=0x0 mQSPhoneSignalIconId=0x0 mDataDirectionIconId=0x0 mDataSignalIconId=0x0 mDataTypeIconId=0x0 mQSDataTypeIconId=0x0 mNoSimIconId=0x0 mWifiIconId=0x7f0200a2 mQSWifiIconId=0x7f02005a mBluetoothTetherIconId=0x10805cc
03-03 15:36:50.721  1656  1656 D wpa_supplicant: RX ctrl_iface - hexdump(len=11): 53 49 47 4e 41 4c 5f 50 4f 4c 4c
03-03 15:36:50.721  1656  1656 D wpa_supplicant: wlan0: Control interface command 'SIGNAL_POLL'
03-03 15:36:50.731  1656  1656 D wpa_supplicant: nl80211: survey data missing!
03-03 15:36:51.371   999   999 D StatusBar.NetworkController: refreshViews: Data not connected!! Set no data type icon / Roaming
03-03 15:36:51.371   999   999 D StatusBar.NetworkController: refreshViews connected={ wifi } level=0 combinedSignalIconId=0x7f0200a2/com.android.systemui:drawable/stat_sys_wifi_signal_2_fully mobileLabel= wifiLabel="AllieGO 5GHz"xxxxXXXXxxxxXXXX emergencyOnly=false combinedLabel="AllieGO 5GHz"xxxxXXXXxxxxXXXX mAirplaneMode=false mDataActivity=0 mPhoneSignalIconId=0x0 mQSPhoneSignalIconId=0x0 mDataDirectionIconId=0x0 mDataSignalIconId=0x0 mDataTypeIconId=0x0 mQSDataTypeIconId=0x0 mNoSimIconId=0x0 mWifiIconId=0x7f0200a2 mQSWifiIconId=0x7f02005a mBluetoothTetherIconId=0x10805cc
03-03 15:36:52.381   999   999 D StatusBar.NetworkController: refreshViews: Data not connected!! Set no data type icon / Roaming
03-03 15:36:52.381   999   999 D StatusBar.NetworkController: refreshViews connected={ wifi } level=0 combinedSignalIconId=0x7f0200a2/com.android.systemui:drawable/stat_sys_wifi_signal_2_fully mobileLabel= wifiLabel="AllieGO 5GHz"xxxxXXXXxxxxXXXX emergencyOnly=false combinedLabel="AllieGO 5GHz"xxxxXXXXxxxxXXXX mAirplaneMode=false mDataActivity=0 mPhoneSignalIconId=0x0 mQSPhoneSignalIconId=0x0 mDataDirectionIconId=0x0 mDataSignalIconId=0x0 mDataTypeIconId=0x0 mQSDataTypeIconId=0x0 mNoSimIconId=0x0 mWifiIconId=0x7f0200a2 mQSWifiIconId=0x7f02005a mBluetoothTetherIconId=0x10805cc
03-03 15:36:53.381   999   999 D StatusBar.NetworkController: refreshViews: Data not connected!! Set no data type icon / Roaming
03-03 15:36:53.381   999   999 D StatusBar.NetworkController: refreshViews connected={ wifi } level=0 combinedSignalIconId=0x7f0200a2/com.android.systemui:drawable/stat_sys_wifi_signal_2_fully mobileLabel= wifiLabel="AllieGO 5GHz"xxxxXXXXxxxxXXXX emergencyOnly=false combinedLabel="AllieGO 5GHz"xxxxXXXXxxxxXXXX mAirplaneMode=false mDataActivity=0 mPhoneSignalIconId=0x0 mQSPhoneSignalIconId=0x0 mDataDirectionIconId=0x0 mDataSignalIconId=0x0 mDataTypeIconId=0x0 mQSDataTypeIconId=0x0 mNoSimIconId=0x0 mWifiIconId=0x7f0200a2 mQSWifiIconId=0x7f02005a mBluetoothTetherIconId=0x10805cc
03-03 15:36:53.511  2042  2058 E QcrilMsgTunnelSocket: IOException - java.io.IOException: No such file or directory Reason: No such file or directory
03-03 15:36:53.741  1656  1656 D wpa_supplicant: RX ctrl_iface - hexdump(len=11): 53 49 47 4e 41 4c 5f 50 4f 4c 4c
03-03 15:36:53.741  1656  1656 D wpa_supplicant: wlan0: Control interface command 'SIGNAL_POLL'
03-03 15:36:53.751  1656  1656 D wpa_supplicant: nl80211: survey data missing!
03-03 15:36:54.111   215   215 V WLAN_PSA: NL MSG, len[048], NL type[0x11] WNI type[0x5050] len[028]
03-03 15:36:54.561 17081 17081 D QSEECOMAPI: : QSEECom_get_handle sb_length = 0x2000
03-03 15:36:54.561 17081 17081 D QSEECOMAPI: : App is not loaded in QSEE
03-03 15:36:54.561 17081 17081 E QSEECOMAPI: : Error::Cannot open the file /vendor/firmware/keymaster/keymaster.mdt
03-03 15:36:54.561 17081 17081 E QSEECOMAPI: : Error::Loading image failed with ret = -1
03-03 15:36:54.571 17081 17081 D QSEECOMAPI: : QSEECom_get_handle sb_length = 0x2000
03-03 15:36:54.571 17081 17081 D QSEECOMAPI: : App is not loaded in QSEE
03-03 15:36:54.571 17081 17081 E QSEECOMAPI: : Error::Cannot open the file /firmware/image/keymaste.mdt
03-03 15:36:54.571 17081 17081 E QSEECOMAPI: : Error::Loading image failed with ret = -1
03-03 15:36:54.581 17081 17081 E QCOMKeyMaster: Loading keymaster app failied
03-03 15:36:54.581 17081 17081 E keystore: could not open keymaster device in keystore (Operation not permitted)
03-03 15:36:54.581 17081 17081 E keystore: keystore keymaster could not be initialized; exiting
03-03 15:36:55.391   999   999 D StatusBar.NetworkController: refreshViews: Data not connected!! Set no data type icon / Roaming
03-03 15:36:55.391   999   999 D StatusBar.NetworkController: refreshViews connected={ wifi } level=0 combinedSignalIconId=0x7f0200a2/com.android.systemui:drawable/stat_sys_wifi_signal_2_fully mobileLabel= wifiLabel="AllieGO 5GHz"xxxxXXXXxxxxXXXX emergencyOnly=false combinedLabel="AllieGO 5GHz"xxxxXXXXxxxxXXXX mAirplaneMode=false mDataActivity=0 mPhoneSignalIconId=0x0 mQSPhoneSignalIconId=0x0 mDataDirectionIconId=0x0 mDataSignalIconId=0x0 mDataTypeIconId=0x0 mQSDataTypeIconId=0x0 mNoSimIconId=0x0 mWifiIconId=0x7f0200a2 mQSWifiIconId=0x7f02005a mBluetoothTetherIconId=0x10805cc
03-03 15:36:56.391   999   999 D StatusBar.NetworkController: refreshViews: Data not connected!! Set no data type icon / Roaming
03-03 15:36:56.391   999   999 D StatusBar.NetworkController: refreshViews connected={ wifi } level=0 combinedSignalIconId=0x7f0200a2/com.android.systemui:drawable/stat_sys_wifi_signal_2_fully mobileLabel= wifiLabel="AllieGO 5GHz"xxxxXXXXxxxxXXXX emergencyOnly=false combinedLabel="AllieGO 5GHz"xxxxXXXXxxxxXXXX mAirplaneMode=false mDataActivity=0 mPhoneSignalIconId=0x0 mQSPhoneSignalIconId=0x0 mDataDirectionIconId=0x0 mDataSignalIconId=0x0 mDataTypeIconId=0x0 mQSDataTypeIconId=0x0 mNoSimIconId=0x0 mWifiIconId=0x7f0200a2 mQSWifiIconId=0x7f02005a mBluetoothTetherIconId=0x10805cc
03-03 15:36:56.751  1656  1656 D wpa_supplicant: RX ctrl_iface - hexdump(len=11): 53 49 47 4e 41 4c 5f 50 4f 4c 4c
03-03 15:36:56.751  1656  1656 D wpa_supplicant: wlan0: Control interface command 'SIGNAL_POLL'
03-03 15:36:56.771  1656  1656 D wpa_supplicant: nl80211: survey data missing!
03-03 15:36:57.501  2042  2058 E QcrilMsgTunnelSocket: IOException - java.io.IOException: No such file or directory Reason: No such file or directory
03-03 15:36:59.121   215   215 V WLAN_PSA: NL MSG, len[048], NL type[0x11] WNI type[0x5050] len[028]
03-03 15:36:59.401   999   999 D StatusBar.NetworkController: refreshViews: Data not connected!! Set no data type icon / Roaming
03-03 15:36:59.401   999   999 D StatusBar.NetworkController: refreshViews connected={ wifi } level=0 combinedSignalIconId=0x7f0200a2/com.android.systemui:drawable/stat_sys_wifi_signal_2_fully mobileLabel= wifiLabel="AllieGO 5GHz"xxxxXXXXxxxxXXXX emergencyOnly=false combinedLabel="AllieGO 5GHz"xxxxXXXXxxxxXXXX mAirplaneMode=false mDataActivity=0 mPhoneSignalIconId=0x0 mQSPhoneSignalIconId=0x0 mDataDirectionIconId=0x0 mDataSignalIconId=0x0 mDataTypeIconId=0x0 mQSDataTypeIconId=0x0 mNoSimIconId=0x0 mWifiIconId=0x7f0200a2 mQSWifiIconId=0x7f02005a mBluetoothTetherIconId=0x10805cc
03-03 15:36:59.621 17082 17082 D QSEECOMAPI: : QSEECom_get_handle sb_length = 0x2000
03-03 15:36:59.621 17082 17082 D QSEECOMAPI: : App is not loaded in QSEE
03-03 15:36:59.621 17082 17082 E QSEECOMAPI: : Error::Cannot open the file /vendor/firmware/keymaster/keymaster.mdt
03-03 15:36:59.621 17082 17082 E QSEECOMAPI: : Error::Loading image failed with ret = -1
03-03 15:36:59.621 17082 17082 D QSEECOMAPI: : QSEECom_get_handle sb_length = 0x2000
03-03 15:36:59.621 17082 17082 D QSEECOMAPI: : App is not loaded in QSEE
03-03 15:36:59.621 17082 17082 E QSEECOMAPI: : Error::Cannot open the file /firmware/image/keymaste.mdt
03-03 15:36:59.621 17082 17082 E QSEECOMAPI: : Error::Loading image failed with ret = -1
03-03 15:36:59.641 17082 17082 E QCOMKeyMaster: Loading keymaster app failied
03-03 15:36:59.641 17082 17082 E keystore: could not open keymaster device in keystore (Operation not permitted)
03-03 15:36:59.641 17082 17082 E keystore: keystore keymaster could not be initialized; exiting
03-03 15:36:59.771  1656  1656 D wpa_supplicant: RX ctrl_iface - hexdump(len=11): 53 49 47 4e 41 4c 5f 50 4f 4c 4c
03-03 15:36:59.771  1656  1656 D wpa_supplicant: wlan0: Control interface command 'SIGNAL_POLL'
03-03 15:36:59.781  1656  1656 D wpa_supplicant: nl80211: survey data missing!
03-03 15:37:00.401   999   999 D StatusBar.NetworkController: refreshViews: Data not connected!! Set no data type icon / Roaming
03-03 15:37:00.401   999   999 D StatusBar.NetworkController: refreshViews connected={ wifi } level=0 combinedSignalIconId=0x7f0200a2/com.android.systemui:drawable/stat_sys_wifi_signal_2_fully mobileLabel= wifiLabel="AllieGO 5GHz"xxxxXXXXxxxxXXXX emergencyOnly=false combinedLabel="AllieGO 5GHz"xxxxXXXXxxxxXXXX mAirplaneMode=false mDataActivity=0 mPhoneSignalIconId=0x0 mQSPhoneSignalIconId=0x0 mDataDirectionIconId=0x0 mDataSignalIconId=0x0 mDataTypeIconId=0x0 mQSDataTypeIconId=0x0 mNoSimIconId=0x0 mWifiIconId=0x7f0200a2 mQSWifiIconId=0x7f02005a mBluetoothTetherIconId=0x10805cc
03-03 15:37:01.411   999   999 D StatusBar.NetworkController: refreshViews: Data not connected!! Set no data type icon / Roaming
03-03 15:37:01.411   999   999 D StatusBar.NetworkController: refreshViews connected={ wifi } level=0 combinedSignalIconId=0x7f0200a2/com.android.systemui:drawable/stat_sys_wifi_signal_2_fully mobileLabel= wifiLabel="AllieGO 5GHz"xxxxXXXXxxxxXXXX emergencyOnly=false combinedLabel="AllieGO 5GHz"xxxxXXXXxxxxXXXX mAirplaneMode=false mDataActivity=0 mPhoneSignalIconId=0x0 mQSPhoneSignalIconId=0x0 mDataDirectionIconId=0x0 mDataSignalIconId=0x0 mDataTypeIconId=0x0 mQSDataTypeIconId=0x0 mNoSimIconId=0x0 mWifiIconId=0x7f0200a2 mQSWifiIconId=0x7f02005a mBluetoothTetherIconId=0x10805cc
03-03 15:37:01.511  2042  2058 E QcrilMsgTunnelSocket: IOException - java.io.IOException: No such file or directory Reason: No such file or directory
03-03 15:37:02.411   999   999 D StatusBar.NetworkController: refreshViews: Data not connected!! Set no data type icon / Roaming
03-03 15:37:02.411   999   999 D StatusBar.NetworkController: refreshViews connected={ wifi } level=0 combinedSignalIconId=0x7f0200a2/com.android.systemui:drawable/stat_sys_wifi_signal_2_fully mobileLabel= wifiLabel="AllieGO 5GHz"xxxxXXXXxxxxXXXX emergencyOnly=false combinedLabel="AllieGO 5GHz"xxxxXXXXxxxxXXXX mAirplaneMode=false mDataActivity=0 mPhoneSignalIconId=0x0 mQSPhoneSignalIconId=0x0 mDataDirectionIconId=0x0 mDataSignalIconId=0x0 mDataTypeIconId=0x0 mQSDataTypeIconId=0x0 mNoSimIconId=0x0 mWifiIconId=0x7f0200a2 mQSWifiIconId=0x7f02005a mBluetoothTetherIconId=0x10805cc
03-03 15:37:02.781  1656  1656 D wpa_supplicant: RX ctrl_iface - hexdump(len=11): 53 49 47 4e 41 4c 5f 50 4f 4c 4c
03-03 15:37:02.781  1656  1656 D wpa_supplicant: wlan0: Control interface command 'SIGNAL_POLL'
03-03 15:37:02.791  1656  1656 D wpa_supplicant: nl80211: survey data missing!
03-03 15:37:03.411   999   999 D StatusBar.NetworkController: refreshViews: Data not connected!! Set no data type icon / Roaming
03-03 15:37:03.411   999   999 D StatusBar.NetworkController: refreshViews connected={ wifi } level=0 combinedSignalIconId=0x7f0200a2/com.android.systemui:drawable/stat_sys_wifi_signal_2_fully mobileLabel= wifiLabel="AllieGO 5GHz"xxxxXXXXxxxxXXXX emergencyOnly=false combinedLabel="AllieGO 5GHz"xxxxXXXXxxxxXXXX mAirplaneMode=false mDataActivity=0 mPhoneSignalIconId=0x0 mQSPhoneSignalIconId=0x0 mDataDirectionIconId=0x0 mDataSignalIconId=0x0 mDataTypeIconId=0x0 mQSDataTypeIconId=0x0 mNoSimIconId=0x0 mWifiIconId=0x7f0200a2 mQSWifiIconId=0x7f02005a mBluetoothTetherIconId=0x10805cc
03-03 15:37:04.131   215   215 V WLAN_PSA: NL MSG, len[048], NL type[0x11] WNI type[0x5050] len[028]
03-03 15:37:04.421   999   999 D StatusBar.NetworkController: refreshViews: Data not connected!! Set no data type icon / Roaming
03-03 15:37:04.421   999   999 D StatusBar.NetworkController: refreshViews connected={ wifi } level=0 combinedSignalIconId=0x7f0200a2/com.android.systemui:drawable/stat_sys_wifi_signal_2_fully mobileLabel= wifiLabel="AllieGO 5GHz"xxxxXXXXxxxxXXXX emergencyOnly=false combinedLabel="AllieGO 5GHz"xxxxXXXXxxxxXXXX mAirplaneMode=false mDataActivity=0 mPhoneSignalIconId=0x0 mQSPhoneSignalIconId=0x0 mDataDirectionIconId=0x0 mDataSignalIconId=0x0 mDataTypeIconId=0x0 mQSDataTypeIconId=0x0 mNoSimIconId=0x0 mWifiIconId=0x7f0200a2 mQSWifiIconId=0x7f02005a mBluetoothTetherIconId=0x10805cc
03-03 15:37:04.671 17084 17084 D QSEECOMAPI: : QSEECom_get_handle sb_length = 0x2000
03-03 15:37:04.671 17084 17084 D QSEECOMAPI: : App is not loaded in QSEE
03-03 15:37:04.671 17084 17084 E QSEECOMAPI: : Error::Cannot open the file /vendor/firmware/keymaster/keymaster.mdt
03-03 15:37:04.671 17084 17084 E QSEECOMAPI: : Error::Loading image failed with ret = -1
03-03 15:37:04.681 17084 17084 D QSEECOMAPI: : QSEECom_get_handle sb_length = 0x2000
03-03 15:37:04.681 17084 17084 D QSEECOMAPI: : App is not loaded in QSEE
03-03 15:37:04.681 17084 17084 E QSEECOMAPI: : Error::Cannot open the file /firmware/image/keymaste.mdt
03-03 15:37:04.681 17084 17084 E QSEECOMAPI: : Error::Loading image failed with ret = -1
03-03 15:37:04.691 17084 17084 E QCOMKeyMaster: Loading keymaster app failied
03-03 15:37:04.691 17084 17084 E keystore: could not open keymaster device in keystore (Operation not permitted)
03-03 15:37:04.691 17084 17084 E keystore: keystore keymaster could not be initialized; exiting
03-03 15:37:05.421   999   999 D StatusBar.NetworkController: refreshViews: Data not connected!! Set no data type icon / Roaming
03-03 15:37:05.421   999   999 D StatusBar.NetworkController: refreshViews connected={ wifi } level=0 combinedSignalIconId=0x7f0200a2/com.android.systemui:drawable/stat_sys_wifi_signal_2_fully mobileLabel= wifiLabel="AllieGO 5GHz"xxxxXXXXxxxxXXXX emergencyOnly=false combinedLabel="AllieGO 5GHz"xxxxXXXXxxxxXXXX mAirplaneMode=false mDataActivity=0 mPhoneSignalIconId=0x0 mQSPhoneSignalIconId=0x0 mDataDirectionIconId=0x0 mDataSignalIconId=0x0 mDataTypeIconId=0x0 mQSDataTypeIconId=0x0 mNoSimIconId=0x0 mWifiIconId=0x7f0200a2 mQSWifiIconId=0x7f02005a mBluetoothTetherIconId=0x10805cc
03-03 15:37:05.511  2042  2058 E QcrilMsgTunnelSocket: IOException - java.io.IOException: No such file or directory Reason: No such file or directory
03-03 15:37:05.801  1656  1656 D wpa_supplicant: RX ctrl_iface - hexdump(len=11): 53 49 47 4e 41 4c 5f 50 4f 4c 4c
03-03 15:37:05.801  1656  1656 D wpa_supplicant: wlan0: Control interface command 'SIGNAL_POLL'
03-03 15:37:05.811  1656  1656 D wpa_supplicant: nl80211: survey data missing!
03-03 15:37:08.811  1656  1656 D wpa_supplicant: RX ctrl_iface - hexdump(len=11): 53 49 47 4e 41 4c 5f 50 4f 4c 4c
03-03 15:37:08.811  1656  1656 D wpa_supplicant: wlan0: Control interface command 'SIGNAL_POLL'
03-03 15:37:08.831  1656  1656 D wpa_supplicant: nl80211: survey data missing!
03-03 15:37:09.141   215   215 V WLAN_PSA: NL MSG, len[048], NL type[0x11] WNI type[0x5050] len[028]
03-03 15:37:09.511  2042  2058 E QcrilMsgTunnelSocket: IOException - java.io.IOException: No such file or directory Reason: No such file or directory
03-03 15:37:09.721 17085 17085 D QSEECOMAPI: : QSEECom_get_handle sb_length = 0x2000
03-03 15:37:09.721 17085 17085 D QSEECOMAPI: : App is not loaded in QSEE
03-03 15:37:09.721 17085 17085 E QSEECOMAPI: : Error::Cannot open the file /vendor/firmware/keymaster/keymaster.mdt
03-03 15:37:09.721 17085 17085 E QSEECOMAPI: : Error::Loading image failed with ret = -1
03-03 15:37:09.731 17085 17085 D QSEECOMAPI: : QSEECom_get_handle sb_length = 0x2000
03-03 15:37:09.731 17085 17085 D QSEECOMAPI: : App is not loaded in QSEE
03-03 15:37:09.731 17085 17085 E QSEECOMAPI: : Error::Cannot open the file /firmware/image/keymaste.mdt
03-03 15:37:09.731 17085 17085 E QSEECOMAPI: : Error::Loading image failed with ret = -1
03-03 15:37:09.741 17085 17085 E QCOMKeyMaster: Loading keymaster app failied
03-03 15:37:09.741 17085 17085 E keystore: could not open keymaster device in keystore (Operation not permitted)
03-03 15:37:09.741 17085 17085 E keystore: keystore keymaster could not be initialized; exiting
03-03 15:37:11.831  1656  1656 D wpa_supplicant: RX ctrl_iface - hexdump(len=11): 53 49 47 4e 41 4c 5f 50 4f 4c 4c
03-03 15:37:11.831  1656  1656 D wpa_supplicant: wlan0: Control interface command 'SIGNAL_POLL'
03-03 15:37:11.841  1656  1656 D wpa_supplicant: nl80211: survey data missing!
03-03 15:37:13.511  2042  2058 E QcrilMsgTunnelSocket: IOException - java.io.IOException: No such file or directory Reason: No such file or directory
03-03 15:37:14.151   215   215 V WLAN_PSA: NL MSG, len[048], NL type[0x11] WNI type[0x5050] len[028]
03-03 15:37:14.441   999   999 D StatusBar.NetworkController: refreshViews: Data not connected!! Set no data type icon / Roaming
03-03 15:37:14.441   999   999 D StatusBar.NetworkController: refreshViews connected={ wifi } level=0 combinedSignalIconId=0x7f0200a2/com.android.systemui:drawable/stat_sys_wifi_signal_2_fully mobileLabel= wifiLabel="AllieGO 5GHz"xxxxXXXXxxxxXXXX emergencyOnly=false combinedLabel="AllieGO 5GHz"xxxxXXXXxxxxXXXX mAirplaneMode=false mDataActivity=0 mPhoneSignalIconId=0x0 mQSPhoneSignalIconId=0x0 mDataDirectionIconId=0x0 mDataSignalIconId=0x0 mDataTypeIconId=0x0 mQSDataTypeIconId=0x0 mNoSimIconId=0x0 mWifiIconId=0x7f0200a2 mQSWifiIconId=0x7f02005a mBluetoothTetherIconId=0x10805cc
03-03 15:37:14.771 17087 17087 D QSEECOMAPI: : QSEECom_get_handle sb_length = 0x2000
03-03 15:37:14.771 17087 17087 D QSEECOMAPI: : App is not loaded in QSEE
03-03 15:37:14.771 17087 17087 E QSEECOMAPI: : Error::Cannot open the file /vendor/firmware/keymaster/keymaster.mdt
03-03 15:37:14.771 17087 17087 E QSEECOMAPI: : Error::Loading image failed with ret = -1
03-03 15:37:14.781 17087 17087 D QSEECOMAPI: : QSEECom_get_handle sb_length = 0x2000
03-03 15:37:14.781 17087 17087 D QSEECOMAPI: : App is not loaded in QSEE
03-03 15:37:14.781 17087 17087 E QSEECOMAPI: : Error::Cannot open the file /firmware/image/keymaste.mdt
03-03 15:37:14.781 17087 17087 E QSEECOMAPI: : Error::Loading image failed with ret = -1
03-03 15:37:14.791 17087 17087 E QCOMKeyMaster: Loading keymaster app failied
03-03 15:37:14.791 17087 17087 E keystore: could not open keymaster device in keystore (Operation not permitted)
03-03 15:37:14.791 17087 17087 E keystore: keystore keymaster could not be initialized; exiting
03-03 15:37:14.841  1656  1656 D wpa_supplicant: RX ctrl_iface - hexdump(len=11): 53 49 47 4e 41 4c 5f 50 4f 4c 4c
03-03 15:37:14.841  1656  1656 D wpa_supplicant: wlan0: Control interface command 'SIGNAL_POLL'
03-03 15:37:14.851  1656  1656 D wpa_supplicant: nl80211: survey data missing!
03-03 15:37:16.451   999   999 D StatusBar.NetworkController: refreshViews: Data not connected!! Set no data type icon / Roaming
03-03 15:37:16.451   999   999 D StatusBar.NetworkController: refreshViews connected={ wifi } level=0 combinedSignalIconId=0x7f0200a2/com.android.systemui:drawable/stat_sys_wifi_signal_2_fully mobileLabel= wifiLabel="AllieGO 5GHz"xxxxXXXXxxxxXXXX emergencyOnly=false combinedLabel="AllieGO 5GHz"xxxxXXXXxxxxXXXX mAirplaneMode=false mDataActivity=0 mPhoneSignalIconId=0x0 mQSPhoneSignalIconId=0x0 mDataDirectionIconId=0x0 mDataSignalIconId=0x0 mDataTypeIconId=0x0 mQSDataTypeIconId=0x0 mNoSimIconId=0x0 mWifiIconId=0x7f0200a2 mQSWifiIconId=0x7f02005a mBluetoothTetherIconId=0x10805cc
03-03 15:37:17.451   999   999 D StatusBar.NetworkController: refreshViews: Data not connected!! Set no data type icon / Roaming
03-03 15:37:17.451   999   999 D StatusBar.NetworkController: refreshViews connected={ wifi } level=0 combinedSignalIconId=0x7f0200a2/com.android.systemui:drawable/stat_sys_wifi_signal_2_fully mobileLabel= wifiLabel="AllieGO 5GHz"xxxxXXXXxxxxXXXX emergencyOnly=false combinedLabel="AllieGO 5GHz"xxxxXXXXxxxxXXXX mAirplaneMode=false mDataActivity=0 mPhoneSignalIconId=0x0 mQSPhoneSignalIconId=0x0 mDataDirectionIconId=0x0 mDataSignalIconId=0x0 mDataTypeIconId=0x0 mQSDataTypeIconId=0x0 mNoSimIconId=0x0 mWifiIconId=0x7f0200a2 mQSWifiIconId=0x7f02005a mBluetoothTetherIconId=0x10805cc
03-03 15:37:17.511  2042  2058 E QcrilMsgTunnelSocket: IOException - java.io.IOException: No such file or directory Reason: No such file or directory
03-03 15:37:17.861  1656  1656 D wpa_supplicant: RX ctrl_iface - hexdump(len=11): 53 49 47 4e 41 4c 5f 50 4f 4c 4c
03-03 15:37:17.861  1656  1656 D wpa_supplicant: wlan0: Control interface command 'SIGNAL_POLL'
03-03 15:37:17.871  1656  1656 D wpa_supplicant: nl80211: survey data missing!
03-03 15:37:18.461   999   999 D StatusBar.NetworkController: refreshViews: Data not connected!! Set no data type icon / Roaming
03-03 15:37:18.461   999   999 D StatusBar.NetworkController: refreshViews connected={ wifi } level=0 combinedSignalIconId=0x7f0200a2/com.android.systemui:drawable/stat_sys_wifi_signal_2_fully mobileLabel= wifiLabel="AllieGO 5GHz"xxxxXXXXxxxxXXXX emergencyOnly=false combinedLabel="AllieGO 5GHz"xxxxXXXXxxxxXXXX mAirplaneMode=false mDataActivity=0 mPhoneSignalIconId=0x0 mQSPhoneSignalIconId=0x0 mDataDirectionIconId=0x0 mDataSignalIconId=0x0 mDataTypeIconId=0x0 mQSDataTypeIconId=0x0 mNoSimIconId=0x0 mWifiIconId=0x7f0200a2 mQSWifiIconId=0x7f02005a mBluetoothTetherIconId=0x10805cc
03-03 15:37:19.161   215   215 V WLAN_PSA: NL MSG, len[048], NL type[0x11] WNI type[0x5050] len[028]
03-03 15:37:19.461   999   999 D StatusBar.NetworkController: refreshViews: Data not connected!! Set no data type icon / Roaming
03-03 15:37:19.461   999   999 D StatusBar.NetworkController: refreshViews connected={ wifi } level=0 combinedSignalIconId=0x7f0200a2/com.android.systemui:drawable/stat_sys_wifi_signal_2_fully mobileLabel= wifiLabel="AllieGO 5GHz"xxxxXXXXxxxxXXXX emergencyOnly=false combinedLabel="AllieGO 5GHz"xxxxXXXXxxxxXXXX mAirplaneMode=false mDataActivity=0 mPhoneSignalIconId=0x0 mQSPhoneSignalIconId=0x0 mDataDirectionIconId=0x0 mDataSignalIconId=0x0 mDataTypeIconId=0x0 mQSDataTypeIconId=0x0 mNoSimIconId=0x0 mWifiIconId=0x7f0200a2 mQSWifiIconId=0x7f02005a mBluetoothTetherIconId=0x10805cc
03-03 15:37:19.821 17088 17088 D QSEECOMAPI: : QSEECom_get_handle sb_length = 0x2000
03-03 15:37:19.821 17088 17088 D QSEECOMAPI: : App is not loaded in QSEE
03-03 15:37:19.821 17088 17088 E QSEECOMAPI: : Error::Cannot open the file /vendor/firmware/keymaster/keymaster.mdt
03-03 15:37:19.821 17088 17088 E QSEECOMAPI: : Error::Loading image failed with ret = -1
03-03 15:37:19.831 17088 17088 D QSEECOMAPI: : QSEECom_get_handle sb_length = 0x2000
03-03 15:37:19.831 17088 17088 D QSEECOMAPI: : App is not loaded in QSEE
03-03 15:37:19.831 17088 17088 E QSEECOMAPI: : Error::Cannot open the file /firmware/image/keymaste.mdt
03-03 15:37:19.831 17088 17088 E QSEECOMAPI: : Error::Loading image failed with ret = -1
03-03 15:37:19.841 17088 17088 E QCOMKeyMaster: Loading keymaster app failied
03-03 15:37:19.841 17088 17088 E keystore: could not open keymaster device in keystore (Operation not permitted)
03-03 15:37:19.841 17088 17088 E keystore: keystore keymaster could not be initialized; exiting
03-03 15:37:20.881  1656  1656 D wpa_supplicant: RX ctrl_iface - hexdump(len=11): 53 49 47 4e 41 4c 5f 50 4f 4c 4c
03-03 15:37:20.881  1656  1656 D wpa_supplicant: wlan0: Control interface command 'SIGNAL_POLL'
03-03 15:37:20.881  1656  1656 D wpa_supplicant: nl80211: survey data missing!
03-03 15:37:21.461   999   999 D StatusBar.NetworkController: refreshViews: Data not connected!! Set no data type icon / Roaming
03-03 15:37:21.461   999   999 D StatusBar.NetworkController: refreshViews connected={ wifi } level=0 combinedSignalIconId=0x7f0200a2/com.android.systemui:drawable/stat_sys_wifi_signal_2_fully mobileLabel= wifiLabel="AllieGO 5GHz"xxxxXXXXxxxxXXXX emergencyOnly=false combinedLabel="AllieGO 5GHz"xxxxXXXXxxxxXXXX mAirplaneMode=false mDataActivity=0 mPhoneSignalIconId=0x0 mQSPhoneSignalIconId=0x0 mDataDirectionIconId=0x0 mDataSignalIconId=0x0 mDataTypeIconId=0x0 mQSDataTypeIconId=0x0 mNoSimIconId=0x0 mWifiIconId=0x7f0200a2 mQSWifiIconId=0x7f02005a mBluetoothTetherIconId=0x10805cc
03-03 15:37:21.511  2042  2058 E QcrilMsgTunnelSocket: IOException - java.io.IOException: No such file or directory Reason: No such file or directory
03-03 15:37:22.471   999   999 D StatusBar.NetworkController: refreshViews: Data not connected!! Set no data type icon / Roaming
03-03 15:37:22.471   999   999 D StatusBar.NetworkController: refreshViews connected={ wifi } level=0 combinedSignalIconId=0x7f0200a2/com.android.systemui:drawable/stat_sys_wifi_signal_2_fully mobileLabel= wifiLabel="AllieGO 5GHz"xxxxXXXXxxxxXXXX emergencyOnly=false combinedLabel="AllieGO 5GHz"xxxxXXXXxxxxXXXX mAirplaneMode=false mDataActivity=0 mPhoneSignalIconId=0x0 mQSPhoneSignalIconId=0x0 mDataDirectionIconId=0x0 mDataSignalIconId=0x0 mDataTypeIconId=0x0 mQSDataTypeIconId=0x0 mNoSimIconId=0x0 mWifiIconId=0x7f0200a2 mQSWifiIconId=0x7f02005a mBluetoothTetherIconId=0x10805cc
03-03 15:37:23.891  1656  1656 D wpa_supplicant: RX ctrl_iface - hexdump(len=11): 53 49 47 4e 41 4c 5f 50 4f 4c 4c
03-03 15:37:23.891  1656  1656 D wpa_supplicant: wlan0: Control interface command 'SIGNAL_POLL'
03-03 15:37:23.901  1656  1656 D wpa_supplicant: nl80211: survey data missing!
03-03 15:37:24.081  1656  1656 D wpa_supplicant: p2p0: BSS: Remove id 827 BSSID 24:a4:3c:1a:e9:90 SSID '1502' due to wpa_bss_flush_by_age
03-03 15:37:24.081  1656  1656 D wpa_supplicant: CTRL_IFACE monitor send - hexdump(len=39): 2f 64 61 74 61 2f 6d 69 73 63 2f 77 69 66 69 2f 73 6f 63 6b 65 74 73 2f 77 70 61 5f 63 74 72 6c ...
03-03 15:37:24.081  1656  1656 D wpa_supplicant: p2p0: BSS: Remove id 828 BSSID d4:bf:7f:50:25:d2 SSID 'max-test 5G' due to wpa_bss_flush_by_age
03-03 15:37:24.081  1656  1656 D wpa_supplicant: CTRL_IFACE monitor send - hexdump(len=39): 2f 64 61 74 61 2f 6d 69 73 63 2f 77 69 66 69 2f 73 6f 63 6b 65 74 73 2f 77 70 61 5f 63 74 72 6c ...
03-03 15:37:24.171   215   215 V WLAN_PSA: NL MSG, len[048], NL type[0x11] WNI type[0x5050] len[028]
03-03 15:37:24.871 17090 17090 D QSEECOMAPI: : QSEECom_get_handle sb_length = 0x2000
03-03 15:37:24.871 17090 17090 D QSEECOMAPI: : App is not loaded in QSEE
03-03 15:37:24.871 17090 17090 E QSEECOMAPI: : Error::Cannot open the file /vendor/firmware/keymaster/keymaster.mdt
03-03 15:37:24.871 17090 17090 E QSEECOMAPI: : Error::Loading image failed with ret = -1
03-03 15:37:24.891 17090 17090 D QSEECOMAPI: : QSEECom_get_handle sb_length = 0x2000
03-03 15:37:24.891 17090 17090 D QSEECOMAPI: : App is not loaded in QSEE
03-03 15:37:24.891 17090 17090 E QSEECOMAPI: : Error::Cannot open the file /firmware/image/keymaste.mdt
03-03 15:37:24.891 17090 17090 E QSEECOMAPI: : Error::Loading image failed with ret = -1
03-03 15:37:24.891 17090 17090 E QCOMKeyMaster: Loading keymaster app failied
03-03 15:37:24.891 17090 17090 E keystore: could not open keymaster device in keystore (Operation not permitted)
03-03 15:37:24.891 17090 17090 E keystore: keystore keymaster could not be initialized; exiting
03-03 15:37:25.511  2042  2058 E QcrilMsgTunnelSocket: IOException - java.io.IOException: No such file or directory Reason: No such file or directory
03-03 15:37:26.901  1656  1656 D wpa_supplicant: RX ctrl_iface - hexdump(len=11): 53 49 47 4e 41 4c 5f 50 4f 4c 4c
03-03 15:37:26.901  1656  1656 D wpa_supplicant: wlan0: Control interface command 'SIGNAL_POLL'
03-03 15:37:26.911  1656  1656 D wpa_supplicant: nl80211: survey data missing!
03-03 15:37:29.181   215   215 V WLAN_PSA: NL MSG, len[048], NL type[0x11] WNI type[0x5050] len[028]
03-03 15:37:29.481   999   999 D StatusBar.NetworkController: refreshViews: Data not connected!! Set no data type icon / Roaming
03-03 15:37:29.481   999   999 D StatusBar.NetworkController: refreshViews connected={ wifi } level=0 combinedSignalIconId=0x7f0200a2/com.android.systemui:drawable/stat_sys_wifi_signal_2_fully mobileLabel= wifiLabel="AllieGO 5GHz"xxxxXXXXxxxxXXXX emergencyOnly=false combinedLabel="AllieGO 5GHz"xxxxXXXXxxxxXXXX mAirplaneMode=false mDataActivity=0 mPhoneSignalIconId=0x0 mQSPhoneSignalIconId=0x0 mDataDirectionIconId=0x0 mDataSignalIconId=0x0 mDataTypeIconId=0x0 mQSDataTypeIconId=0x0 mNoSimIconId=0x0 mWifiIconId=0x7f0200a2 mQSWifiIconId=0x7f02005a mBluetoothTetherIconId=0x10805cc
03-03 15:37:29.511  2042  2058 E QcrilMsgTunnelSocket: IOException - java.io.IOException: No such file or directory Reason: No such file or directory
03-03 15:37:29.921  1656  1656 D wpa_supplicant: RX ctrl_iface - hexdump(len=11): 53 49 47 4e 41 4c 5f 50 4f 4c 4c
03-03 15:37:29.921  1656  1656 D wpa_supplicant: wlan0: Control interface command 'SIGNAL_POLL'
03-03 15:37:29.931 17091 17091 D QSEECOMAPI: : QSEECom_get_handle sb_length = 0x2000
03-03 15:37:29.931 17091 17091 D QSEECOMAPI: : App is not loaded in QSEE
03-03 15:37:29.931 17091 17091 E QSEECOMAPI: : Error::Cannot open the file /vendor/firmware/keymaster/keymaster.mdt
03-03 15:37:29.931 17091 17091 E QSEECOMAPI: : Error::Loading image failed with ret = -1
03-03 15:37:29.931  1656  1656 D wpa_supplicant: nl80211: survey data missing!
03-03 15:37:29.931 17091 17091 D QSEECOMAPI: : QSEECom_get_handle sb_length = 0x2000
03-03 15:37:29.931 17091 17091 D QSEECOMAPI: : App is not loaded in QSEE
03-03 15:37:29.931 17091 17091 E QSEECOMAPI: : Error::Cannot open the file /firmware/image/keymaste.mdt
03-03 15:37:29.931 17091 17091 E QSEECOMAPI: : Error::Loading image failed with ret = -1
03-03 15:37:29.941 17091 17091 E QCOMKeyMaster: Loading keymaster app failied
03-03 15:37:29.941 17091 17091 E keystore: could not open keymaster device in keystore (Operation not permitted)
03-03 15:37:29.941 17091 17091 E keystore: keystore keymaster could not be initialized; exiting
03-03 15:37:31.491   999   999 D StatusBar.NetworkController: refreshViews: Data not connected!! Set no data type icon / Roaming
03-03 15:37:31.491   999   999 D StatusBar.NetworkController: refreshViews connected={ wifi } level=0 combinedSignalIconId=0x7f0200a2/com.android.systemui:drawable/stat_sys_wifi_signal_2_fully mobileLabel= wifiLabel="AllieGO 5GHz"xxxxXXXXxxxxXXXX emergencyOnly=false combinedLabel="AllieGO 5GHz"xxxxXXXXxxxxXXXX mAirplaneMode=false mDataActivity=0 mPhoneSignalIconId=0x0 mQSPhoneSignalIconId=0x0 mDataDirectionIconId=0x0 mDataSignalIconId=0x0 mDataTypeIconId=0x0 mQSDataTypeIconId=0x0 mNoSimIconId=0x0 mWifiIconId=0x7f0200a2 mQSWifiIconId=0x7f02005a mBluetoothTetherIconId=0x10805cc
03-03 15:37:32.941  1656  1656 D wpa_supplicant: RX ctrl_iface - hexdump(len=11): 53 49 47 4e 41 4c 5f 50 4f 4c 4c
03-03 15:37:32.941  1656  1656 D wpa_supplicant: wlan0: Control interface command 'SIGNAL_POLL'
03-03 15:37:32.941  1656  1656 D wpa_supplicant: nl80211: survey data missing!
03-03 15:37:33.491   999   999 D StatusBar.NetworkController: refreshViews: Data not connected!! Set no data type icon / Roaming
03-03 15:37:33.491   999   999 D StatusBar.NetworkController: refreshViews connected={ wifi } level=0 combinedSignalIconId=0x7f0200a2/com.android.systemui:drawable/stat_sys_wifi_signal_2_fully mobileLabel= wifiLabel="AllieGO 5GHz"xxxxXXXXxxxxXXXX emergencyOnly=false combinedLabel="AllieGO 5GHz"xxxxXXXXxxxxXXXX mAirplaneMode=false mDataActivity=0 mPhoneSignalIconId=0x0 mQSPhoneSignalIconId=0x0 mDataDirectionIconId=0x0 mDataSignalIconId=0x0 mDataTypeIconId=0x0 mQSDataTypeIconId=0x0 mNoSimIconId=0x0 mWifiIconId=0x7f0200a2 mQSWifiIconId=0x7f02005a mBluetoothTetherIconId=0x10805cc
03-03 15:37:33.511  2042  2058 E QcrilMsgTunnelSocket: IOException - java.io.IOException: No such file or directory Reason: No such file or directory
03-03 15:37:34.191   215   215 V WLAN_PSA: NL MSG, len[048], NL type[0x11] WNI type[0x5050] len[028]
03-03 15:37:34.321   922   987 D ConnectivityServiceHSM: Actual State: DefaultConnectivityState, Current State: DefaultConnectivityState.processMessage what=108
03-03 15:37:34.501   999   999 D StatusBar.NetworkController: refreshViews: Data not connected!! Set no data type icon / Roaming
03-03 15:37:34.501   999   999 D StatusBar.NetworkController: refreshViews connected={ wifi } level=0 combinedSignalIconId=0x7f0200a2/com.android.systemui:drawable/stat_sys_wifi_signal_2_fully mobileLabel= wifiLabel="AllieGO 5GHz"xxxxXXXXxxxxXXXX emergencyOnly=false combinedLabel="AllieGO 5GHz"xxxxXXXXxxxxXXXX mAirplaneMode=false mDataActivity=0 mPhoneSignalIconId=0x0 mQSPhoneSignalIconId=0x0 mDataDirectionIconId=0x0 mDataSignalIconId=0x0 mDataTypeIconId=0x0 mQSDataTypeIconId=0x0 mNoSimIconId=0x0 mWifiIconId=0x7f0200a2 mQSWifiIconId=0x7f02005a mBluetoothTetherIconId=0x10805cc
03-03 15:37:34.981 17093 17093 D QSEECOMAPI: : QSEECom_get_handle sb_length = 0x2000
03-03 15:37:34.981 17093 17093 D QSEECOMAPI: : App is not loaded in QSEE
03-03 15:37:34.981 17093 17093 E QSEECOMAPI: : Error::Cannot open the file /vendor/firmware/keymaster/keymaster.mdt
03-03 15:37:34.981 17093 17093 E QSEECOMAPI: : Error::Loading image failed with ret = -1
03-03 15:37:34.991 17093 17093 D QSEECOMAPI: : QSEECom_get_handle sb_length = 0x2000
03-03 15:37:34.991 17093 17093 D QSEECOMAPI: : App is not loaded in QSEE
03-03 15:37:34.991 17093 17093 E QSEECOMAPI: : Error::Cannot open the file /firmware/image/keymaste.mdt
03-03 15:37:34.991 17093 17093 E QSEECOMAPI: : Error::Loading image failed with ret = -1
03-03 15:37:35.001 17093 17093 E QCOMKeyMaster: Loading keymaster app failied
03-03 15:37:35.001 17093 17093 E keystore: could not open keymaster device in keystore (Operation not permitted)
03-03 15:37:35.001 17093 17093 E keystore: keystore keymaster could not be initialized; exiting
03-03 15:37:35.501   999   999 D StatusBar.NetworkController: refreshViews: Data not connected!! Set no data type icon / Roaming
03-03 15:37:35.501   999   999 D StatusBar.NetworkController: refreshViews connected={ wifi } level=0 combinedSignalIconId=0x7f0200a2/com.android.systemui:drawable/stat_sys_wifi_signal_2_fully mobileLabel= wifiLabel="AllieGO 5GHz"xxxxXXXXxxxxXXXX emergencyOnly=false combinedLabel="AllieGO 5GHz"xxxxXXXXxxxxXXXX mAirplaneMode=false mDataActivity=0 mPhoneSignalIconId=0x0 mQSPhoneSignalIconId=0x0 mDataDirectionIconId=0x0 mDataSignalIconId=0x0 mDataTypeIconId=0x0 mQSDataTypeIconId=0x0 mNoSimIconId=0x0 mWifiIconId=0x7f0200a2 mQSWifiIconId=0x7f02005a mBluetoothTetherIconId=0x10805cc
03-03 15:37:35.951  1656  1656 D wpa_supplicant: RX ctrl_iface - hexdump(len=11): 53 49 47 4e 41 4c 5f 50 4f 4c 4c
03-03 15:37:35.951  1656  1656 D wpa_supplicant: wlan0: Control interface command 'SIGNAL_POLL'
03-03 15:37:35.961  1656  1656 D wpa_supplicant: nl80211: survey data missing!
03-03 15:37:36.511   999   999 D StatusBar.NetworkController: refreshViews: Data not connected!! Set no data type icon / Roaming
03-03 15:37:36.511   999   999 D StatusBar.NetworkController: refreshViews connected={ wifi } level=0 combinedSignalIconId=0x7f0200a2/com.android.systemui:drawable/stat_sys_wifi_signal_2_fully mobileLabel= wifiLabel="AllieGO 5GHz"xxxxXXXXxxxxXXXX emergencyOnly=false combinedLabel="AllieGO 5GHz"xxxxXXXXxxxxXXXX mAirplaneMode=false mDataActivity=0 mPhoneSignalIconId=0x0 mQSPhoneSignalIconId=0x0 mDataDirectionIconId=0x0 mDataSignalIconId=0x0 mDataTypeIconId=0x0 mQSDataTypeIconId=0x0 mNoSimIconId=0x0 mWifiIconId=0x7f0200a2 mQSWifiIconId=0x7f02005a mBluetoothTetherIconId=0x10805cc
03-03 15:37:37.511  2042  2058 E QcrilMsgTunnelSocket: IOException - java.io.IOException: No such file or directory Reason: No such file or directory
03-03 15:37:38.511   999   999 D StatusBar.NetworkController: refreshViews: Data not connected!! Set no data type icon / Roaming
03-03 15:37:38.511   999   999 D StatusBar.NetworkController: refreshViews connected={ wifi } level=0 combinedSignalIconId=0x7f0200a2/com.android.systemui:drawable/stat_sys_wifi_signal_2_fully mobileLabel= wifiLabel="AllieGO 5GHz"xxxxXXXXxxxxXXXX emergencyOnly=false combinedLabel="AllieGO 5GHz"xxxxXXXXxxxxXXXX mAirplaneMode=false mDataActivity=0 mPhoneSignalIconId=0x0 mQSPhoneSignalIconId=0x0 mDataDirectionIconId=0x0 mDataSignalIconId=0x0 mDataTypeIconId=0x0 mQSDataTypeIconId=0x0 mNoSimIconId=0x0 mWifiIconId=0x7f0200a2 mQSWifiIconId=0x7f02005a mBluetoothTetherIconId=0x10805cc
03-03 15:37:38.961  1656  1656 D wpa_supplicant: RX ctrl_iface - hexdump(len=11): 53 49 47 4e 41 4c 5f 50 4f 4c 4c
03-03 15:37:38.961  1656  1656 D wpa_supplicant: wlan0: Control interface command 'SIGNAL_POLL'
03-03 15:37:38.971  1656  1656 D wpa_supplicant: nl80211: survey data missing!
03-03 15:37:39.201   215   215 V WLAN_PSA: NL MSG, len[048], NL type[0x11] WNI type[0x5050] len[028]
03-03 15:37:40.031 17094 17094 D QSEECOMAPI: : QSEECom_get_handle sb_length = 0x2000
03-03 15:37:40.031 17094 17094 D QSEECOMAPI: : App is not loaded in QSEE
03-03 15:37:40.031 17094 17094 E QSEECOMAPI: : Error::Cannot open the file /vendor/firmware/keymaster/keymaster.mdt
03-03 15:37:40.031 17094 17094 E QSEECOMAPI: : Error::Loading image failed with ret = -1
03-03 15:37:40.041 17094 17094 D QSEECOMAPI: : QSEECom_get_handle sb_length = 0x2000
03-03 15:37:40.041 17094 17094 D QSEECOMAPI: : App is not loaded in QSEE
03-03 15:37:40.041 17094 17094 E QSEECOMAPI: : Error::Cannot open the file /firmware/image/keymaste.mdt
03-03 15:37:40.041 17094 17094 E QSEECOMAPI: : Error::Loading image failed with ret = -1
03-03 15:37:40.051 17094 17094 E QCOMKeyMaster: Loading keymaster app failied
03-03 15:37:40.051 17094 17094 E keystore: could not open keymaster device in keystore (Operation not permitted)
03-03 15:37:40.051 17094 17094 E keystore: keystore keymaster could not be initialized; exiting
03-03 15:37:40.521   999   999 D StatusBar.NetworkController: refreshViews: Data not connected!! Set no data type icon / Roaming
03-03 15:37:40.521   999   999 D StatusBar.NetworkController: refreshViews connected={ wifi } level=0 combinedSignalIconId=0x7f0200a2/com.android.systemui:drawable/stat_sys_wifi_signal_2_fully mobileLabel= wifiLabel="AllieGO 5GHz"xxxxXXXXxxxxXXXX emergencyOnly=false combinedLabel="AllieGO 5GHz"xxxxXXXXxxxxXXXX mAirplaneMode=false mDataActivity=0 mPhoneSignalIconId=0x0 mQSPhoneSignalIconId=0x0 mDataDirectionIconId=0x0 mDataSignalIconId=0x0 mDataTypeIconId=0x0 mQSDataTypeIconId=0x0 mNoSimIconId=0x0 mWifiIconId=0x7f0200a2 mQSWifiIconId=0x7f02005a mBluetoothTetherIconId=0x10805cc
03-03 15:37:41.521  2042  2058 E QcrilMsgTunnelSocket: IOException - java.io.IOException: No such file or directory Reason: No such file or directory
03-03 15:37:41.981  1656  1656 D wpa_supplicant: RX ctrl_iface - hexdump(len=11): 53 49 47 4e 41 4c 5f 50 4f 4c 4c
03-03 15:37:41.981  1656  1656 D wpa_supplicant: wlan0: Control interface command 'SIGNAL_POLL'
03-03 15:37:41.991  1656  1656 D wpa_supplicant: nl80211: survey data missing!
03-03 15:37:44.211   215   215 V WLAN_PSA: NL MSG, len[048], NL type[0x11] WNI type[0x5050] len[028]
03-03 15:37:44.531   999   999 D StatusBar.NetworkController: refreshViews: Data not connected!! Set no data type icon / Roaming
03-03 15:37:44.531   999   999 D StatusBar.NetworkController: refreshViews connected={ wifi } level=0 combinedSignalIconId=0x7f0200a2/com.android.systemui:drawable/stat_sys_wifi_signal_2_fully mobileLabel= wifiLabel="AllieGO 5GHz"xxxxXXXXxxxxXXXX emergencyOnly=false combinedLabel="AllieGO 5GHz"xxxxXXXXxxxxXXXX mAirplaneMode=false mDataActivity=0 mPhoneSignalIconId=0x0 mQSPhoneSignalIconId=0x0 mDataDirectionIconId=0x0 mDataSignalIconId=0x0 mDataTypeIconId=0x0 mQSDataTypeIconId=0x0 mNoSimIconId=0x0 mWifiIconId=0x7f0200a2 mQSWifiIconId=0x7f02005a mBluetoothTetherIconId=0x10805cc
03-03 15:37:44.991  1656  1656 D wpa_supplicant: RX ctrl_iface - hexdump(len=11): 53 49 47 4e 41 4c 5f 50 4f 4c 4c
03-03 15:37:44.991  1656  1656 D wpa_supplicant: wlan0: Control interface command 'SIGNAL_POLL'
03-03 15:37:45.011  1656  1656 D wpa_supplicant: nl80211: survey data missing!
03-03 15:37:45.081 17096 17096 D QSEECOMAPI: : QSEECom_get_handle sb_length = 0x2000
03-03 15:37:45.081 17096 17096 D QSEECOMAPI: : App is not loaded in QSEE
03-03 15:37:45.081 17096 17096 E QSEECOMAPI: : Error::Cannot open the file /vendor/firmware/keymaster/keymaster.mdt
03-03 15:37:45.081 17096 17096 E QSEECOMAPI: : Error::Loading image failed with ret = -1
03-03 15:37:45.081 17096 17096 D QSEECOMAPI: : QSEECom_get_handle sb_length = 0x2000
03-03 15:37:45.081 17096 17096 D QSEECOMAPI: : App is not loaded in QSEE
03-03 15:37:45.081 17096 17096 E QSEECOMAPI: : Error::Cannot open the file /firmware/image/keymaste.mdt
03-03 15:37:45.081 17096 17096 E QSEECOMAPI: : Error::Loading image failed with ret = -1
03-03 15:37:45.101 17096 17096 E QCOMKeyMaster: Loading keymaster app failied
03-03 15:37:45.101 17096 17096 E keystore: could not open keymaster device in keystore (Operation not permitted)
03-03 15:37:45.101 17096 17096 E keystore: keystore keymaster could not be initialized; exiting
03-03 15:37:45.521  2042  2058 E QcrilMsgTunnelSocket: IOException - java.io.IOException: No such file or directory Reason: No such file or directory
03-03 15:37:45.531   999   999 D StatusBar.NetworkController: refreshViews: Data not connected!! Set no data type icon / Roaming
03-03 15:37:45.531   999   999 D StatusBar.NetworkController: refreshViews connected={ wifi } level=0 combinedSignalIconId=0x7f0200a2/com.android.systemui:drawable/stat_sys_wifi_signal_2_fully mobileLabel= wifiLabel="AllieGO 5GHz"xxxxXXXXxxxxXXXX emergencyOnly=false combinedLabel="AllieGO 5GHz"xxxxXXXXxxxxXXXX mAirplaneMode=false mDataActivity=0 mPhoneSignalIconId=0x0 mQSPhoneSignalIconId=0x0 mDataDirectionIconId=0x0 mDataSignalIconId=0x0 mDataTypeIconId=0x0 mQSDataTypeIconId=0x0 mNoSimIconId=0x0 mWifiIconId=0x7f0200a2 mQSWifiIconId=0x7f02005a mBluetoothTetherIconId=0x10805cc
03-03 15:37:47.541   999   999 D StatusBar.NetworkController: refreshViews: Data not connected!! Set no data type icon / Roaming
03-03 15:37:47.541   999   999 D StatusBar.NetworkController: refreshViews connected={ wifi } level=0 combinedSignalIconId=0x7f0200a2/com.android.systemui:drawable/stat_sys_wifi_signal_2_fully mobileLabel= wifiLabel="AllieGO 5GHz"xxxxXXXXxxxxXXXX emergencyOnly=false combinedLabel="AllieGO 5GHz"xxxxXXXXxxxxXXXX mAirplaneMode=false mDataActivity=0 mPhoneSignalIconId=0x0 mQSPhoneSignalIconId=0x0 mDataDirectionIconId=0x0 mDataSignalIconId=0x0 mDataTypeIconId=0x0 mQSDataTypeIconId=0x0 mNoSimIconId=0x0 mWifiIconId=0x7f0200a2 mQSWifiIconId=0x7f02005a mBluetoothTetherIconId=0x10805cc
03-03 15:37:48.011  1656  1656 D wpa_supplicant: RX ctrl_iface - hexdump(len=11): 53 49 47 4e 41 4c 5f 50 4f 4c 4c
03-03 15:37:48.011  1656  1656 D wpa_supplicant: wlan0: Control interface command 'SIGNAL_POLL'
03-03 15:37:48.021  1656  1656 D wpa_supplicant: nl80211: survey data missing!
03-03 15:37:48.541   999   999 D StatusBar.NetworkController: refreshViews: Data not connected!! Set no data type icon / Roaming
03-03 15:37:48.541   999   999 D StatusBar.NetworkController: refreshViews connected={ wifi } level=0 combinedSignalIconId=0x7f0200a2/com.android.systemui:drawable/stat_sys_wifi_signal_2_fully mobileLabel= wifiLabel="AllieGO 5GHz"xxxxXXXXxxxxXXXX emergencyOnly=false combinedLabel="AllieGO 5GHz"xxxxXXXXxxxxXXXX mAirplaneMode=false mDataActivity=0 mPhoneSignalIconId=0x0 mQSPhoneSignalIconId=0x0 mDataDirectionIconId=0x0 mDataSignalIconId=0x0 mDataTypeIconId=0x0 mQSDataTypeIconId=0x0 mNoSimIconId=0x0 mWifiIconId=0x7f0200a2 mQSWifiIconId=0x7f02005a mBluetoothTetherIconId=0x10805cc
03-03 15:37:49.221   215   215 V WLAN_PSA: NL MSG, len[048], NL type[0x11] WNI type[0x5050] len[028]
03-03 15:37:49.521  2042  2058 E QcrilMsgTunnelSocket: IOException - java.io.IOException: No such file or directory Reason: No such file or directory
03-03 15:37:50.131 17097 17097 D QSEECOMAPI: : QSEECom_get_handle sb_length = 0x2000
03-03 15:37:50.131 17097 17097 D QSEECOMAPI: : App is not loaded in QSEE
03-03 15:37:50.131 17097 17097 E QSEECOMAPI: : Error::Cannot open the file /vendor/firmware/keymaster/keymaster.mdt
03-03 15:37:50.131 17097 17097 E QSEECOMAPI: : Error::Loading image failed with ret = -1
03-03 15:37:50.131 17097 17097 D QSEECOMAPI: : QSEECom_get_handle sb_length = 0x2000
03-03 15:37:50.131 17097 17097 D QSEECOMAPI: : App is not loaded in QSEE
03-03 15:37:50.131 17097 17097 E QSEECOMAPI: : Error::Cannot open the file /firmware/image/keymaste.mdt
03-03 15:37:50.131 17097 17097 E QSEECOMAPI: : Error::Loading image failed with ret = -1
03-03 15:37:50.151 17097 17097 E QCOMKeyMaster: Loading keymaster app failied
03-03 15:37:50.151 17097 17097 E keystore: could not open 