03-01 19:19:32.165   923  1081 D QcConnectivityService: setProvNotificationVisible: E visible=false networkType=1 extraInfo=null url=null
03-01 19:19:32.475   923  1081 D QcConnectivityService: captivePortalCheckCompleted: ni=NetworkInfo: type: WIFI[], state: CONNECTED/CONNECTED, reason: (unspecified), extra: "AllieGO 5GHz", roaming: false, failover: false, isAvailable: true, isConnectedToProvisioningNetwork: false captive=false
03-01 19:21:12.665   923   946 W ProcessCpuTracker: Skipping unknown process pid 7074
03-01 19:23:20.135   923   987 D QcConnectivityService: Sampling interval elapsed, updating statistics ..
03-01 19:23:20.145   923   987 D QcConnectivityService: Done.
03-01 19:23:20.145   923   987 D QcConnectivityService: Setting timer for 720seconds
03-01 19:26:38.535   923   987 D QcConnectivityService: tryFailover: set mActiveDefaultNetwork=-1, prevNetType=1
03-01 19:26:38.535   923   987 D QcConnectivityService: Attempting to switch to BLUETOOTH_TETHER
03-01 19:26:38.635   923   987 D QcConnectivityService: resetConnections(wlan0, 3)
03-01 19:26:38.815   923   987 D Nat464Xlat: requiresClat: netType=1, hasIPv4Address=false
03-01 19:26:41.835   923  1081 D QcConnectivityService: setProvNotificationVisible: E visible=false networkType=1 extraInfo=null url=null
03-01 19:26:46.625   923   987 D QcConnectivityService: Captive portal check NetworkInfo: type: WIFI[], state: CONNECTING/CAPTIVE_PORTAL_CHECK, reason: (unspecified), extra: "AllieGO 5GHz", roaming: false, failover: false, isAvailable: true, isConnectedToProvisioningNetwork: false
03-01 19:26:46.625   923   987 D QcConnectivityService: handleCaptivePortalTrackerCheck: call captivePortalCheckComplete ni=NetworkInfo: type: WIFI[], state: CONNECTING/CAPTIVE_PORTAL_CHECK, reason: (unspecified), extra: "AllieGO 5GHz", roaming: false, failover: false, isAvailable: true, isConnectedToProvisioningNetwork: false
03-01 19:26:46.625   923   987 D QcConnectivityService: handleInetConditionChange: no active default network - ignore
03-01 19:26:46.645   923   987 E QcConnectivityService: Unexpected mtu value: android.net.wifi.WifiStateTracker@418eee98
03-01 19:26:46.835   923   987 D Nat464Xlat: requiresClat: netType=1, hasIPv4Address=true
03-01 19:26:48.065   923   987 D QcConnectivityService: handleConnectivityChange: addresses changed linkProperty[1]: resetMask=0
03-01 19:26:48.065   923   987 D QcConnectivityService:    car=removed=[] added=[fe80::ce1b:e0ff:fe61:8a30/64,]
03-01 19:26:48.065   923   987 E QcConnectivityService: Exception while trying to add src route: java.lang.NullPointerException
03-01 19:26:48.065   923   987 D Nat464Xlat: requiresClat: netType=1, hasIPv4Address=true
03-01 19:26:59.855   923  1081 D QcConnectivityService: setProvNotificationVisible: E visible=false networkType=1 extraInfo=null url=null
03-01 19:27:00.135   923  1081 D QcConnectivityService: captivePortalCheckCompleted: ni=NetworkInfo: type: WIFI[], state: CONNECTED/CONNECTED, reason: (unspecified), extra: "AllieGO 5GHz", roaming: false, failover: false, isAvailable: true, isConnectedToProvisioningNetwork: false captive=false
03-01 19:30:27.875   923  1169 I ActivityManager: Process com.splinex.streaming (pid 1662) has died.
03-01 19:30:27.875   923  1169 W ActivityManager: Force removing ActivityRecord{41cb5d58 u0 com.splinex.streaming/.TwoCamActivity t2}: app died, no saved state
03-01 19:30:27.885   923  1148 I WindowState: WIN DEATH: Window{419cd048 u0 com.splinex.streaming/com.splinex.streaming.TwoCamActivity}
03-01 19:30:27.915   923  1169 I ActivityManager: Config changes=480 {1.0 ?mcc?mnc en_US ldltr sw360dp w360dp h615dp 320dpi nrml long port -touch -keyb/v/h -nav/h s.6}
03-01 19:30:27.955   923  1150 I ActivityManager: Killing 1926:com.qualcomm.embms/u0a67 (adj 15): empty for 2704s
03-01 19:30:28.005   923  1148 I ActivityManager: Start proc android.process.acore for content provider com.android.providers.contacts/.ContactsProvider2: pid=8698 uid=10002 gids={50002, 3003, 1028, 1015}
03-01 19:30:28.055   923   935 W InputMethodManagerService: Got RemoteException sending setActive(false) notification to pid 1662 uid 10016
03-01 19:30:28.215   923   945 I WindowManager: Screen frozen for +321ms due to Window{419a5c28 u0 com.android.launcher/com.android.launcher2.Launcher}
03-01 19:30:28.505   923   935 I ActivityManager: Killing 1954:com.qualcomm.fastdormancy/u0a68 (adj 15): empty for 2705s
03-01 19:30:29.825   923   962 I ActivityManager: START u0 {flg=0x4 cmp=com.splinex.streaming/.TwoCamActivity (has extras)} from pid -1
03-01 19:30:29.825   923   962 W ActivityManager: startActivity called from non-Activity context; forcing Intent.FLAG_ACTIVITY_NEW_TASK for: Intent { flg=0x4 cmp=com.splinex.streaming/.TwoCamActivity (has extras) }
03-01 19:30:29.915   923  1151 I ActivityManager: Start proc com.splinex.streaming for activity com.splinex.streaming/.TwoCamActivity: pid=8716 uid=10016 gids={50016, 1028, 1015, 3003, 3002, 3001}
03-01 19:30:29.985   923  1148 I ActivityManager: Config changes=480 {1.0 ?mcc?mnc en_US ldltr sw360dp w640dp h335dp 320dpi nrml long land -touch -keyb/v/h -nav/h s.7}
03-01 19:30:30.935   923   935 D WifiService: setWifiEnabled: true pid=8716, uid=10016
03-01 19:30:31.535   923   945 I WindowManager: Screen frozen for +1s581ms due to Window{41860a40 u0 Starting com.splinex.streaming}
03-01 19:35:20.155   923   987 D QcConnectivityService: Sampling interval elapsed, updating statistics ..
03-01 19:35:20.165   923   987 D QcConnectivityService: Done.
03-01 19:35:20.165   923   987 D QcConnectivityService: Setting timer for 720seconds
03-01 19:40:38.835   923   987 D QcConnectivityService: tryFailover: set mActiveDefaultNetwork=-1, prevNetType=1
03-01 19:40:38.835   923   987 D QcConnectivityService: Attempting to switch to BLUETOOTH_TETHER
03-01 19:40:38.945   923   987 D QcConnectivityService: resetConnections(wlan0, 3)
03-01 19:40:38.965   923   946 W ProcessCpuTracker: Skipping unknown process pid 10089
03-01 19:40:38.965   923   946 W ProcessCpuTracker: Skipping unknown process pid 10090
03-01 19:40:39.135   923   987 D Nat464Xlat: requiresClat: netType=1, hasIPv4Address=false
03-01 19:40:42.145   923  1081 D QcConnectivityService: setProvNotificationVisible: E visible=false networkType=1 extraInfo=null url=null
03-01 19:40:47.705   923   987 D QcConnectivityService: Captive portal check NetworkInfo: type: WIFI[], state: CONNECTING/CAPTIVE_PORTAL_CHECK, reason: (unspecified), extra: "AllieGO 5GHz", roaming: false, failover: false, isAvailable: true, isConnectedToProvisioningNetwork: false
03-01 19:40:47.705   923   987 D QcConnectivityService: handleCaptivePortalTrackerCheck: call captivePortalCheckComplete ni=NetworkInfo: type: WIFI[], state: CONNECTING/CAPTIVE_PORTAL_CHECK, reason: (unspecified), extra: "AllieGO 5GHz", roaming: false, failover: false, isAvailable: true, isConnectedToProvisioningNetwork: false
03-01 19:40:47.705   923   987 D QcConnectivityService: handleInetConditionChange: no active default network - ignore
03-01 19:40:47.725   923   987 E QcConnectivityService: Unexpected mtu value: android.net.wifi.WifiStateTracker@418eee98
03-01 19:40:47.865   923   987 D Nat464Xlat: requiresClat: netType=1, hasIPv4Address=true
03-01 19:40:49.265   923   987 D QcConnectivityService: handleConnectivityChange: addresses changed linkProperty[1]: resetMask=0
03-01 19:40:49.265   923   987 D QcConnectivityService:    car=removed=[] added=[fe80::ce1b:e0ff:fe61:8a30/64,]
03-01 19:40:49.265   923   987 E QcConnectivityService: Exception while trying to add src route: java.lang.NullPointerException
03-01 19:40:49.265   923   987 D Nat464Xlat: requiresClat: netType=1, hasIPv4Address=true
03-01 19:41:00.875   923  1081 D QcConnectivityService: setProvNotificationVisible: E visible=false networkType=1 extraInfo=null url=null
03-01 19:41:01.155   923  1081 D QcConnectivityService: captivePortalCheckCompleted: ni=NetworkInfo: type: WIFI[], state: CONNECTED/CONNECTED, reason: (unspecified), extra: "AllieGO 5GHz", roaming: false, failover: false, isAvailable: true, isConnectedToProvisioningNetwork: false captive=false
03-01 19:45:56.015   923   946 I ProcessStatsService: Prepared write state in 9ms
03-01 19:47:20.315   923   987 D QcConnectivityService: Sampling interval elapsed, updating statistics ..
03-01 19:47:20.325   923   987 D QcConnectivityService: Done.
03-01 19:47:20.325   923   987 D QcConnectivityService: Setting timer for 720seconds
03-01 19:48:00.525   923   987 D QcConnectivityService: tryFailover: set mActiveDefaultNetwork=-1, prevNetType=1
03-01 19:48:00.525   923   987 D QcConnectivityService: Attempting to switch to BLUETOOTH_TETHER
03-01 19:48:00.615   923   987 D QcConnectivityService: resetConnections(wlan0, 3)
03-01 19:48:00.805   923   987 D Nat464Xlat: requiresClat: netType=1, hasIPv4Address=false
03-01 19:48:03.805   923  1081 D QcConnectivityService: setProvNotificationVisible: E visible=false networkType=1 extraInfo=null url=null
03-01 19:48:05.835   923   987 D QcConnectivityService: Captive portal check NetworkInfo: type: WIFI[], state: CONNECTING/CAPTIVE_PORTAL_CHECK, reason: (unspecified), extra: "AllieGO 5GHz", roaming: false, failover: false, isAvailable: true, isConnectedToProvisioningNetwork: false
03-01 19:48:05.835   923   987 D QcConnectivityService: handleCaptivePortalTrackerCheck: call captivePortalCheckComplete ni=NetworkInfo: type: WIFI[], state: CONNECTING/CAPTIVE_PORTAL_CHECK, reason: (unspecified), extra: "AllieGO 5GHz", roaming: false, failover: false, isAvailable: true, isConnectedToProvisioningNetwork: false
03-01 19:48:05.835   923   987 D QcConnectivityService: handleInetConditionChange: no active default network - ignore
03-01 19:48:05.855   923   987 E QcConnectivityService: Unexpected mtu value: android.net.wifi.WifiStateTracker@418eee98
03-01 19:48:06.035   923   987 D Nat464Xlat: requiresClat: netType=1, hasIPv4Address=true
03-01 19:48:07.335   923   987 D QcConnectivityService: handleConnectivityChange: addresses changed linkProperty[1]: resetMask=0
03-01 19:48:07.335   923   987 D QcConnectivityService:    car=removed=[] added=[fe80::ce1b:e0ff:fe61:8a30/64,]
03-01 19:48:07.335   923   987 E QcConnectivityService: Exception while trying to add src route: java.lang.NullPointerException
03-01 19:48:07.335   923   987 D Nat464Xlat: requiresClat: netType=1, hasIPv4Address=true
03-01 19:48:19.055   923  1081 D QcConnectivityService: setProvNotificationVisible: E visible=false networkType=1 extraInfo=null url=null
03-01 19:48:19.235   923  1081 D QcConnectivityService: captivePortalCheckCompleted: ni=NetworkInfo: type: WIFI[], state: CONNECTED/CONNECTED, reason: (unspecified), extra: "AllieGO 5GHz", roaming: false, failover: false, isAvailable: true, isConnectedToProvisioningNetwork: false captive=false
03-01 19:55:31.765   923   987 D QcConnectivityService: tryFailover: set mActiveDefaultNetwork=-1, prevNetType=1
03-01 19:55:31.765   923   987 D QcConnectivityService: Attempting to switch to BLUETOOTH_TETHER
03-01 19:55:31.855   923   987 D QcConnectivityService: resetConnections(wlan0, 3)
03-01 19:55:32.045   923   987 D Nat464Xlat: requiresClat: netType=1, hasIPv4Address=false
03-01 19:55:35.055   923  1081 D QcConnectivityService: setProvNotificationVisible: E visible=false networkType=1 extraInfo=null url=null
03-01 19:55:40.055   923   987 D QcConnectivityService: Captive portal check NetworkInfo: type: WIFI[], state: CONNECTING/CAPTIVE_PORTAL_CHECK, reason: (unspecified), extra: "AllieGO 5GHz", roaming: false, failover: false, isAvailable: true, isConnectedToProvisioningNetwork: false
03-01 19:55:40.055   923   987 D QcConnectivityService: handleCaptivePortalTrackerCheck: call captivePortalCheckComplete ni=NetworkInfo: type: WIFI[], state: CONNECTING/CAPTIVE_PORTAL_CHECK, reason: (unspecified), extra: "AllieGO 5GHz", roaming: false, failover: false, isAvailable: true, isConnectedToProvisioningNetwork: false
03-01 19:55:40.055   923   987 D QcConnectivityService: handleInetConditionChange: no active default network - ignore
03-01 19:55:40.065   923   987 E QcConnectivityService: Unexpected mtu value: android.net.wifi.WifiStateTracker@418eee98
03-01 19:55:40.185   923   987 D Nat464Xlat: requiresClat: netType=1, hasIPv4Address=true
03-01 19:55:42.035   923   987 D QcConnectivityService: handleConnectivityChange: addresses changed linkProperty[1]: resetMask=0
03-01 19:55:42.035   923   987 D QcConnectivityService:    car=removed=[] added=[fe80::ce1b:e0ff:fe61:8a30/64,]
03-01 19:55:42.035   923   987 E QcConnectivityService: Exception while trying to add src route: java.lang.NullPointerException
03-01 19:55:42.035   923   987 D Nat464Xlat: requiresClat: netType=1, hasIPv4Address=true
03-01 19:55:53.205   923  1081 D QcConnectivityService: setProvNotificationVisible: E visible=false networkType=1 extraInfo=null url=null
03-01 19:55:53.715   923  1081 D QcConnectivityService: captivePortalCheckCompleted: ni=NetworkInfo: type: WIFI[], state: CONNECTED/CONNECTED, reason: (unspecified), extra: "AllieGO 5GHz", roaming: false, failover: false, isAvailable: true, isConnectedToProvisioningNetwork: false captive=false
03-01 19:59:20.335   923   987 D QcConnectivityService: Sampling interval elapsed, updating statistics ..
03-01 19:59:20.345   923   987 D QcConnectivityService: Done.
03-01 19:59:20.345   923   987 D QcConnectivityService: Setting timer for 720seconds
03-01 20:03:01.375   923   946 W ProcessCpuTracker: Skipping unknown process pid 13555
03-01 20:03:01.375   923   987 D QcConnectivityService: tryFailover: set mActiveDefaultNetwork=-1, prevNetType=1
03-01 20:03:01.375   923   987 D QcConnectivityService: Attempting to switch to BLUETOOTH_TETHER
03-01 20:03:01.465   923   987 D QcConnectivityService: resetConnections(wlan0, 3)
03-01 20:03:01.665   923   987 D Nat464Xlat: requiresClat: netType=1, hasIPv4Address=false
03-01 20:03:04.665   923  1081 D QcConnectivityService: setProvNotificationVisible: E visible=false networkType=1 extraInfo=null url=null
03-01 20:03:09.215   923   987 D QcConnectivityService: Captive portal check NetworkInfo: type: WIFI[], state: CONNECTING/CAPTIVE_PORTAL_CHECK, reason: (unspecified), extra: "AllieGO 5GHz", roaming: false, failover: false, isAvailable: true, isConnectedToProvisioningNetwork: false
03-01 20:03:09.215   923   987 D QcConnectivityService: handleCaptivePortalTrackerCheck: call captivePortalCheckComplete ni=NetworkInfo: type: WIFI[], state: CONNECTING/CAPTIVE_PORTAL_CHECK, reason: (unspecified), extra: "AllieGO 5GHz", roaming: false, failover: false, isAvailable: true, isConnectedToProvisioningNetwork: false
03-01 20:03:09.215   923   987 D QcConnectivityService: handleInetConditionChange: no active default network - ignore
03-01 20:03:09.225   923   987 E QcConnectivityService: Unexpected mtu value: android.net.wifi.WifiStateTracker@418eee98
03-01 20:03:09.405   923   987 D Nat464Xlat: requiresClat: netType=1, hasIPv4Address=true
03-01 20:03:10.715   923   987 D QcConnectivityService: handleConnectivityChange: addresses changed linkProperty[1]: resetMask=0
03-01 20:03:10.715   923   987 D QcConnectivityService:    car=removed=[] added=[fe80::ce1b:e0ff:fe61:8a30/64,]
03-01 20:03:10.715   923   987 E QcConnectivityService: Exception while trying to add src route: java.lang.NullPointerException
03-01 20:03:10.715   923   987 D Nat464Xlat: requiresClat: netType=1, hasIPv4Address=true
03-01 20:03:22.415   923  1081 D QcConnectivityService: setProvNotificationVisible: E visible=false networkType=1 extraInfo=null url=null
03-01 20:03:22.595   923  1081 D QcConnectivityService: captivePortalCheckCompleted: ni=NetworkInfo: type: WIFI[], state: CONNECTED/CONNECTED, reason: (unspecified), extra: "AllieGO 5GHz", roaming: false, failover: false, isAvailable: true, isConnectedToProvisioningNetwork: false captive=false
03-01 20:10:28.515   923   987 D QcConnectivityService: tryFailover: set mActiveDefaultNetwork=-1, prevNetType=1
03-01 20:10:28.515   923   987 D QcConnectivityService: Attempting to switch to BLUETOOTH_TETHER
03-01 20:10:28.605   923   987 D QcConnectivityService: resetConnections(wlan0, 3)
03-01 20:10:28.815   923   987 D Nat464Xlat: requiresClat: netType=1, hasIPv4Address=false
03-01 20:10:31.825   923  1081 D QcConnectivityService: setProvNotificationVisible: E visible=false networkType=1 extraInfo=null url=null
03-01 20:10:36.325   923   987 D QcConnectivityService: Captive portal check NetworkInfo: type: WIFI[], state: CONNECTING/CAPTIVE_PORTAL_CHECK, reason: (unspecified), extra: "AllieGO 5GHz", roaming: false, failover: false, isAvailable: true, isConnectedToProvisioningNetwork: false
03-01 20:10:36.325   923   987 D QcConnectivityService: handleCaptivePortalTrackerCheck: call captivePortalCheckComplete ni=NetworkInfo: type: WIFI[], state: CONNECTING/CAPTIVE_PORTAL_CHECK, reason: (unspecified), extra: "AllieGO 5GHz", roaming: false, failover: false, isAvailable: true, isConnectedToProvisioningNetwork: false
03-01 20:10:36.325   923   987 D QcConnectivityService: handleInetConditionChange: no active default network - ignore
03-01 20:10:36.345   923   987 E QcConnectivityService: Unexpected mtu value: android.net.wifi.WifiStateTracker@418eee98
03-01 20:10:36.465   923   987 D Nat464Xlat: requiresClat: netType=1, hasIPv4Address=true
03-01 20:10:38.155   923   987 D QcConnectivityService: handleConnectivityChange: addresses changed linkProperty[1]: resetMask=0
03-01 20:10:38.155   923   987 D QcConnectivityService:    car=removed=[] added=[fe80::ce1b:e0ff:fe61:8a30/64,]
03-01 20:10:38.155   923   987 E QcConnectivityService: Exception while trying to add src route: java.lang.NullPointerException
03-01 20:10:38.155   923   987 D Nat464Xlat: requiresClat: netType=1, hasIPv4Address=true
03-01 20:10:49.485   923  1081 D QcConnectivityService: setProvNotificationVisible: E visible=false networkType=1 extraInfo=null url=null
03-01 20:10:49.825   923  1081 D QcConnectivityService: captivePortalCheckCompleted: ni=NetworkInfo: type: WIFI[], state: CONNECTED/CONNECTED, reason: (unspecified), extra: "AllieGO 5GHz", roaming: false, failover: false, isAvailable: true, isConnectedToProvisioningNetwork: false captive=false
03-01 20:11:20.345   923   987 D QcConnectivityService: Sampling interval elapsed, updating statistics ..
03-01 20:11:20.375   923   987 D QcConnectivityService: Done.
03-01 20:11:20.375   923   987 D QcConnectivityService: Setting timer for 720seconds
03-01 20:16:00.005   923   946 I ProcessStatsService: Prepared write state in 10ms
03-01 20:18:18.065   923   987 D QcConnectivityService: tryFailover: set mActiveDefaultNetwork=-1, prevNetType=1
03-01 20:18:18.065   923   987 D QcConnectivityService: Attempting to switch to BLUETOOTH_TETHER
03-01 20:18:18.155   923   987 D QcConnectivityService: resetConnections(wlan0, 3)
03-01 20:18:18.345   923   987 D Nat464Xlat: requiresClat: netType=1, hasIPv4Address=false
03-01 20:18:21.345   923  1081 D QcConnectivityService: setProvNotificationVisible: E visible=false networkType=1 extraInfo=null url=null
03-01 20:18:25.745   923   987 D QcConnectivityService: Captive portal check NetworkInfo: type: WIFI[], state: CONNECTING/CAPTIVE_PORTAL_CHECK, reason: (unspecified), extra: "AllieGO 5GHz", roaming: false, failover: false, isAvailable: true, isConnectedToProvisioningNetwork: false
03-01 20:18:25.745   923   987 D QcConnectivityService: handleCaptivePortalTrackerCheck: call captivePortalCheckComplete ni=NetworkInfo: type: WIFI[], state: CONNECTING/CAPTIVE_PORTAL_CHECK, reason: (unspecified), extra: "AllieGO 5GHz", roaming: false, failover: false, isAvailable: true, isConnectedToProvisioningNetwork: false
03-01 20:18:25.745   923   987 D QcConnectivityService: handleInetConditionChange: no active default network - ignore
03-01 20:18:25.755   923   987 E QcConnectivityService: Unexpected mtu value: android.net.wifi.WifiStateTracker@418eee98
03-01 20:18:25.885   923   987 D Nat464Xlat: requiresClat: netType=1, hasIPv4Address=true
03-01 20:18:27.435   923   987 D QcConnectivityService: handleConnectivityChange: addresses changed linkProperty[1]: resetMask=0
03-01 20:18:27.435   923   987 D QcConnectivityService:    car=removed=[] added=[fe80::ce1b:e0ff:fe61:8a30/64,]
03-01 20:18:27.435   923   987 E QcConnectivityService: Exception while trying to add src route: java.lang.NullPointerException
03-01 20:18:27.435   923   987 D Nat464Xlat: requiresClat: netType=1, hasIPv4Address=true
03-01 20:18:38.905   923  1081 D QcConnectivityService: setProvNotificationVisible: E visible=false networkType=1 extraInfo=null url=null
03-01 20:18:39.075   923  1081 D QcConnectivityService: captivePortalCheckCompleted: ni=NetworkInfo: type: WIFI[], state: CONNECTED/CONNECTED, reason: (unspecified), extra: "AllieGO 5GHz", roaming: false, failover: false, isAvailable: true, isConnectedToProvisioningNetwork: false captive=false
03-01 20:23:20.515   923   987 D QcConnectivityService: Sampling interval elapsed, updating statistics ..
03-01 20:23:20.535   923   987 D QcConnectivityService: Done.
03-01 20:23:20.535   923   987 D QcConnectivityService: Setting timer for 720seconds
03-01 20:26:07.295   923   987 D QcConnectivityService: tryFailover: set mActiveDefaultNetwork=-1, prevNetType=1
03-01 20:26:07.295   923   987 D QcConnectivityService: Attempting to switch to BLUETOOTH_TETHER
03-01 20:26:07.405   923   987 D QcConnectivityService: resetConnections(wlan0, 3)
03-01 20:26:07.595   923   987 D Nat464Xlat: requiresClat: netType=1, hasIPv4Address=false
03-01 20:26:10.605   923  1081 D QcConnectivityService: setProvNotificationVisible: E visible=false networkType=1 extraInfo=null url=null
03-01 20:26:14.935   923   987 D QcConnectivityService: Captive portal check NetworkInfo: type: WIFI[], state: CONNECTING/CAPTIVE_PORTAL_CHECK, reason: (unspecified), extra: "AllieGO 5GHz", roaming: false, failover: false, isAvailable: true, isConnectedToProvisioningNetwork: false
03-01 20:26:14.945   923   987 D QcConnectivityService: handleCaptivePortalTrackerCheck: call captivePortalCheckComplete ni=NetworkInfo: type: WIFI[], state: CONNECTING/CAPTIVE_PORTAL_CHECK, reason: (unspecified), extra: "AllieGO 5GHz", roaming: false, failover: false, isAvailable: true, isConnectedToProvisioningNetwork: false
03-01 20:26:14.945   923   987 D QcConnectivityService: handleInetConditionChange: no active default network - ignore
03-01 20:26:14.955   923   987 E QcConnectivityService: Unexpected mtu value: android.net.wifi.WifiStateTracker@418eee98
03-01 20:26:15.085   923   987 D Nat464Xlat: requiresClat: netType=1, hasIPv4Address=true
03-01 20:26:16.635   923   987 D QcConnectivityService: handleConnectivityChange: addresses changed linkProperty[1]: resetMask=0
03-01 20:26:16.635   923   987 D QcConnectivityService:    car=removed=[] added=[fe80::ce1b:e0ff:fe61:8a30/64,]
03-01 20:26:16.635   923   987 E QcConnectivityService: Exception while trying to add src route: java.lang.NullPointerException
03-01 20:26:16.635   923   987 D Nat464Xlat: requiresClat: netType=1, hasIPv4Address=true
03-01 20:26:28.105   923  1081 D QcConnectivityService: setProvNotificationVisible: E visible=false networkType=1 extraInfo=null url=null
03-01 20:26:28.555   923  1081 D QcConnectivityService: captivePortalCheckCompleted: ni=NetworkInfo: type: WIFI[], state: CONNECTED/CONNECTED, reason: (unspecified), extra: "AllieGO 5GHz", roaming: false, failover: false, isAvailable: true, isConnectedToProvisioningNetwork: false captive=false
03-01 20:33:27.845   923   987 D QcConnectivityService: tryFailover: set mActiveDefaultNetwork=-1, prevNetType=1
03-01 20:33:27.845   923   987 D QcConnectivityService: Attempting to switch to BLUETOOTH_TETHER
03-01 20:33:27.935   923   987 D QcConnectivityService: resetConnections(wlan0, 3)
03-01 20:33:28.115   923   987 D Nat464Xlat: requiresClat: netType=1, hasIPv4Address=false
03-01 20:33:31.125   923  1081 D QcConnectivityService: setProvNotificationVisible: E visible=false networkType=1 extraInfo=null url=null
03-01 20:33:34.895   923   987 D QcConnectivityService: Captive portal check NetworkInfo: type: WIFI[], state: CONNECTING/CAPTIVE_PORTAL_CHECK, reason: (unspecified), extra: "AllieGO 5GHz", roaming: false, failover: false, isAvailable: true, isConnectedToProvisioningNetwork: false
03-01 20:33:34.895   923   987 D QcConnectivityService: handleCaptivePortalTrackerCheck: call captivePortalCheckComplete ni=NetworkInfo: type: WIFI[], state: CONNECTING/CAPTIVE_PORTAL_CHECK, reason: (unspecified), extra: "AllieGO 5GHz", roaming: false, failover: false, isAvailable: true, isConnectedToProvisioningNetwork: false
03-01 20:33:34.895   923   987 D QcConnectivityService: handleInetConditionChange: no active default network - ignore
03-01 20:33:34.905   923   987 E QcConnectivityService: Unexpected mtu value: android.net.wifi.WifiStateTracker@418eee98
03-01 20:33:35.085   923   987 D Nat464Xlat: requiresClat: netType=1, hasIPv4Address=true
03-01 20:33:36.515   923   987 D QcConnectivityService: handleConnectivityChange: addresses changed linkProperty[1]: resetMask=0
03-01 20:33:36.515   923   987 D QcConnectivityService:    car=removed=[] added=[fe80::ce1b:e0ff:fe61:8a30/64,]
03-01 20:33:36.515   923   987 E QcConnectivityService: Exception while trying to add src route: java.lang.NullPointerException
03-01 20:33:36.515   923   987 D Nat464Xlat: requiresClat: netType=1, hasIPv4Address=true
03-01 20:33:48.105   923  1081 D QcConnectivityService: setProvNotificationVisible: E visible=false networkType=1 extraInfo=null url=null
03-01 20:33:48.325   923  1081 D QcConnectivityService: captivePortalCheckCompleted: ni=NetworkInfo: type: WIFI[], state: CONNECTED/CONNECTED, reason: (unspecified), extra: "AllieGO 5GHz", roaming: false, failover: false, isAvailable: true, isConnectedToProvisioningNetwork: false captive=false
03-01 20:35:20.535   923   987 D QcConnectivityService: Sampling interval elapsed, updating statistics ..
03-01 20:35:20.545   923   987 D QcConnectivityService: Done.
03-01 20:35:20.545   923   987 D QcConnectivityService: Setting timer for 720seconds
03-01 20:41:08.225   923   987 D QcConnectivityService: tryFailover: set mActiveDefaultNetwork=-1, prevNetType=1
03-01 20:41:08.225   923   987 D QcConnectivityService: Attempting to switch to BLUETOOTH_TETHER
03-01 20:41:08.315   923   987 D QcConnectivityService: resetConnections(wlan0, 3)
03-01 20:41:08.505   923   987 D Nat464Xlat: requiresClat: netType=1, hasIPv4Address=false
03-01 20:41:11.515   923  1081 D QcConnectivityService: setProvNotificationVisible: E visible=false networkType=1 extraInfo=null url=null
03-01 20:41:16.265   923   987 D QcConnectivityService: Captive portal check NetworkInfo: type: WIFI[], state: CONNECTING/CAPTIVE_PORTAL_CHECK, reason: (unspecified), extra: "AllieGO 5GHz", roaming: false, failover: false, isAvailable: true, isConnectedToProvisioningNetwork: false
03-01 20:41:16.265   923   987 D QcConnectivityService: handleCaptivePortalTrackerCheck: call captivePortalCheckComplete ni=NetworkInfo: type: WIFI[], state: CONNECTING/CAPTIVE_PORTAL_CHECK, reason: (unspecified), extra: "AllieGO 5GHz", roaming: false, failover: false, isAvailable: true, isConnectedToProvisioningNetwork: false
03-01 20:41:16.265   923   987 D QcConnectivityService: handleInetConditionChange: no active default network - ignore
03-01 20:41:16.275   923   987 E QcConnectivityService: Unexpected mtu value: android.net.wifi.WifiStateTracker@418eee98
03-01 20:41:16.405   923   987 D Nat464Xlat: requiresClat: netType=1, hasIPv4Address=true
03-01 20:41:18.265   923   987 D QcConnectivityService: handleConnectivityChange: addresses changed linkProperty[1]: resetMask=0
03-01 20:41:18.265   923   987 D QcConnectivityService:    car=removed=[] added=[fe80::ce1b:e0ff:fe61:8a30/64,]
03-01 20:41:18.265   923   987 E QcConnectivityService: Exception while trying to add src route: java.lang.NullPointerException
03-01 20:41:18.265   923   987 D Nat464Xlat: requiresClat: netType=1, hasIPv4Address=true
03-01 20:41:29.425   923  1081 D QcConnectivityService: setProvNotificationVisible: E visible=false networkType=1 extraInfo=null url=null
03-01 20:41:29.715   923  1081 D QcConnectivityService: captivePortalCheckCompleted: ni=NetworkInfo: type: WIFI[], state: CONNECTED/CONNECTED, reason: (unspecified), extra: "AllieGO 5GHz", roaming: false, failover: false, isAvailable: true, isConnectedToProvisioningNetwork: false captive=false
03-01 20:46:00.035   923   946 I ProcessStatsService: Prepared write state in 6ms
03-01 20:49:35.805   923   987 D QcConnectivityService: Sampling interval elapsed, updating statistics ..
03-01 20:49:35.815   923   987 D QcConnectivityService: Done.
03-01 20:49:35.815   923   987 D QcConnectivityService: Setting timer for 720seconds
03-01 21:01:35.815   923   987 D QcConnectivityService: Sampling interval elapsed, updating statistics ..
03-01 21:01:35.835   923   987 D QcConnectivityService: Done.
03-01 21:01:35.835   923   987 D QcConnectivityService: Setting timer for 720seconds
03-01 21:02:17.595   923   987 D QcConnectivityService: tryFailover: set mActiveDefaultNetwork=-1, prevNetType=1
03-01 21:02:17.595   923   987 D QcConnectivityService: Attempting to switch to BLUETOOTH_TETHER
03-01 21:02:17.695   923   987 D QcConnectivityService: resetConnections(wlan0, 3)
03-01 21:02:17.885   923   987 D Nat464Xlat: requiresClat: netType=1, hasIPv4Address=false
03-01 21:02:20.895   923  1081 D QcConnectivityService: setProvNotificationVisible: E visible=false networkType=1 extraInfo=null url=null
03-01 21:02:25.825   923   987 D QcConnectivityService: Captive portal check NetworkInfo: type: WIFI[], state: CONNECTING/CAPTIVE_PORTAL_CHECK, reason: (unspecified), extra: "AllieGO 5GHz", roaming: false, failover: false, isAvailable: true, isConnectedToProvisioningNetwork: false
03-01 21:02:25.825   923   987 D QcConnectivityService: handleCaptivePortalTrackerCheck: call captivePortalCheckComplete ni=NetworkInfo: type: WIFI[], state: CONNECTING/CAPTIVE_PORTAL_CHECK, reason: (unspecified), extra: "AllieGO 5GHz", roaming: false, failover: false, isAvailable: true, isConnectedToProvisioningNetwork: false
03-01 21:02:25.825   923   987 D QcConnectivityService: handleInetConditionChange: no active default network - ignore
03-01 21:02:25.835   923   987 E QcConnectivityService: Unexpected mtu value: android.net.wifi.WifiStateTracker@418eee98
03-01 21:02:25.965   923   987 D Nat464Xlat: requiresClat: netType=1, hasIPv4Address=true
03-01 21:02:26.905   923   987 D QcConnectivityService: handleConnectivityChange: addresses changed linkProperty[1]: resetMask=0
03-01 21:02:26.905   923   987 D QcConnectivityService:    car=removed=[] added=[fe80::ce1b:e0ff:fe61:8a30/64,]
03-01 21:02:26.905   923   987 E QcConnectivityService: Exception while trying to add src route: java.lang.NullPointerException
03-01 21:02:26.905   923   987 D Nat464Xlat: requiresClat: netType=1, hasIPv4Address=true
03-01 21:02:38.985   923  1081 D QcConnectivityService: setProvNotificationVisible: E visible=false networkType=1 extraInfo=null url=null
03-01 21:02:46.605   923  1081 D QcConnectivityService: captivePortalCheckCompleted: ni=NetworkInfo: type: WIFI[], state: CONNECTED/CONNECTED, reason: (unspecified), extra: "AllieGO 5GHz", roaming: false, failover: false, isAvailable: true, isConnectedToProvisioningNetwork: false captive=false
03-01 21:10:00.895   923   987 D QcConnectivityService: tryFailover: set mActiveDefaultNetwork=-1, prevNetType=1
03-01 21:10:00.895   923   987 D QcConnectivityService: Attempting to switch to BLUETOOTH_TETHER
03-01 21:10:00.975   923   987 D QcConnectivityService: resetConnections(wlan0, 3)
03-01 21:10:01.165   923   987 D Nat464Xlat: requiresClat: netType=1, hasIPv4Address=false
03-01 21:10:04.175   923  1081 D QcConnectivityService: setProvNotificationVisible: E visible=false networkType=1 extraInfo=null url=null
03-01 21:10:09.075   923   987 D QcConnectivityService: Captive portal check NetworkInfo: type: WIFI[], state: CONNECTING/CAPTIVE_PORTAL_CHECK, reason: (unspecified), extra: "AllieGO 5GHz", roaming: false, failover: false, isAvailable: true, isConnectedToProvisioningNetwork: false
03-01 21:10:09.075   923   987 D QcConnectivityService: handleCaptivePortalTrackerCheck: call captivePortalCheckComplete ni=NetworkInfo: type: WIFI[], state: CONNECTING/CAPTIVE_PORTAL_CHECK, reason: (unspecified), extra: "AllieGO 5GHz", roaming: false, failover: false, isAvailable: true, isConnectedToProvisioningNetwork: false
03-01 21:10:09.075   923   987 D QcConnectivityService: handleInetConditionChange: no active default network - ignore
03-01 21:10:09.085   923   987 E QcConnectivityService: Unexpected mtu value: android.net.wifi.WifiStateTracker@418eee98
03-01 21:10:09.205   923   987 D Nat464Xlat: requiresClat: netType=1, hasIPv4Address=true
03-01 21:10:10.225   923   987 D QcConnectivityService: handleConnectivityChange: addresses changed linkProperty[1]: resetMask=0
03-01 21:10:10.225   923   987 D QcConnectivityService:    car=removed=[] added=[fe80::ce1b:e0ff:fe61:8a30/64,]
03-01 21:10:10.225   923   987 E QcConnectivityService: Exception while trying to add src route: java.lang.NullPointerException
03-01 21:10:10.225   923   987 D Nat464Xlat: requiresClat: netType=1, hasIPv4Address=true
03-01 21:10:22.225   923  1081 D QcConnectivityService: setProvNotificationVisible: E visible=false networkType=1 extraInfo=null url=null
03-01 21:10:22.425   923  1081 D QcConnectivityService: captivePortalCheckCompleted: ni=NetworkInfo: type: WIFI[], state: CONNECTED/CONNECTED, reason: (unspecified), extra: "AllieGO 5GHz", roaming: false, failover: false, isAvailable: true, isConnectedToProvisioningNetwork: false captive=false
03-01 21:15:04.365   923   987 D QcConnectivityService: Sampling interval elapsed, updating statistics ..
03-01 21:15:04.385   923   987 D QcConnectivityService: Done.
03-01 21:15:04.385   923   987 D QcConnectivityService: Setting timer for 720seconds
03-01 21:16:24.905   923   946 I ProcessStatsService: Prepared write state in 18ms
03-01 21:17:14.495   923   987 D QcConnectivityService: tryFailover: set mActiveDefaultNetwork=-1, prevNetType=1
03-01 21:17:14.495   923   987 D QcConnectivityService: Attempting to switch to BLUETOOTH_TETHER
03-01 21:17:14.595   923   987 D QcConnectivityService: resetConnections(wlan0, 3)
03-01 21:17:14.785   923   987 D Nat464Xlat: requiresClat: netType=1, hasIPv4Address=false
03-01 21:17:17.795   923  1081 D QcConnectivityService: setProvNotificationVisible: E visible=false networkType=1 extraInfo=null url=null
03-01 21:17:22.835   923   987 D QcConnectivityService: Captive portal check NetworkInfo: type: WIFI[], state: CONNECTING/CAPTIVE_PORTAL_CHECK, reason: (unspecified), extra: "AllieGO 5GHz", roaming: false, failover: false, isAvailable: true, isConnectedToProvisioningNetwork: false
03-01 21:17:22.835   923   987 D QcConnectivityService: handleCaptivePortalTrackerCheck: call captivePortalCheckComplete ni=NetworkInfo: type: WIFI[], state: CONNECTING/CAPTIVE_PORTAL_CHECK, reason: (unspecified), extra: "AllieGO 5GHz", roaming: false, failover: false, isAvailable: true, isConnectedToProvisioningNetwork: false
03-01 21:17:22.835   923   987 D QcConnectivityService: handleInetConditionChange: no active default network - ignore
03-01 21:17:22.845   923   987 E QcConnectivityService: Unexpected mtu value: android.net.wifi.WifiStateTracker@418eee98
03-01 21:17:22.995   923   987 D Nat464Xlat: requiresClat: netType=1, hasIPv4Address=true
03-01 21:17:24.535   923   987 D QcConnectivityService: handleConnectivityChange: addresses changed linkProperty[1]: resetMask=0
03-01 21:17:24.535   923   987 D QcConnectivityService:    car=removed=[] added=[fe80::ce1b:e0ff:fe61:8a30/64,]
03-01 21:17:24.535   923   987 E QcConnectivityService: Exception while trying to add src route: java.lang.NullPointerException
03-01 21:17:24.535   923   987 D Nat464Xlat: requiresClat: netType=1, hasIPv4Address=true
03-01 21:17:36.015   923  1081 D QcConnectivityService: setProvNotificationVisible: E visible=false networkType=1 extraInfo=null url=null
03-01 21:17:36.265   923  1081 D QcConnectivityService: captivePortalCheckCompleted: ni=NetworkInfo: type: WIFI[], state: CONNECTED/CONNECTED, reason: (unspecified), extra: "AllieGO 5GHz", roaming: false, failover: false, isAvailable: true, isConnectedToProvisioningNetwork: false captive=false
03-01 21:24:52.195   923   987 D QcConnectivityService: tryFailover: set mActiveDefaultNetwork=-1, prevNetType=1
03-01 21:24:52.195   923   987 D QcConnectivityService: Attempting to switch to BLUETOOTH_TETHER
03-01 21:24:52.295   923   987 D QcConnectivityService: resetConnections(wlan0, 3)
03-01 21:24:52.485   923   987 D Nat464Xlat: requiresClat: netType=1, hasIPv4Address=false
03-01 21:24:55.485   923  1081 D QcConnectivityService: setProvNotificationVisible: E visible=false networkType=1 extraInfo=null url=null
03-01 21:25:01.245   923   987 D QcConnectivityService: Captive portal check NetworkInfo: type: WIFI[], state: CONNECTING/CAPTIVE_PORTAL_CHECK, reason: (unspecified), extra: "AllieGO 5GHz", roaming: false, failover: false, isAvailable: true, isConnectedToProvisioningNetwork: false
03-01 21:25:01.245   923   987 D QcConnectivityService: handleCaptivePortalTrackerCheck: call captivePortalCheckComplete ni=NetworkInfo: type: WIFI[], state: CONNECTING/CAPTIVE_PORTAL_CHECK, reason: (unspecified), extra: "AllieGO 5GHz", roaming: false, failover: false, isAvailable: true, isConnectedToProvisioningNetwork: false
03-01 21:25:01.245   923   987 D QcConnectivityService: handleInetConditionChange: no active default network - ignore
03-01 21:25:01.265   923   987 E QcConnectivityService: Unexpected mtu value: android.net.wifi.WifiStateTracker@418eee98
03-01 21:25:01.425   923   987 D Nat464Xlat: requiresClat: netType=1, hasIPv4Address=true
03-01 21:25:02.335   923   987 D QcConnectivityService: handleConnectivityChange: addresses changed linkProperty[1]: resetMask=0
03-01 21:25:02.335   923   987 D QcConnectivityService:    car=removed=[] added=[fe80::ce1b:e0ff:fe61:8a30/64,]
03-01 21:25:02.335   923   987 E QcConnectivityService: Exception while trying to add src route: java.lang.NullPointerException
03-01 21:25:02.335   923   987 D Nat464Xlat: requiresClat: netType=1, hasIPv4Address=true
03-01 21:25:14.445   923  1081 D QcConnectivityService: setProvNotificationVisible: E visible=false networkType=1 extraInfo=null url=null
03-01 21:25:14.685   923  1081 D QcConnectivityService: captivePortalCheckCompleted: ni=NetworkInfo: type: WIFI[], state: CONNECTED/CONNECTED, reason: (unspecified), extra: "AllieGO 5GHz", roaming: false, failover: false, isAvailable: true, isConnectedToProvisioningNetwork: false captive=false
03-01 21:27:04.385   923   987 D QcConnectivityService: Sampling interval elapsed, updating statistics ..
03-01 21:27:04.405   923   987 D QcConnectivityService: Done.
03-01 21:27:04.405   923   987 D QcConnectivityService: Setting timer for 720seconds
03-01 21:32:21.195   923   987 D QcConnectivityService: tryFailover: set mActiveDefaultNetwork=-1, prevNetType=1
03-01 21:32:21.195   923   987 D QcConnectivityService: Attempting to switch to BLUETOOTH_TETHER
03-01 21:32:21.285   923   987 D QcConnectivityService: resetConnections(wlan0, 3)
03-01 21:32:21.475   923   987 D Nat464Xlat: requiresClat: netType=1, hasIPv4Address=false
03-01 21:32:24.485   923  1081 D QcConnectivityService: setProvNotificationVisible: E visible=false networkType=1 extraInfo=null url=null
03-01 21:32:29.015   923   987 D QcConnectivityService: Captive portal check NetworkInfo: type: WIFI[], state: CONNECTING/CAPTIVE_PORTAL_CHECK, reason: (unspecified), extra: "AllieGO 5GHz", roaming: false, failover: false, isAvailable: true, isConnectedToProvisioningNetwork: false
03-01 21:32:29.015   923   987 D QcConnectivityService: handleCaptivePortalTrackerCheck: call captivePortalCheckComplete ni=NetworkInfo: type: WIFI[], state: CONNECTING/CAPTIVE_PORTAL_CHECK, reason: (unspecified), extra: "AllieGO 5GHz", roaming: false, failover: false, isAvailable: true, isConnectedToProvisioningNetwork: false
03-01 21:32:29.015   923   987 D QcConnectivityService: handleInetConditionChange: no active default network - ignore
03-01 21:32:29.025   923   987 E QcConnectivityService: Unexpected mtu value: android.net.wifi.WifiStateTracker@418eee98
03-01 21:32:29.155   923   987 D Nat464Xlat: requiresClat: netType=1, hasIPv4Address=true
03-01 21:32:30.955   923   987 D QcConnectivityService: handleConnectivityChange: addresses changed linkProperty[1]: resetMask=0
03-01 21:32:30.955   923   987 D QcConnectivityService:    car=removed=[] added=[fe80::ce1b:e0ff:fe61:8a30/64,]
03-01 21:32:30.955   923   987 E QcConnectivityService: Exception while trying to add src route: java.lang.NullPointerException
03-01 21:32:30.955   923   987 D Nat464Xlat: requiresClat: netType=1, hasIPv4Address=true
03-01 21:32:42.165   923  1081 D QcConnectivityService: setProvNotificationVisible: E visible=false networkType=1 extraInfo=null url=null
03-01 21:32:42.505   923  1081 D QcConnectivityService: captivePortalCheckCompleted: ni=NetworkInfo: type: WIFI[], state: CONNECTED/CONNECTED, reason: (unspecified), extra: "AllieGO 5GHz", roaming: false, failover: false, isAvailable: true, isConnectedToProvisioningNetwork: false captive=false
03-01 21:39:04.405   923   987 D QcConnectivityService: Sampling interval elapsed, updating statistics ..
03-01 21:39:04.425   923   987 D QcConnectivityService: Done.
03-01 21:39:04.425   923   987 D QcConnectivityService: Setting timer for 720seconds
03-01 21:39:57.995   923   987 D QcConnectivityService: tryFailover: set mActiveDefaultNetwork=-1, prevNetType=1
03-01 21:39:57.995   923   987 D QcConnectivityService: Attempting to switch to BLUETOOTH_TETHER
03-01 21:39:58.095   923   987 D QcConnectivityService: resetConnections(wlan0, 3)
03-01 21:39:58.285   923   987 D Nat464Xlat: requiresClat: netType=1, hasIPv4Address=false
03-01 21:40:01.295   923  1081 D QcConnectivityService: setProvNotificationVisible: E visible=false networkType=1 extraInfo=null url=null
03-01 21:40:06.235   923   987 D QcConnectivityService: Captive portal check NetworkInfo: type: WIFI[], state: CONNECTING/CAPTIVE_PORTAL_CHECK, reason: (unspecified), extra: "AllieGO 5GHz", roaming: false, failover: false, isAvailable: true, isConnectedToProvisioningNetwork: false
03-01 21:40:06.235   923   987 D QcConnectivityService: handleCaptivePortalTrackerCheck: call captivePortalCheckComplete ni=NetworkInfo: type: WIFI[], state: CONNECTING/CAPTIVE_PORTAL_CHECK, reason: (unspecified), extra: "AllieGO 5GHz", roaming: false, failover: false, isAvailable: true, isConnectedToProvisioningNetwork: false
03-01 21:40:06.235   923   987 D QcConnectivityService: handleInetConditionChange: no active default network - ignore
03-01 21:40:06.255   923   987 E QcConnectivityService: Unexpected mtu value: android.net.wifi.WifiStateTracker@418eee98
03-01 21:40:06.375   923   987 D Nat464Xlat: requiresClat: netType=1, hasIPv4Address=true
03-01 21:40:07.285   923   987 D QcConnectivityService: handleConnectivityChange: addresses changed linkProperty[1]: resetMask=0
03-01 21:40:07.285   923   987 D QcConnectivityService:    car=removed=[] added=[fe80::ce1b:e0ff:fe61:8a30/64,]
03-01 21:40:07.285   923   987 E QcConnectivityService: Exception while trying to add src route: java.lang.NullPointerException
03-01 21:40:07.285   923   987 D Nat464Xlat: requiresClat: netType=1, hasIPv4Address=true
03-01 21:40:19.395   923  1081 D QcConnectivityService: setProvNotificationVisible: E visible=false networkType=1 extraInfo=null url=null
03-01 21:40:19.645   923  1081 D QcConnectivityService: captivePortalCheckCompleted: ni=NetworkInfo: type: WIFI[], state: CONNECTED/CONNECTED, reason: (unspecified), extra: "AllieGO 5GHz", roaming: false, failover: false, isAvailable: true, isConnectedToProvisioningNetwork: false captive=false
03-01 21:45:03.405   923   923 I EntropyMixer: Writing entropy...
03-01 21:46:34.475   923   946 I ProcessStatsService: Prepared write state in 10ms
03-01 21:47:29.255   923   987 D QcConnectivityService: tryFailover: set mActiveDefaultNetwork=-1, prevNetType=1
03-01 21:47:29.255   923   987 D QcConnectivityService: Attempting to switch to BLUETOOTH_TETHER
03-01 21:47:29.345   923   987 D QcConnectivityService: resetConnections(wlan0, 3)
03-01 21:47:29.535   923   987 D Nat464Xlat: requiresClat: netType=1, hasIPv4Address=false
03-01 21:47:32.545   923  1081 D QcConnectivityService: setProvNotificationVisible: E visible=false networkType=1 extraInfo=null url=null
03-01 21:47:36.635   923   987 D QcConnectivityService: Captive portal check NetworkInfo: type: WIFI[], state: CONNECTING/CAPTIVE_PORTAL_CHECK, reason: (unspecified), extra: "AllieGO 5GHz", roaming: false, failover: false, isAvailable: true, isConnectedToProvisioningNetwork: false
03-01 21:47:36.635   923   987 D QcConnectivityService: handleCaptivePortalTrackerCheck: call captivePortalCheckComplete ni=NetworkInfo: type: WIFI[], state: CONNECTING/CAPTIVE_PORTAL_CHECK, reason: (unspecified), extra: "AllieGO 5GHz", roaming: false, failover: false, isAvailable: true, isConnectedToProvisioningNetwork: false
03-01 21:47:36.635   923   987 D QcConnectivityService: handleInetConditionChange: no active default network - ignore
03-01 21:47:36.645   923   987 E QcConnectivityService: Unexpected mtu value: android.net.wifi.WifiStateTracker@418eee98
03-01 21:47:36.765   923   987 D Nat464Xlat: requiresClat: netType=1, hasIPv4Address=true
03-01 21:47:38.505   923   987 D QcConnectivityService: handleConnectivityChange: addresses changed linkProperty[1]: resetMask=0
03-01 21:47:38.505   923   987 D QcConnectivityService:    car=removed=[] added=[fe80::ce1b:e0ff:fe61:8a30/64,]
03-01 21:47:38.505   923   987 E QcConnectivityService: Exception while trying to add src route: java.lang.NullPointerException
03-01 21:47:38.505   923   987 D Nat464Xlat: requiresClat: netType=1, hasIPv4Address=true
03-01 21:47:49.785   923  1081 D QcConnectivityService: setProvNotificationVisible: E visible=false networkType=1 extraInfo=null url=null
03-01 21:47:50.105   923  1081 D QcConnectivityService: captivePortalCheckCompleted: ni=NetworkInfo: type: WIFI[], state: CONNECTED/CONNECTED, reason: (unspecified), extra: "AllieGO 5GHz", roaming: false, failover: false, isAvailable: true, isConnectedToProvisioningNetwork: false captive=false
03-01 21:48:49.845   923   946 W ProcessCpuTracker: Skipping unknown process pid 29811
03-01 21:51:04.465   923   987 D QcConnectivityService: Sampling interval elapsed, updating statistics ..
03-01 21:51:04.485   923   987 D QcConnectivityService: Done.
03-01 21:51:04.485   923   987 D QcConnectivityService: Setting timer for 720seconds
03-01 21:55:19.065   923   987 D QcConnectivityService: tryFailover: set mActiveDefaultNetwork=-1, prevNetType=1
03-01 21:55:19.065   923   987 D QcConnectivityService: Attempting to switch to BLUETOOTH_TETHER
03-01 21:55:19.165   923   987 D QcConnectivityService: resetConnections(wlan0, 3)
03-01 21:55:19.355   923   987 D Nat464Xlat: requiresClat: netType=1, hasIPv4Address=false
03-01 21:55:22.355   923  1081 D QcConnectivityService: setProvNotificationVisible: E visible=false networkType=1 extraInfo=null url=null
03-01 21:55:27.815   923   987 D QcConnectivityService: Captive portal check NetworkInfo: type: WIFI[], state: CONNECTING/CAPTIVE_PORTAL_CHECK, reason: (unspecified), extra: "AllieGO 5GHz", roaming: false, failover: false, isAvailable: true, isConnectedToProvisioningNetwork: false
03-01 21:55:27.815   923   987 D QcConnectivityService: handleCaptivePortalTrackerCheck: call captivePortalCheckComplete ni=NetworkInfo: type: WIFI[], state: CONNECTING/CAPTIVE_PORTAL_CHECK, reason: (unspecified), extra: "AllieGO 5GHz", roaming: false, failover: false, isAvailable: true, isConnectedToProvisioningNetwork: false
03-01 21:55:27.815   923   987 D QcConnectivityService: handleInetConditionChange: no active default network - ignore
03-01 21:55:27.835   923   987 E QcConnectivityService: Unexpected mtu value: android.net.wifi.WifiStateTracker@418eee98
03-01 21:55:27.985   923   987 D Nat464Xlat: requiresClat: netType=1, hasIPv4Address=true
03-01 21:55:29.445   923   987 D QcConnectivityService: handleConnectivityChange: addresses changed linkProperty[1]: resetMask=0
03-01 21:55:29.445   923   987 D QcConnectivityService:    car=removed=[] added=[fe80::ce1b:e0ff:fe61:8a30/64,]
03-01 21:55:29.445   923   987 E QcConnectivityService: Exception while trying to add src route: java.lang.NullPointerException
03-01 21:55:29.445   923   987 D Nat464Xlat: requiresClat: netType=1, hasIPv4Address=true
03-01 21:55:41.005   923  1081 D QcConnectivityService: setProvNotificationVisible: E visible=false networkType=1 extraInfo=null url=null
03-01 21:55:41.215   923  1081 D QcConnectivityService: captivePortalCheckCompleted: ni=NetworkInfo: type: WIFI[], state: CONNECTED/CONNECTED, reason: (unspecified), extra: "AllieGO 5GHz", roaming: false, failover: false, isAvailable: true, isConnectedToProvisioningNetwork: false captive=false
03-01 22:03:04.485   923   987 D QcConnectivityService: Sampling interval elapsed, updating statistics ..
03-01 22:03:04.505   923   987 D QcConnectivityService: Done.
03-01 22:03:04.505   923   987 D QcConnectivityService: Setting timer for 720seconds
03-01 22:03:10.585   923   987 D QcConnectivityService: tryFailover: set mActiveDefaultNetwork=-1, prevNetType=1
03-01 22:03:10.585   923   987 D QcConnectivityService: Attempting to switch to BLUETOOTH_TETHER
03-01 22:03:10.695   923   987 D QcConnectivityService: resetConnections(wlan0, 3)
03-01 22:03:10.885   923   987 D Nat464Xlat: requiresClat: netType=1, hasIPv4Address=false
