05-04 15:48:18.385  4053 19291 W ContextImpl: Calling a method in the system process without a qualified user: android.app.ContextImpl.sendBroadcast:1698 android.content.ContextWrapper.sendBroadcast:391 android.inputmethodservice.InputMethodService$4.run:3277 java.lang.Thread.run:818 <bottom of call stack> 
05-04 15:48:18.390  3256  3256 I ValidateNoPeople: skipping global notification
05-04 15:48:18.390  3256  3256 W NotificationService: Pray mode not found android.content.pm.PackageManager$NameNotFoundException: Application package com.sec.android.settings.praymodewidget not found
05-04 15:48:21.770  3256  3328 D PowerManagerService: [api] userActivityFromNative : 2140 (event: 2 flags: 0) eventTime = 13790476
05-04 15:48:22.795  3256  3739 D MultiWindowConverter: dismissGuide() : Before attaching the guide view, mForceDismissGuide : false
05-04 15:48:22.795  3256  3291 D StatusBarManagerService: manageDisableList userId=0 what=0x0 pkg=WindowManager.LayoutParams
05-04 15:48:22.835  3256  3327 V AlarmManager: waitForAlarm result :4
05-04 15:48:23.620  3256  5293 D BatteryService: !@BatteryListener : batteryPropertiesChanged!
05-04 15:48:23.620  3256  5293 D BatteryService: level:86, scale:100, status:3, health:2, present:true, voltage: 4144, temperature: 378, technology: Li-ion, AC powered:false, USB powered:true, POGO powered:false, Wireless powered:false, icon:17303382, invalid charger:0
05-04 15:48:23.620  3256  5293 D BatteryService: online:4, current avg:-82, charge type:2, power sharing:false, high voltage charger:false, capacity:280000, current_now:-82
05-04 15:48:23.620  3256  3256 D BatteryService: Sending ACTION_BATTERY_CHANGED.
05-04 15:48:23.630  3672  3672 V EmergencyMode: [EmergencyStateReceiver] onReceive : android.intent.action.BATTERY_CHANGED
05-04 15:48:23.630  3672  3672 V EmergencyMode: [EmergencyStateReceiver] ACTION_BATTERY_CHANGED mBatteryLevelForLogging = 86
05-04 15:48:23.640  3421  3421 D BatteryMeterView: ACTION_BATTERY_CHANGED : level:86 status:3 health:2
05-04 15:48:23.640  3421  3421 D BatteryMeterView: ACTION_BATTERY_CHANGED : level:86 status:3 health:2
05-04 15:48:23.645  3421  3421 D BatteryMeterView: ACTION_BATTERY_CHANGED : level:86 status:3 health:2
05-04 15:48:24.280  3256  3526 D MultiWindowConverter: dismissGuide() : Before attaching the guide view, mForceDismissGuide : false
05-04 15:48:24.285  3256  3291 D StatusBarManagerService: manageDisableList userId=0 what=0x0 pkg=WindowManager.LayoutParams
05-04 15:48:24.315  3256  5293 D CustomFrequencyManagerService: acquireDVFSLockLocked : type : DVFS_MIN_LIMIT  frequency : 1800000  uid : 1000  pid : 3256  pkgName : ACTIVITY_RESUME_BOOSTER@2
05-04 15:48:24.315  3256  5293 W ActivityManager: mDVFSHelper.acquire()
05-04 15:48:24.315  3256  5293 W ActivityManager: startActivity called from finishing ActivityRecord{706e8ef u0 com.icrealtime.allie/.ui.activities.AuthActivity t683 f}; forcing Intent.FLAG_ACTIVITY_NEW_TASK for: Intent { flg=0x4000000 cmp=com.icrealtime.allie/.ui.activities.MainActivity (has extras) }
05-04 15:48:24.320  3256  5293 D MultiWindowConverter: dismissGuide() : Before attaching the guide view, mForceDismissGuide : false
05-04 15:48:24.320  3256  3269 W InputMethodManagerService: Window already focused, ignoring focus gain of: com.android.internal.view.IInputMethodClient$Stub$Proxy@a833606 attribute=null, token = android.os.BinderProxy@f224fe8
05-04 15:48:24.345  3256  3524 D PowerManagerService: [api] acquire WakeLock flags=0x2000000a tag=WindowManager uid=1000 pid=3256
05-04 15:48:24.350  3256  5293 W ActivityManager: Permission Denial: getCurrentUser() from pid=18988, uid=10360 requires android.permission.INTERACT_ACROSS_USERS
05-04 15:48:24.355  3256  3586 D ActivityManager: startService callerProcessName:com.icrealtime.allie, calleePkgName: com.icrealtime.allie
05-04 15:48:24.355  3256  3586 D ActivityManager: retrieveServiceLocked(): component = com.icrealtime.allie/com.icrealtime.allie.service.BackgroundService; callingUser = 0; userId(target) = 0
05-04 15:48:24.425  3256  7219 D ActivityManager: bindService callerProcessName:com.icrealtime.allie, calleePkgName: com.icrealtime.allie, action: null
05-04 15:48:24.425  3256  7219 D ActivityManager: retrieveServiceLocked(): component = com.icrealtime.allie/com.icrealtime.allie.service.BackgroundService; callingUser = 0; userId(target) = 0
05-04 15:48:24.440  3256  3256 D PersonaManagerService: getPersonasForUser(): returning null!
05-04 15:48:24.455  3256  3269 D MultiWindowConverter: dismissGuide() : Before attaching the guide view, mForceDismissGuide : false
05-04 15:48:24.455  3256  3291 D StatusBarManagerService: manageDisableList userId=0 what=0x0 pkg=WindowManager.LayoutParams
05-04 15:48:24.455  3256  3291 D StatusBarManagerService: manageDisableList userId=0 what=0x0 pkg=WindowManager.LayoutParams
05-04 15:48:24.490  3256 19298 W ContextImpl: Calling a method in the system process without a qualified user: android.app.ContextImpl.sendBroadcast:1698 com.android.server.InputMethodManagerService$6.run:2786 java.lang.Thread.run:818 <bottom of call stack> <bottom of call stack> 
05-04 15:48:24.490  3256  3524 I MultiPhoneWindowManager: Changed -> mCurrentInputMethodTarget : null
05-04 15:48:24.490  3256  3256 D LightsService: [api] [SvcLED] turnOff:: id = 4 (uid: 1000 pid: 3256) 
05-04 15:48:24.490  3256  3256 D LightsService: [SvcLED] setSvcLedStateLocked:: SvcLEDState : 0x0 -> 0x0 | SvcLED(id=4) set Off
05-04 15:48:24.495  3256  3307 D LightsService: [SvcLED] Lux failed to be updated in 0ms. -> handleForcedSvcLEDTasK
05-04 15:48:24.495  3256  3307 D LightsService: [SvcLED]  setSvcLedLightLocked :: Current SvcLED(id=3) maintains its priority right
05-04 15:48:24.500  4053  4053 W ContextImpl: Calling a method in the system process without a qualified user: android.app.ContextImpl.sendBroadcast:1698 android.content.ContextWrapper.sendBroadcast:391 android.inputmethodservice.InputMethodService.sendInputViewShownState:424 android.inputmethodservice.InputMethodService.hideWindow:2193 android.inputmethodservice.InputMethodService.doHideWindow:2171 
05-04 15:48:24.500  4053 19299 W ContextImpl: Calling a method in the system process without a qualified user: android.app.ContextImpl.sendBroadcast:1698 android.content.ContextWrapper.sendBroadcast:391 android.inputmethodservice.InputMethodService$4.run:3277 java.lang.Thread.run:818 <bottom of call stack> 
05-04 15:48:24.500  3256  5014 D SSRM:a  : DeviceInfo:: 000000000000
05-04 15:48:24.500  3256  5014 D SSRM:a  : SettingsAirViewInfo:: 000000000
05-04 15:48:24.800  3256  3293 D CustomFrequencyManagerService: releaseDVFSLockLocked : Getting Lock type frm List : DVFS_MIN_LIMIT  frequency : 1800000  uid : 1000  pid : 3256  tag : ACTIVITY_RESUME_BOOSTER@2
05-04 15:48:24.800  3256  3293 W ActivityManager: mDVFSHelper.release()
05-04 15:48:24.805  3256  3287 D CustomFrequencyManagerService: acquireDVFSLockLocked : type : DVFS_MIN_LIMIT  frequency : 1800000  uid : 1000  pid : 3256  pkgName : ACTIVITY_RESUME_BOOSTER@6
05-04 15:48:25.110  3256  3256 D CustomFrequencyManagerService: releaseDVFSLockLocked : Getting Lock type frm List : DVFS_MIN_LIMIT  frequency : 1800000  uid : 1000  pid : 3256  tag : ACTIVITY_RESUME_BOOSTER@6
05-04 15:48:25.885  3256  5014 D SSRM:n  : SIOP:: AP = 470, PST = 475 (W:14), CUR = -82, LCD = 147
05-04 15:48:26.310  3256  6937 D PowerManagerService: [api] [s] userActivity : event: 0 flags: 0 (uid: 1000 pid: 3256) eventTime = 13795018
05-04 15:48:26.310  3256  6937 D PowerManagerService: [api] release WakeLock flags=0x2000000a tag=WindowManager uid=1000 pid=3256 (0x0)
05-04 15:48:26.310  3256  6937 D PowerManagerService: [api] applyWakeLockFlagsOnReleaseLocked : userActivityNoUpdateLocked is called : SCREEN_BRIGHT_WAKE_LOCK        'WindowManager' ON_AFTER_RELEASE (uid=1000, pid=3256, ws=WorkSource{10360}) (elapsedTime=1967)
05-04 15:48:31.890  3256 19303 W ContextImpl: Calling a method in the system process without a qualified user: android.app.ContextImpl.sendBroadcast:1698 com.android.server.InputMethodManagerService$6.run:2786 java.lang.Thread.run:818 <bottom of call stack> <bottom of call stack> 
05-04 15:48:31.930  3256  5293 D MotionRecognitionService:  ssp status : false
05-04 15:48:33.630  3256  3351 D BatteryService: !@BatteryListener : batteryPropertiesChanged!
05-04 15:48:33.630  3256  3351 D BatteryService: level:86, scale:100, status:3, health:2, present:true, voltage: 4128, temperature: 381, technology: Li-ion, AC powered:false, USB powered:true, POGO powered:false, Wireless powered:false, icon:17303382, invalid charger:0
05-04 15:48:33.630  3256  3351 D BatteryService: online:4, current avg:-332, charge type:2, power sharing:false, high voltage charger:false, capacity:280000, current_now:-332
05-04 15:48:33.630  3256  3256 D BatteryService: Sending ACTION_BATTERY_CHANGED.
05-04 15:48:33.635  3672  3672 V EmergencyMode: [EmergencyStateReceiver] onReceive : android.intent.action.BATTERY_CHANGED
05-04 15:48:33.635  3672  3672 V EmergencyMode: [EmergencyStateReceiver] ACTION_BATTERY_CHANGED mBatteryLevelForLogging = 86
05-04 15:48:33.650  3421  3421 D BatteryMeterView: ACTION_BATTERY_CHANGED : level:86 status:3 health:2
05-04 15:48:33.650  3421  3421 D BatteryMeterView: ACTION_BATTERY_CHANGED : level:86 status:3 health:2
05-04 15:48:33.650  3421  3421 D BatteryMeterView: ACTION_BATTERY_CHANGED : level:86 status:3 health:2
05-04 15:48:34.940  3256  7218 D ActivityManager: bindService callerProcessName:android, calleePkgName: com.sec.android.inputmethod, action: android.view.InputMethod
05-04 15:48:34.940  3256  7218 D ActivityManager: retrieveServiceLocked(): component = com.sec.android.inputmethod/com.sec.android.inputmethod.SamsungKeypad; callingUser = 0; userId(target) = 0
05-04 15:48:34.940  3256  7218 I MultiPhoneWindowManager: Changed -> mCurrentInputMethodTarget : Window{3242b260 u0 com.icrealtime.allie/com.icrealtime.allie.ui.activities.MainActivity}
05-04 15:48:34.945  3256  3269 D CustomFrequencyManagerService: acquireDVFSLockLocked : type : DVFS_MIN_LIMIT  frequency : 1700000  uid : 1000  pid : 3256  pkgName : com.sec.android.inputmethod@1
05-04 15:48:34.945  3256  3524 V VibratorService: hasVibrator - useVibetonz: false
05-04 15:48:35.020  4053  4053 W ContextImpl: Calling a method in the system process without a qualified user: android.app.ContextImpl.sendBroadcast:1698 android.content.ContextWrapper.sendBroadcast:391 com.ime.framework.common.InputManagerImpl.sendBroadcaseSIPShown:9947 com.ime.framework.common.InputManagerImpl.startInputView:3692 com.sec.android.inputmethod.SamsungKeypad.onStartInputView:445 
05-04 15:48:35.025  4053  4053 W ContextImpl: Calling a method in the system process without a qualified user: android.app.ContextImpl.sendBroadcast:1698 android.content.ContextWrapper.sendBroadcast:391 android.inputmethodservice.InputMethodService.sendInputViewShownState:424 android.inputmethodservice.InputMethodService.showWindow:2021 android.inputmethodservice.InputMethodService$InputMethodImpl.showSoftInput:648 
05-04 15:48:35.025  4053 19309 W ContextImpl: Calling a method in the system process without a qualified user: android.app.ContextImpl.sendBroadcast:1698 android.content.ContextWrapper.sendBroadcast:391 android.inputmethodservice.InputMethodService$4.run:3277 java.lang.Thread.run:818 <bottom of call stack> 
05-04 15:48:35.025  3256  5014 D SSRM:a  : DeviceInfo:: 000000000000
05-04 15:48:35.025  3256  5014 D SSRM:a  : SettingsAirViewInfo:: 000000000
05-04 15:48:35.030  3256  3256 I ValidateNoPeople: skipping global notification
05-04 15:48:35.030  3256  3256 W NotificationService: Pray mode not found android.content.pm.PackageManager$NameNotFoundException: Application package com.sec.android.settings.praymodewidget not found
05-04 15:48:35.345  3256  3268 D CustomFrequencyManagerService: releaseDVFSLockLocked : Getting Lock type frm List : DVFS_MIN_LIMIT  frequency : 1700000  uid : 1000  pid : 3256  tag : com.sec.android.inputmethod@1
05-04 15:48:35.895  3256  5014 D SSRM:n  : SIOP:: AP = 460, PST = 475 (W:14), CUR = -332, LCD = 147
05-04 15:48:37.910  4053  4053 W ContextImpl: Calling a method in the system process without a qualified user: android.app.ContextImpl.sendBroadcast:1698 android.content.ContextWrapper.sendBroadcast:391 android.inputmethodservice.InputMethodService.sendInputViewShownState:424 android.inputmethodservice.InputMethodService.showWindow:2021 android.inputmethodservice.InputMethodService$InputMethodImpl.showSoftInput:648 
05-04 15:48:37.915  3256  5014 D SSRM:a  : DeviceInfo:: 000000000000
05-04 15:48:37.915  3256  5014 D SSRM:a  : SettingsAirViewInfo:: 000000000
05-04 15:48:37.915  4053 19311 W ContextImpl: Calling a method in the system process without a qualified user: android.app.ContextImpl.sendBroadcast:1698 android.content.ContextWrapper.sendBroadcast:391 android.inputmethodservice.InputMethodService$4.run:3277 java.lang.Thread.run:818 <bottom of call stack> 
05-04 15:48:37.925  3256  3256 I ValidateNoPeople: skipping global notification
05-04 15:48:37.925  3256  3256 W NotificationService: Pray mode not found android.content.pm.PackageManager$NameNotFoundException: Application package com.sec.android.settings.praymodewidget not found
05-04 15:48:40.430  3256  3328 D PowerManagerService: [api] userActivityFromNative : 2150 (event: 1 flags: 0) eventTime = 13809134
05-04 15:48:42.175  4053  4053 W ContextImpl: Calling a method in the system process without a qualified user: android.app.ContextImpl.sendBroadcast:1698 android.content.ContextWrapper.sendBroadcast:391 com.ime.framework.common.InputManagerImpl.sendBroadcaseSIPShown:9947 com.ime.framework.common.InputManagerImpl.startInputView:3692 com.sec.android.inputmethod.SamsungKeypad.onStartInputView:445 
05-04 15:48:42.175  4053  4053 W ContextImpl: Calling a method in the system process without a qualified user: android.app.ContextImpl.sendBroadcast:1698 android.content.ContextWrapper.sendBroadcast:391 android.inputmethodservice.InputMethodService.sendInputViewShownState:424 android.inputmethodservice.InputMethodService.showWindow:2021 android.inputmethodservice.InputMethodService$InputMethodImpl.showSoftInput:648 
05-04 15:48:42.180  4053 19316 W ContextImpl: Calling a method in the system process without a qualified user: android.app.ContextImpl.sendBroadcast:1698 android.content.ContextWrapper.sendBroadcast:391 android.inputmethodservice.InputMethodService$4.run:3277 java.lang.Thread.run:818 <bottom of call stack> 
05-04 15:48:42.180  3256  5014 D SSRM:a  : DeviceInfo:: 000000000000
05-04 15:48:42.180  3256  5014 D SSRM:a  : SettingsAirViewInfo:: 000000000
05-04 15:48:42.190  3256  3256 I ValidateNoPeople: skipping global notification
05-04 15:48:42.190  3256  3256 W NotificationService: Pray mode not found android.content.pm.PackageManager$NameNotFoundException: Application package com.sec.android.settings.praymodewidget not found
05-04 15:48:42.190  4053  4053 W ContextImpl: Calling a method in the system process without a qualified user: android.app.ContextImpl.sendBroadcast:1698 android.content.ContextWrapper.sendBroadcast:391 android.inputmethodservice.InputMethodService.sendInputViewShownState:424 android.inputmethodservice.InputMethodService.showWindow:2021 android.inputmethodservice.InputMethodService$InputMethodImpl.showSoftInput:648 
05-04 15:48:42.195  4053 19318 W ContextImpl: Calling a method in the system process without a qualified user: android.app.ContextImpl.sendBroadcast:1698 android.content.ContextWrapper.sendBroadcast:391 android.inputmethodservice.InputMethodService$4.run:3277 java.lang.Thread.run:818 <bottom of call stack> 
05-04 15:48:42.195  3256  5014 D SSRM:a  : DeviceInfo:: 000000000000
05-04 15:48:42.195  3256  5014 D SSRM:a  : SettingsAirViewInfo:: 000000000
05-04 15:48:42.200  3256  3256 I ValidateNoPeople: skipping global notification
05-04 15:48:42.205  3256  3256 W NotificationService: Pray mode not found android.content.pm.PackageManager$NameNotFoundException: Application package com.sec.android.settings.praymodewidget not found
05-04 15:48:43.635  3256  3585 D BatteryService: !@BatteryListener : batteryPropertiesChanged!
05-04 15:48:43.635  3256  3585 D BatteryService: level:86, scale:100, status:3, health:2, present:true, voltage: 4132, temperature: 378, technology: Li-ion, AC powered:false, USB powered:true, POGO powered:false, Wireless powered:false, icon:17303382, invalid charger:0
05-04 15:48:43.635  3256  3585 D BatteryService: online:4, current avg:-74, charge type:2, power sharing:false, high voltage charger:false, capacity:280000, current_now:-74
05-04 15:48:43.635  3256  3256 D BatteryService: Sending ACTION_BATTERY_CHANGED.
05-04 15:48:43.645  3672  3672 V EmergencyMode: [EmergencyStateReceiver] onReceive : android.intent.action.BATTERY_CHANGED
05-04 15:48:43.645  3672  3672 V EmergencyMode: [EmergencyStateReceiver] ACTION_BATTERY_CHANGED mBatteryLevelForLogging = 86
05-04 15:48:43.665  3421  3421 D BatteryMeterView: ACTION_BATTERY_CHANGED : level:86 status:3 health:2
05-04 15:48:43.665  3421  3421 D BatteryMeterView: ACTION_BATTERY_CHANGED : level:86 status:3 health:2
05-04 15:48:43.665  3421  3421 D BatteryMeterView: ACTION_BATTERY_CHANGED : level:86 status:3 health:2
05-04 15:48:45.050  3256  3566 E Watchdog: !@Sync 460 [05-04 15:48:45.057]
05-04 15:48:45.090  4053  4053 W ContextImpl: Calling a method in the system process without a qualified user: android.app.ContextImpl.sendBroadcast:1698 android.content.ContextWrapper.sendBroadcast:391 android.inputmethodservice.InputMethodService.sendInputViewShownState:424 android.inputmethodservice.InputMethodService.showWindow:2021 android.inputmethodservice.InputMethodService$InputMethodImpl.showSoftInput:648 
05-04 15:48:45.090  4053 19320 W ContextImpl: Calling a method in the system process without a qualified user: android.app.ContextImpl.sendBroadcast:1698 android.content.ContextWrapper.sendBroadcast:391 android.inputmethodservice.InputMethodService$4.run:3277 java.lang.Thread.run:818 <bottom of call stack> 
05-04 15:48:45.090  3256  5014 D SSRM:a  : DeviceInfo:: 000000000000
05-04 15:48:45.090  3256  5014 D SSRM:a  : SettingsAirViewInfo:: 000000000
05-04 15:48:45.100  3256  3256 I ValidateNoPeople: skipping global notification
05-04 15:48:45.105  3256  3256 W NotificationService: Pray mode not found android.content.pm.PackageManager$NameNotFoundException: Application package com.sec.android.settings.praymodewidget not found
05-04 15:48:45.900  3256  5014 D SSRM:n  : SIOP:: AP = 460, PST = 475 (W:14), CUR = -74, LCD = 147
05-04 15:48:48.285  3256  3316 D TimaService: TIMA: TimaService scheduler is intialized. 
05-04 15:48:48.285  3256  3316 D TimaService: TIMA: checkEvent, operation: 50000 subject: 10000
05-04 15:48:48.285  3256  3315 D TimaService: TimaServiceHandler.handleMessage what =1
05-04 15:48:49.175  4053  4053 W ContextImpl: Calling a method in the system process without a qualified user: android.app.ContextImpl.sendBroadcast:1698 android.content.ContextWrapper.sendBroadcast:391 com.ime.framework.common.InputManagerImpl.sendBroadcaseSIPShown:9947 com.ime.framework.common.InputManagerImpl.startInputView:3692 com.sec.android.inputmethod.SamsungKeypad.onStartInputView:445 
05-04 15:48:49.180  4053  4053 W ContextImpl: Calling a method in the system process without a qualified user: android.app.ContextImpl.sendBroadcast:1698 android.content.ContextWrapper.sendBroadcast:391 android.inputmethodservice.InputMethodService.sendInputViewShownState:424 android.inputmethodservice.InputMethodService.showWindow:2021 android.inputmethodservice.InputMethodService$InputMethodImpl.showSoftInput:648 
05-04 15:48:49.185  4053 19325 W ContextImpl: Calling a method in the system process without a qualified user: android.app.ContextImpl.sendBroadcast:1698 android.content.ContextWrapper.sendBroadcast:391 android.inputmethodservice.InputMethodService$4.run:3277 java.lang.Thread.run:818 <bottom of call stack> 
05-04 15:48:49.185  3256  5014 D SSRM:a  : DeviceInfo:: 000000000000
05-04 15:48:49.185  3256  5014 D SSRM:a  : SettingsAirViewInfo:: 000000000
05-04 15:48:49.190  3256  3256 I ValidateNoPeople: skipping global notification
05-04 15:48:49.190  4053  4053 W ContextImpl: Calling a method in the system process without a qualified user: android.app.ContextImpl.sendBroadcast:1698 android.content.ContextWrapper.sendBroadcast:391 android.inputmethodservice.InputMethodService.sendInputViewShownState:424 android.inputmethodservice.InputMethodService.showWindow:2021 android.inputmethodservice.InputMethodService$InputMethodImpl.showSoftInput:648 
05-04 15:48:49.190  4053 19327 W ContextImpl: Calling a method in the system process without a qualified user: android.app.ContextImpl.sendBroadcast:1698 android.content.ContextWrapper.sendBroadcast:391 android.inputmethodservice.InputMethodService$4.run:3277 java.lang.Thread.run:818 <bottom of call stack> 
05-04 15:48:49.190  3256  3256 W NotificationService: Pray mode not found android.content.pm.PackageManager$NameNotFoundException: Application package com.sec.android.settings.praymodewidget not found
05-04 15:48:49.190  3256  5014 D SSRM:a  : DeviceInfo:: 000000000000
05-04 15:48:49.190  3256  5014 D SSRM:a  : SettingsAirViewInfo:: 000000000
05-04 15:48:49.195  3256  3256 I ValidateNoPeople: skipping global notification
05-04 15:48:49.200  3256  3256 W NotificationService: Pray mode not found android.content.pm.PackageManager$NameNotFoundException: Application package com.sec.android.settings.praymodewidget not found
05-04 15:48:50.150  3256  3316 D TimaService: TIMA MEASUREMENT Result: TIMA_STATUS=0;MSG=Kernel Verification Success;
05-04 15:48:50.155  3256  3316 D TimaService: TIMA MEASUREMENT success status: TIMA_STATUS=0;MSG=Kernel Verification Success;
05-04 15:48:51.750  3256  3328 D PowerManagerService: [api] userActivityFromNative : 2160 (event: 2 flags: 0) eventTime = 13820458
05-04 15:48:52.290  4053  4053 W ContextImpl: Calling a method in the system process without a qualified user: android.app.ContextImpl.sendBroadcast:1698 android.content.ContextWrapper.sendBroadcast:391 android.inputmethodservice.InputMethodService.sendInputViewShownState:424 android.inputmethodservice.InputMethodService.showWindow:2021 android.inputmethodservice.InputMethodService$InputMethodImpl.showSoftInput:648 
05-04 15:48:52.295  3256  5014 D SSRM:a  : DeviceInfo:: 000000000000
05-04 15:48:52.295  3256  5014 D SSRM:a  : SettingsAirViewInfo:: 000000000
05-04 15:48:52.295  4053 19328 W ContextImpl: Calling a method in the system process without a qualified user: android.app.ContextImpl.sendBroadcast:1698 android.content.ContextWrapper.sendBroadcast:391 android.inputmethodservice.InputMethodService$4.run:3277 java.lang.Thread.run:818 <bottom of call stack> 
05-04 15:48:52.300  3256  3256 I ValidateNoPeople: skipping global notification
05-04 15:48:52.305  3256  3256 W NotificationService: Pray mode not found android.content.pm.PackageManager$NameNotFoundException: Application package com.sec.android.settings.praymodewidget not found
05-04 15:48:53.645  3256  7218 D BatteryService: !@BatteryListener : batteryPropertiesChanged!
05-04 15:48:53.645  3256  7218 D BatteryService: level:86, scale:100, status:3, health:2, present:true, voltage: 4128, temperature: 377, technology: Li-ion, AC powered:false, USB powered:true, POGO powered:false, Wireless powered:false, icon:17303382, invalid charger:0
05-04 15:48:53.645  3256  7218 D BatteryService: online:4, current avg:-116, charge type:2, power sharing:false, high voltage charger:false, capacity:280000, current_now:-117
05-04 15:48:53.645  3256  3256 D BatteryService: Sending ACTION_BATTERY_CHANGED.
05-04 15:48:53.650  3672  3672 V EmergencyMode: [EmergencyStateReceiver] onReceive : android.intent.action.BATTERY_CHANGED
05-04 15:48:53.650  3672  3672 V EmergencyMode: [EmergencyStateReceiver] ACTION_BATTERY_CHANGED mBatteryLevelForLogging = 86
05-04 15:48:53.665  3421  3421 D BatteryMeterView: ACTION_BATTERY_CHANGED : level:86 status:3 health:2
05-04 15:48:53.665  3421  3421 D BatteryMeterView: ACTION_BATTERY_CHANGED : level:86 status:3 health:2
05-04 15:48:53.665  3421  3421 D BatteryMeterView: ACTION_BATTERY_CHANGED : level:86 status:3 health:2
05-04 15:48:55.535  3256 19331 W ContextImpl: Calling a method in the system process without a qualified user: android.app.ContextImpl.sendBroadcast:1698 com.android.server.InputMethodManagerService$6.run:2786 java.lang.Thread.run:818 <bottom of call stack> <bottom of call stack> 
05-04 15:48:55.540  3256  3526 I MultiPhoneWindowManager: Changed -> mCurrentInputMethodTarget : null
05-04 15:48:55.540  3256  3256 D LightsService: [api] [SvcLED] turnOff:: id = 4 (uid: 1000 pid: 3256) 
05-04 15:48:55.540  3256  3256 D LightsService: [SvcLED] setSvcLedStateLocked:: SvcLEDState : 0x0 -> 0x0 | SvcLED(id=4) set Off
05-04 15:48:55.540  3256  3307 D LightsService: [SvcLED] Lux failed to be updated in 0ms. -> handleForcedSvcLEDTasK
05-04 15:48:55.540  3256  3307 D LightsService: [SvcLED]  setSvcLedLightLocked :: Current SvcLED(id=3) maintains its priority right
05-04 15:48:55.555  4053  4053 W ContextImpl: Calling a method in the system process without a qualified user: android.app.ContextImpl.sendBroadcast:1698 android.content.ContextWrapper.sendBroadcast:391 android.inputmethodservice.InputMethodService.sendInputViewShownState:424 android.inputmethodservice.InputMethodService.hideWindow:2193 android.inputmethodservice.InputMethodService.doHideWindow:2171 
05-04 15:48:55.560  3256  5014 D SSRM:a  : DeviceInfo:: 000000000000
05-04 15:48:55.560  3256  5014 D SSRM:a  : SettingsAirViewInfo:: 000000000
05-04 15:48:55.560  4053 19332 W ContextImpl: Calling a method in the system process without a qualified user: android.app.ContextImpl.sendBroadcast:1698 android.content.ContextWrapper.sendBroadcast:391 android.inputmethodservice.InputMethodService$4.run:3277 java.lang.Thread.run:818 <bottom of call stack> 
05-04 15:48:55.915  3256  5014 D SSRM:n  : SIOP:: AP = 450, PST = 475 (W:16), CUR = -116, LCD = 147
05-04 15:48:56.600  3256  7219 D MultiWindowConverter: dismissGuide() : Before attaching the guide view, mForceDismissGuide : false
05-04 15:48:56.600  3256  3291 D StatusBarManagerService: manageDisableList userId=0 what=0x0 pkg=WindowManager.LayoutParams
05-04 15:48:59.995  3256  3327 V AlarmManager: waitForAlarm result :8
05-04 15:49:03.655  3256  7218 D BatteryService: !@BatteryListener : batteryPropertiesChanged!
05-04 15:49:03.655  3256  7218 D BatteryService: level:86, scale:100, status:3, health:2, present:true, voltage: 4136, temperature: 376, technology: Li-ion, AC powered:false, USB powered:true, POGO powered:false, Wireless powered:false, icon:17303382, invalid charger:0
05-04 15:49:03.655  3256  7218 D BatteryService: online:4, current avg:-46, charge type:2, power sharing:false, high voltage charger:false, capacity:280000, current_now:-46
05-04 15:49:03.655  3256  3256 D BatteryService: Sending ACTION_BATTERY_CHANGED.
05-04 15:49:03.665  3672  3672 V EmergencyMode: [EmergencyStateReceiver] onReceive : android.intent.action.BATTERY_CHANGED
05-04 15:49:03.665  3672  3672 V EmergencyMode: [EmergencyStateReceiver] ACTION_BATTERY_CHANGED mBatteryLevelForLogging = 86
05-04 15:49:03.670  3421  3421 D BatteryMeterView: ACTION_BATTERY_CHANGED : level:86 status:3 health:2
05-04 15:49:03.680  3421  3421 D BatteryMeterView: ACTION_BATTERY_CHANGED : level:86 status:3 health:2
05-04 15:49:03.680  3421  3421 D BatteryMeterView: ACTION_BATTERY_CHANGED : level:86 status:3 health:2
05-04 15:49:04.965  3256  3526 D MultiWindowConverter: dismissGuide() : Before attaching the guide view, mForceDismissGuide : false
05-04 15:49:04.965  3256  3291 D StatusBarManagerService: manageDisableList userId=0 what=0x0 pkg=WindowManager.LayoutParams
05-04 15:49:05.000  3256  5292 W InputMethodManagerService: Window already focused, ignoring focus gain of: com.android.internal.view.IInputMethodClient$Stub$Proxy@1af6e0c0 attribute=android.view.inputmethod.EditorInfo@81861f9, token = android.os.BinderProxy@31e62663
05-04 15:49:05.925  3256  5014 D SSRM:n  : SIOP:: AP = 460, PST = 471 (W:14), CUR = -46, LCD = 147
05-04 15:49:11.545  3256  3351 D CustomFrequencyManagerService: acquireDVFSLockLocked : type : DVFS_MIN_LIMIT  frequency : 1800000  uid : 1000  pid : 3256  pkgName : ACTIVITY_RESUME_BOOSTER@2
05-04 15:49:11.545  3256  3351 W ActivityManager: mDVFSHelper.acquire()
05-04 15:49:11.550  3256  3351 D MultiWindowConverter: dismissGuide() : Before attaching the guide view, mForceDismissGuide : false
05-04 15:49:11.550  3256  3586 W ActivityManager: Duplicate finish request for ActivityRecord{28a004eb u0 com.icrealtime.allie/.ui.activities.MainActivity t683 f}
05-04 15:49:11.570  3256  6911 W ActivityManager: Permission Denial: getCurrentUser() from pid=18988, uid=10360 requires android.permission.INTERACT_ACROSS_USERS
05-04 15:49:11.575  3256  3586 D ActivityManager: startService callerProcessName:com.icrealtime.allie, calleePkgName: com.icrealtime.allie
05-04 15:49:11.575  3256  3586 D ActivityManager: retrieveServiceLocked(): component = com.icrealtime.allie/com.icrealtime.allie.service.BackgroundService; callingUser = 0; userId(target) = 0
05-04 15:49:11.800  3256  3739 D ActivityManager: bindService callerProcessName:com.icrealtime.allie, calleePkgName: com.icrealtime.allie, action: null
05-04 15:49:11.800  3256  3739 D ActivityManager: retrieveServiceLocked(): component = com.icrealtime.allie/com.icrealtime.allie.service.BackgroundService; callingUser = 0; userId(target) = 0
05-04 15:49:11.805  3256  3256 D PersonaManagerService: getPersonasForUser(): returning null!
05-04 15:49:11.815  3256  3351 D MultiWindowConverter: dismissGuide() : Before attaching the guide view, mForceDismissGuide : false
05-04 15:49:11.815  3256  3291 D StatusBarManagerService: manageDisableList userId=0 what=0x0 pkg=WindowManager.LayoutParams
05-04 15:49:11.815  3256  3291 D StatusBarManagerService: manageDisableList userId=0 what=0x0 pkg=WindowManager.LayoutParams
05-04 15:49:11.850  3256 19343 W ContextImpl: Calling a method in the system process without a qualified user: android.app.ContextImpl.sendBroadcast:1698 com.android.server.InputMethodManagerService$6.run:2786 java.lang.Thread.run:818 <bottom of call stack> <bottom of call stack> 
05-04 15:49:12.125  3256  3293 D CustomFrequencyManagerService: releaseDVFSLockLocked : Getting Lock type frm List : DVFS_MIN_LIMIT  frequency : 1800000  uid : 1000  pid : 3256  tag : ACTIVITY_RESUME_BOOSTER@2
05-04 15:49:12.125  3256  3293 W ActivityManager: mDVFSHelper.release()
05-04 15:49:12.130  3256  3287 D CustomFrequencyManagerService: acquireDVFSLockLocked : type : DVFS_MIN_LIMIT  frequency : 1800000  uid : 1000  pid : 3256  pkgName : ACTIVITY_RESUME_BOOSTER@6
05-04 15:49:12.430  3256  3256 D CustomFrequencyManagerService: releaseDVFSLockLocked : Getting Lock type frm List : DVFS_MIN_LIMIT  frequency : 1800000  uid : 1000  pid : 3256  tag : ACTIVITY_RESUME_BOOSTER@6
05-04 15:49:13.065  3256  3723 D CustomFrequencyManagerService: acquireDVFSLockLocked : type : DVFS_MIN_LIMIT  frequency : 1800000  uid : 1000  pid : 3256  pkgName : ACTIVITY_RESUME_BOOSTER@2
05-04 15:49:13.065  3256  3723 W ActivityManager: mDVFSHelper.acquire()
05-04 15:49:13.065  3256  3723 D MultiWindowConverter: dismissGuide() : Before attaching the guide view, mForceDismissGuide : false
05-04 15:49:13.090  3256  3739 W ActivityManager: Permission Denial: getCurrentUser() from pid=18988, uid=10360 requires android.permission.INTERACT_ACROSS_USERS
05-04 15:49:13.090  3256  3723 D ActivityManager: startService callerProcessName:com.icrealtime.allie, calleePkgName: com.icrealtime.allie
05-04 15:49:13.090  3256  3723 D ActivityManager: retrieveServiceLocked(): component = com.icrealtime.allie/com.icrealtime.allie.service.BackgroundService; callingUser = 0; userId(target) = 0
05-04 15:49:13.105  3256  6911 D ActivityManager: bindService callerProcessName:com.icrealtime.allie, calleePkgName: com.icrealtime.allie, action: null
05-04 15:49:13.105  3256  6911 D ActivityManager: retrieveServiceLocked(): component = com.icrealtime.allie/com.icrealtime.allie.service.BackgroundService; callingUser = 0; userId(target) = 0
05-04 15:49:13.110  3256  3256 D PersonaManagerService: getPersonasForUser(): returning null!
05-04 15:49:13.125  3256  3723 D MultiWindowConverter: dismissGuide() : Before attaching the guide view, mForceDismissGuide : false
05-04 15:49:13.125  3256  3291 D StatusBarManagerService: manageDisableList userId=0 what=0x0 pkg=WindowManager.LayoutParams
05-04 15:49:13.160  3256  7219 I MultiPhoneWindowManager: Changed -> mCurrentInputMethodTarget : Window{17f01e8f u0 com.icrealtime.allie/com.icrealtime.allie.ui.activities.AuthActivity}
05-04 15:49:13.160  3256 19359 W ContextImpl: Calling a method in the system process without a qualified user: android.app.ContextImpl.sendBroadcast:1698 com.android.server.InputMethodManagerService$6.run:2786 java.lang.Thread.run:818 <bottom of call stack> <bottom of call stack> 
05-04 15:49:13.445  3256  3293 D CustomFrequencyManagerService: releaseDVFSLockLocked : Getting Lock type frm List : DVFS_MIN_LIMIT  frequency : 1800000  uid : 1000  pid : 3256  tag : ACTIVITY_RESUME_BOOSTER@2
05-04 15:49:13.445  3256  3293 W ActivityManager: mDVFSHelper.release()
05-04 15:49:13.460  3256  3287 D CustomFrequencyManagerService: acquireDVFSLockLocked : type : DVFS_MIN_LIMIT  frequency : 1800000  uid : 1000  pid : 3256  pkgName : ACTIVITY_RESUME_BOOSTER@6
05-04 15:49:13.465 18988 18988 V ActivityThread: updateVisibility : ActivityRecord{f802fda token=android.os.BinderProxy@25df1809 {com.icrealtime.allie/com.icrealtime.allie.ui.activities.AfterSplashActivity}} show : false
05-04 15:49:13.665  3256  7219 D BatteryService: !@BatteryListener : batteryPropertiesChanged!
05-04 15:49:13.665  3256  7219 D BatteryService: level:86, scale:100, status:3, health:2, present:true, voltage: 4132, temperature: 377, technology: Li-ion, AC powered:false, USB powered:true, POGO powered:false, Wireless powered:false, icon:17303382, invalid charger:0
05-04 15:49:13.665  3256  7219 D BatteryService: online:4, current avg:-250, charge type:2, power sharing:false, high voltage charger:false, capacity:280000, current_now:-250
05-04 15:49:13.665  3256  3256 D BatteryService: Sending ACTION_BATTERY_CHANGED.
05-04 15:49:13.665  3672  3672 V EmergencyMode: [EmergencyStateReceiver] onReceive : android.intent.action.BATTERY_CHANGED
05-04 15:49:13.665  3672  3672 V EmergencyMode: [EmergencyStateReceiver] ACTION_BATTERY_CHANGED mBatteryLevelForLogging = 86
05-04 15:49:13.680  3421  3421 D BatteryMeterView: ACTION_BATTERY_CHANGED : level:86 status:3 health:2
05-04 15:49:13.680  3421  3421 D BatteryMeterView: ACTION_BATTERY_CHANGED : level:86 status:3 health:2
05-04 15:49:13.680  3421  3421 D BatteryMeterView: ACTION_BATTERY_CHANGED : level:86 status:3 health:2
05-04 15:49:13.760  3256  3256 D CustomFrequencyManagerService: releaseDVFSLockLocked : Getting Lock type frm List : DVFS_MIN_LIMIT  frequency : 1800000  uid : 1000  pid : 3256  tag : ACTIVITY_RESUME_BOOSTER@6
05-04 15:49:14.850  3256  3586 D ActivityManager: bindService callerProcessName:android, calleePkgName: com.sec.android.inputmethod, action: android.view.InputMethod
05-04 15:49:14.850  3256  3586 D ActivityManager: retrieveServiceLocked(): component = com.sec.android.inputmethod/com.sec.android.inputmethod.SamsungKeypad; callingUser = 0; userId(target) = 0
05-04 15:49:14.855  3256  3585 D CustomFrequencyManagerService: acquireDVFSLockLocked : type : DVFS_MIN_LIMIT  frequency : 1700000  uid : 1000  pid : 3256  pkgName : com.sec.android.inputmethod@1
05-04 15:49:14.880  4053  4053 W ContextImpl: Calling a method in the system process without a qualified user: android.app.ContextImpl.sendBroadcast:1698 android.content.ContextWrapper.sendBroadcast:391 com.ime.framework.common.InputManagerImpl.sendBroadcaseSIPShown:9947 com.ime.framework.common.InputManagerImpl.startInputView:3692 com.sec.android.inputmethod.SamsungKeypad.onStartInputView:445 
05-04 15:49:14.885  4053  4053 W ContextImpl: Calling a method in the system process without a qualified user: android.app.ContextImpl.sendBroadcast:1698 android.content.ContextWrapper.sendBroadcast:391 android.inputmethodservice.InputMethodService.sendInputViewShownState:424 android.inputmethodservice.InputMethodService.showWindow:2021 android.inputmethodservice.InputMethodService$InputMethodImpl.showSoftInput:648 
05-04 15:49:14.885  4053 19364 W ContextImpl: Calling a method in the system process without a qualified user: android.app.ContextImpl.sendBroadcast:1698 android.content.ContextWrapper.sendBroadcast:391 android.inputmethodservice.InputMethodService$4.run:3277 java.lang.Thread.run:818 <bottom of call stack> 
05-04 15:49:14.885  3256  5014 D SSRM:a  : DeviceInfo:: 000000000000
05-04 15:49:14.885  3256  5014 D SSRM:a  : SettingsAirViewInfo:: 000000000
05-04 15:49:14.885  3256  3256 I ValidateNoPeople: skipping global notification
05-04 15:49:14.890  3256  3256 W NotificationService: Pray mode not found android.content.pm.PackageManager$NameNotFoundException: Application package com.sec.android.settings.praymodewidget not found
05-04 15:49:15.050  3256  3566 E Watchdog: !@Sync 461 [05-04 15:49:15.058]
05-04 15:49:15.265  3256  5292 D CustomFrequencyManagerService: releaseDVFSLockLocked : Getting Lock type frm List : DVFS_MIN_LIMIT  frequency : 1700000  uid : 1000  pid : 3256  tag : com.sec.android.inputmethod@1
05-04 15:49:15.935  3256  5014 D SSRM:n  : SIOP:: AP = 460, PST = 468 (W:14), CUR = -250, LCD = 147
05-04 15:49:17.540  3256  3328 D PowerManagerService: [api] userActivityFromNative : 2170 (event: 2 flags: 0) eventTime = 13846248
05-04 15:49:18.170  4053  4053 W ContextImpl: Calling a method in the system process without a qualified user: android.app.ContextImpl.sendBroadcast:1698 android.content.ContextWrapper.sendBroadcast:391 android.inputmethodservice.InputMethodService.sendInputViewShownState:424 android.inputmethodservice.InputMethodService.showWindow:2021 android.inputmethodservice.InputMethodService$InputMethodImpl.showSoftInput:648 
05-04 15:49:18.170  3256  5014 D SSRM:a  : DeviceInfo:: 000000000000
05-04 15:49:18.170  3256  5014 D SSRM:a  : SettingsAirViewInfo:: 000000000
05-04 15:49:18.170  4053 19368 W ContextImpl: Calling a method in the system process without a qualified user: android.app.ContextImpl.sendBroadcast:1698 android.content.ContextWrapper.sendBroadcast:391 android.inputmethodservice.InputMethodService$4.run:3277 java.lang.Thread.run:818 <bottom of call stack> 
05-04 15:49:18.180  3256  3256 I ValidateNoPeople: skipping global notification
05-04 15:49:18.180  3256  3256 W NotificationService: Pray mode not found android.content.pm.PackageManager$NameNotFoundException: Application package com.sec.android.settings.praymodewidget not found
05-04 15:49:23.430  4053  4053 W ContextImpl: Calling a method in the system process without a qualified user: android.app.ContextImpl.sendBroadcast:1698 android.content.ContextWrapper.sendBroadcast:391 com.ime.framework.common.InputManagerImpl.sendBroadcaseSIPShown:9947 com.ime.framework.common.InputManagerImpl.startInputView:3692 com.sec.android.inputmethod.SamsungKeypad.onStartInputView:445 
05-04 15:49:23.430  4053  4053 W ContextImpl: Calling a method in the system process without a qualified user: android.app.ContextImpl.sendBroadcast:1698 android.content.ContextWrapper.sendBroadcast:391 android.inputmethodservice.InputMethodService.sendInputViewShownState:424 android.inputmethodservice.InputMethodService.showWindow:2021 android.inputmethodservice.InputMethodService$InputMethodImpl.showSoftInput:648 
05-04 15:49:23.435  4053 19373 W ContextImpl: Calling a method in the system process without a qualified user: android.app.ContextImpl.sendBroadcast:1698 android.content.ContextWrapper.sendBroadcast:391 android.inputmethodservice.InputMethodService$4.run:3277 java.lang.Thread.run:818 <bottom of call stack> 
05-04 15:49:23.435  3256  5014 D SSRM:a  : DeviceInfo:: 000000000000
05-04 15:49:23.440  3256  5014 D SSRM:a  : SettingsAirViewInfo:: 000000000
05-04 15:49:23.440  3256  3256 I ValidateNoPeople: skipping global notification
05-04 15:49:23.445  3256  3256 W NotificationService: Pray mode not found android.content.pm.PackageManager$NameNotFoundException: Application package com.sec.android.settings.praymodewidget not found
05-04 15:49:23.445  4053  4053 W ContextImpl: Calling a method in the system process without a qualified user: android.app.ContextImpl.sendBroadcast:1698 android.content.ContextWrapper.sendBroadcast:391 android.inputmethodservice.InputMethodService.sendInputViewShownState:424 android.inputmethodservice.InputMethodService.showWindow:2021 android.inputmethodservice.InputMethodService$InputMethodImpl.showSoftInput:648 
05-04 15:49:23.450  4053 19375 W ContextImpl: Calling a method in the system process without a qualified user: android.app.ContextImpl.sendBroadcast:1698 android.content.ContextWrapper.sendBroadcast:391 android.inputmethodservice.InputMethodService$4.run:3277 java.lang.Thread.run:818 <bottom of call stack> 
05-04 15:49:23.450  3256  5014 D SSRM:a  : DeviceInfo:: 000000000000
05-04 15:49:23.450  3256  5014 D SSRM:a  : SettingsAirViewInfo:: 000000000
05-04 15:49:23.455  3256  3256 I ValidateNoPeople: skipping global notification
05-04 15:49:23.460  3256  3256 W NotificationService: Pray mode not found android.content.pm.PackageManager$NameNotFoundException: Application package com.sec.android.settings.praymodewidget not found
05-04 15:49:23.680  3256  6922 D BatteryService: !@BatteryListener : batteryPropertiesChanged!
05-04 15:49:23.680  3256  6922 D BatteryService: level:86, scale:100, status:3, health:2, present:true, voltage: 4144, temperature: 375, technology: Li-ion, AC powered:false, USB powered:true, POGO powered:false, Wireless powered:false, icon:17303382, invalid charger:0
05-04 15:49:23.680  3256  6922 D BatteryService: online:4, current avg:-382, charge type:2, power sharing:false, high voltage charger:false, capacity:280000, current_now:-382
05-04 15:49:23.680  3256  3256 D BatteryService: Sending ACTION_BATTERY_CHANGED.
05-04 15:49:23.685  3672  3672 V EmergencyMode: [EmergencyStateReceiver] onReceive : android.intent.action.BATTERY_CHANGED
05-04 15:49:23.685  3672  3672 V EmergencyMode: [EmergencyStateReceiver] ACTION_BATTERY_CHANGED mBatteryLevelForLogging = 86
05-04 15:49:23.695  3421  3421 D BatteryMeterView: ACTION_BATTERY_CHANGED : level:86 status:3 health:2
05-04 15:49:23.710  3421  3421 D BatteryMeterView: ACTION_BATTERY_CHANGED : level:86 status:3 health:2
05-04 15:49:23.710  3421  3421 D BatteryMeterView: ACTION_BATTERY_CHANGED : level:86 status:3 health:2
05-04 15:49:25.965  3256  5014 D SSRM:n  : SIOP:: AP = 460, PST = 465 (W:14), CUR = -382, LCD = 147
05-04 15:49:26.615  3256  3328 D PowerManagerService: [api] userActivityFromNative : 2180 (event: 2 flags: 0) eventTime = 13855323
05-04 15:49:26.620  4053  4053 W ContextImpl: Calling a method in the system process without a qualified user: android.app.ContextImpl.sendBroadcast:1698 android.content.ContextWrapper.sendBroadcast:391 android.inputmethodservice.InputMethodService.sendInputViewShownState:424 android.inputmethodservice.InputMethodService.showWindow:2021 android.inputmethodservice.InputMethodService$InputMethodImpl.showSoftInput:648 
05-04 15:49:26.625  4053 19377 W ContextImpl: Calling a method in the system process without a qualified user: android.app.ContextImpl.sendBroadcast:1698 android.content.ContextWrapper.sendBroadcast:391 android.inputmethodservice.InputMethodService$4.run:3277 java.lang.Thread.run:818 <bottom of call stack> 
05-04 15:49:26.625  3256  5014 D SSRM:a  : DeviceInfo:: 000000000000
05-04 15:49:26.625  3256  5014 D SSRM:a  : SettingsAirViewInfo:: 000000000
05-04 15:49:26.635  3256  3256 I ValidateNoPeople: skipping global notification
05-04 15:49:26.635  3256  3256 W NotificationService: Pray mode not found android.content.pm.PackageManager$NameNotFoundException: Application package com.sec.android.settings.praymodewidget not found
05-04 15:49:31.980  3256  3739 D MultiWindowConverter: dismissGuide() : Before attaching the guide view, mForceDismissGuide : false
05-04 15:49:31.980  3256  3291 D StatusBarManagerService: manageDisableList userId=0 what=0x0 pkg=WindowManager.LayoutParams
05-04 15:49:33.690  3256  7218 D BatteryService: !@BatteryListener : batteryPropertiesChanged!
05-04 15:49:33.690  3256  7218 D BatteryService: level:86, scale:100, status:3, health:2, present:true, voltage: 4140, temperature: 375, technology: Li-ion, AC powered:false, USB powered:true, POGO powered:false, Wireless powered:false, icon:17303382, invalid charger:0
05-04 15:49:33.690  3256  7218 D BatteryService: online:4, current avg:58, charge type:2, power sharing:false, high voltage charger:false, capacity:280000, current_now:58
05-04 15:49:33.690  3256  3256 D BatteryService: Sending ACTION_BATTERY_CHANGED.
05-04 15:49:33.700  3672  3672 V EmergencyMode: [EmergencyStateReceiver] onReceive : android.intent.action.BATTERY_CHANGED
05-04 15:49:33.700  3672  3672 V EmergencyMode: [EmergencyStateReceiver] ACTION_BATTERY_CHANGED mBatteryLevelForLogging = 86
05-04 15:49:33.710  3421  3421 D BatteryMeterView: ACTION_BATTERY_CHANGED : level:86 status:3 health:2
05-04 15:49:33.710  3421  3421 D BatteryMeterView: ACTION_BATTERY_CHANGED : level:86 status:3 health:2
05-04 15:49:33.710  3421  3421 D BatteryMeterView: ACTION_BATTERY_CHANGED : level:86 status:3 health:2
05-04 15:49:34.945  3256  3739 D MultiWindowConverter: dismissGuide() : Before attaching the guide view, mForceDismissGuide : false
05-04 15:49:34.945  3256  3291 D StatusBarManagerService: manageDisableList userId=0 what=0x0 pkg=WindowManager.LayoutParams
05-04 15:49:35.000  3256  5292 D CustomFrequencyManagerService: acquireDVFSLockLocked : type : DVFS_MIN_LIMIT  frequency : 1800000  uid : 1000  pid : 3256  pkgName : ACTIVITY_RESUME_BOOSTER@2
05-04 15:49:35.000  3256  5292 W ActivityManager: mDVFSHelper.acquire()
05-04 15:49:35.005  3256  5292 W ActivityManager: startActivity called from finishing ActivityRecord{1551356d u0 com.icrealtime.allie/.ui.activities.AuthActivity t683 f}; forcing Intent.FLAG_ACTIVITY_NEW_TASK for: Intent { flg=0x4000000 cmp=com.icrealtime.allie/.ui.activities.MainActivity (has extras) }
05-04 15:49:35.005  3256  5292 D MultiWindowConverter: dismissGuide() : Before attaching the guide view, mForceDismissGuide : false
05-04 15:49:35.005  3256  7218 W InputMethodManagerService: Window already focused, ignoring focus gain of: com.android.internal.view.IInputMethodClient$Stub$Proxy@13162195 attribute=null, token = android.os.BinderProxy@2197f9ee
05-04 15:49:35.025  3256  6911 D PowerManagerService: [api] acquire WakeLock flags=0x2000000a tag=WindowManager uid=1000 pid=3256
05-04 15:49:35.030  3256  3586 W ActivityManager: Permission Denial: getCurrentUser() from pid=18988, uid=10360 requires android.permission.INTERACT_ACROSS_USERS
05-04 15:49:35.035  3256  3526 D ActivityManager: startService callerProcessName:com.icrealtime.allie, calleePkgName: com.icrealtime.allie
05-04 15:49:35.035  3256  3526 D ActivityManager: retrieveServiceLocked(): component = com.icrealtime.allie/com.icrealtime.allie.service.BackgroundService; callingUser = 0; userId(target) = 0
05-04 15:49:35.075  3256  5293 D ActivityManager: bindService callerProcessName:com.icrealtime.allie, calleePkgName: com.icrealtime.allie, action: null
05-04 15:49:35.075  3256  5293 D ActivityManager: retrieveServiceLocked(): component = com.icrealtime.allie/com.icrealtime.allie.service.BackgroundService; callingUser = 0; userId(target) = 0
05-04 15:49:35.090  3256  3256 D PersonaManagerService: getPersonasForUser(): returning null!
05-04 15:49:35.095  3256  7218 D MultiWindowConverter: dismissGuide() : Before attaching the guide view, mForceDismissGuide : false
05-04 15:49:35.095  3256  3291 D StatusBarManagerService: manageDisableList userId=0 what=0x0 pkg=WindowManager.LayoutParams
05-04 15:49:35.100  3256  3291 D StatusBarManagerService: manageDisableList userId=0 what=0x0 pkg=WindowManager.LayoutParams
05-04 15:49:35.120  3256 19381 W ContextImpl: Calling a method in the system process without a qualified user: android.app.ContextImpl.sendBroadcast:1698 com.android.server.InputMethodManagerService$6.run:2786 java.lang.Thread.run:818 <bottom of call stack> <bottom of call stack> 
05-04 15:49:35.120  3256  3585 I MultiPhoneWindowManager: Changed -> mCurrentInputMethodTarget : null
05-04 15:49:35.125  3256  3256 D LightsService: [api] [SvcLED] turnOff:: id = 4 (uid: 1000 pid: 3256) 
05-04 15:49:35.125  3256  3256 D LightsService: [SvcLED] setSvcLedStateLocked:: SvcLEDState : 0x0 -> 0x0 | SvcLED(id=4) set Off
05-04 15:49:35.125  3256  3307 D LightsService: [SvcLED] Lux failed to be updated in 0ms. -> handleForcedSvcLEDTasK
05-04 15:49:35.125  3256  3307 D LightsService: [SvcLED]  setSvcLedLightLocked :: Current SvcLED(id=3) maintains its priority right
05-04 15:49:35.125  4053  4053 W ContextImpl: Calling a method in the system process without a qualified user: android.app.ContextImpl.sendBroadcast:1698 android.content.ContextWrapper.sendBroadcast:391 android.inputmethodservice.InputMethodService.sendInputViewShownState:424 android.inputmethodservice.InputMethodService.hideWindow:2193 android.inputmethodservice.InputMethodService.doHideWindow:2171 
05-04 15:49:35.125  4053 19382 W ContextImpl: Calling a method in the system process without a qualified user: android.app.ContextImpl.sendBroadcast:1698 android.content.ContextWrapper.sendBroadcast:391 android.inputmethodservice.InputMethodService$4.run:3277 java.lang.Thread.run:818 <bottom of call stack> 
05-04 15:49:35.125  3256  5014 D SSRM:a  : DeviceInfo:: 000000000000
