05-04 15:52:33.510  3256 20372 W ContextImpl: Calling a method in the system process without a qualified user: android.app.ContextImpl.sendBroadcast:1698 com.android.server.InputMethodManagerService$6.run:2786 java.lang.Thread.run:818 <bottom of call stack> <bottom of call stack> 
05-04 15:52:33.550  3256  6911 D MultiWindowConverter: dismissGuide() : Before attaching the guide view, mForceDismissGuide : false
05-04 15:52:33.550  3256  3291 D StatusBarManagerService: manageDisableList userId=0 what=0x0 pkg=WindowManager.LayoutParams
05-04 15:52:33.555  3256  3291 D StatusBarManagerService: manageDisableList userId=0 what=0x0 pkg=WindowManager.LayoutParams
05-04 15:52:33.590  3256  6922 D CustomFrequencyManagerService: acquireDVFSLockLocked : type : DVFS_MIN_LIMIT  frequency : 1800000  uid : 1000  pid : 3256  pkgName : ACTIVITY_RESUME_BOOSTER@2
05-04 15:52:33.595  3256  6922 W ActivityManager: mDVFSHelper.acquire()
05-04 15:52:33.605  3256  6937 I MultiPhoneWindowManager: Changed -> mCurrentInputMethodTarget : Window{1281587f u0 com.icrealtime.allie/com.icrealtime.allie.ui.activities.ShareActivity}
05-04 15:52:33.610  3256  3256 D PersonaManagerService: getPersonasForUser(): returning null!
05-04 15:52:33.865  3256  3585 D BatteryService: !@BatteryListener : batteryPropertiesChanged!
05-04 15:52:33.865  3256  3585 D BatteryService: level:86, scale:100, status:3, health:2, present:true, voltage: 4062, temperature: 389, technology: Li-ion, AC powered:false, USB powered:true, POGO powered:false, Wireless powered:false, icon:17303382, invalid charger:0
05-04 15:52:33.865  3256  3585 D BatteryService: online:4, current avg:-144, charge type:2, power sharing:false, high voltage charger:false, capacity:280000, current_now:-144
05-04 15:52:33.865  3256  3256 D BatteryService: Sending ACTION_BATTERY_CHANGED.
05-04 15:52:33.870  3672  3672 V EmergencyMode: [EmergencyStateReceiver] onReceive : android.intent.action.BATTERY_CHANGED
05-04 15:52:33.870  3672  3672 V EmergencyMode: [EmergencyStateReceiver] ACTION_BATTERY_CHANGED mBatteryLevelForLogging = 86
05-04 15:52:33.870  3421  3421 D BatteryMeterView: ACTION_BATTERY_CHANGED : level:86 status:3 health:2
05-04 15:52:33.885  3421  3421 D BatteryMeterView: ACTION_BATTERY_CHANGED : level:86 status:3 health:2
05-04 15:52:33.885  3421  3421 D BatteryMeterView: ACTION_BATTERY_CHANGED : level:86 status:3 health:2
05-04 15:52:35.105  3256  3268 W ResourcesManager: Asset path '/system/framework/com.android.media.remotedisplay.jar' does not exist or contains no resources.
05-04 15:52:35.105  3256  3268 W ResourcesManager: Asset path '/system/framework/com.android.location.provider.jar' does not exist or contains no resources.
05-04 15:52:35.110  3256  3268 D CustomFrequencyManagerService: releaseDVFSLockLocked : Getting Lock type frm List : DVFS_MIN_LIMIT  frequency : 1800000  uid : 1000  pid : 3256  tag : ACTIVITY_RESUME_BOOSTER@2
05-04 15:52:35.110  3256  3268 D CustomFrequencyManagerService: acquireDVFSLockLocked : type : DVFS_MIN_LIMIT  frequency : 1800000  uid : 1000  pid : 3256  pkgName : ACTIVITY_RESUME_BOOSTER@2
05-04 15:52:35.110  3256  3268 W ActivityManager: mDVFSHelper.acquire()
05-04 15:52:35.115  3256  3268 D MultiWindowConverter: dismissGuide() : Before attaching the guide view, mForceDismissGuide : false
05-04 15:52:35.130  3256  5014 D U       : limitCPUFreq:: freq = -1
05-04 15:52:35.130  3256  5014 D CustomFrequencyManagerService: releaseDVFSLockLocked : Getting Lock type frm List : DVFS_MAX_LIMIT  frequency : 1700000  uid : 1000  pid : 3256  tag : SIOP_ARM_MAX@15
05-04 15:52:35.140  3256  6937 D MotionRecognitionService:  ssp status : false
05-04 15:52:35.145  3256  3256 D PersonaManagerService: getPersonasForUser(): returning null!
05-04 15:52:35.165  3256  3524 D MultiWindowConverter: dismissGuide() : Before attaching the guide view, mForceDismissGuide : false
05-04 15:52:35.165  3256  3291 D StatusBarManagerService: manageDisableList userId=0 what=0x0 pkg=WindowManager.LayoutParams
05-04 15:52:35.205  3256 20376 W ContextImpl: Calling a method in the system process without a qualified user: android.app.ContextImpl.sendBroadcast:1698 com.android.server.InputMethodManagerService$6.run:2786 java.lang.Thread.run:818 <bottom of call stack> <bottom of call stack> 
05-04 15:52:35.375  3256  3293 D CustomFrequencyManagerService: releaseDVFSLockLocked : Getting Lock type frm List : DVFS_MIN_LIMIT  frequency : 1800000  uid : 1000  pid : 3256  tag : ACTIVITY_RESUME_BOOSTER@2
05-04 15:52:35.375  3256  3293 W ActivityManager: mDVFSHelper.release()
05-04 15:52:35.375  3256  3287 D CustomFrequencyManagerService: acquireDVFSLockLocked : type : DVFS_MIN_LIMIT  frequency : 1800000  uid : 1000  pid : 3256  pkgName : ACTIVITY_RESUME_BOOSTER@6
05-04 15:52:35.390 18988 18988 V ActivityThread: updateVisibility : ActivityRecord{2ddc376b token=android.os.BinderProxy@325d3948 {com.icrealtime.allie/com.icrealtime.allie.ui.activities.ShareActivity}} show : true
05-04 15:52:35.680  3256  3256 D CustomFrequencyManagerService: releaseDVFSLockLocked : Getting Lock type frm List : DVFS_MIN_LIMIT  frequency : 1800000  uid : 1000  pid : 3256  tag : ACTIVITY_RESUME_BOOSTER@6
05-04 15:52:36.155  3256  5014 D SSRM:n  : SIOP:: AP = 480, PST = 503 (W:20), CUR = -144, LCD = 147
05-04 15:52:36.175  3256  3328 D PowerManagerService: [api] userActivityFromNative : 2220 (event: 2 flags: 0) eventTime = 14044879
05-04 15:52:37.220  3256  3585 D CustomFrequencyManagerService: acquireDVFSLockLocked : type : DVFS_MIN_LIMIT  frequency : 1800000  uid : 1000  pid : 3256  pkgName : ACTIVITY_RESUME_BOOSTER@2
05-04 15:52:37.225  3256  3585 W ActivityManager: mDVFSHelper.acquire()
05-04 15:52:37.230  3256  3585 D MultiWindowConverter: dismissGuide() : Before attaching the guide view, mForceDismissGuide : false
05-04 15:52:37.230  3256  3291 D StatusBarManagerService: manageDisableList userId=0 what=0x0 pkg=WindowManager.LayoutParams
05-04 15:52:37.235  3256  3256 D PersonaManagerService: getPersonasForUser(): returning null!
05-04 15:52:38.185  3256  3358 D ConnectivityService: releasing NetworkRequest NetworkRequest [ id=24, legacyType=-1, [ Capabilities: INTERNET&NOT_RESTRICTED&TRUSTED&NOT_VPN] ]
05-04 15:52:40.225  3256  3287 D CustomFrequencyManagerService: releaseDVFSLockLocked : Getting Lock type frm List : DVFS_MIN_LIMIT  frequency : 1800000  uid : 1000  pid : 3256  tag : ACTIVITY_RESUME_BOOSTER@2
05-04 15:52:40.225  3256  3287 W ActivityManager: mDVFSHelper.release()
05-04 15:52:40.225  3256  3287 D CustomFrequencyManagerService: acquireDVFSLockLocked : type : DVFS_MIN_LIMIT  frequency : 1800000  uid : 1000  pid : 3256  pkgName : ACTIVITY_RESUME_BOOSTER@6
05-04 15:52:40.525  3256  3256 D CustomFrequencyManagerService: releaseDVFSLockLocked : Getting Lock type frm List : DVFS_MIN_LIMIT  frequency : 1800000  uid : 1000  pid : 3256  tag : ACTIVITY_RESUME_BOOSTER@6
05-04 15:52:40.555  2588  2833 E Vold    : Failed to find mounted volume for /storage/extSdCard/Android/data/com.icrealtime.allie/files/
05-04 15:52:40.555  2588  2833 W Vold    : Returning OperationFailed - no handler for errno 0
05-04 15:52:40.555  3256  6911 D ActivityManager: startService callerProcessName:com.icrealtime.allie, calleePkgName: com.icrealtime.allie
05-04 15:52:40.555  3256  6911 D ActivityManager: retrieveServiceLocked(): component = com.icrealtime.allie/com.icrealtime.allie.service.share.VideoSharingService; callingUser = 0; userId(target) = 0
05-04 15:52:41.285  3256  3524 D MultiWindowConverter: dismissGuide() : Before attaching the guide view, mForceDismissGuide : false
05-04 15:52:41.285  3256  3291 D StatusBarManagerService: manageDisableList userId=0 what=0x0 pkg=WindowManager.LayoutParams
05-04 15:52:43.825  3256  5014 D U       : limitCPUFreq:: freq = 1700000
05-04 15:52:43.825  3256  5014 D CustomFrequencyManagerService: acquireDVFSLockLocked : type : DVFS_MAX_LIMIT  frequency : 1700000  uid : 1000  pid : 3256  pkgName : SIOP_ARM_MAX@15
05-04 15:52:43.875  3256  6911 D BatteryService: !@BatteryListener : batteryPropertiesChanged!
05-04 15:52:43.875  3256  6911 D BatteryService: level:86, scale:100, status:3, health:2, present:true, voltage: 4121, temperature: 389, technology: Li-ion, AC powered:false, USB powered:true, POGO powered:false, Wireless powered:false, icon:17303382, invalid charger:0
05-04 15:52:43.875  3256  6911 D BatteryService: online:4, current avg:-722, charge type:2, power sharing:false, high voltage charger:false, capacity:280000, current_now:-722
05-04 15:52:43.875  3256  3256 D BatteryService: Sending ACTION_BATTERY_CHANGED.
05-04 15:52:43.885  3672  3672 V EmergencyMode: [EmergencyStateReceiver] onReceive : android.intent.action.BATTERY_CHANGED
05-04 15:52:43.885  3672  3672 V EmergencyMode: [EmergencyStateReceiver] ACTION_BATTERY_CHANGED mBatteryLevelForLogging = 86
05-04 15:52:43.900  3421  3421 D BatteryMeterView: ACTION_BATTERY_CHANGED : level:86 status:3 health:2
05-04 15:52:43.900  3421  3421 D BatteryMeterView: ACTION_BATTERY_CHANGED : level:86 status:3 health:2
05-04 15:52:43.900  3421  3421 D BatteryMeterView: ACTION_BATTERY_CHANGED : level:86 status:3 health:2
05-04 15:52:45.060  3256  3566 E Watchdog: !@Sync 468 [05-04 15:52:45.065]
05-04 15:52:46.180  3256  5014 D SSRM:n  : SIOP:: AP = 500, PST = 506 (W:16), CUR = -722, LCD = 147
05-04 15:52:53.890  3256  6911 D BatteryService: !@BatteryListener : batteryPropertiesChanged!
05-04 15:52:53.895  3256  6911 D BatteryService: level:86, scale:100, status:3, health:2, present:true, voltage: 4109, temperature: 387, technology: Li-ion, AC powered:false, USB powered:true, POGO powered:false, Wireless powered:false, icon:17303382, invalid charger:0
05-04 15:52:53.895  3256  6911 D BatteryService: online:4, current avg:-74, charge type:2, power sharing:false, high voltage charger:false, capacity:280000, current_now:-74
05-04 15:52:53.895  3256  3256 D BatteryService: Sending ACTION_BATTERY_CHANGED.
05-04 15:52:53.900  3672  3672 V EmergencyMode: [EmergencyStateReceiver] onReceive : android.intent.action.BATTERY_CHANGED
05-04 15:52:53.900  3672  3672 V EmergencyMode: [EmergencyStateReceiver] ACTION_BATTERY_CHANGED mBatteryLevelForLogging = 86
05-04 15:52:53.910  3421  3421 D BatteryMeterView: ACTION_BATTERY_CHANGED : level:86 status:3 health:2
05-04 15:52:53.920  3421  3421 D BatteryMeterView: ACTION_BATTERY_CHANGED : level:86 status:3 health:2
05-04 15:52:53.920  3421  3421 D BatteryMeterView: ACTION_BATTERY_CHANGED : level:86 status:3 health:2
05-04 15:52:56.215  3256  5014 D SSRM:n  : SIOP:: AP = 500, PST = 501 (W:16), CUR = -74, LCD = 147
05-04 15:52:59.995  3256  3327 V AlarmManager: waitForAlarm result :8
05-04 15:53:03.900  3256  5293 D BatteryService: !@BatteryListener : batteryPropertiesChanged!
05-04 15:53:03.900  3256  5293 D BatteryService: level:86, scale:100, status:3, health:2, present:true, voltage: 4117, temperature: 387, technology: Li-ion, AC powered:false, USB powered:true, POGO powered:false, Wireless powered:false, icon:17303382, invalid charger:0
05-04 15:53:03.900  3256  5293 D BatteryService: online:4, current avg:-370, charge type:2, power sharing:false, high voltage charger:false, capacity:280000, current_now:-371
05-04 15:53:03.900  3256  3256 D BatteryService: Sending ACTION_BATTERY_CHANGED.
05-04 15:53:03.915  3672  3672 V EmergencyMode: [EmergencyStateReceiver] onReceive : android.intent.action.BATTERY_CHANGED
05-04 15:53:03.915  3672  3672 V EmergencyMode: [EmergencyStateReceiver] ACTION_BATTERY_CHANGED mBatteryLevelForLogging = 86
05-04 15:53:03.935  3421  3421 D BatteryMeterView: ACTION_BATTERY_CHANGED : level:86 status:3 health:2
05-04 15:53:03.935  3421  3421 D BatteryMeterView: ACTION_BATTERY_CHANGED : level:86 status:3 health:2
05-04 15:53:03.935  3421  3421 D BatteryMeterView: ACTION_BATTERY_CHANGED : level:86 status:3 health:2
05-04 15:53:06.220  3256  5014 D SSRM:n  : SIOP:: AP = 500, PST = 498 (W:16), CUR = -370, LCD = 147
05-04 15:53:13.910  3256  3586 D BatteryService: !@BatteryListener : batteryPropertiesChanged!
05-04 15:53:13.910  3256  3586 D BatteryService: level:86, scale:100, status:3, health:2, present:true, voltage: 4117, temperature: 386, technology: Li-ion, AC powered:false, USB powered:true, POGO powered:false, Wireless powered:false, icon:17303382, invalid charger:0
05-04 15:53:13.910  3256  3586 D BatteryService: online:4, current avg:-18, charge type:2, power sharing:false, high voltage charger:false, capacity:280000, current_now:-19
05-04 15:53:13.910  3256  3256 D BatteryService: Sending ACTION_BATTERY_CHANGED.
05-04 15:53:13.915  3672  3672 V EmergencyMode: [EmergencyStateReceiver] onReceive : android.intent.action.BATTERY_CHANGED
05-04 15:53:13.915  3672  3672 V EmergencyMode: [EmergencyStateReceiver] ACTION_BATTERY_CHANGED mBatteryLevelForLogging = 86
05-04 15:53:13.930  3421  3421 D BatteryMeterView: ACTION_BATTERY_CHANGED : level:86 status:3 health:2
05-04 15:53:13.930  3421  3421 D BatteryMeterView: ACTION_BATTERY_CHANGED : level:86 status:3 health:2
05-04 15:53:13.930  3421  3421 D BatteryMeterView: ACTION_BATTERY_CHANGED : level:86 status:3 health:2
05-04 15:53:15.060  3256  3566 E Watchdog: !@Sync 469 [05-04 15:53:15.066]
05-04 15:53:16.230  3256  5014 D SSRM:n  : SIOP:: AP = 500, PST = 498 (W:16), CUR = -18, LCD = 147
05-04 15:53:23.920  3256  3269 D BatteryService: !@BatteryListener : batteryPropertiesChanged!
05-04 15:53:23.920  3256  3269 D BatteryService: level:86, scale:100, status:3, health:2, present:true, voltage: 4109, temperature: 386, technology: Li-ion, AC powered:false, USB powered:true, POGO powered:false, Wireless powered:false, icon:17303382, invalid charger:0
05-04 15:53:23.920  3256  3269 D BatteryService: online:4, current avg:-398, charge type:2, power sharing:false, high voltage charger:false, capacity:280000, current_now:-398
05-04 15:53:23.920  3256  3256 D BatteryService: Sending ACTION_BATTERY_CHANGED.
05-04 15:53:23.925  3672  3672 V EmergencyMode: [EmergencyStateReceiver] onReceive : android.intent.action.BATTERY_CHANGED
05-04 15:53:23.925  3672  3672 V EmergencyMode: [EmergencyStateReceiver] ACTION_BATTERY_CHANGED mBatteryLevelForLogging = 86
05-04 15:53:23.950  3421  3421 D BatteryMeterView: ACTION_BATTERY_CHANGED : level:86 status:3 health:2
05-04 15:53:23.950  3421  3421 D BatteryMeterView: ACTION_BATTERY_CHANGED : level:86 status:3 health:2
05-04 15:53:23.950  3421  3421 D BatteryMeterView: ACTION_BATTERY_CHANGED : level:86 status:3 health:2
05-04 15:53:26.235  3256  5014 D SSRM:n  : SIOP:: AP = 500, PST = 498 (W:18), CUR = -398, LCD = 147
05-04 15:53:33.930  3256  3268 D BatteryService: !@BatteryListener : batteryPropertiesChanged!
05-04 15:53:33.930  3256  3268 D BatteryService: level:86, scale:100, status:3, health:2, present:true, voltage: 4070, temperature: 388, technology: Li-ion, AC powered:false, USB powered:true, POGO powered:false, Wireless powered:false, icon:17303382, invalid charger:0
05-04 15:53:33.930  3256  3268 D BatteryService: online:4, current avg:-604, charge type:2, power sharing:false, high voltage charger:false, capacity:280000, current_now:-605
05-04 15:53:33.930  3256  3256 D BatteryService: Sending ACTION_BATTERY_CHANGED.
05-04 15:53:33.940  3672  3672 V EmergencyMode: [EmergencyStateReceiver] onReceive : android.intent.action.BATTERY_CHANGED
05-04 15:53:33.940  3672  3672 V EmergencyMode: [EmergencyStateReceiver] ACTION_BATTERY_CHANGED mBatteryLevelForLogging = 86
05-04 15:53:33.960  3421  3421 D BatteryMeterView: ACTION_BATTERY_CHANGED : level:86 status:3 health:2
05-04 15:53:33.960  3421  3421 D BatteryMeterView: ACTION_BATTERY_CHANGED : level:86 status:3 health:2
05-04 15:53:33.960  3421  3421 D BatteryMeterView: ACTION_BATTERY_CHANGED : level:86 status:3 health:2
05-04 15:53:36.245  3256  5014 D SSRM:n  : SIOP:: AP = 520, PST = 499 (W:14), CUR = -604, LCD = 147
05-04 15:53:41.360  3256  3353 V NetworkStats: performPollLocked(flags=0x1)
05-04 15:53:41.380  3256  3353 V NetworkStats: performPollLocked() took 18ms
05-04 15:53:42.100  3256  3353 V NetworkStats: performPollLocked(flags=0x1)
05-04 15:53:42.130  3256  3353 V NetworkStats: performPollLocked() took 30ms
05-04 15:53:42.840  3256  3353 V NetworkStats: performPollLocked(flags=0x1)
05-04 15:53:42.870  3256  3353 V NetworkStats: performPollLocked() took 29ms
05-04 15:53:43.945  3256  6922 D BatteryService: !@BatteryListener : batteryPropertiesChanged!
05-04 15:53:43.945  3256  6922 D BatteryService: level:86, scale:100, status:3, health:2, present:true, voltage: 4085, temperature: 387, technology: Li-ion, AC powered:false, USB powered:true, POGO powered:false, Wireless powered:false, icon:17303382, invalid charger:0
05-04 15:53:43.945  3256  6922 D BatteryService: online:4, current avg:-250, charge type:2, power sharing:false, high voltage charger:false, capacity:280000, current_now:-250
05-04 15:53:43.945  3256  3256 D BatteryService: Sending ACTION_BATTERY_CHANGED.
05-04 15:53:43.955  3672  3672 V EmergencyMode: [EmergencyStateReceiver] onReceive : android.intent.action.BATTERY_CHANGED
05-04 15:53:43.955  3672  3672 V EmergencyMode: [EmergencyStateReceiver] ACTION_BATTERY_CHANGED mBatteryLevelForLogging = 86
05-04 15:53:43.975  3421  3421 D BatteryMeterView: ACTION_BATTERY_CHANGED : level:86 status:3 health:2
05-04 15:53:43.975  3421  3421 D BatteryMeterView: ACTION_BATTERY_CHANGED : level:86 status:3 health:2
05-04 15:53:43.975  3421  3421 D BatteryMeterView: ACTION_BATTERY_CHANGED : level:86 status:3 health:2
05-04 15:53:44.645  3256  3269 D ActivityManager: bindService callerProcessName:com.icrealtime.allie, calleePkgName: com.google.android.gms, action: null
05-04 15:53:44.645  3256  3269 D ActivityManager: retrieveServiceLocked(): component = com.google.android.gms/com.google.android.gms.auth.GetToken; callingUser = 0; userId(target) = 0
05-04 15:53:44.660  3256  3524 D ActivityManager: retrieveServiceLocked(): component = null; callingUser = 0; userId(target) = 0
05-04 15:53:45.060  3256  3566 E Watchdog: !@Sync 470 [05-04 15:53:45.067]
05-04 15:53:46.255  3256  5014 D SSRM:n  : SIOP:: AP = 520, PST = 500 (W:14), CUR = -250, LCD = 147
05-04 15:53:46.530  3256  3353 V NetworkStats: performPollLocked(flags=0x1)
05-04 15:53:46.550  3256  3353 V NetworkStats: performPollLocked() took 22ms
05-04 15:53:47.060  3256  3353 V NetworkStats: performPollLocked(flags=0x1)
05-04 15:53:47.085  3256  3353 V NetworkStats: performPollLocked() took 29ms
05-04 15:53:47.505  3256  3353 V NetworkStats: performPollLocked(flags=0x1)
05-04 15:53:47.530  3256  3353 V NetworkStats: performPollLocked() took 23ms
05-04 15:53:48.280  3256  3316 D TimaService: TIMA: TimaService scheduler is intialized. 
05-04 15:53:48.280  3256  3316 D TimaService: TIMA: checkEvent, operation: 50000 subject: 10000
05-04 15:53:48.280  3256  3315 D TimaService: TimaServiceHandler.handleMessage what =1
05-04 15:53:49.195  3256  7219 D MultiWindowConverter: dismissGuide() : Before attaching the guide view, mForceDismissGuide : false
05-04 15:53:49.195  3256  3291 D StatusBarManagerService: manageDisableList userId=0 what=0x0 pkg=WindowManager.LayoutParams
05-04 15:53:49.225  3256  5293 D MultiWindowConverter: dismissGuide() : Before attaching the guide view, mForceDismissGuide : false
05-04 15:53:49.225  3256  3291 D StatusBarManagerService: manageDisableList userId=0 what=0x0 pkg=WindowManager.LayoutParams
05-04 15:53:49.230  3256  3526 W InputMethodManagerService: Window already focused, ignoring focus gain of: com.android.internal.view.IInputMethodClient$Stub$Proxy@2d24f7a attribute=null, token = android.os.BinderProxy@b83259e
05-04 15:53:49.230  3256  3526 D InputMethodManagerService: [HARDWARE_KEYBOARD] (refreshImeWindowVis) mImeWindowVis= 0 inputVisible = falsehaveHardKeyboard = false hardKeyShown = false
05-04 15:53:52.650  3256  3316 D TimaService: TIMA MEASUREMENT Result: TIMA_STATUS=0;MSG=Kernel Verification Success;
05-04 15:53:52.655  3256  3316 D TimaService: TIMA MEASUREMENT success status: TIMA_STATUS=0;MSG=Kernel Verification Success;
05-04 15:53:53.950  3256  5293 D BatteryService: !@BatteryListener : batteryPropertiesChanged!
05-04 15:53:53.950  3256  5293 D BatteryService: level:86, scale:100, status:3, health:2, present:true, voltage: 4074, temperature: 390, technology: Li-ion, AC powered:false, USB powered:true, POGO powered:false, Wireless powered:false, icon:17303382, invalid charger:0
05-04 15:53:53.950  3256  5293 D BatteryService: online:4, current avg:-296, charge type:2, power sharing:false, high voltage charger:false, capacity:280000, current_now:-296
05-04 15:53:53.950  3256  3256 D BatteryService: Sending ACTION_BATTERY_CHANGED.
05-04 15:53:53.955  3672  3672 V EmergencyMode: [EmergencyStateReceiver] onReceive : android.intent.action.BATTERY_CHANGED
05-04 15:53:53.955  3672  3672 V EmergencyMode: [EmergencyStateReceiver] ACTION_BATTERY_CHANGED mBatteryLevelForLogging = 86
05-04 15:53:53.975  3421  3421 D BatteryMeterView: ACTION_BATTERY_CHANGED : level:86 status:3 health:2
05-04 15:53:53.975  3421  3421 D BatteryMeterView: ACTION_BATTERY_CHANGED : level:86 status:3 health:2
05-04 15:53:53.975  3421  3421 D BatteryMeterView: ACTION_BATTERY_CHANGED : level:86 status:3 health:2
05-04 15:53:56.265  3256  5014 D SSRM:n  : SIOP:: AP = 520, PST = 502 (W:14), CUR = -296, LCD = 147
05-04 15:53:57.130  3256  3739 D MultiWindowConverter: dismissGuide() : Before attaching the guide view, mForceDismissGuide : false
05-04 15:53:57.130  3256  3291 D StatusBarManagerService: manageDisableList userId=0 what=0x0 pkg=WindowManager.LayoutParams
05-04 15:53:57.140  3256  6937 W InputMethodManagerService: Window already focused, ignoring focus gain of: com.android.internal.view.IInputMethodClient$Stub$Proxy@3a1f332b attribute=null, token = android.os.BinderProxy@b83259e
05-04 15:53:57.140  3256  6937 D InputMethodManagerService: [HARDWARE_KEYBOARD] (refreshImeWindowVis) mImeWindowVis= 0 inputVisible = falsehaveHardKeyboard = false hardKeyShown = false
05-04 15:53:59.995  3256  3327 V AlarmManager: waitForAlarm result :8
05-04 15:54:00.725  3256  7219 D ActivityManager: retrieveServiceLocked(): component = com.icrealtime.allie/com.icrealtime.allie.service.share.VideoSharingService; callingUser = 0; userId(target) = 0
05-04 15:54:00.945  3256  6937 D CustomFrequencyManagerService: acquireDVFSLockLocked : type : DVFS_MIN_LIMIT  frequency : 1800000  uid : 1000  pid : 3256  pkgName : ACTIVITY_RESUME_BOOSTER@2
05-04 15:54:00.950  3256  6937 W ActivityManager: mDVFSHelper.acquire()
05-04 15:54:00.955  3256  6922 D ActivityManager: bindService callerProcessName:com.icrealtime.allie, calleePkgName: com.icrealtime.allie, action: null
05-04 15:54:00.955  3256  6922 D ActivityManager: retrieveServiceLocked(): component = com.icrealtime.allie/com.icrealtime.allie.service.BackgroundService; callingUser = 0; userId(target) = 0
05-04 15:54:00.970  3256  3256 D PersonaManagerService: getPersonasForUser(): returning null!
05-04 15:54:00.970  3256  3526 D MultiWindowConverter: dismissGuide() : Before attaching the guide view, mForceDismissGuide : false
05-04 15:54:00.970  3256  3291 D StatusBarManagerService: manageDisableList userId=0 what=0x0 pkg=WindowManager.LayoutParams
05-04 15:54:00.970  3256  3291 D StatusBarManagerService: manageDisableList userId=0 what=0x0 pkg=WindowManager.LayoutParams
05-04 15:54:00.980  3256 20702 W ContextImpl: Calling a method in the system process without a qualified user: android.app.ContextImpl.sendBroadcast:1698 com.android.server.InputMethodManagerService$6.run:2786 java.lang.Thread.run:818 <bottom of call stack> <bottom of call stack> 
05-04 15:54:01.005  3256  3293 D PowerManagerService: [api] [s] userActivity : event: 0 flags: 0 (uid: 1000 pid: 3256) eventTime = 14129712
05-04 15:54:01.005  3256  3293 D PowerManagerService: [api] release WakeLock flags=0x2000000a tag=WindowManager uid=1000 pid=3256 (0x0)
05-04 15:54:01.005  3256  3293 D PowerManagerService: [api] applyWakeLockFlagsOnReleaseLocked : userActivityNoUpdateLocked is called : SCREEN_BRIGHT_WAKE_LOCK        'WindowManager' ON_AFTER_RELEASE (uid=1000, pid=3256, ws=WorkSource{10360}) (elapsedTime=129548)
05-04 15:54:01.300  3256  3293 D CustomFrequencyManagerService: releaseDVFSLockLocked : Getting Lock type frm List : DVFS_MIN_LIMIT  frequency : 1800000  uid : 1000  pid : 3256  tag : ACTIVITY_RESUME_BOOSTER@2
05-04 15:54:01.300  3256  3293 W ActivityManager: mDVFSHelper.release()
05-04 15:54:01.305  3256  3287 D CustomFrequencyManagerService: acquireDVFSLockLocked : type : DVFS_MIN_LIMIT  frequency : 1800000  uid : 1000  pid : 3256  pkgName : ACTIVITY_RESUME_BOOSTER@6
05-04 15:54:01.610  3256  3256 D CustomFrequencyManagerService: releaseDVFSLockLocked : Getting Lock type frm List : DVFS_MIN_LIMIT  frequency : 1800000  uid : 1000  pid : 3256  tag : ACTIVITY_RESUME_BOOSTER@6
05-04 15:54:03.960  3256  6922 D BatteryService: !@BatteryListener : batteryPropertiesChanged!
05-04 15:54:03.960  3256  6922 D BatteryService: level:86, scale:100, status:3, health:2, present:true, voltage: 4117, temperature: 390, technology: Li-ion, AC powered:false, USB powered:true, POGO powered:false, Wireless powered:false, icon:17303382, invalid charger:0
05-04 15:54:03.960  3256  6922 D BatteryService: online:4, current avg:-74, charge type:2, power sharing:false, high voltage charger:false, capacity:280000, current_now:-74
05-04 15:54:03.960  3256  3256 D BatteryService: Sending ACTION_BATTERY_CHANGED.
05-04 15:54:03.965  3672  3672 V EmergencyMode: [EmergencyStateReceiver] onReceive : android.intent.action.BATTERY_CHANGED
05-04 15:54:03.965  3672  3672 V EmergencyMode: [EmergencyStateReceiver] ACTION_BATTERY_CHANGED mBatteryLevelForLogging = 86
05-04 15:54:03.990  3421  3421 D BatteryMeterView: ACTION_BATTERY_CHANGED : level:86 status:3 health:2
05-04 15:54:03.990  3421  3421 D BatteryMeterView: ACTION_BATTERY_CHANGED : level:86 status:3 health:2
05-04 15:54:03.990  3421  3421 D BatteryMeterView: ACTION_BATTERY_CHANGED : level:86 status:3 health:2
05-04 15:54:05.685  3256 20709 W ContextImpl: Calling a method in the system process without a qualified user: android.app.ContextImpl.sendBroadcast:1698 com.android.server.InputMethodManagerService$6.run:2786 java.lang.Thread.run:818 <bottom of call stack> <bottom of call stack> 
05-04 15:54:06.280  3256  5014 D SSRM:n  : SIOP:: AP = 510, PST = 502 (W:14), CUR = -74, LCD = 147
05-04 15:54:12.520  3256  7219 D ActivityManager: retrieveServiceLocked(): component = null; callingUser = 0; userId(target) = 0
05-04 15:54:12.530  3256  5292 D ActivityManager: retrieveServiceLocked(): component = null; callingUser = 0; userId(target) = 0
05-04 15:54:12.535  3256  7218 D ActivityManager: retrieveServiceLocked(): component = null; callingUser = 0; userId(target) = 0
05-04 15:54:13.745  3256  3269 D ActivityManager: retrieveServiceLocked(): component = null; callingUser = 0; userId(target) = 0
05-04 15:54:13.970  3256  7218 D BatteryService: !@BatteryListener : batteryPropertiesChanged!
05-04 15:54:13.970  3256  7218 D BatteryService: level:86, scale:100, status:3, health:2, present:true, voltage: 4125, temperature: 389, technology: Li-ion, AC powered:false, USB powered:true, POGO powered:false, Wireless powered:false, icon:17303382, invalid charger:0
05-04 15:54:13.970  3256  7218 D BatteryService: online:4, current avg:-78, charge type:2, power sharing:false, high voltage charger:false, capacity:280000, current_now:-78
05-04 15:54:13.970  3256  3256 D BatteryService: Sending ACTION_BATTERY_CHANGED.
05-04 15:54:13.975  3672  3672 V EmergencyMode: [EmergencyStateReceiver] onReceive : android.intent.action.BATTERY_CHANGED
05-04 15:54:13.975  3672  3672 V EmergencyMode: [EmergencyStateReceiver] ACTION_BATTERY_CHANGED mBatteryLevelForLogging = 86
05-04 15:54:14.000  3421  3421 D BatteryMeterView: ACTION_BATTERY_CHANGED : level:86 status:3 health:2
05-04 15:54:14.000  3421  3421 D BatteryMeterView: ACTION_BATTERY_CHANGED : level:86 status:3 health:2
05-04 15:54:14.000  3421  3421 D BatteryMeterView: ACTION_BATTERY_CHANGED : level:86 status:3 health:2
05-04 15:54:14.360  3256  6911 D ActivityManager: retrieveServiceLocked(): component = null; callingUser = 0; userId(target) = 0
05-04 15:54:14.665  3256  7219 D ActivityManager: retrieveServiceLocked(): component = null; callingUser = 0; userId(target) = 0
05-04 15:54:15.060  3256  3566 E Watchdog: !@Sync 471 [05-04 15:54:15.068]
05-04 15:54:15.900  3256  6922 D ActivityManager: retrieveServiceLocked(): component = null; callingUser = 0; userId(target) = 0
05-04 15:54:16.285  3256  5014 D SSRM:n  : SIOP:: AP = 490, PST = 502 (W:18), CUR = -78, LCD = 147
05-04 15:54:18.050  3256  7219 D ActivityManager: retrieveServiceLocked(): component = null; callingUser = 0; userId(target) = 0
05-04 15:54:23.980  3256  3268 D BatteryService: !@BatteryListener : batteryPropertiesChanged!
05-04 15:54:23.980  3256  3268 D BatteryService: level:86, scale:100, status:3, health:2, present:true, voltage: 4128, temperature: 387, technology: Li-ion, AC powered:false, USB powered:true, POGO powered:false, Wireless powered:false, icon:17303382, invalid charger:0
05-04 15:54:23.980  3256  3268 D BatteryService: online:4, current avg:34, charge type:2, power sharing:false, high voltage charger:false, capacity:280000, current_now:35
05-04 15:54:23.985  3256  3256 D BatteryService: Sending ACTION_BATTERY_CHANGED.
05-04 15:54:23.995  3672  3672 V EmergencyMode: [EmergencyStateReceiver] onReceive : android.intent.action.BATTERY_CHANGED
05-04 15:54:23.995  3672  3672 V EmergencyMode: [EmergencyStateReceiver] ACTION_BATTERY_CHANGED mBatteryLevelForLogging = 86
05-04 15:54:24.015  3421  3421 D BatteryMeterView: ACTION_BATTERY_CHANGED : level:86 status:3 health:2
05-04 15:54:24.015  3421  3421 D BatteryMeterView: ACTION_BATTERY_CHANGED : level:86 status:3 health:2
05-04 15:54:24.015  3421  3421 D BatteryMeterView: ACTION_BATTERY_CHANGED : level:86 status:3 health:2
05-04 15:54:26.295  3256  5014 D SSRM:n  : SIOP:: AP = 470, PST = 498 (W:22), CUR = 34, LCD = 147
05-04 15:54:33.995  3256  3269 D BatteryService: !@BatteryListener : batteryPropertiesChanged!
05-04 15:54:33.995  3256  3269 D BatteryService: level:86, scale:100, status:3, health:2, present:true, voltage: 4132, temperature: 385, technology: Li-ion, AC powered:false, USB powered:true, POGO powered:false, Wireless powered:false, icon:17303382, invalid charger:0
05-04 15:54:33.995  3256  3269 D BatteryService: online:4, current avg:88, charge type:2, power sharing:false, high voltage charger:false, capacity:280000, current_now:89
05-04 15:54:33.995  3256  3256 D BatteryService: Sending ACTION_BATTERY_CHANGED.
05-04 15:54:34.005  3672  3672 V EmergencyMode: [EmergencyStateReceiver] onReceive : android.intent.action.BATTERY_CHANGED
05-04 15:54:34.005  3672  3672 V EmergencyMode: [EmergencyStateReceiver] ACTION_BATTERY_CHANGED mBatteryLevelForLogging = 86
05-04 15:54:34.025  3421  3421 D BatteryMeterView: ACTION_BATTERY_CHANGED : level:86 status:3 health:2
05-04 15:54:34.025  3421  3421 D BatteryMeterView: ACTION_BATTERY_CHANGED : level:86 status:3 health:2
05-04 15:54:34.025  3421  3421 D BatteryMeterView: ACTION_BATTERY_CHANGED : level:86 status:3 health:2
05-04 15:54:36.305  3256  5014 D SSRM:n  : SIOP:: AP = 470, PST = 492 (W:22), CUR = 88, LCD = 147
05-04 15:54:44.000  3256  3586 D BatteryService: !@BatteryListener : batteryPropertiesChanged!
05-04 15:54:44.000  3256  3586 D BatteryService: level:86, scale:100, status:3, health:2, present:true, voltage: 4136, temperature: 383, technology: Li-ion, AC powered:false, USB powered:true, POGO powered:false, Wireless powered:false, icon:17303382, invalid charger:0
05-04 15:54:44.000  3256  3586 D BatteryService: online:4, current avg:66, charge type:2, power sharing:false, high voltage charger:false, capacity:280000, current_now:66
05-04 15:54:44.000  3256  3256 D BatteryService: Sending ACTION_BATTERY_CHANGED.
05-04 15:54:44.005  3672  3672 V EmergencyMode: [EmergencyStateReceiver] onReceive : android.intent.action.BATTERY_CHANGED
05-04 15:54:44.005  3672  3672 V EmergencyMode: [EmergencyStateReceiver] ACTION_BATTERY_CHANGED mBatteryLevelForLogging = 86
05-04 15:54:44.015  3421  3421 D BatteryMeterView: ACTION_BATTERY_CHANGED : level:86 status:3 health:2
05-04 15:54:44.015  3421  3421 D BatteryMeterView: ACTION_BATTERY_CHANGED : level:86 status:3 health:2
05-04 15:54:44.015  3421  3421 D BatteryMeterView: ACTION_BATTERY_CHANGED : level:86 status:3 health:2
05-04 15:54:45.065  3256  3566 E Watchdog: !@Sync 472 [05-04 15:54:45.069]
05-04 15:54:46.310  3256  5014 D SSRM:n  : SIOP:: AP = 460, PST = 490 (W:22), CUR = 66, LCD = 147
05-04 15:54:54.010  3256  3723 D BatteryService: !@BatteryListener : batteryPropertiesChanged!
05-04 15:54:54.010  3256  3723 D BatteryService: level:86, scale:100, status:3, health:2, present:true, voltage: 4140, temperature: 381, technology: Li-ion, AC powered:false, USB powered:true, POGO powered:false, Wireless powered:false, icon:17303382, invalid charger:0
05-04 15:54:54.010  3256  3723 D BatteryService: online:4, current avg:-30, charge type:2, power sharing:false, high voltage charger:false, capacity:280000, current_now:-31
05-04 15:54:54.010  3256  3256 D BatteryService: Sending ACTION_BATTERY_CHANGED.
05-04 15:54:54.015  3672  3672 V EmergencyMode: [EmergencyStateReceiver] onReceive : android.intent.action.BATTERY_CHANGED
05-04 15:54:54.015  3672  3672 V EmergencyMode: [EmergencyStateReceiver] ACTION_BATTERY_CHANGED mBatteryLevelForLogging = 86
05-04 15:54:54.030  3421  3421 D BatteryMeterView: ACTION_BATTERY_CHANGED : level:86 status:3 health:2
05-04 15:54:54.030  3421  3421 D BatteryMeterView: ACTION_BATTERY_CHANGED : level:86 status:3 health:2
05-04 15:54:54.030  3421  3421 D BatteryMeterView: ACTION_BATTERY_CHANGED : level:86 status:3 health:2
05-04 15:54:56.320  3256  5014 D SSRM:n  : SIOP:: AP = 460, PST = 489 (W:22), CUR = -30, LCD = 147
05-04 15:54:59.995  3256  3327 V AlarmManager: waitForAlarm result :8
05-04 15:55:04.020  3256  3269 D BatteryService: !@BatteryListener : batteryPropertiesChanged!
05-04 15:55:04.020  3256  3269 D BatteryService: level:86, scale:100, status:3, health:2, present:true, voltage: 4140, temperature: 380, technology: Li-ion, AC powered:false, USB powered:true, POGO powered:false, Wireless powered:false, icon:17303382, invalid charger:0
05-04 15:55:04.020  3256  3269 D BatteryService: online:4, current avg:30, charge type:2, power sharing:false, high voltage charger:false, capacity:280000, current_now:31
05-04 15:55:04.020  3256  3256 D BatteryService: Sending ACTION_BATTERY_CHANGED.
05-04 15:55:04.025  3672  3672 V EmergencyMode: [EmergencyStateReceiver] onReceive : android.intent.action.BATTERY_CHANGED
05-04 15:55:04.025  3672  3672 V EmergencyMode: [EmergencyStateReceiver] ACTION_BATTERY_CHANGED mBatteryLevelForLogging = 86
05-04 15:55:04.040  3421  3421 D BatteryMeterView: ACTION_BATTERY_CHANGED : level:86 status:3 health:2
05-04 15:55:04.040  3421  3421 D BatteryMeterView: ACTION_BATTERY_CHANGED : level:86 status:3 health:2
05-04 15:55:04.040  3421  3421 D BatteryMeterView: ACTION_BATTERY_CHANGED : level:86 status:3 health:2
05-04 15:55:06.335  3256  5014 D SSRM:n  : SIOP:: AP = 450, PST = 486 (W:24), CUR = 30, LCD = 147
05-04 15:55:14.030  3256  6922 D BatteryService: !@BatteryListener : batteryPropertiesChanged!
05-04 15:55:14.035  3256  6922 D BatteryService: level:86, scale:100, status:3, health:2, present:true, voltage: 4140, temperature: 379, technology: Li-ion, AC powered:false, USB powered:true, POGO powered:false, Wireless powered:false, icon:17303382, invalid charger:0
05-04 15:55:14.035  3256  6922 D BatteryService: online:4, current avg:66, charge type:2, power sharing:false, high voltage charger:false, capacity:280000, current_now:66
05-04 15:55:14.035  3256  3256 D BatteryService: Sending ACTION_BATTERY_CHANGED.
05-04 15:55:14.040  3672  3672 V EmergencyMode: [EmergencyStateReceiver] onReceive : android.intent.action.BATTERY_CHANGED
05-04 15:55:14.045  3672  3672 V EmergencyMode: [EmergencyStateReceiver] ACTION_BATTERY_CHANGED mBatteryLevelForLogging = 86
05-04 15:55:14.070  3421  3421 D BatteryMeterView: ACTION_BATTERY_CHANGED : level:86 status:3 health:2
05-04 15:55:14.070  3421  3421 D BatteryMeterView: ACTION_BATTERY_CHANGED : level:86 status:3 health:2
05-04 15:55:14.070  3421  3421 D BatteryMeterView: ACTION_BATTERY_CHANGED : level:86 status:3 health:2
05-04 15:55:15.065  3256  3566 E Watchdog: !@Sync 473 [05-04 15:55:15.070]
05-04 15:55:16.345  3256  5014 D SSRM:n  : SIOP:: AP = 450, PST = 481 (W:24), CUR = 66, LCD = 147
05-04 15:55:18.795  3256  7218 D CustomFrequencyManagerService: acquireDVFSLockLocked : type : DVFS_MIN_LIMIT  frequency : 1800000  uid : 1000  pid : 3256  pkgName : ACTIVITY_RESUME_BOOSTER@2
05-04 15:55:18.795  3256  7218 W ActivityManager: mDVFSHelper.acquire()
05-04 15:55:18.800  3256  7218 D MultiWindowConverter: dismissGuide() : Before attaching the guide view, mForceDismissGuide : false
05-04 15:55:18.810  3256  7219 W ActivityManager: Permission Denial: getCurrentUser() from pid=18988, uid=10360 requires android.permission.INTERACT_ACROSS_USERS
05-04 15:55:18.815  3256  6911 D ActivityManager: startService callerProcessName:com.icrealtime.allie, calleePkgName: com.icrealtime.allie
05-04 15:55:18.815  3256  6911 D ActivityManager: retrieveServiceLocked(): component = com.icrealtime.allie/com.icrealtime.allie.service.BackgroundService; callingUser = 0; userId(target) = 0
05-04 15:55:18.855  3256  3524 D ActivityManager: bindService callerProcessName:com.icrealtime.allie, calleePkgName: com.icrealtime.allie, action: null
05-04 15:55:18.855  3256  3524 D ActivityManager: retrieveServiceLocked(): component = com.icrealtime.allie/com.icrealtime.allie.service.BackgroundService; callingUser = 0; userId(target) = 0
05-04 15:55:18.860  3256  3256 D PersonaManagerService: getPersonasForUser(): returning null!
05-04 15:55:18.865  3256  6937 D MultiWindowConverter: dismissGuide() : Before attaching the guide view, mForceDismissGuide : false
05-04 15:55:18.865  3256  3291 D StatusBarManagerService: manageDisableList userId=0 what=0x0 pkg=WindowManager.LayoutParams
05-04 15:55:18.865  3256  3291 D StatusBarManagerService: manageDisableList userId=0 what=0x0 pkg=WindowManager.LayoutParams
05-04 15:55:18.930  3256  3293 D PowerManagerService: [api] acquire WakeLock flags=0x2000000a tag=WindowManager uid=1000 pid=3256
05-04 15:55:18.950  3256 20727 W ContextImpl: Calling a method in the system process without a qualified user: android.app.ContextImpl.sendBroadcast:1698 com.android.server.InputMethodManagerService$6.run:2786 java.lang.Thread.run:818 <bottom of call stack> <bottom of call stack> 
05-04 15:55:19.215  3256  3293 D CustomFrequencyManagerService: releaseDVFSLockLocked : Getting Lock type frm List : DVFS_MIN_LIMIT  frequency : 1800000  uid : 1000  pid : 3256  tag : ACTIVITY_RESUME_BOOSTER@2
05-04 15:55:19.215  3256  3293 W ActivityManager: mDVFSHelper.release()
05-04 15:55:19.245  3256  3287 D CustomFrequencyManagerService: acquireDVFSLockLocked : type : DVFS_MIN_LIMIT  frequency : 1800000  uid : 1000  pid : 3256  pkgName : ACTIVITY_RESUME_BOOSTER@6
05-04 15:55:19.245 18988 18988 V ActivityThread: updateVisibility : ActivityRecord{11957ce7 token=android.os.BinderProxy@2ded70f9 {com.icrealtime.allie/com.icrealtime.allie.ui.activities.MainActivity}} show : false
05-04 15:55:19.540  3256  3256 D CustomFrequencyManagerService: releaseDVFSLockLocked : Getting Lock type frm List : DVFS_MIN_LIMIT  frequency : 1800000  uid : 1000  pid : 3256  tag : ACTIVITY_RESUME_BOOSTER@6
05-04 15:55:22.190  3256  3353 V NetworkStats: performPollLocked(flags=0x1)
05-04 15:55:22.215  3256  3353 V NetworkStats: performPollLocked() took 27ms
05-04 15:55:24.040  3256  5292 D BatteryService: !@BatteryListener : batteryPropertiesChanged!
05-04 15:55:24.040  3256  5292 D BatteryService: level:86, scale:100, status:3, health:2, present:true, voltage: 4070, temperature: 379, technology: Li-ion, AC powered:false, USB powered:true, POGO powered:false, Wireless powered:false, icon:17303382, invalid charger:0
05-04 15:55:24.040  3256  5292 D BatteryService: online:4, current avg:-1398, charge type:2, power sharing:false, high voltage charger:false, capacity:280000, current_now:-1398
05-04 15:55:24.040  3256  3256 D BatteryService: Sending ACTION_BATTERY_CHANGED.
05-04 15:55:24.045  3672  3672 V EmergencyMode: [EmergencyStateReceiver] onReceive : android.intent.action.BATTERY_CHANGED
05-04 15:55:24.045  3672  3672 V EmergencyMode: [EmergencyStateReceiver] ACTION_BATTERY_CHANGED mBatteryLevelForLogging = 86
05-04 15:55:24.065  3421  3421 D BatteryMeterView: ACTION_BATTERY_CHANGED : level:86 status:3 health:2
05-04 15:55:24.065  3421  3421 D BatteryMeterView: ACTION_BATTERY_CHANGED : level:86 status:3 health:2
05-04 15:55:24.065  3421  3421 D BatteryMeterView: ACTION_BATTERY_CHANGED : level:86 status:3 health:2
05-04 15:55:26.355  3256  5014 D SSRM:n  : SIOP:: AP = 470, PST = 480 (W:20), CUR = -1398, LCD = 147
05-04 15:55:26.430  3256  3353 V NetworkStats: performPollLocked(flags=0x1)
05-04 15:55:26.450  3256  3353 V NetworkStats: performPollLocked() took 19ms
05-04 15:55:30.020  3256  3585 D CustomFrequencyManagerService: acquireDVFSLockLocked : type : DVFS_MIN_LIMIT  frequency : 1800000  uid : 1000  pid : 3256  pkgName : ACTIVITY_RESUME_BOOSTER@2
05-04 15:55:30.020  3256  3585 W ActivityManager: mDVFSHelper.acquire()
05-04 15:55:30.025  3256  3585 D MultiWindowConverter: dismissGuide() : Before attaching the guide view, mForceDismissGuide : false
05-04 15:55:30.070  3256  7219 W ActivityManager: Permission Denial: getCurrentUser() from pid=18988, uid=10360 requires android.permission.INTERACT_ACROSS_USERS
05-04 15:55:30.205  3256  6937 D MultiWindowConverter: dismissGuide() : Before attaching the guide view, mForceDismissGuide : false
05-04 15:55:30.205  3256  3291 D StatusBarManagerService: manageDisableList userId=0 what=0x0 pkg=WindowManager.LayoutParams
05-04 15:55:30.215  3256  3256 D PersonaManagerService: getPersonasForUser(): returning null!
05-04 15:55:30.255  3256  3723 D ActivityManager: bindService callerProcessName:android, calleePkgName: com.sec.android.inputmethod, action: android.view.InputMethod
05-04 15:55:30.255  3256  3723 D ActivityManager: retrieveServiceLocked(): component = com.sec.android.inputmethod/com.sec.android.inputmethod.SamsungKeypad; callingUser = 0; userId(target) = 0
05-04 15:55:30.255  3256  3723 I MultiPhoneWindowManager: Changed -> mCurrentInputMethodTarget : Window{fe52332 u0 com.icrealtime.allie/com.icrealtime.allie.ui.activities.YoutubeStreamingActivity}
05-04 15:55:30.260  3256  7219 D CustomFrequencyManagerService: acquireDVFSLockLocked : type : DVFS_MIN_LIMIT  frequency : 1700000  uid : 1000  pid : 3256  pkgName : com.sec.android.inputmethod@1
05-04 15:55:30.330  3256  3293 D PowerManagerService: [api] [s] userActivity : event: 0 flags: 0 (uid: 1000 pid: 3256) eventTime = 14219039
05-04 15:55:30.330  3256  3293 D PowerManagerService: [api] release WakeLock flags=0x2000000a tag=WindowManager uid=1000 pid=3256 (0x0)
05-04 15:55:30.330  3256  3293 D PowerManagerService: [api] applyWakeLockFlagsOnReleaseLocked : userActivityNoUpdateLocked is called : SCREEN_BRIGHT_WAKE_LOCK        'WindowManager' ON_AFTER_RELEASE (uid=1000, pid=3256, ws=WorkSource{10360}) (elapsedTime=11401)
05-04 15:55:30.345  3256  3585 D PowerManagerService: [api] acquire WakeLock flags=0x2000000a tag=WindowManager uid=1000 pid=3256
05-04 15:55:30.395  4053  4053 W ContextImpl: Calling a method in the system process without a qualified user: android.app.ContextImpl.sendBroadcast:1698 android.content.ContextWrapper.sendBroadcast:391 com.ime.framework.common.InputManagerImpl.sendBroadcaseSIPShown:9947 com.ime.framework.common.InputManagerImpl.startInputView:3692 com.sec.android.inputmethod.SamsungKeypad.onStartInputView:445 
05-04 15:55:30.400  4053  4053 W ContextImpl: Calling a method in the system process without a qualified user: android.app.ContextImpl.sendBroadcast:1698 android.content.ContextWrapper.sendBroadcast:391 android.inputmethodservice.InputMethodService.sendInputViewShownState:424 android.inputmethodservice.InputMethodService.showWindow:2021 android.inputmethodservice.InputMethodService$InputMethodImpl.showSoftInput:648 
05-04 15:55:30.405  4053 20758 W ContextImpl: Calling a method in the system process without a qualified user: android.app.ContextImpl.sendBroadcast:1698 android.content.ContextWrapper.sendBroadcast:391 android.inputmethodservice.InputMethodService$4.run:3277 java.lang.Thread.run:818 <bottom of call stack> 
05-04 15:55:30.405  3256  5014 D SSRM:a  : DeviceInfo:: 000000000000
05-04 15:55:30.405  3256  5014 D SSRM:a  : SettingsAirViewInfo:: 000000000
05-04 15:55:30.405  3256  3256 I ValidateNoPeople: skipping global notification
05-04 15:55:30.410  3256  3256 W NotificationService: Pray mode not found android.content.pm.PackageManager$NameNotFoundException: Application package com.sec.android.settings.praymodewidget not found
05-04 15:55:30.660  3256  3723 D CustomFrequencyManagerService: releaseDVFSLockLocked : Getting Lock type frm List : DVFS_MIN_LIMIT  frequency : 1700000  uid : 1000  pid : 3256  tag : com.sec.android.inputmethod@1
05-04 15:55:30.715  3256  3293 D CustomFrequencyManagerService: releaseDVFSLockLocked : Getting Lock type frm List : DVFS_MIN_LIMIT  frequency : 1800000  uid : 1000  pid : 3256  tag : ACTIVITY_RESUME_BOOSTER@2
05-04 15:55:30.715  3256  3293 W ActivityManager: mDVFSHelper.release()
05-04 15:55:30.735  3256  3287 D CustomFrequencyManagerService: acquireDVFSLockLocked : type : DVFS_MIN_LIMIT  frequency : 1800000  uid : 1000  pid : 3256  pkgName : ACTIVITY_RESUME_BOOSTER@6
05-04 15:55:30.735 18988 18988 V ActivityThread: updateVisibility : ActivityRecord{176bf601 token=android.os.BinderProxy@38b9689a {com.icrealtime.allie/com.icrealtime.allie.ui.activities.PlayerActivity}} show : false
05-04 15:55:31.040  3256  3256 D CustomFrequencyManagerService: releaseDVFSLockLocked : Getting Lock type frm List : DVFS_MIN_LIMIT  frequency : 1800000  uid : 1000  pid : 3256  tag : ACTIVITY_RESUME_BOOSTER@6
05-04 15:55:31.945  3256  3739 I NotificationService: cancelToast pkg=com.icrealtime.allie callback=android.app.ITransientNotification$Stub$Proxy@fc7a25c
05-04 15:55:31.975  3256  6922 D PowerManagerService: [api] [s] userActivity : event: 0 flags: 0 (uid: 1000 pid: 3256) eventTime = 14220680
05-04 15:55:31.975  3256  6922 D PowerManagerService: [api] release WakeLock flags=0x2000000a tag=WindowManager uid=1000 pid=3256 (0x0)
05-04 15:55:31.975  3256  6922 D PowerManagerService: [api] applyWakeLockFlagsOnReleaseLocked : userActivityNoUpdateLocked is called : SCREEN_BRIGHT_WAKE_LOCK        'WindowManager' ON_AFTER_RELEASE (uid=1000, pid=3256, ws=WorkSource{10360}) (elapsedTime=1631)
05-04 15:55:32.460  3256  3328 D PowerManagerService: [api] userActivityFromNative : 2230 (event: 2 flags: 0) eventTime = 14221165
05-04 15:55:32.470  4053  4053 W ContextImpl: Calling a method in the system process without a qualified user: android.app.ContextImpl.sendBroadcast:1698 android.content.ContextWrapper.sendBroadcast:391 android.inputmethodservice.InputMethodService.sendInputViewShownState:424 android.inputmethodservice.InputMethodService.showWindow:2021 android.inputmethodservice.InputMethodService$InputMethodImpl.showSoftInput:648 
05-04 15:55:32.470  3256  5014 D SSRM:a  : DeviceInfo:: 000000000000
05-04 15:55:32.470  3256  5014 D SSRM:a  : SettingsAirViewInfo:: 000000000
05-04 15:55:32.480  4053 20760 W ContextImpl: Calling a method in the system process without a qualified user: android.app.ContextImpl.sendBroadcast:1698 android.content.ContextWrapper.sendBroadcast:391 android.inputmethodservice.InputMethodService$4.run:3277 java.lang.Thread.run:818 <bottom of call stack> 
05-04 15:55:32.480  3256  3256 I ValidateNoPeople: skipping global notification
05-04 15:55:32.485  3256  3256 W NotificationService: Pray mode not found android.content.pm.PackageManager$NameNotFoundException: Application package com.sec.android.settings.praymodewidget not found
05-04 15:55:34.050  3256  3585 D BatteryService: !@BatteryListener : batteryPropertiesChanged!
05-04 15:55:34.050  3256  3585 D BatteryService: level:86, scale:100, status:3, health:2, present:true, voltage: 4117, temperature: 382, technology: Li-ion, AC powered:false, USB powered:true, POGO powered:false, Wireless powered:false, icon:17303382, invalid charger:0
05-04 15:55:34.050  3256  3585 D BatteryService: online:4, current avg:-14, charge type:2, power sharing:false, high voltage charger:false, capacity:280000, current_now:-15
05-04 15:55:34.050  3256  3256 D BatteryService: Sending ACTION_BATTERY_CHANGED.
05-04 15:55:34.055  3672  3672 V EmergencyMode: [EmergencyStateReceiver] onReceive : android.intent.action.BATTERY_CHANGED
05-04 15:55:34.055  3672  3672 V EmergencyMode: [EmergencyStateReceiver] ACTION_BATTERY_CHANGED mBatteryLevelForLogging = 86
05-04 15:55:34.080  3421  3421 D BatteryMeterView: ACTION_BATTERY_CHANGED : level:86 status:3 health:2
05-04 15:55:34.080  3421  3421 D BatteryMeterView: ACTION_BATTERY_CHANGED : level:86 status:3 health:2
05-04 15:55:34.080  3421  3421 D BatteryMeterView: ACTION_BATTERY_CHANGED : level:86 status:3 health:2
--------- beginning of main
05-04 15:55:34.795  3256  3739 I ClipboardServiceEx: text write to parcel
05-04 15:55:34.795  3256  3328 I InputDispatcher: Delivering key to (18988): action: 0x0 (0)
05-04 15:55:34.810  3256  3328 I InputDispatcher: Delivering key to (18988): action: 0x1 (0)
05-04 15:55:34.820  3256  3585 D PersonaManager: getFocusedUser
05-04 15:55:34.820  3256  3585 D PersonaManagerService: getFocusedUser: current uesr id is 0
05-04 15:55:34.820  3256  3585 I ClipboardServiceEx: getPersonaId api current userid : 0, from pm
