05-04 15:51:10.790  3256  6937 D ActivityManager: retrieveServiceLocked(): component = com.icrealtime.allie/com.icrealtime.allie.service.BackgroundService; callingUser = 0; userId(target) = 0
05-04 15:51:10.795  3256  3256 D PersonaManagerService: getPersonasForUser(): returning null!
05-04 15:51:10.810  3256  3739 D MultiWindowConverter: dismissGuide() : Before attaching the guide view, mForceDismissGuide : false
05-04 15:51:10.810  3256  3291 D StatusBarManagerService: manageDisableList userId=0 what=0x0 pkg=WindowManager.LayoutParams
05-04 15:51:10.810  3256  3291 D StatusBarManagerService: manageDisableList userId=0 what=0x0 pkg=WindowManager.LayoutParams
05-04 15:51:10.850  3256  3293 D PowerManagerService: [api] acquire WakeLock flags=0x2000000a tag=WindowManager uid=1000 pid=3256
05-04 15:51:10.870  3256 19479 W ContextImpl: Calling a method in the system process without a qualified user: android.app.ContextImpl.sendBroadcast:1698 com.android.server.InputMethodManagerService$6.run:2786 java.lang.Thread.run:818 <bottom of call stack> <bottom of call stack> 
05-04 15:51:11.125  3256  3293 D CustomFrequencyManagerService: releaseDVFSLockLocked : Getting Lock type frm List : DVFS_MIN_LIMIT  frequency : 1800000  uid : 1000  pid : 3256  tag : ACTIVITY_RESUME_BOOSTER@2
05-04 15:51:11.125  3256  3293 W ActivityManager: mDVFSHelper.release()
05-04 15:51:11.140  3256  3287 D CustomFrequencyManagerService: acquireDVFSLockLocked : type : DVFS_MIN_LIMIT  frequency : 1800000  uid : 1000  pid : 3256  pkgName : ACTIVITY_RESUME_BOOSTER@6
05-04 15:51:11.140 18988 18988 V ActivityThread: updateVisibility : ActivityRecord{11957ce7 token=android.os.BinderProxy@2ded70f9 {com.icrealtime.allie/com.icrealtime.allie.ui.activities.MainActivity}} show : false
05-04 15:51:11.440  3256  3256 D CustomFrequencyManagerService: releaseDVFSLockLocked : Getting Lock type frm List : DVFS_MIN_LIMIT  frequency : 1800000  uid : 1000  pid : 3256  tag : ACTIVITY_RESUME_BOOSTER@6
05-04 15:51:13.790  3256  5292 D BatteryService: !@BatteryListener : batteryPropertiesChanged!
05-04 15:51:13.790  3256  5292 D BatteryService: level:86, scale:100, status:3, health:2, present:true, voltage: 4113, temperature: 375, technology: Li-ion, AC powered:false, USB powered:true, POGO powered:false, Wireless powered:false, icon:17303382, invalid charger:0
05-04 15:51:13.790  3256  5292 D BatteryService: online:4, current avg:-22, charge type:2, power sharing:false, high voltage charger:false, capacity:280000, current_now:-23
05-04 15:51:13.790  3256  3256 D BatteryService: Sending ACTION_BATTERY_CHANGED.
05-04 15:51:13.795  3672  3672 V EmergencyMode: [EmergencyStateReceiver] onReceive : android.intent.action.BATTERY_CHANGED
05-04 15:51:13.795  3672  3672 V EmergencyMode: [EmergencyStateReceiver] ACTION_BATTERY_CHANGED mBatteryLevelForLogging = 86
05-04 15:51:13.815  3421  3421 D BatteryMeterView: ACTION_BATTERY_CHANGED : level:86 status:3 health:2
05-04 15:51:13.815  3421  3421 D BatteryMeterView: ACTION_BATTERY_CHANGED : level:86 status:3 health:2
05-04 15:51:13.815  3421  3421 D BatteryMeterView: ACTION_BATTERY_CHANGED : level:86 status:3 health:2
05-04 15:51:14.875  3256  3353 V NetworkStats: performPollLocked(flags=0x1)
05-04 15:51:14.905  3256  3353 V NetworkStats: performPollLocked() took 27ms
05-04 15:51:15.055  3256  3566 E Watchdog: !@Sync 465 [05-04 15:51:15.062]
05-04 15:51:16.060  3256  5014 D SSRM:n  : SIOP:: AP = 460, PST = 445 (W:10), CUR = -22, LCD = 147
05-04 15:51:18.965  3256  3353 V NetworkStats: performPollLocked(flags=0x1)
05-04 15:51:18.990  3256  3353 V NetworkStats: performPollLocked() took 25ms
05-04 15:51:22.905  2588  2833 E Vold    : Failed to find mounted volume for /storage/extSdCard/Android/data/com.icrealtime.allie/files/
05-04 15:51:22.905  2588  2833 W Vold    : Returning OperationFailed - no handler for errno 0
05-04 15:51:22.910  2588  2833 E Vold    : Failed to find mounted volume for /storage/extSdCard/Android/data/com.icrealtime.allie/files/
05-04 15:51:22.910  2588  2833 W Vold    : Returning OperationFailed - no handler for errno 0
05-04 15:51:23.105  3256  3353 V NetworkStats: performPollLocked(flags=0x1)
05-04 15:51:23.125  3256  3353 V NetworkStats: performPollLocked() took 24ms
05-04 15:51:23.800  3256  5292 D BatteryService: !@BatteryListener : batteryPropertiesChanged!
05-04 15:51:23.800  3256  5292 D BatteryService: level:86, scale:100, status:3, health:2, present:true, voltage: 4000, temperature: 381, technology: Li-ion, AC powered:false, USB powered:true, POGO powered:false, Wireless powered:false, icon:17303382, invalid charger:0
05-04 15:51:23.800  3256  5292 D BatteryService: online:4, current avg:-984, charge type:2, power sharing:false, high voltage charger:false, capacity:280000, current_now:-984
05-04 15:51:23.800  3256  3256 D BatteryService: Sending ACTION_BATTERY_CHANGED.
05-04 15:51:23.805  3672  3672 V EmergencyMode: [EmergencyStateReceiver] onReceive : android.intent.action.BATTERY_CHANGED
05-04 15:51:23.805  3672  3672 V EmergencyMode: [EmergencyStateReceiver] ACTION_BATTERY_CHANGED mBatteryLevelForLogging = 86
05-04 15:51:23.810  3421  3421 D BatteryMeterView: ACTION_BATTERY_CHANGED : level:86 status:3 health:2
05-04 15:51:23.810  3421  3421 D BatteryMeterView: ACTION_BATTERY_CHANGED : level:86 status:3 health:2
05-04 15:51:23.810  3421  3421 D BatteryMeterView: ACTION_BATTERY_CHANGED : level:86 status:3 health:2
05-04 15:51:26.065  3256  5014 D SSRM:n  : SIOP:: AP = 520, PST = 454 (W:10), CUR = -984, LCD = 147
05-04 15:51:27.600  3256  3353 V NetworkStats: performPollLocked(flags=0x1)
05-04 15:51:27.635  3256  3353 V NetworkStats: performPollLocked() took 37ms
05-04 15:51:31.665  3256  3353 V NetworkStats: performPollLocked(flags=0x1)
05-04 15:51:31.685  3256  3353 V NetworkStats: performPollLocked() took 23ms
05-04 15:51:33.810  3256  3586 D BatteryService: !@BatteryListener : batteryPropertiesChanged!
05-04 15:51:33.810  3256  3586 D BatteryService: level:86, scale:100, status:3, health:2, present:true, voltage: 4070, temperature: 385, technology: Li-ion, AC powered:false, USB powered:true, POGO powered:false, Wireless powered:false, icon:17303382, invalid charger:0
05-04 15:51:33.810  3256  3586 D BatteryService: online:4, current avg:-898, charge type:2, power sharing:false, high voltage charger:false, capacity:280000, current_now:-898
05-04 15:51:33.810  3256  3256 D BatteryService: Sending ACTION_BATTERY_CHANGED.
05-04 15:51:33.815  3672  3672 V EmergencyMode: [EmergencyStateReceiver] onReceive : android.intent.action.BATTERY_CHANGED
05-04 15:51:33.815  3672  3672 V EmergencyMode: [EmergencyStateReceiver] ACTION_BATTERY_CHANGED mBatteryLevelForLogging = 86
05-04 15:51:33.835  3421  3421 D BatteryMeterView: ACTION_BATTERY_CHANGED : level:86 status:3 health:2
05-04 15:51:33.835  3421  3421 D BatteryMeterView: ACTION_BATTERY_CHANGED : level:86 status:3 health:2
05-04 15:51:33.840  3421  3421 D BatteryMeterView: ACTION_BATTERY_CHANGED : level:86 status:3 health:2
05-04 15:51:36.055  3256  3353 V NetworkStats: performPollLocked(flags=0x1)
05-04 15:51:36.070  3256  5014 D SSRM:n  : SIOP:: AP = 520, PST = 462 (W:10), CUR = -898, LCD = 147
05-04 15:51:36.075  3256  3353 V NetworkStats: performPollLocked() took 23ms
05-04 15:51:40.220  3256  3353 V NetworkStats: performPollLocked(flags=0x1)
05-04 15:51:40.240  3256  3353 V NetworkStats: performPollLocked() took 20ms
05-04 15:51:41.540  3256  3291 V WindowManager: rotationForOrientationLw(orient=-1, last=0); user=3 USER_ROTATION_LOCKED sensorRotation=-1 mLidState=-1 mDockMode=0 mHdmiPlugged=false
05-04 15:51:41.540  3256  3291 D SamsungWindowManager: setRotationLw() : rotation=3
05-04 15:51:41.540  3256  3291 D CustomFrequencyManagerService: acquireDVFSLockLocked : type : DVFS_MIN_LIMIT  frequency : 1900000  uid : 1000  pid : 3256  pkgName : ROTATION_BOOSTER@30
05-04 15:51:41.575  3256  3256 V ActivityManager: Display changed displayId=0
05-04 15:51:41.585  3256  3291 I ActivityManager: Config changes=480 {0 1.0 ?mcc?mnc en_US ldltr sw768dp w1024dp h743dp 320dpi xlrg land finger -keyb/v/h -nav/h s.16}
05-04 15:51:41.585  3256  7219 V WindowManager: rotationForOrientationLw(orient=-1, last=3); user=3 USER_ROTATION_LOCKED sensorRotation=-1 mLidState=-1 mDockMode=0 mHdmiPlugged=false
05-04 15:51:41.605  3421  3421 D Recents_AlternateRecentsComponent: reloadHeaderBarLayout is getting called
05-04 15:51:41.610  3421  3421 D Recents_TaskViewHeader: onFinishInflate
05-04 15:51:41.635  3256  3323 E SmartFaceService: onReceive: android.intent.action.CONFIGURATION_CHANGED
05-04 15:51:41.635  3256  3323 E SmartFaceService: mFolderCoverOpened: (true, true) -> true
05-04 15:51:41.640  3256  3291 V WindowManager: rotationForOrientationLw(orient=-1, last=3); user=3 USER_ROTATION_LOCKED sensorRotation=-1 mLidState=-1 mDockMode=0 mHdmiPlugged=false
05-04 15:51:41.650  3421  3421 D STATUSBAR-QSTileView: dynamicallyReduceTextSize: 148
05-04 15:51:41.650  3421  3421 D STATUSBAR-QSTileView: dynamicallyReduceTextSize: 148
05-04 15:51:41.650  3421  3421 D STATUSBAR-QSTileView: dynamicallyCutandReduceTextSize: 148
05-04 15:51:41.650  3421  3421 D STATUSBAR-QSTileView: text: Sound
05-04 15:51:41.650  3421  3421 D STATUSBAR-QSTileView: dynamicallyReduceTextSize: 148
05-04 15:51:41.650  3421  3421 D STATUSBAR-QSTileView: dynamicallyReduceTextSize: 148
05-04 15:51:41.650  3421  3421 D STATUSBAR-QSTileView: dynamicallyReduceTextSize: 148
05-04 15:51:41.650  3421  3421 D STATUSBAR-QSTileView: dynamicallyReduceTextSize: 148
05-04 15:51:41.650  3421  3421 D STATUSBAR-QSTileView: dynamicallyReduceTextSize: 148
05-04 15:51:41.650  3421  3421 D STATUSBAR-QSTileView: dynamicallyReduceTextSize: 148
05-04 15:51:41.650  3421  3421 D STATUSBAR-QSTileView: dynamicallyReduceTextSize: 148
05-04 15:51:41.650  3421  3421 D STATUSBAR-QSTileView: dynamicallyReduceTextSize: 148
05-04 15:51:41.650  3421  3421 D STATUSBAR-QSTileView: dynamicallyReduceTextSize: 148
05-04 15:51:41.650  3421  3421 D STATUSBAR-QSTileView: dynamicallyReduceTextSize: 148
05-04 15:51:41.650  3421  3421 D STATUSBAR-QSTileView: dynamicallyReduceTextSize: 148
05-04 15:51:41.655  3421  3929 D BluetoothTile:  handleUpdatestate:false name:null
05-04 15:51:41.920  3421  3421 D STATUSBAR-QSTileView: dynamicallyReduceTextSize: 148
05-04 15:51:41.920  3421  3421 D STATUSBAR-QSTileView: dynamicallyReduceTextSize: 148
05-04 15:51:41.920  3421  3421 D STATUSBAR-QSTileView: dynamicallyCutandReduceTextSize: 148
05-04 15:51:41.920  3421  3421 D STATUSBAR-QSTileView: text: Sound
05-04 15:51:41.920  3421  3421 D STATUSBAR-QSTileView: dynamicallyReduceTextSize: 148
05-04 15:51:41.920  3421  3421 D STATUSBAR-QSTileView: dynamicallyReduceTextSize: 148
05-04 15:51:41.920  3421  3421 D STATUSBAR-QSTileView: dynamicallyReduceTextSize: 148
05-04 15:51:41.920  3421  3421 D STATUSBAR-QSTileView: dynamicallyReduceTextSize: 148
05-04 15:51:41.920  3421  3421 D STATUSBAR-QSTileView: dynamicallyReduceTextSize: 148
05-04 15:51:41.920  3421  3421 D STATUSBAR-QSTileView: dynamicallyReduceTextSize: 148
05-04 15:51:41.920  3421  3421 D STATUSBAR-QSTileView: dynamicallyReduceTextSize: 148
05-04 15:51:41.920  3421  3421 D STATUSBAR-QSTileView: dynamicallyReduceTextSize: 148
05-04 15:51:41.920  3421  3421 D STATUSBAR-QSTileView: dynamicallyReduceTextSize: 148
05-04 15:51:41.920  3421  3421 D STATUSBAR-QSTileView: dynamicallyReduceTextSize: 148
05-04 15:51:41.920  3421  3421 D STATUSBAR-QSTileView: dynamicallyReduceTextSize: 148
05-04 15:51:41.940  3421  3421 D STATUSBAR-QSTileView: dynamicallyReduceTextSize: 0
05-04 15:51:41.945  3421  3421 D STATUSBAR-QSTileView: dynamicallyReduceTextSize: 0
05-04 15:51:41.945  3421  3421 D STATUSBAR-QSTileView: dynamicallyReduceTextSize: 0
05-04 15:51:41.950  3421  3421 D STATUSBAR-QSTileView: dynamicallyReduceTextSize: 0
05-04 15:51:41.950  3421  3421 D STATUSBAR-QSTileView: dynamicallyReduceTextSize: 0
05-04 15:51:41.955  3421  3421 D STATUSBAR-QSTileView: dynamicallyReduceTextSize: 0
05-04 15:51:41.955  3421  3421 D STATUSBAR-QSTileView: dynamicallyReduceTextSize: 0
05-04 15:51:41.960  3421  3421 D STATUSBAR-QSTileView: dynamicallyReduceTextSize: 0
05-04 15:51:41.960  3421  3421 D STATUSBAR-QSTileView: dynamicallyReduceTextSize: 0
05-04 15:51:41.960  3421  3421 D STATUSBAR-QSTileView: dynamicallyReduceTextSize: 0
05-04 15:51:41.965  3421  3421 D STATUSBAR-QSTileView: dynamicallyReduceTextSize: 0
05-04 15:51:41.965  3421  3421 D STATUSBAR-QSTileView: dynamicallyReduceTextSize: 0
05-04 15:51:41.970  3421  3421 D STATUSBAR-QSTileView: dynamicallyReduceTextSize: 0
05-04 15:51:41.970  3421  3421 D STATUSBAR-QSTileView: dynamicallyReduceTextSize: 0
05-04 15:51:42.040  3256  3293 I WindowManager: Screen frozen for +497ms due to Window{36c5fbb2 u0 StatusBar}
05-04 15:51:42.480  3256  3293 V WindowManager: rotationForOrientationLw(orient=-1, last=3); user=3 USER_ROTATION_LOCKED sensorRotation=-1 mLidState=-1 mDockMode=0 mHdmiPlugged=false
05-04 15:51:43.540  3256  3256 D CustomFrequencyManagerService: releaseDVFSLockLocked : Getting Lock type frm List : DVFS_MIN_LIMIT  frequency : 1900000  uid : 1000  pid : 3256  tag : ROTATION_BOOSTER@30
05-04 15:51:43.820  3256  3524 D BatteryService: !@BatteryListener : batteryPropertiesChanged!
05-04 15:51:43.820  3256  3524 D BatteryService: level:86, scale:100, status:3, health:2, present:true, voltage: 4015, temperature: 392, technology: Li-ion, AC powered:false, USB powered:true, POGO powered:false, Wireless powered:false, icon:17303382, invalid charger:0
05-04 15:51:43.820  3256  3524 D BatteryService: online:4, current avg:-2070, charge type:2, power sharing:false, high voltage charger:false, capacity:280000, current_now:-2070
05-04 15:51:43.820  3256  3256 D BatteryService: Sending ACTION_BATTERY_CHANGED.
05-04 15:51:43.830  3672  3672 V EmergencyMode: [EmergencyStateReceiver] onReceive : android.intent.action.BATTERY_CHANGED
05-04 15:51:43.830  3672  3672 V EmergencyMode: [EmergencyStateReceiver] ACTION_BATTERY_CHANGED mBatteryLevelForLogging = 86
05-04 15:51:43.845  3421  3421 D BatteryMeterView: ACTION_BATTERY_CHANGED : level:86 status:3 health:2
05-04 15:51:43.845  3421  3421 D BatteryMeterView: ACTION_BATTERY_CHANGED : level:86 status:3 health:2
05-04 15:51:43.845  3421  3421 D BatteryMeterView: ACTION_BATTERY_CHANGED : level:86 status:3 health:2
05-04 15:51:44.615  3256  3353 V NetworkStats: performPollLocked(flags=0x1)
05-04 15:51:44.645  3256  3353 V NetworkStats: performPollLocked() took 28ms
05-04 15:51:45.055  3256  3566 E Watchdog: !@Sync 466 [05-04 15:51:45.063]
05-04 15:51:46.080  3256  5014 D SSRM:n  : SIOP:: AP = 550, PST = 473 (W:10), CUR = -2070, LCD = 147
05-04 15:51:46.080  3256  5014 D U       : broadcastSiopLevelIntent:: currentSiopLevel = 1
05-04 15:51:47.540  3256  3291 V WindowManager: rotationForOrientationLw(orient=-1, last=3); user=0 USER_ROTATION_LOCKED sensorRotation=-1 mLidState=-1 mDockMode=0 mHdmiPlugged=false
05-04 15:51:47.545  3256  3291 D SamsungWindowManager: setRotationLw() : rotation=0
05-04 15:51:47.545  3256  3291 D CustomFrequencyManagerService: acquireDVFSLockLocked : type : DVFS_MIN_LIMIT  frequency : 1900000  uid : 1000  pid : 3256  pkgName : ROTATION_BOOSTER@30
05-04 15:51:47.570  3256  3256 V ActivityManager: Display changed displayId=0
05-04 15:51:47.575  3256  3291 I ActivityManager: Config changes=480 {0 1.0 ?mcc?mnc en_US ldltr sw768dp w768dp h999dp 320dpi xlrg port finger -keyb/v/h -nav/h s.17}
05-04 15:51:47.580  3256  5293 V WindowManager: rotationForOrientationLw(orient=-1, last=0); user=0 USER_ROTATION_LOCKED sensorRotation=-1 mLidState=-1 mDockMode=0 mHdmiPlugged=false
05-04 15:51:47.580  3256  3291 W WindowManager: prepareMultiWindowTransitionLocked : Other window animation is already running.. skip 
05-04 15:51:47.605  3421  3421 D Recents_AlternateRecentsComponent: reloadHeaderBarLayout is getting called
05-04 15:51:47.610  3421  3421 D Recents_TaskViewHeader: onFinishInflate
05-04 15:51:47.615  3421  3421 D STATUSBAR-QSTileView: dynamicallyReduceTextSize: 148
05-04 15:51:47.615  3421  3421 D STATUSBAR-QSTileView: dynamicallyReduceTextSize: 148
05-04 15:51:47.615  3421  3421 D STATUSBAR-QSTileView: dynamicallyCutandReduceTextSize: 148
05-04 15:51:47.615  3421  3421 D STATUSBAR-QSTileView: text: Sound
05-04 15:51:47.615  3421  3421 D STATUSBAR-QSTileView: dynamicallyReduceTextSize: 148
05-04 15:51:47.620  3421  3421 D STATUSBAR-QSTileView: dynamicallyReduceTextSize: 148
05-04 15:51:47.620  3421  3421 D STATUSBAR-QSTileView: dynamicallyReduceTextSize: 148
05-04 15:51:47.620  3421  3421 D STATUSBAR-QSTileView: dynamicallyReduceTextSize: 148
05-04 15:51:47.620  3421  3421 D STATUSBAR-QSTileView: dynamicallyReduceTextSize: 148
05-04 15:51:47.620  3421  3421 D STATUSBAR-QSTileView: dynamicallyReduceTextSize: 148
05-04 15:51:47.620  3421  3421 D STATUSBAR-QSTileView: dynamicallyReduceTextSize: 148
05-04 15:51:47.620  3421  3421 D STATUSBAR-QSTileView: dynamicallyReduceTextSize: 148
05-04 15:51:47.620  3421  3421 D STATUSBAR-QSTileView: dynamicallyReduceTextSize: 148
05-04 15:51:47.620  3421  3421 D STATUSBAR-QSTileView: dynamicallyReduceTextSize: 148
05-04 15:51:47.620  3421  3421 D STATUSBAR-QSTileView: dynamicallyReduceTextSize: 148
05-04 15:51:47.620  3421  3929 D BluetoothTile:  handleUpdatestate:false name:null
05-04 15:51:47.625  3256  3291 V WindowManager: rotationForOrientationLw(orient=-1, last=0); user=0 USER_ROTATION_LOCKED sensorRotation=-1 mLidState=-1 mDockMode=0 mHdmiPlugged=false
05-04 15:51:47.625  3256  3323 E SmartFaceService: onReceive: android.intent.action.CONFIGURATION_CHANGED
05-04 15:51:47.625  3256  3323 E SmartFaceService: mFolderCoverOpened: (true, true) -> true
05-04 15:51:47.880  3421  3421 D STATUSBAR-QSTileView: dynamicallyReduceTextSize: 148
05-04 15:51:47.880  3421  3421 D STATUSBAR-QSTileView: dynamicallyReduceTextSize: 148
05-04 15:51:47.880  3421  3421 D STATUSBAR-QSTileView: dynamicallyCutandReduceTextSize: 148
05-04 15:51:47.880  3421  3421 D STATUSBAR-QSTileView: text: Sound
05-04 15:51:47.880  3421  3421 D STATUSBAR-QSTileView: dynamicallyReduceTextSize: 148
05-04 15:51:47.880  3421  3421 D STATUSBAR-QSTileView: dynamicallyReduceTextSize: 148
05-04 15:51:47.880  3421  3421 D STATUSBAR-QSTileView: dynamicallyReduceTextSize: 148
05-04 15:51:47.880  3421  3421 D STATUSBAR-QSTileView: dynamicallyReduceTextSize: 148
05-04 15:51:47.880  3421  3421 D STATUSBAR-QSTileView: dynamicallyReduceTextSize: 148
05-04 15:51:47.880  3421  3421 D STATUSBAR-QSTileView: dynamicallyReduceTextSize: 148
05-04 15:51:47.880  3421  3421 D STATUSBAR-QSTileView: dynamicallyReduceTextSize: 148
05-04 15:51:47.880  3421  3421 D STATUSBAR-QSTileView: dynamicallyReduceTextSize: 148
05-04 15:51:47.880  3421  3421 D STATUSBAR-QSTileView: dynamicallyReduceTextSize: 148
05-04 15:51:47.880  3421  3421 D STATUSBAR-QSTileView: dynamicallyReduceTextSize: 148
05-04 15:51:47.880  3421  3421 D STATUSBAR-QSTileView: dynamicallyReduceTextSize: 148
05-04 15:51:47.890  3421  3421 D STATUSBAR-QSTileView: dynamicallyReduceTextSize: 0
05-04 15:51:47.895  3421  3421 D STATUSBAR-QSTileView: dynamicallyReduceTextSize: 0
05-04 15:51:47.895  3421  3421 D STATUSBAR-QSTileView: dynamicallyReduceTextSize: 0
05-04 15:51:47.895  3421  3421 D STATUSBAR-QSTileView: dynamicallyReduceTextSize: 0
05-04 15:51:47.900  3421  3421 D STATUSBAR-QSTileView: dynamicallyReduceTextSize: 0
05-04 15:51:47.900  3421  3421 D STATUSBAR-QSTileView: dynamicallyReduceTextSize: 0
05-04 15:51:47.900  3421  3421 D STATUSBAR-QSTileView: dynamicallyReduceTextSize: 0
05-04 15:51:47.905  3421  3421 D STATUSBAR-QSTileView: dynamicallyReduceTextSize: 0
05-04 15:51:47.905  3421  3421 D STATUSBAR-QSTileView: dynamicallyReduceTextSize: 0
05-04 15:51:47.905  3421  3421 D STATUSBAR-QSTileView: dynamicallyReduceTextSize: 0
05-04 15:51:47.905  3421  3421 D STATUSBAR-QSTileView: dynamicallyReduceTextSize: 0
05-04 15:51:47.910  3421  3421 D STATUSBAR-QSTileView: dynamicallyReduceTextSize: 0
05-04 15:51:47.910  3421  3421 D STATUSBAR-QSTileView: dynamicallyReduceTextSize: 0
05-04 15:51:47.910  3421  3421 D STATUSBAR-QSTileView: dynamicallyReduceTextSize: 0
05-04 15:51:47.985  3256  3293 I WindowManager: Screen frozen for +437ms due to Window{36c5fbb2 u0 StatusBar}
05-04 15:51:48.425  3256  3293 V WindowManager: rotationForOrientationLw(orient=-1, last=0); user=0 USER_ROTATION_LOCKED sensorRotation=-1 mLidState=-1 mDockMode=0 mHdmiPlugged=false
05-04 15:51:48.805  3256  3353 V NetworkStats: performPollLocked(flags=0x1)
05-04 15:51:48.820  3256  3353 V NetworkStats: performPollLocked() took 18ms
05-04 15:51:49.545  3256  3256 D CustomFrequencyManagerService: releaseDVFSLockLocked : Getting Lock type frm List : DVFS_MIN_LIMIT  frequency : 1900000  uid : 1000  pid : 3256  tag : ROTATION_BOOSTER@30
05-04 15:51:49.790  3256  3739 I NotificationService: cancelToast pkg=com.icrealtime.allie callback=android.app.ITransientNotification$Stub$Proxy@23e2a1a7
05-04 15:51:49.990  3256  5293 D CustomFrequencyManagerService: acquireDVFSLockLocked : type : DVFS_MIN_LIMIT  frequency : 1800000  uid : 1000  pid : 3256  pkgName : ACTIVITY_RESUME_BOOSTER@2
05-04 15:51:49.995  3256  5293 W ActivityManager: mDVFSHelper.acquire()
05-04 15:51:50.035  3256  3526 D ActivityManager: bindService callerProcessName:com.icrealtime.allie, calleePkgName: com.icrealtime.allie, action: null
05-04 15:51:50.035  3256  3526 D ActivityManager: retrieveServiceLocked(): component = com.icrealtime.allie/com.icrealtime.allie.service.BackgroundService; callingUser = 0; userId(target) = 0
05-04 15:51:50.050  3256  3256 D PersonaManagerService: getPersonasForUser(): returning null!
05-04 15:51:50.050  3256  7219 D MultiWindowConverter: dismissGuide() : Before attaching the guide view, mForceDismissGuide : false
05-04 15:51:50.050  3256  3291 D StatusBarManagerService: manageDisableList userId=0 what=0x0 pkg=WindowManager.LayoutParams
05-04 15:51:50.050  3256  3291 D StatusBarManagerService: manageDisableList userId=0 what=0x0 pkg=WindowManager.LayoutParams
05-04 15:51:50.100  3256 20020 W ContextImpl: Calling a method in the system process without a qualified user: android.app.ContextImpl.sendBroadcast:1698 com.android.server.InputMethodManagerService$6.run:2786 java.lang.Thread.run:818 <bottom of call stack> <bottom of call stack> 
05-04 15:51:50.380  3256  3293 D CustomFrequencyManagerService: releaseDVFSLockLocked : Getting Lock type frm List : DVFS_MIN_LIMIT  frequency : 1800000  uid : 1000  pid : 3256  tag : ACTIVITY_RESUME_BOOSTER@2
05-04 15:51:50.380  3256  3293 W ActivityManager: mDVFSHelper.release()
05-04 15:51:50.380  3256  3287 D CustomFrequencyManagerService: acquireDVFSLockLocked : type : DVFS_MIN_LIMIT  frequency : 1800000  uid : 1000  pid : 3256  pkgName : ACTIVITY_RESUME_BOOSTER@6
05-04 15:51:50.685  3256  3256 D CustomFrequencyManagerService: releaseDVFSLockLocked : Getting Lock type frm List : DVFS_MIN_LIMIT  frequency : 1800000  uid : 1000  pid : 3256  tag : ACTIVITY_RESUME_BOOSTER@6
05-04 15:51:51.175  3256  3328 D PowerManagerService: [api] userActivityFromNative : 2200 (event: 2 flags: 0) eventTime = 13999879
05-04 15:51:51.180  3256  6937 I NotificationService: cancelToast pkg=com.icrealtime.allie callback=android.app.ITransientNotification$Stub$Proxy@23c24bb5
05-04 15:51:51.195  3256  6911 D PowerManagerService: [api] [s] userActivity : event: 0 flags: 0 (uid: 1000 pid: 3256) eventTime = 13999902
05-04 15:51:51.195  3256  6911 D PowerManagerService: [api] release WakeLock flags=0x2000000a tag=WindowManager uid=1000 pid=3256 (0x0)
05-04 15:51:51.195  3256  6911 D PowerManagerService: [api] applyWakeLockFlagsOnReleaseLocked : userActivityNoUpdateLocked is called : SCREEN_BRIGHT_WAKE_LOCK        'WindowManager' ON_AFTER_RELEASE (uid=1000, pid=3256, ws=WorkSource{10360}) (elapsedTime=40344)
05-04 15:51:51.320  3256  3739 D CustomFrequencyManagerService: acquireDVFSLockLocked : type : DVFS_MIN_LIMIT  frequency : 1800000  uid : 1000  pid : 3256  pkgName : ACTIVITY_RESUME_BOOSTER@2
05-04 15:51:51.320  3256  3739 W ActivityManager: mDVFSHelper.acquire()
05-04 15:51:51.320  3256  3739 D MultiWindowConverter: dismissGuide() : Before attaching the guide view, mForceDismissGuide : false
05-04 15:51:51.340  3256  6937 W ActivityManager: Permission Denial: getCurrentUser() from pid=18988, uid=10360 requires android.permission.INTERACT_ACROSS_USERS
05-04 15:51:51.345  3256  3524 D ActivityManager: startService callerProcessName:com.icrealtime.allie, calleePkgName: com.icrealtime.allie
05-04 15:51:51.345  3256  3524 D ActivityManager: retrieveServiceLocked(): component = com.icrealtime.allie/com.icrealtime.allie.service.BackgroundService; callingUser = 0; userId(target) = 0
05-04 15:51:51.380  3256  6937 D ActivityManager: bindService callerProcessName:com.icrealtime.allie, calleePkgName: com.icrealtime.allie, action: null
05-04 15:51:51.380  3256  6937 D ActivityManager: retrieveServiceLocked(): component = com.icrealtime.allie/com.icrealtime.allie.service.BackgroundService; callingUser = 0; userId(target) = 0
05-04 15:51:51.385  3256  3256 D PersonaManagerService: getPersonasForUser(): returning null!
05-04 15:51:51.390  3256  3526 D MultiWindowConverter: dismissGuide() : Before attaching the guide view, mForceDismissGuide : false
05-04 15:51:51.390  3256  3291 D StatusBarManagerService: manageDisableList userId=0 what=0x0 pkg=WindowManager.LayoutParams
05-04 15:51:51.390  3256  3291 D StatusBarManagerService: manageDisableList userId=0 what=0x0 pkg=WindowManager.LayoutParams
05-04 15:51:51.455  3256  3293 D PowerManagerService: [api] acquire WakeLock flags=0x2000000a tag=WindowManager uid=1000 pid=3256
05-04 15:51:51.460  3256 20049 W ContextImpl: Calling a method in the system process without a qualified user: android.app.ContextImpl.sendBroadcast:1698 com.android.server.InputMethodManagerService$6.run:2786 java.lang.Thread.run:818 <bottom of call stack> <bottom of call stack> 
05-04 15:51:51.745  3256  3293 D CustomFrequencyManagerService: releaseDVFSLockLocked : Getting Lock type frm List : DVFS_MIN_LIMIT  frequency : 1800000  uid : 1000  pid : 3256  tag : ACTIVITY_RESUME_BOOSTER@2
05-04 15:51:51.745  3256  3293 W ActivityManager: mDVFSHelper.release()
05-04 15:51:51.765  3256  3287 D CustomFrequencyManagerService: acquireDVFSLockLocked : type : DVFS_MIN_LIMIT  frequency : 1800000  uid : 1000  pid : 3256  pkgName : ACTIVITY_RESUME_BOOSTER@6
05-04 15:51:51.765 18988 18988 V ActivityThread: updateVisibility : ActivityRecord{11957ce7 token=android.os.BinderProxy@2ded70f9 {com.icrealtime.allie/com.icrealtime.allie.ui.activities.MainActivity}} show : false
05-04 15:51:52.065  3256  3256 D CustomFrequencyManagerService: releaseDVFSLockLocked : Getting Lock type frm List : DVFS_MIN_LIMIT  frequency : 1800000  uid : 1000  pid : 3256  tag : ACTIVITY_RESUME_BOOSTER@6
05-04 15:51:53.830  3256  5292 D BatteryService: !@BatteryListener : batteryPropertiesChanged!
05-04 15:51:53.830  3256  5292 D BatteryService: level:86, scale:100, status:3, health:2, present:true, voltage: 4093, temperature: 393, technology: Li-ion, AC powered:false, USB powered:true, POGO powered:false, Wireless powered:false, icon:17303382, invalid charger:0
05-04 15:51:53.830  3256  5292 D BatteryService: online:4, current avg:-636, charge type:2, power sharing:false, high voltage charger:false, capacity:280000, current_now:-636
05-04 15:51:53.830  3256  3256 D BatteryService: Sending ACTION_BATTERY_CHANGED.
05-04 15:51:53.840  3672  3672 V EmergencyMode: [EmergencyStateReceiver] onReceive : android.intent.action.BATTERY_CHANGED
05-04 15:51:53.840  3672  3672 V EmergencyMode: [EmergencyStateReceiver] ACTION_BATTERY_CHANGED mBatteryLevelForLogging = 86
05-04 15:51:53.860  3421  3421 D BatteryMeterView: ACTION_BATTERY_CHANGED : level:86 status:3 health:2
05-04 15:51:53.860  3421  3421 D BatteryMeterView: ACTION_BATTERY_CHANGED : level:86 status:3 health:2
05-04 15:51:53.860  3421  3421 D BatteryMeterView: ACTION_BATTERY_CHANGED : level:86 status:3 health:2
05-04 15:51:56.100  3256  5014 D SSRM:n  : SIOP:: AP = 550, PST = 483 (W:10), CUR = -636, LCD = 147
05-04 15:51:59.995  3256  3327 V AlarmManager: waitForAlarm result :8
05-04 15:52:03.840  3256  3526 D BatteryService: !@BatteryListener : batteryPropertiesChanged!
05-04 15:52:03.840  3256  3526 D BatteryService: level:86, scale:100, status:3, health:2, present:true, voltage: 4062, temperature: 396, technology: Li-ion, AC powered:false, USB powered:true, POGO powered:false, Wireless powered:false, icon:17303382, invalid charger:0
05-04 15:52:03.840  3256  3526 D BatteryService: online:4, current avg:-976, charge type:2, power sharing:false, high voltage charger:false, capacity:280000, current_now:-976
05-04 15:52:03.840  3256  3256 D BatteryService: Sending ACTION_BATTERY_CHANGED.
05-04 15:52:03.845  3672  3672 V EmergencyMode: [EmergencyStateReceiver] onReceive : android.intent.action.BATTERY_CHANGED
05-04 15:52:03.845  3672  3672 V EmergencyMode: [EmergencyStateReceiver] ACTION_BATTERY_CHANGED mBatteryLevelForLogging = 86
05-04 15:52:03.870  3421  3421 D BatteryMeterView: ACTION_BATTERY_CHANGED : level:86 status:3 health:2
05-04 15:52:03.870  3421  3421 D BatteryMeterView: ACTION_BATTERY_CHANGED : level:86 status:3 health:2
05-04 15:52:03.870  3421  3421 D BatteryMeterView: ACTION_BATTERY_CHANGED : level:86 status:3 health:2
05-04 15:52:03.960  3256  3723 D CustomFrequencyManagerService: acquireDVFSLockLocked : type : DVFS_MIN_LIMIT  frequency : 1800000  uid : 1000  pid : 3256  pkgName : ACTIVITY_RESUME_BOOSTER@2
05-04 15:52:03.965  3256  3723 W ActivityManager: mDVFSHelper.acquire()
05-04 15:52:03.970  3256  3723 D MultiWindowConverter: dismissGuide() : Before attaching the guide view, mForceDismissGuide : false
05-04 15:52:04.050  3256  3586 W ActivityManager: Permission Denial: getCurrentUser() from pid=18988, uid=10360 requires android.permission.INTERACT_ACROSS_USERS
05-04 15:52:04.105  3256  3256 D PersonaManagerService: getPersonasForUser(): returning null!
05-04 15:52:04.110  3256  7218 D MultiWindowConverter: dismissGuide() : Before attaching the guide view, mForceDismissGuide : false
05-04 15:52:04.110  3256  3291 D StatusBarManagerService: manageDisableList userId=0 what=0x0 pkg=WindowManager.LayoutParams
05-04 15:52:04.150  3256  5292 D ActivityManager: bindService callerProcessName:android, calleePkgName: com.sec.android.inputmethod, action: android.view.InputMethod
05-04 15:52:04.150  3256  5292 D ActivityManager: retrieveServiceLocked(): component = com.sec.android.inputmethod/com.sec.android.inputmethod.SamsungKeypad; callingUser = 0; userId(target) = 0
05-04 15:52:04.155  3256  5292 I MultiPhoneWindowManager: Changed -> mCurrentInputMethodTarget : Window{1281587f u0 com.icrealtime.allie/com.icrealtime.allie.ui.activities.ShareActivity}
05-04 15:52:04.200  3256  5293 D CustomFrequencyManagerService: acquireDVFSLockLocked : type : DVFS_MIN_LIMIT  frequency : 1700000  uid : 1000  pid : 3256  pkgName : com.sec.android.inputmethod@1
05-04 15:52:04.370  4053  4053 W ContextImpl: Calling a method in the system process without a qualified user: android.app.ContextImpl.sendBroadcast:1698 android.content.ContextWrapper.sendBroadcast:391 com.ime.framework.common.InputManagerImpl.sendBroadcaseSIPShown:9947 com.ime.framework.common.InputManagerImpl.startInputView:3692 com.sec.android.inputmethod.SamsungKeypad.onStartInputView:445 
05-04 15:52:04.375  4053  4053 W ContextImpl: Calling a method in the system process without a qualified user: android.app.ContextImpl.sendBroadcast:1698 android.content.ContextWrapper.sendBroadcast:391 android.inputmethodservice.InputMethodService.sendInputViewShownState:424 android.inputmethodservice.InputMethodService.showWindow:2021 android.inputmethodservice.InputMethodService$InputMethodImpl.showSoftInput:648 
05-04 15:52:04.380  3256  5014 D SSRM:a  : DeviceInfo:: 000000000000
05-04 15:52:04.380  3256  5014 D SSRM:a  : SettingsAirViewInfo:: 000000000
05-04 15:52:04.380  4053 20289 W ContextImpl: Calling a method in the system process without a qualified user: android.app.ContextImpl.sendBroadcast:1698 android.content.ContextWrapper.sendBroadcast:391 android.inputmethodservice.InputMethodService$4.run:3277 java.lang.Thread.run:818 <bottom of call stack> 
05-04 15:52:04.395  3256  3256 I ValidateNoPeople: skipping global notification
05-04 15:52:04.400  3256  3256 W NotificationService: Pray mode not found android.content.pm.PackageManager$NameNotFoundException: Application package com.sec.android.settings.praymodewidget not found
05-04 15:52:04.445  3256  3293 D CustomFrequencyManagerService: releaseDVFSLockLocked : Getting Lock type frm List : DVFS_MIN_LIMIT  frequency : 1800000  uid : 1000  pid : 3256  tag : ACTIVITY_RESUME_BOOSTER@2
05-04 15:52:04.445  3256  3293 W ActivityManager: mDVFSHelper.release()
05-04 15:52:04.445  3256  3287 D CustomFrequencyManagerService: acquireDVFSLockLocked : type : DVFS_MIN_LIMIT  frequency : 1800000  uid : 1000  pid : 3256  pkgName : ACTIVITY_RESUME_BOOSTER@6
05-04 15:52:04.600  3256  7218 D CustomFrequencyManagerService: releaseDVFSLockLocked : Getting Lock type frm List : DVFS_MIN_LIMIT  frequency : 1700000  uid : 1000  pid : 3256  tag : com.sec.android.inputmethod@1
05-04 15:52:04.745  3256  3256 D CustomFrequencyManagerService: releaseDVFSLockLocked : Getting Lock type frm List : DVFS_MIN_LIMIT  frequency : 1800000  uid : 1000  pid : 3256  tag : ACTIVITY_RESUME_BOOSTER@6
05-04 15:52:06.110  3256  5014 D SSRM:n  : SIOP:: AP = 550, PST = 494 (W:10), CUR = -976, LCD = 147
05-04 15:52:06.110  3256  5014 D U       : limitCPUFreq:: freq = 1700000
05-04 15:52:06.110  3256  5014 D CustomFrequencyManagerService: acquireDVFSLockLocked : type : DVFS_MAX_LIMIT  frequency : 1700000  uid : 1000  pid : 3256  pkgName : SIOP_ARM_MAX@15
05-04 15:52:06.110  3256  5014 D U       : broadcastSiopLevelIntent:: currentSiopLevel = 2
05-04 15:52:06.270  4053  4053 W ContextImpl: Calling a method in the system process without a qualified user: android.app.ContextImpl.sendBroadcast:1698 android.content.ContextWrapper.sendBroadcast:391 android.inputmethodservice.InputMethodService.sendInputViewShownState:424 android.inputmethodservice.InputMethodService.showWindow:2021 android.inputmethodservice.InputMethodService$InputMethodImpl.showSoftInput:648 
05-04 15:52:06.275  4053 20307 W ContextImpl: Calling a method in the system process without a qualified user: android.app.ContextImpl.sendBroadcast:1698 android.content.ContextWrapper.sendBroadcast:391 android.inputmethodservice.InputMethodService$4.run:3277 java.lang.Thread.run:818 <bottom of call stack> 
05-04 15:52:06.275  3256  5014 D SSRM:a  : DeviceInfo:: 000000000000
05-04 15:52:06.275  3256  5014 D SSRM:a  : SettingsAirViewInfo:: 000000000
05-04 15:52:06.280  3256  3256 I ValidateNoPeople: skipping global notification
05-04 15:52:06.280  3256  3256 W NotificationService: Pray mode not found android.content.pm.PackageManager$NameNotFoundException: Application package com.sec.android.settings.praymodewidget not found
05-04 15:52:06.565  3256  5293 D ActivityManager: retrieveServiceLocked(): component = null; callingUser = 0; userId(target) = 0
05-04 15:52:07.795  3256  3739 D ActivityManager: retrieveServiceLocked(): component = null; callingUser = 0; userId(target) = 0
05-04 15:52:09.350  3256  6922 V VibratorService: hasVibrator - useVibetonz: false
05-04 15:52:09.350  4053  4053 W ContextImpl: Calling a method in the system process without a qualified user: android.app.ContextImpl.sendBroadcast:1698 android.content.ContextWrapper.sendBroadcast:391 android.inputmethodservice.InputMethodService.sendInputViewShownState:424 android.inputmethodservice.InputMethodService.showWindow:2021 android.inputmethodservice.InputMethodService$InputMethodImpl.showSoftInput:648 
05-04 15:52:09.350  3256  5014 D SSRM:a  : DeviceInfo:: 000000000000
05-04 15:52:09.350  3256  5014 D SSRM:a  : SettingsAirViewInfo:: 000000000
05-04 15:52:09.350  4053 20313 W ContextImpl: Calling a method in the system process without a qualified user: android.app.ContextImpl.sendBroadcast:1698 android.content.ContextWrapper.sendBroadcast:391 android.inputmethodservice.InputMethodService$4.run:3277 java.lang.Thread.run:818 <bottom of call stack> 
05-04 15:52:09.355  3256  3256 I ValidateNoPeople: skipping global notification
05-04 15:52:09.360  3256  3256 W NotificationService: Pray mode not found android.content.pm.PackageManager$NameNotFoundException: Application package com.sec.android.settings.praymodewidget not found
05-04 15:52:09.945  3256  3524 D ActivityManager: retrieveServiceLocked(): component = null; callingUser = 0; userId(target) = 0
05-04 15:52:11.255  3256  3524 D ActivityManager: bindService callerProcessName:android, calleePkgName: com.sec.android.inputmethod, action: android.service.textservice.SpellCheckerService
05-04 15:52:11.255  3256  3524 D ActivityManager: retrieveServiceLocked(): component = com.sec.android.inputmethod/com.ime.framework.spellcheckservice.SamsungIMESpellCheckerService; callingUser = 0; userId(target) = 0
05-04 15:52:13.395  3256  3328 D PowerManagerService: [api] userActivityFromNative : 2210 (event: 2 flags: 0) eventTime = 14022099
05-04 15:52:13.845  3256  3269 D BatteryService: !@BatteryListener : batteryPropertiesChanged!
05-04 15:52:13.850  3256  3269 D BatteryService: level:86, scale:100, status:3, health:2, present:true, voltage: 4113, temperature: 394, technology: Li-ion, AC powered:false, USB powered:true, POGO powered:false, Wireless powered:false, icon:17303382, invalid charger:0
05-04 15:52:13.850  3256  3269 D BatteryService: online:4, current avg:-276, charge type:2, power sharing:false, high voltage charger:false, capacity:280000, current_now:-277
05-04 15:52:13.850  3256  3256 D BatteryService: Sending ACTION_BATTERY_CHANGED.
05-04 15:52:13.860  3672  3672 V EmergencyMode: [EmergencyStateReceiver] onReceive : android.intent.action.BATTERY_CHANGED
05-04 15:52:13.860  3672  3672 V EmergencyMode: [EmergencyStateReceiver] ACTION_BATTERY_CHANGED mBatteryLevelForLogging = 86
05-04 15:52:13.870  3421  3421 D BatteryMeterView: ACTION_BATTERY_CHANGED : level:86 status:3 health:2
05-04 15:52:13.875  3421  3421 D BatteryMeterView: ACTION_BATTERY_CHANGED : level:86 status:3 health:2
05-04 15:52:13.875  3421  3421 D BatteryMeterView: ACTION_BATTERY_CHANGED : level:86 status:3 health:2
05-04 15:52:13.935  3256  3524 D ActivityManager: retrieveServiceLocked(): component = null; callingUser = 0; userId(target) = 0
05-04 15:52:13.940  3256  3723 V VibratorService: hasVibrator - useVibetonz: false
05-04 15:52:14.035  4053  4053 W ContextImpl: Calling a method in the system process without a qualified user: android.app.ContextImpl.sendBroadcast:1698 android.content.ContextWrapper.sendBroadcast:391 com.ime.framework.common.InputManagerImpl.sendBroadcaseSIPShown:9947 com.ime.framework.common.InputManagerImpl.startInputView:3692 com.sec.android.inputmethod.SamsungKeypad.onStartInputView:445 
05-04 15:52:14.035  4053  4053 W ContextImpl: Calling a method in the system process without a qualified user: android.app.ContextImpl.sendBroadcast:1698 android.content.ContextWrapper.sendBroadcast:391 android.inputmethodservice.InputMethodService.sendInputViewShownState:424 android.inputmethodservice.InputMethodService.showWindow:2021 android.inputmethodservice.InputMethodService$InputMethodImpl.showSoftInput:648 
05-04 15:52:14.040  4053 20321 W ContextImpl: Calling a method in the system process without a qualified user: android.app.ContextImpl.sendBroadcast:1698 android.content.ContextWrapper.sendBroadcast:391 android.inputmethodservice.InputMethodService$4.run:3277 java.lang.Thread.run:818 <bottom of call stack> 
05-04 15:52:14.045  3256  5014 D SSRM:a  : DeviceInfo:: 000000000000
05-04 15:52:14.045  3256  5014 D SSRM:a  : SettingsAirViewInfo:: 000000000
05-04 15:52:14.050  3256  3256 I ValidateNoPeople: skipping global notification
05-04 15:52:14.050  4053  4053 W ContextImpl: Calling a method in the system process without a qualified user: android.app.ContextImpl.sendBroadcast:1698 android.content.ContextWrapper.sendBroadcast:391 android.inputmethodservice.InputMethodService.sendInputViewShownState:424 android.inputmethodservice.InputMethodService.showWindow:2021 android.inputmethodservice.InputMethodService$InputMethodImpl.showSoftInput:648 
05-04 15:52:14.055  4053 20323 W ContextImpl: Calling a method in the system process without a qualified user: android.app.ContextImpl.sendBroadcast:1698 android.content.ContextWrapper.sendBroadcast:391 android.inputmethodservice.InputMethodService$4.run:3277 java.lang.Thread.run:818 <bottom of call stack> 
05-04 15:52:14.055  3256  3256 W NotificationService: Pray mode not found android.content.pm.PackageManager$NameNotFoundException: Application package com.sec.android.settings.praymodewidget not found
05-04 15:52:14.055  3256  5014 D SSRM:a  : DeviceInfo:: 000000000000
05-04 15:52:14.055  3256  5014 D SSRM:a  : SettingsAirViewInfo:: 000000000
05-04 15:52:14.065  3256  3256 I ValidateNoPeople: skipping global notification
05-04 15:52:14.065  3256  3256 W NotificationService: Pray mode not found android.content.pm.PackageManager$NameNotFoundException: Application package com.sec.android.settings.praymodewidget not found
05-04 15:52:15.060  3256  3566 E Watchdog: !@Sync 467 [05-04 15:52:15.064]
05-04 15:52:16.135  3256  5014 D SSRM:n  : SIOP:: AP = 500, PST = 500 (W:20), CUR = -276, LCD = 147
05-04 15:52:17.180  4053  4053 W ContextImpl: Calling a method in the system process without a qualified user: android.app.ContextImpl.sendBroadcast:1698 android.content.ContextWrapper.sendBroadcast:391 android.inputmethodservice.InputMethodService.sendInputViewShownState:424 android.inputmethodservice.InputMethodService.showWindow:2021 android.inputmethodservice.InputMethodService$InputMethodImpl.showSoftInput:648 
05-04 15:52:17.185  3256  5014 D SSRM:a  : DeviceInfo:: 000000000000
05-04 15:52:17.185  3256  5014 D SSRM:a  : SettingsAirViewInfo:: 000000000
05-04 15:52:17.185  4053 20324 W ContextImpl: Calling a method in the system process without a qualified user: android.app.ContextImpl.sendBroadcast:1698 android.content.ContextWrapper.sendBroadcast:391 android.inputmethodservice.InputMethodService$4.run:3277 java.lang.Thread.run:818 <bottom of call stack> 
05-04 15:52:17.190  3256  3256 I ValidateNoPeople: skipping global notification
05-04 15:52:17.190  3256  3256 W NotificationService: Pray mode not found android.content.pm.PackageManager$NameNotFoundException: Application package com.sec.android.settings.praymodewidget not found
05-04 15:52:20.685  3256  3351 D CustomFrequencyManagerService: acquireDVFSLockLocked : type : DVFS_MIN_LIMIT  frequency : 1800000  uid : 1000  pid : 3256  pkgName : ACTIVITY_RESUME_BOOSTER@2
05-04 15:52:20.685  3256  3351 W ActivityManager: mDVFSHelper.acquire()
05-04 15:52:20.690  3256  3351 D MultiWindowConverter: dismissGuide() : Before attaching the guide view, mForceDismissGuide : false
05-04 15:52:20.690  3256  5293 D ActivityManager: retrieveServiceLocked(): component = null; callingUser = 0; userId(target) = 0
05-04 15:52:20.710  3256  3524 W ActivityManager: Permission Denial: getCurrentUser() from pid=18988, uid=10360 requires android.permission.INTERACT_ACROSS_USERS
05-04 15:52:20.725  3256  5293 D ActivityManager: retrieveServiceLocked(): component = null; callingUser = 0; userId(target) = 0
05-04 15:52:20.835  3256  3586 D ConnectivityService: listenForNetwork for NetworkRequest [ id=24, legacyType=-1, [ Capabilities: INTERNET&NOT_RESTRICTED&TRUSTED&NOT_VPN] ]
05-04 15:52:20.835  3256  3358 D ConnectivityService: handleRegisterNetworkRequest checking NetworkAgentInfo [WIFI () - 502]
05-04 15:52:20.835  3256  3358 D ConnectivityService: apparently satisfied.  currentScore=60
05-04 15:52:20.835  3256  3358 D ConnectivityService: handleRegisterNetworkRequest checking NetworkAgentInfo [WIFI_P2P () - 501]
05-04 15:52:20.880  3256  7218 D MultiWindowConverter: dismissGuide() : Before attaching the guide view, mForceDismissGuide : false
05-04 15:52:20.880  3256  3291 D StatusBarManagerService: manageDisableList userId=0 what=0x0 pkg=WindowManager.LayoutParams
05-04 15:52:20.885  3256  3256 D PersonaManagerService: getPersonasForUser(): returning null!
05-04 15:52:20.920  3256  3291 D StatusBarManagerService: manageDisableList userId=0 what=0x0 pkg=WindowManager.LayoutParams
05-04 15:52:20.930  3256  6937 D ConnectivityService: listenForNetwork for NetworkRequest [ id=25, legacyType=-1, [ Capabilities: INTERNET&NOT_RESTRICTED&TRUSTED&NOT_VPN] ]
05-04 15:52:20.930  3256  3358 D ConnectivityService: handleRegisterNetworkRequest checking NetworkAgentInfo [WIFI () - 502]
05-04 15:52:20.930  3256  3358 D ConnectivityService: apparently satisfied.  currentScore=60
05-04 15:52:20.930  3256  3358 D ConnectivityService: handleRegisterNetworkRequest checking NetworkAgentInfo [WIFI_P2P () - 501]
05-04 15:52:20.940  3256  5292 I MultiPhoneWindowManager: Changed -> mCurrentInputMethodTarget : null
05-04 15:52:20.940  3256 20351 W ContextImpl: Calling a method in the system process without a qualified user: android.app.ContextImpl.sendBroadcast:1698 com.android.server.InputMethodManagerService$6.run:2786 java.lang.Thread.run:818 <bottom of call stack> <bottom of call stack> 
05-04 15:52:20.940  3256  3256 D LightsService: [api] [SvcLED] turnOff:: id = 4 (uid: 1000 pid: 3256) 
05-04 15:52:20.940  3256  3256 D LightsService: [SvcLED] setSvcLedStateLocked:: SvcLEDState : 0x0 -> 0x0 | SvcLED(id=4) set Off
05-04 15:52:20.940  3256  3307 D LightsService: [SvcLED] Lux failed to be updated in 0ms. -> handleForcedSvcLEDTasK
05-04 15:52:20.940  3256  3307 D LightsService: [SvcLED]  setSvcLedLightLocked :: Current SvcLED(id=3) maintains its priority right
05-04 15:52:20.940  4053  4053 W ContextImpl: Calling a method in the system process without a qualified user: android.app.ContextImpl.sendBroadcast:1698 android.content.ContextWrapper.sendBroadcast:391 android.inputmethodservice.InputMethodService.sendInputViewShownState:424 android.inputmethodservice.InputMethodService.hideWindow:2193 android.inputmethodservice.InputMethodService.doHideWindow:2171 
05-04 15:52:20.945  4053 20352 W ContextImpl: Calling a method in the system process without a qualified user: android.app.ContextImpl.sendBroadcast:1698 android.content.ContextWrapper.sendBroadcast:391 android.inputmethodservice.InputMethodService$4.run:3277 java.lang.Thread.run:818 <bottom of call stack> 
05-04 15:52:20.945  3256  5014 D SSRM:a  : DeviceInfo:: 000000000000
05-04 15:52:20.945  3256  5014 D SSRM:a  : SettingsAirViewInfo:: 000000000
05-04 15:52:20.965  3256  3293 D CustomFrequencyManagerService: releaseDVFSLockLocked : Getting Lock type frm List : DVFS_MIN_LIMIT  frequency : 1800000  uid : 1000  pid : 3256  tag : ACTIVITY_RESUME_BOOSTER@2
05-04 15:52:20.965  3256  3293 W ActivityManager: mDVFSHelper.release()
05-04 15:52:20.965  3256  3287 D CustomFrequencyManagerService: acquireDVFSLockLocked : type : DVFS_MIN_LIMIT  frequency : 1800000  uid : 1000  pid : 3256  pkgName : ACTIVITY_RESUME_BOOSTER@6
05-04 15:52:21.000  3256  3585 D MultiWindowConverter: dismissGuide() : Before attaching the guide view, mForceDismissGuide : false
05-04 15:52:21.080 18988 18988 V ActivityThread: updateVisibility : ActivityRecord{2ddc376b token=android.os.BinderProxy@325d3948 {com.icrealtime.allie/com.icrealtime.allie.ui.activities.ShareActivity}} show : true
05-04 15:52:21.270  3256  3256 D CustomFrequencyManagerService: releaseDVFSLockLocked : Getting Lock type frm List : DVFS_MIN_LIMIT  frequency : 1800000  uid : 1000  pid : 3256  tag : ACTIVITY_RESUME_BOOSTER@6
05-04 15:52:22.500  3256  3524 D MultiWindowConverter: dismissGuide() : Before attaching the guide view, mForceDismissGuide : false
05-04 15:52:22.525  3256  7218 W InputMethodManagerService: Window already focused, ignoring focus gain of: com.android.internal.view.IInputMethodClient$Stub$Proxy@27eabc1a attribute=android.view.inputmethod.EditorInfo@1a5e334b, token = android.os.BinderProxy@12a8690c
05-04 15:52:23.855  3256  5293 D BatteryService: !@BatteryListener : batteryPropertiesChanged!
05-04 15:52:23.855  3256  5293 D BatteryService: level:86, scale:100, status:3, health:2, present:true, voltage: 4121, temperature: 390, technology: Li-ion, AC powered:false, USB powered:true, POGO powered:false, Wireless powered:false, icon:17303382, invalid charger:0
05-04 15:52:23.855  3256  5293 D BatteryService: online:4, current avg:-562, charge type:2, power sharing:false, high voltage charger:false, capacity:280000, current_now:-562
05-04 15:52:23.860  3256  3256 D BatteryService: Sending ACTION_BATTERY_CHANGED.
05-04 15:52:23.865  3672  3672 V EmergencyMode: [EmergencyStateReceiver] onReceive : android.intent.action.BATTERY_CHANGED
05-04 15:52:23.865  3672  3672 V EmergencyMode: [EmergencyStateReceiver] ACTION_BATTERY_CHANGED mBatteryLevelForLogging = 86
05-04 15:52:23.885  3421  3421 D BatteryMeterView: ACTION_BATTERY_CHANGED : level:86 status:3 health:2
05-04 15:52:23.885  3421  3421 D BatteryMeterView: ACTION_BATTERY_CHANGED : level:86 status:3 health:2
05-04 15:52:23.885  3421  3421 D BatteryMeterView: ACTION_BATTERY_CHANGED : level:86 status:3 health:2
05-04 15:52:26.145  3256  5014 D SSRM:n  : SIOP:: AP = 490, PST = 502 (W:20), CUR = -562, LCD = 147
05-04 15:52:33.150  3256 20371 W ContextImpl: Calling a method in the system process without a qualified user: android.app.ContextImpl.sendBroadcast:1698 com.android.server.InputMethodManagerService$6.run:2786 java.lang.Thread.run:818 <bottom of call stack> <bottom of call stack> 
05-04 15:52:33.175  3256  3585 D MultiWindowConverter: dismissGuide() : Before attaching the guide view, mForceDismissGuide : false
