05-04 15:49:35.125  3256  5014 D SSRM:a  : SettingsAirViewInfo:: 000000000
05-04 15:49:35.450  3256  3293 D CustomFrequencyManagerService: releaseDVFSLockLocked : Getting Lock type frm List : DVFS_MIN_LIMIT  frequency : 1800000  uid : 1000  pid : 3256  tag : ACTIVITY_RESUME_BOOSTER@2
05-04 15:49:35.450  3256  3293 W ActivityManager: mDVFSHelper.release()
05-04 15:49:35.460  3256  3287 D CustomFrequencyManagerService: acquireDVFSLockLocked : type : DVFS_MIN_LIMIT  frequency : 1800000  uid : 1000  pid : 3256  pkgName : ACTIVITY_RESUME_BOOSTER@6
05-04 15:49:35.760  3256  3256 D CustomFrequencyManagerService: releaseDVFSLockLocked : Getting Lock type frm List : DVFS_MIN_LIMIT  frequency : 1800000  uid : 1000  pid : 3256  tag : ACTIVITY_RESUME_BOOSTER@6
05-04 15:49:35.970  3256  5014 D SSRM:n  : SIOP:: AP = 450, PST = 463 (W:14), CUR = 58, LCD = 147
05-04 15:49:36.985  3256  3268 D PowerManagerService: [api] [s] userActivity : event: 0 flags: 0 (uid: 1000 pid: 3256) eventTime = 13865692
05-04 15:49:36.985  3256  3268 D PowerManagerService: [api] release WakeLock flags=0x2000000a tag=WindowManager uid=1000 pid=3256 (0x0)
05-04 15:49:36.985  3256  3268 D PowerManagerService: [api] applyWakeLockFlagsOnReleaseLocked : userActivityNoUpdateLocked is called : SCREEN_BRIGHT_WAKE_LOCK        'WindowManager' ON_AFTER_RELEASE (uid=1000, pid=3256, ws=WorkSource{10360}) (elapsedTime=1961)
05-04 15:49:43.700  3256  7218 D BatteryService: !@BatteryListener : batteryPropertiesChanged!
05-04 15:49:43.700  3256  7218 D BatteryService: level:86, scale:100, status:3, health:2, present:true, voltage: 4121, temperature: 374, technology: Li-ion, AC powered:false, USB powered:true, POGO powered:false, Wireless powered:false, icon:17303382, invalid charger:0
05-04 15:49:43.700  3256  7218 D BatteryService: online:4, current avg:-34, charge type:2, power sharing:false, high voltage charger:false, capacity:280000, current_now:-35
05-04 15:49:43.700  3256  3256 D BatteryService: Sending ACTION_BATTERY_CHANGED.
05-04 15:49:43.710  3672  3672 V EmergencyMode: [EmergencyStateReceiver] onReceive : android.intent.action.BATTERY_CHANGED
05-04 15:49:43.710  3672  3672 V EmergencyMode: [EmergencyStateReceiver] ACTION_BATTERY_CHANGED mBatteryLevelForLogging = 86
05-04 15:49:43.725  3421  3421 D BatteryMeterView: ACTION_BATTERY_CHANGED : level:86 status:3 health:2
05-04 15:49:43.725  3421  3421 D BatteryMeterView: ACTION_BATTERY_CHANGED : level:86 status:3 health:2
05-04 15:49:43.725  3421  3421 D BatteryMeterView: ACTION_BATTERY_CHANGED : level:86 status:3 health:2
05-04 15:49:45.050  3256  3566 E Watchdog: !@Sync 462 [05-04 15:49:45.059]
05-04 15:49:45.980  3256  5014 D SSRM:n  : SIOP:: AP = 440, PST = 460 (W:16), CUR = -34, LCD = 147
05-04 15:49:53.710  3256  7219 D BatteryService: !@BatteryListener : batteryPropertiesChanged!
05-04 15:49:53.710  3256  7219 D BatteryService: level:86, scale:100, status:3, health:2, present:true, voltage: 4109, temperature: 377, technology: Li-ion, AC powered:false, USB powered:true, POGO powered:false, Wireless powered:false, icon:17303382, invalid charger:0
05-04 15:49:53.710  3256  7219 D BatteryService: online:4, current avg:-190, charge type:2, power sharing:false, high voltage charger:false, capacity:280000, current_now:-191
05-04 15:49:53.710  3256  3256 D BatteryService: Sending ACTION_BATTERY_CHANGED.
05-04 15:49:53.715  3672  3672 V EmergencyMode: [EmergencyStateReceiver] onReceive : android.intent.action.BATTERY_CHANGED
05-04 15:49:53.715  3672  3672 V EmergencyMode: [EmergencyStateReceiver] ACTION_BATTERY_CHANGED mBatteryLevelForLogging = 86
05-04 15:49:53.725  3421  3421 D BatteryMeterView: ACTION_BATTERY_CHANGED : level:86 status:3 health:2
05-04 15:49:53.725  3421  3421 D BatteryMeterView: ACTION_BATTERY_CHANGED : level:86 status:3 health:2
05-04 15:49:53.725  3421  3421 D BatteryMeterView: ACTION_BATTERY_CHANGED : level:86 status:3 health:2
05-04 15:49:54.845  3256  3524 D CustomFrequencyManagerService: acquireDVFSLockLocked : type : DVFS_MIN_LIMIT  frequency : 1800000  uid : 1000  pid : 3256  pkgName : ACTIVITY_RESUME_BOOSTER@2
05-04 15:49:54.850  3256  3524 W ActivityManager: mDVFSHelper.acquire()
05-04 15:49:54.850  3256  3524 D MultiWindowConverter: dismissGuide() : Before attaching the guide view, mForceDismissGuide : false
05-04 15:49:54.865  3256  7218 W ActivityManager: Permission Denial: getCurrentUser() from pid=18988, uid=10360 requires android.permission.INTERACT_ACROSS_USERS
05-04 15:49:54.870  3256  3586 D ActivityManager: startService callerProcessName:com.icrealtime.allie, calleePkgName: com.icrealtime.allie
05-04 15:49:54.870  3256  3586 D ActivityManager: retrieveServiceLocked(): component = com.icrealtime.allie/com.icrealtime.allie.service.BackgroundService; callingUser = 0; userId(target) = 0
05-04 15:49:54.885  3256  5293 D ActivityManager: bindService callerProcessName:com.icrealtime.allie, calleePkgName: com.icrealtime.allie, action: null
05-04 15:49:54.885  3256  5293 D ActivityManager: retrieveServiceLocked(): component = com.icrealtime.allie/com.icrealtime.allie.service.BackgroundService; callingUser = 0; userId(target) = 0
05-04 15:49:54.885  3256  3256 D PersonaManagerService: getPersonasForUser(): returning null!
05-04 15:49:54.905  3256  6911 D MultiWindowConverter: dismissGuide() : Before attaching the guide view, mForceDismissGuide : false
05-04 15:49:54.905  3256  3291 D StatusBarManagerService: manageDisableList userId=0 what=0x0 pkg=WindowManager.LayoutParams
05-04 15:49:54.905  3256  3291 D StatusBarManagerService: manageDisableList userId=0 what=0x0 pkg=WindowManager.LayoutParams
05-04 15:49:54.950  3256 19389 W ContextImpl: Calling a method in the system process without a qualified user: android.app.ContextImpl.sendBroadcast:1698 com.android.server.InputMethodManagerService$6.run:2786 java.lang.Thread.run:818 <bottom of call stack> <bottom of call stack> 
05-04 15:49:55.225  3256  3293 D CustomFrequencyManagerService: releaseDVFSLockLocked : Getting Lock type frm List : DVFS_MIN_LIMIT  frequency : 1800000  uid : 1000  pid : 3256  tag : ACTIVITY_RESUME_BOOSTER@2
05-04 15:49:55.225  3256  3293 W ActivityManager: mDVFSHelper.release()
05-04 15:49:55.240  3256  3287 D CustomFrequencyManagerService: acquireDVFSLockLocked : type : DVFS_MIN_LIMIT  frequency : 1800000  uid : 1000  pid : 3256  pkgName : ACTIVITY_RESUME_BOOSTER@6
05-04 15:49:55.245 18988 18988 V ActivityThread: updateVisibility : ActivityRecord{11957ce7 token=android.os.BinderProxy@2ded70f9 {com.icrealtime.allie/com.icrealtime.allie.ui.activities.MainActivity}} show : false
05-04 15:49:55.545  3256  3256 D CustomFrequencyManagerService: releaseDVFSLockLocked : Getting Lock type frm List : DVFS_MIN_LIMIT  frequency : 1800000  uid : 1000  pid : 3256  tag : ACTIVITY_RESUME_BOOSTER@6
05-04 15:49:55.990  3256  5014 D SSRM:n  : SIOP:: AP = 460, PST = 456 (W:12), CUR = -190, LCD = 147
05-04 15:49:59.995  3256  3327 V AlarmManager: waitForAlarm result :8
05-04 15:50:00.000  3256  3256 V AlarmManager: ___SyncScheduler (v3) ACTIVATED___
05-04 15:50:00.000  3256  3256 V AlarmManagerEXT: <AppSync3 Whitelist>
05-04 15:50:00.000  3256  3256 V AlarmManagerEXT: (AppSync) com.google.android.gms : 1800(1800)
05-04 15:50:00.000  3256  3256 V AlarmManagerEXT: (AppSync) ### 1 added ###
05-04 15:50:03.725  3256  3351 D BatteryService: !@BatteryListener : batteryPropertiesChanged!
05-04 15:50:03.725  3256  3351 D BatteryService: level:86, scale:100, status:3, health:2, present:true, voltage: 4136, temperature: 374, technology: Li-ion, AC powered:false, USB powered:true, POGO powered:false, Wireless powered:false, icon:17303382, invalid charger:0
05-04 15:50:03.725  3256  3351 D BatteryService: online:4, current avg:-30, charge type:2, power sharing:false, high voltage charger:false, capacity:280000, current_now:-31
05-04 15:50:03.725  3256  3256 D BatteryService: Sending ACTION_BATTERY_CHANGED.
05-04 15:50:03.735  3672  3672 V EmergencyMode: [EmergencyStateReceiver] onReceive : android.intent.action.BATTERY_CHANGED
05-04 15:50:03.735  3672  3672 V EmergencyMode: [EmergencyStateReceiver] ACTION_BATTERY_CHANGED mBatteryLevelForLogging = 86
05-04 15:50:03.760  3421  3421 D BatteryMeterView: ACTION_BATTERY_CHANGED : level:86 status:3 health:2
05-04 15:50:03.760  3421  3421 D BatteryMeterView: ACTION_BATTERY_CHANGED : level:86 status:3 health:2
05-04 15:50:03.765  3421  3421 D BatteryMeterView: ACTION_BATTERY_CHANGED : level:86 status:3 health:2
05-04 15:50:06.000  3256  5014 D SSRM:n  : SIOP:: AP = 440, PST = 450 (W:16), CUR = -30, LCD = 147
05-04 15:50:06.830  3256  5292 D MultiWindowConverter: dismissGuide() : Before attaching the guide view, mForceDismissGuide : false
05-04 15:50:06.830  3256  3291 D StatusBarManagerService: manageDisableList userId=0 what=0x0 pkg=WindowManager.LayoutParams
05-04 15:50:11.240  3256  3268 D MultiWindowConverter: dismissGuide() : Before attaching the guide view, mForceDismissGuide : false
05-04 15:50:11.240  3256  3291 D StatusBarManagerService: manageDisableList userId=0 what=0x0 pkg=WindowManager.LayoutParams
05-04 15:50:11.255  3256  3524 D CustomFrequencyManagerService: acquireDVFSLockLocked : type : DVFS_MIN_LIMIT  frequency : 1800000  uid : 1000  pid : 3256  pkgName : ACTIVITY_RESUME_BOOSTER@2
05-04 15:50:11.260  3256  3524 W ActivityManager: mDVFSHelper.acquire()
05-04 15:50:11.260  3256  3524 D MultiWindowConverter: dismissGuide() : Before attaching the guide view, mForceDismissGuide : false
05-04 15:50:11.265  3256  3586 W InputMethodManagerService: Window already focused, ignoring focus gain of: com.android.internal.view.IInputMethodClient$Stub$Proxy@2cb80e75 attribute=null, token = android.os.BinderProxy@1e3cb226
05-04 15:50:11.265  3256  3586 D InputMethodManagerService: [HARDWARE_KEYBOARD] (refreshImeWindowVis) mImeWindowVis= 0 inputVisible = falsehaveHardKeyboard = false hardKeyShown = false
05-04 15:50:11.270  3256  3739 W ActivityManager: Permission Denial: getCurrentUser() from pid=18988, uid=10360 requires android.permission.INTERACT_ACROSS_USERS
05-04 15:50:11.275  3256  3585 D ActivityManager: startService callerProcessName:com.icrealtime.allie, calleePkgName: com.icrealtime.allie
05-04 15:50:11.275  3256  3585 D ActivityManager: retrieveServiceLocked(): component = com.icrealtime.allie/com.icrealtime.allie.service.BackgroundService; callingUser = 0; userId(target) = 0
05-04 15:50:11.285  3256  6922 D ActivityManager: bindService callerProcessName:com.icrealtime.allie, calleePkgName: com.icrealtime.allie, action: null
05-04 15:50:11.285  3256  6922 D ActivityManager: retrieveServiceLocked(): component = com.icrealtime.allie/com.icrealtime.allie.service.BackgroundService; callingUser = 0; userId(target) = 0
05-04 15:50:11.290  3256  3256 D PersonaManagerService: getPersonasForUser(): returning null!
05-04 15:50:11.305  3256  5293 D MultiWindowConverter: dismissGuide() : Before attaching the guide view, mForceDismissGuide : false
05-04 15:50:11.305  3256  3291 D StatusBarManagerService: manageDisableList userId=0 what=0x0 pkg=WindowManager.LayoutParams
05-04 15:50:11.340  3256 19408 W ContextImpl: Calling a method in the system process without a qualified user: android.app.ContextImpl.sendBroadcast:1698 com.android.server.InputMethodManagerService$6.run:2786 java.lang.Thread.run:818 <bottom of call stack> <bottom of call stack> 
05-04 15:50:11.610  3256  3293 D CustomFrequencyManagerService: releaseDVFSLockLocked : Getting Lock type frm List : DVFS_MIN_LIMIT  frequency : 1800000  uid : 1000  pid : 3256  tag : ACTIVITY_RESUME_BOOSTER@2
05-04 15:50:11.610  3256  3293 W ActivityManager: mDVFSHelper.release()
05-04 15:50:11.630  3256  3287 D CustomFrequencyManagerService: acquireDVFSLockLocked : type : DVFS_MIN_LIMIT  frequency : 1800000  uid : 1000  pid : 3256  pkgName : ACTIVITY_RESUME_BOOSTER@6
05-04 15:50:11.630 18988 18988 V ActivityThread: updateVisibility : ActivityRecord{1d1ffed6 token=android.os.BinderProxy@804477a {com.icrealtime.allie/com.icrealtime.allie.ui.activities.FoundCamerasActivity}} show : false
05-04 15:50:11.935  3256  3256 D CustomFrequencyManagerService: releaseDVFSLockLocked : Getting Lock type frm List : DVFS_MIN_LIMIT  frequency : 1800000  uid : 1000  pid : 3256  tag : ACTIVITY_RESUME_BOOSTER@6
05-04 15:50:13.325  3256  6937 E ActivityManager: failed to get LpnetManagerService instance or Pkg was null 
05-04 15:50:13.335  3256  7219 D ActivityManager: startService callerProcessName:com.google.android.gsf, calleePkgName: com.google.android.gsf
05-04 15:50:13.335  3256  7219 D ActivityManager: retrieveServiceLocked(): component = com.google.android.gsf/com.google.android.gsf.subscribedfeeds.GCMIntentService; callingUser = 0; userId(target) = 0
05-04 15:50:13.360  3256  3279 D ActivityManager: bindService callerProcessName:android, calleePkgName: com.google.android.gm, action: android.content.SyncAdapter
05-04 15:50:13.360  3256  3279 D ActivityManager: retrieveServiceLocked(): component = com.google.android.gm/com.google.android.gm.provider.MailSyncAdapterService; callingUser = 0; userId(target) = 0
05-04 15:50:13.390  3256  3739 D ActivityManager: bindService callerProcessName:android, calleePkgName: com.google.android.gms, action: android.accounts.AccountAuthenticator
05-04 15:50:13.390  3256  3739 D ActivityManager: retrieveServiceLocked(): component = com.google.android.gms/com.google.android.gms.auth.GoogleAccountAuthenticatorService; callingUser = 0; userId(target) = 0
05-04 15:50:13.395  3256  5292 D ActivityManager: bindService callerProcessName:com.google.android.gm, calleePkgName: com.google.android.gms, action: null
05-04 15:50:13.395  3256  5292 D ActivityManager: retrieveServiceLocked(): component = com.google.android.gms/com.google.android.gms.auth.GetToken; callingUser = 0; userId(target) = 0
05-04 15:50:13.410  3256  5292 D ActivityManager: retrieveServiceLocked(): component = null; callingUser = 0; userId(target) = 0
05-04 15:50:13.425 10330 19412 W ResourcesManager: Asset path '/system/framework/com.android.media.remotedisplay.jar' does not exist or contains no resources.
05-04 15:50:13.425 10330 19412 W ResourcesManager: Asset path '/system/framework/com.android.location.provider.jar' does not exist or contains no resources.
05-04 15:50:13.430  3256  3351 D ActivityManager: bindService callerProcessName:android, calleePkgName: com.google.android.gms, action: android.accounts.AccountAuthenticator
05-04 15:50:13.430  3256  3351 D ActivityManager: retrieveServiceLocked(): component = com.google.android.gms/com.google.android.gms.auth.GoogleAccountAuthenticatorService; callingUser = 0; userId(target) = 0
05-04 15:50:13.440  3256  3723 D ActivityManager: bindService callerProcessName:com.google.android.gms, calleePkgName: com.google.android.gms, action: null
05-04 15:50:13.440  3256  3723 D ActivityManager: retrieveServiceLocked(): component = com.google.android.gms/com.google.android.gms.auth.GetToken; callingUser = 0; userId(target) = 0
05-04 15:50:13.735  3256  3524 D BatteryService: !@BatteryListener : batteryPropertiesChanged!
05-04 15:50:13.735  3256  3524 D BatteryService: level:86, scale:100, status:3, health:2, present:true, voltage: 4097, temperature: 375, technology: Li-ion, AC powered:false, USB powered:true, POGO powered:false, Wireless powered:false, icon:17303382, invalid charger:0
05-04 15:50:13.735  3256  3524 D BatteryService: online:4, current avg:-206, charge type:2, power sharing:false, high voltage charger:false, capacity:280000, current_now:-207
05-04 15:50:13.735  3256  3256 D BatteryService: Sending ACTION_BATTERY_CHANGED.
05-04 15:50:13.745  3672  3672 V EmergencyMode: [EmergencyStateReceiver] onReceive : android.intent.action.BATTERY_CHANGED
05-04 15:50:13.745  3672  3672 V EmergencyMode: [EmergencyStateReceiver] ACTION_BATTERY_CHANGED mBatteryLevelForLogging = 86
05-04 15:50:13.750  3421  3421 D BatteryMeterView: ACTION_BATTERY_CHANGED : level:86 status:3 health:2
05-04 15:50:13.755  3256  5292 D ActivityManager: bindService callerProcessName:android, calleePkgName: com.google.android.gms, action: android.accounts.AccountAuthenticator
05-04 15:50:13.755  3256  5292 D ActivityManager: retrieveServiceLocked(): component = com.google.android.gms/com.google.android.gms.auth.GoogleAccountAuthenticatorService; callingUser = 0; userId(target) = 0
05-04 15:50:13.755  3421  3421 D BatteryMeterView: ACTION_BATTERY_CHANGED : level:86 status:3 health:2
05-04 15:50:13.755  3421  3421 D BatteryMeterView: ACTION_BATTERY_CHANGED : level:86 status:3 health:2
05-04 15:50:13.990  3256  6922 D ActivityManager: startService callerProcessName:com.google.android.gm, calleePkgName: com.google.android.gm
05-04 15:50:13.990  3256  6922 D ActivityManager: retrieveServiceLocked(): component = com.google.android.gm/com.android.mail.widget.BaseGmailWidgetProviderService; callingUser = 0; userId(target) = 0
05-04 15:50:14.020  3256  6911 D ActivityManager: retrieveServiceLocked(): component = null; callingUser = 0; userId(target) = 0
05-04 15:50:14.030  3256  6922 D ActivityManager: startService callerProcessName:com.google.android.gms, calleePkgName: com.google.android.gms
05-04 15:50:14.030  3256  6922 D ActivityManager: retrieveServiceLocked(): component = com.google.android.gms/com.google.android.gms.icing.service.IndexWorkerService; callingUser = 0; userId(target) = 0
05-04 15:50:14.055  3256  6911 D ActivityManager: retrieveServiceLocked(): component = null; callingUser = 0; userId(target) = 0
05-04 15:50:14.070  3256  3739 D ActivityManager: retrieveServiceLocked(): component = null; callingUser = 0; userId(target) = 0
05-04 15:50:14.100  3256  3586 D ActivityManager: startService callerProcessName:com.google.android.gm, calleePkgName: com.google.android.gm
05-04 15:50:14.100  3256  3586 D ActivityManager: retrieveServiceLocked(): component = com.google.android.gm/com.google.android.gm.GmailIntentService; callingUser = 0; userId(target) = 0
05-04 15:50:14.115  3256  6922 D ActivityManager: startService callerProcessName:com.google.android.gm, calleePkgName: com.google.android.gm
05-04 15:50:14.115  3256  6922 D ActivityManager: retrieveServiceLocked(): component = com.google.android.gm/com.google.android.gm.GmailIntentService; callingUser = 0; userId(target) = 0
05-04 15:50:14.130  3256  3351 D ActivityManager: bindService callerProcessName:android, calleePkgName: com.google.android.gms, action: android.accounts.AccountAuthenticator
05-04 15:50:14.130  3256  3351 D ActivityManager: retrieveServiceLocked(): component = com.google.android.gms/com.google.android.gms.auth.GoogleAccountAuthenticatorService; callingUser = 0; userId(target) = 0
05-04 15:50:14.165  3256  3585 D ActivityManager: retrieveServiceLocked(): component = null; callingUser = 0; userId(target) = 0
05-04 15:50:14.225  3256  7219 D ActivityManager: retrieveServiceLocked(): component = null; callingUser = 0; userId(target) = 0
05-04 15:50:14.240  3256  3586 D ActivityManager: startService callerProcessName:com.google.android.gms, calleePkgName: com.google.android.gms
05-04 15:50:14.240  3256  3586 D ActivityManager: retrieveServiceLocked(): component = com.google.android.gms/com.google.android.gms.people.service.PeopleRequestProcessor; callingUser = 0; userId(target) = 0
05-04 15:50:14.505  3256  3526 D ActivityManager: startService callerProcessName:com.google.android.gms, calleePkgName: com.google.android.gms
05-04 15:50:14.505  3256  3526 D ActivityManager: retrieveServiceLocked(): component = com.google.android.gms/com.google.android.gms.people.service.PeopleRequestProcessor; callingUser = 0; userId(target) = 0
05-04 15:50:14.675  3256  3586 D ActivityManager: startService callerProcessName:com.google.android.gms, calleePkgName: com.google.android.gms
05-04 15:50:14.675  3256  3586 D ActivityManager: retrieveServiceLocked(): component = com.google.android.gms/com.google.android.gms.people.service.PeopleRequestProcessor; callingUser = 0; userId(target) = 0
05-04 15:50:14.775  3256  3269 D ActivityManager: startService callerProcessName:com.google.android.gms, calleePkgName: com.google.android.gms
05-04 15:50:14.775  3256  3269 D ActivityManager: retrieveServiceLocked(): component = com.google.android.gms/com.google.android.gms.people.service.PeopleRequestProcessor; callingUser = 0; userId(target) = 0
05-04 15:50:14.945  3256  5293 D ActivityManager: startService callerProcessName:com.google.android.gms, calleePkgName: com.google.android.gms
05-04 15:50:14.945  3256  5293 D ActivityManager: retrieveServiceLocked(): component = com.google.android.gms/com.google.android.gms.people.service.PeopleRequestProcessor; callingUser = 0; userId(target) = 0
05-04 15:50:15.055  3256  3566 E Watchdog: !@Sync 463 [05-04 15:50:15.060]
05-04 15:50:15.115  3256  5293 D ActivityManager: startService callerProcessName:com.google.android.gms, calleePkgName: com.google.android.gms
05-04 15:50:15.115  3256  5293 D ActivityManager: retrieveServiceLocked(): component = com.google.android.gms/com.google.android.gms.people.service.PeopleRequestProcessor; callingUser = 0; userId(target) = 0
05-04 15:50:15.195  3256  6937 D ActivityManager: startService callerProcessName:com.google.android.gms, calleePkgName: com.google.android.gms
05-04 15:50:15.195  3256  6937 D ActivityManager: retrieveServiceLocked(): component = com.google.android.gms/com.google.android.gms.people.service.PeopleRequestProcessor; callingUser = 0; userId(target) = 0
05-04 15:50:15.250  3256  5292 D ActivityManager: retrieveServiceLocked(): component = com.google.android.gms/com.google.android.gms.icing.service.IndexWorkerService; callingUser = 0; userId(target) = 0
05-04 15:50:15.350  3256  7218 D ActivityManager: startService callerProcessName:com.google.android.gms, calleePkgName: com.google.android.gms
05-04 15:50:15.350  3256  7218 D ActivityManager: retrieveServiceLocked(): component = com.google.android.gms/com.google.android.gms.people.service.PeopleRequestProcessor; callingUser = 0; userId(target) = 0
05-04 15:50:15.440  3256  6922 D ActivityManager: startService callerProcessName:com.google.android.gms, calleePkgName: com.google.android.gms
05-04 15:50:15.440  3256  6922 D ActivityManager: retrieveServiceLocked(): component = com.google.android.gms/com.google.android.gms.people.service.PeopleRequestProcessor; callingUser = 0; userId(target) = 0
05-04 15:50:15.605  3256  6911 D ActivityManager: startService callerProcessName:com.google.android.gms, calleePkgName: com.google.android.gms
05-04 15:50:15.605  3256  6911 D ActivityManager: retrieveServiceLocked(): component = com.google.android.gms/com.google.android.gms.people.service.PeopleRequestProcessor; callingUser = 0; userId(target) = 0
05-04 15:50:15.685  3256  3739 D ActivityManager: startService callerProcessName:com.google.android.gms, calleePkgName: com.google.android.gms
05-04 15:50:15.685  3256  3739 D ActivityManager: retrieveServiceLocked(): component = com.google.android.gms/com.google.android.gms.people.service.PeopleRequestProcessor; callingUser = 0; userId(target) = 0
05-04 15:50:15.960  3256  3256 I ValidateNoPeople: Validating: 0|com.google.android.gm|2146459274|null|10087
05-04 15:50:15.960  3256  3256 I ValidateNoPeople: final affinity: 0.5
05-04 15:50:15.965  3256  3256 D LightsService: [api] [SvcLED] turnOff:: id = 4 (uid: 1000 pid: 3256) 
05-04 15:50:15.965  3256  3256 D LightsService: [SvcLED] setSvcLedStateLocked:: SvcLEDState : 0x0 -> 0x0 | SvcLED(id=4) set Off
05-04 15:50:15.965  3256  3307 D LightsService: [SvcLED] Lux failed to be updated in 0ms. -> handleForcedSvcLEDTasK
05-04 15:50:15.965  3256  3307 D LightsService: [SvcLED]  setSvcLedLightLocked :: Current SvcLED(id=3) maintains its priority right
05-04 15:50:15.965  3256  3256 W NotificationService: Pray mode not found android.content.pm.PackageManager$NameNotFoundException: Application package com.sec.android.settings.praymodewidget not found
05-04 15:50:15.965  3256  3256 D LightsService: [api] [SvcLED] turnOff:: id = 4 (uid: 1000 pid: 3256) 
05-04 15:50:15.965  3256  3256 D LightsService: [SvcLED] setSvcLedStateLocked:: SvcLEDState : 0x0 -> 0x0 | SvcLED(id=4) set Off
05-04 15:50:15.970  3256  3307 D LightsService: [SvcLED] Lux failed to be updated in 0ms. -> handleForcedSvcLEDTasK
05-04 15:50:15.970  3256  3307 D LightsService: [SvcLED]  setSvcLedLightLocked :: Current SvcLED(id=3) maintains its priority right
05-04 15:50:15.980  3256  3256 I ValidateNoPeople: Validating: 0|com.google.android.gm|-540372593|null|10087
05-04 15:50:15.980  3256  3256 I ValidateNoPeople: final affinity: 0.5
05-04 15:50:15.980  3256  3256 D WindowManager: showStatusBarByNotification() mOpenByNotification=false
05-04 15:50:15.990  3256  3256 W NotificationService: Pray mode not found android.content.pm.PackageManager$NameNotFoundException: Application package com.sec.android.settings.praymodewidget not found
05-04 15:50:16.005  3256  5014 D SSRM:n  : SIOP:: AP = 450, PST = 447 (W:14), CUR = -206, LCD = 147
05-04 15:50:16.005  3256  5014 D U       : broadcastSiopLevelIntent:: currentSiopLevel = 0
05-04 15:50:18.145  3256  3586 D ActivityManager: startService callerProcessName:com.google.android.gm, calleePkgName: com.google.android.gm
05-04 15:50:18.145  3256  3586 D ActivityManager: retrieveServiceLocked(): component = com.google.android.gm/com.android.mail.widget.BaseGmailWidgetProviderService; callingUser = 0; userId(target) = 0
05-04 15:50:23.745  3256  3739 D BatteryService: !@BatteryListener : batteryPropertiesChanged!
05-04 15:50:23.745  3256  3739 D BatteryService: level:86, scale:100, status:3, health:2, present:true, voltage: 4132, temperature: 374, technology: Li-ion, AC powered:false, USB powered:true, POGO powered:false, Wireless powered:false, icon:17303382, invalid charger:0
05-04 15:50:23.745  3256  3739 D BatteryService: online:4, current avg:-88, charge type:2, power sharing:false, high voltage charger:false, capacity:280000, current_now:-89
05-04 15:50:23.745  3256  3256 D BatteryService: Sending ACTION_BATTERY_CHANGED.
05-04 15:50:23.750  3672  3672 V EmergencyMode: [EmergencyStateReceiver] onReceive : android.intent.action.BATTERY_CHANGED
05-04 15:50:23.750  3672  3672 V EmergencyMode: [EmergencyStateReceiver] ACTION_BATTERY_CHANGED mBatteryLevelForLogging = 86
05-04 15:50:23.770  3421  3421 D BatteryMeterView: ACTION_BATTERY_CHANGED : level:86 status:3 health:2
05-04 15:50:23.770  3421  3421 D BatteryMeterView: ACTION_BATTERY_CHANGED : level:86 status:3 health:2
05-04 15:50:23.770  3421  3421 D BatteryMeterView: ACTION_BATTERY_CHANGED : level:86 status:3 health:2
05-04 15:50:26.015  3256  5014 D SSRM:n  : SIOP:: AP = 440, PST = 445 (W:14), CUR = -88, LCD = 147
05-04 15:50:33.755  3256  3268 D BatteryService: !@BatteryListener : batteryPropertiesChanged!
05-04 15:50:33.755  3256  3268 D BatteryService: level:86, scale:100, status:3, health:2, present:true, voltage: 4132, temperature: 374, technology: Li-ion, AC powered:false, USB powered:true, POGO powered:false, Wireless powered:false, icon:17303382, invalid charger:0
05-04 15:50:33.755  3256  3268 D BatteryService: online:4, current avg:-50, charge type:2, power sharing:false, high voltage charger:false, capacity:280000, current_now:-50
05-04 15:50:33.755  3256  3256 D BatteryService: Sending ACTION_BATTERY_CHANGED.
05-04 15:50:33.760  3672  3672 V EmergencyMode: [EmergencyStateReceiver] onReceive : android.intent.action.BATTERY_CHANGED
05-04 15:50:33.760  3672  3672 V EmergencyMode: [EmergencyStateReceiver] ACTION_BATTERY_CHANGED mBatteryLevelForLogging = 86
05-04 15:50:33.780  3421  3421 D BatteryMeterView: ACTION_BATTERY_CHANGED : level:86 status:3 health:2
05-04 15:50:33.780  3421  3421 D BatteryMeterView: ACTION_BATTERY_CHANGED : level:86 status:3 health:2
05-04 15:50:33.780  3421  3421 D BatteryMeterView: ACTION_BATTERY_CHANGED : level:86 status:3 health:2
05-04 15:50:34.185  3256  6937 D ActivityManager: bindService callerProcessName:android, calleePkgName: com.sec.android.inputmethod, action: android.view.InputMethod
05-04 15:50:34.185  3256  6937 D ActivityManager: retrieveServiceLocked(): component = com.sec.android.inputmethod/com.sec.android.inputmethod.SamsungKeypad; callingUser = 0; userId(target) = 0
05-04 15:50:34.185  3256  6937 I MultiPhoneWindowManager: Changed -> mCurrentInputMethodTarget : Window{3a881cf1 u0 com.icrealtime.allie/com.icrealtime.allie.ui.activities.WiFiNetworksActivity}
05-04 15:50:34.190  3256  3524 D CustomFrequencyManagerService: acquireDVFSLockLocked : type : DVFS_MIN_LIMIT  frequency : 1700000  uid : 1000  pid : 3256  pkgName : com.sec.android.inputmethod@1
05-04 15:50:34.190  3256  7218 V VibratorService: hasVibrator - useVibetonz: false
05-04 15:50:34.255  4053  4053 W ContextImpl: Calling a method in the system process without a qualified user: android.app.ContextImpl.sendBroadcast:1698 android.content.ContextWrapper.sendBroadcast:391 com.ime.framework.common.InputManagerImpl.sendBroadcaseSIPShown:9947 com.ime.framework.common.InputManagerImpl.startInputView:3692 com.sec.android.inputmethod.SamsungKeypad.onStartInputView:445 
05-04 15:50:34.260  4053  4053 W ContextImpl: Calling a method in the system process without a qualified user: android.app.ContextImpl.sendBroadcast:1698 android.content.ContextWrapper.sendBroadcast:391 android.inputmethodservice.InputMethodService.sendInputViewShownState:424 android.inputmethodservice.InputMethodService.showWindow:2021 android.inputmethodservice.InputMethodService$InputMethodImpl.showSoftInput:648 
05-04 15:50:34.260  3256  5014 D SSRM:a  : DeviceInfo:: 000000000000
05-04 15:50:34.260  3256  5014 D SSRM:a  : SettingsAirViewInfo:: 000000000
05-04 15:50:34.260  4053 19436 W ContextImpl: Calling a method in the system process without a qualified user: android.app.ContextImpl.sendBroadcast:1698 android.content.ContextWrapper.sendBroadcast:391 android.inputmethodservice.InputMethodService$4.run:3277 java.lang.Thread.run:818 <bottom of call stack> 
05-04 15:50:34.265  3256  3256 I ValidateNoPeople: skipping global notification
05-04 15:50:34.265  3256  3256 W NotificationService: Pray mode not found android.content.pm.PackageManager$NameNotFoundException: Application package com.sec.android.settings.praymodewidget not found
05-04 15:50:34.590  3256  6911 D CustomFrequencyManagerService: releaseDVFSLockLocked : Getting Lock type frm List : DVFS_MIN_LIMIT  frequency : 1700000  uid : 1000  pid : 3256  tag : com.sec.android.inputmethod@1
05-04 15:50:36.025  3256  5014 D SSRM:n  : SIOP:: AP = 440, PST = 444 (W:14), CUR = -50, LCD = 147
05-04 15:50:36.155  3256  3328 D PowerManagerService: [api] userActivityFromNative : 2190 (event: 1 flags: 0) eventTime = 13924861
05-04 15:50:36.800  3256  7218 V VibratorService: hasVibrator - useVibetonz: false
05-04 15:50:36.800  4053  4053 W ContextImpl: Calling a method in the system process without a qualified user: android.app.ContextImpl.sendBroadcast:1698 android.content.ContextWrapper.sendBroadcast:391 android.inputmethodservice.InputMethodService.sendInputViewShownState:424 android.inputmethodservice.InputMethodService.showWindow:2021 android.inputmethodservice.InputMethodService$InputMethodImpl.showSoftInput:648 
05-04 15:50:36.800  3256  5014 D SSRM:a  : DeviceInfo:: 000000000000
05-04 15:50:36.800  3256  5014 D SSRM:a  : SettingsAirViewInfo:: 000000000
05-04 15:50:36.800  4053 19438 W ContextImpl: Calling a method in the system process without a qualified user: android.app.ContextImpl.sendBroadcast:1698 android.content.ContextWrapper.sendBroadcast:391 android.inputmethodservice.InputMethodService$4.run:3277 java.lang.Thread.run:818 <bottom of call stack> 
05-04 15:50:36.810  3256  3256 I ValidateNoPeople: skipping global notification
05-04 15:50:36.810  3256  3256 W NotificationService: Pray mode not found android.content.pm.PackageManager$NameNotFoundException: Application package com.sec.android.settings.praymodewidget not found
05-04 15:50:43.370  3256  3327 V AlarmManager: waitForAlarm result :4
05-04 15:50:43.760  3256  6911 D BatteryService: !@BatteryListener : batteryPropertiesChanged!
05-04 15:50:43.760  3256  6911 D BatteryService: level:86, scale:100, status:3, health:2, present:true, voltage: 4121, temperature: 374, technology: Li-ion, AC powered:false, USB powered:true, POGO powered:false, Wireless powered:false, icon:17303382, invalid charger:0
05-04 15:50:43.760  3256  6911 D BatteryService: online:4, current avg:-316, charge type:2, power sharing:false, high voltage charger:false, capacity:280000, current_now:-316
05-04 15:50:43.760  3256  3256 D BatteryService: Sending ACTION_BATTERY_CHANGED.
05-04 15:50:43.765  3672  3672 V EmergencyMode: [EmergencyStateReceiver] onReceive : android.intent.action.BATTERY_CHANGED
05-04 15:50:43.765  3672  3672 V EmergencyMode: [EmergencyStateReceiver] ACTION_BATTERY_CHANGED mBatteryLevelForLogging = 86
05-04 15:50:43.775  3421  3421 D BatteryMeterView: ACTION_BATTERY_CHANGED : level:86 status:3 health:2
05-04 15:50:43.780  3421  3421 D BatteryMeterView: ACTION_BATTERY_CHANGED : level:86 status:3 health:2
05-04 15:50:43.780  3421  3421 D BatteryMeterView: ACTION_BATTERY_CHANGED : level:86 status:3 health:2
05-04 15:50:45.055  3256  3566 E Watchdog: !@Sync 464 [05-04 15:50:45.061]
05-04 15:50:46.030  3256  5014 D SSRM:n  : SIOP:: AP = 450, PST = 443 (W:12), CUR = -316, LCD = 147
05-04 15:50:47.560  3256  6937 D CustomFrequencyManagerService: acquireDVFSLockLocked : type : DVFS_MIN_LIMIT  frequency : 1800000  uid : 1000  pid : 3256  pkgName : ACTIVITY_RESUME_BOOSTER@2
05-04 15:50:47.560  3256  6937 W ActivityManager: mDVFSHelper.acquire()
05-04 15:50:47.565  3256  5292 D MultiWindowConverter: dismissGuide() : Before attaching the guide view, mForceDismissGuide : false
05-04 15:50:47.575  3256  5292 D PowerManagerService: [api] acquire WakeLock flags=0x2000000a tag=WindowManager uid=1000 pid=3256
05-04 15:50:47.580  3256  5293 D ActivityManager: bindService callerProcessName:com.icrealtime.allie, calleePkgName: com.icrealtime.allie, action: null
05-04 15:50:47.580  3256  5293 D ActivityManager: retrieveServiceLocked(): component = com.icrealtime.allie/com.icrealtime.allie.service.BackgroundService; callingUser = 0; userId(target) = 0
05-04 15:50:47.585  3256  3256 D PersonaManagerService: getPersonasForUser(): returning null!
05-04 15:50:47.605  3256  7218 D MultiWindowConverter: dismissGuide() : Before attaching the guide view, mForceDismissGuide : false
05-04 15:50:47.605  3256  3291 D StatusBarManagerService: manageDisableList userId=0 what=0x0 pkg=WindowManager.LayoutParams
05-04 15:50:47.620  3256 19457 W ContextImpl: Calling a method in the system process without a qualified user: android.app.ContextImpl.sendBroadcast:1698 com.android.server.InputMethodManagerService$6.run:2786 java.lang.Thread.run:818 <bottom of call stack> <bottom of call stack> 
05-04 15:50:47.625  3256  3586 I MultiPhoneWindowManager: Changed -> mCurrentInputMethodTarget : null
05-04 15:50:47.625  3256  3256 D LightsService: [api] [SvcLED] turnOff:: id = 4 (uid: 1000 pid: 3256) 
05-04 15:50:47.625  3256  3256 D LightsService: [SvcLED] setSvcLedStateLocked:: SvcLEDState : 0x0 -> 0x0 | SvcLED(id=4) set Off
05-04 15:50:47.625  3256  3307 D LightsService: [SvcLED] Lux failed to be updated in 0ms. -> handleForcedSvcLEDTasK
05-04 15:50:47.625  3256  3307 D LightsService: [SvcLED]  setSvcLedLightLocked :: Current SvcLED(id=3) maintains its priority right
05-04 15:50:47.625  4053  4053 W ContextImpl: Calling a method in the system process without a qualified user: android.app.ContextImpl.sendBroadcast:1698 android.content.ContextWrapper.sendBroadcast:391 android.inputmethodservice.InputMethodService.sendInputViewShownState:424 android.inputmethodservice.InputMethodService.hideWindow:2193 android.inputmethodservice.InputMethodService.doHideWindow:2171 
05-04 15:50:47.630  3256  5014 D SSRM:a  : DeviceInfo:: 000000000000
05-04 15:50:47.630  3256  5014 D SSRM:a  : SettingsAirViewInfo:: 000000000
05-04 15:50:47.630  4053 19458 W ContextImpl: Calling a method in the system process without a qualified user: android.app.ContextImpl.sendBroadcast:1698 android.content.ContextWrapper.sendBroadcast:391 android.inputmethodservice.InputMethodService$4.run:3277 java.lang.Thread.run:818 <bottom of call stack> 
05-04 15:50:47.650  3256  5292 D MultiWindowConverter: dismissGuide() : Before attaching the guide view, mForceDismissGuide : false
05-04 15:50:47.650  3256  3291 D StatusBarManagerService: manageDisableList userId=0 what=0x0 pkg=WindowManager.LayoutParams
05-04 15:50:47.900  3256  3293 D CustomFrequencyManagerService: releaseDVFSLockLocked : Getting Lock type frm List : DVFS_MIN_LIMIT  frequency : 1800000  uid : 1000  pid : 3256  tag : ACTIVITY_RESUME_BOOSTER@2
05-04 15:50:47.900  3256  3293 W ActivityManager: mDVFSHelper.release()
05-04 15:50:47.905  3256  3287 D CustomFrequencyManagerService: acquireDVFSLockLocked : type : DVFS_MIN_LIMIT  frequency : 1800000  uid : 1000  pid : 3256  pkgName : ACTIVITY_RESUME_BOOSTER@6
05-04 15:50:48.205  3256  3256 D CustomFrequencyManagerService: releaseDVFSLockLocked : Getting Lock type frm List : DVFS_MIN_LIMIT  frequency : 1800000  uid : 1000  pid : 3256  tag : ACTIVITY_RESUME_BOOSTER@6
05-04 15:50:49.565  3256  3524 D PowerManagerService: [api] [s] userActivity : event: 0 flags: 0 (uid: 1000 pid: 3256) eventTime = 13938273
05-04 15:50:49.570  3256  3524 D PowerManagerService: [api] release WakeLock flags=0x2000000a tag=WindowManager uid=1000 pid=3256 (0x0)
05-04 15:50:49.570  3256  3524 D PowerManagerService: [api] applyWakeLockFlagsOnReleaseLocked : userActivityNoUpdateLocked is called : SCREEN_BRIGHT_WAKE_LOCK        'WindowManager' ON_AFTER_RELEASE (uid=1000, pid=3256, ws=WorkSource{10360}) (elapsedTime=1995)
05-04 15:50:52.685  3256  5292 D MultiWindowConverter: dismissGuide() : Before attaching the guide view, mForceDismissGuide : false
05-04 15:50:52.685  3256  3291 D StatusBarManagerService: manageDisableList userId=0 what=0x0 pkg=WindowManager.LayoutParams
05-04 15:50:52.705  3256  3586 W InputMethodManagerService: Window already focused, ignoring focus gain of: com.android.internal.view.IInputMethodClient$Stub$Proxy@46c18a5 attribute=null, token = android.os.BinderProxy@1e3cb226
05-04 15:50:52.710  3256  3586 D InputMethodManagerService: [HARDWARE_KEYBOARD] (refreshImeWindowVis) mImeWindowVis= 0 inputVisible = falsehaveHardKeyboard = false hardKeyShown = false
05-04 15:50:52.740  3256  7218 D MultiWindowConverter: dismissGuide() : Before attaching the guide view, mForceDismissGuide : false
05-04 15:50:52.740  3256  3291 D StatusBarManagerService: manageDisableList userId=0 what=0x0 pkg=WindowManager.LayoutParams
05-04 15:50:52.775  3256  6911 D ActivityManager: bindService callerProcessName:android, calleePkgName: com.sec.android.inputmethod, action: android.view.InputMethod
05-04 15:50:52.775  3256  6911 D ActivityManager: retrieveServiceLocked(): component = com.sec.android.inputmethod/com.sec.android.inputmethod.SamsungKeypad; callingUser = 0; userId(target) = 0
05-04 15:50:52.780  3256  6911 I MultiPhoneWindowManager: Changed -> mCurrentInputMethodTarget : Window{d6f742b u0 com.icrealtime.allie/com.icrealtime.allie.ui.activities.FoundCamerasActivity}
05-04 15:50:52.780  3256  5293 D CustomFrequencyManagerService: acquireDVFSLockLocked : type : DVFS_MIN_LIMIT  frequency : 1700000  uid : 1000  pid : 3256  pkgName : com.sec.android.inputmethod@1
05-04 15:50:52.805  4053  4053 W ContextImpl: Calling a method in the system process without a qualified user: android.app.ContextImpl.sendBroadcast:1698 android.content.ContextWrapper.sendBroadcast:391 com.ime.framework.common.InputManagerImpl.sendBroadcaseSIPShown:9947 com.ime.framework.common.InputManagerImpl.startInputView:3692 com.sec.android.inputmethod.SamsungKeypad.onStartInputView:445 
05-04 15:50:52.810  4053  4053 W ContextImpl: Calling a method in the system process without a qualified user: android.app.ContextImpl.sendBroadcast:1698 android.content.ContextWrapper.sendBroadcast:391 android.inputmethodservice.InputMethodService.sendInputViewShownState:424 android.inputmethodservice.InputMethodService.showWindow:2021 android.inputmethodservice.InputMethodService$InputMethodImpl.showSoftInput:648 
05-04 15:50:52.810  4053 19464 W ContextImpl: Calling a method in the system process without a qualified user: android.app.ContextImpl.sendBroadcast:1698 android.content.ContextWrapper.sendBroadcast:391 android.inputmethodservice.InputMethodService$4.run:3277 java.lang.Thread.run:818 <bottom of call stack> 
05-04 15:50:52.810  3256  5014 D SSRM:a  : DeviceInfo:: 000000000000
05-04 15:50:52.810  3256  5014 D SSRM:a  : SettingsAirViewInfo:: 000000000
05-04 15:50:52.815  3256  3256 I ValidateNoPeople: skipping global notification
05-04 15:50:52.815  3256  3256 W NotificationService: Pray mode not found android.content.pm.PackageManager$NameNotFoundException: Application package com.sec.android.settings.praymodewidget not found
05-04 15:50:53.190  3256  7218 D CustomFrequencyManagerService: releaseDVFSLockLocked : Getting Lock type frm List : DVFS_MIN_LIMIT  frequency : 1700000  uid : 1000  pid : 3256  tag : com.sec.android.inputmethod@1
05-04 15:50:53.775  3256  3585 D BatteryService: !@BatteryListener : batteryPropertiesChanged!
05-04 15:50:53.775  3256  3585 D BatteryService: level:86, scale:100, status:3, health:2, present:true, voltage: 4140, temperature: 373, technology: Li-ion, AC powered:false, USB powered:true, POGO powered:false, Wireless powered:false, icon:17303382, invalid charger:0
05-04 15:50:53.775  3256  3585 D BatteryService: online:4, current avg:46, charge type:2, power sharing:false, high voltage charger:false, capacity:280000, current_now:46
05-04 15:50:53.775  3256  3256 D BatteryService: Sending ACTION_BATTERY_CHANGED.
05-04 15:50:53.785  3672  3672 V EmergencyMode: [EmergencyStateReceiver] onReceive : android.intent.action.BATTERY_CHANGED
05-04 15:50:53.785  3672  3672 V EmergencyMode: [EmergencyStateReceiver] ACTION_BATTERY_CHANGED mBatteryLevelForLogging = 86
05-04 15:50:53.800  3421  3421 D BatteryMeterView: ACTION_BATTERY_CHANGED : level:86 status:3 health:2
05-04 15:50:53.800  3421  3421 D BatteryMeterView: ACTION_BATTERY_CHANGED : level:86 status:3 health:2
05-04 15:50:53.800  3421  3421 D BatteryMeterView: ACTION_BATTERY_CHANGED : level:86 status:3 health:2
05-04 15:50:56.040  3256  5014 D SSRM:n  : SIOP:: AP = 450, PST = 444 (W:12), CUR = 46, LCD = 147
05-04 15:50:59.050  3256  7219 D MultiWindowConverter: dismissGuide() : Before attaching the guide view, mForceDismissGuide : false
05-04 15:50:59.050  3256  3291 D StatusBarManagerService: manageDisableList userId=0 what=0x0 pkg=WindowManager.LayoutParams
05-04 15:50:59.090  3256  7218 D MultiWindowConverter: dismissGuide() : Before attaching the guide view, mForceDismissGuide : false
05-04 15:50:59.090  3256  3291 D StatusBarManagerService: manageDisableList userId=0 what=0x0 pkg=WindowManager.LayoutParams
05-04 15:50:59.130  3256 19468 W ContextImpl: Calling a method in the system process without a qualified user: android.app.ContextImpl.sendBroadcast:1698 com.android.server.InputMethodManagerService$6.run:2786 java.lang.Thread.run:818 <bottom of call stack> <bottom of call stack> 
05-04 15:50:59.135  3256  7219 I MultiPhoneWindowManager: Changed -> mCurrentInputMethodTarget : null
05-04 15:50:59.140  3256  3256 D LightsService: [api] [SvcLED] turnOff:: id = 4 (uid: 1000 pid: 3256) 
05-04 15:50:59.140  3256  3256 D LightsService: [SvcLED] setSvcLedStateLocked:: SvcLEDState : 0x0 -> 0x0 | SvcLED(id=4) set Off
05-04 15:50:59.140  4053  4053 W ContextImpl: Calling a method in the system process without a qualified user: android.app.ContextImpl.sendBroadcast:1698 android.content.ContextWrapper.sendBroadcast:391 android.inputmethodservice.InputMethodService.sendInputViewShownState:424 android.inputmethodservice.InputMethodService.hideWindow:2193 android.inputmethodservice.InputMethodService.doHideWindow:2171 
05-04 15:50:59.140  3256  3307 D LightsService: [SvcLED] Lux failed to be updated in 0ms. -> handleForcedSvcLEDTasK
05-04 15:50:59.140  3256  3307 D LightsService: [SvcLED]  setSvcLedLightLocked :: Current SvcLED(id=3) maintains its priority right
05-04 15:50:59.145  4053 19469 W ContextImpl: Calling a method in the system process without a qualified user: android.app.ContextImpl.sendBroadcast:1698 android.content.ContextWrapper.sendBroadcast:391 android.inputmethodservice.InputMethodService$4.run:3277 java.lang.Thread.run:818 <bottom of call stack> 
05-04 15:50:59.145  3256  5014 D SSRM:a  : DeviceInfo:: 000000000000
05-04 15:50:59.145  3256  5014 D SSRM:a  : SettingsAirViewInfo:: 000000000
05-04 15:50:59.995  3256  3327 V AlarmManager: waitForAlarm result :8
05-04 15:51:03.715  3256  3585 D MultiWindowConverter: dismissGuide() : Before attaching the guide view, mForceDismissGuide : false
05-04 15:51:03.715  3256  3291 D StatusBarManagerService: manageDisableList userId=0 what=0x0 pkg=WindowManager.LayoutParams
05-04 15:51:03.750  3256  7219 W InputMethodManagerService: Window already focused, ignoring focus gain of: com.android.internal.view.IInputMethodClient$Stub$Proxy@102e1ecc attribute=null, token = android.os.BinderProxy@1e3cb226
05-04 15:51:03.750  3256  7219 D InputMethodManagerService: [HARDWARE_KEYBOARD] (refreshImeWindowVis) mImeWindowVis= 0 inputVisible = falsehaveHardKeyboard = false hardKeyShown = false
05-04 15:51:03.755  3256  3351 D CustomFrequencyManagerService: acquireDVFSLockLocked : type : DVFS_MIN_LIMIT  frequency : 1800000  uid : 1000  pid : 3256  pkgName : ACTIVITY_RESUME_BOOSTER@2
05-04 15:51:03.755  3256  3351 W ActivityManager: mDVFSHelper.acquire()
05-04 15:51:03.770  3256  3526 D ActivityManager: bindService callerProcessName:com.icrealtime.allie, calleePkgName: com.icrealtime.allie, action: null
05-04 15:51:03.770  3256  3526 D ActivityManager: retrieveServiceLocked(): component = com.icrealtime.allie/com.icrealtime.allie.service.BackgroundService; callingUser = 0; userId(target) = 0
05-04 15:51:03.780  3256  3256 D PersonaManagerService: getPersonasForUser(): returning null!
05-04 15:51:03.780  3256  5292 D BatteryService: !@BatteryListener : batteryPropertiesChanged!
05-04 15:51:03.780  3256  5292 D BatteryService: level:86, scale:100, status:3, health:2, present:true, voltage: 4148, temperature: 375, technology: Li-ion, AC powered:false, USB powered:true, POGO powered:false, Wireless powered:false, icon:17303382, invalid charger:0
05-04 15:51:03.780  3256  5292 D BatteryService: online:4, current avg:38, charge type:2, power sharing:false, high voltage charger:false, capacity:280000, current_now:39
05-04 15:51:03.780  3256  3256 D BatteryService: Sending ACTION_BATTERY_CHANGED.
05-04 15:51:03.785  3672  3672 V EmergencyMode: [EmergencyStateReceiver] onReceive : android.intent.action.BATTERY_CHANGED
05-04 15:51:03.785  3672  3672 V EmergencyMode: [EmergencyStateReceiver] ACTION_BATTERY_CHANGED mBatteryLevelForLogging = 86
05-04 15:51:03.785  3256  6937 D MultiWindowConverter: dismissGuide() : Before attaching the guide view, mForceDismissGuide : false
05-04 15:51:03.785  3256  3291 D StatusBarManagerService: manageDisableList userId=0 what=0x0 pkg=WindowManager.LayoutParams
05-04 15:51:03.785  3256  3291 D StatusBarManagerService: manageDisableList userId=0 what=0x0 pkg=WindowManager.LayoutParams
05-04 15:51:03.795  3421  3421 D BatteryMeterView: ACTION_BATTERY_CHANGED : level:86 status:3 health:2
05-04 15:51:03.795  3421  3421 D BatteryMeterView: ACTION_BATTERY_CHANGED : level:86 status:3 health:2
05-04 15:51:03.795  3421  3421 D BatteryMeterView: ACTION_BATTERY_CHANGED : level:86 status:3 health:2
05-04 15:51:03.815  3256 19474 W ContextImpl: Calling a method in the system process without a qualified user: android.app.ContextImpl.sendBroadcast:1698 com.android.server.InputMethodManagerService$6.run:2786 java.lang.Thread.run:818 <bottom of call stack> <bottom of call stack> 
05-04 15:51:04.100  3256  3293 D CustomFrequencyManagerService: releaseDVFSLockLocked : Getting Lock type frm List : DVFS_MIN_LIMIT  frequency : 1800000  uid : 1000  pid : 3256  tag : ACTIVITY_RESUME_BOOSTER@2
05-04 15:51:04.100  3256  3293 W ActivityManager: mDVFSHelper.release()
05-04 15:51:04.105  3256  3287 D CustomFrequencyManagerService: acquireDVFSLockLocked : type : DVFS_MIN_LIMIT  frequency : 1800000  uid : 1000  pid : 3256  pkgName : ACTIVITY_RESUME_BOOSTER@6
05-04 15:51:04.410  3256  3256 D CustomFrequencyManagerService: releaseDVFSLockLocked : Getting Lock type frm List : DVFS_MIN_LIMIT  frequency : 1800000  uid : 1000  pid : 3256  tag : ACTIVITY_RESUME_BOOSTER@6
05-04 15:51:06.050  3256  5014 D SSRM:n  : SIOP:: AP = 450, PST = 445 (W:12), CUR = 38, LCD = 147
05-04 15:51:10.725  3256  3269 D CustomFrequencyManagerService: acquireDVFSLockLocked : type : DVFS_MIN_LIMIT  frequency : 1800000  uid : 1000  pid : 3256  pkgName : ACTIVITY_RESUME_BOOSTER@2
05-04 15:51:10.730  3256  3269 W ActivityManager: mDVFSHelper.acquire()
05-04 15:51:10.730  3256  3269 D MultiWindowConverter: dismissGuide() : Before attaching the guide view, mForceDismissGuide : false
05-04 15:51:10.745  3256  3351 W ActivityManager: Permission Denial: getCurrentUser() from pid=18988, uid=10360 requires android.permission.INTERACT_ACROSS_USERS
05-04 15:51:10.745  3256  5293 D ActivityManager: startService callerProcessName:com.icrealtime.allie, calleePkgName: com.icrealtime.allie
05-04 15:51:10.745  3256  5293 D ActivityManager: retrieveServiceLocked(): component = com.icrealtime.allie/com.icrealtime.allie.service.BackgroundService; callingUser = 0; userId(target) = 0
05-04 15:51:10.790  3256  6937 D ActivityManager: bindService callerProcessName:com.icrealtime.allie, calleePkgName: com.icrealtime.allie, action: null
