05-11 19:15:51.024  3257  3289 D CustomFrequencyManagerService: acquireDVFSLockLocked : type : DVFS_MIN_LIMIT  frequency : 1800000  uid : 1000  pid : 3257  pkgName : ACTIVITY_RESUME_BOOSTER@6
05-11 19:15:51.329  3257  3257 D CustomFrequencyManagerService: releaseDVFSLockLocked : Getting Lock type frm List : DVFS_MIN_LIMIT  frequency : 1800000  uid : 1000  pid : 3257  tag : ACTIVITY_RESUME_BOOSTER@6
05-11 19:15:51.579  3257  6984 D ActivityManager: retrieveServiceLocked(): component = null; callingUser = 0; userId(target) = 0
05-11 19:15:51.869  3257  6985 D ActivityManager: retrieveServiceLocked(): component = null; callingUser = 0; userId(target) = 0
05-11 19:15:51.889  3257  3389 D TaskPersister: removeObsoleteFile: deleting file=879_task.xml
05-11 19:15:51.889  3257  3389 D TaskPersister: removeObsoleteFile: deleting file=879_task_thumbnail.png
05-11 19:15:52.174  3257  6984 D ActivityManager: retrieveServiceLocked(): component = null; callingUser = 0; userId(target) = 0
05-11 19:15:52.539  3257  3599 D ActivityManager: retrieveServiceLocked(): component = null; callingUser = 0; userId(target) = 0
05-11 19:15:52.794  3257  3352 D ActivityManager: retrieveServiceLocked(): component = null; callingUser = 0; userId(target) = 0
05-11 19:15:53.094  3257  3740 D ActivityManager: retrieveServiceLocked(): component = null; callingUser = 0; userId(target) = 0
05-11 19:15:53.404  3257  3352 D ActivityManager: retrieveServiceLocked(): component = null; callingUser = 0; userId(target) = 0
05-11 19:15:53.709  3257  3525 D ActivityManager: retrieveServiceLocked(): component = null; callingUser = 0; userId(target) = 0
05-11 19:15:54.019  3257  3525 D ActivityManager: retrieveServiceLocked(): component = null; callingUser = 0; userId(target) = 0
05-11 19:15:54.329  3257  3525 D ActivityManager: retrieveServiceLocked(): component = null; callingUser = 0; userId(target) = 0
05-11 19:15:55.254  3257  3518 D ActivityManager: retrieveServiceLocked(): component = null; callingUser = 0; userId(target) = 0
05-11 19:15:56.889  3257  3302 D PackageManager: [MSG] WRITE_PACKAGE_RESTRICTIONS
05-11 19:15:57.234  3257  3270 D BatteryService: !@BatteryListener : batteryPropertiesChanged!
05-11 19:15:57.234  3257  3270 D BatteryService: level:100, scale:100, status:3, health:2, present:true, voltage: 4394, temperature: 322, technology: Li-ion, AC powered:false, USB powered:true, POGO powered:false, Wireless powered:false, icon:17303382, invalid charger:0
05-11 19:15:57.234  3257  3270 D BatteryService: online:4, current avg:198, charge type:2, power sharing:false, high voltage charger:false, capacity:280000, current_now:199
05-11 19:15:57.234  3257  3257 D BatteryService: Sending ACTION_BATTERY_CHANGED.
05-11 19:15:57.239  3672  3672 V EmergencyMode: [EmergencyStateReceiver] onReceive : android.intent.action.BATTERY_CHANGED
05-11 19:15:57.244  3672  3672 V EmergencyMode: [EmergencyStateReceiver] ACTION_BATTERY_CHANGED mBatteryLevelForLogging = 100
05-11 19:15:57.264  3421  3421 D BatteryMeterView: ACTION_BATTERY_CHANGED : level:100 status:3 health:2
05-11 19:15:57.264  3421  3421 D BatteryMeterView: ACTION_BATTERY_CHANGED : level:100 status:3 health:2
05-11 19:15:57.264  3421  3421 D BatteryMeterView: ACTION_BATTERY_CHANGED : level:100 status:3 health:2
05-11 19:15:58.174  3257  4923 D SSRM:n  : SIOP:: AP = 370, PST = 382 (W:30), CUR = 198, LCD = 29
05-11 19:15:58.934  3257  5286 D ActivityManager: retrieveServiceLocked(): component = null; callingUser = 0; userId(target) = 0
05-11 19:15:59.854  3257  3518 D ActivityManager: retrieveServiceLocked(): component = null; callingUser = 0; userId(target) = 0
05-11 19:15:59.994  3257  3328 V AlarmManager: waitForAlarm result :8
05-11 19:16:00.164  3257  3732 D ActivityManager: retrieveServiceLocked(): component = null; callingUser = 0; userId(target) = 0
05-11 19:16:00.469  3257  3818 D ActivityManager: retrieveServiceLocked(): component = null; callingUser = 0; userId(target) = 0
05-11 19:16:00.784  3257  3269 D ActivityManager: retrieveServiceLocked(): component = null; callingUser = 0; userId(target) = 0
05-11 19:16:01.089  3257  3269 D ActivityManager: retrieveServiceLocked(): component = null; callingUser = 0; userId(target) = 0
05-11 19:16:01.104  3257  3774 D ActivityManager: retrieveServiceLocked(): component = null; callingUser = 0; userId(target) = 0
05-11 19:16:01.109  3257  3352 D ActivityManager: retrieveServiceLocked(): component = null; callingUser = 0; userId(target) = 0
05-11 19:16:01.109  3257  3528 D ActivityManager: retrieveServiceLocked(): component = null; callingUser = 0; userId(target) = 0
05-11 19:16:01.394  3257  3352 D ActivityManager: retrieveServiceLocked(): component = null; callingUser = 0; userId(target) = 0
05-11 19:16:01.394  3257  3774 D ActivityManager: retrieveServiceLocked(): component = null; callingUser = 0; userId(target) = 0
05-11 19:16:01.399  3257  3740 D ActivityManager: retrieveServiceLocked(): component = null; callingUser = 0; userId(target) = 0
05-11 19:16:01.699  3257  3732 D ActivityManager: retrieveServiceLocked(): component = null; callingUser = 0; userId(target) = 0
05-11 19:16:01.704  3257  5285 D ActivityManager: retrieveServiceLocked(): component = null; callingUser = 0; userId(target) = 0
05-11 19:16:02.009  3257  6985 D ActivityManager: retrieveServiceLocked(): component = null; callingUser = 0; userId(target) = 0
05-11 19:16:03.249  3257  5284 D ActivityManager: retrieveServiceLocked(): component = null; callingUser = 0; userId(target) = 0
05-11 19:16:03.519  3257  3568 E Watchdog: !@Sync 2679 [05-11 19:16:03.524]
05-11 19:16:03.849  3257  5285 D ActivityManager: retrieveServiceLocked(): component = null; callingUser = 0; userId(target) = 0
05-11 19:16:04.154  3257  3599 D ActivityManager: retrieveServiceLocked(): component = null; callingUser = 0; userId(target) = 0
05-11 19:16:04.159  3257  3269 D ActivityManager: retrieveServiceLocked(): component = null; callingUser = 0; userId(target) = 0
05-11 19:16:04.469  3257  3599 D ActivityManager: retrieveServiceLocked(): component = null; callingUser = 0; userId(target) = 0
05-11 19:16:04.479  3257  3740 D ActivityManager: retrieveServiceLocked(): component = null; callingUser = 0; userId(target) = 0
05-11 19:16:04.769  3257  3270 D ActivityManager: retrieveServiceLocked(): component = null; callingUser = 0; userId(target) = 0
05-11 19:16:05.394  3257  3818 D ActivityManager: retrieveServiceLocked(): component = null; callingUser = 0; userId(target) = 0
05-11 19:16:06.304  3257  3740 D ActivityManager: retrieveServiceLocked(): component = null; callingUser = 0; userId(target) = 0
05-11 19:16:07.254  3257  5285 D BatteryService: !@BatteryListener : batteryPropertiesChanged!
05-11 19:16:07.254  3257  5285 D BatteryService: level:100, scale:100, status:3, health:2, present:true, voltage: 4402, temperature: 322, technology: Li-ion, AC powered:false, USB powered:true, POGO powered:false, Wireless powered:false, icon:17303382, invalid charger:0
05-11 19:16:07.254  3257  5285 D BatteryService: online:4, current avg:140, charge type:2, power sharing:false, high voltage charger:false, capacity:280000, current_now:140
05-11 19:16:07.254  3257  3257 D BatteryService: Sending ACTION_BATTERY_CHANGED.
05-11 19:16:07.264  3672  3672 V EmergencyMode: [EmergencyStateReceiver] onReceive : android.intent.action.BATTERY_CHANGED
05-11 19:16:07.264  3672  3672 V EmergencyMode: [EmergencyStateReceiver] ACTION_BATTERY_CHANGED mBatteryLevelForLogging = 100
05-11 19:16:07.289  3421  3421 D BatteryMeterView: ACTION_BATTERY_CHANGED : level:100 status:3 health:2
05-11 19:16:07.289  3421  3421 D BatteryMeterView: ACTION_BATTERY_CHANGED : level:100 status:3 health:2
05-11 19:16:07.289  3421  3421 D BatteryMeterView: ACTION_BATTERY_CHANGED : level:100 status:3 health:2
05-11 19:16:07.844  3257  3818 D ActivityManager: retrieveServiceLocked(): component = null; callingUser = 0; userId(target) = 0
05-11 19:16:08.149  3257  6984 D ActivityManager: retrieveServiceLocked(): component = null; callingUser = 0; userId(target) = 0
05-11 19:16:08.154  3257  3774 D ActivityManager: retrieveServiceLocked(): component = null; callingUser = 0; userId(target) = 0
05-11 19:16:08.159  3257  6985 D ActivityManager: retrieveServiceLocked(): component = null; callingUser = 0; userId(target) = 0
05-11 19:16:08.159  3257  3269 D ActivityManager: retrieveServiceLocked(): component = null; callingUser = 0; userId(target) = 0
05-11 19:16:08.189  3257  4923 D SSRM:n  : SIOP:: AP = 360, PST = 380 (W:30), CUR = 140, LCD = 29
05-11 19:16:08.454  3257  6985 D ActivityManager: retrieveServiceLocked(): component = null; callingUser = 0; userId(target) = 0
05-11 19:16:08.459  3257  3352 D ActivityManager: retrieveServiceLocked(): component = null; callingUser = 0; userId(target) = 0
05-11 19:16:08.774  3257  3818 D ActivityManager: retrieveServiceLocked(): component = null; callingUser = 0; userId(target) = 0
05-11 19:16:08.784  3257  3818 D ActivityManager: retrieveServiceLocked(): component = null; callingUser = 0; userId(target) = 0
05-11 19:16:09.074  3257  3599 D ActivityManager: retrieveServiceLocked(): component = null; callingUser = 0; userId(target) = 0
05-11 19:16:09.379  3257  3599 D ActivityManager: retrieveServiceLocked(): component = null; callingUser = 0; userId(target) = 0
05-11 19:16:09.379  3257  6985 D ActivityManager: retrieveServiceLocked(): component = null; callingUser = 0; userId(target) = 0
05-11 19:16:09.999  3257  5285 D ActivityManager: retrieveServiceLocked(): component = null; callingUser = 0; userId(target) = 0
05-11 19:16:10.299  3257  6984 D ActivityManager: retrieveServiceLocked(): component = null; callingUser = 0; userId(target) = 0
05-11 19:16:11.544  3257  3352 D ActivityManager: retrieveServiceLocked(): component = null; callingUser = 0; userId(target) = 0
05-11 19:16:12.144  3257  3528 D ActivityManager: retrieveServiceLocked(): component = null; callingUser = 0; userId(target) = 0
05-11 19:16:14.459  3257  4632 W ContextImpl: Calling a method in the system process without a qualified user: android.app.ContextImpl.sendBroadcast:1698 com.android.server.InputMethodManagerService$6.run:2786 java.lang.Thread.run:818 <bottom of call stack> <bottom of call stack> 
05-11 19:16:14.514  3257  6985 D MotionRecognitionService:  ssp status : false
05-11 19:16:14.604  3257  3732 D ActivityManager: retrieveServiceLocked(): component = null; callingUser = 0; userId(target) = 0
05-11 19:16:15.524  3257  3732 D ActivityManager: retrieveServiceLocked(): component = null; callingUser = 0; userId(target) = 0
05-11 19:16:15.539  3257  5285 D ActivityManager: retrieveServiceLocked(): component = null; callingUser = 0; userId(target) = 0
05-11 19:16:15.834  3257  3518 D ActivityManager: retrieveServiceLocked(): component = null; callingUser = 0; userId(target) = 0
05-11 19:16:16.134  3257  6984 D ActivityManager: retrieveServiceLocked(): component = null; callingUser = 0; userId(target) = 0
05-11 19:16:16.219  3257  3269 D CustomFrequencyManagerService: acquireDVFSLockLocked : type : DVFS_MIN_LIMIT  frequency : 1800000  uid : 1000  pid : 3257  pkgName : ACTIVITY_RESUME_BOOSTER@2
05-11 19:16:16.224  3257  3269 W ActivityManager: mDVFSHelper.acquire()
05-11 19:16:16.229  3257  3269 D MultiWindowConverter: dismissGuide() : Before attaching the guide view, mForceDismissGuide : false
05-11 19:16:16.244  3257  3525 W ActivityManager: Permission Denial: getCurrentUser() from pid=4527, uid=10360 requires android.permission.INTERACT_ACROSS_USERS
05-11 19:16:16.249  3257  5286 D ActivityManager: startService callerProcessName:com.icrealtime.allie, calleePkgName: com.icrealtime.allie
05-11 19:16:16.249  3257  5286 D ActivityManager: retrieveServiceLocked(): component = com.icrealtime.allie/com.icrealtime.allie.service.BackgroundService; callingUser = 0; userId(target) = 0
05-11 19:16:16.444  3257  3740 D ActivityManager: retrieveServiceLocked(): component = null; callingUser = 0; userId(target) = 0
05-11 19:16:16.544  3257  3599 D ActivityManager: bindService callerProcessName:com.icrealtime.allie, calleePkgName: com.icrealtime.allie, action: null
05-11 19:16:16.544  3257  3599 D ActivityManager: retrieveServiceLocked(): component = com.icrealtime.allie/com.icrealtime.allie.service.BackgroundService; callingUser = 0; userId(target) = 0
05-11 19:16:16.549  3257  3257 D PersonaManagerService: getPersonasForUser(): returning null!
05-11 19:16:16.559  3257  3740 D MultiWindowConverter: dismissGuide() : Before attaching the guide view, mForceDismissGuide : false
05-11 19:16:16.559  3257  3292 D StatusBarManagerService: manageDisableList userId=0 what=0x0 pkg=WindowManager.LayoutParams
05-11 19:16:16.559  3257  3292 D StatusBarManagerService: manageDisableList userId=0 what=0x0 pkg=WindowManager.LayoutParams
05-11 19:16:16.629  3257  4649 W ContextImpl: Calling a method in the system process without a qualified user: android.app.ContextImpl.sendBroadcast:1698 com.android.server.InputMethodManagerService$6.run:2786 java.lang.Thread.run:818 <bottom of call stack> <bottom of call stack> 
05-11 19:16:16.749  3257  5284 D ActivityManager: retrieveServiceLocked(): component = null; callingUser = 0; userId(target) = 0
05-11 19:16:16.754  3257  5285 D ActivityManager: retrieveServiceLocked(): component = null; callingUser = 0; userId(target) = 0
05-11 19:16:16.924  3257  3294 D CustomFrequencyManagerService: releaseDVFSLockLocked : Getting Lock type frm List : DVFS_MIN_LIMIT  frequency : 1800000  uid : 1000  pid : 3257  tag : ACTIVITY_RESUME_BOOSTER@2
05-11 19:16:16.924  3257  3294 W ActivityManager: mDVFSHelper.release()
05-11 19:16:16.929  3257  3289 D CustomFrequencyManagerService: acquireDVFSLockLocked : type : DVFS_MIN_LIMIT  frequency : 1800000  uid : 1000  pid : 3257  pkgName : ACTIVITY_RESUME_BOOSTER@6
05-11 19:16:17.059  3257  3732 D ActivityManager: retrieveServiceLocked(): component = null; callingUser = 0; userId(target) = 0
05-11 19:16:17.059  3257  3774 D ActivityManager: retrieveServiceLocked(): component = null; callingUser = 0; userId(target) = 0
05-11 19:16:17.234  3257  3257 D CustomFrequencyManagerService: releaseDVFSLockLocked : Getting Lock type frm List : DVFS_MIN_LIMIT  frequency : 1800000  uid : 1000  pid : 3257  tag : ACTIVITY_RESUME_BOOSTER@6
05-11 19:16:17.259  3257  5285 D BatteryService: !@BatteryListener : batteryPropertiesChanged!
05-11 19:16:17.259  3257  5285 D BatteryService: level:100, scale:100, status:3, health:2, present:true, voltage: 4304, temperature: 324, technology: Li-ion, AC powered:false, USB powered:true, POGO powered:false, Wireless powered:false, icon:17303382, invalid charger:0
05-11 19:16:17.259  3257  5285 D BatteryService: online:4, current avg:-378, charge type:2, power sharing:false, high voltage charger:false, capacity:280000, current_now:-378
05-11 19:16:17.259  3257  3257 D BatteryService: Sending ACTION_BATTERY_CHANGED.
05-11 19:16:17.264  3672  3672 V EmergencyMode: [EmergencyStateReceiver] onReceive : android.intent.action.BATTERY_CHANGED
05-11 19:16:17.264  3672  3672 V EmergencyMode: [EmergencyStateReceiver] ACTION_BATTERY_CHANGED mBatteryLevelForLogging = 100
05-11 19:16:17.284  3421  3421 D BatteryMeterView: ACTION_BATTERY_CHANGED : level:100 status:3 health:2
05-11 19:16:17.284  3421  3421 D BatteryMeterView: ACTION_BATTERY_CHANGED : level:100 status:3 health:2
05-11 19:16:17.284  3421  3421 D BatteryMeterView: ACTION_BATTERY_CHANGED : level:100 status:3 health:2
05-11 19:16:17.364  3257  3270 D ActivityManager: retrieveServiceLocked(): component = null; callingUser = 0; userId(target) = 0
05-11 19:16:17.369  3257  3599 D ActivityManager: retrieveServiceLocked(): component = null; callingUser = 0; userId(target) = 0
05-11 19:16:17.669  3257  5284 D ActivityManager: retrieveServiceLocked(): component = null; callingUser = 0; userId(target) = 0
05-11 19:16:18.199  3257  4923 D SSRM:n  : SIOP:: AP = 370, PST = 379 (W:28), CUR = -378, LCD = 29
05-11 19:16:18.284  3257  3599 D ActivityManager: retrieveServiceLocked(): component = null; callingUser = 0; userId(target) = 0
05-11 19:16:20.029  3257  3599 D CustomFrequencyManagerService: acquireDVFSLockLocked : type : DVFS_MIN_LIMIT  frequency : 1800000  uid : 1000  pid : 3257  pkgName : ACTIVITY_RESUME_BOOSTER@2
05-11 19:16:20.034  3257  3599 W ActivityManager: mDVFSHelper.acquire()
05-11 19:16:20.034  3257  3599 D MultiWindowConverter: dismissGuide() : Before attaching the guide view, mForceDismissGuide : false
05-11 19:16:20.049  3257  6984 W ActivityManager: Permission Denial: getCurrentUser() from pid=4527, uid=10360 requires android.permission.INTERACT_ACROSS_USERS
05-11 19:16:20.054  3257  3599 D ActivityManager: startService callerProcessName:com.icrealtime.allie, calleePkgName: com.icrealtime.allie
05-11 19:16:20.054  3257  3599 D ActivityManager: retrieveServiceLocked(): component = com.icrealtime.allie/com.icrealtime.allie.service.BackgroundService; callingUser = 0; userId(target) = 0
05-11 19:16:20.089  3257  3528 D ActivityManager: bindService callerProcessName:com.icrealtime.allie, calleePkgName: com.icrealtime.allie, action: null
05-11 19:16:20.089  3257  3528 D ActivityManager: retrieveServiceLocked(): component = com.icrealtime.allie/com.icrealtime.allie.service.BackgroundService; callingUser = 0; userId(target) = 0
05-11 19:16:20.094  3257  3257 D PersonaManagerService: getPersonasForUser(): returning null!
05-11 19:16:20.099  3257  3818 D MultiWindowConverter: dismissGuide() : Before attaching the guide view, mForceDismissGuide : false
05-11 19:16:20.099  3257  3292 D StatusBarManagerService: manageDisableList userId=0 what=0x0 pkg=WindowManager.LayoutParams
05-11 19:16:20.134  3257  3528 I MultiPhoneWindowManager: Changed -> mCurrentInputMethodTarget : Window{33fdfa58 u0 com.icrealtime.allie/com.icrealtime.allie.ui.activities.AuthActivity}
05-11 19:16:20.139  3257  4670 W ContextImpl: Calling a method in the system process without a qualified user: android.app.ContextImpl.sendBroadcast:1698 com.android.server.InputMethodManagerService$6.run:2786 java.lang.Thread.run:818 <bottom of call stack> <bottom of call stack> 
05-11 19:16:20.414  3257  3294 D CustomFrequencyManagerService: releaseDVFSLockLocked : Getting Lock type frm List : DVFS_MIN_LIMIT  frequency : 1800000  uid : 1000  pid : 3257  tag : ACTIVITY_RESUME_BOOSTER@2
05-11 19:16:20.414  3257  3294 W ActivityManager: mDVFSHelper.release()
05-11 19:16:20.434  3257  3289 D CustomFrequencyManagerService: acquireDVFSLockLocked : type : DVFS_MIN_LIMIT  frequency : 1800000  uid : 1000  pid : 3257  pkgName : ACTIVITY_RESUME_BOOSTER@6
05-11 19:16:20.439  4527  4527 V ActivityThread: updateVisibility : ActivityRecord{3a5602d2 token=android.os.BinderProxy@2400a552 {com.icrealtime.allie/com.icrealtime.allie.ui.activities.AfterSplashActivity}} show : false
05-11 19:16:20.439  3257  3740 D ActivityManager: retrieveServiceLocked(): component = null; callingUser = 0; userId(target) = 0
05-11 19:16:20.739  3257  3257 D CustomFrequencyManagerService: releaseDVFSLockLocked : Getting Lock type frm List : DVFS_MIN_LIMIT  frequency : 1800000  uid : 1000  pid : 3257  tag : ACTIVITY_RESUME_BOOSTER@6
05-11 19:16:22.284  3257  3599 D ActivityManager: retrieveServiceLocked(): component = null; callingUser = 0; userId(target) = 0
05-11 19:16:22.814  3257  3329 D PowerManagerService: [api] userActivityFromNative : 2340 (event: 2 flags: 0) eventTime = 80406601
05-11 19:16:22.819  3257  3269 D ActivityManager: bindService callerProcessName:android, calleePkgName: com.sec.android.inputmethod, action: android.view.InputMethod
05-11 19:16:22.819  3257  3269 D ActivityManager: retrieveServiceLocked(): component = com.sec.android.inputmethod/com.sec.android.inputmethod.SamsungKeypad; callingUser = 0; userId(target) = 0
05-11 19:16:22.819  3257  3732 D CustomFrequencyManagerService: acquireDVFSLockLocked : type : DVFS_MIN_LIMIT  frequency : 1700000  uid : 1000  pid : 3257  pkgName : com.sec.android.inputmethod@1
05-11 19:16:22.844  4025  4025 W ContextImpl: Calling a method in the system process without a qualified user: android.app.ContextImpl.sendBroadcast:1698 android.content.ContextWrapper.sendBroadcast:391 com.ime.framework.common.InputManagerImpl.sendBroadcaseSIPShown:9947 com.ime.framework.common.InputManagerImpl.startInputView:3692 com.sec.android.inputmethod.SamsungKeypad.onStartInputView:445 
05-11 19:16:22.849  4025  4025 W ContextImpl: Calling a method in the system process without a qualified user: android.app.ContextImpl.sendBroadcast:1698 android.content.ContextWrapper.sendBroadcast:391 android.inputmethodservice.InputMethodService.sendInputViewShownState:424 android.inputmethodservice.InputMethodService.showWindow:2021 android.inputmethodservice.InputMethodService$InputMethodImpl.showSoftInput:648 
05-11 19:16:22.854  4025  4677 W ContextImpl: Calling a method in the system process without a qualified user: android.app.ContextImpl.sendBroadcast:1698 android.content.ContextWrapper.sendBroadcast:391 android.inputmethodservice.InputMethodService$4.run:3277 java.lang.Thread.run:818 <bottom of call stack> 
05-11 19:16:22.854  3257  4923 D SSRM:a  : DeviceInfo:: 000000000000
05-11 19:16:22.854  3257  4923 D SSRM:a  : SettingsAirViewInfo:: 000000000
05-11 19:16:22.854  3257  3257 I ValidateNoPeople: skipping global notification
05-11 19:16:22.859  3257  3257 W NotificationService: Pray mode not found android.content.pm.PackageManager$NameNotFoundException: Application package com.sec.android.settings.praymodewidget not found
05-11 19:16:23.199  3257  3818 D ActivityManager: retrieveServiceLocked(): component = null; callingUser = 0; userId(target) = 0
05-11 19:16:23.224  3257  5285 D CustomFrequencyManagerService: releaseDVFSLockLocked : Getting Lock type frm List : DVFS_MIN_LIMIT  frequency : 1700000  uid : 1000  pid : 3257  tag : com.sec.android.inputmethod@1
05-11 19:16:23.819  3257  3528 D ActivityManager: retrieveServiceLocked(): component = null; callingUser = 0; userId(target) = 0
05-11 19:16:23.829  3257  3740 D ActivityManager: retrieveServiceLocked(): component = null; callingUser = 0; userId(target) = 0
05-11 19:16:24.429  3257  3599 D ActivityManager: retrieveServiceLocked(): component = null; callingUser = 0; userId(target) = 0
05-11 19:16:24.739  3257  3352 D ActivityManager: retrieveServiceLocked(): component = null; callingUser = 0; userId(target) = 0
05-11 19:16:25.044  3257  3270 D ActivityManager: retrieveServiceLocked(): component = null; callingUser = 0; userId(target) = 0
05-11 19:16:25.354  3257  6984 D ActivityManager: retrieveServiceLocked(): component = null; callingUser = 0; userId(target) = 0
05-11 19:16:25.354  3257  3352 D ActivityManager: retrieveServiceLocked(): component = null; callingUser = 0; userId(target) = 0
05-11 19:16:25.359  3257  6985 D ActivityManager: retrieveServiceLocked(): component = null; callingUser = 0; userId(target) = 0
05-11 19:16:25.664  3257  6984 D ActivityManager: retrieveServiceLocked(): component = null; callingUser = 0; userId(target) = 0
05-11 19:16:25.964  3257  3774 D ActivityManager: retrieveServiceLocked(): component = null; callingUser = 0; userId(target) = 0
05-11 19:16:26.069  4025  4025 W ContextImpl: Calling a method in the system process without a qualified user: android.app.ContextImpl.sendBroadcast:1698 android.content.ContextWrapper.sendBroadcast:391 android.inputmethodservice.InputMethodService.sendInputViewShownState:424 android.inputmethodservice.InputMethodService.showWindow:2021 android.inputmethodservice.InputMethodService$InputMethodImpl.showSoftInput:648 
05-11 19:16:26.074  3257  4923 D SSRM:a  : DeviceInfo:: 000000000000
05-11 19:16:26.074  3257  4923 D SSRM:a  : SettingsAirViewInfo:: 000000000
05-11 19:16:26.074  4025  4682 W ContextImpl: Calling a method in the system process without a qualified user: android.app.ContextImpl.sendBroadcast:1698 android.content.ContextWrapper.sendBroadcast:391 android.inputmethodservice.InputMethodService$4.run:3277 java.lang.Thread.run:818 <bottom of call stack> 
05-11 19:16:26.079  3257  3257 I ValidateNoPeople: skipping global notification
05-11 19:16:26.084  3257  3257 W NotificationService: Pray mode not found android.content.pm.PackageManager$NameNotFoundException: Application package com.sec.android.settings.praymodewidget not found
05-11 19:16:26.584  3257  5284 D ActivityManager: retrieveServiceLocked(): component = null; callingUser = 0; userId(target) = 0
05-11 19:16:26.889  3257  3818 D ActivityManager: retrieveServiceLocked(): component = null; callingUser = 0; userId(target) = 0
05-11 19:16:27.269  3257  3528 D BatteryService: !@BatteryListener : batteryPropertiesChanged!
05-11 19:16:27.269  3257  3528 D BatteryService: level:100, scale:100, status:3, health:2, present:true, voltage: 4382, temperature: 323, technology: Li-ion, AC powered:false, USB powered:true, POGO powered:false, Wireless powered:false, icon:17303382, invalid charger:0
05-11 19:16:27.269  3257  3528 D BatteryService: online:4, current avg:160, charge type:2, power sharing:false, high voltage charger:false, capacity:280000, current_now:160
05-11 19:16:27.269  3257  3257 D BatteryService: Sending ACTION_BATTERY_CHANGED.
05-11 19:16:27.279  3672  3672 V EmergencyMode: [EmergencyStateReceiver] onReceive : android.intent.action.BATTERY_CHANGED
05-11 19:16:27.279  3672  3672 V EmergencyMode: [EmergencyStateReceiver] ACTION_BATTERY_CHANGED mBatteryLevelForLogging = 100
05-11 19:16:27.299  3421  3421 D BatteryMeterView: ACTION_BATTERY_CHANGED : level:100 status:3 health:2
05-11 19:16:27.299  3421  3421 D BatteryMeterView: ACTION_BATTERY_CHANGED : level:100 status:3 health:2
05-11 19:16:27.299  3421  3421 D BatteryMeterView: ACTION_BATTERY_CHANGED : level:100 status:3 health:2
05-11 19:16:27.809  3257  5284 D ActivityManager: retrieveServiceLocked(): component = null; callingUser = 0; userId(target) = 0
05-11 19:16:28.209  3257  4923 D SSRM:n  : SIOP:: AP = 380, PST = 377 (W:26), CUR = 160, LCD = 29
05-11 19:16:29.654  3257  6984 D ActivityManager: retrieveServiceLocked(): component = null; callingUser = 0; userId(target) = 0
05-11 19:16:29.659  3257  3518 D ActivityManager: retrieveServiceLocked(): component = null; callingUser = 0; userId(target) = 0
05-11 19:16:29.959  3257  3518 D ActivityManager: retrieveServiceLocked(): component = null; callingUser = 0; userId(target) = 0
05-11 19:16:31.504  3257  3270 D ActivityManager: retrieveServiceLocked(): component = null; callingUser = 0; userId(target) = 0
05-11 19:16:31.804  3257  3525 D ActivityManager: retrieveServiceLocked(): component = null; callingUser = 0; userId(target) = 0
05-11 19:16:32.109  3257  3329 D PowerManagerService: [api] userActivityFromNative : 2350 (event: 2 flags: 0) eventTime = 80415897
05-11 19:16:32.109  3257  5284 D ActivityManager: retrieveServiceLocked(): component = null; callingUser = 0; userId(target) = 0
05-11 19:16:32.214  4025  4025 W ContextImpl: Calling a method in the system process without a qualified user: android.app.ContextImpl.sendBroadcast:1698 android.content.ContextWrapper.sendBroadcast:391 com.ime.framework.common.InputManagerImpl.sendBroadcaseSIPShown:9947 com.ime.framework.common.InputManagerImpl.startInputView:3692 com.sec.android.inputmethod.SamsungKeypad.onStartInputView:445 
05-11 19:16:32.219  4025  4025 W ContextImpl: Calling a method in the system process without a qualified user: android.app.ContextImpl.sendBroadcast:1698 android.content.ContextWrapper.sendBroadcast:391 android.inputmethodservice.InputMethodService.sendInputViewShownState:424 android.inputmethodservice.InputMethodService.showWindow:2021 android.inputmethodservice.InputMethodService$InputMethodImpl.showSoftInput:648 
05-11 19:16:32.224  4025  4693 W ContextImpl: Calling a method in the system process without a qualified user: android.app.ContextImpl.sendBroadcast:1698 android.content.ContextWrapper.sendBroadcast:391 android.inputmethodservice.InputMethodService$4.run:3277 java.lang.Thread.run:818 <bottom of call stack> 
05-11 19:16:32.224  3257  4923 D SSRM:a  : DeviceInfo:: 000000000000
05-11 19:16:32.224  3257  4923 D SSRM:a  : SettingsAirViewInfo:: 000000000
05-11 19:16:32.229  3257  3257 I ValidateNoPeople: skipping global notification
05-11 19:16:32.229  4025  4025 W ContextImpl: Calling a method in the system process without a qualified user: android.app.ContextImpl.sendBroadcast:1698 android.content.ContextWrapper.sendBroadcast:391 android.inputmethodservice.InputMethodService.sendInputViewShownState:424 android.inputmethodservice.InputMethodService.showWindow:2021 android.inputmethodservice.InputMethodService$InputMethodImpl.showSoftInput:648 
05-11 19:16:32.229  3257  3257 W NotificationService: Pray mode not found android.content.pm.PackageManager$NameNotFoundException: Application package com.sec.android.settings.praymodewidget not found
05-11 19:16:32.234  4025  4696 W ContextImpl: Calling a method in the system process without a qualified user: android.app.ContextImpl.sendBroadcast:1698 android.content.ContextWrapper.sendBroadcast:391 android.inputmethodservice.InputMethodService$4.run:3277 java.lang.Thread.run:818 <bottom of call stack> 
05-11 19:16:32.239  3257  3257 I ValidateNoPeople: skipping global notification
05-11 19:16:32.244  3257  3257 W NotificationService: Pray mode not found android.content.pm.PackageManager$NameNotFoundException: Application package com.sec.android.settings.praymodewidget not found
05-11 19:16:32.244  3257  4923 D SSRM:a  : DeviceInfo:: 000000000000
05-11 19:16:32.244  3257  4923 D SSRM:a  : SettingsAirViewInfo:: 000000000
05-11 19:16:32.419  3257  3269 D ActivityManager: retrieveServiceLocked(): component = null; callingUser = 0; userId(target) = 0
05-11 19:16:32.729  3257  3528 D ActivityManager: retrieveServiceLocked(): component = null; callingUser = 0; userId(target) = 0
05-11 19:16:33.034  3257  3599 D ActivityManager: retrieveServiceLocked(): component = null; callingUser = 0; userId(target) = 0
05-11 19:16:33.434  3257  3317 D TimaService: TIMA: TimaService scheduler is intialized. 
05-11 19:16:33.434  3257  3316 D TimaService: TimaServiceHandler.handleMessage what =1
05-11 19:16:33.434  3257  3317 D TimaService: TIMA: checkEvent, operation: 50000 subject: 10000
05-11 19:16:33.519  3257  3568 E Watchdog: !@Sync 2680 [05-11 19:16:33.525]
05-11 19:16:33.954  3257  3270 D ActivityManager: retrieveServiceLocked(): component = null; callingUser = 0; userId(target) = 0
05-11 19:16:34.144  4025  4025 W ContextImpl: Calling a method in the system process without a qualified user: android.app.ContextImpl.sendBroadcast:1698 android.content.ContextWrapper.sendBroadcast:391 android.inputmethodservice.InputMethodService.sendInputViewShownState:424 android.inputmethodservice.InputMethodService.showWindow:2021 android.inputmethodservice.InputMethodService$InputMethodImpl.showSoftInput:648 
05-11 19:16:34.149  3257  4923 D SSRM:a  : DeviceInfo:: 000000000000
05-11 19:16:34.149  3257  4923 D SSRM:a  : SettingsAirViewInfo:: 000000000
05-11 19:16:34.149  4025  4699 W ContextImpl: Calling a method in the system process without a qualified user: android.app.ContextImpl.sendBroadcast:1698 android.content.ContextWrapper.sendBroadcast:391 android.inputmethodservice.InputMethodService$4.run:3277 java.lang.Thread.run:818 <bottom of call stack> 
05-11 19:16:34.159  3257  3257 I ValidateNoPeople: skipping global notification
05-11 19:16:34.164  3257  3257 W NotificationService: Pray mode not found android.content.pm.PackageManager$NameNotFoundException: Application package com.sec.android.settings.praymodewidget not found
05-11 19:16:34.874  3257  3270 D ActivityManager: retrieveServiceLocked(): component = null; callingUser = 0; userId(target) = 0
05-11 19:16:35.184  3257  3525 D ActivityManager: retrieveServiceLocked(): component = null; callingUser = 0; userId(target) = 0
05-11 19:16:35.279  3257  3317 D TimaService: TIMA MEASUREMENT Result: TIMA_STATUS=0;MSG=Kernel Verification Success;
05-11 19:16:35.279  3257  3317 D TimaService: TIMA MEASUREMENT success status: TIMA_STATUS=0;MSG=Kernel Verification Success;
05-11 19:16:36.414  3257  6985 D ActivityManager: retrieveServiceLocked(): component = null; callingUser = 0; userId(target) = 0
05-11 19:16:37.279  3257  5284 D BatteryService: !@BatteryListener : batteryPropertiesChanged!
05-11 19:16:37.279  3257  5284 D BatteryService: level:100, scale:100, status:3, health:2, present:true, voltage: 4375, temperature: 322, technology: Li-ion, AC powered:false, USB powered:true, POGO powered:false, Wireless powered:false, icon:17303382, invalid charger:0
05-11 19:16:37.279  3257  5284 D BatteryService: online:4, current avg:132, charge type:2, power sharing:false, high voltage charger:false, capacity:280000, current_now:132
05-11 19:16:37.279  3257  3257 D BatteryService: Sending ACTION_BATTERY_CHANGED.
05-11 19:16:37.289  3672  3672 V EmergencyMode: [EmergencyStateReceiver] onReceive : android.intent.action.BATTERY_CHANGED
05-11 19:16:37.289  3672  3672 V EmergencyMode: [EmergencyStateReceiver] ACTION_BATTERY_CHANGED mBatteryLevelForLogging = 100
05-11 19:16:37.309  3421  3421 D BatteryMeterView: ACTION_BATTERY_CHANGED : level:100 status:3 health:2
05-11 19:16:37.309  3421  3421 D BatteryMeterView: ACTION_BATTERY_CHANGED : level:100 status:3 health:2
05-11 19:16:37.309  3421  3421 D BatteryMeterView: ACTION_BATTERY_CHANGED : level:100 status:3 health:2
05-11 19:16:37.404  4025  4025 W ContextImpl: Calling a method in the system process without a qualified user: android.app.ContextImpl.sendBroadcast:1698 android.content.ContextWrapper.sendBroadcast:391 com.ime.framework.common.InputManagerImpl.sendBroadcaseSIPShown:9947 com.ime.framework.common.InputManagerImpl.startInputView:3692 com.sec.android.inputmethod.SamsungKeypad.onStartInputView:445 
05-11 19:16:37.409  4025  4025 W ContextImpl: Calling a method in the system process without a qualified user: android.app.ContextImpl.sendBroadcast:1698 android.content.ContextWrapper.sendBroadcast:391 android.inputmethodservice.InputMethodService.sendInputViewShownState:424 android.inputmethodservice.InputMethodService.showWindow:2021 android.inputmethodservice.InputMethodService$InputMethodImpl.showSoftInput:648 
05-11 19:16:37.409  4025  4709 W ContextImpl: Calling a method in the system process without a qualified user: android.app.ContextImpl.sendBroadcast:1698 android.content.ContextWrapper.sendBroadcast:391 android.inputmethodservice.InputMethodService$4.run:3277 java.lang.Thread.run:818 <bottom of call stack> 
05-11 19:16:37.414  3257  4923 D SSRM:a  : DeviceInfo:: 000000000000
05-11 19:16:37.414  3257  4923 D SSRM:a  : SettingsAirViewInfo:: 000000000
05-11 19:16:37.414  3257  3257 I ValidateNoPeople: skipping global notification
05-11 19:16:37.419  4025  4025 W ContextImpl: Calling a method in the system process without a qualified user: android.app.ContextImpl.sendBroadcast:1698 android.content.ContextWrapper.sendBroadcast:391 android.inputmethodservice.InputMethodService.sendInputViewShownState:424 android.inputmethodservice.InputMethodService.showWindow:2021 android.inputmethodservice.InputMethodService$InputMethodImpl.showSoftInput:648 
05-11 19:16:37.419  4025  4711 W ContextImpl: Calling a method in the system process without a qualified user: android.app.ContextImpl.sendBroadcast:1698 android.content.ContextWrapper.sendBroadcast:391 android.inputmethodservice.InputMethodService$4.run:3277 java.lang.Thread.run:818 <bottom of call stack> 
05-11 19:16:37.419  3257  3257 W NotificationService: Pray mode not found android.content.pm.PackageManager$NameNotFoundException: Application package com.sec.android.settings.praymodewidget not found
05-11 19:16:37.419  3257  4923 D SSRM:a  : DeviceInfo:: 000000000000
05-11 19:16:37.419  3257  4923 D SSRM:a  : SettingsAirViewInfo:: 000000000
05-11 19:16:37.424  3257  3257 I ValidateNoPeople: skipping global notification
05-11 19:16:37.429  3257  3257 W NotificationService: Pray mode not found android.content.pm.PackageManager$NameNotFoundException: Application package com.sec.android.settings.praymodewidget not found
05-11 19:16:38.214  3257  4923 D SSRM:n  : SIOP:: AP = 380, PST = 375 (W:26), CUR = 132, LCD = 29
05-11 19:16:39.259  3257  5286 D ActivityManager: retrieveServiceLocked(): component = null; callingUser = 0; userId(target) = 0
05-11 19:16:39.334  3257  3329 D PowerManagerService: [api] userActivityFromNative : 2360 (event: 2 flags: 0) eventTime = 80423119
05-11 19:16:39.334  4025  4025 W ContextImpl: Calling a method in the system process without a qualified user: android.app.ContextImpl.sendBroadcast:1698 android.content.ContextWrapper.sendBroadcast:391 android.inputmethodservice.InputMethodService.sendInputViewShownState:424 android.inputmethodservice.InputMethodService.showWindow:2021 android.inputmethodservice.InputMethodService$InputMethodImpl.showSoftInput:648 
05-11 19:16:39.339  3257  4923 D SSRM:a  : DeviceInfo:: 000000000000
05-11 19:16:39.339  3257  4923 D SSRM:a  : SettingsAirViewInfo:: 000000000
05-11 19:16:39.344  4025  4713 W ContextImpl: Calling a method in the system process without a qualified user: android.app.ContextImpl.sendBroadcast:1698 android.content.ContextWrapper.sendBroadcast:391 android.inputmethodservice.InputMethodService$4.run:3277 java.lang.Thread.run:818 <bottom of call stack> 
05-11 19:16:39.349  3257  3257 I ValidateNoPeople: skipping global notification
05-11 19:16:39.349  3257  3257 W NotificationService: Pray mode not found android.content.pm.PackageManager$NameNotFoundException: Application package com.sec.android.settings.praymodewidget not found
05-11 19:16:39.794  3257  3269 D ActivityManager: retrieveServiceLocked(): component = null; callingUser = 0; userId(target) = 0
05-11 19:16:40.099  3257  3740 D ActivityManager: retrieveServiceLocked(): component = null; callingUser = 0; userId(target) = 0
05-11 19:16:40.404  3257  5286 D ActivityManager: retrieveServiceLocked(): component = null; callingUser = 0; userId(target) = 0
05-11 19:16:40.714  3257  6984 D ActivityManager: retrieveServiceLocked(): component = null; callingUser = 0; userId(target) = 0
05-11 19:16:41.024  3257  5285 D ActivityManager: retrieveServiceLocked(): component = null; callingUser = 0; userId(target) = 0
05-11 19:16:41.634  3257  3269 D ActivityManager: retrieveServiceLocked(): component = null; callingUser = 0; userId(target) = 0
05-11 19:16:41.639  3257  6985 D ActivityManager: retrieveServiceLocked(): component = null; callingUser = 0; userId(target) = 0
05-11 19:16:42.559  3257  3818 D ActivityManager: retrieveServiceLocked(): component = null; callingUser = 0; userId(target) = 0
05-11 19:16:42.569  3257  3528 D ActivityManager: retrieveServiceLocked(): component = null; callingUser = 0; userId(target) = 0
05-11 19:16:42.569  3257  3732 D ActivityManager: retrieveServiceLocked(): component = null; callingUser = 0; userId(target) = 0
05-11 19:16:42.864  3257  3518 D ActivityManager: retrieveServiceLocked(): component = null; callingUser = 0; userId(target) = 0
05-11 19:16:43.169  3257  3740 D ActivityManager: retrieveServiceLocked(): component = null; callingUser = 0; userId(target) = 0
05-11 19:16:43.474  3257  5284 D ActivityManager: retrieveServiceLocked(): component = null; callingUser = 0; userId(target) = 0
05-11 19:16:43.479  3257  3818 D ActivityManager: retrieveServiceLocked(): component = null; callingUser = 0; userId(target) = 0
05-11 19:16:43.774  3257  3270 D PowerManagerService: [api] acquire WakeLock flags=0x2000000a tag=WindowManager uid=1000 pid=3257
05-11 19:16:43.834  3257  3270 D MultiWindowConverter: dismissGuide() : Before attaching the guide view, mForceDismissGuide : false
05-11 19:16:43.834  3257  3292 D StatusBarManagerService: manageDisableList userId=0 what=0x0 pkg=WindowManager.LayoutParams
05-11 19:16:44.094  3257  3352 D ActivityManager: retrieveServiceLocked(): component = null; callingUser = 0; userId(target) = 0
05-11 19:16:44.099  3257  3518 D ActivityManager: retrieveServiceLocked(): component = null; callingUser = 0; userId(target) = 0
05-11 19:16:45.494  3257  6984 D MultiWindowConverter: dismissGuide() : Before attaching the guide view, mForceDismissGuide : false
05-11 19:16:45.494  3257  3292 D StatusBarManagerService: manageDisableList userId=0 what=0x0 pkg=WindowManager.LayoutParams
05-11 19:16:45.539  3257  3732 D MultiWindowConverter: dismissGuide() : Before attaching the guide view, mForceDismissGuide : false
05-11 19:16:45.549  3257  3732 D PowerManagerService: [api] [s] userActivity : event: 0 flags: 0 (uid: 1000 pid: 3257) eventTime = 80429336
05-11 19:16:45.549  3257  3732 D PowerManagerService: [api] release WakeLock flags=0x2000000a tag=WindowManager uid=1000 pid=3257 (0x0)
05-11 19:16:45.549  3257  3732 D PowerManagerService: [api] applyWakeLockFlagsOnReleaseLocked : userActivityNoUpdateLocked is called : SCREEN_BRIGHT_WAKE_LOCK        'WindowManager' ON_AFTER_RELEASE (uid=1000, pid=3257, ws=WorkSource{10360}) (elapsedTime=1777)
05-11 19:16:45.569  3257  6984 W InputMethodManagerService: Window already focused, ignoring focus gain of: com.android.internal.view.IInputMethodClient$Stub$Proxy@f99c291 attribute=null, token = android.os.BinderProxy@1e12333b
05-11 19:16:45.579  3257  5285 D CustomFrequencyManagerService: acquireDVFSLockLocked : type : DVFS_MIN_LIMIT  frequency : 1800000  uid : 1000  pid : 3257  pkgName : ACTIVITY_RESUME_BOOSTER@2
05-11 19:16:45.584  3257  5285 W ActivityManager: mDVFSHelper.acquire()
05-11 19:16:45.604  3257  3599 D PowerManagerService: [api] acquire WakeLock flags=0x2000000a tag=WindowManager uid=1000 pid=3257
05-11 19:16:45.609  3257  3818 D ActivityManager: bindService callerProcessName:com.icrealtime.allie, calleePkgName: com.icrealtime.allie, action: null
05-11 19:16:45.609  3257  3818 D ActivityManager: retrieveServiceLocked(): component = com.icrealtime.allie/com.icrealtime.allie.service.BackgroundService; callingUser = 0; userId(target) = 0
05-11 19:16:45.619  3257  3257 D PersonaManagerService: getPersonasForUser(): returning null!
05-11 19:16:45.629  3257  3269 D ActivityManager: retrieveServiceLocked(): component = null; callingUser = 0; userId(target) = 0
05-11 19:16:45.694  3257  3599 D MultiWindowConverter: dismissGuide() : Before attaching the guide view, mForceDismissGuide : false
05-11 19:16:45.694  3257  3292 D StatusBarManagerService: manageDisableList userId=0 what=0x0 pkg=WindowManager.LayoutParams
05-11 19:16:45.704  3257  4736 W ContextImpl: Calling a method in the system process without a qualified user: android.app.ContextImpl.sendBroadcast:1698 com.android.server.InputMethodManagerService$6.run:2786 java.lang.Thread.run:818 <bottom of call stack> <bottom of call stack> 
05-11 19:16:45.709  3257  3525 I MultiPhoneWindowManager: Changed -> mCurrentInputMethodTarget : null
05-11 19:16:45.709  3257  3257 D LightsService: [api] [SvcLED] turnOff:: id = 4 (uid: 1000 pid: 3257) 
05-11 19:16:45.709  3257  3257 D LightsService: [SvcLED] setSvcLedStateLocked:: SvcLEDState : 0x0 -> 0x0 | SvcLED(id=4) set Off
05-11 19:16:45.709  3257  3308 D LightsService: [SvcLED] Lux failed to be updated in 0ms. -> handleForcedSvcLEDTasK
05-11 19:16:45.709  3257  3308 D LightsService: [SvcLED]  setSvcLedLightLocked :: Current SvcLED(id=3) maintains its priority right
05-11 19:16:45.709  4025  4025 W ContextImpl: Calling a method in the system process without a qualified user: android.app.ContextImpl.sendBroadcast:1698 android.content.ContextWrapper.sendBroadcast:391 android.inputmethodservice.InputMethodService.sendInputViewShownState:424 android.inputmethodservice.InputMethodService.hideWindow:2193 android.inputmethodservice.InputMethodService.doHideWindow:2171 
05-11 19:16:45.714  4025  4737 W ContextImpl: Calling a method in the system process without a qualified user: android.app.ContextImpl.sendBroadcast:1698 android.content.ContextWrapper.sendBroadcast:391 android.inputmethodservice.InputMethodService$4.run:3277 java.lang.Thread.run:818 <bottom of call stack> 
05-11 19:16:45.714  3257  4923 D SSRM:a  : DeviceInfo:: 000000000000
05-11 19:16:45.714  3257  4923 D SSRM:a  : SettingsAirViewInfo:: 000000000
05-11 19:16:46.029  3257  3294 D CustomFrequencyManagerService: releaseDVFSLockLocked : Getting Lock type frm List : DVFS_MIN_LIMIT  frequency : 1800000  uid : 1000  pid : 3257  tag : ACTIVITY_RESUME_BOOSTER@2
05-11 19:16:46.029  3257  3294 W ActivityManager: mDVFSHelper.release()
05-11 19:16:46.034  3257  3289 D CustomFrequencyManagerService: acquireDVFSLockLocked : type : DVFS_MIN_LIMIT  frequency : 1800000  uid : 1000  pid : 3257  pkgName : ACTIVITY_RESUME_BOOSTER@6
05-11 19:16:46.239  3257  3740 D ActivityManager: retrieveServiceLocked(): component = null; callingUser = 0; userId(target) = 0
05-11 19:16:46.334  3257  3257 D CustomFrequencyManagerService: releaseDVFSLockLocked : Getting Lock type frm List : DVFS_MIN_LIMIT  frequency : 1800000  uid : 1000  pid : 3257  tag : ACTIVITY_RESUME_BOOSTER@6
05-11 19:16:46.569  3257  3269 E ActivityManager: failed to get LpnetManagerService instance or Pkg was null 
05-11 19:16:46.579  3257  6985 D ActivityManager: startService callerProcessName:com.google.android.gsf, calleePkgName: com.google.android.gsf
05-11 19:16:46.579  3257  6985 D ActivityManager: retrieveServiceLocked(): component = com.google.android.gsf/com.google.android.gsf.subscribedfeeds.GCMIntentService; callingUser = 0; userId(target) = 0
05-11 19:16:46.619  3257  3280 D ActivityManager: bindService callerProcessName:android, calleePkgName: com.google.android.gm, action: android.content.SyncAdapter
05-11 19:16:46.619  3257  3280 D ActivityManager: retrieveServiceLocked(): component = com.google.android.gm/com.google.android.gm.provider.MailSyncAdapterService; callingUser = 0; userId(target) = 0
05-11 19:16:46.649  3257  5286 D ActivityManager: bindService callerProcessName:android, calleePkgName: com.google.android.gms, action: android.accounts.AccountAuthenticator
05-11 19:16:46.649  3257  5286 D ActivityManager: retrieveServiceLocked(): component = com.google.android.gms/com.google.android.gms.auth.GoogleAccountAuthenticatorService; callingUser = 0; userId(target) = 0
05-11 19:16:46.659  3257  5285 D ActivityManager: bindService callerProcessName:com.google.android.gm, calleePkgName: com.google.android.gms, action: null
05-11 19:16:46.659  3257  5285 D ActivityManager: retrieveServiceLocked(): component = com.google.android.gms/com.google.android.gms.auth.GetToken; callingUser = 0; userId(target) = 0
05-11 19:16:46.679  3257  5286 D ActivityManager: retrieveServiceLocked(): component = null; callingUser = 0; userId(target) = 0
05-11 19:16:46.694  5703  4745 W ResourcesManager: Asset path '/system/framework/com.android.media.remotedisplay.jar' does not exist or contains no resources.
05-11 19:16:46.694  5703  4745 W ResourcesManager: Asset path '/system/framework/com.android.location.provider.jar' does not exist or contains no resources.
05-11 19:16:46.694  3257  3269 D ActivityManager: bindService callerProcessName:android, calleePkgName: com.google.android.gms, action: android.accounts.AccountAuthenticator
05-11 19:16:46.694  3257  3269 D ActivityManager: retrieveServiceLocked(): component = com.google.android.gms/com.google.android.gms.auth.GoogleAccountAuthenticatorService; callingUser = 0; userId(target) = 0
05-11 19:16:46.704  3257  3740 D ActivityManager: bindService callerProcessName:com.google.android.gms, calleePkgName: com.google.android.gms, action: null
05-11 19:16:46.704  3257  3740 D ActivityManager: retrieveServiceLocked(): component = com.google.android.gms/com.google.android.gms.auth.GetToken; callingUser = 0; userId(target) = 0
05-11 19:16:47.169  3257  5286 D ActivityManager: bindService callerProcessName:android, calleePkgName: com.google.android.gms, action: android.accounts.AccountAuthenticator
05-11 19:16:47.169  3257  5286 D ActivityManager: retrieveServiceLocked(): component = com.google.android.gms/com.google.android.gms.auth.GoogleAccountAuthenticatorService; callingUser = 0; userId(target) = 0
05-11 19:16:47.274  3257  3740 D ActivityManager: startService callerProcessName:com.google.android.gm, calleePkgName: com.google.android.gm
05-11 19:16:47.274  3257  3740 D ActivityManager: retrieveServiceLocked(): component = com.google.android.gm/com.android.mail.widget.BaseGmailWidgetProviderService; callingUser = 0; userId(target) = 0
05-11 19:16:47.294  3257  3740 D BatteryService: !@BatteryListener : batteryPropertiesChanged!
05-11 19:16:47.294  3257  3740 D BatteryService: level:100, scale:100, status:3, health:2, present:true, voltage: 4347, temperature: 324, technology: Li-ion, AC powered:false, USB powered:true, POGO powered:false, Wireless powered:false, icon:17303382, invalid charger:0
05-11 19:16:47.294  3257  3740 D BatteryService: online:4, current avg:-510, charge type:2, power sharing:false, high voltage charger:false, capacity:280000, current_now:-511
05-11 19:16:47.294  3257  3257 D BatteryService: Sending ACTION_BATTERY_CHANGED.
05-11 19:16:47.304  3672  3672 V EmergencyMode: [EmergencyStateReceiver] onReceive : android.intent.action.BATTERY_CHANGED
05-11 19:16:47.304  3672  3672 V EmergencyMode: [EmergencyStateReceiver] ACTION_BATTERY_CHANGED mBatteryLevelForLogging = 100
05-11 19:16:47.314  3257  3599 D ActivityManager: bindService callerProcessName:android, calleePkgName: com.google.android.gms, action: android.accounts.AccountAuthenticator
05-11 19:16:47.314  3257  3599 D ActivityManager: retrieveServiceLocked(): component = com.google.android.gms/com.google.android.gms.auth.GoogleAccountAuthenticatorService; callingUser = 0; userId(target) = 0
05-11 19:16:47.319  3421  3421 D BatteryMeterView: ACTION_BATTERY_CHANGED : level:100 status:3 health:2
05-11 19:16:47.319  3421  3421 D BatteryMeterView: ACTION_BATTERY_CHANGED : level:100 status:3 health:2
