05-11 19:16:47.319  3421  3421 D BatteryMeterView: ACTION_BATTERY_CHANGED : level:100 status:3 health:2
05-11 19:16:47.539  3257  3732 D PowerManagerService: [api] [s] userActivity : event: 0 flags: 0 (uid: 1000 pid: 3257) eventTime = 80431329
05-11 19:16:47.539  3257  3732 D PowerManagerService: [api] release WakeLock flags=0x2000000a tag=WindowManager uid=1000 pid=3257 (0x0)
05-11 19:16:47.544  3257  3732 D PowerManagerService: [api] applyWakeLockFlagsOnReleaseLocked : userActivityNoUpdateLocked is called : SCREEN_BRIGHT_WAKE_LOCK        'WindowManager' ON_AFTER_RELEASE (uid=1000, pid=3257, ws=WorkSource{10360}) (elapsedTime=1936)
05-11 19:16:47.584  3257  3774 D ActivityManager: bindService callerProcessName:android, calleePkgName: com.google.android.gms, action: android.accounts.AccountAuthenticator
05-11 19:16:47.584  3257  3774 D ActivityManager: retrieveServiceLocked(): component = com.google.android.gms/com.google.android.gms.auth.GoogleAccountAuthenticatorService; callingUser = 0; userId(target) = 0
05-11 19:16:47.734  3257  3269 D ActivityManager: retrieveServiceLocked(): component = null; callingUser = 0; userId(target) = 0
05-11 19:16:47.744  3257  3740 D ActivityManager: startService callerProcessName:com.google.android.gms, calleePkgName: com.google.android.gms
05-11 19:16:47.744  3257  3740 D ActivityManager: retrieveServiceLocked(): component = com.google.android.gms/com.google.android.gms.icing.service.IndexWorkerService; callingUser = 0; userId(target) = 0
05-11 19:16:47.769  3257  3818 D ActivityManager: retrieveServiceLocked(): component = null; callingUser = 0; userId(target) = 0
05-11 19:16:47.789  3257  5284 D ActivityManager: retrieveServiceLocked(): component = null; callingUser = 0; userId(target) = 0
05-11 19:16:47.794  3257  3732 D ActivityManager: retrieveServiceLocked(): component = null; callingUser = 0; userId(target) = 0
05-11 19:16:47.799  3257  3528 D ActivityManager: retrieveServiceLocked(): component = null; callingUser = 0; userId(target) = 0
05-11 19:16:47.814  3257  3599 D ActivityManager: retrieveServiceLocked(): component = null; callingUser = 0; userId(target) = 0
05-11 19:16:47.844  3257  3732 D ActivityManager: startService callerProcessName:com.google.android.gm, calleePkgName: com.google.android.gm
05-11 19:16:47.844  3257  3732 D ActivityManager: retrieveServiceLocked(): component = com.google.android.gm/com.google.android.gm.GmailIntentService; callingUser = 0; userId(target) = 0
05-11 19:16:47.859  3257  5286 D ActivityManager: startService callerProcessName:com.google.android.gm, calleePkgName: com.google.android.gm
05-11 19:16:47.859  3257  5286 D ActivityManager: retrieveServiceLocked(): component = com.google.android.gm/com.google.android.gm.GmailIntentService; callingUser = 0; userId(target) = 0
05-11 19:16:47.889  3257  5284 D ActivityManager: bindService callerProcessName:android, calleePkgName: com.google.android.gms, action: android.accounts.AccountAuthenticator
05-11 19:16:47.889  3257  5284 D ActivityManager: retrieveServiceLocked(): component = com.google.android.gms/com.google.android.gms.auth.GoogleAccountAuthenticatorService; callingUser = 0; userId(target) = 0
05-11 19:16:47.974  3257  3732 D ActivityManager: retrieveServiceLocked(): component = null; callingUser = 0; userId(target) = 0
05-11 19:16:47.989  3257  5285 D ActivityManager: startService callerProcessName:com.google.android.gms, calleePkgName: com.google.android.gms
05-11 19:16:47.989  3257  5285 D ActivityManager: retrieveServiceLocked(): component = com.google.android.gms/com.google.android.gms.people.service.PeopleRequestProcessor; callingUser = 0; userId(target) = 0
05-11 19:16:48.184  3257  5284 D ActivityManager: startService callerProcessName:com.google.android.gms, calleePkgName: com.google.android.gms
05-11 19:16:48.184  3257  5284 D ActivityManager: retrieveServiceLocked(): component = com.google.android.gms/com.google.android.gms.people.service.PeopleRequestProcessor; callingUser = 0; userId(target) = 0
05-11 19:16:48.224  3257  4923 D SSRM:n  : SIOP:: AP = 390, PST = 375 (W:24), CUR = -510, LCD = 29
05-11 19:16:48.379  3257  5286 D ActivityManager: startService callerProcessName:com.google.android.gms, calleePkgName: com.google.android.gms
05-11 19:16:48.379  3257  5286 D ActivityManager: retrieveServiceLocked(): component = com.google.android.gms/com.google.android.gms.people.service.PeopleRequestProcessor; callingUser = 0; userId(target) = 0
05-11 19:16:48.394  3257  5284 D ActivityManager: retrieveServiceLocked(): component = null; callingUser = 0; userId(target) = 0
05-11 19:16:48.554  3257  6984 D ActivityManager: startService callerProcessName:com.google.android.gms, calleePkgName: com.google.android.gms
05-11 19:16:48.554  3257  6984 D ActivityManager: retrieveServiceLocked(): component = com.google.android.gms/com.google.android.gms.people.service.PeopleRequestProcessor; callingUser = 0; userId(target) = 0
05-11 19:16:48.629  3257  5284 D ActivityManager: startService callerProcessName:com.google.android.gms, calleePkgName: com.google.android.gms
05-11 19:16:48.629  3257  5284 D ActivityManager: retrieveServiceLocked(): component = com.google.android.gms/com.google.android.gms.people.service.PeopleRequestProcessor; callingUser = 0; userId(target) = 0
05-11 19:16:48.699  3257  3270 D ActivityManager: retrieveServiceLocked(): component = null; callingUser = 0; userId(target) = 0
05-11 19:16:48.949  3257  3732 D ActivityManager: startService callerProcessName:com.google.android.gms, calleePkgName: com.google.android.gms
05-11 19:16:48.949  3257  3732 D ActivityManager: retrieveServiceLocked(): component = com.google.android.gms/com.google.android.gms.people.service.PeopleRequestProcessor; callingUser = 0; userId(target) = 0
05-11 19:16:48.969  3257  3774 D ActivityManager: retrieveServiceLocked(): component = com.google.android.gms/com.google.android.gms.icing.service.IndexWorkerService; callingUser = 0; userId(target) = 0
05-11 19:16:49.009  3257  6984 D ActivityManager: retrieveServiceLocked(): component = null; callingUser = 0; userId(target) = 0
05-11 19:16:49.044  3257  5284 D ActivityManager: startService callerProcessName:com.google.android.gms, calleePkgName: com.google.android.gms
05-11 19:16:49.044  3257  5284 D ActivityManager: retrieveServiceLocked(): component = com.google.android.gms/com.google.android.gms.people.service.PeopleRequestProcessor; callingUser = 0; userId(target) = 0
05-11 19:16:49.314  3257  3818 D ActivityManager: retrieveServiceLocked(): component = null; callingUser = 0; userId(target) = 0
05-11 19:16:49.344  3257  3599 D ActivityManager: startService callerProcessName:com.google.android.gms, calleePkgName: com.google.android.gms
05-11 19:16:49.344  3257  3599 D ActivityManager: retrieveServiceLocked(): component = com.google.android.gms/com.google.android.gms.people.service.PeopleRequestProcessor; callingUser = 0; userId(target) = 0
05-11 19:16:49.484  3257  5286 D ActivityManager: startService callerProcessName:com.google.android.gms, calleePkgName: com.google.android.gms
05-11 19:16:49.484  3257  5286 D ActivityManager: retrieveServiceLocked(): component = com.google.android.gms/com.google.android.gms.people.service.PeopleRequestProcessor; callingUser = 0; userId(target) = 0
05-11 19:16:49.619  3257  5285 D ActivityManager: retrieveServiceLocked(): component = null; callingUser = 0; userId(target) = 0
05-11 19:16:49.624  3257  3774 D ActivityManager: retrieveServiceLocked(): component = null; callingUser = 0; userId(target) = 0
05-11 19:16:49.629  3257  3270 D ActivityManager: retrieveServiceLocked(): component = null; callingUser = 0; userId(target) = 0
05-11 19:16:49.659  3257  3528 D ActivityManager: startService callerProcessName:com.google.android.gms, calleePkgName: com.google.android.gms
05-11 19:16:49.659  3257  3528 D ActivityManager: retrieveServiceLocked(): component = com.google.android.gms/com.google.android.gms.people.service.PeopleRequestProcessor; callingUser = 0; userId(target) = 0
05-11 19:16:49.754  3257  3352 D ActivityManager: startService callerProcessName:com.google.android.gms, calleePkgName: com.google.android.gms
05-11 19:16:49.754  3257  3352 D ActivityManager: retrieveServiceLocked(): component = com.google.android.gms/com.google.android.gms.people.service.PeopleRequestProcessor; callingUser = 0; userId(target) = 0
05-11 19:16:49.809  3257  3257 I ValidateNoPeople: Validating: 0|com.google.android.gm|2146459274|null|10087
05-11 19:16:49.809  3257  3257 I ValidateNoPeople: final affinity: 0.0
05-11 19:16:49.814  3257  3257 D LightsService: [api] [SvcLED] turnOff:: id = 4 (uid: 1000 pid: 3257) 
05-11 19:16:49.814  3257  3257 D LightsService: [SvcLED] setSvcLedStateLocked:: SvcLEDState : 0x0 -> 0x0 | SvcLED(id=4) set Off
05-11 19:16:49.814  3257  3308 D LightsService: [SvcLED] Lux failed to be updated in 0ms. -> handleForcedSvcLEDTasK
05-11 19:16:49.814  3257  3308 D LightsService: [SvcLED]  setSvcLedLightLocked :: Current SvcLED(id=3) maintains its priority right
05-11 19:16:49.814  3257  3257 W NotificationService: Pray mode not found android.content.pm.PackageManager$NameNotFoundException: Application package com.sec.android.settings.praymodewidget not found
05-11 19:16:49.814  3257  3257 D LightsService: [api] [SvcLED] turnOff:: id = 4 (uid: 1000 pid: 3257) 
05-11 19:16:49.814  3257  3257 D LightsService: [SvcLED] setSvcLedStateLocked:: SvcLEDState : 0x0 -> 0x0 | SvcLED(id=4) set Off
05-11 19:16:49.814  3257  3308 D LightsService: [SvcLED] Lux failed to be updated in 0ms. -> handleForcedSvcLEDTasK
05-11 19:16:49.814  3257  3308 D LightsService: [SvcLED]  setSvcLedLightLocked :: Current SvcLED(id=3) maintains its priority right
05-11 19:16:49.829  3257  3257 I ValidateNoPeople: Validating: 0|com.google.android.gm|2101699760|null|10087
05-11 19:16:49.829  3257  3257 I ValidateNoPeople: final affinity: 0.0
05-11 19:16:49.829  3257  3257 D WindowManager: showStatusBarByNotification() mOpenByNotification=false
05-11 19:16:49.834  3257  3257 W NotificationService: Pray mode not found android.content.pm.PackageManager$NameNotFoundException: Application package com.sec.android.settings.praymodewidget not found
05-11 19:16:49.929  3257  3818 D ActivityManager: retrieveServiceLocked(): component = null; callingUser = 0; userId(target) = 0
05-11 19:16:51.164  3257  3599 D ActivityManager: retrieveServiceLocked(): component = null; callingUser = 0; userId(target) = 0
05-11 19:16:51.899  3257  5284 D ActivityManager: startService callerProcessName:com.google.android.gm, calleePkgName: com.google.android.gm
05-11 19:16:51.899  3257  5284 D ActivityManager: retrieveServiceLocked(): component = com.google.android.gm/com.android.mail.widget.BaseGmailWidgetProviderService; callingUser = 0; userId(target) = 0
05-11 19:16:55.769  3257  3528 D ActivityManager: retrieveServiceLocked(): component = null; callingUser = 0; userId(target) = 0
05-11 19:16:56.074  3257  3528 D ActivityManager: retrieveServiceLocked(): component = null; callingUser = 0; userId(target) = 0
05-11 19:16:56.379  3257  5284 D ActivityManager: retrieveServiceLocked(): component = null; callingUser = 0; userId(target) = 0
05-11 19:16:56.689  3257  3528 D ActivityManager: retrieveServiceLocked(): component = null; callingUser = 0; userId(target) = 0
05-11 19:16:56.694  3257  3270 D ActivityManager: retrieveServiceLocked(): component = null; callingUser = 0; userId(target) = 0
05-11 19:16:56.994  3257  3528 D ActivityManager: retrieveServiceLocked(): component = null; callingUser = 0; userId(target) = 0
05-11 19:16:57.304  3257  6985 D BatteryService: !@BatteryListener : batteryPropertiesChanged!
05-11 19:16:57.304  3257  6985 D BatteryService: level:100, scale:100, status:3, health:2, present:true, voltage: 4351, temperature: 326, technology: Li-ion, AC powered:false, USB powered:true, POGO powered:false, Wireless powered:false, icon:17303382, invalid charger:0
05-11 19:16:57.304  3257  6985 D BatteryService: online:4, current avg:-144, charge type:2, power sharing:false, high voltage charger:false, capacity:280000, current_now:-144
05-11 19:16:57.304  3257  3257 D BatteryService: Sending ACTION_BATTERY_CHANGED.
05-11 19:16:57.309  3672  3672 V EmergencyMode: [EmergencyStateReceiver] onReceive : android.intent.action.BATTERY_CHANGED
05-11 19:16:57.309  3672  3672 V EmergencyMode: [EmergencyStateReceiver] ACTION_BATTERY_CHANGED mBatteryLevelForLogging = 100
05-11 19:16:57.334  3421  3421 D BatteryMeterView: ACTION_BATTERY_CHANGED : level:100 status:3 health:2
05-11 19:16:57.334  3421  3421 D BatteryMeterView: ACTION_BATTERY_CHANGED : level:100 status:3 health:2
05-11 19:16:57.334  3421  3421 D BatteryMeterView: ACTION_BATTERY_CHANGED : level:100 status:3 health:2
05-11 19:16:57.914  3257  3525 D ActivityManager: retrieveServiceLocked(): component = null; callingUser = 0; userId(target) = 0
05-11 19:16:58.234  3257  4923 D SSRM:n  : SIOP:: AP = 420, PST = 376 (W:18), CUR = -144, LCD = 29
05-11 19:16:59.149  3257  5284 D ActivityManager: retrieveServiceLocked(): component = null; callingUser = 0; userId(target) = 0
05-11 19:16:59.994  3257  3328 V AlarmManager: waitForAlarm result :8
05-11 19:17:03.449  3257  5284 D ActivityManager: retrieveServiceLocked(): component = null; callingUser = 0; userId(target) = 0
05-11 19:17:03.519  3257  3568 E Watchdog: !@Sync 2681 [05-11 19:17:03.526]
05-11 19:17:03.754  3257  6984 D ActivityManager: retrieveServiceLocked(): component = null; callingUser = 0; userId(target) = 0
05-11 19:17:04.059  3257  5284 D ActivityManager: retrieveServiceLocked(): component = null; callingUser = 0; userId(target) = 0
05-11 19:17:04.679  3257  5285 D ActivityManager: retrieveServiceLocked(): component = null; callingUser = 0; userId(target) = 0
05-11 19:17:04.979  3257  3352 D ActivityManager: retrieveServiceLocked(): component = null; callingUser = 0; userId(target) = 0
05-11 19:17:05.289  3257  3599 D ActivityManager: retrieveServiceLocked(): component = null; callingUser = 0; userId(target) = 0
05-11 19:17:05.299  3257  3525 D ActivityManager: retrieveServiceLocked(): component = null; callingUser = 0; userId(target) = 0
05-11 19:17:07.314  3257  3525 D BatteryService: !@BatteryListener : batteryPropertiesChanged!
05-11 19:17:07.314  3257  3525 D BatteryService: level:100, scale:100, status:3, health:2, present:true, voltage: 4347, temperature: 327, technology: Li-ion, AC powered:false, USB powered:true, POGO powered:false, Wireless powered:false, icon:17303382, invalid charger:0
05-11 19:17:07.314  3257  3525 D BatteryService: online:4, current avg:-350, charge type:2, power sharing:false, high voltage charger:false, capacity:280000, current_now:-351
05-11 19:17:07.314  3257  3257 D BatteryService: Sending ACTION_BATTERY_CHANGED.
05-11 19:17:07.324  3672  3672 V EmergencyMode: [EmergencyStateReceiver] onReceive : android.intent.action.BATTERY_CHANGED
05-11 19:17:07.324  3672  3672 V EmergencyMode: [EmergencyStateReceiver] ACTION_BATTERY_CHANGED mBatteryLevelForLogging = 100
05-11 19:17:07.334  3421  3421 D BatteryMeterView: ACTION_BATTERY_CHANGED : level:100 status:3 health:2
05-11 19:17:07.334  3421  3421 D BatteryMeterView: ACTION_BATTERY_CHANGED : level:100 status:3 health:2
05-11 19:17:07.334  3421  3421 D BatteryMeterView: ACTION_BATTERY_CHANGED : level:100 status:3 health:2
05-11 19:17:08.244  3257  4923 D SSRM:n  : SIOP:: AP = 420, PST = 377 (W:18), CUR = -350, LCD = 29
05-11 19:17:08.364  3257  3270 D ActivityManager: retrieveServiceLocked(): component = null; callingUser = 0; userId(target) = 0
05-11 19:17:09.589  3257  3518 D ActivityManager: retrieveServiceLocked(): component = null; callingUser = 0; userId(target) = 0
05-11 19:17:11.744  3257  5284 D ActivityManager: retrieveServiceLocked(): component = null; callingUser = 0; userId(target) = 0
05-11 19:17:12.049  3257  3732 D ActivityManager: retrieveServiceLocked(): component = null; callingUser = 0; userId(target) = 0
05-11 19:17:12.354  3257  3599 D ActivityManager: retrieveServiceLocked(): component = null; callingUser = 0; userId(target) = 0
05-11 19:17:12.664  3257  3269 D ActivityManager: retrieveServiceLocked(): component = null; callingUser = 0; userId(target) = 0
05-11 19:17:12.969  3257  5285 D ActivityManager: retrieveServiceLocked(): component = null; callingUser = 0; userId(target) = 0
05-11 19:17:12.974  3257  3732 D ActivityManager: retrieveServiceLocked(): component = null; callingUser = 0; userId(target) = 0
05-11 19:17:13.584  3257  3269 D ActivityManager: retrieveServiceLocked(): component = null; callingUser = 0; userId(target) = 0
05-11 19:17:13.889  3257  3599 D ActivityManager: retrieveServiceLocked(): component = null; callingUser = 0; userId(target) = 0
05-11 19:17:15.124  3257  5284 D ActivityManager: retrieveServiceLocked(): component = null; callingUser = 0; userId(target) = 0
05-11 19:17:15.134  3257  3270 D ActivityManager: retrieveServiceLocked(): component = null; callingUser = 0; userId(target) = 0
05-11 19:17:16.624  3257  3328 V AlarmManager: waitForAlarm result :4
05-11 19:17:17.324  3257  6985 D BatteryService: !@BatteryListener : batteryPropertiesChanged!
05-11 19:17:17.324  3257  6985 D BatteryService: level:100, scale:100, status:3, health:2, present:true, voltage: 4355, temperature: 327, technology: Li-ion, AC powered:false, USB powered:true, POGO powered:false, Wireless powered:false, icon:17303382, invalid charger:0
05-11 19:17:17.324  3257  6985 D BatteryService: online:4, current avg:-214, charge type:2, power sharing:false, high voltage charger:false, capacity:280000, current_now:-214
05-11 19:17:17.324  3257  3257 D BatteryService: Sending ACTION_BATTERY_CHANGED.
05-11 19:17:17.329  3672  3672 V EmergencyMode: [EmergencyStateReceiver] onReceive : android.intent.action.BATTERY_CHANGED
05-11 19:17:17.329  3672  3672 V EmergencyMode: [EmergencyStateReceiver] ACTION_BATTERY_CHANGED mBatteryLevelForLogging = 100
05-11 19:17:17.344  3421  3421 D BatteryMeterView: ACTION_BATTERY_CHANGED : level:100 status:3 health:2
05-11 19:17:17.359  3421  3421 D BatteryMeterView: ACTION_BATTERY_CHANGED : level:100 status:3 health:2
05-11 19:17:17.359  3421  3421 D BatteryMeterView: ACTION_BATTERY_CHANGED : level:100 status:3 health:2
05-11 19:17:18.249  3257  4923 D SSRM:n  : SIOP:: AP = 430, PST = 380 (W:16), CUR = -214, LCD = 29
05-11 19:17:19.734  3257  3528 D ActivityManager: retrieveServiceLocked(): component = null; callingUser = 0; userId(target) = 0
05-11 19:17:20.039  3257  3740 D ActivityManager: retrieveServiceLocked(): component = null; callingUser = 0; userId(target) = 0
05-11 19:17:20.344  3257  3269 D ActivityManager: retrieveServiceLocked(): component = null; callingUser = 0; userId(target) = 0
05-11 19:17:20.649  3257  3774 D ActivityManager: retrieveServiceLocked(): component = null; callingUser = 0; userId(target) = 0
05-11 19:17:20.659  3257  3740 D ActivityManager: retrieveServiceLocked(): component = null; callingUser = 0; userId(target) = 0
05-11 19:17:20.959  3257  3774 D ActivityManager: retrieveServiceLocked(): component = null; callingUser = 0; userId(target) = 0
05-11 19:17:21.264  3257  3352 D ActivityManager: retrieveServiceLocked(): component = null; callingUser = 0; userId(target) = 0
05-11 19:17:21.879  3257  6984 D ActivityManager: retrieveServiceLocked(): component = null; callingUser = 0; userId(target) = 0
05-11 19:17:22.184  3257  6985 D ActivityManager: retrieveServiceLocked(): component = null; callingUser = 0; userId(target) = 0
05-11 19:17:22.299  3257  3818 E ActivityManager: failed to get LpnetManagerService instance or Pkg was null 
05-11 19:17:22.309  3257  6984 D ActivityManager: startService callerProcessName:com.google.android.gsf, calleePkgName: com.google.android.gsf
05-11 19:17:22.309  3257  6984 D ActivityManager: retrieveServiceLocked(): component = com.google.android.gsf/com.google.android.gsf.subscribedfeeds.GCMIntentService; callingUser = 0; userId(target) = 0
05-11 19:17:22.364  3257  3280 D ActivityManager: bindService callerProcessName:android, calleePkgName: com.google.android.gm, action: android.content.SyncAdapter
05-11 19:17:22.364  3257  3280 D ActivityManager: retrieveServiceLocked(): component = com.google.android.gm/com.google.android.gm.provider.MailSyncAdapterService; callingUser = 0; userId(target) = 0
05-11 19:17:22.384  3257  5285 D ActivityManager: bindService callerProcessName:android, calleePkgName: com.google.android.gms, action: android.accounts.AccountAuthenticator
05-11 19:17:22.384  3257  5285 D ActivityManager: retrieveServiceLocked(): component = com.google.android.gms/com.google.android.gms.auth.GoogleAccountAuthenticatorService; callingUser = 0; userId(target) = 0
05-11 19:17:22.394  3257  6985 D ActivityManager: bindService callerProcessName:com.google.android.gm, calleePkgName: com.google.android.gms, action: null
05-11 19:17:22.394  3257  6985 D ActivityManager: retrieveServiceLocked(): component = com.google.android.gms/com.google.android.gms.auth.GetToken; callingUser = 0; userId(target) = 0
05-11 19:17:22.409  3257  3352 D ActivityManager: retrieveServiceLocked(): component = null; callingUser = 0; userId(target) = 0
05-11 19:17:22.424  5703  4799 W ResourcesManager: Asset path '/system/framework/com.android.media.remotedisplay.jar' does not exist or contains no resources.
05-11 19:17:22.424  5703  4799 W ResourcesManager: Asset path '/system/framework/com.android.location.provider.jar' does not exist or contains no resources.
05-11 19:17:22.429  3257  5286 D ActivityManager: bindService callerProcessName:android, calleePkgName: com.google.android.gms, action: android.accounts.AccountAuthenticator
05-11 19:17:22.429  3257  5286 D ActivityManager: retrieveServiceLocked(): component = com.google.android.gms/com.google.android.gms.auth.GoogleAccountAuthenticatorService; callingUser = 0; userId(target) = 0
05-11 19:17:22.434  3257  3599 D ActivityManager: bindService callerProcessName:com.google.android.gms, calleePkgName: com.google.android.gms, action: null
05-11 19:17:22.434  3257  3599 D ActivityManager: retrieveServiceLocked(): component = com.google.android.gms/com.google.android.gms.auth.GetToken; callingUser = 0; userId(target) = 0
05-11 19:17:22.689  3257  3599 D ActivityManager: bindService callerProcessName:android, calleePkgName: com.google.android.gms, action: android.accounts.AccountAuthenticator
05-11 19:17:22.689  3257  3599 D ActivityManager: retrieveServiceLocked(): component = com.google.android.gms/com.google.android.gms.auth.GoogleAccountAuthenticatorService; callingUser = 0; userId(target) = 0
05-11 19:17:22.794  3257  3528 D ActivityManager: startService callerProcessName:com.google.android.gm, calleePkgName: com.google.android.gm
05-11 19:17:22.794  3257  3528 D ActivityManager: retrieveServiceLocked(): component = com.google.android.gm/com.android.mail.widget.BaseGmailWidgetProviderService; callingUser = 0; userId(target) = 0
05-11 19:17:22.839  3257  3352 D ActivityManager: retrieveServiceLocked(): component = null; callingUser = 0; userId(target) = 0
05-11 19:17:22.849  3257  3818 D ActivityManager: startService callerProcessName:com.google.android.gms, calleePkgName: com.google.android.gms
05-11 19:17:22.849  3257  3818 D ActivityManager: retrieveServiceLocked(): component = com.google.android.gms/com.google.android.gms.icing.service.IndexWorkerService; callingUser = 0; userId(target) = 0
05-11 19:17:22.889  3257  3774 D ActivityManager: retrieveServiceLocked(): component = null; callingUser = 0; userId(target) = 0
05-11 19:17:22.904  3257  3528 D ActivityManager: retrieveServiceLocked(): component = null; callingUser = 0; userId(target) = 0
05-11 19:17:22.919  3257  3732 D ActivityManager: retrieveServiceLocked(): component = null; callingUser = 0; userId(target) = 0
05-11 19:17:22.929  3257  3518 D ActivityManager: bindService callerProcessName:android, calleePkgName: com.google.android.gms, action: android.accounts.AccountAuthenticator
05-11 19:17:22.929  3257  3518 D ActivityManager: retrieveServiceLocked(): component = com.google.android.gms/com.google.android.gms.auth.GoogleAccountAuthenticatorService; callingUser = 0; userId(target) = 0
05-11 19:17:23.109  3257  6985 D ActivityManager: retrieveServiceLocked(): component = null; callingUser = 0; userId(target) = 0
05-11 19:17:24.004  3257  6984 D ActivityManager: retrieveServiceLocked(): component = com.google.android.gms/com.google.android.gms.icing.service.IndexWorkerService; callingUser = 0; userId(target) = 0
05-11 19:17:26.954  3257  3525 D ActivityManager: startService callerProcessName:com.google.android.gm, calleePkgName: com.google.android.gm
05-11 19:17:26.954  3257  3525 D ActivityManager: retrieveServiceLocked(): component = com.google.android.gm/com.android.mail.widget.BaseGmailWidgetProviderService; callingUser = 0; userId(target) = 0
05-11 19:17:27.104  3257  5286 D ActivityManager: retrieveServiceLocked(): component = null; callingUser = 0; userId(target) = 0
05-11 19:17:27.334  3257  5286 D BatteryService: !@BatteryListener : batteryPropertiesChanged!
05-11 19:17:27.334  3257  5286 D BatteryService: level:100, scale:100, status:3, health:2, present:true, voltage: 4347, temperature: 327, technology: Li-ion, AC powered:false, USB powered:true, POGO powered:false, Wireless powered:false, icon:17303382, invalid charger:0
05-11 19:17:27.334  3257  5286 D BatteryService: online:4, current avg:-234, charge type:2, power sharing:false, high voltage charger:false, capacity:280000, current_now:-234
05-11 19:17:27.334  3257  3257 D BatteryService: Sending ACTION_BATTERY_CHANGED.
05-11 19:17:27.339  3672  3672 V EmergencyMode: [EmergencyStateReceiver] onReceive : android.intent.action.BATTERY_CHANGED
05-11 19:17:27.339  3672  3672 V EmergencyMode: [EmergencyStateReceiver] ACTION_BATTERY_CHANGED mBatteryLevelForLogging = 100
05-11 19:17:27.359  3421  3421 D BatteryMeterView: ACTION_BATTERY_CHANGED : level:100 status:3 health:2
05-11 19:17:27.359  3421  3421 D BatteryMeterView: ACTION_BATTERY_CHANGED : level:100 status:3 health:2
05-11 19:17:27.359  3421  3421 D BatteryMeterView: ACTION_BATTERY_CHANGED : level:100 status:3 health:2
05-11 19:17:27.409  3257  5285 D ActivityManager: retrieveServiceLocked(): component = null; callingUser = 0; userId(target) = 0
05-11 19:17:27.719  3257  6985 D ActivityManager: retrieveServiceLocked(): component = null; callingUser = 0; userId(target) = 0
05-11 19:17:27.934  3257  6985 E ActivityManager: failed to get LpnetManagerService instance or Pkg was null 
05-11 19:17:27.944  3257  3270 D ActivityManager: startService callerProcessName:com.google.android.gsf, calleePkgName: com.google.android.gsf
05-11 19:17:27.944  3257  3270 D ActivityManager: retrieveServiceLocked(): component = com.google.android.gsf/com.google.android.gsf.subscribedfeeds.GCMIntentService; callingUser = 0; userId(target) = 0
05-11 19:17:27.984  3257  3280 D ActivityManager: bindService callerProcessName:android, calleePkgName: com.google.android.gm, action: android.content.SyncAdapter
05-11 19:17:27.984  3257  3280 D ActivityManager: retrieveServiceLocked(): component = com.google.android.gm/com.google.android.gm.provider.MailSyncAdapterService; callingUser = 0; userId(target) = 0
05-11 19:17:28.009  3257  5285 D ActivityManager: bindService callerProcessName:android, calleePkgName: com.google.android.gms, action: android.accounts.AccountAuthenticator
05-11 19:17:28.009  3257  5285 D ActivityManager: retrieveServiceLocked(): component = com.google.android.gms/com.google.android.gms.auth.GoogleAccountAuthenticatorService; callingUser = 0; userId(target) = 0
05-11 19:17:28.019  3257  5285 D ActivityManager: bindService callerProcessName:com.google.android.gm, calleePkgName: com.google.android.gms, action: null
05-11 19:17:28.019  3257  5285 D ActivityManager: retrieveServiceLocked(): component = com.google.android.gms/com.google.android.gms.auth.GetToken; callingUser = 0; userId(target) = 0
05-11 19:17:28.029  3257  3740 D ActivityManager: retrieveServiceLocked(): component = null; callingUser = 0; userId(target) = 0
05-11 19:17:28.044  3257  3774 D ActivityManager: bindService callerProcessName:android, calleePkgName: com.google.android.gms, action: android.accounts.AccountAuthenticator
05-11 19:17:28.044  3257  3774 D ActivityManager: retrieveServiceLocked(): component = com.google.android.gms/com.google.android.gms.auth.GoogleAccountAuthenticatorService; callingUser = 0; userId(target) = 0
05-11 19:17:28.054  3257  5284 D ActivityManager: bindService callerProcessName:com.google.android.gms, calleePkgName: com.google.android.gms, action: null
05-11 19:17:28.054  3257  5284 D ActivityManager: retrieveServiceLocked(): component = com.google.android.gms/com.google.android.gms.auth.GetToken; callingUser = 0; userId(target) = 0
05-11 19:17:28.259  3257  4923 D SSRM:n  : SIOP:: AP = 430, PST = 385 (W:16), CUR = -234, LCD = 29
05-11 19:17:28.309  3257  5286 D ActivityManager: bindService callerProcessName:android, calleePkgName: com.google.android.gms, action: android.accounts.AccountAuthenticator
05-11 19:17:28.309  3257  5286 D ActivityManager: retrieveServiceLocked(): component = com.google.android.gms/com.google.android.gms.auth.GoogleAccountAuthenticatorService; callingUser = 0; userId(target) = 0
05-11 19:17:28.329  3257  3518 D ActivityManager: retrieveServiceLocked(): component = null; callingUser = 0; userId(target) = 0
05-11 19:17:28.579  3257  3732 D ActivityManager: retrieveServiceLocked(): component = null; callingUser = 0; userId(target) = 0
05-11 19:17:28.589  3257  5286 D ActivityManager: startService callerProcessName:com.google.android.gms, calleePkgName: com.google.android.gms
05-11 19:17:28.589  3257  5286 D ActivityManager: retrieveServiceLocked(): component = com.google.android.gms/com.google.android.gms.icing.service.IndexWorkerService; callingUser = 0; userId(target) = 0
05-11 19:17:28.619  3257  3270 D ActivityManager: retrieveServiceLocked(): component = null; callingUser = 0; userId(target) = 0
05-11 19:17:28.629  3257  6984 D ActivityManager: retrieveServiceLocked(): component = null; callingUser = 0; userId(target) = 0
05-11 19:17:28.644  3257  3599 D ActivityManager: retrieveServiceLocked(): component = null; callingUser = 0; userId(target) = 0
05-11 19:17:28.654  3257  3525 D ActivityManager: retrieveServiceLocked(): component = null; callingUser = 0; userId(target) = 0
05-11 19:17:28.659  3257  3528 D ActivityManager: startService callerProcessName:com.google.android.gm, calleePkgName: com.google.android.gm
05-11 19:17:28.659  3257  3528 D ActivityManager: retrieveServiceLocked(): component = com.google.android.gm/com.google.android.gm.GmailIntentService; callingUser = 0; userId(target) = 0
05-11 19:17:28.679  3257  5286 D ActivityManager: startService callerProcessName:com.google.android.gm, calleePkgName: com.google.android.gm
05-11 19:17:28.679  3257  5286 D ActivityManager: retrieveServiceLocked(): component = com.google.android.gm/com.google.android.gm.GmailIntentService; callingUser = 0; userId(target) = 0
05-11 19:17:28.679  3257  3528 D ActivityManager: bindService callerProcessName:android, calleePkgName: com.google.android.gms, action: android.accounts.AccountAuthenticator
05-11 19:17:28.679  3257  3528 D ActivityManager: retrieveServiceLocked(): component = com.google.android.gms/com.google.android.gms.auth.GoogleAccountAuthenticatorService; callingUser = 0; userId(target) = 0
05-11 19:17:28.904  3257  3270 D ActivityManager: retrieveServiceLocked(): component = null; callingUser = 0; userId(target) = 0
05-11 19:17:28.914  3257  6984 D ActivityManager: startService callerProcessName:com.google.android.gms, calleePkgName: com.google.android.gms
05-11 19:17:28.914  3257  6984 D ActivityManager: retrieveServiceLocked(): component = com.google.android.gms/com.google.android.gms.people.service.PeopleRequestProcessor; callingUser = 0; userId(target) = 0
05-11 19:17:28.949  3257  3518 D ActivityManager: retrieveServiceLocked(): component = null; callingUser = 0; userId(target) = 0
05-11 19:17:29.059  3257  3270 D ActivityManager: startService callerProcessName:com.google.android.gms, calleePkgName: com.google.android.gms
05-11 19:17:29.059  3257  3270 D ActivityManager: retrieveServiceLocked(): component = com.google.android.gms/com.google.android.gms.people.service.PeopleRequestProcessor; callingUser = 0; userId(target) = 0
05-11 19:17:29.194  3257  3774 D ActivityManager: startService callerProcessName:com.google.android.gms, calleePkgName: com.google.android.gms
05-11 19:17:29.194  3257  3774 D ActivityManager: retrieveServiceLocked(): component = com.google.android.gms/com.google.android.gms.people.service.PeopleRequestProcessor; callingUser = 0; userId(target) = 0
05-11 19:17:29.249  3257  3525 D ActivityManager: retrieveServiceLocked(): component = null; callingUser = 0; userId(target) = 0
05-11 19:17:29.254  3257  3732 D ActivityManager: retrieveServiceLocked(): component = null; callingUser = 0; userId(target) = 0
05-11 19:17:29.254  3257  3599 D ActivityManager: startService callerProcessName:com.google.android.gms, calleePkgName: com.google.android.gms
05-11 19:17:29.254  3257  3599 D ActivityManager: retrieveServiceLocked(): component = com.google.android.gms/com.google.android.gms.people.service.PeopleRequestProcessor; callingUser = 0; userId(target) = 0
05-11 19:17:29.474  3257  3732 D ActivityManager: startService callerProcessName:com.google.android.gms, calleePkgName: com.google.android.gms
05-11 19:17:29.474  3257  3732 D ActivityManager: retrieveServiceLocked(): component = com.google.android.gms/com.google.android.gms.people.service.PeopleRequestProcessor; callingUser = 0; userId(target) = 0
05-11 19:17:29.524  3257  3528 D ActivityManager: startService callerProcessName:com.google.android.gms, calleePkgName: com.google.android.gms
05-11 19:17:29.524  3257  3528 D ActivityManager: retrieveServiceLocked(): component = com.google.android.gms/com.google.android.gms.people.service.PeopleRequestProcessor; callingUser = 0; userId(target) = 0
05-11 19:17:29.559  3257  3518 D ActivityManager: retrieveServiceLocked(): component = null; callingUser = 0; userId(target) = 0
05-11 19:17:29.614  3257  3818 D ActivityManager: startService callerProcessName:com.google.android.gms, calleePkgName: com.google.android.gms
05-11 19:17:29.614  3257  3818 D ActivityManager: retrieveServiceLocked(): component = com.google.android.gms/com.google.android.gms.people.service.PeopleRequestProcessor; callingUser = 0; userId(target) = 0
05-11 19:17:29.689  3257  6984 D ActivityManager: startService callerProcessName:com.google.android.gms, calleePkgName: com.google.android.gms
05-11 19:17:29.689  3257  6984 D ActivityManager: retrieveServiceLocked(): component = com.google.android.gms/com.google.android.gms.people.service.PeopleRequestProcessor; callingUser = 0; userId(target) = 0
05-11 19:17:29.704  3257  3518 D ActivityManager: retrieveServiceLocked(): component = com.google.android.gms/com.google.android.gms.icing.service.IndexWorkerService; callingUser = 0; userId(target) = 0
05-11 19:17:29.809  3257  3732 D ActivityManager: startService callerProcessName:com.google.android.gms, calleePkgName: com.google.android.gms
05-11 19:17:29.809  3257  3732 D ActivityManager: retrieveServiceLocked(): component = com.google.android.gms/com.google.android.gms.people.service.PeopleRequestProcessor; callingUser = 0; userId(target) = 0
05-11 19:17:29.864  3257  3599 D ActivityManager: retrieveServiceLocked(): component = null; callingUser = 0; userId(target) = 0
05-11 19:17:29.864  3257  6985 D ActivityManager: retrieveServiceLocked(): component = null; callingUser = 0; userId(target) = 0
05-11 19:17:29.914  3257  3599 D ActivityManager: startService callerProcessName:com.google.android.gms, calleePkgName: com.google.android.gms
05-11 19:17:29.914  3257  3599 D ActivityManager: retrieveServiceLocked(): component = com.google.android.gms/com.google.android.gms.people.service.PeopleRequestProcessor; callingUser = 0; userId(target) = 0
05-11 19:17:29.984  3257  3525 D ActivityManager: startService callerProcessName:com.google.android.gms, calleePkgName: com.google.android.gms
05-11 19:17:29.984  3257  3525 D ActivityManager: retrieveServiceLocked(): component = com.google.android.gms/com.google.android.gms.people.service.PeopleRequestProcessor; callingUser = 0; userId(target) = 0
05-11 19:17:30.019  3257  3257 I ValidateNoPeople: Validating: 0|com.google.android.gm|2146459274|null|10087
05-11 19:17:30.019  3257  3257 I ValidateNoPeople: final affinity: 0.0
05-11 19:17:30.019  3257  3257 D LightsService: [api] [SvcLED] turnOff:: id = 4 (uid: 1000 pid: 3257) 
05-11 19:17:30.019  3257  3257 D LightsService: [SvcLED] setSvcLedStateLocked:: SvcLEDState : 0x0 -> 0x0 | SvcLED(id=4) set Off
05-11 19:17:30.019  3257  3257 W NotificationService: Pray mode not found android.content.pm.PackageManager$NameNotFoundException: Application package com.sec.android.settings.praymodewidget not found
05-11 19:17:30.019  3257  3308 D LightsService: [SvcLED] Lux failed to be updated in 0ms. -> handleForcedSvcLEDTasK
05-11 19:17:30.019  3257  3308 D LightsService: [SvcLED]  setSvcLedLightLocked :: Current SvcLED(id=3) maintains its priority right
05-11 19:17:30.019  3257  3257 D LightsService: [api] [SvcLED] turnOff:: id = 4 (uid: 1000 pid: 3257) 
05-11 19:17:30.019  3257  3257 D LightsService: [SvcLED] setSvcLedStateLocked:: SvcLEDState : 0x0 -> 0x0 | SvcLED(id=4) set Off
05-11 19:17:30.019  3257  3308 D LightsService: [SvcLED] Lux failed to be updated in 0ms. -> handleForcedSvcLEDTasK
05-11 19:17:30.019  3257  3308 D LightsService: [SvcLED]  setSvcLedLightLocked :: Current SvcLED(id=3) maintains its priority right
05-11 19:17:30.034  3257  3257 I ValidateNoPeople: Validating: 0|com.google.android.gm|158665255|null|10087
05-11 19:17:30.034  3257  3257 I ValidateNoPeople: final affinity: 0.0
05-11 19:17:30.034  3257  3257 D WindowManager: showStatusBarByNotification() mOpenByNotification=false
05-11 19:17:30.039  3257  3257 W NotificationService: Pray mode not found android.content.pm.PackageManager$NameNotFoundException: Application package com.sec.android.settings.praymodewidget not found
05-11 19:17:30.169  3257  5286 D ActivityManager: retrieveServiceLocked(): component = null; callingUser = 0; userId(target) = 0
05-11 19:17:30.479  3257  6985 D ActivityManager: retrieveServiceLocked(): component = null; callingUser = 0; userId(target) = 0
05-11 19:17:30.784  3257  5285 D ActivityManager: retrieveServiceLocked(): component = null; callingUser = 0; userId(target) = 0
05-11 19:17:30.789  3257  3269 D ActivityManager: retrieveServiceLocked(): component = null; callingUser = 0; userId(target) = 0
05-11 19:17:31.094  3257  6984 D ActivityManager: retrieveServiceLocked(): component = null; callingUser = 0; userId(target) = 0
05-11 19:17:31.099  3257  6985 D ActivityManager: retrieveServiceLocked(): component = null; callingUser = 0; userId(target) = 0
05-11 19:17:31.404  3257  3599 D ActivityManager: retrieveServiceLocked(): component = null; callingUser = 0; userId(target) = 0
05-11 19:17:31.704  3257  3525 D ActivityManager: retrieveServiceLocked(): component = null; callingUser = 0; userId(target) = 0
05-11 19:17:32.324  3257  3732 D ActivityManager: retrieveServiceLocked(): component = null; callingUser = 0; userId(target) = 0
05-11 19:17:32.694  3257  6984 D ActivityManager: startService callerProcessName:com.google.android.gm, calleePkgName: com.google.android.gm
05-11 19:17:32.694  3257  6984 D ActivityManager: retrieveServiceLocked(): component = com.google.android.gm/com.android.mail.widget.BaseGmailWidgetProviderService; callingUser = 0; userId(target) = 0
05-11 19:17:33.249  3257  3818 D ActivityManager: retrieveServiceLocked(): component = null; callingUser = 0; userId(target) = 0
05-11 19:17:33.519  3257  3568 E Watchdog: !@Sync 2682 [05-11 19:17:33.526]
05-11 19:17:34.564  3257  3269 D ActivityManager: retrieveServiceLocked(): component = null; callingUser = 0; userId(target) = 0
05-11 19:17:35.404  3257  3818 D ActivityManager: retrieveServiceLocked(): component = null; callingUser = 0; userId(target) = 0
05-11 19:17:35.704  3257  3599 D ActivityManager: retrieveServiceLocked(): component = null; callingUser = 0; userId(target) = 0
05-11 19:17:36.009  3257  3269 D ActivityManager: retrieveServiceLocked(): component = null; callingUser = 0; userId(target) = 0
05-11 19:17:36.319  3257  3774 D ActivityManager: retrieveServiceLocked(): component = null; callingUser = 0; userId(target) = 0
05-11 19:17:36.419  3257  3599 D CustomFrequencyManagerService: acquireDVFSLockLocked : type : DVFS_MIN_LIMIT  frequency : 1800000  uid : 1000  pid : 3257  pkgName : ACTIVITY_RESUME_BOOSTER@2
05-11 19:17:36.424  3257  3599 W ActivityManager: mDVFSHelper.acquire()
05-11 19:17:36.424  3257  3599 D MultiWindowConverter: dismissGuide() : Before attaching the guide view, mForceDismissGuide : false
05-11 19:17:36.469  3257  3732 W ActivityManager: Permission Denial: getCurrentUser() from pid=4527, uid=10360 requires android.permission.INTERACT_ACROSS_USERS
05-11 19:17:36.474  3257  5284 D ActivityManager: startService callerProcessName:com.icrealtime.allie, calleePkgName: com.icrealtime.allie
05-11 19:17:36.474  3257  5284 D ActivityManager: retrieveServiceLocked(): component = com.icrealtime.allie/com.icrealtime.allie.service.BackgroundService; callingUser = 0; userId(target) = 0
05-11 19:17:36.489  3257  3270 D ActivityManager: bindService callerProcessName:com.icrealtime.allie, calleePkgName: com.icrealtime.allie, action: null
05-11 19:17:36.489  3257  3270 D ActivityManager: retrieveServiceLocked(): component = com.icrealtime.allie/com.icrealtime.allie.service.BackgroundService; callingUser = 0; userId(target) = 0
05-11 19:17:36.494  3257  3257 D PersonaManagerService: getPersonasForUser(): returning null!
05-11 19:17:36.504  3257  3818 D MultiWindowConverter: dismissGuide() : Before attaching the guide view, mForceDismissGuide : false
05-11 19:17:36.504  3257  3292 D StatusBarManagerService: manageDisableList userId=0 what=0x0 pkg=WindowManager.LayoutParams
05-11 19:17:36.539  3257  4835 W ContextImpl: Calling a method in the system process without a qualified user: android.app.ContextImpl.sendBroadcast:1698 com.android.server.InputMethodManagerService$6.run:2786 java.lang.Thread.run:818 <bottom of call stack> <bottom of call stack> 
05-11 19:17:36.539  3257  3518 I MultiPhoneWindowManager: Changed -> mCurrentInputMethodTarget : Window{2b17f19d u0 com.icrealtime.allie/com.icrealtime.allie.ui.activities.AuthActivity}
05-11 19:17:36.629  3257  5286 D ActivityManager: retrieveServiceLocked(): component = null; callingUser = 0; userId(target) = 0
05-11 19:17:36.824  3257  3294 D CustomFrequencyManagerService: releaseDVFSLockLocked : Getting Lock type frm List : DVFS_MIN_LIMIT  frequency : 1800000  uid : 1000  pid : 3257  tag : ACTIVITY_RESUME_BOOSTER@2
05-11 19:17:36.824  3257  3294 W ActivityManager: mDVFSHelper.release()
05-11 19:17:36.839  3257  3289 D CustomFrequencyManagerService: acquireDVFSLockLocked : type : DVFS_MIN_LIMIT  frequency : 1800000  uid : 1000  pid : 3257  pkgName : ACTIVITY_RESUME_BOOSTER@6
05-11 19:17:36.839  4527  4527 V ActivityThread: updateVisibility : ActivityRecord{3a5602d2 token=android.os.BinderProxy@2400a552 {com.icrealtime.allie/com.icrealtime.allie.ui.activities.AfterSplashActivity}} show : false
05-11 19:17:36.934  3257  6984 D ActivityManager: retrieveServiceLocked(): component = null; callingUser = 0; userId(target) = 0
05-11 19:17:37.144  3257  3257 D CustomFrequencyManagerService: releaseDVFSLockLocked : Getting Lock type frm List : DVFS_MIN_LIMIT  frequency : 1800000  uid : 1000  pid : 3257  tag : ACTIVITY_RESUME_BOOSTER@6
05-11 19:17:37.239  3257  6984 D ActivityManager: retrieveServiceLocked(): component = null; callingUser = 0; userId(target) = 0
05-11 19:17:37.344  3257  5286 D BatteryService: !@BatteryListener : batteryPropertiesChanged!
05-11 19:17:37.349  3257  5286 D BatteryService: level:100, scale:100, status:3, health:2, present:true, voltage: 4371, temperature: 328, technology: Li-ion, AC powered:false, USB powered:true, POGO powered:false, Wireless powered:false, icon:17303382, invalid charger:0
05-11 19:17:37.349  3257  5286 D BatteryService: online:4, current avg:-132, charge type:2, power sharing:false, high voltage charger:false, capacity:280000, current_now:-132
05-11 19:17:37.349  3257  3257 D BatteryService: Sending ACTION_BATTERY_CHANGED.
05-11 19:17:37.354  3672  3672 V EmergencyMode: [EmergencyStateReceiver] onReceive : android.intent.action.BATTERY_CHANGED
05-11 19:17:37.354  3672  3672 V EmergencyMode: [EmergencyStateReceiver] ACTION_BATTERY_CHANGED mBatteryLevelForLogging = 100
05-11 19:17:37.384  3421  3421 D BatteryMeterView: ACTION_BATTERY_CHANGED : level:100 status:3 health:2
05-11 19:17:37.384  3421  3421 D BatteryMeterView: ACTION_BATTERY_CHANGED : level:100 status:3 health:2
05-11 19:17:37.384  3421  3421 D BatteryMeterView: ACTION_BATTERY_CHANGED : level:100 status:3 health:2
05-11 19:17:37.544  3257  3732 D ActivityManager: retrieveServiceLocked(): component = null; callingUser = 0; userId(target) = 0
05-11 19:17:38.159  3257  3525 D ActivityManager: retrieveServiceLocked(): component = null; callingUser = 0; userId(target) = 0
05-11 19:17:38.164  3257  3525 D ActivityManager: retrieveServiceLocked(): component = null; callingUser = 0; userId(target) = 0
05-11 19:17:38.264  3257  4923 D SSRM:n  : SIOP:: AP = 450, PST = 390 (W:12), CUR = -132, LCD = 29
05-11 19:17:38.319  3257  3599 D ActivityManager: bindService callerProcessName:android, calleePkgName: com.sec.android.inputmethod, action: android.view.InputMethod
05-11 19:17:38.319  3257  3599 D ActivityManager: retrieveServiceLocked(): component = com.sec.android.inputmethod/com.sec.android.inputmethod.SamsungKeypad; callingUser = 0; userId(target) = 0
05-11 19:17:38.324  3257  3269 D CustomFrequencyManagerService: acquireDVFSLockLocked : type : DVFS_MIN_LIMIT  frequency : 1700000  uid : 1000  pid : 3257  pkgName : com.sec.android.inputmethod@1
05-11 19:17:38.354  4025  4025 W ContextImpl: Calling a method in the system process without a qualified user: android.app.ContextImpl.sendBroadcast:1698 android.content.ContextWrapper.sendBroadcast:391 com.ime.framework.common.InputManagerImpl.sendBroadcaseSIPShown:9947 com.ime.framework.common.InputManagerImpl.startInputView:3692 com.sec.android.inputmethod.SamsungKeypad.onStartInputView:445 
05-11 19:17:38.354  4025  4025 W ContextImpl: Calling a method in the system process without a qualified user: android.app.ContextImpl.sendBroadcast:1698 android.content.ContextWrapper.sendBroadcast:391 android.inputmethodservice.InputMethodService.sendInputViewShownState:424 android.inputmethodservice.InputMethodService.showWindow:2021 android.inputmethodservice.InputMethodService$InputMethodImpl.showSoftInput:648 
05-11 19:17:38.359  3257  4923 D SSRM:a  : DeviceInfo:: 000000000000
05-11 19:17:38.359  4025  4841 W ContextImpl: Calling a method in the system process without a qualified user: android.app.ContextImpl.sendBroadcast:1698 android.content.ContextWrapper.sendBroadcast:391 android.inputmethodservice.InputMethodService$4.run:3277 java.lang.Thread.run:818 <bottom of call stack> 
05-11 19:17:38.359  3257  4923 D SSRM:a  : SettingsAirViewInfo:: 000000000
05-11 19:17:38.359  3257  3257 I ValidateNoPeople: skipping global notification
05-11 19:17:38.364  3257  3257 W NotificationService: Pray mode not found android.content.pm.PackageManager$NameNotFoundException: Application package com.sec.android.settings.praymodewidget not found
05-11 19:17:38.729  3257  3528 D CustomFrequencyManagerService: releaseDVFSLockLocked : Getting Lock type frm List : DVFS_MIN_LIMIT  frequency : 1700000  uid : 1000  pid : 3257  tag : com.sec.android.inputmethod@1
05-11 19:17:39.079  3257  3269 D ActivityManager: retrieveServiceLocked(): component = null; callingUser = 0; userId(target) = 0
05-11 19:17:40.644  3257  3328 V AlarmManager: waitForAlarm result :4
05-11 19:17:40.654  3257  3328 D ActivityManager: retrieveServiceLocked(): component = com.samsung.android.email.sync/com.samsung.android.email.sync.service.MailService; callingUser = 0; userId(target) = 0
05-11 19:17:41.619  4025  4025 W ContextImpl: Calling a method in the system process without a qualified user: android.app.ContextImpl.sendBroadcast:1698 android.content.ContextWrapper.sendBroadcast:391 android.inputmethodservice.InputMethodService.sendInputViewShownState:424 android.inputmethodservice.InputMethodService.showWindow:2021 android.inputmethodservice.InputMethodService$InputMethodImpl.showSoftInput:648 
05-11 19:17:41.624  3257  4923 D SSRM:a  : DeviceInfo:: 000000000000
05-11 19:17:41.624  3257  4923 D SSRM:a  : SettingsAirViewInfo:: 000000000
05-11 19:17:41.624  4025  4846 W ContextImpl: Calling a method in the system process without a qualified user: android.app.ContextImpl.sendBroadcast:1698 android.content.ContextWrapper.sendBroadcast:391 android.inputmethodservice.InputMethodService$4.run:3277 java.lang.Thread.run:818 <bottom of call stack> 
05-11 19:17:41.634  3257  3257 I ValidateNoPeople: skipping global notification
05-11 19:17:41.634  3257  3257 W NotificationService: Pray mode not found android.content.pm.PackageManager$NameNotFoundException: Application package com.sec.android.settings.praymodewidget not found
05-11 19:17:41.939  3257  6985 D ActivityManager: getContentProviderImpl callerProcessName:com.samsung.android.email.sync, calleePkgName: com.samsung.android.email.ui
05-11 19:17:41.939  3257  6985 E ActivityManager: checkUser: useridlist=null, currentuser=0
05-11 19:17:41.939  3257  6985 E ActivityManager: checkUser: useridlist=null, currentuser=0
05-11 19:17:41.939  3257  6985 E ActivityManager: checkUser: useridlist=null, currentuser=0
