05-11 19:19:12.614  4527  4527 D FindCamerasTask: Bluetooth device found: CC:1B:E0:60:03:6D, name: Allie-11155101833, scan name: Allie-11155101833
05-11 19:19:12.629  4866  4922 D ScanRecord: parseFromBytes
05-11 19:19:12.629  4866  4922 D BtGatt.GattService: result: ScanResult{mDevice=CC:1B:E0:60:04:B9, mScanRecord=ScanRecord [mAdvertiseFlags=6, mServiceUuids=[0000ffe2-0000-1000-8000-00805f9b34fb, 0000180a-0000-1000-8000-00805f9b34fb], mManufacturerSpecificData={}, mServiceData={}, mTxPowerLevel=0, mDeviceName=Allie-11154800468], mRssi=-71, mTimestampNanos=80576416165187}
05-11 19:19:12.629  4866  4922 D BtGatt.GattService: filter: BluetoothLeScanFilter [mDeviceName=null, mDeviceAddress=null, mUuid=0000ffe2-0000-1000-8000-00805f9b34fb, mUuidMask=null, mServiceDataUuid=null, mServiceData=null, mServiceDataMask=null, mManufacturerId=-1, mManufacturerData=null, mManufacturerDataMask=null]
05-11 19:19:12.629  4866  5107 D BtGatt.ContextMap: sendClientScanResult for app id 6
05-11 19:19:12.629  4866  4922 D ScanRecord: parseFromBytes
05-11 19:19:12.629  4866  4922 D BtGatt.GattService: result: ScanResult{mDevice=CC:1B:E0:60:00:61, mScanRecord=ScanRecord [mAdvertiseFlags=6, mServiceUuids=[0000ffe2-0000-1000-8000-00805f9b34fb, 0000180a-0000-1000-8000-00805f9b34fb], mManufacturerSpecificData={}, mServiceData={}, mTxPowerLevel=0, mDeviceName=Allie-00B15380064], mRssi=-74, mTimestampNanos=80576417831270}
05-11 19:19:12.629  4866  4922 D BtGatt.GattService: filter: BluetoothLeScanFilter [mDeviceName=null, mDeviceAddress=null, mUuid=0000ffe2-0000-1000-8000-00805f9b34fb, mUuidMask=null, mServiceDataUuid=null, mServiceData=null, mServiceDataMask=null, mManufacturerId=-1, mManufacturerData=null, mManufacturerDataMask=null]
05-11 19:19:12.629  4527  4593 D ScanRecord: parseFromBytes
05-11 19:19:12.629  4527  4593 D BluetoothLeScanner: onScanResult() - ScanResult{mDevice=CC:1B:E0:60:04:B9, mScanRecord=ScanRecord [mAdvertiseFlags=6, mServiceUuids=[0000ffe2-0000-1000-8000-00805f9b34fb, 0000180a-0000-1000-8000-00805f9b34fb], mManufacturerSpecificData={}, mServiceData={}, mTxPowerLevel=0, mDeviceName=Allie-11154800468], mRssi=-71, mTimestampNanos=80576416165187}
05-11 19:19:12.629  4866  5107 D BtGatt.ContextMap: sendClientScanResult for app id 6
05-11 19:19:12.629  4527  4665 D ScanRecord: parseFromBytes
05-11 19:19:12.629  4527  4665 D BluetoothLeScanner: onScanResult() - ScanResult{mDevice=CC:1B:E0:60:00:61, mScanRecord=ScanRecord [mAdvertiseFlags=6, mServiceUuids=[0000ffe2-0000-1000-8000-00805f9b34fb, 0000180a-0000-1000-8000-00805f9b34fb], mManufacturerSpecificData={}, mServiceData={}, mTxPowerLevel=0, mDeviceName=Allie-00B15380064], mRssi=-74, mTimestampNanos=80576417831270}
05-11 19:19:12.634  4480  4480 I QueryController: Matched selector: UiSelector[CLASS=android.widget.ProgressBar, INSTANCE=0] <<==>> [android.view.accessibility.AccessibilityNodeInfo@80071120; boundsInParent: Rect(0, 0 - 96, 136); boundsInScreen: Rect(720, 839 - 816, 975); packageName: com.icrealtime.allie; className: android.widget.ProgressBar; text: null; error: null; maxTextLength: -1; contentDescription: null; viewIdResName: com.icrealtime.allie:id/welcome_progress; checkable: false; checked: false; focusable: false; focused: false; selected: false; clickable: false; longClickable: false; enabled: true; password: false; scrollable: false; actions: [AccessibilityAction: ACTION_SELECT - null, AccessibilityAction: ACTION_CLEAR_SELECTION - null, AccessibilityAction: ACTION_ACCESSIBILITY_FOCUS - null]]
05-11 19:19:12.644  4527  4527 D BleRpcConnectionFactory: Device found: Allie-11154800468 (Allie-11154800468)
05-11 19:19:12.649  4527  4527 D FindCamerasTask: Bluetooth device found: CC:1B:E0:60:04:B9, name: Allie-11154800468, scan name: Allie-11154800468
05-11 19:19:12.649  4527  4527 D BleRpcConnectionFactory: Device found: Allie-00B15380064 (Allie-00B15380064)
05-11 19:19:12.649  4866  4922 D ScanRecord: parseFromBytes
05-11 19:19:12.649  4866  4922 D BtGatt.GattService: result: ScanResult{mDevice=CC:1B:E0:60:01:17, mScanRecord=ScanRecord [mAdvertiseFlags=6, mServiceUuids=[0000ffe2-0000-1000-8000-00805f9b34fb, 0000180a-0000-1000-8000-00805f9b34fb], mManufacturerSpecificData={}, mServiceData={}, mTxPowerLevel=0, mDeviceName=Allie-20154300050], mRssi=-72, mTimestampNanos=80576438503187}
05-11 19:19:12.649  4866  4922 D BtGatt.GattService: filter: BluetoothLeScanFilter [mDeviceName=null, mDeviceAddress=null, mUuid=0000ffe2-0000-1000-8000-00805f9b34fb, mUuidMask=null, mServiceDataUuid=null, mServiceData=null, mServiceDataMask=null, mManufacturerId=-1, mManufacturerData=null, mManufacturerDataMask=null]
05-11 19:19:12.649  4866  5107 D BtGatt.ContextMap: sendClientScanResult for app id 6
05-11 19:19:12.649  4527  4527 D FindCamerasTask: Bluetooth device found: CC:1B:E0:60:00:61, name: Allie-00B15380064, scan name: Allie-00B15380064
05-11 19:19:12.649  4527  4665 D ScanRecord: parseFromBytes
05-11 19:19:12.649  4527  4665 D BluetoothLeScanner: onScanResult() - ScanResult{mDevice=CC:1B:E0:60:01:17, mScanRecord=ScanRecord [mAdvertiseFlags=6, mServiceUuids=[0000ffe2-0000-1000-8000-00805f9b34fb, 0000180a-0000-1000-8000-00805f9b34fb], mManufacturerSpecificData={}, mServiceData={}, mTxPowerLevel=0, mDeviceName=Allie-20154300050], mRssi=-72, mTimestampNanos=80576438503187}
05-11 19:19:12.664  4527  4527 D BleRpcConnectionFactory: Device found: Allie-20154300050 (Allie-20154300050)
05-11 19:19:12.664  4866  4922 D ScanRecord: parseFromBytes
05-11 19:19:12.664  4527  4527 D FindCamerasTask: Bluetooth device found: CC:1B:E0:60:01:17, name: Allie-20154300050, scan name: Allie-20154300050
05-11 19:19:12.664  4866  4922 D BtGatt.GattService: result: ScanResult{mDevice=CC:1B:E0:60:12:1C, mScanRecord=ScanRecord [mAdvertiseFlags=6, mServiceUuids=[0000ffe2-0000-1000-8000-00805f9b34fb, 0000180a-0000-1000-8000-00805f9b34fb], mManufacturerSpecificData={}, mServiceData={}, mTxPowerLevel=0, mDeviceName=Allie-11155102004], mRssi=-73, mTimestampNanos=80576453680270}
05-11 19:19:12.664  4866  4922 D BtGatt.GattService: filter: BluetoothLeScanFilter [mDeviceName=null, mDeviceAddress=null, mUuid=0000ffe2-0000-1000-8000-00805f9b34fb, mUuidMask=null, mServiceDataUuid=null, mServiceData=null, mServiceDataMask=null, mManufacturerId=-1, mManufacturerData=null, mManufacturerDataMask=null]
05-11 19:19:12.664  4866  5107 D BtGatt.ContextMap: sendClientScanResult for app id 6
05-11 19:19:12.664  4527  4542 D ScanRecord: parseFromBytes
05-11 19:19:12.664  4527  4542 D BluetoothLeScanner: onScanResult() - ScanResult{mDevice=CC:1B:E0:60:12:1C, mScanRecord=ScanRecord [mAdvertiseFlags=6, mServiceUuids=[0000ffe2-0000-1000-8000-00805f9b34fb, 0000180a-0000-1000-8000-00805f9b34fb], mManufacturerSpecificData={}, mServiceData={}, mTxPowerLevel=0, mDeviceName=Allie-11155102004], mRssi=-73, mTimestampNanos=80576453680270}
05-11 19:19:12.679  4527  4527 D BleRpcConnectionFactory: Device found: Allie-11155102004 (Allie-11155102004)
05-11 19:19:12.684  4527  4527 D FindCamerasTask: Bluetooth device found: CC:1B:E0:60:12:1C, name: Allie-11155102004, scan name: Allie-11155102004
05-11 19:19:12.694  4866  4922 D ScanRecord: parseFromBytes
05-11 19:19:12.694  4866  4922 D BtGatt.GattService: result: ScanResult{mDevice=CC:1B:E0:60:01:ED, mScanRecord=ScanRecord [mAdvertiseFlags=6, mServiceUuids=[0000ffe2-0000-1000-8000-00805f9b34fb, 0000180a-0000-1000-8000-00805f9b34fb], mManufacturerSpecificData={}, mServiceData={}, mTxPowerLevel=0, mDeviceName=Allie-16154900054], mRssi=-73, mTimestampNanos=80576480511103}
05-11 19:19:12.694  4866  4922 D BtGatt.GattService: filter: BluetoothLeScanFilter [mDeviceName=null, mDeviceAddress=null, mUuid=0000ffe2-0000-1000-8000-00805f9b34fb, mUuidMask=null, mServiceDataUuid=null, mServiceData=null, mServiceDataMask=null, mManufacturerId=-1, mManufacturerData=null, mManufacturerDataMask=null]
05-11 19:19:12.694  4866  5107 D BtGatt.ContextMap: sendClientScanResult for app id 6
05-11 19:19:12.694  4527  4665 D ScanRecord: parseFromBytes
05-11 19:19:12.694  4527  4665 D BluetoothLeScanner: onScanResult() - ScanResult{mDevice=CC:1B:E0:60:01:ED, mScanRecord=ScanRecord [mAdvertiseFlags=6, mServiceUuids=[0000ffe2-0000-1000-8000-00805f9b34fb, 0000180a-0000-1000-8000-00805f9b34fb], mManufacturerSpecificData={}, mServiceData={}, mTxPowerLevel=0, mDeviceName=Allie-16154900054], mRssi=-73, mTimestampNanos=80576480511103}
05-11 19:19:12.699  4866  4922 D ScanRecord: parseFromBytes
05-11 19:19:12.699  4866  4922 D BtGatt.GattService: result: ScanResult{mDevice=08:00:00:A4:C8:D2, mScanRecord=ScanRecord [mAdvertiseFlags=6, mServiceUuids=[0000ffe2-0000-1000-8000-00805f9b34fb, 0000180a-0000-1000-8000-00805f9b34fb], mManufacturerSpecificData={}, mServiceData={}, mTxPowerLevel=0, mDeviceName=Allie-20154300041], mRssi=-64, mTimestampNanos=80576489402395}
05-11 19:19:12.699  4866  4922 D BtGatt.GattService: filter: BluetoothLeScanFilter [mDeviceName=null, mDeviceAddress=null, mUuid=0000ffe2-0000-1000-8000-00805f9b34fb, mUuidMask=null, mServiceDataUuid=null, mServiceData=null, mServiceDataMask=null, mManufacturerId=-1, mManufacturerData=null, mManufacturerDataMask=null]
05-11 19:19:12.699  4866  5107 D BtGatt.ContextMap: sendClientScanResult for app id 6
05-11 19:19:12.704  4527  4593 D ScanRecord: parseFromBytes
05-11 19:19:12.704  4527  4593 D BluetoothLeScanner: onScanResult() - ScanResult{mDevice=08:00:00:A4:C8:D2, mScanRecord=ScanRecord [mAdvertiseFlags=6, mServiceUuids=[0000ffe2-0000-1000-8000-00805f9b34fb, 0000180a-0000-1000-8000-00805f9b34fb], mManufacturerSpecificData={}, mServiceData={}, mTxPowerLevel=0, mDeviceName=Allie-20154300041], mRssi=-64, mTimestampNanos=80576489402395}
05-11 19:19:12.704  4527  4527 D BleRpcConnectionFactory: Device found: Allie-16154900054 (Allie-16154900054)
05-11 19:19:12.704  4527  4527 D FindCamerasTask: Bluetooth device found: CC:1B:E0:60:01:ED, name: Allie-16154900054, scan name: Allie-16154900054
05-11 19:19:12.714  4527  4527 D BleRpcConnectionFactory: Device found: Allie-20154300041 (Allie-20154300041)
05-11 19:19:12.714  4527  4527 D FindCamerasTask: Bluetooth device found: 08:00:00:A4:C8:D2, name: Allie-20154300041, scan name: Allie-20154300041
05-11 19:19:12.739  4866  4922 D ScanRecord: parseFromBytes
05-11 19:19:12.739  4866  4922 D BtGatt.GattService: result: ScanResult{mDevice=CC:1B:E0:60:1A:72, mScanRecord=ScanRecord [mAdvertiseFlags=6, mServiceUuids=[0000ffe2-0000-1000-8000-00805f9b34fb, 0000180a-0000-1000-8000-00805f9b34fb], mManufacturerSpecificData={}, mServiceData={}, mTxPowerLevel=0, mDeviceName=Allie-11155302845], mRssi=-68, mTimestampNanos=80576527747478}
05-11 19:19:12.739  4866  4922 D BtGatt.GattService: filter: BluetoothLeScanFilter [mDeviceName=null, mDeviceAddress=null, mUuid=0000ffe2-0000-1000-8000-00805f9b34fb, mUuidMask=null, mServiceDataUuid=null, mServiceData=null, mServiceDataMask=null, mManufacturerId=-1, mManufacturerData=null, mManufacturerDataMask=null]
05-11 19:19:12.739  4866  5107 D BtGatt.ContextMap: sendClientScanResult for app id 6
05-11 19:19:12.739  4527  4665 D ScanRecord: parseFromBytes
05-11 19:19:12.739  4527  4665 D BluetoothLeScanner: onScanResult() - ScanResult{mDevice=CC:1B:E0:60:1A:72, mScanRecord=ScanRecord [mAdvertiseFlags=6, mServiceUuids=[0000ffe2-0000-1000-8000-00805f9b34fb, 0000180a-0000-1000-8000-00805f9b34fb], mManufacturerSpecificData={}, mServiceData={}, mTxPowerLevel=0, mDeviceName=Allie-11155302845], mRssi=-68, mTimestampNanos=80576527747478}
05-11 19:19:12.754  4527  4527 D BleRpcConnectionFactory: Device found: Allie-11155302845 (Allie-11155302845)
05-11 19:19:12.754  4527  4527 D FindCamerasTask: Bluetooth device found: CC:1B:E0:60:1A:72, name: Allie-11155302845, scan name: Allie-11155302845
05-11 19:19:12.779  3257  3270 D ActivityManager: retrieveServiceLocked(): component = null; callingUser = 0; userId(target) = 0
05-11 19:19:12.804  4480  4480 I QueryController: Matched selector: UiSelector[CLASS=android.widget.ProgressBar, INSTANCE=0] <<==>> [android.view.accessibility.AccessibilityNodeInfo@80071120; boundsInParent: Rect(0, 0 - 96, 136); boundsInScreen: Rect(720, 839 - 816, 975); packageName: com.icrealtime.allie; className: android.widget.ProgressBar; text: null; error: null; maxTextLength: -1; contentDescription: null; viewIdResName: com.icrealtime.allie:id/welcome_progress; checkable: false; checked: false; focusable: false; focused: false; selected: false; clickable: false; longClickable: false; enabled: true; password: false; scrollable: false; actions: [AccessibilityAction: ACTION_SELECT - null, AccessibilityAction: ACTION_CLEAR_SELECTION - null, AccessibilityAction: ACTION_ACCESSIBILITY_FOCUS - null]]
05-11 19:19:12.804  4480  4480 D UiObject: getText() = 
05-11 19:19:12.819  4866  4922 D ScanRecord: parseFromBytes
05-11 19:19:12.819  4866  4922 D BtGatt.GattService: result: ScanResult{mDevice=CC:1B:E0:61:8A:31, mScanRecord=ScanRecord [mAdvertiseFlags=6, mServiceUuids=[0000ffe2-0000-1000-8000-00805f9b34fb, 0000180a-0000-1000-8000-00805f9b34fb], mManufacturerSpecificData={}, mServiceData={}, mTxPowerLevel=0, mDeviceName=Allie-16155100228], mRssi=-57, mTimestampNanos=80576608674228}
05-11 19:19:12.819  4866  4922 D BtGatt.GattService: filter: BluetoothLeScanFilter [mDeviceName=null, mDeviceAddress=null, mUuid=0000ffe2-0000-1000-8000-00805f9b34fb, mUuidMask=null, mServiceDataUuid=null, mServiceData=null, mServiceDataMask=null, mManufacturerId=-1, mManufacturerData=null, mManufacturerDataMask=null]
05-11 19:19:12.819  4866  5107 D BtGatt.ContextMap: sendClientScanResult for app id 6
05-11 19:19:12.819  4527  4593 D ScanRecord: parseFromBytes
05-11 19:19:12.819  4527  4593 D BluetoothLeScanner: onScanResult() - ScanResult{mDevice=CC:1B:E0:61:8A:31, mScanRecord=ScanRecord [mAdvertiseFlags=6, mServiceUuids=[0000ffe2-0000-1000-8000-00805f9b34fb, 0000180a-0000-1000-8000-00805f9b34fb], mManufacturerSpecificData={}, mServiceData={}, mTxPowerLevel=0, mDeviceName=Allie-16155100228], mRssi=-57, mTimestampNanos=80576608674228}
05-11 19:19:12.834  4527  4527 D BleRpcConnectionFactory: Device found: Allie-16155100228 (Allie-16155100228)
05-11 19:19:12.834  4527  4527 D FindCamerasTask: Bluetooth device found: CC:1B:E0:61:8A:31, name: Allie-16155100228, scan name: Allie-16155100228
05-11 19:19:12.879  4480  4480 I AccessibilityNodeInfoDumper: Skipping invisible child: android.view.accessibility.AccessibilityNodeInfo@8006917e; boundsInParent: Rect(0, 0 - 0, 112); boundsInScreen: Rect(1536, 58 - 1536, 170); packageName: com.icrealtime.allie; className: android.support.v7.widget.LinearLayoutCompat; text: null; error: null; maxTextLength: -1; contentDescription: null; viewIdResName: null; checkable: false; checked: false; focusable: false; focused: false; selected: false; clickable: false; longClickable: false; enabled: true; password: false; scrollable: false; actions: [AccessibilityAction: ACTION_SELECT - null, AccessibilityAction: ACTION_CLEAR_SELECTION - null, AccessibilityAction: ACTION_ACCESSIBILITY_FOCUS - null]
05-11 19:19:12.884  4480  4480 W AccessibilityNodeInfoDumper: Fetch time: 12ms
05-11 19:19:12.909  4866  4922 D ScanRecord: parseFromBytes
05-11 19:19:12.909  4866  4922 D BtGatt.GattService: result: ScanResult{mDevice=CC:1B:E0:61:89:5F, mScanRecord=ScanRecord [mAdvertiseFlags=6, mServiceUuids=[0000ffe2-0000-1000-8000-00805f9b34fb, 0000180a-0000-1000-8000-00805f9b34fb], mManufacturerSpecificData={}, mServiceData={}, mTxPowerLevel=0, mDeviceName=Allie-11155101763], mRssi=-76, mTimestampNanos=80576697962853}
05-11 19:19:12.909  4866  4922 D BtGatt.GattService: filter: BluetoothLeScanFilter [mDeviceName=null, mDeviceAddress=null, mUuid=0000ffe2-0000-1000-8000-00805f9b34fb, mUuidMask=null, mServiceDataUuid=null, mServiceData=null, mServiceDataMask=null, mManufacturerId=-1, mManufacturerData=null, mManufacturerDataMask=null]
05-11 19:19:12.909  4866  5107 D BtGatt.ContextMap: sendClientScanResult for app id 6
05-11 19:19:12.909  4527  4665 D ScanRecord: parseFromBytes
05-11 19:19:12.909  4527  4665 D BluetoothLeScanner: onScanResult() - ScanResult{mDevice=CC:1B:E0:61:89:5F, mScanRecord=ScanRecord [mAdvertiseFlags=6, mServiceUuids=[0000ffe2-0000-1000-8000-00805f9b34fb, 0000180a-0000-1000-8000-00805f9b34fb], mManufacturerSpecificData={}, mServiceData={}, mTxPowerLevel=0, mDeviceName=Allie-11155101763], mRssi=-76, mTimestampNanos=80576697962853}
05-11 19:19:12.924  4527  4527 D BleRpcConnectionFactory: Device found: Allie-11155101763 (Allie-11155101763)
05-11 19:19:12.924  4527  4527 D FindCamerasTask: Bluetooth device found: CC:1B:E0:61:89:5F, name: Allie-11155101763, scan name: Allie-11155101763
05-11 19:19:12.934  4866  4922 D ScanRecord: parseFromBytes
05-11 19:19:12.934  4866  4922 D BtGatt.GattService: result: ScanResult{mDevice=CC:1B:E0:60:03:6D, mScanRecord=ScanRecord [mAdvertiseFlags=6, mServiceUuids=[0000ffe2-0000-1000-8000-00805f9b34fb, 0000180a-0000-1000-8000-00805f9b34fb], mManufacturerSpecificData={}, mServiceData={}, mTxPowerLevel=0, mDeviceName=Allie-11155101833], mRssi=-63, mTimestampNanos=80576720247895}
05-11 19:19:12.934  4866  4922 D BtGatt.GattService: filter: BluetoothLeScanFilter [mDeviceName=null, mDeviceAddress=null, mUuid=0000ffe2-0000-1000-8000-00805f9b34fb, mUuidMask=null, mServiceDataUuid=null, mServiceData=null, mServiceDataMask=null, mManufacturerId=-1, mManufacturerData=null, mManufacturerDataMask=null]
05-11 19:19:12.934  4866  5107 D BtGatt.ContextMap: sendClientScanResult for app id 6
05-11 19:19:12.934  4527  4540 D ScanRecord: parseFromBytes
05-11 19:19:12.934  4527  4540 D BluetoothLeScanner: onScanResult() - ScanResult{mDevice=CC:1B:E0:60:03:6D, mScanRecord=ScanRecord [mAdvertiseFlags=6, mServiceUuids=[0000ffe2-0000-1000-8000-00805f9b34fb, 0000180a-0000-1000-8000-00805f9b34fb], mManufacturerSpecificData={}, mServiceData={}, mTxPowerLevel=0, mDeviceName=Allie-11155101833], mRssi=-63, mTimestampNanos=80576720247895}
05-11 19:19:12.949  4866  4922 D ScanRecord: parseFromBytes
05-11 19:19:12.949  4527  4527 D BleRpcConnectionFactory: Device found: Allie-11155101833 (Allie-11155101833)
05-11 19:19:12.949  4866  4922 D BtGatt.GattService: result: ScanResult{mDevice=CC:1B:E0:60:04:B9, mScanRecord=ScanRecord [mAdvertiseFlags=6, mServiceUuids=[0000ffe2-0000-1000-8000-00805f9b34fb, 0000180a-0000-1000-8000-00805f9b34fb], mManufacturerSpecificData={}, mServiceData={}, mTxPowerLevel=0, mDeviceName=Allie-11154800468], mRssi=-71, mTimestampNanos=80576739023687}
05-11 19:19:12.949  4866  4922 D BtGatt.GattService: filter: BluetoothLeScanFilter [mDeviceName=null, mDeviceAddress=null, mUuid=0000ffe2-0000-1000-8000-00805f9b34fb, mUuidMask=null, mServiceDataUuid=null, mServiceData=null, mServiceDataMask=null, mManufacturerId=-1, mManufacturerData=null, mManufacturerDataMask=null]
05-11 19:19:12.949  4866  5107 D BtGatt.ContextMap: sendClientScanResult for app id 6
05-11 19:19:12.954  4527  4665 D ScanRecord: parseFromBytes
05-11 19:19:12.954  4527  4665 D BluetoothLeScanner: onScanResult() - ScanResult{mDevice=CC:1B:E0:60:04:B9, mScanRecord=ScanRecord [mAdvertiseFlags=6, mServiceUuids=[0000ffe2-0000-1000-8000-00805f9b34fb, 0000180a-0000-1000-8000-00805f9b34fb], mManufacturerSpecificData={}, mServiceData={}, mTxPowerLevel=0, mDeviceName=Allie-11154800468], mRssi=-71, mTimestampNanos=80576739023687}
05-11 19:19:12.954  4527  4527 D FindCamerasTask: Bluetooth device found: CC:1B:E0:60:03:6D, name: Allie-11155101833, scan name: Allie-11155101833
05-11 19:19:12.959  4480  4480 I QueryController: Matched selector: UiSelector[CLASS=android.widget.ProgressBar, INSTANCE=0] <<==>> [android.view.accessibility.AccessibilityNodeInfo@80071120; boundsInParent: Rect(0, 0 - 96, 136); boundsInScreen: Rect(720, 839 - 816, 975); packageName: com.icrealtime.allie; className: android.widget.ProgressBar; text: null; error: null; maxTextLength: -1; contentDescription: null; viewIdResName: com.icrealtime.allie:id/welcome_progress; checkable: false; checked: false; focusable: false; focused: false; selected: false; clickable: false; longClickable: false; enabled: true; password: false; scrollable: false; actions: [AccessibilityAction: ACTION_SELECT - null, AccessibilityAction: ACTION_CLEAR_SELECTION - null, AccessibilityAction: ACTION_ACCESSIBILITY_FOCUS - null]]
05-11 19:19:12.969  4527  4527 D BleRpcConnectionFactory: Device found: Allie-11154800468 (Allie-11154800468)
05-11 19:19:12.969  4527  4527 D FindCamerasTask: Bluetooth device found: CC:1B:E0:60:04:B9, name: Allie-11154800468, scan name: Allie-11154800468
05-11 19:19:12.979  4866  4922 D ScanRecord: parseFromBytes
05-11 19:19:12.979  4866  4922 D BtGatt.GattService: result: ScanResult{mDevice=CC:1B:E0:60:01:17, mScanRecord=ScanRecord [mAdvertiseFlags=6, mServiceUuids=[0000ffe2-0000-1000-8000-00805f9b34fb, 0000180a-0000-1000-8000-00805f9b34fb], mManufacturerSpecificData={}, mServiceData={}, mTxPowerLevel=0, mDeviceName=Allie-20154300050], mRssi=-73, mTimestampNanos=80576768952020}
05-11 19:19:12.979  4866  4922 D BtGatt.GattService: filter: BluetoothLeScanFilter [mDeviceName=null, mDeviceAddress=null, mUuid=0000ffe2-0000-1000-8000-00805f9b34fb, mUuidMask=null, mServiceDataUuid=null, mServiceData=null, mServiceDataMask=null, mManufacturerId=-1, mManufacturerData=null, mManufacturerDataMask=null]
05-11 19:19:12.979  4866  5107 D BtGatt.ContextMap: sendClientScanResult for app id 6
05-11 19:19:12.984  4527  4540 D ScanRecord: parseFromBytes
05-11 19:19:12.984  4527  4540 D BluetoothLeScanner: onScanResult() - ScanResult{mDevice=CC:1B:E0:60:01:17, mScanRecord=ScanRecord [mAdvertiseFlags=6, mServiceUuids=[0000ffe2-0000-1000-8000-00805f9b34fb, 0000180a-0000-1000-8000-00805f9b34fb], mManufacturerSpecificData={}, mServiceData={}, mTxPowerLevel=0, mDeviceName=Allie-20154300050], mRssi=-73, mTimestampNanos=80576768952020}
05-11 19:19:12.989  4866  4922 D ScanRecord: parseFromBytes
05-11 19:19:12.989  4866  4922 D BtGatt.GattService: result: ScanResult{mDevice=CC:1B:E0:60:12:1C, mScanRecord=ScanRecord [mAdvertiseFlags=6, mServiceUuids=[0000ffe2-0000-1000-8000-00805f9b34fb, 0000180a-0000-1000-8000-00805f9b34fb], mManufacturerSpecificData={}, mServiceData={}, mTxPowerLevel=0, mDeviceName=Allie-11155102004], mRssi=-71, mTimestampNanos=80576776050437}
05-11 19:19:12.989  4866  4922 D BtGatt.GattService: filter: BluetoothLeScanFilter [mDeviceName=null, mDeviceAddress=null, mUuid=0000ffe2-0000-1000-8000-00805f9b34fb, mUuidMask=null, mServiceDataUuid=null, mServiceData=null, mServiceDataMask=null, mManufacturerId=-1, mManufacturerData=null, mManufacturerDataMask=null]
05-11 19:19:12.989  4866  5107 D BtGatt.ContextMap: sendClientScanResult for app id 6
05-11 19:19:12.989  4527  4593 D ScanRecord: parseFromBytes
05-11 19:19:12.989  4527  4593 D BluetoothLeScanner: onScanResult() - ScanResult{mDevice=CC:1B:E0:60:12:1C, mScanRecord=ScanRecord [mAdvertiseFlags=6, mServiceUuids=[0000ffe2-0000-1000-8000-00805f9b34fb, 0000180a-0000-1000-8000-00805f9b34fb], mManufacturerSpecificData={}, mServiceData={}, mTxPowerLevel=0, mDeviceName=Allie-11155102004], mRssi=-71, mTimestampNanos=80576776050437}
05-11 19:19:13.004  4527  4527 D BleRpcConnectionFactory: Device found: Allie-20154300050 (Allie-20154300050)
05-11 19:19:13.004  4527  4527 D FindCamerasTask: Bluetooth device found: CC:1B:E0:60:01:17, name: Allie-20154300050, scan name: Allie-20154300050
05-11 19:19:13.004  4527  4527 D BleRpcConnectionFactory: Device found: Allie-11155102004 (Allie-11155102004)
05-11 19:19:13.009  4527  4527 D FindCamerasTask: Bluetooth device found: CC:1B:E0:60:12:1C, name: Allie-11155102004, scan name: Allie-11155102004
05-11 19:19:13.014  4480  4480 I QueryController: Matched selector: UiSelector[CLASS=android.widget.ProgressBar, INSTANCE=0] <<==>> [android.view.accessibility.AccessibilityNodeInfo@80071120; boundsInParent: Rect(0, 0 - 96, 136); boundsInScreen: Rect(720, 839 - 816, 975); packageName: com.icrealtime.allie; className: android.widget.ProgressBar; text: null; error: null; maxTextLength: -1; contentDescription: null; viewIdResName: com.icrealtime.allie:id/welcome_progress; checkable: false; checked: false; focusable: false; focused: false; selected: false; clickable: false; longClickable: false; enabled: true; password: false; scrollable: false; actions: [AccessibilityAction: ACTION_SELECT - null, AccessibilityAction: ACTION_CLEAR_SELECTION - null, AccessibilityAction: ACTION_ACCESSIBILITY_FOCUS - null]]
05-11 19:19:13.014  4480  4480 D UiObject: getText() = 
05-11 19:19:13.024  4866  4922 D ScanRecord: parseFromBytes
05-11 19:19:13.029  4866  4922 D BtGatt.GattService: result: ScanResult{mDevice=08:00:00:A4:C8:D2, mScanRecord=ScanRecord [mAdvertiseFlags=6, mServiceUuids=[0000ffe2-0000-1000-8000-00805f9b34fb, 0000180a-0000-1000-8000-00805f9b34fb], mManufacturerSpecificData={}, mServiceData={}, mTxPowerLevel=0, mDeviceName=Allie-20154300041], mRssi=-64, mTimestampNanos=80576814881645}
05-11 19:19:13.029  4866  4922 D BtGatt.GattService: filter: BluetoothLeScanFilter [mDeviceName=null, mDeviceAddress=null, mUuid=0000ffe2-0000-1000-8000-00805f9b34fb, mUuidMask=null, mServiceDataUuid=null, mServiceData=null, mServiceDataMask=null, mManufacturerId=-1, mManufacturerData=null, mManufacturerDataMask=null]
05-11 19:19:13.029  4866  5107 D BtGatt.ContextMap: sendClientScanResult for app id 6
05-11 19:19:13.029  4527  4542 D ScanRecord: parseFromBytes
05-11 19:19:13.029  4527  4542 D BluetoothLeScanner: onScanResult() - ScanResult{mDevice=08:00:00:A4:C8:D2, mScanRecord=ScanRecord [mAdvertiseFlags=6, mServiceUuids=[0000ffe2-0000-1000-8000-00805f9b34fb, 0000180a-0000-1000-8000-00805f9b34fb], mManufacturerSpecificData={}, mServiceData={}, mTxPowerLevel=0, mDeviceName=Allie-20154300041], mRssi=-64, mTimestampNanos=80576814881645}
05-11 19:19:13.049  4527  4527 D BleRpcConnectionFactory: Device found: Allie-20154300041 (Allie-20154300041)
05-11 19:19:13.054  4527  4527 D FindCamerasTask: Bluetooth device found: 08:00:00:A4:C8:D2, name: Allie-20154300041, scan name: Allie-20154300041
05-11 19:19:13.064  4866  4922 D ScanRecord: parseFromBytes
05-11 19:19:13.064  4866  4922 D BtGatt.GattService: result: ScanResult{mDevice=CC:1B:E0:60:1A:72, mScanRecord=ScanRecord [mAdvertiseFlags=6, mServiceUuids=[0000ffe2-0000-1000-8000-00805f9b34fb, 0000180a-0000-1000-8000-00805f9b34fb], mManufacturerSpecificData={}, mServiceData={}, mTxPowerLevel=0, mDeviceName=Allie-11155302845], mRssi=-68, mTimestampNanos=80576853390103}
05-11 19:19:13.064  4866  4922 D BtGatt.GattService: filter: BluetoothLeScanFilter [mDeviceName=null, mDeviceAddress=null, mUuid=0000ffe2-0000-1000-8000-00805f9b34fb, mUuidMask=null, mServiceDataUuid=null, mServiceData=null, mServiceDataMask=null, mManufacturerId=-1, mManufacturerData=null, mManufacturerDataMask=null]
05-11 19:19:13.064  4866  5107 D BtGatt.ContextMap: sendClientScanResult for app id 6
05-11 19:19:13.064  4527  4665 D ScanRecord: parseFromBytes
05-11 19:19:13.064  4527  4665 D BluetoothLeScanner: onScanResult() - ScanResult{mDevice=CC:1B:E0:60:1A:72, mScanRecord=ScanRecord [mAdvertiseFlags=6, mServiceUuids=[0000ffe2-0000-1000-8000-00805f9b34fb, 0000180a-0000-1000-8000-00805f9b34fb], mManufacturerSpecificData={}, mServiceData={}, mTxPowerLevel=0, mDeviceName=Allie-11155302845], mRssi=-68, mTimestampNanos=80576853390103}
05-11 19:19:13.079  4527  4527 D BleRpcConnectionFactory: Device found: Allie-11155302845 (Allie-11155302845)
05-11 19:19:13.079  4527  4527 D FindCamerasTask: Bluetooth device found: CC:1B:E0:60:1A:72, name: Allie-11155302845, scan name: Allie-11155302845
05-11 19:19:13.089  3257  6985 D ActivityManager: retrieveServiceLocked(): component = null; callingUser = 0; userId(target) = 0
05-11 19:19:13.094  4480  4480 I AccessibilityNodeInfoDumper: Skipping invisible child: android.view.accessibility.AccessibilityNodeInfo@8006917e; boundsInParent: Rect(0, 0 - 0, 112); boundsInScreen: Rect(1536, 58 - 1536, 170); packageName: com.icrealtime.allie; className: android.support.v7.widget.LinearLayoutCompat; text: null; error: null; maxTextLength: -1; contentDescription: null; viewIdResName: null; checkable: false; checked: false; focusable: false; focused: false; selected: false; clickable: false; longClickable: false; enabled: true; password: false; scrollable: false; actions: [AccessibilityAction: ACTION_SELECT - null, AccessibilityAction: ACTION_CLEAR_SELECTION - null, AccessibilityAction: ACTION_ACCESSIBILITY_FOCUS - null]
05-11 19:19:13.104  4480  4480 W AccessibilityNodeInfoDumper: Fetch time: 15ms
05-11 19:19:13.139  4866  4922 D ScanRecord: parseFromBytes
05-11 19:19:13.139  4866  4922 D BtGatt.GattService: result: ScanResult{mDevice=CC:1B:E0:61:8A:31, mScanRecord=ScanRecord [mAdvertiseFlags=6, mServiceUuids=[0000ffe2-0000-1000-8000-00805f9b34fb, 0000180a-0000-1000-8000-00805f9b34fb], mManufacturerSpecificData={}, mServiceData={}, mTxPowerLevel=0, mDeviceName=Allie-16155100228], mRssi=-57, mTimestampNanos=80576929735645}
05-11 19:19:13.139  4866  4922 D BtGatt.GattService: filter: BluetoothLeScanFilter [mDeviceName=null, mDeviceAddress=null, mUuid=0000ffe2-0000-1000-8000-00805f9b34fb, mUuidMask=null, mServiceDataUuid=null, mServiceData=null, mServiceDataMask=null, mManufacturerId=-1, mManufacturerData=null, mManufacturerDataMask=null]
05-11 19:19:13.144  4866  5107 D BtGatt.ContextMap: sendClientScanResult for app id 6
05-11 19:19:13.144  4527  4540 D ScanRecord: parseFromBytes
05-11 19:19:13.144  4527  4540 D BluetoothLeScanner: onScanResult() - ScanResult{mDevice=CC:1B:E0:61:8A:31, mScanRecord=ScanRecord [mAdvertiseFlags=6, mServiceUuids=[0000ffe2-0000-1000-8000-00805f9b34fb, 0000180a-0000-1000-8000-00805f9b34fb], mManufacturerSpecificData={}, mServiceData={}, mTxPowerLevel=0, mDeviceName=Allie-16155100228], mRssi=-57, mTimestampNanos=80576929735645}
05-11 19:19:13.159  4527  4527 D BleRpcConnectionFactory: Device found: Allie-16155100228 (Allie-16155100228)
05-11 19:19:13.159  4527  4527 D FindCamerasTask: Bluetooth device found: CC:1B:E0:61:8A:31, name: Allie-16155100228, scan name: Allie-16155100228
05-11 19:19:13.219  4866  4922 D ScanRecord: parseFromBytes
05-11 19:19:13.219  4866  4922 D BtGatt.GattService: result: ScanResult{mDevice=CC:1B:E0:60:11:A2, mScanRecord=ScanRecord [mAdvertiseFlags=6, mServiceUuids=[0000ffe2-0000-1000-8000-00805f9b34fb, 0000180a-0000-1000-8000-00805f9b34fb], mManufacturerSpecificData={}, mServiceData={}, mTxPowerLevel=0, mDeviceName=Allie-11155303280], mRssi=-85, mTimestampNanos=80577007934645}
05-11 19:19:13.219  4866  4922 D BtGatt.GattService: filter: BluetoothLeScanFilter [mDeviceName=null, mDeviceAddress=null, mUuid=0000ffe2-0000-1000-8000-00805f9b34fb, mUuidMask=null, mServiceDataUuid=null, mServiceData=null, mServiceDataMask=null, mManufacturerId=-1, mManufacturerData=null, mManufacturerDataMask=null]
05-11 19:19:13.219  4866  5107 D BtGatt.ContextMap: sendClientScanResult for app id 6
05-11 19:19:13.219  4527  4540 D ScanRecord: parseFromBytes
05-11 19:19:13.219  4527  4540 D BluetoothLeScanner: onScanResult() - ScanResult{mDevice=CC:1B:E0:60:11:A2, mScanRecord=ScanRecord [mAdvertiseFlags=6, mServiceUuids=[0000ffe2-0000-1000-8000-00805f9b34fb, 0000180a-0000-1000-8000-00805f9b34fb], mManufacturerSpecificData={}, mServiceData={}, mTxPowerLevel=0, mDeviceName=Allie-11155303280], mRssi=-85, mTimestampNanos=80577007934645}
05-11 19:19:13.229  4480  4480 I QueryController: Matched selector: UiSelector[CLASS=android.widget.ProgressBar, INSTANCE=0] <<==>> [android.view.accessibility.AccessibilityNodeInfo@80071120; boundsInParent: Rect(0, 0 - 96, 136); boundsInScreen: Rect(720, 839 - 816, 975); packageName: com.icrealtime.allie; className: android.widget.ProgressBar; text: null; error: null; maxTextLength: -1; contentDescription: null; viewIdResName: com.icrealtime.allie:id/welcome_progress; checkable: false; checked: false; focusable: false; focused: false; selected: false; clickable: false; longClickable: false; enabled: true; password: false; scrollable: false; actions: [AccessibilityAction: ACTION_SELECT - null, AccessibilityAction: ACTION_CLEAR_SELECTION - null, AccessibilityAction: ACTION_ACCESSIBILITY_FOCUS - null]]
05-11 19:19:13.229  4866  4922 D ScanRecord: parseFromBytes
05-11 19:19:13.229  4866  4922 D BtGatt.GattService: result: ScanResult{mDevice=CC:1B:E0:61:89:5F, mScanRecord=ScanRecord [mAdvertiseFlags=6, mServiceUuids=[0000ffe2-0000-1000-8000-00805f9b34fb, 0000180a-0000-1000-8000-00805f9b34fb], mManufacturerSpecificData={}, mServiceData={}, mTxPowerLevel=0, mDeviceName=Allie-11155101763], mRssi=-75, mTimestampNanos=80577019466062}
05-11 19:19:13.229  4866  4922 D BtGatt.GattService: filter: BluetoothLeScanFilter [mDeviceName=null, mDeviceAddress=null, mUuid=0000ffe2-0000-1000-8000-00805f9b34fb, mUuidMask=null, mServiceDataUuid=null, mServiceData=null, mServiceDataMask=null, mManufacturerId=-1, mManufacturerData=null, mManufacturerDataMask=null]
05-11 19:19:13.229  4866  5107 D BtGatt.ContextMap: sendClientScanResult for app id 6
05-11 19:19:13.234  4527  4665 D ScanRecord: parseFromBytes
05-11 19:19:13.234  4527  4665 D BluetoothLeScanner: onScanResult() - ScanResult{mDevice=CC:1B:E0:61:89:5F, mScanRecord=ScanRecord [mAdvertiseFlags=6, mServiceUuids=[0000ffe2-0000-1000-8000-00805f9b34fb, 0000180a-0000-1000-8000-00805f9b34fb], mManufacturerSpecificData={}, mServiceData={}, mTxPowerLevel=0, mDeviceName=Allie-11155101763], mRssi=-75, mTimestampNanos=80577019466062}
05-11 19:19:13.239  4527  4527 D BleRpcConnectionFactory: Device found: Allie-11155303280 (Allie-11155303280)
05-11 19:19:13.239  4527  4527 D FindCamerasTask: Bluetooth device found: CC:1B:E0:60:11:A2, name: Allie-11155303280, scan name: Allie-11155303280
05-11 19:19:13.244  4527  4527 D BleRpcConnectionFactory: Device found: Allie-11155101763 (Allie-11155101763)
05-11 19:19:13.249  4527  4527 D FindCamerasTask: Bluetooth device found: CC:1B:E0:61:89:5F, name: Allie-11155101763, scan name: Allie-11155101763
05-11 19:19:13.254  4866  4922 D ScanRecord: parseFromBytes
05-11 19:19:13.254  4866  4922 D BtGatt.GattService: result: ScanResult{mDevice=CC:1B:E0:60:03:6D, mScanRecord=ScanRecord [mAdvertiseFlags=6, mServiceUuids=[0000ffe2-0000-1000-8000-00805f9b34fb, 0000180a-0000-1000-8000-00805f9b34fb], mManufacturerSpecificData={}, mServiceData={}, mTxPowerLevel=0, mDeviceName=Allie-11155101833], mRssi=-63, mTimestampNanos=80577043971812}
05-11 19:19:13.254  4866  4922 D BtGatt.GattService: filter: BluetoothLeScanFilter [mDeviceName=null, mDeviceAddress=null, mUuid=0000ffe2-0000-1000-8000-00805f9b34fb, mUuidMask=null, mServiceDataUuid=null, mServiceData=null, mServiceDataMask=null, mManufacturerId=-1, mManufacturerData=null, mManufacturerDataMask=null]
05-11 19:19:13.254  4866  5107 D BtGatt.ContextMap: sendClientScanResult for app id 6
05-11 19:19:13.254  4527  4665 D ScanRecord: parseFromBytes
05-11 19:19:13.259  4527  4665 D BluetoothLeScanner: onScanResult() - ScanResult{mDevice=CC:1B:E0:60:03:6D, mScanRecord=ScanRecord [mAdvertiseFlags=6, mServiceUuids=[0000ffe2-0000-1000-8000-00805f9b34fb, 0000180a-0000-1000-8000-00805f9b34fb], mManufacturerSpecificData={}, mServiceData={}, mTxPowerLevel=0, mDeviceName=Allie-11155101833], mRssi=-63, mTimestampNanos=80577043971812}
05-11 19:19:13.269  4866  4922 D ScanRecord: parseFromBytes
05-11 19:19:13.269  4527  4527 D BleRpcConnectionFactory: Device found: Allie-11155101833 (Allie-11155101833)
05-11 19:19:13.274  4866  4922 D BtGatt.GattService: result: ScanResult{mDevice=CC:1B:E0:60:04:B9, mScanRecord=ScanRecord [mAdvertiseFlags=6, mServiceUuids=[0000ffe2-0000-1000-8000-00805f9b34fb, 0000180a-0000-1000-8000-00805f9b34fb], mManufacturerSpecificData={}, mServiceData={}, mTxPowerLevel=0, mDeviceName=Allie-11154800468], mRssi=-71, mTimestampNanos=80577060144978}
05-11 19:19:13.274  4866  4922 D BtGatt.GattService: filter: BluetoothLeScanFilter [mDeviceName=null, mDeviceAddress=null, mUuid=0000ffe2-0000-1000-8000-00805f9b34fb, mUuidMask=null, mServiceDataUuid=null, mServiceData=null, mServiceDataMask=null, mManufacturerId=-1, mManufacturerData=null, mManufacturerDataMask=null]
05-11 19:19:13.274  4866  5107 D BtGatt.ContextMap: sendClientScanResult for app id 6
05-11 19:19:13.274  4527  4665 D ScanRecord: parseFromBytes
05-11 19:19:13.274  4527  4665 D BluetoothLeScanner: onScanResult() - ScanResult{mDevice=CC:1B:E0:60:04:B9, mScanRecord=ScanRecord [mAdvertiseFlags=6, mServiceUuids=[0000ffe2-0000-1000-8000-00805f9b34fb, 0000180a-0000-1000-8000-00805f9b34fb], mManufacturerSpecificData={}, mServiceData={}, mTxPowerLevel=0, mDeviceName=Allie-11154800468], mRssi=-71, mTimestampNanos=80577060144978}
05-11 19:19:13.274  4527  4527 D FindCamerasTask: Bluetooth device found: CC:1B:E0:60:03:6D, name: Allie-11155101833, scan name: Allie-11155101833
05-11 19:19:13.279  4480  4480 I QueryController: Matched selector: UiSelector[CLASS=android.widget.ProgressBar, INSTANCE=0] <<==>> [android.view.accessibility.AccessibilityNodeInfo@80071120; boundsInParent: Rect(0, 0 - 96, 136); boundsInScreen: Rect(720, 839 - 816, 975); packageName: com.icrealtime.allie; className: android.widget.ProgressBar; text: null; error: null; maxTextLength: -1; contentDescription: null; viewIdResName: com.icrealtime.allie:id/welcome_progress; checkable: false; checked: false; focusable: false; focused: false; selected: false; clickable: false; longClickable: false; enabled: true; password: false; scrollable: false; actions: [AccessibilityAction: ACTION_SELECT - null, AccessibilityAction: ACTION_CLEAR_SELECTION - null, AccessibilityAction: ACTION_ACCESSIBILITY_FOCUS - null]]
05-11 19:19:13.279  4480  4480 D UiObject: getText() = 
05-11 19:19:13.289  4527  4527 D BleRpcConnectionFactory: Device found: Allie-11154800468 (Allie-11154800468)
05-11 19:19:13.289  4527  4527 D FindCamerasTask: Bluetooth device found: CC:1B:E0:60:04:B9, name: Allie-11154800468, scan name: Allie-11154800468
05-11 19:19:13.304  4866  4922 D ScanRecord: parseFromBytes
05-11 19:19:13.304  4866  4922 D BtGatt.GattService: result: ScanResult{mDevice=CC:1B:E0:60:01:17, mScanRecord=ScanRecord [mAdvertiseFlags=6, mServiceUuids=[0000ffe2-0000-1000-8000-00805f9b34fb, 0000180a-0000-1000-8000-00805f9b34fb], mManufacturerSpecificData={}, mServiceData={}, mTxPowerLevel=0, mDeviceName=Allie-20154300050], mRssi=-73, mTimestampNanos=80577092596687}
05-11 19:19:13.304  4866  4922 D BtGatt.GattService: filter: BluetoothLeScanFilter [mDeviceName=null, mDeviceAddress=null, mUuid=0000ffe2-0000-1000-8000-00805f9b34fb, mUuidMask=null, mServiceDataUuid=null, mServiceData=null, mServiceDataMask=null, mManufacturerId=-1, mManufacturerData=null, mManufacturerDataMask=null]
05-11 19:19:13.304  4866  5107 D BtGatt.ContextMap: sendClientScanResult for app id 6
05-11 19:19:13.304  4527  4542 D ScanRecord: parseFromBytes
05-11 19:19:13.309  4866  4922 D ScanRecord: parseFromBytes
05-11 19:19:13.309  4527  4542 D BluetoothLeScanner: onScanResult() - ScanResult{mDevice=CC:1B:E0:60:01:17, mScanRecord=ScanRecord [mAdvertiseFlags=6, mServiceUuids=[0000ffe2-0000-1000-8000-00805f9b34fb, 0000180a-0000-1000-8000-00805f9b34fb], mManufacturerSpecificData={}, mServiceData={}, mTxPowerLevel=0, mDeviceName=Allie-20154300050], mRssi=-73, mTimestampNanos=80577092596687}
05-11 19:19:13.309  4866  4922 D BtGatt.GattService: result: ScanResult{mDevice=CC:1B:E0:60:12:1C, mScanRecord=ScanRecord [mAdvertiseFlags=6, mServiceUuids=[0000ffe2-0000-1000-8000-00805f9b34fb, 0000180a-0000-1000-8000-00805f9b34fb], mManufacturerSpecificData={}, mServiceData={}, mTxPowerLevel=0, mDeviceName=Allie-11155102004], mRssi=-69, mTimestampNanos=80577095734020}
05-11 19:19:13.309  4866  4922 D BtGatt.GattService: filter: BluetoothLeScanFilter [mDeviceName=null, mDeviceAddress=null, mUuid=0000ffe2-0000-1000-8000-00805f9b34fb, mUuidMask=null, mServiceDataUuid=null, mServiceData=null, mServiceDataMask=null, mManufacturerId=-1, mManufacturerData=null, mManufacturerDataMask=null]
05-11 19:19:13.309  4866  5107 D BtGatt.ContextMap: sendClientScanResult for app id 6
05-11 19:19:13.309  4527  4540 D ScanRecord: parseFromBytes
05-11 19:19:13.309  4527  4540 D BluetoothLeScanner: onScanResult() - ScanResult{mDevice=CC:1B:E0:60:12:1C, mScanRecord=ScanRecord [mAdvertiseFlags=6, mServiceUuids=[0000ffe2-0000-1000-8000-00805f9b34fb, 0000180a-0000-1000-8000-00805f9b34fb], mManufacturerSpecificData={}, mServiceData={}, mTxPowerLevel=0, mDeviceName=Allie-11155102004], mRssi=-69, mTimestampNanos=80577095734020}
05-11 19:19:13.324  4527  4527 D BleRpcConnectionFactory: Device found: Allie-20154300050 (Allie-20154300050)
05-11 19:19:13.324  4866  4922 D ScanRecord: parseFromBytes
05-11 19:19:13.324  4866  4922 D BtGatt.GattService: result: ScanResult{mDevice=CC:1B:E0:61:8F:99, mScanRecord=ScanRecord [mAdvertiseFlags=6, mServiceUuids=[0000ffe2-0000-1000-8000-00805f9b34fb, 0000180a-0000-1000-8000-00805f9b34fb], mManufacturerSpecificData={}, mServiceData={}, mTxPowerLevel=0, mDeviceName=Allie-11155102449], mRssi=-73, mTimestampNanos=80577111930062}
05-11 19:19:13.324  4866  4922 D BtGatt.GattService: filter: BluetoothLeScanFilter [mDeviceName=null, mDeviceAddress=null, mUuid=0000ffe2-0000-1000-8000-00805f9b34fb, mUuidMask=null, mServiceDataUuid=null, mServiceData=null, mServiceDataMask=null, mManufacturerId=-1, mManufacturerData=null, mManufacturerDataMask=null]
05-11 19:19:13.324  4866  5107 D BtGatt.ContextMap: sendClientScanResult for app id 6
05-11 19:19:13.324  4527  4527 D FindCamerasTask: Bluetooth device found: CC:1B:E0:60:01:17, name: Allie-20154300050, scan name: Allie-20154300050
05-11 19:19:13.324  4527  4540 D ScanRecord: parseFromBytes
05-11 19:19:13.324  4527  4540 D BluetoothLeScanner: onScanResult() - ScanResult{mDevice=CC:1B:E0:61:8F:99, mScanRecord=ScanRecord [mAdvertiseFlags=6, mServiceUuids=[0000ffe2-0000-1000-8000-00805f9b34fb, 0000180a-0000-1000-8000-00805f9b34fb], mManufacturerSpecificData={}, mServiceData={}, mTxPowerLevel=0, mDeviceName=Allie-11155102449], mRssi=-73, mTimestampNanos=80577111930062}
05-11 19:19:13.324  4527  4527 D BleRpcConnectionFactory: Device found: Allie-11155102004 (Allie-11155102004)
05-11 19:19:13.329  4527  4527 D FindCamerasTask: Bluetooth device found: CC:1B:E0:60:12:1C, name: Allie-11155102004, scan name: Allie-11155102004
05-11 19:19:13.334  4866  4922 D ScanRecord: parseFromBytes
05-11 19:19:13.334  4866  4922 D BtGatt.GattService: result: ScanResult{mDevice=CC:1B:E0:60:01:ED, mScanRecord=ScanRecord [mAdvertiseFlags=6, mServiceUuids=[0000ffe2-0000-1000-8000-00805f9b34fb, 0000180a-0000-1000-8000-00805f9b34fb], mManufacturerSpecificData={}, mServiceData={}, mTxPowerLevel=0, mDeviceName=Allie-16154900054], mRssi=-75, mTimestampNanos=80577122850478}
05-11 19:19:13.334  4866  4922 D BtGatt.GattService: filter: BluetoothLeScanFilter [mDeviceName=null, mDeviceAddress=null, mUuid=0000ffe2-0000-1000-8000-00805f9b34fb, mUuidMask=null, mServiceDataUuid=null, mServiceData=null, mServiceDataMask=null, mManufacturerId=-1, mManufacturerData=null, mManufacturerDataMask=null]
05-11 19:19:13.334  4866  5107 D BtGatt.ContextMap: sendClientScanResult for app id 6
05-11 19:19:13.334  4527  4665 D ScanRecord: parseFromBytes
05-11 19:19:13.334  4527  4665 D BluetoothLeScanner: onScanResult() - ScanResult{mDevice=CC:1B:E0:60:01:ED, mScanRecord=ScanRecord [mAdvertiseFlags=6, mServiceUuids=[0000ffe2-0000-1000-8000-00805f9b34fb, 0000180a-0000-1000-8000-00805f9b34fb], mManufacturerSpecificData={}, mServiceData={}, mTxPowerLevel=0, mDeviceName=Allie-16154900054], mRssi=-75, mTimestampNanos=80577122850478}
05-11 19:19:13.344  4480  4480 I AccessibilityNodeInfoDumper: Skipping invisible child: android.view.accessibility.AccessibilityNodeInfo@8006917e; boundsInParent: Rect(0, 0 - 0, 112); boundsInScreen: Rect(1536, 58 - 1536, 170); packageName: com.icrealtime.allie; className: android.support.v7.widget.LinearLayoutCompat; text: null; error: null; maxTextLength: -1; contentDescription: null; viewIdResName: null; checkable: false; checked: false; focusable: false; focused: false; selected: false; clickable: false; longClickable: false; enabled: true; password: false; scrollable: false; actions: [AccessibilityAction: ACTION_SELECT - null, AccessibilityAction: ACTION_CLEAR_SELECTION - null, AccessibilityAction: ACTION_ACCESSIBILITY_FOCUS - null]
05-11 19:19:13.349  4480  4480 W AccessibilityNodeInfoDumper: Fetch time: 12ms
05-11 19:19:13.349  4527  4527 D BleRpcConnectionFactory: Device found: Allie-11155102449 (Allie-11155102449)
05-11 19:19:13.349  4527  4527 D FindCamerasTask: Bluetooth device found: CC:1B:E0:61:8F:99, name: Allie-11155102449, scan name: Allie-11155102449
05-11 19:19:13.349  4527  4527 D BleRpcConnectionFactory: Device found: Allie-16154900054 (Allie-16154900054)
05-11 19:19:13.354  4866  4922 D ScanRecord: parseFromBytes
05-11 19:19:13.354  4866  4922 D BtGatt.GattService: result: ScanResult{mDevice=08:00:00:A4:C8:D2, mScanRecord=ScanRecord [mAdvertiseFlags=6, mServiceUuids=[0000ffe2-0000-1000-8000-00805f9b34fb, 0000180a-0000-1000-8000-00805f9b34fb], mManufacturerSpecificData={}, mServiceData={}, mTxPowerLevel=0, mDeviceName=Allie-20154300041], mRssi=-65, mTimestampNanos=80577141156603}
05-11 19:19:13.354  4866  4922 D BtGatt.GattService: filter: BluetoothLeScanFilter [mDeviceName=null, mDeviceAddress=null, mUuid=0000ffe2-0000-1000-8000-00805f9b34fb, mUuidMask=null, mServiceDataUuid=null, mServiceData=null, mServiceDataMask=null, mManufacturerId=-1, mManufacturerData=null, mManufacturerDataMask=null]
05-11 19:19:13.354  4527  4527 D FindCamerasTask: Bluetooth device found: CC:1B:E0:60:01:ED, name: Allie-16154900054, scan name: Allie-16154900054
05-11 19:19:13.354  4866  5107 D BtGatt.ContextMap: sendClientScanResult for app id 6
05-11 19:19:13.354  4527  4665 D ScanRecord: parseFromBytes
05-11 19:19:13.354  4527  4665 D BluetoothLeScanner: onScanResult() - ScanResult{mDevice=08:00:00:A4:C8:D2, mScanRecord=ScanRecord [mAdvertiseFlags=6, mServiceUuids=[0000ffe2-0000-1000-8000-00805f9b34fb, 0000180a-0000-1000-8000-00805f9b34fb], mManufacturerSpecificData={}, mServiceData={}, mTxPowerLevel=0, mDeviceName=Allie-20154300041], mRssi=-65, mTimestampNanos=80577141156603}
05-11 19:19:13.374  4527  4527 D BleRpcConnectionFactory: Device found: Allie-20154300041 (Allie-20154300041)
05-11 19:19:13.374  4527  4527 D FindCamerasTask: Bluetooth device found: 08:00:00:A4:C8:D2, name: Allie-20154300041, scan name: Allie-20154300041
05-11 19:19:13.384  4866  4922 D ScanRecord: parseFromBytes
05-11 19:19:13.384  4866  4922 D BtGatt.GattService: result: ScanResult{mDevice=CC:1B:E0:60:1A:72, mScanRecord=ScanRecord [mAdvertiseFlags=6, mServiceUuids=[0000ffe2-0000-1000-8000-00805f9b34fb, 0000180a-0000-1000-8000-00805f9b34fb], mManufacturerSpecificData={}, mServiceData={}, mTxPowerLevel=0, mDeviceName=Allie-11155302845], mRssi=-68, mTimestampNanos=80577173623353}
05-11 19:19:13.384  4866  4922 D BtGatt.GattService: filter: BluetoothLeScanFilter [mDeviceName=null, mDeviceAddress=null, mUuid=0000ffe2-0000-1000-8000-00805f9b34fb, mUuidMask=null, mServiceDataUuid=null, mServiceData=null, mServiceDataMask=null, mManufacturerId=-1, mManufacturerData=null, mManufacturerDataMask=null]
05-11 19:19:13.384  4866  5107 D BtGatt.ContextMap: sendClientScanResult for app id 6
05-11 19:19:13.384  4527  4665 D ScanRecord: parseFromBytes
05-11 19:19:13.384  4527  4665 D BluetoothLeScanner: onScanResult() - ScanResult{mDevice=CC:1B:E0:60:1A:72, mScanRecord=ScanRecord [mAdvertiseFlags=6, mServiceUuids=[0000ffe2-0000-1000-8000-00805f9b34fb, 0000180a-0000-1000-8000-00805f9b34fb], mManufacturerSpecificData={}, mServiceData={}, mTxPowerLevel=0, mDeviceName=Allie-11155302845], mRssi=-68, mTimestampNanos=80577173623353}
05-11 19:19:13.394  4527  4527 D BleRpcConnectionFactory: Device found: Allie-11155302845 (Allie-11155302845)
05-11 19:19:13.394  4527  4527 D FindCamerasTask: Bluetooth device found: CC:1B:E0:60:1A:72, name: Allie-11155302845, scan name: Allie-11155302845
05-11 19:19:13.394  3257  3599 D ActivityManager: retrieveServiceLocked(): component = null; callingUser = 0; userId(target) = 0
05-11 19:19:13.409  4480  4480 I QueryController: Matched selector: UiSelector[CLASS=android.widget.ProgressBar, INSTANCE=0] <<==>> [android.view.accessibility.AccessibilityNodeInfo@80071120; boundsInParent: Rect(0, 0 - 96, 136); boundsInScreen: Rect(720, 839 - 816, 975); packageName: com.icrealtime.allie; className: android.widget.ProgressBar; text: null; error: null; maxTextLength: -1; contentDescription: null; viewIdResName: com.icrealtime.allie:id/welcome_progress; checkable: false; checked: false; focusable: false; focused: false; selected: false; clickable: false; longClickable: false; enabled: true; password: false; scrollable: false; actions: [AccessibilityAction: ACTION_SELECT - null, AccessibilityAction: ACTION_CLEAR_SELECTION - null, AccessibilityAction: ACTION_ACCESSIBILITY_FOCUS - null]]
05-11 19:19:13.464  4866  4922 D ScanRecord: parseFromBytes
05-11 19:19:13.464  4866  4922 D BtGatt.GattService: result: ScanResult{mDevice=CC:1B:E0:61:8A:31, mScanRecord=ScanRecord [mAdvertiseFlags=6, mServiceUuids=[0000ffe2-0000-1000-8000-00805f9b34fb, 0000180a-0000-1000-8000-00805f9b34fb], mManufacturerSpecificData={}, mServiceData={}, mTxPowerLevel=0, mDeviceName=Allie-16155100228], mRssi=-57, mTimestampNanos=80577252564228}
05-11 19:19:13.464  4866  4922 D BtGatt.GattService: filter: BluetoothLeScanFilter [mDeviceName=null, mDeviceAddress=null, mUuid=0000ffe2-0000-1000-8000-00805f9b34fb, mUuidMask=null, mServiceDataUuid=null, mServiceData=null, mServiceDataMask=null, mManufacturerId=-1, mManufacturerData=null, mManufacturerDataMask=null]
05-11 19:19:13.464  4866  5107 D BtGatt.ContextMap: sendClientScanResult for app id 6
05-11 19:19:13.464  4527  4540 D ScanRecord: parseFromBytes
