05-11 19:19:11.619  4866  4922 D BtGatt.GattService: result: ScanResult{mDevice=CC:1B:E0:60:03:6D, mScanRecord=ScanRecord [mAdvertiseFlags=6, mServiceUuids=[0000ffe2-0000-1000-8000-00805f9b34fb, 0000180a-0000-1000-8000-00805f9b34fb], mManufacturerSpecificData={}, mServiceData={}, mTxPowerLevel=0, mDeviceName=Allie-11155101833], mRssi=-65, mTimestampNanos=80575408662603}
05-11 19:19:11.619  4866  4922 D BtGatt.GattService: filter: BluetoothLeScanFilter [mDeviceName=null, mDeviceAddress=null, mUuid=0000ffe2-0000-1000-8000-00805f9b34fb, mUuidMask=null, mServiceDataUuid=null, mServiceData=null, mServiceDataMask=null, mManufacturerId=-1, mManufacturerData=null, mManufacturerDataMask=null]
05-11 19:19:11.619  4866  5107 D BtGatt.ContextMap: sendClientScanResult for app id 6
05-11 19:19:11.619  4527  4542 D ScanRecord: parseFromBytes
05-11 19:19:11.619  4527  4542 D BluetoothLeScanner: onScanResult() - ScanResult{mDevice=CC:1B:E0:60:03:6D, mScanRecord=ScanRecord [mAdvertiseFlags=6, mServiceUuids=[0000ffe2-0000-1000-8000-00805f9b34fb, 0000180a-0000-1000-8000-00805f9b34fb], mManufacturerSpecificData={}, mServiceData={}, mTxPowerLevel=0, mDeviceName=Allie-11155101833], mRssi=-65, mTimestampNanos=80575408662603}
05-11 19:19:11.634  4527  4527 D BleRpcConnectionFactory: Device found: Allie-11155101833 (Allie-11155101833)
05-11 19:19:11.634  4527  4527 D FindCamerasTask: Bluetooth device found: CC:1B:E0:60:03:6D, name: Allie-11155101833, scan name: Allie-11155101833
05-11 19:19:11.664  4866  4922 D ScanRecord: parseFromBytes
05-11 19:19:11.664  4866  4922 D BtGatt.GattService: result: ScanResult{mDevice=CC:1B:E0:60:04:B9, mScanRecord=ScanRecord [mAdvertiseFlags=6, mServiceUuids=[0000ffe2-0000-1000-8000-00805f9b34fb, 0000180a-0000-1000-8000-00805f9b34fb], mManufacturerSpecificData={}, mServiceData={}, mTxPowerLevel=0, mDeviceName=Allie-11154800468], mRssi=-74, mTimestampNanos=80575451260186}
05-11 19:19:11.664  4866  4922 D BtGatt.GattService: filter: BluetoothLeScanFilter [mDeviceName=null, mDeviceAddress=null, mUuid=0000ffe2-0000-1000-8000-00805f9b34fb, mUuidMask=null, mServiceDataUuid=null, mServiceData=null, mServiceDataMask=null, mManufacturerId=-1, mManufacturerData=null, mManufacturerDataMask=null]
05-11 19:19:11.664  4866  5107 D BtGatt.ContextMap: sendClientScanResult for app id 6
05-11 19:19:11.664  4527  4540 D ScanRecord: parseFromBytes
05-11 19:19:11.664  4527  4540 D BluetoothLeScanner: onScanResult() - ScanResult{mDevice=CC:1B:E0:60:04:B9, mScanRecord=ScanRecord [mAdvertiseFlags=6, mServiceUuids=[0000ffe2-0000-1000-8000-00805f9b34fb, 0000180a-0000-1000-8000-00805f9b34fb], mManufacturerSpecificData={}, mServiceData={}, mTxPowerLevel=0, mDeviceName=Allie-11154800468], mRssi=-74, mTimestampNanos=80575451260186}
05-11 19:19:11.674  4527  4527 D BleRpcConnectionFactory: Device found: Allie-11154800468 (Allie-11154800468)
05-11 19:19:11.674  4527  4527 D FindCamerasTask: Bluetooth device found: CC:1B:E0:60:04:B9, name: Allie-11154800468, scan name: Allie-11154800468
05-11 19:19:11.689  4866  4922 D ScanRecord: parseFromBytes
05-11 19:19:11.689  4866  4922 D BtGatt.GattService: result: ScanResult{mDevice=CC:1B:E0:61:8F:99, mScanRecord=ScanRecord [mAdvertiseFlags=6, mServiceUuids=[0000ffe2-0000-1000-8000-00805f9b34fb, 0000180a-0000-1000-8000-00805f9b34fb], mManufacturerSpecificData={}, mServiceData={}, mTxPowerLevel=0, mDeviceName=Allie-11155102449], mRssi=-75, mTimestampNanos=80575479191103}
05-11 19:19:11.689  4866  4922 D BtGatt.GattService: filter: BluetoothLeScanFilter [mDeviceName=null, mDeviceAddress=null, mUuid=0000ffe2-0000-1000-8000-00805f9b34fb, mUuidMask=null, mServiceDataUuid=null, mServiceData=null, mServiceDataMask=null, mManufacturerId=-1, mManufacturerData=null, mManufacturerDataMask=null]
05-11 19:19:11.689  4866  5107 D BtGatt.ContextMap: sendClientScanResult for app id 6
05-11 19:19:11.689  4527  4540 D ScanRecord: parseFromBytes
05-11 19:19:11.694  4527  4540 D BluetoothLeScanner: onScanResult() - ScanResult{mDevice=CC:1B:E0:61:8F:99, mScanRecord=ScanRecord [mAdvertiseFlags=6, mServiceUuids=[0000ffe2-0000-1000-8000-00805f9b34fb, 0000180a-0000-1000-8000-00805f9b34fb], mManufacturerSpecificData={}, mServiceData={}, mTxPowerLevel=0, mDeviceName=Allie-11155102449], mRssi=-75, mTimestampNanos=80575479191103}
05-11 19:19:11.699  4866  4922 D ScanRecord: parseFromBytes
05-11 19:19:11.699  4866  4922 D BtGatt.GattService: result: ScanResult{mDevice=CC:1B:E0:60:12:1C, mScanRecord=ScanRecord [mAdvertiseFlags=6, mServiceUuids=[0000ffe2-0000-1000-8000-00805f9b34fb, 0000180a-0000-1000-8000-00805f9b34fb], mManufacturerSpecificData={}, mServiceData={}, mTxPowerLevel=0, mDeviceName=Allie-11155102004], mRssi=-73, mTimestampNanos=80575486433645}
05-11 19:19:11.699  4866  4922 D BtGatt.GattService: filter: BluetoothLeScanFilter [mDeviceName=null, mDeviceAddress=null, mUuid=0000ffe2-0000-1000-8000-00805f9b34fb, mUuidMask=null, mServiceDataUuid=null, mServiceData=null, mServiceDataMask=null, mManufacturerId=-1, mManufacturerData=null, mManufacturerDataMask=null]
05-11 19:19:11.699  4866  5107 D BtGatt.ContextMap: sendClientScanResult for app id 6
05-11 19:19:11.699  4527  4542 D ScanRecord: parseFromBytes
05-11 19:19:11.699  4527  4542 D BluetoothLeScanner: onScanResult() - ScanResult{mDevice=CC:1B:E0:60:12:1C, mScanRecord=ScanRecord [mAdvertiseFlags=6, mServiceUuids=[0000ffe2-0000-1000-8000-00805f9b34fb, 0000180a-0000-1000-8000-00805f9b34fb], mManufacturerSpecificData={}, mServiceData={}, mTxPowerLevel=0, mDeviceName=Allie-11155102004], mRssi=-73, mTimestampNanos=80575486433645}
05-11 19:19:11.704  4527  4527 D BleRpcConnectionFactory: Device found: Allie-11155102449 (Allie-11155102449)
05-11 19:19:11.704  4527  4527 D FindCamerasTask: Bluetooth device found: CC:1B:E0:61:8F:99, name: Allie-11155102449, scan name: Allie-11155102449
05-11 19:19:11.714  4527  4527 D BleRpcConnectionFactory: Device found: Allie-11155102004 (Allie-11155102004)
05-11 19:19:11.714  4527  4527 D FindCamerasTask: Bluetooth device found: CC:1B:E0:60:12:1C, name: Allie-11155102004, scan name: Allie-11155102004
05-11 19:19:11.714  4866  4922 D ScanRecord: parseFromBytes
05-11 19:19:11.714  4866  4922 D BtGatt.GattService: result: ScanResult{mDevice=CC:1B:E0:60:01:ED, mScanRecord=ScanRecord [mAdvertiseFlags=6, mServiceUuids=[0000ffe2-0000-1000-8000-00805f9b34fb, 0000180a-0000-1000-8000-00805f9b34fb], mManufacturerSpecificData={}, mServiceData={}, mTxPowerLevel=0, mDeviceName=Allie-16154900054], mRssi=-71, mTimestampNanos=80575501947020}
05-11 19:19:11.714  4866  4922 D BtGatt.GattService: filter: BluetoothLeScanFilter [mDeviceName=null, mDeviceAddress=null, mUuid=0000ffe2-0000-1000-8000-00805f9b34fb, mUuidMask=null, mServiceDataUuid=null, mServiceData=null, mServiceDataMask=null, mManufacturerId=-1, mManufacturerData=null, mManufacturerDataMask=null]
05-11 19:19:11.714  4866  5107 D BtGatt.ContextMap: sendClientScanResult for app id 6
05-11 19:19:11.714  4527  4593 D ScanRecord: parseFromBytes
05-11 19:19:11.714  4527  4593 D BluetoothLeScanner: onScanResult() - ScanResult{mDevice=CC:1B:E0:60:01:ED, mScanRecord=ScanRecord [mAdvertiseFlags=6, mServiceUuids=[0000ffe2-0000-1000-8000-00805f9b34fb, 0000180a-0000-1000-8000-00805f9b34fb], mManufacturerSpecificData={}, mServiceData={}, mTxPowerLevel=0, mDeviceName=Allie-16154900054], mRssi=-71, mTimestampNanos=80575501947020}
05-11 19:19:11.724  4527  4527 D BleRpcConnectionFactory: Device found: Allie-16154900054 (Allie-16154900054)
05-11 19:19:11.724  4480  4480 I QueryController: Matched selector: UiSelector[CLASS=android.widget.ProgressBar, INSTANCE=0] <<==>> [android.view.accessibility.AccessibilityNodeInfo@80071120; boundsInParent: Rect(0, 0 - 96, 136); boundsInScreen: Rect(720, 839 - 816, 975); packageName: com.icrealtime.allie; className: android.widget.ProgressBar; text: null; error: null; maxTextLength: -1; contentDescription: null; viewIdResName: com.icrealtime.allie:id/welcome_progress; checkable: false; checked: false; focusable: false; focused: false; selected: false; clickable: false; longClickable: false; enabled: true; password: false; scrollable: false; actions: [AccessibilityAction: ACTION_SELECT - null, AccessibilityAction: ACTION_CLEAR_SELECTION - null, AccessibilityAction: ACTION_ACCESSIBILITY_FOCUS - null]]
05-11 19:19:11.724  4527  4527 D FindCamerasTask: Bluetooth device found: CC:1B:E0:60:01:ED, name: Allie-16154900054, scan name: Allie-16154900054
05-11 19:19:11.729  4866  4922 D ScanRecord: parseFromBytes
05-11 19:19:11.729  4866  4922 D BtGatt.GattService: result: ScanResult{mDevice=08:00:00:A4:C8:D2, mScanRecord=ScanRecord [mAdvertiseFlags=6, mServiceUuids=[0000ffe2-0000-1000-8000-00805f9b34fb, 0000180a-0000-1000-8000-00805f9b34fb], mManufacturerSpecificData={}, mServiceData={}, mTxPowerLevel=0, mDeviceName=Allie-20154300041], mRssi=-62, mTimestampNanos=80575519302936}
05-11 19:19:11.729  4866  4922 D BtGatt.GattService: filter: BluetoothLeScanFilter [mDeviceName=null, mDeviceAddress=null, mUuid=0000ffe2-0000-1000-8000-00805f9b34fb, mUuidMask=null, mServiceDataUuid=null, mServiceData=null, mServiceDataMask=null, mManufacturerId=-1, mManufacturerData=null, mManufacturerDataMask=null]
05-11 19:19:11.729  4866  5107 D BtGatt.ContextMap: sendClientScanResult for app id 6
05-11 19:19:11.734  4527  4540 D ScanRecord: parseFromBytes
05-11 19:19:11.734 20046 20066 I Quasar  : start to send events
05-11 19:19:11.734  4527  4540 D BluetoothLeScanner: onScanResult() - ScanResult{mDevice=08:00:00:A4:C8:D2, mScanRecord=ScanRecord [mAdvertiseFlags=6, mServiceUuids=[0000ffe2-0000-1000-8000-00805f9b34fb, 0000180a-0000-1000-8000-00805f9b34fb], mManufacturerSpecificData={}, mServiceData={}, mTxPowerLevel=0, mDeviceName=Allie-20154300041], mRssi=-62, mTimestampNanos=80575519302936}
05-11 19:19:11.744  4527  4527 D BleRpcConnectionFactory: Device found: Allie-20154300041 (Allie-20154300041)
05-11 19:19:11.744  4527  4527 D FindCamerasTask: Bluetooth device found: 08:00:00:A4:C8:D2, name: Allie-20154300041, scan name: Allie-20154300041
05-11 19:19:11.814  4480  4480 I QueryController: Matched selector: UiSelector[CLASS=android.widget.ProgressBar, INSTANCE=0] <<==>> [android.view.accessibility.AccessibilityNodeInfo@80071120; boundsInParent: Rect(0, 0 - 96, 136); boundsInScreen: Rect(720, 839 - 816, 975); packageName: com.icrealtime.allie; className: android.widget.ProgressBar; text: null; error: null; maxTextLength: -1; contentDescription: null; viewIdResName: com.icrealtime.allie:id/welcome_progress; checkable: false; checked: false; focusable: false; focused: false; selected: false; clickable: false; longClickable: false; enabled: true; password: false; scrollable: false; actions: [AccessibilityAction: ACTION_SELECT - null, AccessibilityAction: ACTION_CLEAR_SELECTION - null, AccessibilityAction: ACTION_ACCESSIBILITY_FOCUS - null]]
05-11 19:19:11.814  4480  4480 D UiObject: getText() = 
05-11 19:19:11.889  4480  4480 I AccessibilityNodeInfoDumper: Skipping invisible child: android.view.accessibility.AccessibilityNodeInfo@8006917e; boundsInParent: Rect(0, 0 - 0, 112); boundsInScreen: Rect(1536, 58 - 1536, 170); packageName: com.icrealtime.allie; className: android.support.v7.widget.LinearLayoutCompat; text: null; error: null; maxTextLength: -1; contentDescription: null; viewIdResName: null; checkable: false; checked: false; focusable: false; focused: false; selected: false; clickable: false; longClickable: false; enabled: true; password: false; scrollable: false; actions: [AccessibilityAction: ACTION_SELECT - null, AccessibilityAction: ACTION_CLEAR_SELECTION - null, AccessibilityAction: ACTION_ACCESSIBILITY_FOCUS - null]
05-11 19:19:11.894  4480  4480 W AccessibilityNodeInfoDumper: Fetch time: 11ms
05-11 19:19:11.904  4866  4922 D ScanRecord: parseFromBytes
05-11 19:19:11.909  4866  4922 D BtGatt.GattService: result: ScanResult{mDevice=CC:1B:E0:60:16:22, mScanRecord=ScanRecord [mAdvertiseFlags=6, mServiceUuids=[0000ffe2-0000-1000-8000-00805f9b34fb, 0000180a-0000-1000-8000-00805f9b34fb], mManufacturerSpecificData={}, mServiceData={}, mTxPowerLevel=0, mDeviceName=Allie-16155202744], mRssi=-90, mTimestampNanos=80575695137770}
05-11 19:19:11.909  4866  4922 D BtGatt.GattService: filter: BluetoothLeScanFilter [mDeviceName=null, mDeviceAddress=null, mUuid=0000ffe2-0000-1000-8000-00805f9b34fb, mUuidMask=null, mServiceDataUuid=null, mServiceData=null, mServiceDataMask=null, mManufacturerId=-1, mManufacturerData=null, mManufacturerDataMask=null]
05-11 19:19:11.909  4866  5107 D BtGatt.ContextMap: sendClientScanResult for app id 6
05-11 19:19:11.909  4527  4593 D ScanRecord: parseFromBytes
05-11 19:19:11.909  4527  4593 D BluetoothLeScanner: onScanResult() - ScanResult{mDevice=CC:1B:E0:60:16:22, mScanRecord=ScanRecord [mAdvertiseFlags=6, mServiceUuids=[0000ffe2-0000-1000-8000-00805f9b34fb, 0000180a-0000-1000-8000-00805f9b34fb], mManufacturerSpecificData={}, mServiceData={}, mTxPowerLevel=0, mDeviceName=Allie-16155202744], mRssi=-90, mTimestampNanos=80575695137770}
05-11 19:19:11.919  4527  4527 D BleRpcConnectionFactory: Device found: Allie-16155202744 (Allie-16155202744)
05-11 19:19:11.924  4527  4527 D FindCamerasTask: Bluetooth device found: CC:1B:E0:60:16:22, name: Allie-16155202744, scan name: Allie-16155202744
05-11 19:19:11.924  4866  4922 D ScanRecord: parseFromBytes
05-11 19:19:11.924  4866  4922 D BtGatt.GattService: result: ScanResult{mDevice=CC:1B:E0:60:11:A2, mScanRecord=ScanRecord [mAdvertiseFlags=6, mServiceUuids=[0000ffe2-0000-1000-8000-00805f9b34fb, 0000180a-0000-1000-8000-00805f9b34fb], mManufacturerSpecificData={}, mServiceData={}, mTxPowerLevel=0, mDeviceName=Allie-11155303280], mRssi=-83, mTimestampNanos=80575712444895}
05-11 19:19:11.924  4866  4922 D BtGatt.GattService: filter: BluetoothLeScanFilter [mDeviceName=null, mDeviceAddress=null, mUuid=0000ffe2-0000-1000-8000-00805f9b34fb, mUuidMask=null, mServiceDataUuid=null, mServiceData=null, mServiceDataMask=null, mManufacturerId=-1, mManufacturerData=null, mManufacturerDataMask=null]
05-11 19:19:11.924  4866  5107 D BtGatt.ContextMap: sendClientScanResult for app id 6
05-11 19:19:11.924  4527  4665 D ScanRecord: parseFromBytes
05-11 19:19:11.924  4527  4665 D BluetoothLeScanner: onScanResult() - ScanResult{mDevice=CC:1B:E0:60:11:A2, mScanRecord=ScanRecord [mAdvertiseFlags=6, mServiceUuids=[0000ffe2-0000-1000-8000-00805f9b34fb, 0000180a-0000-1000-8000-00805f9b34fb], mManufacturerSpecificData={}, mServiceData={}, mTxPowerLevel=0, mDeviceName=Allie-11155303280], mRssi=-83, mTimestampNanos=80575712444895}
05-11 19:19:11.929  4079  5103 I art     : Explicit concurrent mark sweep GC freed 29253(993KB) AllocSpace objects, 0(0B) LOS objects, 25% free, 11MB/15MB, paused 1.111ms total 64.962ms
05-11 19:19:11.929  4866  4922 D ScanRecord: parseFromBytes
05-11 19:19:11.929  4866  4922 D BtGatt.GattService: result: ScanResult{mDevice=CC:1B:E0:61:89:5F, mScanRecord=ScanRecord [mAdvertiseFlags=6, mServiceUuids=[0000ffe2-0000-1000-8000-00805f9b34fb, 0000180a-0000-1000-8000-00805f9b34fb], mManufacturerSpecificData={}, mServiceData={}, mTxPowerLevel=0, mDeviceName=Allie-11155101763], mRssi=-77, mTimestampNanos=80575719331811}
05-11 19:19:11.929  4866  4922 D BtGatt.GattService: filter: BluetoothLeScanFilter [mDeviceName=null, mDeviceAddress=null, mUuid=0000ffe2-0000-1000-8000-00805f9b34fb, mUuidMask=null, mServiceDataUuid=null, mServiceData=null, mServiceDataMask=null, mManufacturerId=-1, mManufacturerData=null, mManufacturerDataMask=null]
05-11 19:19:11.929  4866  5107 D BtGatt.ContextMap: sendClientScanResult for app id 6
05-11 19:19:11.929  4527  4540 D ScanRecord: parseFromBytes
05-11 19:19:11.929  3257  5285 D ActivityManager: retrieveServiceLocked(): component = null; callingUser = 0; userId(target) = 0
05-11 19:19:11.934  4527  4540 D BluetoothLeScanner: onScanResult() - ScanResult{mDevice=CC:1B:E0:61:89:5F, mScanRecord=ScanRecord [mAdvertiseFlags=6, mServiceUuids=[0000ffe2-0000-1000-8000-00805f9b34fb, 0000180a-0000-1000-8000-00805f9b34fb], mManufacturerSpecificData={}, mServiceData={}, mTxPowerLevel=0, mDeviceName=Allie-11155101763], mRssi=-77, mTimestampNanos=80575719331811}
05-11 19:19:11.934  3257  3352 D ActivityManager: retrieveServiceLocked(): component = null; callingUser = 0; userId(target) = 0
05-11 19:19:11.939  4527  4527 D BleRpcConnectionFactory: Device found: Allie-11155303280 (Allie-11155303280)
05-11 19:19:11.939  4527  4527 D FindCamerasTask: Bluetooth device found: CC:1B:E0:60:11:A2, name: Allie-11155303280, scan name: Allie-11155303280
05-11 19:19:11.944  4527  4527 D BleRpcConnectionFactory: Device found: Allie-11155101763 (Allie-11155101763)
05-11 19:19:11.944  4527  4527 D FindCamerasTask: Bluetooth device found: CC:1B:E0:61:89:5F, name: Allie-11155101763, scan name: Allie-11155101763
05-11 19:19:11.949  4866  4922 D ScanRecord: parseFromBytes
05-11 19:19:11.949  4866  4922 D BtGatt.GattService: result: ScanResult{mDevice=CC:1B:E0:60:03:6D, mScanRecord=ScanRecord [mAdvertiseFlags=6, mServiceUuids=[0000ffe2-0000-1000-8000-00805f9b34fb, 0000180a-0000-1000-8000-00805f9b34fb], mManufacturerSpecificData={}, mServiceData={}, mTxPowerLevel=0, mDeviceName=Allie-11155101833], mRssi=-65, mTimestampNanos=80575736274853}
05-11 19:19:11.949  4866  4922 D BtGatt.GattService: filter: BluetoothLeScanFilter [mDeviceName=null, mDeviceAddress=null, mUuid=0000ffe2-0000-1000-8000-00805f9b34fb, mUuidMask=null, mServiceDataUuid=null, mServiceData=null, mServiceDataMask=null, mManufacturerId=-1, mManufacturerData=null, mManufacturerDataMask=null]
05-11 19:19:11.949  4866  5107 D BtGatt.ContextMap: sendClientScanResult for app id 6
05-11 19:19:11.949  4527  4540 D ScanRecord: parseFromBytes
05-11 19:19:11.949  4527  4540 D BluetoothLeScanner: onScanResult() - ScanResult{mDevice=CC:1B:E0:60:03:6D, mScanRecord=ScanRecord [mAdvertiseFlags=6, mServiceUuids=[0000ffe2-0000-1000-8000-00805f9b34fb, 0000180a-0000-1000-8000-00805f9b34fb], mManufacturerSpecificData={}, mServiceData={}, mTxPowerLevel=0, mDeviceName=Allie-11155101833], mRssi=-65, mTimestampNanos=80575736274853}
05-11 19:19:11.959  4527  4527 D BleRpcConnectionFactory: Device found: Allie-11155101833 (Allie-11155101833)
05-11 19:19:11.959  4480  4480 I QueryController: Matched selector: UiSelector[CLASS=android.widget.ProgressBar, INSTANCE=0] <<==>> [android.view.accessibility.AccessibilityNodeInfo@80071120; boundsInParent: Rect(0, 0 - 96, 136); boundsInScreen: Rect(720, 839 - 816, 975); packageName: com.icrealtime.allie; className: android.widget.ProgressBar; text: null; error: null; maxTextLength: -1; contentDescription: null; viewIdResName: com.icrealtime.allie:id/welcome_progress; checkable: false; checked: false; focusable: false; focused: false; selected: false; clickable: false; longClickable: false; enabled: true; password: false; scrollable: false; actions: [AccessibilityAction: ACTION_SELECT - null, AccessibilityAction: ACTION_CLEAR_SELECTION - null, AccessibilityAction: ACTION_ACCESSIBILITY_FOCUS - null]]
05-11 19:19:11.959  4527  4527 D FindCamerasTask: Bluetooth device found: CC:1B:E0:60:03:6D, name: Allie-11155101833, scan name: Allie-11155101833
05-11 19:19:11.984  4866  4922 D ScanRecord: parseFromBytes
05-11 19:19:11.984  4866  4922 D BtGatt.GattService: result: ScanResult{mDevice=CC:1B:E0:60:04:B9, mScanRecord=ScanRecord [mAdvertiseFlags=6, mServiceUuids=[0000ffe2-0000-1000-8000-00805f9b34fb, 0000180a-0000-1000-8000-00805f9b34fb], mManufacturerSpecificData={}, mServiceData={}, mTxPowerLevel=0, mDeviceName=Allie-11154800468], mRssi=-76, mTimestampNanos=80575772336728}
05-11 19:19:11.984  4866  4922 D BtGatt.GattService: filter: BluetoothLeScanFilter [mDeviceName=null, mDeviceAddress=null, mUuid=0000ffe2-0000-1000-8000-00805f9b34fb, mUuidMask=null, mServiceDataUuid=null, mServiceData=null, mServiceDataMask=null, mManufacturerId=-1, mManufacturerData=null, mManufacturerDataMask=null]
05-11 19:19:11.984  4866  5107 D BtGatt.ContextMap: sendClientScanResult for app id 6
05-11 19:19:11.984  4527  4665 D ScanRecord: parseFromBytes
05-11 19:19:11.984  4527  4665 D BluetoothLeScanner: onScanResult() - ScanResult{mDevice=CC:1B:E0:60:04:B9, mScanRecord=ScanRecord [mAdvertiseFlags=6, mServiceUuids=[0000ffe2-0000-1000-8000-00805f9b34fb, 0000180a-0000-1000-8000-00805f9b34fb], mManufacturerSpecificData={}, mServiceData={}, mTxPowerLevel=0, mDeviceName=Allie-11154800468], mRssi=-76, mTimestampNanos=80575772336728}
05-11 19:19:11.994  4527  4527 D BleRpcConnectionFactory: Device found: Allie-11154800468 (Allie-11154800468)
05-11 19:19:11.994  4527  4527 D FindCamerasTask: Bluetooth device found: CC:1B:E0:60:04:B9, name: Allie-11154800468, scan name: Allie-11154800468
05-11 19:19:12.019  4866  4922 D ScanRecord: parseFromBytes
05-11 19:19:12.019  4866  4922 D BtGatt.GattService: result: ScanResult{mDevice=CC:1B:E0:61:8F:99, mScanRecord=ScanRecord [mAdvertiseFlags=6, mServiceUuids=[0000ffe2-0000-1000-8000-00805f9b34fb, 0000180a-0000-1000-8000-00805f9b34fb], mManufacturerSpecificData={}, mServiceData={}, mTxPowerLevel=0, mDeviceName=Allie-11155102449], mRssi=-70, mTimestampNanos=80575805169937}
05-11 19:19:12.019  4866  4922 D BtGatt.GattService: filter: BluetoothLeScanFilter [mDeviceName=null, mDeviceAddress=null, mUuid=0000ffe2-0000-1000-8000-00805f9b34fb, mUuidMask=null, mServiceDataUuid=null, mServiceData=null, mServiceDataMask=null, mManufacturerId=-1, mManufacturerData=null, mManufacturerDataMask=null]
05-11 19:19:12.019  4866  5107 D BtGatt.ContextMap: sendClientScanResult for app id 6
05-11 19:19:12.019  4527  4540 D ScanRecord: parseFromBytes
05-11 19:19:12.019  4527  4540 D BluetoothLeScanner: onScanResult() - ScanResult{mDevice=CC:1B:E0:61:8F:99, mScanRecord=ScanRecord [mAdvertiseFlags=6, mServiceUuids=[0000ffe2-0000-1000-8000-00805f9b34fb, 0000180a-0000-1000-8000-00805f9b34fb], mManufacturerSpecificData={}, mServiceData={}, mTxPowerLevel=0, mDeviceName=Allie-11155102449], mRssi=-70, mTimestampNanos=80575805169937}
05-11 19:19:12.024  4866  4922 D ScanRecord: parseFromBytes
05-11 19:19:12.024  4866  4922 D BtGatt.GattService: result: ScanResult{mDevice=CC:1B:E0:60:12:1C, mScanRecord=ScanRecord [mAdvertiseFlags=6, mServiceUuids=[0000ffe2-0000-1000-8000-00805f9b34fb, 0000180a-0000-1000-8000-00805f9b34fb], mManufacturerSpecificData={}, mServiceData={}, mTxPowerLevel=0, mDeviceName=Allie-11155102004], mRssi=-75, mTimestampNanos=80575811269312}
05-11 19:19:12.024  4866  4922 D BtGatt.GattService: filter: BluetoothLeScanFilter [mDeviceName=null, mDeviceAddress=null, mUuid=0000ffe2-0000-1000-8000-00805f9b34fb, mUuidMask=null, mServiceDataUuid=null, mServiceData=null, mServiceDataMask=null, mManufacturerId=-1, mManufacturerData=null, mManufacturerDataMask=null]
05-11 19:19:12.024  4866  5107 D BtGatt.ContextMap: sendClientScanResult for app id 6
05-11 19:19:12.024  4527  4593 D ScanRecord: parseFromBytes
05-11 19:19:12.024  4527  4593 D BluetoothLeScanner: onScanResult() - ScanResult{mDevice=CC:1B:E0:60:12:1C, mScanRecord=ScanRecord [mAdvertiseFlags=6, mServiceUuids=[0000ffe2-0000-1000-8000-00805f9b34fb, 0000180a-0000-1000-8000-00805f9b34fb], mManufacturerSpecificData={}, mServiceData={}, mTxPowerLevel=0, mDeviceName=Allie-11155102004], mRssi=-75, mTimestampNanos=80575811269312}
05-11 19:19:12.029  4527  4527 D BleRpcConnectionFactory: Device found: Allie-11155102449 (Allie-11155102449)
05-11 19:19:12.029  4527  4527 D FindCamerasTask: Bluetooth device found: CC:1B:E0:61:8F:99, name: Allie-11155102449, scan name: Allie-11155102449
05-11 19:19:12.029  4480  4480 I QueryController: Matched selector: UiSelector[CLASS=android.widget.ProgressBar, INSTANCE=0] <<==>> [android.view.accessibility.AccessibilityNodeInfo@80071120; boundsInParent: Rect(0, 0 - 96, 136); boundsInScreen: Rect(720, 839 - 816, 975); packageName: com.icrealtime.allie; className: android.widget.ProgressBar; text: null; error: null; maxTextLength: -1; contentDescription: null; viewIdResName: com.icrealtime.allie:id/welcome_progress; checkable: false; checked: false; focusable: false; focused: false; selected: false; clickable: false; longClickable: false; enabled: true; password: false; scrollable: false; actions: [AccessibilityAction: ACTION_SELECT - null, AccessibilityAction: ACTION_CLEAR_SELECTION - null, AccessibilityAction: ACTION_ACCESSIBILITY_FOCUS - null]]
05-11 19:19:12.029  4480  4480 D UiObject: getText() = 
05-11 19:19:12.039  4527  4527 D BleRpcConnectionFactory: Device found: Allie-11155102004 (Allie-11155102004)
05-11 19:19:12.039  4527  4527 D FindCamerasTask: Bluetooth device found: CC:1B:E0:60:12:1C, name: Allie-11155102004, scan name: Allie-11155102004
05-11 19:19:12.044  4866  4922 D ScanRecord: parseFromBytes
05-11 19:19:12.044  4866  4922 D BtGatt.GattService: result: ScanResult{mDevice=CC:1B:E0:60:01:ED, mScanRecord=ScanRecord [mAdvertiseFlags=6, mServiceUuids=[0000ffe2-0000-1000-8000-00805f9b34fb, 0000180a-0000-1000-8000-00805f9b34fb], mManufacturerSpecificData={}, mServiceData={}, mTxPowerLevel=0, mDeviceName=Allie-16154900054], mRssi=-71, mTimestampNanos=80575831603520}
05-11 19:19:12.044  4866  4922 D BtGatt.GattService: filter: BluetoothLeScanFilter [mDeviceName=null, mDeviceAddress=null, mUuid=0000ffe2-0000-1000-8000-00805f9b34fb, mUuidMask=null, mServiceDataUuid=null, mServiceData=null, mServiceDataMask=null, mManufacturerId=-1, mManufacturerData=null, mManufacturerDataMask=null]
05-11 19:19:12.044  4866  5107 D BtGatt.ContextMap: sendClientScanResult for app id 6
05-11 19:19:12.044  4527  4665 D ScanRecord: parseFromBytes
05-11 19:19:12.044  4527  4665 D BluetoothLeScanner: onScanResult() - ScanResult{mDevice=CC:1B:E0:60:01:ED, mScanRecord=ScanRecord [mAdvertiseFlags=6, mServiceUuids=[0000ffe2-0000-1000-8000-00805f9b34fb, 0000180a-0000-1000-8000-00805f9b34fb], mManufacturerSpecificData={}, mServiceData={}, mTxPowerLevel=0, mDeviceName=Allie-16154900054], mRssi=-71, mTimestampNanos=80575831603520}
05-11 19:19:12.049  4866  4922 D ScanRecord: parseFromBytes
05-11 19:19:12.049  4866  4922 D BtGatt.GattService: result: ScanResult{mDevice=08:00:00:A4:C8:D2, mScanRecord=ScanRecord [mAdvertiseFlags=6, mServiceUuids=[0000ffe2-0000-1000-8000-00805f9b34fb, 0000180a-0000-1000-8000-00805f9b34fb], mManufacturerSpecificData={}, mServiceData={}, mTxPowerLevel=0, mDeviceName=Allie-20154300041], mRssi=-60, mTimestampNanos=80575839357145}
05-11 19:19:12.049  4866  4922 D BtGatt.GattService: filter: BluetoothLeScanFilter [mDeviceName=null, mDeviceAddress=null, mUuid=0000ffe2-0000-1000-8000-00805f9b34fb, mUuidMask=null, mServiceDataUuid=null, mServiceData=null, mServiceDataMask=null, mManufacturerId=-1, mManufacturerData=null, mManufacturerDataMask=null]
05-11 19:19:12.049  4866  5107 D BtGatt.ContextMap: sendClientScanResult for app id 6
05-11 19:19:12.054  4527  4540 D ScanRecord: parseFromBytes
05-11 19:19:12.054  4527  4540 D BluetoothLeScanner: onScanResult() - ScanResult{mDevice=08:00:00:A4:C8:D2, mScanRecord=ScanRecord [mAdvertiseFlags=6, mServiceUuids=[0000ffe2-0000-1000-8000-00805f9b34fb, 0000180a-0000-1000-8000-00805f9b34fb], mManufacturerSpecificData={}, mServiceData={}, mTxPowerLevel=0, mDeviceName=Allie-20154300041], mRssi=-60, mTimestampNanos=80575839357145}
05-11 19:19:12.054  4527  4527 D BleRpcConnectionFactory: Device found: Allie-16154900054 (Allie-16154900054)
05-11 19:19:12.059  4527  4527 D FindCamerasTask: Bluetooth device found: CC:1B:E0:60:01:ED, name: Allie-16154900054, scan name: Allie-16154900054
05-11 19:19:12.064  4527  4527 D BleRpcConnectionFactory: Device found: Allie-20154300041 (Allie-20154300041)
05-11 19:19:12.064  4527  4527 D FindCamerasTask: Bluetooth device found: 08:00:00:A4:C8:D2, name: Allie-20154300041, scan name: Allie-20154300041
05-11 19:19:12.164  3257  3528 D ActivityManager: retrieveServiceLocked(): component = null; callingUser = 0; userId(target) = 0
05-11 19:19:12.169  3257  6985 D ActivityManager: retrieveServiceLocked(): component = null; callingUser = 0; userId(target) = 0
05-11 19:19:12.174  4866  4922 D ScanRecord: parseFromBytes
05-11 19:19:12.174  4866  4922 D BtGatt.GattService: result: ScanResult{mDevice=CC:1B:E0:61:8A:31, mScanRecord=ScanRecord [mAdvertiseFlags=6, mServiceUuids=[0000ffe2-0000-1000-8000-00805f9b34fb, 0000180a-0000-1000-8000-00805f9b34fb], mManufacturerSpecificData={}, mServiceData={}, mTxPowerLevel=0, mDeviceName=Allie-16155100228], mRssi=-56, mTimestampNanos=80575962655437}
05-11 19:19:12.174  4866  4922 D BtGatt.GattService: filter: BluetoothLeScanFilter [mDeviceName=null, mDeviceAddress=null, mUuid=0000ffe2-0000-1000-8000-00805f9b34fb, mUuidMask=null, mServiceDataUuid=null, mServiceData=null, mServiceDataMask=null, mManufacturerId=-1, mManufacturerData=null, mManufacturerDataMask=null]
05-11 19:19:12.174  4866  5107 D BtGatt.ContextMap: sendClientScanResult for app id 6
05-11 19:19:12.174  4527  4540 D ScanRecord: parseFromBytes
05-11 19:19:12.174  4527  4540 D BluetoothLeScanner: onScanResult() - ScanResult{mDevice=CC:1B:E0:61:8A:31, mScanRecord=ScanRecord [mAdvertiseFlags=6, mServiceUuids=[0000ffe2-0000-1000-8000-00805f9b34fb, 0000180a-0000-1000-8000-00805f9b34fb], mManufacturerSpecificData={}, mServiceData={}, mTxPowerLevel=0, mDeviceName=Allie-16155100228], mRssi=-56, mTimestampNanos=80575962655437}
05-11 19:19:12.194  4527  4527 D BleRpcConnectionFactory: Device found: Allie-16155100228 (Allie-16155100228)
05-11 19:19:12.194  4527  4527 D FindCamerasTask: Bluetooth device found: CC:1B:E0:61:8A:31, name: Allie-16155100228, scan name: Allie-16155100228
05-11 19:19:12.209  4480  4480 I AccessibilityNodeInfoDumper: Skipping invisible child: android.view.accessibility.AccessibilityNodeInfo@8006917e; boundsInParent: Rect(0, 0 - 0, 112); boundsInScreen: Rect(1536, 58 - 1536, 170); packageName: com.icrealtime.allie; className: android.support.v7.widget.LinearLayoutCompat; text: null; error: null; maxTextLength: -1; contentDescription: null; viewIdResName: null; checkable: false; checked: false; focusable: false; focused: false; selected: false; clickable: false; longClickable: false; enabled: true; password: false; scrollable: false; actions: [AccessibilityAction: ACTION_SELECT - null, AccessibilityAction: ACTION_CLEAR_SELECTION - null, AccessibilityAction: ACTION_ACCESSIBILITY_FOCUS - null]
05-11 19:19:12.219  4480  4480 W AccessibilityNodeInfoDumper: Fetch time: 11ms
05-11 19:19:12.234  4866  4922 D ScanRecord: parseFromBytes
05-11 19:19:12.239  4866  4922 D BtGatt.GattService: result: ScanResult{mDevice=CC:1B:E0:60:16:22, mScanRecord=ScanRecord [mAdvertiseFlags=6, mServiceUuids=[0000ffe2-0000-1000-8000-00805f9b34fb, 0000180a-0000-1000-8000-00805f9b34fb], mManufacturerSpecificData={}, mServiceData={}, mTxPowerLevel=0, mDeviceName=Allie-16155202744], mRssi=-90, mTimestampNanos=80576025106353}
05-11 19:19:12.239  4866  4922 D BtGatt.GattService: filter: BluetoothLeScanFilter [mDeviceName=null, mDeviceAddress=null, mUuid=0000ffe2-0000-1000-8000-00805f9b34fb, mUuidMask=null, mServiceDataUuid=null, mServiceData=null, mServiceDataMask=null, mManufacturerId=-1, mManufacturerData=null, mManufacturerDataMask=null]
05-11 19:19:12.239  4866  5107 D BtGatt.ContextMap: sendClientScanResult for app id 6
05-11 19:19:12.239  4527  4542 D ScanRecord: parseFromBytes
05-11 19:19:12.239  4527  4542 D BluetoothLeScanner: onScanResult() - ScanResult{mDevice=CC:1B:E0:60:16:22, mScanRecord=ScanRecord [mAdvertiseFlags=6, mServiceUuids=[0000ffe2-0000-1000-8000-00805f9b34fb, 0000180a-0000-1000-8000-00805f9b34fb], mManufacturerSpecificData={}, mServiceData={}, mTxPowerLevel=0, mDeviceName=Allie-16155202744], mRssi=-90, mTimestampNanos=80576025106353}
05-11 19:19:12.244  4527  4527 D BleRpcConnectionFactory: Device found: Allie-16155202744 (Allie-16155202744)
05-11 19:19:12.244  4527  4527 D FindCamerasTask: Bluetooth device found: CC:1B:E0:60:16:22, name: Allie-16155202744, scan name: Allie-16155202744
05-11 19:19:12.259  4866  4922 D ScanRecord: parseFromBytes
05-11 19:19:12.259  4866  4922 D BtGatt.GattService: result: ScanResult{mDevice=CC:1B:E0:61:89:5F, mScanRecord=ScanRecord [mAdvertiseFlags=6, mServiceUuids=[0000ffe2-0000-1000-8000-00805f9b34fb, 0000180a-0000-1000-8000-00805f9b34fb], mManufacturerSpecificData={}, mServiceData={}, mTxPowerLevel=0, mDeviceName=Allie-11155101763], mRssi=-77, mTimestampNanos=80576047000353}
05-11 19:19:12.259  4866  4922 D BtGatt.GattService: filter: BluetoothLeScanFilter [mDeviceName=null, mDeviceAddress=null, mUuid=0000ffe2-0000-1000-8000-00805f9b34fb, mUuidMask=null, mServiceDataUuid=null, mServiceData=null, mServiceDataMask=null, mManufacturerId=-1, mManufacturerData=null, mManufacturerDataMask=null]
05-11 19:19:12.259  4866  5107 D BtGatt.ContextMap: sendClientScanResult for app id 6
05-11 19:19:12.259  4527  4593 D ScanRecord: parseFromBytes
05-11 19:19:12.259  4527  4593 D BluetoothLeScanner: onScanResult() - ScanResult{mDevice=CC:1B:E0:61:89:5F, mScanRecord=ScanRecord [mAdvertiseFlags=6, mServiceUuids=[0000ffe2-0000-1000-8000-00805f9b34fb, 0000180a-0000-1000-8000-00805f9b34fb], mManufacturerSpecificData={}, mServiceData={}, mTxPowerLevel=0, mDeviceName=Allie-11155101763], mRssi=-77, mTimestampNanos=80576047000353}
05-11 19:19:12.274  4527  4527 D BleRpcConnectionFactory: Device found: Allie-11155101763 (Allie-11155101763)
05-11 19:19:12.274  4866  4922 D ScanRecord: parseFromBytes
05-11 19:19:12.279  4866  4922 D BtGatt.GattService: result: ScanResult{mDevice=CC:1B:E0:60:03:6D, mScanRecord=ScanRecord [mAdvertiseFlags=6, mServiceUuids=[0000ffe2-0000-1000-8000-00805f9b34fb, 0000180a-0000-1000-8000-00805f9b34fb], mManufacturerSpecificData={}, mServiceData={}, mTxPowerLevel=0, mDeviceName=Allie-11155101833], mRssi=-63, mTimestampNanos=80576065126395}
05-11 19:19:12.279  4866  4922 D BtGatt.GattService: filter: BluetoothLeScanFilter [mDeviceName=null, mDeviceAddress=null, mUuid=0000ffe2-0000-1000-8000-00805f9b34fb, mUuidMask=null, mServiceDataUuid=null, mServiceData=null, mServiceDataMask=null, mManufacturerId=-1, mManufacturerData=null, mManufacturerDataMask=null]
05-11 19:19:12.279  4866  5107 D BtGatt.ContextMap: sendClientScanResult for app id 6
05-11 19:19:12.279  4527  4542 D ScanRecord: parseFromBytes
05-11 19:19:12.279  4527  4542 D BluetoothLeScanner: onScanResult() - ScanResult{mDevice=CC:1B:E0:60:03:6D, mScanRecord=ScanRecord [mAdvertiseFlags=6, mServiceUuids=[0000ffe2-0000-1000-8000-00805f9b34fb, 0000180a-0000-1000-8000-00805f9b34fb], mManufacturerSpecificData={}, mServiceData={}, mTxPowerLevel=0, mDeviceName=Allie-11155101833], mRssi=-63, mTimestampNanos=80576065126395}
05-11 19:19:12.279  4527  4527 D FindCamerasTask: Bluetooth device found: CC:1B:E0:61:89:5F, name: Allie-11155101763, scan name: Allie-11155101763
05-11 19:19:12.289  4480  4480 I QueryController: Matched selector: UiSelector[CLASS=android.widget.ProgressBar, INSTANCE=0] <<==>> [android.view.accessibility.AccessibilityNodeInfo@80071120; boundsInParent: Rect(0, 0 - 96, 136); boundsInScreen: Rect(720, 839 - 816, 975); packageName: com.icrealtime.allie; className: android.widget.ProgressBar; text: null; error: null; maxTextLength: -1; contentDescription: null; viewIdResName: com.icrealtime.allie:id/welcome_progress; checkable: false; checked: false; focusable: false; focused: false; selected: false; clickable: false; longClickable: false; enabled: true; password: false; scrollable: false; actions: [AccessibilityAction: ACTION_SELECT - null, AccessibilityAction: ACTION_CLEAR_SELECTION - null, AccessibilityAction: ACTION_ACCESSIBILITY_FOCUS - null]]
05-11 19:19:12.294  4527  4527 D BleRpcConnectionFactory: Device found: Allie-11155101833 (Allie-11155101833)
05-11 19:19:12.294  4527  4527 D FindCamerasTask: Bluetooth device found: CC:1B:E0:60:03:6D, name: Allie-11155101833, scan name: Allie-11155101833
05-11 19:19:12.324  4866  4922 D ScanRecord: parseFromBytes
05-11 19:19:12.324  4866  4922 D BtGatt.GattService: result: ScanResult{mDevice=CC:1B:E0:60:01:17, mScanRecord=ScanRecord [mAdvertiseFlags=6, mServiceUuids=[0000ffe2-0000-1000-8000-00805f9b34fb, 0000180a-0000-1000-8000-00805f9b34fb], mManufacturerSpecificData={}, mServiceData={}, mTxPowerLevel=0, mDeviceName=Allie-20154300050], mRssi=-72, mTimestampNanos=80576111363353}
05-11 19:19:12.324  4866  4922 D BtGatt.GattService: filter: BluetoothLeScanFilter [mDeviceName=null, mDeviceAddress=null, mUuid=0000ffe2-0000-1000-8000-00805f9b34fb, mUuidMask=null, mServiceDataUuid=null, mServiceData=null, mServiceDataMask=null, mManufacturerId=-1, mManufacturerData=null, mManufacturerDataMask=null]
05-11 19:19:12.324  4866  5107 D BtGatt.ContextMap: sendClientScanResult for app id 6
05-11 19:19:12.324  4527  4593 D ScanRecord: parseFromBytes
05-11 19:19:12.324  4527  4593 D BluetoothLeScanner: onScanResult() - ScanResult{mDevice=CC:1B:E0:60:01:17, mScanRecord=ScanRecord [mAdvertiseFlags=6, mServiceUuids=[0000ffe2-0000-1000-8000-00805f9b34fb, 0000180a-0000-1000-8000-00805f9b34fb], mManufacturerSpecificData={}, mServiceData={}, mTxPowerLevel=0, mDeviceName=Allie-20154300050], mRssi=-72, mTimestampNanos=80576111363353}
05-11 19:19:12.334  4527  4527 D BleRpcConnectionFactory: Device found: Allie-20154300050 (Allie-20154300050)
05-11 19:19:12.334  4527  4527 D FindCamerasTask: Bluetooth device found: CC:1B:E0:60:01:17, name: Allie-20154300050, scan name: Allie-20154300050
05-11 19:19:12.349  4480  4480 I QueryController: Matched selector: UiSelector[CLASS=android.widget.ProgressBar, INSTANCE=0] <<==>> [android.view.accessibility.AccessibilityNodeInfo@80071120; boundsInParent: Rect(0, 0 - 96, 136); boundsInScreen: Rect(720, 839 - 816, 975); packageName: com.icrealtime.allie; className: android.widget.ProgressBar; text: null; error: null; maxTextLength: -1; contentDescription: null; viewIdResName: com.icrealtime.allie:id/welcome_progress; checkable: false; checked: false; focusable: false; focused: false; selected: false; clickable: false; longClickable: false; enabled: true; password: false; scrollable: false; actions: [AccessibilityAction: ACTION_SELECT - null, AccessibilityAction: ACTION_CLEAR_SELECTION - null, AccessibilityAction: ACTION_ACCESSIBILITY_FOCUS - null]]
05-11 19:19:12.349  4480  4480 D UiObject: getText() = 
05-11 19:19:12.369  4866  4922 D ScanRecord: parseFromBytes
05-11 19:19:12.369  4866  4922 D BtGatt.GattService: result: ScanResult{mDevice=CC:1B:E0:60:01:ED, mScanRecord=ScanRecord [mAdvertiseFlags=6, mServiceUuids=[0000ffe2-0000-1000-8000-00805f9b34fb, 0000180a-0000-1000-8000-00805f9b34fb], mManufacturerSpecificData={}, mServiceData={}, mTxPowerLevel=0, mDeviceName=Allie-16154900054], mRssi=-74, mTimestampNanos=80576158532270}
05-11 19:19:12.369  4866  4922 D BtGatt.GattService: filter: BluetoothLeScanFilter [mDeviceName=null, mDeviceAddress=null, mUuid=0000ffe2-0000-1000-8000-00805f9b34fb, mUuidMask=null, mServiceDataUuid=null, mServiceData=null, mServiceDataMask=null, mManufacturerId=-1, mManufacturerData=null, mManufacturerDataMask=null]
05-11 19:19:12.369  4866  5107 D BtGatt.ContextMap: sendClientScanResult for app id 6
05-11 19:19:12.369  4527  4542 D ScanRecord: parseFromBytes
05-11 19:19:12.369  4527  4542 D BluetoothLeScanner: onScanResult() - ScanResult{mDevice=CC:1B:E0:60:01:ED, mScanRecord=ScanRecord [mAdvertiseFlags=6, mServiceUuids=[0000ffe2-0000-1000-8000-00805f9b34fb, 0000180a-0000-1000-8000-00805f9b34fb], mManufacturerSpecificData={}, mServiceData={}, mTxPowerLevel=0, mDeviceName=Allie-16154900054], mRssi=-74, mTimestampNanos=80576158532270}
05-11 19:19:12.374  4866  4922 D ScanRecord: parseFromBytes
05-11 19:19:12.374  4866  4922 D BtGatt.GattService: result: ScanResult{mDevice=08:00:00:A4:C8:D2, mScanRecord=ScanRecord [mAdvertiseFlags=6, mServiceUuids=[0000ffe2-0000-1000-8000-00805f9b34fb, 0000180a-0000-1000-8000-00805f9b34fb], mManufacturerSpecificData={}, mServiceData={}, mTxPowerLevel=0, mDeviceName=Allie-20154300041], mRssi=-63, mTimestampNanos=80576162589062}
05-11 19:19:12.374  4866  4922 D BtGatt.GattService: filter: BluetoothLeScanFilter [mDeviceName=null, mDeviceAddress=null, mUuid=0000ffe2-0000-1000-8000-00805f9b34fb, mUuidMask=null, mServiceDataUuid=null, mServiceData=null, mServiceDataMask=null, mManufacturerId=-1, mManufacturerData=null, mManufacturerDataMask=null]
05-11 19:19:12.374  4866  5107 D BtGatt.ContextMap: sendClientScanResult for app id 6
05-11 19:19:12.374  4527  4593 D ScanRecord: parseFromBytes
05-11 19:19:12.374  4527  4593 D BluetoothLeScanner: onScanResult() - ScanResult{mDevice=08:00:00:A4:C8:D2, mScanRecord=ScanRecord [mAdvertiseFlags=6, mServiceUuids=[0000ffe2-0000-1000-8000-00805f9b34fb, 0000180a-0000-1000-8000-00805f9b34fb], mManufacturerSpecificData={}, mServiceData={}, mTxPowerLevel=0, mDeviceName=Allie-20154300041], mRssi=-63, mTimestampNanos=80576162589062}
05-11 19:19:12.384  4527  4527 D BleRpcConnectionFactory: Device found: Allie-16154900054 (Allie-16154900054)
05-11 19:19:12.389  4527  4527 D FindCamerasTask: Bluetooth device found: CC:1B:E0:60:01:ED, name: Allie-16154900054, scan name: Allie-16154900054
05-11 19:19:12.394  4527  4527 D BleRpcConnectionFactory: Device found: Allie-20154300041 (Allie-20154300041)
05-11 19:19:12.394  4527  4527 D FindCamerasTask: Bluetooth device found: 08:00:00:A4:C8:D2, name: Allie-20154300041, scan name: Allie-20154300041
05-11 19:19:12.414  4866  4922 D ScanRecord: parseFromBytes
05-11 19:19:12.414  4866  4922 D BtGatt.GattService: result: ScanResult{mDevice=CC:1B:E0:60:1A:72, mScanRecord=ScanRecord [mAdvertiseFlags=6, mServiceUuids=[0000ffe2-0000-1000-8000-00805f9b34fb, 0000180a-0000-1000-8000-00805f9b34fb], mManufacturerSpecificData={}, mServiceData={}, mTxPowerLevel=0, mDeviceName=Allie-11155302845], mRssi=-68, mTimestampNanos=80576203961645}
05-11 19:19:12.414  4866  4922 D BtGatt.GattService: filter: BluetoothLeScanFilter [mDeviceName=null, mDeviceAddress=null, mUuid=0000ffe2-0000-1000-8000-00805f9b34fb, mUuidMask=null, mServiceDataUuid=null, mServiceData=null, mServiceDataMask=null, mManufacturerId=-1, mManufacturerData=null, mManufacturerDataMask=null]
05-11 19:19:12.414  4866  5107 D BtGatt.ContextMap: sendClientScanResult for app id 6
05-11 19:19:12.414  4527  4542 D ScanRecord: parseFromBytes
05-11 19:19:12.414  4527  4542 D BluetoothLeScanner: onScanResult() - ScanResult{mDevice=CC:1B:E0:60:1A:72, mScanRecord=ScanRecord [mAdvertiseFlags=6, mServiceUuids=[0000ffe2-0000-1000-8000-00805f9b34fb, 0000180a-0000-1000-8000-00805f9b34fb], mManufacturerSpecificData={}, mServiceData={}, mTxPowerLevel=0, mDeviceName=Allie-11155302845], mRssi=-68, mTimestampNanos=80576203961645}
05-11 19:19:12.429  4527  4527 D BleRpcConnectionFactory: Device found: Allie-11155302845 (Allie-11155302845)
05-11 19:19:12.429  4527  4527 D FindCamerasTask: Bluetooth device found: CC:1B:E0:60:1A:72, name: Allie-11155302845, scan name: Allie-11155302845
05-11 19:19:12.469  3257  3269 D ActivityManager: retrieveServiceLocked(): component = null; callingUser = 0; userId(target) = 0
05-11 19:19:12.479  3257  3352 D ActivityManager: retrieveServiceLocked(): component = null; callingUser = 0; userId(target) = 0
05-11 19:19:12.559  4866  4922 D ScanRecord: parseFromBytes
05-11 19:19:12.559  4866  4922 D BtGatt.GattService: result: ScanResult{mDevice=CC:1B:E0:60:16:22, mScanRecord=ScanRecord [mAdvertiseFlags=6, mServiceUuids=[0000ffe2-0000-1000-8000-00805f9b34fb, 0000180a-0000-1000-8000-00805f9b34fb], mManufacturerSpecificData={}, mServiceData={}, mTxPowerLevel=0, mDeviceName=Allie-16155202744], mRssi=-92, mTimestampNanos=80576345531728}
05-11 19:19:12.559  4866  4922 D BtGatt.GattService: filter: BluetoothLeScanFilter [mDeviceName=null, mDeviceAddress=null, mUuid=0000ffe2-0000-1000-8000-00805f9b34fb, mUuidMask=null, mServiceDataUuid=null, mServiceData=null, mServiceDataMask=null, mManufacturerId=-1, mManufacturerData=null, mManufacturerDataMask=null]
05-11 19:19:12.559  4480  4480 I AccessibilityNodeInfoDumper: Skipping invisible child: android.view.accessibility.AccessibilityNodeInfo@8006917e; boundsInParent: Rect(0, 0 - 0, 112); boundsInScreen: Rect(1536, 58 - 1536, 170); packageName: com.icrealtime.allie; className: android.support.v7.widget.LinearLayoutCompat; text: null; error: null; maxTextLength: -1; contentDescription: null; viewIdResName: null; checkable: false; checked: false; focusable: false; focused: false; selected: false; clickable: false; longClickable: false; enabled: true; password: false; scrollable: false; actions: [AccessibilityAction: ACTION_SELECT - null, AccessibilityAction: ACTION_CLEAR_SELECTION - null, AccessibilityAction: ACTION_ACCESSIBILITY_FOCUS - null]
05-11 19:19:12.559  4866  5107 D BtGatt.ContextMap: sendClientScanResult for app id 6
05-11 19:19:12.559  4527  4593 D ScanRecord: parseFromBytes
05-11 19:19:12.559  4527  4593 D BluetoothLeScanner: onScanResult() - ScanResult{mDevice=CC:1B:E0:60:16:22, mScanRecord=ScanRecord [mAdvertiseFlags=6, mServiceUuids=[0000ffe2-0000-1000-8000-00805f9b34fb, 0000180a-0000-1000-8000-00805f9b34fb], mManufacturerSpecificData={}, mServiceData={}, mTxPowerLevel=0, mDeviceName=Allie-16155202744], mRssi=-92, mTimestampNanos=80576345531728}
05-11 19:19:12.564  4480  4480 W AccessibilityNodeInfoDumper: Fetch time: 13ms
05-11 19:19:12.564  4527  4527 D BleRpcConnectionFactory: Device found: Allie-16155202744 (Allie-16155202744)
05-11 19:19:12.569  4527  4527 D FindCamerasTask: Bluetooth device found: CC:1B:E0:60:16:22, name: Allie-16155202744, scan name: Allie-16155202744
05-11 19:19:12.569  4866  4922 D ScanRecord: parseFromBytes
05-11 19:19:12.569  4866  4922 D BtGatt.GattService: result: ScanResult{mDevice=CC:1B:E0:60:11:A2, mScanRecord=ScanRecord [mAdvertiseFlags=6, mServiceUuids=[0000ffe2-0000-1000-8000-00805f9b34fb, 0000180a-0000-1000-8000-00805f9b34fb], mManufacturerSpecificData={}, mServiceData={}, mTxPowerLevel=0, mDeviceName=Allie-11155303280], mRssi=-86, mTimestampNanos=80576359137562}
05-11 19:19:12.569  4866  4922 D BtGatt.GattService: filter: BluetoothLeScanFilter [mDeviceName=null, mDeviceAddress=null, mUuid=0000ffe2-0000-1000-8000-00805f9b34fb, mUuidMask=null, mServiceDataUuid=null, mServiceData=null, mServiceDataMask=null, mManufacturerId=-1, mManufacturerData=null, mManufacturerDataMask=null]
05-11 19:19:12.569  4866  5107 D BtGatt.ContextMap: sendClientScanResult for app id 6
05-11 19:19:12.574  4527  4593 D ScanRecord: parseFromBytes
05-11 19:19:12.574  4527  4593 D BluetoothLeScanner: onScanResult() - ScanResult{mDevice=CC:1B:E0:60:11:A2, mScanRecord=ScanRecord [mAdvertiseFlags=6, mServiceUuids=[0000ffe2-0000-1000-8000-00805f9b34fb, 0000180a-0000-1000-8000-00805f9b34fb], mManufacturerSpecificData={}, mServiceData={}, mTxPowerLevel=0, mDeviceName=Allie-11155303280], mRssi=-86, mTimestampNanos=80576359137562}
05-11 19:19:12.584  4866  4922 D ScanRecord: parseFromBytes
05-11 19:19:12.584  4866  4922 D BtGatt.GattService: result: ScanResult{mDevice=CC:1B:E0:61:89:5F, mScanRecord=ScanRecord [mAdvertiseFlags=6, mServiceUuids=[0000ffe2-0000-1000-8000-00805f9b34fb, 0000180a-0000-1000-8000-00805f9b34fb], mManufacturerSpecificData={}, mServiceData={}, mTxPowerLevel=0, mDeviceName=Allie-11155101763], mRssi=-75, mTimestampNanos=80576370978687}
05-11 19:19:12.584  4866  4922 D BtGatt.GattService: filter: BluetoothLeScanFilter [mDeviceName=null, mDeviceAddress=null, mUuid=0000ffe2-0000-1000-8000-00805f9b34fb, mUuidMask=null, mServiceDataUuid=null, mServiceData=null, mServiceDataMask=null, mManufacturerId=-1, mManufacturerData=null, mManufacturerDataMask=null]
05-11 19:19:12.584  4866  5107 D BtGatt.ContextMap: sendClientScanResult for app id 6
05-11 19:19:12.584  4527  4527 D BleRpcConnectionFactory: Device found: Allie-11155303280 (Allie-11155303280)
05-11 19:19:12.584  4527  4593 D ScanRecord: parseFromBytes
05-11 19:19:12.584  4527  4593 D BluetoothLeScanner: onScanResult() - ScanResult{mDevice=CC:1B:E0:61:89:5F, mScanRecord=ScanRecord [mAdvertiseFlags=6, mServiceUuids=[0000ffe2-0000-1000-8000-00805f9b34fb, 0000180a-0000-1000-8000-00805f9b34fb], mManufacturerSpecificData={}, mServiceData={}, mTxPowerLevel=0, mDeviceName=Allie-11155101763], mRssi=-75, mTimestampNanos=80576370978687}
05-11 19:19:12.584  4527  4527 D FindCamerasTask: Bluetooth device found: CC:1B:E0:60:11:A2, name: Allie-11155303280, scan name: Allie-11155303280
05-11 19:19:12.599  4527  4527 D BleRpcConnectionFactory: Device found: Allie-11155101763 (Allie-11155101763)
05-11 19:19:12.599  4527  4527 D FindCamerasTask: Bluetooth device found: CC:1B:E0:61:89:5F, name: Allie-11155101763, scan name: Allie-11155101763
05-11 19:19:12.604  4866  4922 D ScanRecord: parseFromBytes
05-11 19:19:12.604  4866  4922 D BtGatt.GattService: result: ScanResult{mDevice=CC:1B:E0:60:03:6D, mScanRecord=ScanRecord [mAdvertiseFlags=6, mServiceUuids=[0000ffe2-0000-1000-8000-00805f9b34fb, 0000180a-0000-1000-8000-00805f9b34fb], mManufacturerSpecificData={}, mServiceData={}, mTxPowerLevel=0, mDeviceName=Allie-11155101833], mRssi=-63, mTimestampNanos=80576392562353}
05-11 19:19:12.604  4866  4922 D BtGatt.GattService: filter: BluetoothLeScanFilter [mDeviceName=null, mDeviceAddress=null, mUuid=0000ffe2-0000-1000-8000-00805f9b34fb, mUuidMask=null, mServiceDataUuid=null, mServiceData=null, mServiceDataMask=null, mManufacturerId=-1, mManufacturerData=null, mManufacturerDataMask=null]
05-11 19:19:12.604  4866  5107 D BtGatt.ContextMap: sendClientScanResult for app id 6
05-11 19:19:12.604  4527  4542 D ScanRecord: parseFromBytes
05-11 19:19:12.604  4527  4542 D BluetoothLeScanner: onScanResult() - ScanResult{mDevice=CC:1B:E0:60:03:6D, mScanRecord=ScanRecord [mAdvertiseFlags=6, mServiceUuids=[0000ffe2-0000-1000-8000-00805f9b34fb, 0000180a-0000-1000-8000-00805f9b34fb], mManufacturerSpecificData={}, mServiceData={}, mTxPowerLevel=0, mDeviceName=Allie-11155101833], mRssi=-63, mTimestampNanos=80576392562353}
05-11 19:19:12.614  4527  4527 D BleRpcConnectionFactory: Device found: Allie-11155101833 (Allie-11155101833)
