05-11 20:24:38.749   924  1167 I ActivityManager: Start proc com.qualcomm.atfwd for broadcast com.qualcomm.atfwd/.AtFwdAutoboot: pid=1893 uid=1000 gids={41000, 1028, 1015, 3003, 3005, 1021, 3004, 1000, 3009, 1023, 1010, 3002, 3001}
05-11 20:24:38.799  1893  1893 W ContextImpl: Calling a method in the system process without a qualified user: android.app.ContextImpl.startService:1496 android.content.ContextWrapper.startService:494 android.content.ContextWrapper.startService:494 com.qualcomm.atfwd.AtFwdAutoboot.onReceive:24 android.app.ActivityThread.handleReceiver:2422 
05-11 20:24:38.799   924  1077 I ActivityManager: Delay finish: com.qualcomm.atfwd/.AtFwdAutoboot
05-11 20:24:39.289   924   947 I ActivityManager: Waited long enough for: ServiceRecord{4219a268 u0 com.android.mms/.transaction.TransactionService}
05-11 20:24:39.289   924   947 I ActivityManager: Resuming delayed broadcast
05-11 20:24:39.319   924   947 I ActivityManager: Start proc com.qualcomm.atuner for broadcast com.qualcomm.atuner/.ATunerAutoboot: pid=1908 uid=10066 gids={50066}
05-11 20:24:39.379   924  1212 I ActivityManager: Killing 1397:com.qti.cbwidget/u0a25 (adj 15): empty #17
05-11 20:24:39.389   924   924 W ContextImpl: Calling a method in the system process without a qualified user: android.app.ContextImpl.startService:1496 android.content.ContextWrapper.startService:494 android.content.ContextWrapper.startService:494 com.qualcomm.location.LocationServiceReceiver.onReceive:37 android.app.ActivityThread.handleReceiver:2422 
05-11 20:24:39.389   924   924 W ContextImpl: Calling a method in the system process without a qualified user: android.app.ContextImpl.startService:1496 android.content.ContextWrapper.startService:494 android.content.ContextWrapper.startService:494 com.qualcomm.location.LocationServiceReceiver.onReceive:41 android.app.ActivityThread.handleReceiver:2422 
05-11 20:24:39.409  1137  1137 W ContextImpl: Calling a method in the system process without a qualified user: android.app.ContextImpl.startService:1496 android.content.ContextWrapper.startService:494 android.content.ContextWrapper.startService:494 com.qualcomm.qti.services.secureui.BootReceiver.onReceive:30 android.app.ActivityThread.handleReceiver:2422 
05-11 20:24:39.439   924  1171 I ActivityManager: Start proc com.qualcomm.embms for broadcast com.qualcomm.embms/.EmbmsBootReceiver: pid=1922 uid=10068 gids={50068, 3003}
05-11 20:24:39.439  1137  1927 W ContextImpl: Calling a method in the system process without a qualified user: android.app.ContextImpl.bindService:1560 android.content.ContextWrapper.bindService:517 com.qualcomm.qti.services.secureui.WfdReceiver.<init>:37 com.qualcomm.qti.services.secureui.SecureUIService.run:91 java.lang.Thread.run:841 
05-11 20:24:39.469   924  1166 I ActivityManager: Start proc com.qualcomm.wfd.service:wfd_service for service com.qualcomm.wfd.service/.WfdService: pid=1937 uid=1000 gids={41000, 1028, 1015, 3003, 3005, 1021, 3004, 1000, 3009, 1023, 1010, 3002, 3001}
05-11 20:24:39.519   924  1077 I ActivityManager: Start proc com.qualcomm.fastdormancy for broadcast com.qualcomm.fastdormancy/.FastDormancyReceiver: pid=1950 uid=10069 gids={50069}
05-11 20:24:39.519   924  1077 I ActivityManager: Killing 1426:com.android.dialer/u0a4 (adj 15): empty #17
05-11 20:24:39.579   924  1211 I ActivityManager: Start proc com.qualcomm.qcrilmsgtunnel for broadcast com.qualcomm.qcrilmsgtunnel/.QcrilMsgTunnelAutoboot: pid=1963 uid=1001 gids={41001, 3004, 3009, 3005, 1006, 3002, 3001, 3003, 1028, 1015}
05-11 20:24:39.589   924  1211 I ActivityManager: Killing 1064:android.process.acore/u0a2 (adj 15): empty #17
05-11 20:24:39.609  1937  1937 W ContextImpl: Calling a method in the system process without a qualified user: android.app.ContextImpl.sendBroadcast:1140 android.content.ContextWrapper.sendBroadcast:365 com.qualcomm.wfd.service.SessionManagerService.broadcastWifiDisplayVideoEnabled:988 com.qualcomm.wfd.service.SessionManagerService.teardown:824 com.qualcomm.wfd.service.SessionManagerService.<init>:138 
05-11 20:24:39.629   924   997 I ActivityManager: Delay finish: com.qualcomm.qcrilmsgtunnel/.QcrilMsgTunnelAutoboot
05-11 20:24:40.179   924  1089 D QcConnectivityService: setProvNotificationVisible: E visible=false networkType=1 extraInfo=null url=null
05-11 20:24:40.199   924  1089 W ActivityThread: ClassLoader.loadClass: The class loader returned by Thread.getContextClassLoader() may fail for processes that host multiple applications. You should explicitly specify a context class loader. For example: Thread.setContextClassLoader(getClass().getClassLoader());
05-11 20:24:40.259   924  1089 D QcConnectivityService: captivePortalCheckCompleted: ni=NetworkInfo: type: WIFI[], state: CONNECTED/CONNECTED, reason: (unspecified), extra: "1503-5G", roaming: false, failover: false, isAvailable: true, isConnectedToProvisioningNetwork: false captive=false
05-11 20:24:43.589   272   272 W EntSec  : [NQS   ] [TQS_FWD    ] "Failed to start TQS application. [Error Code: -1]."
05-11 20:24:43.589   272   272 E EntSec  : [NQS   ] [NQS_Source ] "Failed to start TQS application. Re-try again in 5 second, attampt number 6"
05-11 20:24:48.639   272   272 W EntSec  : [NQS   ] [TQS_FWD    ] "Failed to start TQS application. [Error Code: -1]."
05-11 20:24:48.639   272   272 E EntSec  : [NQS   ] [NQS_Source ] "Failed to start TQS application. Re-try again in 5 second, attampt number 7"
05-11 20:24:53.649   924   947 I ActivityManager: Waited long enough for: ServiceRecord{421f22d8 u0 com.qualcomm.svi/.SVIService}
05-11 20:24:53.649   924   947 I ActivityManager: Resuming delayed broadcast
05-11 20:24:53.679   924   947 I ActivityManager: Start proc com.splinex.streaming for broadcast com.splinex.streaming/.RequestReceiver: pid=1985 uid=10017 gids={50017, 1028, 1015, 3003, 3002, 3001}
05-11 20:24:53.689   272   272 W EntSec  : [NQS   ] [TQS_FWD    ] "Failed to start TQS application. [Error Code: -1]."
05-11 20:24:53.689   272   272 E EntSec  : [NQS   ] [NQS_Source ] "Failed to start TQS application. Re-try again in 5 second, attampt number 8"
05-11 20:24:53.789   924  1079 I ActivityManager: START u0 {flg=0x10000000 cmp=com.splinex.streaming/.TwoCamActivity} from pid 1985
05-11 20:24:53.839   924   947 I ActivityManager: Waited long enough for: ServiceRecord{4218e408 u0 com.qualcomm.atfwd/.AtFwdService}
05-11 20:24:53.879   924  1212 I ActivityManager: Config changes=480 {1.0 ?mcc?mnc en_US ldltr sw360dp w640dp h335dp 320dpi nrml long land -touch -keyb/v/h -nav/h s.5}
05-11 20:24:54.079  1154  1154 W ContextImpl: Calling a method in the system process without a qualified user: android.app.ContextImpl.startService:1496 android.content.ContextWrapper.startService:494 android.content.ContextWrapper.startService:494 com.qualcomm.msapm.MSAPMReceiver.onReceive:63 android.app.ActivityThread.handleReceiver:2422 
05-11 20:24:54.169   924   936 I ActivityManager: Start proc android.process.acore for content provider com.android.providers.contacts/.ContactsProvider2: pid=2015 uid=10002 gids={50002, 3003, 1028, 1015}
05-11 20:24:54.269   924  1998 I ActivityManager: Start proc com.qualcomm.timeservice for broadcast com.qualcomm.timeservice/.TimeServiceBroadcastReceiver: pid=2036 uid=10063 gids={50063}
05-11 20:24:54.339   924  1167 I ActivityManager: Killing 1213:com.android.printspooler/u0a54 (adj 15): empty #17
05-11 20:24:54.629   924   947 I ActivityManager: Waited long enough for: ServiceRecord{4213c6a8 u0 com.qualcomm.qcrilmsgtunnel/.QcrilMsgTunnelService}
05-11 20:24:54.639   924   936 I ActivityManager: Killing 1718:com.android.onetimeinitializer/u0a11 (adj 15): empty #17
05-11 20:24:54.869   924   935 D WifiService: setWifiEnabled: true pid=1985, uid=10017
05-11 20:24:55.159   924   997 I ActivityManager: Start proc com.thunderst.update:remote for service com.thunderst.update/.autoupdate.AutoUpdate: pid=2056 uid=10062 gids={50062, 3003, 2001, 1028, 1015}
05-11 20:24:55.529   924   946 I WindowManager: Screen frozen for +1s689ms due to Window{41f550f8 u0 com.splinex.streaming/com.splinex.streaming.TwoCamActivity}
05-11 20:24:58.759   272   272 W EntSec  : [NQS   ] [TQS_FWD    ] "Failed to start TQS application. [Error Code: -1]."
05-11 20:24:58.759   272   272 E EntSec  : [NQS   ] [NQS_Source ] "Failed to start TQS application. Re-try again in 5 second, attampt number 9"
05-11 20:25:03.809   272   272 W EntSec  : [NQS   ] [TQS_FWD    ] "Failed to start TQS application. [Error Code: -1]."
05-11 20:25:03.809   272   272 E EntSec  : [NQS   ] [NQS_Source ] "Failed to start TQS application. Re-try again in 5 second, attampt number 10"
05-11 20:25:08.859   272   272 W EntSec  : [NQS   ] [TQS_FWD    ] "Failed to start TQS application. [Error Code: -1]."
05-11 20:25:08.859   272   272 E EntSec  : [NQS   ] [NQS_Source ] "Failed to start TQS application. Re-try again in 5 second, attampt number 11"
05-11 20:25:13.899   272   272 W EntSec  : [NQS   ] [TQS_FWD    ] "Failed to start TQS application. [Error Code: -1]."
05-11 20:25:13.899   272   272 E EntSec  : [NQS   ] [NQS_Source ] "Failed to start TQS application. Re-try again in 5 second, attampt number 12"
05-11 20:25:18.949   272   272 W EntSec  : [NQS   ] [TQS_FWD    ] "Failed to start TQS application. [Error Code: -1]."
05-11 20:25:18.949   272   272 E EntSec  : [NQS   ] [NQS_Source ] "Failed to start TQS application. Re-try again in 5 second, attampt number 13"
05-11 20:25:20.389   924   988 D QcConnectivityService: Sampling interval elapsed, updating statistics ..
05-11 20:25:20.419   924   988 D QcConnectivityService: Done.
05-11 20:25:20.419   924   988 D QcConnectivityService: Setting timer for 720seconds
05-11 20:25:22.309   924   947 I ActivityManager: Start proc com.android.musicfx for broadcast com.android.musicfx/.ControlPanelReceiver: pid=2216 uid=10010 gids={50010, 3003, 3002}
05-11 20:25:22.319   924  1998 I ActivityManager: Killing 1350:com.android.music/u0a44 (adj 15): empty #17
05-11 20:25:22.389   924  1212 I ActivityManager: Killing 1733:com.qualcomm.cabl/1000 (adj 15): empty #17
05-11 20:25:23.999   272   272 W EntSec  : [NQS   ] [TQS_FWD    ] "Failed to start TQS application. [Error Code: -1]."
05-11 20:25:23.999   272   272 E EntSec  : [NQS   ] [NQS_Source ] "Failed to start TQS application. Re-try again in 5 second, attampt number 14"
05-11 20:25:29.039   272   272 W EntSec  : [NQS   ] [TQS_FWD    ] "Failed to start TQS application. [Error Code: -1]."
05-11 20:25:29.039   272   272 E EntSec  : [NQS   ] [NQS_Source ] "Failed to start TQS application. Re-try again in 5 second, attampt number 15"
05-11 20:25:34.109   272   272 W EntSec  : [NQS   ] [TQS_FWD    ] "Failed to start TQS application. [Error Code: -1]."
05-11 20:25:34.109   272   272 E EntSec  : [NQS   ] [NQS_Source ] "Failed to start TQS application. Re-try again in 5 second, attampt number 16"
05-11 20:25:39.149   272   272 W EntSec  : [NQS   ] [TQS_FWD    ] "Failed to start TQS application. [Error Code: -1]."
05-11 20:25:39.149   272   272 E EntSec  : [NQS   ] [NQS_Source ] "Failed to start TQS application. Re-try again in 5 second, attampt number 17"
05-11 20:25:44.199   272   272 W EntSec  : [NQS   ] [TQS_FWD    ] "Failed to start TQS application. [Error Code: -1]."
05-11 20:25:44.199   272   272 E EntSec  : [NQS   ] [NQS_Source ] "Failed to start TQS application. Re-try again in 5 second, attampt number 18"
05-11 20:25:49.249   272   272 W EntSec  : [NQS   ] [TQS_FWD    ] "Failed to start TQS application. [Error Code: -1]."
05-11 20:25:49.249   272   272 E EntSec  : [NQS   ] [NQS_Source ] "Failed to start TQS application. Re-try again in 5 second, attampt number 19"
05-11 20:25:52.359   924   954 I BootReceiver: Copying /data/tombstones/tombstone_01 to DropBox (SYSTEM_TOMBSTONE)
05-11 20:25:52.369   924  1211 I ActivityManager: Process com.android.nfc (pid 1185) has died.
05-11 20:25:52.429   924  1211 I ActivityManager: Start proc com.android.nfc for restart com.android.nfc: pid=2342 uid=1027 gids={41027, 3002, 3001, 1028, 1015}
05-11 20:25:54.299   272   272 W EntSec  : [NQS   ] [TQS_FWD    ] "Failed to start TQS application. [Error Code: -1]."
05-11 20:25:54.299   272   272 D EntSec  : [NQS   ] [NQS_Source ] " ---------------------------------------------------------------"
05-11 20:25:54.299   272   272 I EntSec  : [NQS   ] [NQS_Source ] "Check Is TQS Ready - start"
05-11 20:25:54.299   272   272 I EntSec  : [NQS   ] [NQS_Source ] "attempt number 0: send Is Ready request to TQS"
05-11 20:25:54.299   272   272 I EntSec  : [NQS   ] [TQS_FWD    ] "The message to TQS will not be sent; tqs is down."
05-11 20:25:54.299   272   272 E EntSec  : [NQS   ] [NQS_Source ] "TQS is not ready yet, wait 1 sec and try again"
05-11 20:25:55.299   272   272 I EntSec  : [NQS   ] [NQS_Source ] "attempt number 1: send Is Ready request to TQS"
05-11 20:25:55.299   272   272 I EntSec  : [NQS   ] [TQS_FWD    ] "The message to TQS will not be sent; tqs is down."
05-11 20:25:55.299   272   272 E EntSec  : [NQS   ] [NQS_Source ] "TQS is not ready yet, wait 1 sec and try again"
05-11 20:25:56.299   272   272 I EntSec  : [NQS   ] [NQS_Source ] "attempt number 2: send Is Ready request to TQS"
05-11 20:25:56.299   272   272 I EntSec  : [NQS   ] [TQS_FWD    ] "The message to TQS will not be sent; tqs is down."
05-11 20:25:56.299   272   272 E EntSec  : [NQS   ] [NQS_Source ] "TQS is not ready yet, wait 1 sec and try again"
05-11 20:25:57.299   272   272 I EntSec  : [NQS   ] [NQS_Source ] "attempt number 3: send Is Ready request to TQS"
05-11 20:25:57.299   272   272 I EntSec  : [NQS   ] [TQS_FWD    ] "The message to TQS will not be sent; tqs is down."
05-11 20:25:57.299   272   272 E EntSec  : [NQS   ] [NQS_Source ] "TQS is not ready yet, wait 1 sec and try again"
05-11 20:25:57.409   924   947 W ProcessCpuTracker: Skipping unknown process pid 2400
05-11 20:25:58.299   272   272 I EntSec  : [NQS   ] [NQS_Source ] "attempt number 4: send Is Ready request to TQS"
05-11 20:25:58.299   272   272 I EntSec  : [NQS   ] [TQS_FWD    ] "The message to TQS will not be sent; tqs is down."
05-11 20:25:58.299   272   272 E EntSec  : [NQS   ] [NQS_Source ] "TQS is not ready yet, wait 1 sec and try again"
05-11 20:25:59.299   272   272 I EntSec  : [NQS   ] [NQS_Source ] "attempt number 5: send Is Ready request to TQS"
05-11 20:25:59.299   272   272 I EntSec  : [NQS   ] [TQS_FWD    ] "The message to TQS will not be sent; tqs is down."
05-11 20:25:59.299   272   272 E EntSec  : [NQS   ] [NQS_Source ] "TQS is not ready yet, wait 1 sec and try again"
05-11 20:26:00.299   272   272 I EntSec  : [NQS   ] [NQS_Source ] "attempt number 6: send Is Ready request to TQS"
05-11 20:26:00.299   272   272 I EntSec  : [NQS   ] [TQS_FWD    ] "The message to TQS will not be sent; tqs is down."
05-11 20:26:00.299   272   272 E EntSec  : [NQS   ] [NQS_Source ] "TQS is not ready yet, wait 1 sec and try again"
05-11 20:26:01.299   272   272 I EntSec  : [NQS   ] [NQS_Source ] "attempt number 7: send Is Ready request to TQS"
05-11 20:26:01.299   272   272 I EntSec  : [NQS   ] [TQS_FWD    ] "The message to TQS will not be sent; tqs is down."
05-11 20:26:01.299   272   272 E EntSec  : [NQS   ] [NQS_Source ] "TQS is not ready yet, wait 1 sec and try again"
05-11 20:26:02.299   272   272 I EntSec  : [NQS   ] [NQS_Source ] "attempt number 8: send Is Ready request to TQS"
05-11 20:26:02.299   272   272 I EntSec  : [NQS   ] [TQS_FWD    ] "The message to TQS will not be sent; tqs is down."
05-11 20:26:02.299   272   272 E EntSec  : [NQS   ] [NQS_Source ] "TQS is not ready yet, wait 1 sec and try again"
05-11 20:26:03.299   272   272 I EntSec  : [NQS   ] [NQS_Source ] "attempt number 9: send Is Ready request to TQS"
05-11 20:26:03.299   272   272 I EntSec  : [NQS   ] [TQS_FWD    ] "The message to TQS will not be sent; tqs is down."
05-11 20:26:03.299   272   272 E EntSec  : [NQS   ] [NQS_Source ] "TQS is not ready yet, wait 1 sec and try again"
05-11 20:26:04.299   272   272 I EntSec  : [NQS   ] [NQS_Source ] "attempt number 10: send Is Ready request to TQS"
05-11 20:26:04.299   272   272 I EntSec  : [NQS   ] [TQS_FWD    ] "The message to TQS will not be sent; tqs is down."
05-11 20:26:04.299   272   272 E EntSec  : [NQS   ] [NQS_Source ] "TQS is not ready yet, wait 1 sec and try again"
05-11 20:26:05.299   272   272 I EntSec  : [NQS   ] [NQS_Source ] "attempt number 11: send Is Ready request to TQS"
05-11 20:26:05.299   272   272 I EntSec  : [NQS   ] [TQS_FWD    ] "The message to TQS will not be sent; tqs is down."
05-11 20:26:05.299   272   272 E EntSec  : [NQS   ] [NQS_Source ] "TQS is not ready yet, wait 1 sec and try again"
05-11 20:26:06.299   272   272 I EntSec  : [NQS   ] [NQS_Source ] "attempt number 12: send Is Ready request to TQS"
05-11 20:26:06.299   272   272 I EntSec  : [NQS   ] [TQS_FWD    ] "The message to TQS will not be sent; tqs is down."
05-11 20:26:06.299   272   272 E EntSec  : [NQS   ] [NQS_Source ] "TQS is not ready yet, wait 1 sec and try again"
05-11 20:26:07.299   272   272 I EntSec  : [NQS   ] [NQS_Source ] "attempt number 13: send Is Ready request to TQS"
05-11 20:26:07.299   272   272 I EntSec  : [NQS   ] [TQS_FWD    ] "The message to TQS will not be sent; tqs is down."
05-11 20:26:07.299   272   272 E EntSec  : [NQS   ] [NQS_Source ] "TQS is not ready yet, wait 1 sec and try again"
05-11 20:26:08.299   272   272 I EntSec  : [NQS   ] [NQS_Source ] "attempt number 14: send Is Ready request to TQS"
05-11 20:26:08.299   272   272 I EntSec  : [NQS   ] [TQS_FWD    ] "The message to TQS will not be sent; tqs is down."
05-11 20:26:08.299   272   272 E EntSec  : [NQS   ] [NQS_Source ] "TQS is not ready yet, wait 1 sec and try again"
05-11 20:26:09.299   272   272 I EntSec  : [NQS   ] [NQS_Source ] "attempt number 15: send Is Ready request to TQS"
05-11 20:26:09.299   272   272 I EntSec  : [NQS   ] [TQS_FWD    ] "The message to TQS will not be sent; tqs is down."
05-11 20:26:09.299   272   272 E EntSec  : [NQS   ] [NQS_Source ] "TQS is not ready yet, wait 1 sec and try again"
05-11 20:26:10.299   272   272 I EntSec  : [NQS   ] [NQS_Source ] "attempt number 16: send Is Ready request to TQS"
05-11 20:26:10.299   272   272 I EntSec  : [NQS   ] [TQS_FWD    ] "The message to TQS will not be sent; tqs is down."
05-11 20:26:10.299   272   272 E EntSec  : [NQS   ] [NQS_Source ] "TQS is not ready yet, wait 1 sec and try again"
05-11 20:26:11.299   272   272 I EntSec  : [NQS   ] [NQS_Source ] "attempt number 17: send Is Ready request to TQS"
05-11 20:26:11.299   272   272 I EntSec  : [NQS   ] [TQS_FWD    ] "The message to TQS will not be sent; tqs is down."
05-11 20:26:11.299   272   272 E EntSec  : [NQS   ] [NQS_Source ] "TQS is not ready yet, wait 1 sec and try again"
05-11 20:26:12.299   272   272 I EntSec  : [NQS   ] [NQS_Source ] "attempt number 18: send Is Ready request to TQS"
05-11 20:26:12.299   272   272 I EntSec  : [NQS   ] [TQS_FWD    ] "The message to TQS will not be sent; tqs is down."
05-11 20:26:12.299   272   272 E EntSec  : [NQS   ] [NQS_Source ] "TQS is not ready yet, wait 1 sec and try again"
05-11 20:26:13.299   272   272 I EntSec  : [NQS   ] [NQS_Source ] "attempt number 19: send Is Ready request to TQS"
05-11 20:26:13.299   272   272 I EntSec  : [NQS   ] [TQS_FWD    ] "The message to TQS will not be sent; tqs is down."
05-11 20:26:13.299   272   272 E EntSec  : [NQS   ] [NQS_Source ] "TQS is not ready yet, wait 1 sec and try again"
05-11 20:26:14.299   272   272 I EntSec  : [NQS   ] [NQS_Source ] "attempt number 20: send Is Ready request to TQS"
05-11 20:26:14.299   272   272 I EntSec  : [NQS   ] [TQS_FWD    ] "The message to TQS will not be sent; tqs is down."
05-11 20:26:14.299   272   272 E EntSec  : [NQS   ] [NQS_Source ] "TQS is not ready yet, wait 1 sec and try again"
05-11 20:26:15.299   272   272 I EntSec  : [NQS   ] [NQS_Source ] "attempt number 21: send Is Ready request to TQS"
05-11 20:26:15.299   272   272 I EntSec  : [NQS   ] [TQS_FWD    ] "The message to TQS will not be sent; tqs is down."
05-11 20:26:15.299   272   272 E EntSec  : [NQS   ] [NQS_Source ] "TQS is not ready yet, wait 1 sec and try again"
05-11 20:26:16.299   272   272 I EntSec  : [NQS   ] [NQS_Source ] "attempt number 22: send Is Ready request to TQS"
05-11 20:26:16.299   272   272 I EntSec  : [NQS   ] [TQS_FWD    ] "The message to TQS will not be sent; tqs is down."
05-11 20:26:16.299   272   272 E EntSec  : [NQS   ] [NQS_Source ] "TQS is not ready yet, wait 1 sec and try again"
05-11 20:26:17.299   272   272 I EntSec  : [NQS   ] [NQS_Source ] "attempt number 23: send Is Ready request to TQS"
05-11 20:26:17.299   272   272 I EntSec  : [NQS   ] [TQS_FWD    ] "The message to TQS will not be sent; tqs is down."
05-11 20:26:17.299   272   272 E EntSec  : [NQS   ] [NQS_Source ] "TQS is not ready yet, wait 1 sec and try again"
05-11 20:26:18.299   272   272 I EntSec  : [NQS   ] [NQS_Source ] "attempt number 24: send Is Ready request to TQS"
05-11 20:26:18.299   272   272 I EntSec  : [NQS   ] [TQS_FWD    ] "The message to TQS will not be sent; tqs is down."
05-11 20:26:18.299   272   272 E EntSec  : [NQS   ] [NQS_Source ] "TQS is not ready yet, wait 1 sec and try again"
05-11 20:26:19.299   272   272 I EntSec  : [NQS   ] [NQS_Source ] "attempt number 25: send Is Ready request to TQS"
05-11 20:26:19.299   272   272 I EntSec  : [NQS   ] [TQS_FWD    ] "The message to TQS will not be sent; tqs is down."
05-11 20:26:19.299   272   272 E EntSec  : [NQS   ] [NQS_Source ] "TQS is not ready yet, wait 1 sec and try again"
05-11 20:26:20.299   272   272 I EntSec  : [NQS   ] [NQS_Source ] "attempt number 26: send Is Ready request to TQS"
05-11 20:26:20.299   272   272 I EntSec  : [NQS   ] [TQS_FWD    ] "The message to TQS will not be sent; tqs is down."
05-11 20:26:20.299   272   272 E EntSec  : [NQS   ] [NQS_Source ] "TQS is not ready yet, wait 1 sec and try again"
05-11 20:26:21.299   272   272 I EntSec  : [NQS   ] [NQS_Source ] "attempt number 27: send Is Ready request to TQS"
05-11 20:26:21.299   272   272 I EntSec  : [NQS   ] [TQS_FWD    ] "The message to TQS will not be sent; tqs is down."
05-11 20:26:21.299   272   272 E EntSec  : [NQS   ] [NQS_Source ] "TQS is not ready yet, wait 1 sec and try again"
05-11 20:26:22.299   272   272 I EntSec  : [NQS   ] [NQS_Source ] "attempt number 28: send Is Ready request to TQS"
05-11 20:26:22.299   272   272 I EntSec  : [NQS   ] [TQS_FWD    ] "The message to TQS will not be sent; tqs is down."
05-11 20:26:22.299   272   272 E EntSec  : [NQS   ] [NQS_Source ] "TQS is not ready yet, wait 1 sec and try again"
05-11 20:26:23.299   272   272 I EntSec  : [NQS   ] [NQS_Source ] "attempt number 29: send Is Ready request to TQS"
05-11 20:26:23.299   272   272 I EntSec  : [NQS   ] [TQS_FWD    ] "The message to TQS will not be sent; tqs is down."
05-11 20:26:23.299   272   272 E EntSec  : [NQS   ] [NQS_Source ] "TQS is not ready yet, wait 1 sec and try again"
05-11 20:26:24.299   272   272 I EntSec  : [NQS   ] [NQS_Source ] "attempt number 30: send Is Ready request to TQS"
05-11 20:26:24.299   272   272 I EntSec  : [NQS   ] [TQS_FWD    ] "The message to TQS will not be sent; tqs is down."
05-11 20:26:24.299   272   272 E EntSec  : [NQS   ] [NQS_Source ] "TQS is not ready yet, wait 1 sec and try again"
05-11 20:26:25.299   272   272 I EntSec  : [NQS   ] [NQS_Source ] "attempt number 31: send Is Ready request to TQS"
05-11 20:26:25.299   272   272 I EntSec  : [NQS   ] [TQS_FWD    ] "The message to TQS will not be sent; tqs is down."
05-11 20:26:25.299   272   272 E EntSec  : [NQS   ] [NQS_Source ] "TQS is not ready yet, wait 1 sec and try again"
05-11 20:26:26.299   272   272 I EntSec  : [NQS   ] [NQS_Source ] "attempt number 32: send Is Ready request to TQS"
05-11 20:26:26.299   272   272 I EntSec  : [NQS   ] [TQS_FWD    ] "The message to TQS will not be sent; tqs is down."
05-11 20:26:26.299   272   272 E EntSec  : [NQS   ] [NQS_Source ] "TQS is not ready yet, wait 1 sec and try again"
05-11 20:26:27.299   272   272 I EntSec  : [NQS   ] [NQS_Source ] "attempt number 33: send Is Ready request to TQS"
05-11 20:26:27.299   272   272 I EntSec  : [NQS   ] [TQS_FWD    ] "The message to TQS will not be sent; tqs is down."
05-11 20:26:27.299   272   272 E EntSec  : [NQS   ] [NQS_Source ] "TQS is not ready yet, wait 1 sec and try again"
05-11 20:26:28.299   272   272 I EntSec  : [NQS   ] [NQS_Source ] "attempt number 34: send Is Ready request to TQS"
05-11 20:26:28.299   272   272 I EntSec  : [NQS   ] [TQS_FWD    ] "The message to TQS will not be sent; tqs is down."
05-11 20:26:28.299   272   272 E EntSec  : [NQS   ] [NQS_Source ] "TQS is not ready yet, wait 1 sec and try again"
05-11 20:26:29.299   272   272 I EntSec  : [NQS   ] [NQS_Source ] "attempt number 35: send Is Ready request to TQS"
05-11 20:26:29.299   272   272 I EntSec  : [NQS   ] [TQS_FWD    ] "The message to TQS will not be sent; tqs is down."
05-11 20:26:29.299   272   272 E EntSec  : [NQS   ] [NQS_Source ] "TQS is not ready yet, wait 1 sec and try again"
05-11 20:26:30.299   272   272 I EntSec  : [NQS   ] [NQS_Source ] "attempt number 36: send Is Ready request to TQS"
05-11 20:26:30.299   272   272 I EntSec  : [NQS   ] [TQS_FWD    ] "The message to TQS will not be sent; tqs is down."
05-11 20:26:30.299   272   272 E EntSec  : [NQS   ] [NQS_Source ] "TQS is not ready yet, wait 1 sec and try again"
05-11 20:26:31.299   272   272 I EntSec  : [NQS   ] [NQS_Source ] "attempt number 37: send Is Ready request to TQS"
05-11 20:26:31.299   272   272 I EntSec  : [NQS   ] [TQS_FWD    ] "The message to TQS will not be sent; tqs is down."
05-11 20:26:31.299   272   272 E EntSec  : [NQS   ] [NQS_Source ] "TQS is not ready yet, wait 1 sec and try again"
05-11 20:26:32.299   272   272 I EntSec  : [NQS   ] [NQS_Source ] "attempt number 38: send Is Ready request to TQS"
05-11 20:26:32.299   272   272 I EntSec  : [NQS   ] [TQS_FWD    ] "The message to TQS will not be sent; tqs is down."
05-11 20:26:32.299   272   272 E EntSec  : [NQS   ] [NQS_Source ] "TQS is not ready yet, wait 1 sec and try again"
05-11 20:26:33.299   272   272 I EntSec  : [NQS   ] [NQS_Source ] "attempt number 39: send Is Ready request to TQS"
05-11 20:26:33.299   272   272 I EntSec  : [NQS   ] [TQS_FWD    ] "The message to TQS will not be sent; tqs is down."
05-11 20:26:33.299   272   272 E EntSec  : [NQS   ] [NQS_Source ] "TQS is not ready yet, wait 1 sec and try again"
05-11 20:26:34.299   272   272 I EntSec  : [NQS   ] [NQS_Source ] "attempt number 40: send Is Ready request to TQS"
05-11 20:26:34.299   272   272 I EntSec  : [NQS   ] [TQS_FWD    ] "The message to TQS will not be sent; tqs is down."
05-11 20:26:34.299   272   272 E EntSec  : [NQS   ] [NQS_Source ] "TQS is not ready yet, wait 1 sec and try again"
05-11 20:26:35.299   272   272 I EntSec  : [NQS   ] [NQS_Source ] "attempt number 41: send Is Ready request to TQS"
05-11 20:26:35.299   272   272 I EntSec  : [NQS   ] [TQS_FWD    ] "The message to TQS will not be sent; tqs is down."
05-11 20:26:35.299   272   272 E EntSec  : [NQS   ] [NQS_Source ] "TQS is not ready yet, wait 1 sec and try again"
05-11 20:26:36.299   272   272 I EntSec  : [NQS   ] [NQS_Source ] "attempt number 42: send Is Ready request to TQS"
05-11 20:26:36.299   272   272 I EntSec  : [NQS   ] [TQS_FWD    ] "The message to TQS will not be sent; tqs is down."
05-11 20:26:36.299   272   272 E EntSec  : [NQS   ] [NQS_Source ] "TQS is not ready yet, wait 1 sec and try again"
05-11 20:26:37.299   272   272 I EntSec  : [NQS   ] [NQS_Source ] "attempt number 43: send Is Ready request to TQS"
05-11 20:26:37.299   272   272 I EntSec  : [NQS   ] [TQS_FWD    ] "The message to TQS will not be sent; tqs is down."
05-11 20:26:37.299   272   272 E EntSec  : [NQS   ] [NQS_Source ] "TQS is not ready yet, wait 1 sec and try again"
05-11 20:26:38.299   272   272 I EntSec  : [NQS   ] [NQS_Source ] "attempt number 44: send Is Ready request to TQS"
05-11 20:26:38.299   272   272 I EntSec  : [NQS   ] [TQS_FWD    ] "The message to TQS will not be sent; tqs is down."
05-11 20:26:38.299   272   272 E EntSec  : [NQS   ] [NQS_Source ] "TQS is not ready yet, wait 1 sec and try again"
05-11 20:26:39.299   272   272 I EntSec  : [NQS   ] [NQS_Source ] "attempt number 45: send Is Ready request to TQS"
05-11 20:26:39.299   272   272 I EntSec  : [NQS   ] [TQS_FWD    ] "The message to TQS will not be sent; tqs is down."
05-11 20:26:39.299   272   272 E EntSec  : [NQS   ] [NQS_Source ] "TQS is not ready yet, wait 1 sec and try again"
05-11 20:26:40.299   272   272 I EntSec  : [NQS   ] [NQS_Source ] "attempt number 46: send Is Ready request to TQS"
05-11 20:26:40.299   272   272 I EntSec  : [NQS   ] [TQS_FWD    ] "The message to TQS will not be sent; tqs is down."
05-11 20:26:40.299   272   272 E EntSec  : [NQS   ] [NQS_Source ] "TQS is not ready yet, wait 1 sec and try again"
05-11 20:26:41.299   272   272 I EntSec  : [NQS   ] [NQS_Source ] "attempt number 47: send Is Ready request to TQS"
05-11 20:26:41.299   272   272 I EntSec  : [NQS   ] [TQS_FWD    ] "The message to TQS will not be sent; tqs is down."
05-11 20:26:41.299   272   272 E EntSec  : [NQS   ] [NQS_Source ] "TQS is not ready yet, wait 1 sec and try again"
05-11 20:26:42.299   272   272 I EntSec  : [NQS   ] [NQS_Source ] "attempt number 48: send Is Ready request to TQS"
05-11 20:26:42.299   272   272 I EntSec  : [NQS   ] [TQS_FWD    ] "The message to TQS will not be sent; tqs is down."
05-11 20:26:42.299   272   272 E EntSec  : [NQS   ] [NQS_Source ] "TQS is not ready yet, wait 1 sec and try again"
05-11 20:26:43.309   272   272 I EntSec  : [NQS   ] [NQS_Source ] "attempt number 49: send Is Ready request to TQS"
05-11 20:26:43.309   272   272 I EntSec  : [NQS   ] [TQS_FWD    ] "The message to TQS will not be sent; tqs is down."
05-11 20:26:43.309   272   272 E EntSec  : [NQS   ] [NQS_Source ] "TQS is not ready yet, wait 1 sec and try again"
05-11 20:26:44.309   272   272 I EntSec  : [NQS   ] [NQS_Source ] "attempt number 50: send Is Ready request to TQS"
05-11 20:26:44.309   272   272 I EntSec  : [NQS   ] [TQS_FWD    ] "The message to TQS will not be sent; tqs is down."
05-11 20:26:44.309   272   272 E EntSec  : [NQS   ] [NQS_Source ] "TQS is not ready yet, wait 1 sec and try again"
05-11 20:26:45.309   272   272 I EntSec  : [NQS   ] [NQS_Source ] "attempt number 51: send Is Ready request to TQS"
05-11 20:26:45.309   272   272 I EntSec  : [NQS   ] [TQS_FWD    ] "The message to TQS will not be sent; tqs is down."
05-11 20:26:45.309   272   272 E EntSec  : [NQS   ] [NQS_Source ] "TQS is not ready yet, wait 1 sec and try again"
05-11 20:26:46.309   272   272 I EntSec  : [NQS   ] [NQS_Source ] "attempt number 52: send Is Ready request to TQS"
05-11 20:26:46.309   272   272 I EntSec  : [NQS   ] [TQS_FWD    ] "The message to TQS will not be sent; tqs is down."
05-11 20:26:46.309   272   272 E EntSec  : [NQS   ] [NQS_Source ] "TQS is not ready yet, wait 1 sec and try again"
05-11 20:26:47.309   272   272 I EntSec  : [NQS   ] [NQS_Source ] "attempt number 53: send Is Ready request to TQS"
05-11 20:26:47.309   272   272 I EntSec  : [NQS   ] [TQS_FWD    ] "The message to TQS will not be sent; tqs is down."
05-11 20:26:47.309   272   272 E EntSec  : [NQS   ] [NQS_Source ] "TQS is not ready yet, wait 1 sec and try again"
05-11 20:26:48.309   272   272 I EntSec  : [NQS   ] [NQS_Source ] "attempt number 54: send Is Ready request to TQS"
05-11 20:26:48.309   272   272 I EntSec  : [NQS   ] [TQS_FWD    ] "The message to TQS will not be sent; tqs is down."
05-11 20:26:48.309   272   272 E EntSec  : [NQS   ] [NQS_Source ] "TQS is not ready yet, wait 1 sec and try again"
05-11 20:26:49.309   272   272 I EntSec  : [NQS   ] [NQS_Source ] "attempt number 55: send Is Ready request to TQS"
05-11 20:26:49.309   272   272 I EntSec  : [NQS   ] [TQS_FWD    ] "The message to TQS will not be sent; tqs is down."
05-11 20:26:49.309   272   272 E EntSec  : [NQS   ] [NQS_Source ] "TQS is not ready yet, wait 1 sec and try again"
05-11 20:26:50.309   272   272 I EntSec  : [NQS   ] [NQS_Source ] "attempt number 56: send Is Ready request to TQS"
05-11 20:26:50.309   272   272 I EntSec  : [NQS   ] [TQS_FWD    ] "The message to TQS will not be sent; tqs is down."
05-11 20:26:50.309   272   272 E EntSec  : [NQS   ] [NQS_Source ] "TQS is not ready yet, wait 1 sec and try again"
05-11 20:26:51.309   272   272 I EntSec  : [NQS   ] [NQS_Source ] "attempt number 57: send Is Ready request to TQS"
05-11 20:26:51.309   272   272 I EntSec  : [NQS   ] [TQS_FWD    ] "The message to TQS will not be sent; tqs is down."
05-11 20:26:51.309   272   272 E EntSec  : [NQS   ] [NQS_Source ] "TQS is not ready yet, wait 1 sec and try again"
05-11 20:26:52.309   272   272 I EntSec  : [NQS   ] [NQS_Source ] "attempt number 58: send Is Ready request to TQS"
05-11 20:26:52.309   272   272 I EntSec  : [NQS   ] [TQS_FWD    ] "The message to TQS will not be sent; tqs is down."
05-11 20:26:52.309   272   272 E EntSec  : [NQS   ] [NQS_Source ] "TQS is not ready yet, wait 1 sec and try again"
05-11 20:26:53.309   272   272 I EntSec  : [NQS   ] [NQS_Source ] "attempt number 59: send Is Ready request to TQS"
05-11 20:26:53.309   272   272 I EntSec  : [NQS   ] [TQS_FWD    ] "The message to TQS will not be sent; tqs is down."
05-11 20:26:53.309   272   272 E EntSec  : [NQS   ] [NQS_Source ] "TQS is not ready yet, wait 1 sec and try again"
05-11 20:26:54.309   272   272 I EntSec  : [NQS   ] [NQS_Source ] "Check Is TQS Ready - end"
05-11 20:26:54.309   272   272 D EntSec  : [NQS   ] [NQS_Source ] " ---------------------------------------------------------------"
05-11 20:26:54.309   272   272 D EntSec  : [NQS   ] [NQS_Source ] " ---------------------------------------------------------------"
05-11 20:26:54.309   272   272 I EntSec  : [NQS   ] [NQS_Source ] "Getting Port Name -handling"
05-11 20:26:54.309   272   272 I EntSec  : [NQS   ] [TQS_FWD    ] "The message to TQS will not be sent; tqs is down."
05-11 20:26:54.309   272   272 E EntSec  : [NQS   ] [NQS_Source ] "Failed on getting the port name response from TQS."
05-11 20:26:54.309   272   272 D EntSec  : [NQS   ] [NQS_Source ] "Starting with Default Port"
05-11 20:26:54.309   272   272 I EntSec  : [NQS   ] [MAIN       ] "NQS activated successfully [Compiled on: Apr 29 2014:17:25:27]"
05-11 20:26:54.309   272   272 D EntSec  : [NQS   ] [MAIN       ] "Dealing with fd 10 BEGINS [0xbec7e7e4]"
05-11 20:26:54.309   272   272 D EntSec  : [NQS   ] [QSB_SOURCE ] "The file descriptor 10 contained in the QsbSource openFds set"
05-11 20:26:54.309   272   272 D EntSec  : [NQS   ] [QSB_SOURCE ] " ---------------------------------------------------------------"
05-11 20:26:54.309   272   272 I EntSec  : [NQS   ] [QSB_SOURCE ] "Loading port -handling"
05-11 20:26:54.309   272   272 D EntSec  : [NQS   ] [ACK_DB     ] "Clearing OutstandingAck DB"
05-11 20:26:54.309   272   272 I EntSec  : [NQS   ] [QSB_SOURCE ] "According to TQS, need to load the default port. Sending a message to QSB"
05-11 20:26:54.309   272   272 I EntSec  : [NQS   ] [QSB_COMM   ] "send load default port command to a QSB."
05-11 20:26:54.309   272   272 I EntSec  : [NQS   ] [QSB_SOURCE ] "Message sent to the QSB; QSB will be initialized with the default port"
05-11 20:26:54.309   272   272 I EntSec  : [NQS   ] [QSB_SOURCE ] "Loading port mechanism - handling completed"
05-11 20:26:54.309   272   272 D EntSec  : [NQS   ] [QSB_SOURCE ] " ---------------------------------------------------------------"
05-11 20:26:54.309   272   272 D EntSec  : [NQS   ] [MAIN       ] "Dealing with fd 10 has Ended [0xbec7e7e4]"
05-11 20:26:54.309   272   272 D EntSec  : [NQS   ] [MAIN       ] "Dealing with fd 10 BEGINS [0xbec7e7e4]"
05-11 20:26:54.309   272   272 D EntSec  : [NQS   ] [QSB_SOURCE ] "The file descriptor 10 contained in the QsbSource openFds set"
05-11 20:26:54.309   272   272 D EntSec  : [NQS   ] [QSB_SOURCE ] "Currently reached the limit of pending connections. Will not be accepting new connections from here on"
05-11 20:26:54.309   272   272 D EntSec  : [NQS   ] [QSB_SOURCE ] " ---------------------------------------------------------------"
05-11 20:26:54.309   272   272 I EntSec  : [NQS   ] [QSB_SOURCE ] "Loading port -handling"
05-11 20:26:54.309   272   272 D EntSec  : [NQS   ] [ACK_DB     ] "Clearing OutstandingAck DB"
05-11 20:26:54.309   272   272 I EntSec  : [NQS   ] [QSB_SOURCE ] "According to TQS, need to load the default port. Sending a message to QSB"
05-11 20:26:54.309   272   272 I EntSec  : [NQS   ] [QSB_COMM   ] "send load default port command to a QSB."
05-11 20:26:54.309   272   272 I EntSec  : [NQS   ] [QSB_SOURCE ] "Message sent to the QSB; QSB will be initialized with the default port"
05-11 20:26:54.309   272   272 I EntSec  : [NQS   ] [QSB_SOURCE ] "Loading port mechanism - handling completed"
05-11 20:26:54.309   272   272 D EntSec  : [NQS   ] [QSB_SOURCE ] " ---------------------------------------------------------------"
05-11 20:26:54.309   272   272 D EntSec  : [NQS   ] [MAIN       ] "Setting status to READY"
05-11 20:26:54.309   272   272 D EntSec  : [NQS   ] [MAIN       ] "Dealing with fd 10 has Ended [0xbec7e7e4]"
05-11 20:27:23.119   924   954 I BootReceiver: Copying /data/tombstones/tombstone_02 to DropBox (SYSTEM_TOMBSTONE)
05-11 20:27:23.179   924  1077 I ActivityManager: Process com.android.nfc (pid 2342) has died.
05-11 20:27:23.199   924  1077 I ActivityManager: Start proc com.android.nfc for restart com.android.nfc: pid=2770 uid=1027 gids={41027, 3002, 3001, 1028, 1015}
05-11 20:28:53.879   924   954 I BootReceiver: Copying /data/tombstones/tombstone_03 to DropBox (SYSTEM_TOMBSTONE)
05-11 20:28:53.929   924  1212 I ActivityManager: Process com.android.nfc (pid 2770) has died.
05-11 20:28:53.949   924  1212 I ActivityManager: Start proc com.android.nfc for restart com.android.nfc: pid=3024 uid=1027 gids={41027, 3002, 3001, 1028, 1015}
--------- beginning of /dev/log/main
05-11 20:29:28.399   261  3205 E mm-camera-CORE: awb_settings_init awb=0xb50d4008,init_param=0xb74d98ec, chromatix=0xb72407f8, stats type=1
05-11 20:29:28.399   261  3205 E mm-camera-CORE: awb_set_parse_chromatix: awb->stats_type=1
05-11 20:29:28.399   261  3205 E mm-camera-CORE: awb_set_parse_chromatix: X
05-11 20:29:28.399   261  3205 E mm-camera-CORE: AWB awb_bayer_init: Green zone offset: (green_offset_bg,green_offset_rg, top_right)=(0, 0, -30 )
05-11 20:29:28.399   261  3205 E mm-camera-CORE: awb_set_parameters: paramt type =4
05-11 20:29:28.399   261  3205 E mm-camera-CORE: awb_set_parameters: paramt type =2
05-11 20:29:28.399   261  3205 E mm-camera-CORE: awb_set_current_wb: E current awb=0 (rbg)=(1.518107, 1.000000, 2.228637)
05-11 20:29:28.399   261  3205 E mm-camera-CORE: awb_set_current_wb: X current awb=0 (rbg)=(1.518107, 1.000000, 2.228637)
05-11 20:29:28.399   261  3205 E mm-camera-CORE: awb_set_current_wb: new_wb =0
05-11 20:29:28.399   261  3206 E mm-camera: afd_set_parameters: param=0xb7510bb4 afd_obj =0xb72add48, type =1
05-11 20:29:28.399   261  3205 E mm-camera-CORE: awb_set_parameters: paramt type =5
05-11 20:29:28.399   261  3177 E mm-camera: isp_tintless_config: tint_correction_strength updated to 4
05-11 20:29:28.399   261  3206 E mm-camera: afd_set_parameters: param=0xb75110bc afd_obj =0xb72add48, type =5
05-11 20:29:28.399   261  3205 E mm-camera-CORE: awb_set_parameters: paramt type =12
05-11 20:29:28.399   261  3206 E mm-camera-CORE: afd_process_pack_output: afd_enable 0, monitor 0, flicker 0, freq 0, afd_state 0, afd_atb 0
05-11 20:29:28.399   261  3206 E mm-camera: afd_set_parameters: param=0xb74d9824 afd_obj =0xb72add48, type =0
05-11 20:29:28.399   261  3206 E mm-camera: afd_set_parameters: param=0xb7511254 afd_obj =0xb72add48, type =0
05-11 20:29:28.399   261  3206 E mm-camera: afd_set_parameters: param=0xb751135c afd_obj =0xb72add48, type =0
05-11 20:29:28.399   261  3206 E mm-camera: afd_set_parameters: param=0xb751148c afd_obj =0xb72add48, type =0
05-11 20:29:28.399   261  3206 E mm-camera: afd_set_parameters: param=0xb75115bc afd_obj =0xb72add48, type =0
05-11 20:29:28.399   261  3206 E mm-camera: afd_set_parameters: param=0xb7511d3c afd_obj =0xb72add48, type =0
05-11 20:29:28.399   261  3206 E mm-camera: afd_set_parameters: param=0xb7511e6c afd_obj =0xb72add48, type =0
05-11 20:29:28.399   261  3206 E mm-camera: afd_set_parameters: param=0xb7511f9c afd_obj =0xb72add48, type =0
05-11 20:29:28.399   261  3206 E mm-camera: afd_set_parameters: param=0xb75120cc afd_obj =0xb72add48, type =0
05-11 20:29:28.399   261  3206 E mm-camera: afd_set_parameters: param=0xb7512134 afd_obj =0xb72add48, type =0
05-11 20:29:28.399   261  3206 E mm-camera: afd_set_parameters: param=0xb7512264 afd_obj =0xb72add48, type =0
05-11 20:29:28.399   261  3206 E mm-camera: afd_set_parameters: param=0xb75122cc afd_obj =0xb72add48, type =0
05-11 20:29:28.399   261  3206 E mm-camera: afd_set_parameters: param=0xb75123fc afd_obj =0xb72add48, type =0
05-11 20:29:28.399   261  3206 E mm-camera: afd_set_parameters: param=0xb75125f4 afd_obj =0xb72add48, type =7
05-11 20:29:28.399   261  3177 E mm-camera: isp_tintless_update_chromatix_params: lib returned config err=0
05-11 20:29:28.399   261  3177 E mm-camera-img: Face Album FILE EXISTS
05-11 20:29:28.399   261  3177 E mm-camera: cpp_hw_params_update_wnr_params:2891 invalid trigger input 0.000000
05-11 20:29:28.399   261  3171 E mm-camera: isp_ch_util_sync_stream_cfg_to_channel: cannot find channel, Adding new channel for stream id 2
05-11 20:29:28.399   261  3214 E mm-camera: isp_axi_stream_set_skip_pattern: cannot find stream, session_id = 0, stream_id = 0
05-11 20:29:28.399   261  3171 E mm-camera: isp_hw_action: first start, hw thread for streamon/ack
05-11 20:29:28.399   261  3214 E mm-camera: isp_thread_proc_cmd: start/stop, thread_data = 0xb74e5594, action_code = 0
05-11 20:29:28.409   261  3171 E mm-camera: isp_ch_util_streamon: session_id = 1, vfe_mask = 0x1, async streamon, rc = 0
05-11 20:29:28.409   261  3171 E mm-camera: isp_hw_action: hw_thread for ack
05-11 20:29:28.409   261  3214 E mm-camera: isp_tintless_config: cfg: 10x13 mesh, 8x8 subgrid, subgrid sz 26x34
05-11 20:29:28.409   261  3214 E mm-camera: isp_tintless_mesh_config: lib returned mesh config err=0
05-11 20:29:28.409   261  3214 E mm-camera: color_xform_config_601_to_601 for stream Encoder
05-11 20:29:28.409   261  3214 E mm-camera: color_xform_config_601_to_601 for stream Viewfinder
05-11 20:29:28.409   261  3214 E mm-camera: linearization_set_params: param_id is not supported in this module
05-11 20:29:28.409   261  3214 E mm-camera: mesh_rolloff_set_params: param_id is not supported in this module
05-11 20:29:28.409   261  3214 E mm-camera: wb_set_params: param_id is not supported in this module
05-11 20:29:28.409   261  3214 E mm-camera: demosaic_set_params: param_id 7, is not supported in this module
05-11 20:29:28.409   261  3214 E mm-camera: demux_set_params: param_id 7, is not supported in this module
05-11 20:29:28.409   261  3214 E mm-camera: color_correct_set_effect: saturation level = 1.000000, asd_saturae_adjust = 1.000000
05-11 20:29:28.409   261  3214 E mm-camera: mce_set_params: param_id is not supported in this module
05-11 20:29:28.409   261  3214 E mm-camera: sce_set_params: param_id is not supported in this module
05-11 20:29:28.409   261  3214 E mm-camera: la_hist_trigger_update: luma target from AEC = 0! use default LA curve
05-11 20:29:28.409   261  3214 E mm-camera: isp_tintless_stat_config: pointer okay 
05-11 20:29:28.409   261  3214 E mm-camera: isp_tintless_config: cfg: camif 2448x2448, elem sz 76x102, elems 24x32
05-11 20:29:28.409   261  3214 E mm-camera: isp_tintless_stat_config: lib returned config err=0
05-11 20:29:28.409   261  3214 E mm-camera: stats_action_buf_config: cfg = 1, stats_mask = 0x6b8
05-11 20:29:28.419   261  3214 E mm-camera: stats_action: stats mask = 0x6b8
05-11 20:29:28.419   261  3214 E mm-camera: isp_axi_util_subscribe_v4l2_event: event_type = 0x8000100, is_subscribe = 1
05-11 20:29:28.419   261  3214 E mm-camera: isp_thread_proc_cmd: start/stop ack done, thread_data = 0xb74e5594, action_code = 1, rc = 0
05-11 20:29:28.419   261  3171 E mm-camera: isp_ch_util_streamon: session_id = 1, sync ack done
05-11 20:29:28.419   261  3177 E mm-camera: ispif_proc_streamon: ispif_hw_reset done
05-11 20:29:28.419   261  3177 E mm-camera: stream id 2, stream num_meta 0
05-11 20:29:28.419   261  3177 E mm-camera: ispif_streamon: session_id = 1, active_streams = 1
05-11 20:29:28.419   261  3177 E mm-camera-sensor: module_sensor_stream_on:1560 CameraManager start stream without ir file
05-11 20:29:28.429   261  3177 E mm-camera-sensor: module_sensor_stream_on: Sending start bus message
05-11 20:29:28.429   261  3177 E mm-camera: start_sof_check_thread: Starting SOF timeout thread
05-11 20:29:28.429  1985  1985 D streaming: 20:29:28.436 328.233 [CameraView:surfaceChanged:223]: startPreview 0
05-11 20:29:28.439  1985  1985 D Camera-JNI: startPreview
05-11 20:29:28.439   211   996 E QCamera2HWI: [KPI Perf] static int qcamera::QCamera2HardwareInterface::start_preview(camera_device*): E PROFILE_START_PREVIEW
05-11 20:29:28.439   211  3186 E QCameraHWI_Mem: int qcamera::QCameraMemory::alloc(int, int, int) : No memory pool available
05-11 20:29:28.449   211  3186 E QCameraHWI_Mem: int qcamera::QCameraMemory::alloc(int, int, int) : No memory pool available
05-11 20:29:28.449   211  3187 E QCameraHWI_Mem: int qcamera::QCameraMemoryPool::allocateBuffer(qcamera::QCameraMemory::QCameraMemInfo&, int, int, bool, cam_stream_type_t) : Buffer not found!
05-11 20:29:28.449   211  3187 E QCameraHWI_Mem: int qcamera::QCameraMemoryPool::allocateBuffer(qcamera::QCameraMemory::QCameraMemInfo&, int, int, bool, cam_stream_type_t) : Buffer not found!
05-11 20:29:28.449   211  3187 E QCameraHWI_Mem: int qcamera::QCameraMemoryPool::allocateBuffer(qcamera::QCameraMemory::QCameraMemInfo&, int, int, bool, cam_stream_type_t) : Buffer not found!
05-11 20:29:28.449   211  3187 E QCameraHWI_Mem: int qcamera::QCameraMemoryPool::allocateBuffer(qcamera::QCameraMemory::QCameraMemInfo&, int, int, bool, cam_stream_type_t) : Buffer not found!
05-11 20:29:28.449   211  3187 E QCameraHWI_Mem: int qcamera::QCameraMemoryPool::allocateBuffer(qcamera::QCameraMemory::QCameraMemInfo&, int, int, bool, cam_stream_type_t) : Buffer not found!
05-11 20:29:28.449   211  3187 E QCameraHWI_Mem: int qcamera::QCameraMemoryPool::allocateBuffer(qcamera::QCameraMemory::QCameraMemInfo&, int, int, bool, cam_stream_type_t) : Buffer not found!
05-11 20:29:28.449   211  3187 E QCameraHWI_Mem: int qcamera::QCameraMemoryPool::allocateBuffer(qcamera::QCameraMemory::QCameraMemInfo&, int, int, bool, cam_stream_type_t) : Buffer not found!
05-11 20:29:28.449   261  3197 E mm-camera: mct_pipeline_add_stream_to_linked_streams: linked streams: 0x2
05-11 20:29:28.449   261  3197 E mm-camera: mct_stream_start_link: Starting preview/postview stream linking 
05-11 20:29:28.449   261  3197 E mm-camera-sensor: port_sensor_caps_reserve:126 ide 20002 stream type 1 w*h 2048*2048
05-11 20:29:28.449   261  3197 E mm-camera-sensor: port_sensor_ext_link_func:195 ide 20002
05-11 20:29:28.449   261  3197 E mm-camera: isp_reserve_src_port: Error isp_src_port
05-11 20:29:28.449   261  3197 E mm-camera: isp_util_find_matched_existing_src_port#171: X
05-11 20:29:28.449   261  3197 E mm-camera: isp_reserve_src_port: Error isp_src_port
05-11 20:29:28.449   261  3197 E mm-camera: isp_util_find_matched_existing_src_port#171: X
05-11 20:29:28.449   261  3197 E mm-camera: module_imglib_create_port:1756 portname imglib_d2_i1
05-11 20:29:28.449   261  3197 E mm-camera: module_imglib_port_check_caps_reserve:1493 port already reserved or invalid identity 131074
05-11 20:29:28.449   261  3197 E mm-camera: module_imglib_port_check_caps_reserve:1557] Cap reserve failed 
05-11 20:29:28.449   261  3197 E mm-camera: module_faceproc_client_create:968] Face proc feature mask e 0
05-11 20:29:28.449   261  3197 E mm-camera: isp_reserve_src_port: Error isp_src_port
05-11 20:29:28.449   261  3197 E mm-camera: mct_pipeline_send_ctrl_events: Send Set Parm events
05-11 20:29:28.459   261  3197 E mm-camera: mct_pipeline_add_stream_to_linked_streams: linked streams: 0x82
05-11 20:29:28.459   261  3197 E mm-camera: mct_stream_start_link: Starting meta stream linking: do nothing 
05-11 20:29:28.459   211  3186 E mm-camera-intf: mm_stream_get_v4l2_fmt: Unknown fmt=78
05-11 20:29:28.459   211  3186 E QCameraParameters: int qcamera::QCameraParameters::getPreviewHalPixelFormat() const: format 265
05-11 20:29:28.479   261  3197 E mm-camera-sensor: sensor_set_resolution:1611 set_fps=30.000000 > max_fps=20.000000, capping to max
05-11 20:29:28.519   261  3197 E mm-camera: decide_isp_nums_camif: num_isp = 1
05-11 20:29:28.519   261  3218 E mm-camera-CORE: awb_set_parameters: paramt type =10
05-11 20:29:28.519   261  3218 E mm-camera-CORE: awb_set_parameters current op_mode: 2, previous op_mode: 0
05-11 20:29:28.519   261  3219 E mm-camera: afd_set_parameters: param=0xb7573d94 afd_obj =0xb72b8748, type =3
05-11 20:29:28.519   261  3197 E mm-camera-sensor: sensor_get_cur_ir_chromatix_name:2061 res 0 mask 2 preview chromatix libchromatix_ov10823_ir_preview.so
05-11 20:29:28.519   261  3197 E mm-camera-sensor: change_chromatix_library:19 Open /persist/phoneid.bin failed
05-11 20:29:28.519   261  3197 E mm-camera-sensor: 
05-11 20:29:28.519   261  3197 E mm-camera-sensor: change_chromatix_library:19 Open /persist/phoneid.bin failed
05-11 20:29:28.519   261  3197 E mm-camera-sensor: 
05-11 20:29:28.519   261  3197 E mm-camera-sensor: change_chromatix_library:19 Open /persist/phoneid.bin failed
05-11 20:29:28.519   261  3197 E mm-camera-sensor: 
05-11 20:29:28.519   261  3197 E mm-camera-sensor: change_chromatix_library:19 Open /persist/phoneid.bin failed
05-11 20:29:28.519   261  3197 E mm-camera-sensor: 
