05-11 20:30:24.379   206   206 I DEBUG   :     5ef97b50 00000000 00000000 00000000 00000000  
05-11 20:30:24.379   206   206 I DEBUG   :     5ef97b60 00000000 00000000 5ef97bec 57aa2694  
05-11 20:30:24.379   206   206 I DEBUG   :     5ef97b70 00000001 41d0aec8 00000009 00000003  
05-11 20:30:24.379   206   206 I DEBUG   :     5ef97b80 57aa2680 5ec68555 5ef97bec 00000038  
05-11 20:30:24.379   206   206 I DEBUG   :     5ef97b90 00000000 415cec9f 5ec68555 41d0aec8  
05-11 20:30:24.379   206   206 I DEBUG   :     5ef97ba0 5ec41324 41d0aec8 5ec68555 5ef97bec  
05-11 20:30:24.379   206   206 I DEBUG   :     5ef97bb0 4015d394 5b6afd40 41d5fa60 415cf05f  
05-11 20:30:24.379   206   206 I DEBUG   :     5ef97bc0 5ef97bec 5ec68555 5ef97bec 415cf0c9  
05-11 20:30:24.379   206   206 I DEBUG   :     5ef97bd0 41d0aec8 5ec41324 000001d3 5ec79000  
05-11 20:30:24.379   206   206 I DEBUG   :     5ef97be0 5ec68555 415cf653 5ef97bf4 5b6afd40  
05-11 20:30:24.379   206   206 I DEBUG   : 
05-11 20:30:24.379   206   206 I DEBUG   : memory near r9:
05-11 20:30:24.379   206   206 I DEBUG   :     5ee99fa0 5ec49ea0 5ee99fd4 5ee99fd4 5ec49eb2  
05-11 20:30:24.379   206   206 I DEBUG   :     5ee99fb0 57aa1cd8 00000000 00000000 1d300001  
05-11 20:30:24.379   206   206 I DEBUG   :     5ee99fc0 5ee9a000 00000000 57ab28b8 5ec49eb2  
05-11 20:30:24.379   206   206 I DEBUG   :     5ee99fd0 00000000 00000000 41d0d8a8 41d5fbc8  
05-11 20:30:24.379   206   206 I DEBUG   :     5ee99fe0 00015f90 00000000 41d5fa60 00000000  
05-11 20:30:24.379   206   206 I DEBUG   :     5ee99ff0 00000000 00000000 00000000 00000000  
05-11 20:30:24.379   206   206 I DEBUG   :     5ee9a000 00000000 00000000 00000000 00000000  
05-11 20:30:24.379   206   206 I DEBUG   :     5ee9a010 00000000 00000000 00000000 00000000  
05-11 20:30:24.379   206   206 I DEBUG   :     5ee9a020 00000000 00000000 00000000 00000000  
05-11 20:30:24.379   206   206 I DEBUG   :     5ee9a030 00000000 00000000 00000000 00000000  
05-11 20:30:24.379   206   206 I DEBUG   :     5ee9a040 00000000 00000000 00000000 00000000  
05-11 20:30:24.379   206   206 I DEBUG   :     5ee9a050 00000000 00000000 00000000 00000000  
05-11 20:30:24.379   206   206 I DEBUG   :     5ee9a060 00000000 00000000 00000000 00000000  
05-11 20:30:24.379   206   206 I DEBUG   :     5ee9a070 00000000 00000000 00000000 00000000  
05-11 20:30:24.379   206   206 I DEBUG   :     5ee9a080 00000000 00000000 00000000 00000000  
05-11 20:30:24.379   206   206 I DEBUG   :     5ee9a090 00000000 00000000 00000000 00000000  
05-11 20:30:24.379   206   206 I DEBUG   : 
05-11 20:30:24.379   206   206 I DEBUG   : memory near sl:
05-11 20:30:24.379   206   206 I DEBUG   :     5ed907a8 00000000 00000000 00000000 0000045b  
05-11 20:30:24.379   206   206 I DEBUG   :     5ed907b8 5ec49e74 5ee99fbc 57ab28b8 5ec79000  
05-11 20:30:24.379   206   206 I DEBUG   :     5ed907c8 41d0d8a8 00000007 5ef97c40 00000000  
05-11 20:30:24.379   206   206 I DEBUG   :     5ed907d8 5ef97c94 0000000c 00000000 415804c0  
05-11 20:30:24.379   206   206 I DEBUG   :     5ed907e8 00000000 00000000 40df6f70 5ee96300  
05-11 20:30:24.379   206   206 I DEBUG   :     5ed907f8 00000000 00000000 00000001 00004000  
05-11 20:30:24.379   206   206 I DEBUG   :     5ed90808 00000000 5ed90c10 415804c0 41585400  
05-11 20:30:24.379   206   206 I DEBUG   :     5ed90818 00000000 415894fc 41589570 41589420  
05-11 20:30:24.379   206   206 I DEBUG   :     5ed90828 41589440 4158949c 00000000 00000000  
05-11 20:30:24.389   206   206 I DEBUG   :     5ed90838 5ed91738 00000028 00000000 00000000  
05-11 20:30:24.389   206   206 I DEBUG   :     5ed90848 00000000 00000000 00002000 4162454c  
05-11 20:30:24.389   206   206 I DEBUG   :     5ed90858 00000000 00000000 00000001 5ed90e58  
05-11 20:30:24.389   206   206 I DEBUG   :     5ed90868 00000001 00000040 00000200 00000000  
05-11 20:30:24.389   206   206 I DEBUG   :     5ed90878 00000000 00000000 00000000 00000000  
05-11 20:30:24.389   206   206 I DEBUG   :     5ed90888 00000000 00000000 00000000 00000000  
05-11 20:30:24.389   206   206 I DEBUG   :     5ed90898 00000000 00000000 00000000 00000000  
05-11 20:30:24.389   206   206 I DEBUG   : 
05-11 20:30:24.389   206   206 I DEBUG   : memory near fp:
05-11 20:30:24.389   206   206 I DEBUG   :     5ef97b04 5ec95481 00000000 41580350 5ee99fbc  
05-11 20:30:24.389   206   206 I DEBUG   :     5ef97b14 00000001 00000000 41d0d8a8 41d5fa60  
05-11 20:30:24.389   206   206 I DEBUG   :     5ef97b24 415b0fd3 5ee99fbc 5ec65c42 5ec95455  
05-11 20:30:24.389   206   206 I DEBUG   :     5ef97b34 5ed907c8 00000000 00000000 00000000  
05-11 20:30:24.389   206   206 I DEBUG   :     5ef97b44 00000000 00000000 4015d394 00000000  
05-11 20:30:24.389   206   206 I DEBUG   :     5ef97b54 00000000 00000000 00000000 00000000  
05-11 20:30:24.389   206   206 I DEBUG   :     5ef97b64 00000000 5ef97bec 57aa2694 00000001  
05-11 20:30:24.389   206   206 I DEBUG   :     5ef97b74 41d0aec8 00000009 00000003 57aa2680  
05-11 20:30:24.389   206   206 I DEBUG   :     5ef97b84 5ec68555 5ef97bec 00000038 00000000  
05-11 20:30:24.389   206   206 I DEBUG   :     5ef97b94 415cec9f 5ec68555 41d0aec8 5ec41324  
05-11 20:30:24.389   206   206 I DEBUG   :     5ef97ba4 41d0aec8 5ec68555 5ef97bec 4015d394  
05-11 20:30:24.389   206   206 I DEBUG   :     5ef97bb4 5b6afd40 41d5fa60 415cf05f 5ef97bec  
05-11 20:30:24.389   206   206 I DEBUG   :     5ef97bc4 5ec68555 5ef97bec 415cf0c9 41d0aec8  
05-11 20:30:24.389   206   206 I DEBUG   :     5ef97bd4 5ec41324 000001d3 5ec79000 5ec68555  
05-11 20:30:24.389   206   206 I DEBUG   :     5ef97be4 415cf653 5ef97bf4 5b6afd40 0000010b  
05-11 20:30:24.389   206   206 I DEBUG   :     5ef97bf4 5b6afd40 0000001a 415b484f 5ed907b8  
05-11 20:30:24.389   206   206 I DEBUG   : 
05-11 20:30:24.389   206   206 I DEBUG   : memory near ip:
05-11 20:30:24.389   206   206 I DEBUG   :     5ee99fa8 5ee99fd4 5ec49eb2 57aa1cd8 00000000  
05-11 20:30:24.389   206   206 I DEBUG   :     5ee99fb8 00000000 1d300001 5ee9a000 00000000  
05-11 20:30:24.389   206   206 I DEBUG   :     5ee99fc8 57ab28b8 5ec49eb2 00000000 00000000  
05-11 20:30:24.389   206   206 I DEBUG   :     5ee99fd8 41d0d8a8 41d5fbc8 00015f90 00000000  
05-11 20:30:24.389   206   206 I DEBUG   :     5ee99fe8 41d5fa60 00000000 00000000 00000000  
05-11 20:30:24.389   206   206 I DEBUG   :     5ee99ff8 00000000 00000000 00000000 00000000  
05-11 20:30:24.389   206   206 I DEBUG   :     5ee9a008 00000000 00000000 00000000 00000000  
05-11 20:30:24.389   206   206 I DEBUG   :     5ee9a018 00000000 00000000 00000000 00000000  
05-11 20:30:24.389   206   206 I DEBUG   :     5ee9a028 00000000 00000000 00000000 00000000  
05-11 20:30:24.389   206   206 I DEBUG   :     5ee9a038 00000000 00000000 00000000 00000000  
05-11 20:30:24.389   206   206 I DEBUG   :     5ee9a048 00000000 00000000 00000000 00000000  
05-11 20:30:24.389   206   206 I DEBUG   :     5ee9a058 00000000 00000000 00000000 00000000  
05-11 20:30:24.389   206   206 I DEBUG   :     5ee9a068 00000000 00000000 00000000 00000000  
05-11 20:30:24.389   206   206 I DEBUG   :     5ee9a078 00000000 00000000 00000000 00000000  
05-11 20:30:24.389   206   206 I DEBUG   :     5ee9a088 00000000 00000000 00000000 00000000  
05-11 20:30:24.389   206   206 I DEBUG   :     5ee9a098 00000000 00000000 00000000 00000000  
05-11 20:30:24.389   206   206 I DEBUG   : 
05-11 20:30:24.389   206   206 I DEBUG   : memory near sp:
05-11 20:30:24.389   206   206 I DEBUG   :     5ef97a88 4011ef1d 00000006 0000001d 5ef97a8c  
05-11 20:30:24.389   206   206 I DEBUG   :     5ef97a98 5ed914b0 5b6d7df0 401591d8 5b921008  
05-11 20:30:24.389   206   206 I DEBUG   :     5ef97aa8 00000006 00000000 00000be0 5ee99fc8  
05-11 20:30:24.389   206   206 I DEBUG   :     5ef97ab8 5ee99fc8 40122135 00000006 00000000  
05-11 20:30:24.389   206   206 I DEBUG   :     5ef97ac8 00000000 40122349 5ef97adc 4012107f  
05-11 20:30:24.389   206   206 I DEBUG   :     5ef97ad8 1d200005 ffffffdf 401760b1 402593b1  
05-11 20:30:24.389   206   206 I DEBUG   :     5ef97ae8 577a4350 62d5d2d6 57aa1cd8 57aa1cd8  
05-11 20:30:24.389   206   206 I DEBUG   :     5ef97af8 5ed907b8 40130994 5eca9ba9 5ec95481  
05-11 20:30:24.389   206   206 I DEBUG   :     5ef97b08 00000000 41580350 5ee99fbc 00000001  
05-11 20:30:24.389   206   206 I DEBUG   :     5ef97b18 00000000 41d0d8a8 41d5fa60 415b0fd3  
05-11 20:30:24.389   206   206 I DEBUG   :     5ef97b28 5ee99fbc 5ec65c42 5ec95455 5ed907c8  
05-11 20:30:24.389   206   206 I DEBUG   :     5ef97b38 00000000 00000000 00000000 00000000  
05-11 20:30:24.389   206   206 I DEBUG   :     5ef97b48 00000000 4015d394 00000000 00000000  
05-11 20:30:24.389   206   206 I DEBUG   :     5ef97b58 00000000 00000000 00000000 00000000  
05-11 20:30:24.389   206   206 I DEBUG   :     5ef97b68 5ef97bec 57aa2694 00000001 41d0aec8  
05-11 20:30:24.389   206   206 I DEBUG   :     5ef97b78 00000009 00000003 57aa2680 5ec68555  
05-11 20:30:24.389   206   206 I DEBUG   : 
05-11 20:30:24.389   206   206 I DEBUG   : code around pc:
05-11 20:30:24.389   206   206 I DEBUG   :     401310bc e8bd00f0 e3700a01 912fff1e e2600000  
05-11 20:30:24.389   206   206 I DEBUG   :     401310cc ea006df6 e92d50f0 e3a07f43 ef000000  
05-11 20:30:24.389   206   206 I DEBUG   :     401310dc e8bd50f0 e3700a01 912fff1e e2600000  
05-11 20:30:24.389   206   206 I DEBUG   :     401310ec ea006dee e92d50f0 e3a070ee ef000000  
05-11 20:30:24.389   206   206 I DEBUG   :     401310fc e8bd50f0 e3700a01 912fff1e e2600000  
05-11 20:30:24.389   206   206 I DEBUG   :     4013110c ea006de6 f200429a bf0080b9 f040f891  
05-11 20:30:24.389   206   206 I DEBUG   :     4013111c 4001e92d f2c02a04 2a1080a5 8093f2c0  
05-11 20:30:24.389   206   206 I DEBUG   :     4013112c f2c02a20 2a408088 ea4fdb7f f1bc1c92  
05-11 20:30:24.389   206   206 I DEBUG   :     4013113c dd6c0f0a 0600e92d 0f40f1bc f500dd4a  
05-11 20:30:24.389   206   206 I DEBUG   :     4013114c f5016e80 ebae7920 ea4f0e09 ea4f5e4e  
05-11 20:30:24.389   206   206 I DEBUG   :     4013115c f50e5e5e ebbc7e20 dd3b1f9e f04fbfc4  
05-11 20:30:24.389   206   206 I DEBUG   :     4013116c ebd9090a dd35199e 0a0eeb01 0a3ff02a  
05-11 20:30:24.389   206   206 I DEBUG   :     4013117c 1c9eebac bfd245e1 0c09ebac f04f46e1  
05-11 20:30:24.389   206   206 I DEBUG   :     4013118c f8910c00 f891f240 f921f280 f921028d  
05-11 20:30:24.389   206   206 I DEBUG   :     4013119c f8da428d f1b93000 f9000901 f900028d  
05-11 20:30:24.389   206   206 I DEBUG   :     401311ac f10a428d d1ee0a40 0f00f1bc f5bcd02b  
05-11 20:30:24.389   206   206 I DEBUG   : 
05-11 20:30:24.389   206   206 I DEBUG   : code around lr:
05-11 20:30:24.389   206   206 I DEBUG   :     40122114 447b4b13 42b3e010 6a1ed10e 44784811  
05-11 20:30:24.389   206   206 I DEBUG   :     40122124 ec84f7fb ea0cf00d 46224631 efcef00e  
05-11 20:30:24.389   206   206 I DEBUG   :     40122134 d00a3001 e00b2400 2b00681b 480ad1eb  
05-11 20:30:24.389   206   206 I DEBUG   :     40122144 44782403 ec72f7fb f001e002 6804fa23  
05-11 20:30:24.389   206   206 I DEBUG   :     40122154 fa20f001 46206005 bf00bd70 0003b29e  
05-11 20:30:24.389   206   206 I DEBUG   :     40122164 0003b292 0003b28a 0003b266 bf7ef7ff  
05-11 20:30:24.389   206   206 I DEBUG   :     40122174 4a3e4b3d e92d447b b08b43f0 4606589c  
05-11 20:30:24.389   206   206 I DEBUG   :     40122184 6823460d 930946a1 fa04f001 8000f8d0  
05-11 20:30:24.389   206   206 I DEBUG   :     40122194 d0482d00 f0104628 280ff91b d8444604  
05-11 20:30:24.389   206   206 I DEBUG   :     401221a4 ffe4f7ff d1064286 4629200f e8d6f00d  
05-11 20:30:24.389   206   206 I DEBUG   :     401221b4 d03c2800 482ee02e f7fb4478 482debb6  
05-11 20:30:24.389   206   206 I DEBUG   :     401221c4 e0154478 d11342b0 482b6a06 f7fb4478  
05-11 20:30:24.389   206   206 I DEBUG   :     401221d4 4a2aec2e 46332120 a801447a f992f013  
05-11 20:30:24.389   206   206 I DEBUG   :     401221e4 a8012101 fcb0f01a 46061c42 e011d104  
05-11 20:30:24.389   206   206 I DEBUG   :     401221f4 28006800 e02cd1e6 46294630 f00d4622  
05-11 20:30:24.389   206   206 I DEBUG   :     40122204 1c43e912 d11e4607 f9c4f001 29046801  
05-11 20:30:24.649   924   954 I BootReceiver: Copying /data/tombstones/tombstone_04 to DropBox (SYSTEM_TOMBSTONE)
05-11 20:30:24.669   196   196 I ServiceManager: service 'nfc' died
05-11 20:30:24.669   924  1079 I ActivityManager: Process com.android.nfc (pid 3024) has died.
05-11 20:30:24.689   209   209 D Zygote  : Process 3024 terminated by signal (6)
05-11 20:30:24.689   924  1079 I ActivityManager: Start proc com.android.nfc for restart com.android.nfc: pid=3391 uid=1027 gids={41027, 3002, 3001, 1028, 1015}
05-11 20:30:24.729  1172  1172 D AutotriggerReceiver: [onReceive]  Intent { act=android.intent.action.DROPBOX_ENTRY_ADDED flg=0x10 cmp=com.qualcomm.logkit/.autotrigger.AutotriggerReceiver (has extras) }
05-11 20:30:24.729  3391  3391 I NfcService: Starting NFC service
05-11 20:30:24.739  3391  3391 D NfcJni  : JNI_OnLoad: enter
05-11 20:30:24.739  3391  3391 I NfcJni  : NFC Service: loading nci JNI
05-11 20:30:24.739  3391  3391 D NfcJni  : register_com_android_nfc_NativeNfcManager: enter
05-11 20:30:24.739  3391  3391 D NfcJni  : PowerSwitch::initialize: level=PS-UNKNOWN (0)
05-11 20:30:24.739  3391  3391 D NfcAdapt: bool CNfcConfig::readConfig(const char*, bool) Opened base config /etc/nfc-nci.conf
05-11 20:30:24.739  3391  3391 D NfcAdapt: const CNfcParam* CNfcConfig::find(const char*) const found SCREEN_OFF_POWER_STATE=(0x1)
05-11 20:30:24.739  3391  3391 D NfcJni  : PowerSwitch::initialize: desired screen-off state=1
05-11 20:30:24.739  3391  3391 D NfcJni  : register_com_android_nfc_NativeNfcManager: exit
05-11 20:30:24.739  3391  3391 D NfcJni  : register_com_android_nfc_NativeNfcTag
05-11 20:30:24.739  3391  3391 D NfcJni  : JNI_OnLoad: exit
05-11 20:30:24.739  3391  3391 D NfcJni  : nfcManager_initNativeStruc: enter
05-11 20:30:24.739  3391  3391 D NfcJni  : nfcManager_initNativeStruc: exit
05-11 20:30:24.749   924   952 D BluetoothManagerService: Message: 20
05-11 20:30:24.749   924   952 D BluetoothManagerService: Added callback: android.bluetooth.IBluetoothManagerCallback$Stub$Proxy@422311e0:true
05-11 20:30:24.779  3391  3391 I NfceeAccess: read 0 signature(s) for NFCEE access
05-11 20:30:24.779  3391  3391 W Settings: Setting airplane_mode_radios has moved from android.provider.Settings.System to android.provider.Settings.Global, returning read-only value.
05-11 20:30:24.789  3391  3391 W Settings: Setting airplane_mode_toggleable_radios has moved from android.provider.Settings.System to android.provider.Settings.Global, returning read-only value.
05-11 20:30:24.809  3391  3406 D NfcService: checking on firmware download
05-11 20:30:24.809  3391  3406 W Settings: Setting airplane_mode_on has moved from android.provider.Settings.System to android.provider.Settings.Global, returning read-only value.
05-11 20:30:24.819  3391  3406 D NfcService: NFC is on. Doing normal stuff
05-11 20:30:24.819  3391  3406 I NfcService: Enabling NFC
05-11 20:30:24.819  3391  3406 D NfcJni  : nfcManager_doInitialize: enter; ver=NFCDROID_MI_422.10.0.15 nfa=NFA_MI_1.03.62+ NCI_VERSION=0x10
05-11 20:30:24.819  3391  3406 D NfcJni  : PowerSwitch::initialize: level=PS-FULL (1)
05-11 20:30:24.819  3391  3406 D NfcAdapt: const CNfcParam* CNfcConfig::find(const char*) const found SCREEN_OFF_POWER_STATE=(0x1)
05-11 20:30:24.819  3391  3406 D NfcJni  : PowerSwitch::initialize: desired screen-off state=1
05-11 20:30:24.819  3391  3406 D NfcAdapt: NfcAdaptation::Initialize: enter
05-11 20:30:24.819  3391  3406 E NfcAdapt: NfcAdaptation::Initialize: ver=NFCDROID_MI_422.10.0.15 nfa=NFA_MI_1.03.62+
05-11 20:30:24.819  3391  3406 D NfcAdapt: const CNfcParam* CNfcConfig::find(const char*) const found NFA_STORAGE=/data/nfc
05-11 20:30:24.819  3391  3406 D NfcAdapt: const CNfcParam* CNfcConfig::find(const char*) const found PROTOCOL_TRACE_LEVEL=(0x0)
05-11 20:30:24.819  3391  3406 D NfcAdapt: const CNfcParam* CNfcConfig::find(const char*) const found APPL_TRACE_LEVEL=(0x0)
05-11 20:30:24.819  3391  3410 I NfcNfa  : NFC_TASK started.
05-11 20:30:24.819  3391  3406 E NfcAdapt: NfcAdaptation::InitializeHalDeviceContext: fail hw_get_module
05-11 20:30:24.819  3391  3406 I NfcNfa  : nfa_dm_init ()
05-11 20:30:24.819  3391  3406 I NfcNfa  : nfa_sys_register () id=1, enable_cplt_mask=0x0
05-11 20:30:24.819  3391  3406 I NfcNfa  : nfa_sys_register () id=3, enable_cplt_mask=0x8
05-11 20:30:24.819  3391  3406 I NfcNfa  : nfa_rw_init ()
05-11 20:30:24.819  3391  3406 I NfcNfa  : nfa_sys_register () id=6, enable_cplt_mask=0x48
05-11 20:30:24.819  3391  3406 I NfcNfa  : nfa_ce_init ()
05-11 20:30:24.819  3391  3406 I NfcNfa  : nfa_sys_register () id=7, enable_cplt_mask=0xc8
05-11 20:30:24.819  3391  3406 I NfcNfa  : nfa_ee_init ()
05-11 20:30:24.819  3391  3406 I NfcNfa  : nfa_sys_register () id=2, enable_cplt_mask=0xcc
05-11 20:30:24.819  3391  3406 I NfcNfa  : nfa_hci_init ()
05-11 20:30:24.819  3391  3406 I NfcNfa  : nfa_sys_register () id=8, enable_cplt_mask=0x1cc
05-11 20:30:24.819  3391  3406 I NfcNfa  : LLCP - llcp_init ()
05-11 20:30:24.819  3391  3406 I NfcNfa  : num_rx_buff = 9, rx_congest_start = 6, rx_congest_end = 4, max_num_ll_rx_buff = 2
05-11 20:30:24.819  3391  3406 I NfcNfa  : max_num_tx_buff = 21, max_num_ll_tx_buff = 6
05-11 20:30:24.819  3391  3406 I NfcNfa  : LLCP_RegisterServer (): SAP:0x1, link_type:0x2, ServiceName:<urn:nfc:sn:sdp>
05-11 20:30:24.819  3391  3406 I NfcNfa  : LLCP_RegisterServer (): Registered SAP = 0x01
05-11 20:30:24.819  3391  3406 I NfcNfa  : NFA_CheckDeviceResetStatus (status=1)
05-11 20:30:24.819  3391  3406 I NfcNfa  : NFA_Enable ()
05-11 20:30:24.819  3391  3406 I NfcNfa  : NFA_NORMAL_MODE
05-11 20:30:24.819  3391  3410 I NfcNfa  : NFA got event 0x011B
05-11 20:30:24.819  3391  3406 I NfcNfa  : nfa_dm_evt_hdlr event: NFA_DM_CHECK_DEVICE_RESET_STATUS (0x1b)
05-11 20:30:24.819  3391  3410 I NfcNfa  : nfa_dm_evt_hdlr event: NFA_DM_CHECK_DEVICE_RESET_STATUS (0x1b)
05-11 20:30:24.819  3391  3410 I NfcNfa  : NFA got event 0x0100
05-11 20:30:24.889  1001  1001 D StatusBar.NetworkController: refreshViews: Data not connected!! Set no data type icon / Roaming
05-11 20:30:24.889  1001  1001 D StatusBar.NetworkController: refreshViews connected={ wifi } level=0 combinedSignalIconId=0x7f0200a4/com.android.systemui:drawable/stat_sys_wifi_signal_4_fully mobileLabel= wifiLabel="1503-5G"xxxxXXXXxxxxXXXX emergencyOnly=false combinedLabel="1503-5G"xxxxXXXXxxxxXXXX mAirplaneMode=false mDataActivity=0 mPhoneSignalIconId=0x0 mQSPhoneSignalIconId=0x0 mDataDirectionIconId=0x0 mDataSignalIconId=0x0 mDataTypeIconId=0x0 mQSDataTypeIconId=0x0 mNoSimIconId=0x0 mWifiIconId=0x7f0200a4 mQSWifiIconId=0x7f02005c mBluetoothTetherIconId=0x10805cc
05-11 20:30:25.159  1660  1660 D wpa_supplicant: RX ctrl_iface - hexdump(len=11): 53 49 47 4e 41 4c 5f 50 4f 4c 4c
05-11 20:30:25.159  1660  1660 D wpa_supplicant: wlan0: Control interface command 'SIGNAL_POLL'
05-11 20:30:25.169  1660  1660 D wpa_supplicant: nl80211: survey data missing!
05-11 20:30:25.969   217   217 V WLAN_PSA: NL MSG, len[048], NL type[0x11] WNI type[0x5050] len[028]
05-11 20:30:27.259  1985  1985 D WSClientRPC: Sending ping to the cloud
05-11 20:30:27.259  1985  3412 D streaming: 20:30:27.265 387.062 [WSClientRPC:sendString:707]: sending {"jsonrpc":"2.0","method":"ping","params":[],"id":"ping"}
05-11 20:30:27.259  1985  3412 D WSClientRPC: sending {"jsonrpc":"2.0","method":"ping","params":[],"id":"ping"}
05-11 20:30:27.259  1985  3412 D WSClientRPC: sent {"jsonrpc":"2.0","method":"ping","params":[],"id":"ping"}
05-11 20:30:27.259  1985  3412 D WSClientRPC: Schedule cloud ping in 30000
05-11 20:30:27.429  1985  3413 D WSClientRPC: received {"jsonrpc":"2.0","response":"OK","id":"ping"}
05-11 20:30:27.429  1985  3413 D streaming: 20:30:27.435 387.233 [WSClientRPC:handleString:473]: rcvd {"jsonrpc":"2.0","response":"OK","id":"ping"}
05-11 20:30:27.729  1963  1977 E QcrilMsgTunnelSocket: IOException - java.io.IOException: No such file or directory Reason: No such file or directory
05-11 20:30:27.899  1001  1001 D StatusBar.NetworkController: refreshViews: Data not connected!! Set no data type icon / Roaming
05-11 20:30:27.899  1001  1001 D StatusBar.NetworkController: refreshViews connected={ wifi } level=0 combinedSignalIconId=0x7f0200a4/com.android.systemui:drawable/stat_sys_wifi_signal_4_fully mobileLabel= wifiLabel="1503-5G"xxxxXXXXxxxxXXXX emergencyOnly=false combinedLabel="1503-5G"xxxxXXXXxxxxXXXX mAirplaneMode=false mDataActivity=0 mPhoneSignalIconId=0x0 mQSPhoneSignalIconId=0x0 mDataDirectionIconId=0x0 mDataSignalIconId=0x0 mDataTypeIconId=0x0 mQSDataTypeIconId=0x0 mNoSimIconId=0x0 mWifiIconId=0x7f0200a4 mQSWifiIconId=0x7f02005c mBluetoothTetherIconId=0x10805cc
05-11 20:30:28.139  3414  3414 D QSEECOMAPI: : QSEECom_get_handle sb_length = 0x2000
05-11 20:30:28.139  3414  3414 D QSEECOMAPI: : App is not loaded in QSEE
05-11 20:30:28.139  3414  3414 E QSEECOMAPI: : Error::Cannot open the file /vendor/firmware/keymaster/keymaster.mdt
05-11 20:30:28.139  3414  3414 E QSEECOMAPI: : Error::Loading image failed with ret = -1
05-11 20:30:28.139  3414  3414 D QSEECOMAPI: : QSEECom_get_handle sb_length = 0x2000
05-11 20:30:28.139  3414  3414 D QSEECOMAPI: : App is not loaded in QSEE
05-11 20:30:28.139  3414  3414 E QSEECOMAPI: : Error::Cannot open the file /firmware/image/keymaste.mdt
05-11 20:30:28.139  3414  3414 E QSEECOMAPI: : Error::Loading image failed with ret = -1
05-11 20:30:28.149  3414  3414 E QCOMKeyMaster: Loading keymaster app failied
05-11 20:30:28.149  3414  3414 E keystore: could not open keymaster device in keystore (Operation not permitted)
05-11 20:30:28.149  3414  3414 E keystore: keystore keymaster could not be initialized; exiting
05-11 20:30:28.179  1660  1660 D wpa_supplicant: RX ctrl_iface - hexdump(len=11): 53 49 47 4e 41 4c 5f 50 4f 4c 4c
05-11 20:30:28.179  1660  1660 D wpa_supplicant: wlan0: Control interface command 'SIGNAL_POLL'
05-11 20:30:28.179  1660  1660 D wpa_supplicant: nl80211: survey data missing!
05-11 20:30:28.899  1001  1001 D StatusBar.NetworkController: refreshViews: Data not connected!! Set no data type icon / Roaming
05-11 20:30:28.909  1001  1001 D StatusBar.NetworkController: refreshViews connected={ wifi } level=0 combinedSignalIconId=0x7f0200a4/com.android.systemui:drawable/stat_sys_wifi_signal_4_fully mobileLabel= wifiLabel="1503-5G"xxxxXXXXxxxxXXXX emergencyOnly=false combinedLabel="1503-5G"xxxxXXXXxxxxXXXX mAirplaneMode=false mDataActivity=0 mPhoneSignalIconId=0x0 mQSPhoneSignalIconId=0x0 mDataDirectionIconId=0x0 mDataSignalIconId=0x0 mDataTypeIconId=0x0 mQSDataTypeIconId=0x0 mNoSimIconId=0x0 mWifiIconId=0x7f0200a4 mQSWifiIconId=0x7f02005c mBluetoothTetherIconId=0x10805cc
05-11 20:30:30.979   217   217 V WLAN_PSA: NL MSG, len[048], NL type[0x11] WNI type[0x5050] len[028]
05-11 20:30:31.179  1660  1660 D wpa_supplicant: RX ctrl_iface - hexdump(len=11): 53 49 47 4e 41 4c 5f 50 4f 4c 4c
05-11 20:30:31.179  1660  1660 D wpa_supplicant: wlan0: Control interface command 'SIGNAL_POLL'
05-11 20:30:31.189  1660  1660 D wpa_supplicant: nl80211: survey data missing!
05-11 20:30:31.729  1963  1977 E QcrilMsgTunnelSocket: IOException - java.io.IOException: No such file or directory Reason: No such file or directory
05-11 20:30:33.189  3415  3415 D QSEECOMAPI: : QSEECom_get_handle sb_length = 0x2000
05-11 20:30:33.189  3415  3415 D QSEECOMAPI: : App is not loaded in QSEE
05-11 20:30:33.189  3415  3415 E QSEECOMAPI: : Error::Cannot open the file /vendor/firmware/keymaster/keymaster.mdt
05-11 20:30:33.189  3415  3415 E QSEECOMAPI: : Error::Loading image failed with ret = -1
05-11 20:30:33.199  3415  3415 D QSEECOMAPI: : QSEECom_get_handle sb_length = 0x2000
05-11 20:30:33.199  3415  3415 D QSEECOMAPI: : App is not loaded in QSEE
05-11 20:30:33.199  3415  3415 E QSEECOMAPI: : Error::Cannot open the file /firmware/image/keymaste.mdt
05-11 20:30:33.199  3415  3415 E QSEECOMAPI: : Error::Loading image failed with ret = -1
05-11 20:30:33.209  3415  3415 E QCOMKeyMaster: Loading keymaster app failied
05-11 20:30:33.209  3415  3415 E keystore: could not open keymaster device in keystore (Operation not permitted)
05-11 20:30:33.209  3415  3415 E keystore: keystore keymaster could not be initialized; exiting
05-11 20:30:34.199  1660  1660 D wpa_supplicant: RX ctrl_iface - hexdump(len=11): 53 49 47 4e 41 4c 5f 50 4f 4c 4c
05-11 20:30:34.199  1660  1660 D wpa_supplicant: wlan0: Control interface command 'SIGNAL_POLL'
05-11 20:30:34.209  1660  1660 D wpa_supplicant: nl80211: survey data missing!
05-11 20:30:35.049  1985  3418 D streaming: 20:30:35.049 394.847 [CameraManager:start:77]: Open cameras
05-11 20:30:35.049  1985  3418 D streaming: 20:30:35.051 394.849 [CameraManager:start:82]: open 0
05-11 20:30:35.049   211   211 I ExtendedUtils: AV Sync late margin : Intended=40ms Using=0ms
05-11 20:30:35.049   211   211 I AwesomePlayer: setDataSource_l(URL suppressed)
05-11 20:30:35.049   211  3419 E         : Failed to open file '/system/media/audio/ui/camera_click.ogg'. (No such file or directory)
05-11 20:30:35.049   211  3419 E MediaPlayer: error (1, -2147483648)
05-11 20:30:35.049   211   211 I ExtendedUtils: AV Sync late margin : Intended=40ms Using=0ms
05-11 20:30:35.049   211   211 I AwesomePlayer: setDataSource_l(URL suppressed)
05-11 20:30:35.049   211  3420 E         : Failed to open file '/system/media/audio/ui/VideoRecord.ogg'. (No such file or directory)
05-11 20:30:35.049   211  3420 E MediaPlayer: error (1, -2147483648)
05-11 20:30:35.049   211   211 I CameraClient: Opening camera 0
05-11 20:30:35.049   211  3421 D QCameraStateMachine: static void* qcamera::QCameraStateMachine::smEvtProcRoutine(void*): E
05-11 20:30:35.049   211   211 E QCamera2HWI: [KPI Perf] int qcamera::QCamera2HardwareInterface::openCamera(hw_device_t**): E PROFILE_OPEN_CAMERA camera id 0
05-11 20:30:35.049   211   211 E mm-camera-intf: mm_camera_open: dev name = /dev/video1, cam_idx = 1
05-11 20:30:35.069   261  3425 E mm-camera: isp_tintless_open: E: b6e93e81
05-11 20:30:35.079   261  3425 E mm-camera: isp_tintless_get_version: lib returned version 3.61 err=0
05-11 20:30:35.079   261  3426 E mm-camera: gyro_port_init: Init DSPS
05-11 20:30:35.079   261  3426 E mm-camera: gyro_port_init: DSPS inited
05-11 20:30:35.129   261  3435 E mm-camera: c2d_thread_func:41: c2d_thread entering the polling loop...
05-11 20:30:35.189   211   211 E mm-camera-intf: mm_camera_open:  opened, break out while loop
05-11 20:30:35.209   211   211 E mm-jpeg-intf: mm_jpeg_init:1746] Launch jobmgr thread rc 0
05-11 20:30:35.209   211   211 E mm-jpeg-intf: Max picture size 2448 x 2448, WorkBufSize = 9345024
05-11 20:30:35.209   211   211 E qomx_image_core: OMX_Init:94] Complete 2
05-11 20:30:35.209   211   211 E QCameraHWI_Mem: int qcamera::QCameraMemory::alloc(int, int, int) : No memory pool available
05-11 20:30:35.209   211   211 I QCameraParameters: int32_t qcamera::QCameraParameters::initDefaultParameters(): supported live snapshot sizes: 2448x2448,2048x2048,2048x1536,1920x1080,1600x1200,1280x768,1280x720,1024x768,800x600,864x480,800x480,720x480,640x480,352x288,320x240,176x144
05-11 20:30:35.209   211   211 E QCameraParameters: int32_t qcamera::QCameraParameters::setPreviewFpsRange(int, int, int, int): E minFps = 2000, maxFps = 30000 , vid minFps = 2000, vid maxFps = 30000
05-11 20:30:35.209   211   211 E QCameraParameters: int32_t qcamera::QCameraParameters::setPreviewFpsRange(int, int, int, int): Setting preview fps range 2000,30000
05-11 20:30:35.209   211   211 E QCameraParameters: int32_t qcamera::QCameraParameters::setPreviewFpsRange(int, int, int, int): Updated: minFps = 2000, maxFps = 30000 , vid minFps = 2000, vid maxFps = 30000
05-11 20:30:35.209   211   211 E QCameraParameters: int32_t qcamera::QCameraParameters::setPreviewFpsRange(int, int, int, int): Thermal adjusted preview fps range 2,30, 2, 30
05-11 20:30:35.209   211   211 E QCameraParameters: int32_t qcamera::QCameraParameters::enableFlash(bool, bool):Wrong saved led mode
05-11 20:30:35.219   211   211 I Thermal-Lib: Thermal-Lib-Client: Registraion successful for camera with handle:1
05-11 20:30:35.219   211   211 I Thermal-Lib: Thermal-Lib-Client: Registraion successful for camcorder with handle:2
05-11 20:30:35.219   220   377 I ThermalEngine: Thermal-Server: Adding thermal event listener on fd 10
05-11 20:30:35.219   211  3444 I Thermal-Lib: Thermal-Lib-Client: Client received msg camera 0
05-11 20:30:35.219   211  3444 I QCamera2HWI: virtual int qcamera::QCamera2HardwareInterface::thermalEvtHandle(qcamera::qcamera_thermal_level_enum_t, void*, void*): level = 0, userdata = 0x0, data = 0x0
05-11 20:30:35.219   211  3444 I Thermal-Lib: Thermal-Lib-Client: Client received msg camcorder 0
05-11 20:30:35.219   211  3444 I QCamera2HWI: virtual int qcamera::QCamera2HardwareInterface::thermalEvtHandle(qcamera::qcamera_thermal_level_enum_t, void*, void*): level = 0, userdata = 0x0, data = 0x0
05-11 20:30:35.219   211  3421 E QCameraParameters: int32_t qcamera::QCameraParameters::setPreviewFpsRange(const qcamera::QCameraParameters&): FpsRange Values:(2000, 30000)
05-11 20:30:35.219   211  3421 E QCameraParameters: int32_t qcamera::QCameraParameters::setPreviewFpsRange(const qcamera::QCameraParameters&): Requested FpsRange Values:(2000, 30000)
05-11 20:30:35.219   211  3421 E QCameraParameters: bool qcamera::QCameraParameters::UpdateHFRFrameRate(const qcamera::QCameraParameters&): CameraParameters - : minFps = 2000, maxFps = 30000 
05-11 20:30:35.219   211  3421 E QCameraParameters: bool qcamera::QCameraParameters::UpdateHFRFrameRate(const qcamera::QCameraParameters&): Requested params - : minFps = 2000, maxFps = 30000 
05-11 20:30:35.219   211  3421 E QCameraParameters: bool qcamera::QCameraParameters::UpdateHFRFrameRate(const qcamera::QCameraParameters&): prevHfrStr - off, hfrStr = off 
05-11 20:30:35.219   211  3421 E QCameraParameters: HFR mode is OFF
05-11 20:30:35.219   211  3421 E QCameraParameters: int32_t qcamera::QCameraParameters::setPreviewFpsRange(const qcamera::QCameraParameters&): UpdateHFRFrameRate 0
05-11 20:30:35.219   211  3421 E QCameraParameters: int32_t qcamera::QCameraParameters::setPreviewFpsRange(const qcamera::QCameraParameters&): No change in FpsRange
05-11 20:30:35.219   211  3421 I QCameraParameters: int32_t qcamera::QCameraParameters::setWBManualCCT(const qcamera::QCameraParameters&), dont set cct to back-end.
05-11 20:30:35.219   211  3421 I QCameraParameters: int32_t qcamera::QCameraParameters::setFocusPosition(const qcamera::QCameraParameters&), dont set focus pos to back-end!
05-11 20:30:35.219   211  3421 I QCameraParameters: int32_t qcamera::QCameraParameters::setLiveSnapshotSize(const qcamera::QCameraParameters&): live snapshot size 1920 x 1080
05-11 20:30:35.229  1985  3418 D streaming: 20:30:35.234 395.032 [CameraManager:start:82]: open 1
05-11 20:30:35.229   211   996 I CameraClient: Opening camera 1
05-11 20:30:35.229   211  3446 D QCameraStateMachine: static void* qcamera::QCameraStateMachine::smEvtProcRoutine(void*): E
05-11 20:30:35.229   211   996 E QCamera2HWI: [KPI Perf] int qcamera::QCamera2HardwareInterface::openCamera(hw_device_t**): E PROFILE_OPEN_CAMERA camera id 1
05-11 20:30:35.229   211   996 E mm-camera-intf: mm_camera_open: dev name = /dev/video2, cam_idx = 2
05-11 20:30:35.249   261  3450 E mm-camera: isp_tintless_open: E: b6e93e81
05-11 20:30:35.249   261  3450 E mm-camera: isp_tintless_get_version: lib returned version 3.61 err=0
05-11 20:30:35.259   261  3429 E mm-camera-img: img_q_remove:111] Dequeue failed
05-11 20:30:35.269   261  3451 E mm-camera: gyro_port_init: Init DSPS
05-11 20:30:35.269   261  3451 E mm-camera: dsps_proc_init: DSPS has already been initialized
05-11 20:30:35.359   261   261 E mm-camera-sensor: module_sensor_query_mod:3667 led flash is not supported for this sensor.
05-11 20:30:35.359   211   996 E mm-camera-intf: mm_camera_open:  opened, break out while loop
05-11 20:30:35.359   211   996 E QCameraHWI_Mem: int qcamera::QCameraMemory::alloc(int, int, int) : No memory pool available
05-11 20:30:35.369   211   996 I QCameraParameters: int32_t qcamera::QCameraParameters::initDefaultParameters(): supported live snapshot sizes: 2448x2448,2048x2048,2048x1536,1920x1080,1600x1200,1280x768,1280x720,1024x768,800x600,864x480,800x480,720x480,640x480,352x288,320x240,176x144
05-11 20:30:35.369   211   996 E QCameraParameters: int32_t qcamera::QCameraParameters::setPreviewFpsRange(int, int, int, int): E minFps = 2000, maxFps = 30000 , vid minFps = 2000, vid maxFps = 30000
05-11 20:30:35.369   211   996 E QCameraParameters: int32_t qcamera::QCameraParameters::setPreviewFpsRange(int, int, int, int): Setting preview fps range 2000,30000
05-11 20:30:35.369   211   996 E QCameraParameters: int32_t qcamera::QCameraParameters::setPreviewFpsRange(int, int, int, int): Updated: minFps = 2000, maxFps = 30000 , vid minFps = 2000, vid maxFps = 30000
05-11 20:30:35.369   211   996 E QCameraParameters: int32_t qcamera::QCameraParameters::setPreviewFpsRange(int, int, int, int): Thermal adjusted preview fps range 2,30, 2, 30
05-11 20:30:35.369   211   996 E QCameraParameters: int32_t qcamera::QCameraParameters::initDefaultParameters(): supported flash modes cnt is 0!!!
05-11 20:30:35.369   211   996 E QCameraParameters: int32_t qcamera::QCameraParameters::enableFlash(bool, bool):Wrong saved led mode
05-11 20:30:35.379   211  3446 E QCameraParameters: int32_t qcamera::QCameraParameters::setPreviewFpsRange(const qcamera::QCameraParameters&): FpsRange Values:(2000, 30000)
05-11 20:30:35.379   211  3446 E QCameraParameters: int32_t qcamera::QCameraParameters::setPreviewFpsRange(const qcamera::QCameraParameters&): Requested FpsRange Values:(2000, 30000)
05-11 20:30:35.379   211  3446 E QCameraParameters: bool qcamera::QCameraParameters::UpdateHFRFrameRate(const qcamera::QCameraParameters&): CameraParameters - : minFps = 2000, maxFps = 30000 
05-11 20:30:35.379   211  3446 E QCameraParameters: bool qcamera::QCameraParameters::UpdateHFRFrameRate(const qcamera::QCameraParameters&): Requested params - : minFps = 2000, maxFps = 30000 
05-11 20:30:35.379   211  3446 E QCameraParameters: bool qcamera::QCameraParameters::UpdateHFRFrameRate(const qcamera::QCameraParameters&): prevHfrStr - off, hfrStr = off 
05-11 20:30:35.379   211  3446 E QCameraParameters: HFR mode is OFF
05-11 20:30:35.379   211  3446 E QCameraParameters: int32_t qcamera::QCameraParameters::setPreviewFpsRange(const qcamera::QCameraParameters&): UpdateHFRFrameRate 0
05-11 20:30:35.379   211  3446 E QCameraParameters: int32_t qcamera::QCameraParameters::setPreviewFpsRange(const qcamera::QCameraParameters&): No change in FpsRange
05-11 20:30:35.379   211  3446 I QCameraParameters: int32_t qcamera::QCameraParameters::setWBManualCCT(const qcamera::QCameraParameters&), dont set cct to back-end.
05-11 20:30:35.379   211  3446 I QCameraParameters: int32_t qcamera::QCameraParameters::setFocusPosition(const qcamera::QCameraParameters&), dont set focus pos to back-end!
05-11 20:30:35.379   211  3446 I QCameraParameters: int32_t qcamera::QCameraParameters::setLiveSnapshotSize(const qcamera::QCameraParameters&): live snapshot size 1920 x 1080
05-11 20:30:35.419  1985  1985 D Camera-JNI: startPreview
05-11 20:30:35.419   211   211 E QCamera2HWI: [KPI Perf] static int qcamera::QCamera2HardwareInterface::start_preview(camera_device*): E PROFILE_START_PREVIEW
05-11 20:30:35.419   211  3421 E QCameraHWI_Mem: int qcamera::QCameraMemory::alloc(int, int, int) : No memory pool available
05-11 20:30:35.419   211  3421 E QCameraHWI_Mem: int qcamera::QCameraMemory::alloc(int, int, int) : No memory pool available
05-11 20:30:35.419   211  3422 E QCameraHWI_Mem: int qcamera::QCameraMemoryPool::allocateBuffer(qcamera::QCameraMemory::QCameraMemInfo&, int, int, bool, cam_stream_type_t) : Buffer not found!
05-11 20:30:35.419   211  3422 E QCameraHWI_Mem: int qcamera::QCameraMemoryPool::allocateBuffer(qcamera::QCameraMemory::QCameraMemInfo&, int, int, bool, cam_stream_type_t) : Buffer not found!
05-11 20:30:35.419   211  3422 E QCameraHWI_Mem: int qcamera::QCameraMemoryPool::allocateBuffer(qcamera::QCameraMemory::QCameraMemInfo&, int, int, bool, cam_stream_type_t) : Buffer not found!
05-11 20:30:35.419   211  3422 E QCameraHWI_Mem: int qcamera::QCameraMemoryPool::allocateBuffer(qcamera::QCameraMemory::QCameraMemInfo&, int, int, bool, cam_stream_type_t) : Buffer not found!
05-11 20:30:35.419   261  3438 E mm-camera: mct_pipeline_add_stream_to_linked_streams: linked streams: 0x2
05-11 20:30:35.419   261  3438 E mm-camera: mct_stream_start_link: Starting preview/postview stream linking 
05-11 20:30:35.419   261  3438 E mm-camera-sensor: port_sensor_caps_reserve:126 ide 10002 stream type 1 w*h 2048*2048
05-11 20:30:35.419   261  3438 E mm-camera-sensor: port_sensor_ext_link_func:195 ide 10002
05-11 20:30:35.419   261  3438 E mm-camera: isp_util_find_matched_existing_src_port#171: X
05-11 20:30:35.429   211  3422 E QCameraHWI_Mem: int qcamera::QCameraMemoryPool::allocateBuffer(qcamera::QCameraMemory::QCameraMemInfo&, int, int, bool, cam_stream_type_t) : Buffer not found!
05-11 20:30:35.429   211  3422 E QCameraHWI_Mem: int qcamera::QCameraMemoryPool::allocateBuffer(qcamera::QCameraMemory::QCameraMemInfo&, int, int, bool, cam_stream_type_t) : Buffer not found!
05-11 20:30:35.429   211  3422 E QCameraHWI_Mem: int qcamera::QCameraMemoryPool::allocateBuffer(qcamera::QCameraMemory::QCameraMemInfo&, int, int, bool, cam_stream_type_t) : Buffer not found!
05-11 20:30:35.429   261  3438 E mm-camera: module_faceproc_client_create:968] Face proc feature mask e 0
05-11 20:30:35.429   261  3438 E mm-camera: mct_pipeline_send_ctrl_events: Send Set Parm events
05-11 20:30:35.429   261  3438 E mm-camera-sensor: module_sensor_event_control_set_parm:2518 CAM_INTF_PARM_LED_MODE 0 
05-11 20:30:35.429   261  3438 E mm-camera-sensor: 
05-11 20:30:35.439   261  3438 E mm-camera: mct_pipeline_add_stream_to_linked_streams: linked streams: 0x82
05-11 20:30:35.439   261  3438 E mm-camera: mct_stream_start_link: Starting meta stream linking: do nothing 
05-11 20:30:35.439   211  3421 E mm-camera-intf: mm_stream_get_v4l2_fmt: Unknown fmt=78
05-11 20:30:35.439   211  3421 E QCameraParameters: int qcamera::QCameraParameters::getPreviewHalPixelFormat() const: format 265
05-11 20:30:35.459   261  3438 E mm-camera-sensor: sensor_set_resolution:1611 set_fps=30.000000 > max_fps=20.000000, capping to max
05-11 20:30:35.489   261  3438 E mm-camera: decide_isp_nums_camif: num_isp = 1
05-11 20:30:35.489   261  3466 E mm-camera: afd_set_parameters: param=0xb7427554 afd_obj =0xb72ae1d8, type =3
05-11 20:30:35.489   261  3465 E mm-camera-CORE: awb_set_parameters: paramt type =10
05-11 20:30:35.489   261  3465 E mm-camera-CORE: awb_set_parameters current op_mode: 2, previous op_mode: 0
05-11 20:30:35.499   261  3438 E mm-camera-sensor: sensor_get_cur_ir_chromatix_name:2061 res 0 mask 2 preview chromatix libchromatix_ov10823_ir_preview.so
05-11 20:30:35.499   261  3438 E mm-camera-sensor: change_chromatix_library:19 Open /persist/phoneid.bin failed
05-11 20:30:35.499   261  3438 E mm-camera-sensor: 
05-11 20:30:35.499   261  3438 E mm-camera-sensor: change_chromatix_library:19 Open /persist/phoneid.bin failed
05-11 20:30:35.499   261  3438 E mm-camera-sensor: 
05-11 20:30:35.499   261  3438 E mm-camera-sensor: change_chromatix_library:19 Open /persist/phoneid.bin failed
05-11 20:30:35.499   261  3438 E mm-camera-sensor: 
05-11 20:30:35.499   261  3438 E mm-camera-sensor: change_chromatix_library:19 Open /persist/phoneid.bin failed
05-11 20:30:35.499   261  3438 E mm-camera-sensor: 
05-11 20:30:35.499   261  3438 E mm-camera-sensor: change_chromatix_library:19 Open /persist/phoneid.bin failed
05-11 20:30:35.499   261  3438 E mm-camera-sensor: 
05-11 20:30:35.499   261  3438 E mm-camera-sensor: change_chromatix_library:19 Open /persist/phoneid.bin failed
05-11 20:30:35.499   261  3438 E mm-camera-sensor: 
05-11 20:30:35.499   261  3438 E mm-camera-sensor: eeprom_process:796 e_ctrl->eeprom_lib.func_tbl =0xb52c4004
05-11 20:30:35.499   261  3465 E mm-camera-CORE: awb_set_parameters: paramt type =1
05-11 20:30:35.499   261  3466 E mm-camera: afd_set_parameters: param=0xb742748c afd_obj =0xb72ae1d8, type =1
05-11 20:30:35.499   261  3465 E mm-camera-CORE: awb_set_init_chromatix init_param->chromatix=0xb72407f8
05-11 20:30:35.499   261  3465 E mm-camera-CORE: awb_settings_init awb=0xb53cb008,init_param=0xb73f01c4, chromatix=0xb72407f8, stats type=1
05-11 20:30:35.499   261  3466 E mm-camera: afd_set_parameters: param=0xb73f00fc afd_obj =0xb72ae1d8, type =5
05-11 20:30:35.499   261  3465 E mm-camera-CORE: awb_set_parse_chromatix: awb->stats_type=1
05-11 20:30:35.499   261  3466 E mm-camera-CORE: afd_process_pack_output: afd_enable 0, monitor 0, flicker 0, freq 0, afd_state 0, afd_atb 0
05-11 20:30:35.499   261  3465 E mm-camera-CORE: awb_set_parse_chromatix: X
05-11 20:30:35.499   261  3465 E mm-camera-CORE: AWB awb_bayer_init: Green zone offset: (green_offset_bg,green_offset_rg, top_right)=(0, 0, -30 )
05-11 20:30:35.499   261  3466 E mm-camera: afd_set_parameters: param=0xb73f013c afd_obj =0xb72ae1d8, type =0
05-11 20:30:35.499   261  3466 E mm-camera: afd_set_parameters: param=0xb742752c afd_obj =0xb72ae1d8, type =0
05-11 20:30:35.499   261  3465 E mm-camera-CORE: awb_set_parameters: paramt type =4
05-11 20:30:35.499   261  3466 E mm-camera: afd_set_parameters: param=0xb7427714 afd_obj =0xb72ae1d8, type =0
05-11 20:30:35.499   261  3465 E mm-camera-CORE: awb_set_parameters: paramt type =2
05-11 20:30:35.499   261  3466 E mm-camera: afd_set_parameters: param=0xb74277a4 afd_obj =0xb72ae1d8, type =0
05-11 20:30:35.499   261  3466 E mm-camera: afd_set_parameters: param=0xb73f00fc afd_obj =0xb72ae1d8, type =0
05-11 20:30:35.499   261  3465 E mm-camera-CORE: awb_set_current_wb: E current awb=0 (rbg)=(1.518107, 1.000000, 2.228637)
05-11 20:30:35.499   261  3465 E mm-camera-CORE: awb_set_current_wb: X current awb=0 (rbg)=(1.518107, 1.000000, 2.228637)
05-11 20:30:35.499   261  3465 E mm-camera-CORE: awb_set_current_wb: new_wb =0
05-11 20:30:35.499   261  3465 E mm-camera-CORE: awb_set_parameters: paramt type =5
05-11 20:30:35.499   261  3466 E mm-camera: afd_set_parameters: param=0xb742751c afd_obj =0xb72ae1d8, type =0
05-11 20:30:35.499   261  3466 E mm-camera: afd_set_parameters: param=0xb73f0114 afd_obj =0xb72ae1d8, type =0
05-11 20:30:35.499   261  3466 E mm-camera: afd_set_parameters: param=0xb73f0224 afd_obj =0xb72ae1d8, type =0
05-11 20:30:35.499   261  3466 E mm-camera: afd_set_parameters: param=0xb73f0114 afd_obj =0xb72ae1d8, type =0
05-11 20:30:35.499   261  3466 E mm-camera: afd_set_parameters: param=0xb73f016c afd_obj =0xb72ae1d8, type =0
05-11 20:30:35.499   261  3465 E mm-camera-CORE: awb_set_parameters: paramt type =12
05-11 20:30:35.499   261  3466 E mm-camera: afd_set_parameters: param=0xb742747c afd_obj =0xb72ae1d8, type =0
05-11 20:30:35.499   261  3466 E mm-camera: afd_set_parameters: param=0xb74274bc afd_obj =0xb72ae1d8, type =0
05-11 20:30:35.499   261  3466 E mm-camera: afd_set_parameters: param=0xb73f01bc afd_obj =0xb72ae1d8, type =0
05-11 20:30:35.499   261  3466 E mm-camera: afd_set_parameters: param=0xb73f00fc afd_obj =0xb72ae1d8, type =7
05-11 20:30:35.499   261  3438 E mm-camera: isp_tintless_config: tint_correction_strength updated to 4
05-11 20:30:35.499   261  3438 E mm-camera: isp_tintless_update_chromatix_params: lib returned config err=0
05-11 20:30:35.499   261  3438 E mm-camera-img: Face Album FILE EXISTS
05-11 20:30:35.509   261  3438 E mm-camera: cpp_hw_params_update_wnr_params:2891 invalid trigger input 0.000000
05-11 20:30:35.509   261  3431 E mm-camera: isp_ch_util_sync_stream_cfg_to_channel: cannot find channel, Adding new channel for stream id 2
05-11 20:30:35.509   261  3474 E mm-camera: isp_axi_stream_set_skip_pattern: cannot find stream, session_id = 0, stream_id = 0
05-11 20:30:35.509   261  3431 E mm-camera: isp_hw_action: first start, hw thread for streamon/ack
05-11 20:30:35.509   261  3474 E mm-camera: isp_thread_proc_cmd: start/stop, thread_data = 0xb73fbe6c, action_code = 0
05-11 20:30:35.509   261  3431 E mm-camera: isp_ch_util_streamon: session_id = 1, vfe_mask = 0x1, async streamon, rc = 0
05-11 20:30:35.509   261  3431 E mm-camera: isp_hw_action: hw_thread for ack
05-11 20:30:35.509   261  3474 E mm-camera: isp_tintless_config: cfg: 10x13 mesh, 8x8 subgrid, subgrid sz 26x34
05-11 20:30:35.509   261  3474 E mm-camera: isp_tintless_mesh_config: lib returned mesh config err=0
05-11 20:30:35.509   261  3474 E mm-camera: color_xform_config_601_to_601 for stream Encoder
05-11 20:30:35.509   261  3474 E mm-camera: color_xform_config_601_to_601 for stream Viewfinder
05-11 20:30:35.509   261  3474 E mm-camera: linearization_set_params: param_id is not supported in this module
05-11 20:30:35.509   261  3474 E mm-camera: mesh_rolloff_set_params: param_id is not supported in this module
05-11 20:30:35.509   261  3474 E mm-camera: wb_set_params: param_id is not supported in this module
05-11 20:30:35.509   261  3474 E mm-camera: demosaic_set_params: param_id 7, is not supported in this module
05-11 20:30:35.509   261  3474 E mm-camera: demux_set_params: param_id 7, is not supported in this module
05-11 20:30:35.509   261  3474 E mm-camera: color_correct_set_effect: saturation level = 1.000000, asd_saturae_adjust = 1.000000
05-11 20:30:35.509   261  3474 E mm-camera: mce_set_params: param_id is not supported in this module
05-11 20:30:35.509   261  3474 E mm-camera: sce_set_params: param_id is not supported in this module
05-11 20:30:35.509   261  3474 E mm-camera: la_hist_trigger_update: luma target from AEC = 0! use default LA curve
05-11 20:30:35.509   261  3474 E mm-camera: isp_tintless_stat_config: pointer okay 
05-11 20:30:35.509   261  3474 E mm-camera: isp_tintless_config: cfg: camif 2448x2448, elem sz 76x102, elems 24x32
05-11 20:30:35.509   261  3474 E mm-camera: isp_tintless_stat_config: lib returned config err=0
05-11 20:30:35.509   261  3474 E mm-camera: stats_action_buf_config: cfg = 1, stats_mask = 0x6b8
05-11 20:30:35.519   261  3474 E mm-camera: stats_action: stats mask = 0x6b8
05-11 20:30:35.519   261  3474 E mm-camera: isp_axi_util_subscribe_v4l2_event: event_type = 0x8000100, is_subscribe = 1
05-11 20:30:35.519   261  3431 E mm-camera: isp_ch_util_streamon: session_id = 1, sync ack done
05-11 20:30:35.519   261  3474 E mm-camera: isp_thread_proc_cmd: start/stop ack done, thread_data = 0xb73fbe6c, action_code = 1, rc = 0
05-11 20:30:35.519   261  3438 E mm-camera: ispif_proc_streamon: ispif_hw_reset done
05-11 20:30:35.519   261  3438 E mm-camera: stream id 2, stream num_meta 0
05-11 20:30:35.519   261  3438 E mm-camera: ispif_streamon: session_id = 1, active_streams = 1
05-11 20:30:35.519   261  3438 E mm-camera-sensor: module_sensor_stream_on:1560 CameraManager start stream without ir file
05-11 20:30:35.529   261  3438 E mm-camera-sensor: module_sensor_stream_on: Sending start bus message
05-11 20:30:35.529   261  3438 E mm-camera: start_sof_check_thread: Starting SOF timeout thread
05-11 20:30:35.529  1985  1985 D streaming: 20:30:35.535 395.333 [CameraView:surfaceChanged:223]: startPreview 0
05-11 20:30:35.539  1985  1985 D Camera-JNI: startPreview
05-11 20:30:35.539   211   960 E QCamera2HWI: [KPI Perf] static int qcamera::QCamera2HardwareInterface::start_preview(camera_device*): E PROFILE_START_PREVIEW
05-11 20:30:35.539   211  3446 E QCameraHWI_Mem: int qcamera::QCameraMemory::alloc(int, int, int) : No memory pool available
05-11 20:30:35.539   211  3446 E QCameraHWI_Mem: int qcamera::QCameraMemory::alloc(int, int, int) : No memory pool available
05-11 20:30:35.539   211  3447 E QCameraHWI_Mem: int qcamera::QCameraMemoryPool::allocateBuffer(qcamera::QCameraMemory::QCameraMemInfo&, int, int, bool, cam_stream_type_t) : Buffer not found!
05-11 20:30:35.539   211  3447 E QCameraHWI_Mem: int qcamera::QCameraMemoryPool::allocateBuffer(qcamera::QCameraMemory::QCameraMemInfo&, int, int, bool, cam_stream_type_t) : Buffer not found!
05-11 20:30:35.539   211  3447 E QCameraHWI_Mem: int qcamera::QCameraMemoryPool::allocateBuffer(qcamera::QCameraMemory::QCameraMemInfo&, int, int, bool, cam_stream_type_t) : Buffer not found!
05-11 20:30:35.549   211  3447 E QCameraHWI_Mem: int qcamera::QCameraMemoryPool::allocateBuffer(qcamera::QCameraMemory::QCameraMemInfo&, int, int, bool, cam_stream_type_t) : Buffer not found!
05-11 20:30:35.549   261  3457 E mm-camera: mct_pipeline_add_stream_to_linked_streams: linked streams: 0x2
05-11 20:30:35.549   261  3457 E mm-camera: mct_stream_start_link: Starting preview/postview stream linking 
05-11 20:30:35.549   211  3447 E QCameraHWI_Mem: int qcamera::QCameraMemoryPool::allocateBuffer(qcamera::QCameraMemory::QCameraMemInfo&, int, int, bool, cam_stream_type_t) : Buffer not found!
05-11 20:30:35.549   261  3457 E mm-camera-sensor: port_sensor_caps_reserve:126 ide 20002 stream type 1 w*h 2048*2048
05-11 20:30:35.549   261  3457 E mm-camera-sensor: port_sensor_ext_link_func:195 ide 20002
05-11 20:30:35.549   261  3457 E mm-camera: isp_reserve_src_port: Error isp_src_port
05-11 20:30:35.549   261  3457 E mm-camera: isp_util_find_matched_existing_src_port#171: X
05-11 20:30:35.549   261  3457 E mm-camera: isp_reserve_src_port: Error isp_src_port
05-11 20:30:35.549   261  3457 E mm-camera: isp_util_find_matched_existing_src_port#171: X
05-11 20:30:35.549   211  3447 E QCameraHWI_Mem: int qcamera::QCameraMemoryPool::allocateBuffer(qcamera::QCameraMemory::QCameraMemInfo&, int, int, bool, cam_stream_type_t) : Buffer not found!
05-11 20:30:35.549   261  3457 E mm-camera: module_imglib_create_port:1756 portname imglib_d2_i1
