05-11 20:29:28.519   261  3197 E mm-camera-sensor: change_chromatix_library:19 Open /persist/phoneid.bin failed
05-11 20:29:28.519   261  3197 E mm-camera-sensor: 
05-11 20:29:28.519   261  3197 E mm-camera-sensor: change_chromatix_library:19 Open /persist/phoneid.bin failed
05-11 20:29:28.519   261  3197 E mm-camera-sensor: 
05-11 20:29:28.519   261  3197 E mm-camera-sensor: eeprom_process:796 e_ctrl->eeprom_lib.func_tbl =0xb5493004
05-11 20:29:28.519   261  3219 E mm-camera: afd_set_parameters: param=0xb7573ccc afd_obj =0xb72b8748, type =1
05-11 20:29:28.519   261  3218 E mm-camera-CORE: awb_set_parameters: paramt type =1
05-11 20:29:28.519   261  3218 E mm-camera-CORE: awb_set_init_chromatix init_param->chromatix=0xb5353028
05-11 20:29:28.519   261  3218 E mm-camera-CORE: awb_settings_init awb=0xb51d6008,init_param=0xb753ca04, chromatix=0xb5353028, stats type=1
05-11 20:29:28.519   261  3218 E mm-camera-CORE: awb_set_parse_chromatix: awb->stats_type=1
05-11 20:29:28.519   261  3218 E mm-camera-CORE: awb_set_parse_chromatix: X
05-11 20:29:28.519   261  3218 E mm-camera-CORE: AWB awb_bayer_init: Green zone offset: (green_offset_bg,green_offset_rg, top_right)=(0, 0, -30 )
05-11 20:29:28.519   261  3218 E mm-camera-CORE: awb_set_parameters: paramt type =4
05-11 20:29:28.519   261  3218 E mm-camera-CORE: awb_set_parameters: paramt type =2
05-11 20:29:28.519   261  3218 E mm-camera-CORE: awb_set_current_wb: E current awb=0 (rbg)=(1.502321, 1.000000, 2.167339)
05-11 20:29:28.519   261  3218 E mm-camera-CORE: awb_set_current_wb: X current awb=0 (rbg)=(1.502321, 1.000000, 2.167339)
05-11 20:29:28.519   261  3218 E mm-camera-CORE: awb_set_current_wb: new_wb =0
05-11 20:29:28.519   261  3219 E mm-camera: afd_set_parameters: param=0xb753c93c afd_obj =0xb72b8748, type =5
05-11 20:29:28.519   261  3219 E mm-camera-CORE: afd_process_pack_output: afd_enable 0, monitor 0, flicker 0, freq 0, afd_state 0, afd_atb 0
05-11 20:29:28.519   261  3219 E mm-camera: afd_set_parameters: param=0xb753c994 afd_obj =0xb72b8748, type =0
05-11 20:29:28.519   261  3219 E mm-camera: afd_set_parameters: param=0xb7573e34 afd_obj =0xb72b8748, type =0
05-11 20:29:28.519   261  3219 E mm-camera: afd_set_parameters: param=0xb7573f64 afd_obj =0xb72b8748, type =0
05-11 20:29:28.519   261  3219 E mm-camera: afd_set_parameters: param=0xb7574094 afd_obj =0xb72b8748, type =0
05-11 20:29:28.519   261  3219 E mm-camera: afd_set_parameters: param=0xb75741c4 afd_obj =0xb72b8748, type =0
05-11 20:29:28.519   261  3219 E mm-camera: afd_set_parameters: param=0xb753c9f4 afd_obj =0xb72b8748, type =0
05-11 20:29:28.519   261  3219 E mm-camera: afd_set_parameters: param=0xb7573e9c afd_obj =0xb72b8748, type =0
05-11 20:29:28.519   261  3219 E mm-camera: afd_set_parameters: param=0xb7573f04 afd_obj =0xb72b8748, type =0
05-11 20:29:28.519   261  3219 E mm-camera: afd_set_parameters: param=0xb75743bc afd_obj =0xb72b8748, type =0
05-11 20:29:28.519   261  3219 E mm-camera: afd_set_parameters: param=0xb75744c4 afd_obj =0xb72b8748, type =0
05-11 20:29:28.519   261  3219 E mm-camera: afd_set_parameters: param=0xb7574504 afd_obj =0xb72b8748, type =0
05-11 20:29:28.519   261  3197 E mm-camera: isp_tintless_config: tint_correction_strength updated to 4
05-11 20:29:28.519   261  3197 E mm-camera: isp_tintless_update_chromatix_params: lib returned config err=0
05-11 20:29:28.519   261  3219 E mm-camera: afd_set_parameters: param=0xb7574634 afd_obj =0xb72b8748, type =0
05-11 20:29:28.519   261  3219 E mm-camera: afd_set_parameters: param=0xb757469c afd_obj =0xb72b8748, type =7
05-11 20:29:28.519   261  3218 E mm-camera-CORE: awb_set_parameters: paramt type =5
05-11 20:29:28.519   261  3218 E mm-camera-CORE: awb_set_parameters: paramt type =12
05-11 20:29:28.529   261  3197 E mm-camera: cpp_hw_params_update_wnr_params:2891 invalid trigger input 0.000000
05-11 20:29:28.529   261  3196 E mm-camera: isp_ch_util_sync_stream_cfg_to_channel: cannot find channel, Adding new channel for stream id 2
05-11 20:29:28.529   261  3227 E mm-camera: isp_axi_stream_set_skip_pattern: cannot find stream, session_id = 0, stream_id = 0
05-11 20:29:28.529   261  3196 E mm-camera: isp_hw_action: first start, hw thread for streamon/ack
05-11 20:29:28.529   261  3196 E mm-camera: isp_ch_util_streamon: session_id = 2, vfe_mask = 0x2, async streamon, rc = 0
05-11 20:29:28.529   261  3196 E mm-camera: isp_hw_action: hw_thread for ack
05-11 20:29:28.529   261  3227 E mm-camera: isp_thread_proc_cmd: start/stop, thread_data = 0xb75486ac, action_code = 0
05-11 20:29:28.529   261  3227 E mm-camera: isp_tintless_config: cfg: 10x13 mesh, 8x8 subgrid, subgrid sz 26x34
05-11 20:29:28.529   261  3227 E mm-camera: isp_tintless_mesh_config: lib returned mesh config err=0
05-11 20:29:28.529   261  3227 E mm-camera: color_xform_config_601_to_601 for stream Encoder
05-11 20:29:28.529   261  3227 E mm-camera: color_xform_config_601_to_601 for stream Viewfinder
05-11 20:29:28.529   261  3227 E mm-camera: linearization_set_params: param_id is not supported in this module
05-11 20:29:28.529   261  3227 E mm-camera: mesh_rolloff_set_params: param_id is not supported in this module
05-11 20:29:28.529   261  3227 E mm-camera: wb_set_params: param_id is not supported in this module
05-11 20:29:28.529   261  3227 E mm-camera: demosaic_set_params: param_id 7, is not supported in this module
05-11 20:29:28.529   261  3227 E mm-camera: demux_set_params: param_id 7, is not supported in this module
05-11 20:29:28.529   261  3227 E mm-camera: color_correct_set_effect: saturation level = 1.000000, asd_saturae_adjust = 1.000000
05-11 20:29:28.539   261  3227 E mm-camera: mce_set_params: param_id is not supported in this module
05-11 20:29:28.539   261  3227 E mm-camera: sce_set_params: param_id is not supported in this module
05-11 20:29:28.539   261  3227 E mm-camera: la_hist_trigger_update: luma target from AEC = 0! use default LA curve
05-11 20:29:28.539   261  3227 E mm-camera: isp_tintless_stat_config: pointer okay 
05-11 20:29:28.539   261  3227 E mm-camera: isp_tintless_config: cfg: camif 2448x2448, elem sz 76x102, elems 24x32
05-11 20:29:28.539   261  3227 E mm-camera: isp_tintless_stat_config: lib returned config err=0
05-11 20:29:28.539   261  3227 E mm-camera: stats_action_buf_config: cfg = 1, stats_mask = 0x6b8
05-11 20:29:28.539   211  3209 E QCamera2HWI: [KPI Perf] static void qcamera::QCamera2HardwareInterface::preview_stream_cb_routine(mm_camera_super_buf_t*, qcamera::QCameraStream*, void*) : PROFILE_FIRST_PREVIEW_FRAME
05-11 20:29:28.549   261  3214 E mm-camera: la_hist_trigger_update: luma target from AEC = 0! use default LA curve
05-11 20:29:28.549   261  3227 E mm-camera: stats_action: stats mask = 0x6b8
05-11 20:29:28.549   261  3227 E mm-camera: isp_axi_util_subscribe_v4l2_event: event_type = 0x8000100, is_subscribe = 1
05-11 20:29:28.549   261  3227 E mm-camera: isp_thread_proc_cmd: start/stop ack done, thread_data = 0xb75486ac, action_code = 1, rc = 0
05-11 20:29:28.549   261  3196 E mm-camera: isp_ch_util_streamon: session_id = 2, sync ack done
05-11 20:29:28.559   261  3197 E mm-camera: stream id 2, stream num_meta 0
05-11 20:29:28.559   261  3197 E mm-camera: ispif_streamon: session_id = 2, active_streams = 1
05-11 20:29:28.559   261  3197 E mm-camera-sensor: module_sensor_stream_on:1560 CameraManager start stream without ir file
05-11 20:29:28.559   261  3197 E mm-camera-sensor: module_sensor_stream_on: Sending start bus message
05-11 20:29:28.559   261  3197 E mm-camera: start_sof_check_thread: Starting SOF timeout thread
05-11 20:29:28.559  1985  1985 D streaming: 20:29:28.568 328.365 [CameraView:surfaceChanged:223]: startPreview 1
05-11 20:29:28.569  1985  3158 D streaming: 20:29:28.572 328.370 [CameraManager:start:99]: Opened cameras
05-11 20:29:28.599   211  3161 E QCameraParameters: int32_t qcamera::QCameraParameters::setPreviewFpsRange(const qcamera::QCameraParameters&): FpsRange Values:(2000, 30000)
05-11 20:29:28.599   211  3161 E QCameraParameters: int32_t qcamera::QCameraParameters::setPreviewFpsRange(const qcamera::QCameraParameters&): Requested FpsRange Values:(2000, 30000)
05-11 20:29:28.599   211  3161 E QCameraParameters: bool qcamera::QCameraParameters::UpdateHFRFrameRate(const qcamera::QCameraParameters&): CameraParameters - : minFps = 2000, maxFps = 30000 
05-11 20:29:28.599   211  3161 E QCameraParameters: bool qcamera::QCameraParameters::UpdateHFRFrameRate(const qcamera::QCameraParameters&): Requested params - : minFps = 2000, maxFps = 30000 
05-11 20:29:28.599   211  3161 E QCameraParameters: bool qcamera::QCameraParameters::UpdateHFRFrameRate(const qcamera::QCameraParameters&): prevHfrStr - off, hfrStr = off 
05-11 20:29:28.599   211  3161 E QCameraParameters: HFR mode is OFF
05-11 20:29:28.599   211  3161 E QCameraParameters: int32_t qcamera::QCameraParameters::setPreviewFpsRange(const qcamera::QCameraParameters&): UpdateHFRFrameRate 0
05-11 20:29:28.599   211  3161 E QCameraParameters: int32_t qcamera::QCameraParameters::setPreviewFpsRange(const qcamera::QCameraParameters&): No change in FpsRange
05-11 20:29:28.599   211  3161 I QCameraParameters: int32_t qcamera::QCameraParameters::setWBManualCCT(const qcamera::QCameraParameters&), dont set cct to back-end.
05-11 20:29:28.599   211  3161 I QCameraParameters: int32_t qcamera::QCameraParameters::setFocusPosition(const qcamera::QCameraParameters&), dont set focus pos to back-end!
05-11 20:29:28.599   211  3161 I QCameraParameters: int32_t qcamera::QCameraParameters::setLiveSnapshotSize(const qcamera::QCameraParameters&): live snapshot size 1920 x 1080
05-11 20:29:28.599   261  3177 E mm-camera: mct_pipeline_send_ctrl_events: Send Set Parm events
05-11 20:29:28.599   261  3177 E mm-camera-sensor: module_sensor_event_control_set_parm:2609 CameraManager switch to normal file
05-11 20:29:28.599   261  3177 E mm-camera: cpp_module_process_downstream_event:852: MCT_EVENT_MODULE_SET_RELOAD_CHROMATIX: identity=0x10002
05-11 20:29:28.599   261  3214 E mm-camera: isp_tintless_config: same cfg as current
05-11 20:29:28.599   261  3214 E mm-camera: isp_tintless_mesh_config: lib returned mesh config err=0
05-11 20:29:28.599   261  3214 E mm-camera: color_xform_config_601_to_601 for stream Encoder
05-11 20:29:28.599   261  3214 E mm-camera: color_xform_config_601_to_601 for stream Viewfinder
05-11 20:29:28.609   211  3186 E QCameraParameters: int32_t qcamera::QCameraParameters::setPreviewFpsRange(const qcamera::QCameraParameters&): FpsRange Values:(2000, 30000)
05-11 20:29:28.609   211  3186 E QCameraParameters: int32_t qcamera::QCameraParameters::setPreviewFpsRange(const qcamera::QCameraParameters&): Requested FpsRange Values:(2000, 30000)
05-11 20:29:28.609   211  3186 E QCameraParameters: bool qcamera::QCameraParameters::UpdateHFRFrameRate(const qcamera::QCameraParameters&): CameraParameters - : minFps = 2000, maxFps = 30000 
05-11 20:29:28.609   211  3186 E QCameraParameters: bool qcamera::QCameraParameters::UpdateHFRFrameRate(const qcamera::QCameraParameters&): Requested params - : minFps = 2000, maxFps = 30000 
05-11 20:29:28.609   211  3186 E QCameraParameters: bool qcamera::QCameraParameters::UpdateHFRFrameRate(const qcamera::QCameraParameters&): prevHfrStr - off, hfrStr = off 
05-11 20:29:28.609   211  3186 E QCameraParameters: HFR mode is OFF
05-11 20:29:28.609   211  3186 E QCameraParameters: int32_t qcamera::QCameraParameters::setPreviewFpsRange(const qcamera::QCameraParameters&): UpdateHFRFrameRate 0
05-11 20:29:28.609   211  3186 E QCameraParameters: int32_t qcamera::QCameraParameters::setPreviewFpsRange(const qcamera::QCameraParameters&): No change in FpsRange
05-11 20:29:28.609   211  3186 I QCameraParameters: int32_t qcamera::QCameraParameters::setWBManualCCT(const qcamera::QCameraParameters&), dont set cct to back-end.
05-11 20:29:28.609   211  3186 I QCameraParameters: int32_t qcamera::QCameraParameters::setFocusPosition(const qcamera::QCameraParameters&), dont set focus pos to back-end!
05-11 20:29:28.609   211  3186 I QCameraParameters: int32_t qcamera::QCameraParameters::setLiveSnapshotSize(const qcamera::QCameraParameters&): live snapshot size 1920 x 1080
05-11 20:29:28.609   261  3197 E mm-camera: mct_pipeline_send_ctrl_events: Send Set Parm events
05-11 20:29:28.609   261  3197 E mm-camera-sensor: module_sensor_event_control_set_parm:2609 CameraManager switch to normal file
05-11 20:29:28.609   261  3197 E mm-camera: cpp_module_process_downstream_event:852: MCT_EVENT_MODULE_SET_RELOAD_CHROMATIX: identity=0x20002
05-11 20:29:28.609   261  3197 E mm-camera: cpp_hw_params_update_wnr_params:2891 invalid trigger input 0.000000
05-11 20:29:28.619   261  3227 E mm-camera: isp_tintless_config: same cfg as current
05-11 20:29:28.619   261  3227 E mm-camera: isp_tintless_mesh_config: lib returned mesh config err=0
05-11 20:29:28.619   261  3227 E mm-camera: color_xform_config_601_to_601 for stream Encoder
05-11 20:29:28.619   261  3227 E mm-camera: color_xform_config_601_to_601 for stream Viewfinder
05-11 20:29:28.619   261  3197 E mm-camera: cpp_hw_params_update_wnr_params:2891 invalid trigger input 0.000000
05-11 20:29:28.619  1985  2095 D streaming: 20:29:28.622 328.420 [CameraManager:setIrChromatix:128]: turn off IR chromatix
05-11 20:29:28.689   261  3227 E mm-camera: la_hist_trigger_update: luma target from AEC = 0! use default LA curve
05-11 20:29:28.689   211  3222 E QCamera2HWI: [KPI Perf] static void qcamera::QCamera2HardwareInterface::preview_stream_cb_routine(mm_camera_super_buf_t*, qcamera::QCameraStream*, void*) : PROFILE_FIRST_PREVIEW_FRAME
05-11 20:29:28.759  1001  1001 D StatusBar.NetworkController: refreshViews: Data not connected!! Set no data type icon / Roaming
05-11 20:29:28.759  1001  1001 D StatusBar.NetworkController: refreshViews connected={ wifi } level=0 combinedSignalIconId=0x7f0200a4/com.android.systemui:drawable/stat_sys_wifi_signal_4_fully mobileLabel= wifiLabel="1503-5G"xxxxXXXXxxxxXXXX emergencyOnly=false combinedLabel="1503-5G"xxxxXXXXxxxxXXXX mAirplaneMode=false mDataActivity=0 mPhoneSignalIconId=0x0 mQSPhoneSignalIconId=0x0 mDataDirectionIconId=0x0 mDataSignalIconId=0x0 mDataTypeIconId=0x0 mQSDataTypeIconId=0x0 mNoSimIconId=0x0 mWifiIconId=0x7f0200a4 mQSWifiIconId=0x7f02005c mBluetoothTetherIconId=0x10805cc
05-11 20:29:30.119   211   211 E QCamera2HWI: [KPI Perf] static int qcamera::QCamera2HardwareInterface::take_picture(camera_device*): E PROFILE_TAKE_PICTURE
05-11 20:29:30.119   211  3161 E QCamera2HWI: int qcamera::QCamera2HardwareInterface::takePicture(): numSnapshot = 1
05-11 20:29:30.119   211  3161 E QCameraHWI_Mem: int qcamera::QCameraMemory::alloc(int, int, int) : No memory pool available
05-11 20:29:30.119   211  3161 E QCameraHWI_Mem: int qcamera::QCameraMemory::alloc(int, int, int) : No memory pool available
05-11 20:29:30.119   211  3162 E QCameraHWI_Mem: int qcamera::QCameraMemoryPool::allocateBuffer(qcamera::QCameraMemory::QCameraMemInfo&, int, int, bool, cam_stream_type_t) : Buffer not found!
05-11 20:29:30.119   211  3162 E QCameraHWI_Mem: int qcamera::QCameraMemoryPool::allocateBuffer(qcamera::QCameraMemory::QCameraMemInfo&, int, int, bool, cam_stream_type_t) : Buffer not found!
05-11 20:29:30.119   211  3162 E QCameraHWI_Mem: int qcamera::QCameraMemoryPool::allocateBuffer(qcamera::QCameraMemory::QCameraMemInfo&, int, int, bool, cam_stream_type_t) : Buffer not found!
05-11 20:29:30.119   211  3162 E QCameraHWI_Mem: int qcamera::QCameraMemoryPool::allocateBuffer(qcamera::QCameraMemory::QCameraMemInfo&, int, int, bool, cam_stream_type_t) : Buffer not found!
05-11 20:29:30.119   211  3161 E QCameraHWI_Mem: int qcamera::QCameraMemory::alloc(int, int, int) : No memory pool available
05-11 20:29:30.119   211  3162 E QCameraHWI_Mem: int qcamera::QCameraMemoryPool::allocateBuffer(qcamera::QCameraMemory::QCameraMemInfo&, int, int, bool, cam_stream_type_t) : Buffer not found!
05-11 20:29:30.119   211  3162 E QCameraHWI_Mem: int qcamera::QCameraMemoryPool::allocateBuffer(qcamera::QCameraMemory::QCameraMemInfo&, int, int, bool, cam_stream_type_t) : Buffer not found!
05-11 20:29:30.119   211  3162 E QCameraHWI_Mem: int qcamera::QCameraMemoryPool::allocateBuffer(qcamera::QCameraMemory::QCameraMemInfo&, int, int, bool, cam_stream_type_t) : Buffer not found!
05-11 20:29:30.129   261  3177 E mm-camera: cpp_module_handle_streamoff_event:1973] iden:0x10002, linked_params:0x0
05-11 20:29:30.129   261  3177 E mm-camera: cpp_hardware_process_streamoff:510] skip_iden:0x0, duplicate_stream_status:0x0
05-11 20:29:30.129   261  3171 E mm-camera: isp_hw_action: last pix stop, pix_cnt = 1, cnt = 1
05-11 20:29:30.129   261  3214 E mm-camera: isp_thread_proc_cmd: start/stop, thread_data = 0xb74e5594, action_code = 2
05-11 20:29:30.129   261  3214 E mm-camera: isp_axi_util_subscribe_v4l2_event: event_type = 0x8000100, is_subscribe = 0
05-11 20:29:30.129   261  3171 E mm-camera: isp_hw_action: hw_thread for ack
05-11 20:29:30.189   261  3214 E mm-camera: stats_action_buf_config: cfg = 0, stats_mask = 0x6b8
05-11 20:29:30.199   261  3214 E mm-camera: isp_thread_proc_cmd: start/stop ack done, thread_data = 0xb74e5594, action_code = 3, rc = 0
05-11 20:29:30.199   261  3177 E mm-camera: stream id 2, stream num_meta 0
05-11 20:29:30.239   261  3177 E mm-camera: ispif_streamoff: session_id = 1, active_streams = 0
05-11 20:29:30.239   261  3177 E mm-camera-sensor: module_sensor_module_process_event: Sending stop bus message
05-11 20:29:30.239   261  3177 E mm-camera: stop_sof_check_thread: Stopping SOF timeout thread
05-11 20:29:30.239   211  3162 E QCameraHWI_Mem: int qcamera::QCameraMemoryPool::allocateBuffer(qcamera::QCameraMemory::QCameraMemInfo&, int, int, bool, cam_stream_type_t) : Buffer not found!
05-11 20:29:30.239   211  3162 E QCameraHWI_Mem: int qcamera::QCameraMemoryPool::allocateBuffer(qcamera::QCameraMemory::QCameraMemInfo&, int, int, bool, cam_stream_type_t) : Buffer not found!
05-11 20:29:30.249   211  3161 I QCameraHWI_Mem: deallocate: E 
05-11 20:29:30.249   211  3161 I QCameraHWI_Mem:  deallocate : X 
05-11 20:29:30.259   261  3177 E mm-camera: mct_stream_streamoff: Enter
05-11 20:29:30.259   261  3177 E mm-camera: mct_stream_streamoff: Enter
05-11 20:29:30.259   261  3177 E mm-camera: mct_stream_streamoff: Enter
05-11 20:29:30.259   261  3177 E mm-camera: mct_stream_streamoff: Enter
05-11 20:29:30.259   261  3177 E mm-camera-sensor: port_sensor_unlink_func:217 ide 10002
05-11 20:29:30.259   261  3177 E mm-camera-sensor: port_sensor_caps_unreserve:180 ide 10002
05-11 20:29:30.259   261  3177 E mm-camera-img: faceproc_save_album:794] Error No album 
05-11 20:29:30.259   261  3177 E mm-camera-img: faceproc_comp_eng_destroy: Album save failed -1
05-11 20:29:30.259   211  3162 E QCameraParameters: int qcamera::QCameraParameters::getPreviewHalPixelFormat() const: format 265
05-11 20:29:30.279   261  3177 E mm-camera: mct_pipeline_add_stream_to_linked_streams: linked streams: 0x80
05-11 20:29:30.279   261  3177 E mm-camera: mct_stream_start_link: Starting meta stream linking: do nothing 
05-11 20:29:30.279   211  3161 E mm-camera-intf: mm_stream_get_v4l2_fmt: Unknown fmt=78
05-11 20:29:30.279   261  3177 E mm-camera: mct_pipeline_add_stream_to_linked_streams: linked streams: 0x84
05-11 20:29:30.279   261  3177 E mm-camera: mct_stream_start_link: Starting postview stream linking 
05-11 20:29:30.279   261  3177 E mm-camera-sensor: port_sensor_caps_reserve:126 ide 10004 stream type 2 w*h 2048*2048
05-11 20:29:30.279   261  3177 E mm-camera-sensor: port_sensor_ext_link_func:195 ide 10004
05-11 20:29:30.279   261  3177 E mm-camera: isp_reserve_src_port: Error isp_src_port
05-11 20:29:30.279   261  3177 E mm-camera: isp_util_find_matched_existing_src_port#144: X
05-11 20:29:30.279   261  3177 E mm-camera: mct_pipeline_send_ctrl_events: Send Set Parm events
05-11 20:29:30.289   261  3177 E mm-camera: mct_pipeline_add_stream_to_linked_streams: linked streams: 0x8c
05-11 20:29:30.289   261  3177 E mm-camera: mct_stream_start_link: Starting snapshot stream linking 
05-11 20:29:30.289   261  3177 E mm-camera: mct_stream_start_link: Regular snapshot
05-11 20:29:30.289   261  3177 E mm-camera-sensor: port_sensor_caps_reserve:126 ide 10005 stream type 3 w*h 1920*1080
05-11 20:29:30.289   261  3177 E mm-camera-sensor: port_sensor_ext_link_func:195 ide 10005
05-11 20:29:30.289   261  3177 E mm-camera: isp_reserve_src_port: Error given src port cannot be used to reserve
05-11 20:29:30.289   261  3177 E mm-camera: isp_reserve_src_port: Error given src port cannot be used to reserve
05-11 20:29:30.289   261  3177 E mm-camera: isp_reserve_src_port: Error given src port cannot be used to reserve
05-11 20:29:30.289   261  3177 E mm-camera: isp_util_find_matched_existing_src_port#144: X
05-11 20:29:30.289   261  3177 E mm-camera: isp_reserve_src_port: Error isp_src_port
05-11 20:29:30.289   261  3177 E mm-camera: isp_util_find_matched_existing_src_port#144: X
05-11 20:29:30.289   261  3177 E mm-camera: isp_reserve_src_port: Error isp_src_port
05-11 20:29:30.289   261  3177 E mm-camera: isp_util_find_matched_existing_src_port#144: X
05-11 20:29:30.299   261  3177 E mm-camera-sensor: sensor_set_resolution:1584 set_fps=30.000000 > max_fps=20.000000, capping to max
05-11 20:29:30.299   261  3177 E mm-camera: decide_isp_nums_camif: num_isp = 1
05-11 20:29:30.299   261  3177 E mm-camera: decide_isp_nums_camif: num_isp = 1
05-11 20:29:30.299   261  3177 E mm-camera-sensor: sensor_get_cur_ir_chromatix_name:2055 res 0 mask c snapshot chromatix libchromatix_ov10823_ir_preview.so
05-11 20:29:30.299   261  3177 E mm-camera-sensor: change_chromatix_library:19 Open /persist/phoneid.bin failed
05-11 20:29:30.299   261  3177 E mm-camera-sensor: 
05-11 20:29:30.299   261  3177 E mm-camera-sensor: eeprom_process:796 e_ctrl->eeprom_lib.func_tbl =0xb5493004
05-11 20:29:30.299   261  3177 E mm-camera: isp_tintless_config: same cfg as current
05-11 20:29:30.299   261  3177 E mm-camera: isp_tintless_update_chromatix_params: lib returned config err=0
05-11 20:29:30.299   261  3177 E mm-camera-sensor: sensor_set_crop_info:2453 otp center calc is already done,do nothing here
05-11 20:29:30.299   261  3230 E mm-camera-CORE: awb_algo_snapshot: E, stats type=1
05-11 20:29:30.299   261  3171 E mm-camera: isp_util_get_user_streams: bundling use case - bundle mask = 0x3,streamon_bundle = 0x1, nop
05-11 20:29:30.299   261  3177 E mm-camera-sensor: module_sensor_stream_on:1560 CameraManager start stream without ir file
05-11 20:29:30.299   261  3177 E mm-camera-sensor: sensor_set_resolution:1584 set_fps=30.000000 > max_fps=20.000000, capping to max
05-11 20:29:30.299   261  3177 E mm-camera-sensor: sensor_get_cur_ir_chromatix_name:2055 res 0 mask c snapshot chromatix libchromatix_ov10823_ir_preview.so
05-11 20:29:30.299   261  3177 E mm-camera-sensor: eeprom_process:796 e_ctrl->eeprom_lib.func_tbl =0xb5493004
05-11 20:29:30.299   261  3177 E mm-camera: isp_tintless_config: same cfg as current
05-11 20:29:30.299   261  3177 E mm-camera: isp_tintless_update_chromatix_params: lib returned config err=0
05-11 20:29:30.309   261  3177 E mm-camera-sensor: sensor_set_crop_info:2453 otp center calc is already done,do nothing here
05-11 20:29:30.309   261  3230 E mm-camera-CORE: awb_algo_snapshot: E, stats type=1
05-11 20:29:30.309   261  3171 E mm-camera: isp_ch_util_sync_stream_cfg_to_channel: cannot find channel, Adding new channel for stream id 4
05-11 20:29:30.309   261  3171 E mm-camera: isp_ch_util_sync_stream_cfg_to_channel: cannot find channel, Adding new channel for stream id 5
05-11 20:29:30.309   261  3171 E mm-camera: isp_ch_util_check_rotation: sessioN_id = 1, stream_type = 2, channel_id = 4, no swap, width = 2048, height = 2048, rotation = 0x0
05-11 20:29:30.309   261  3171 E mm-camera: isp_ch_util_check_rotation: sessioN_id = 1, stream_type = 3, channel_id = 5, no swap, width = 1920, height = 1080, rotation = 0x0
05-11 20:29:30.309   261  3214 E mm-camera: isp_axi_stream_set_skip_pattern: cannot find stream, session_id = 0, stream_id = 0
05-11 20:29:30.309   261  3214 E mm-camera: linearization_set_params: param_id is not supported in this module
05-11 20:29:30.309   261  3214 E mm-camera: mesh_rolloff_set_params: param_id is not supported in this module
05-11 20:29:30.309   261  3214 E mm-camera: wb_set_params: param_id is not supported in this module
05-11 20:29:30.309   261  3214 E mm-camera: demosaic_set_params: param_id 7, is not supported in this module
05-11 20:29:30.309   261  3214 E mm-camera: demux_set_params: param_id 7, is not supported in this module
05-11 20:29:30.309   261  3214 E mm-camera: mce_set_params: param_id is not supported in this module
05-11 20:29:30.309   261  3214 E mm-camera: sce_set_params: param_id is not supported in this module
05-11 20:29:30.309   261  3214 E mm-camera: linearization_set_params: param_id is not supported in this module
05-11 20:29:30.309   261  3214 E mm-camera: mesh_rolloff_set_params: param_id is not supported in this module
05-11 20:29:30.309   261  3214 E mm-camera: wb_set_params: param_id is not supported in this module
05-11 20:29:30.309   261  3214 E mm-camera: demosaic_set_params: param_id 7, is not supported in this module
05-11 20:29:30.309   261  3214 E mm-camera: demux_set_params: param_id 7, is not supported in this module
05-11 20:29:30.309   261  3214 E mm-camera: mce_set_params: param_id is not supported in this module
05-11 20:29:30.309   261  3214 E mm-camera: sce_set_params: param_id is not supported in this module
05-11 20:29:30.309   261  3214 E mm-camera: linearization_set_params: param_id is not supported in this module
05-11 20:29:30.309   261  3214 E mm-camera: mesh_rolloff_set_params: param_id is not supported in this module
05-11 20:29:30.309   261  3214 E mm-camera: wb_set_params: param_id is not supported in this module
05-11 20:29:30.309   261  3214 E mm-camera: demosaic_set_params: param_id 7, is not supported in this module
05-11 20:29:30.309   261  3214 E mm-camera: demux_set_params: param_id 7, is not supported in this module
05-11 20:29:30.309   261  3214 E mm-camera: mce_set_params: param_id is not supported in this module
05-11 20:29:30.309   261  3214 E mm-camera: sce_set_params: param_id is not supported in this module
05-11 20:29:30.309   261  3171 E mm-camera: isp_hw_action: first start, hw thread for streamon/ack
05-11 20:29:30.309   261  3214 E mm-camera: isp_thread_proc_cmd: start/stop, thread_data = 0xb74e5594, action_code = 0
05-11 20:29:30.309   924  3241 E GpsXtraDownloader: No XTRA servers were specified in the GPS configuration
05-11 20:29:30.309   261  3214 E mm-camera: isp_tintless_config: same cfg as current
05-11 20:29:30.309   261  3214 E mm-camera: isp_tintless_mesh_config: lib returned mesh config err=0
05-11 20:29:30.309   261  3214 E mm-camera: linearization_set_params: param_id is not supported in this module
05-11 20:29:30.309   261  3214 E mm-camera: mesh_rolloff_set_params: param_id is not supported in this module
05-11 20:29:30.309   261  3214 E mm-camera: wb_set_params: param_id is not supported in this module
05-11 20:29:30.309   261  3214 E mm-camera: demosaic_set_params: param_id 7, is not supported in this module
05-11 20:29:30.309   261  3214 E mm-camera: demux_set_params: param_id 7, is not supported in this module
05-11 20:29:30.309   261  3214 E mm-camera: color_correct_set_effect: saturation level = 1.000000, asd_saturae_adjust = 1.000000
05-11 20:29:30.309   261  3214 E mm-camera: mce_set_params: param_id is not supported in this module
05-11 20:29:30.309   261  3214 E mm-camera: sce_set_params: param_id is not supported in this module
05-11 20:29:30.319   261  3171 E mm-camera: isp_ch_util_streamon: session_id = 1, vfe_mask = 0x1, async streamon, rc = 0
05-11 20:29:30.319   261  3171 E mm-camera: isp_hw_action: hw_thread for ack
05-11 20:29:30.319   261  3214 E mm-camera: isp_axi_util_subscribe_v4l2_event: event_type = 0x8000100, is_subscribe = 1
05-11 20:29:30.319   261  3214 E mm-camera: isp_axi_util_subscribe_v4l2_event: event_type = 0x8000101, is_subscribe = 1
05-11 20:29:30.319   261  3171 E mm-camera: isp_ch_util_streamon: session_id = 1, sync ack done
05-11 20:29:30.319   261  3214 E mm-camera: isp_thread_proc_cmd: start/stop ack done, thread_data = 0xb74e5594, action_code = 1, rc = 0
05-11 20:29:30.319   261  3177 E mm-camera: stream id 4, stream num_meta 0
05-11 20:29:30.319   261  3177 E mm-camera: ispif_streamon: session_id = 1, active_streams = 2
05-11 20:29:30.319   261  3177 E mm-camera-sensor: module_sensor_stream_on:1560 CameraManager start stream without ir file
05-11 20:29:30.319   261  3177 E mm-camera-sensor: module_sensor_stream_on: Sending start bus message
05-11 20:29:30.319   261  3177 E mm-camera: start_sof_check_thread: Starting SOF timeout thread
05-11 20:29:30.319   211  3162 D QCameraPostProc: [KPI Perf] int32_t qcamera::QCameraPostProcessor::start(qcamera::QCameraChannel*) : call jpeg create_session
05-11 20:29:30.319   211  3162 E mm-jpeg-intf: mm_jpeg_create_session:2125] >>>> Work bufs need 1
05-11 20:29:30.329   211  3162 W linker  : libmmjpeg.so has text relocations. This is wasting memory and is a security risk. Please fix.
05-11 20:29:30.329   211  3162 E mm-still: void* getInstance():17] Component ptr is 0xb8a61948
05-11 20:29:30.329   211  3162 E qomx_image_core: OMX_GetHandle:236] get instance pts is 0xb8a61948
05-11 20:29:30.329   211  3162 E mm-still: void* create_component_fns(OMX_PTR) 20:] Component ptr is 0xb8a61948
05-11 20:29:30.329   211  3162 E mm-still: int QIThread::StartThread(QThreadObject*, bool): before wait
05-11 20:29:30.329   211  3162 E mm-still: int QIThread::StartThread(QThreadObject*, bool): after wait
05-11 20:29:30.329   211  3162 D qomx_image_core: OMX_GetHandle:256] handle = b8a6194c Instanceindex = 0,comp_idx 0 g_ptr 0xb8a43c10
05-11 20:29:30.329   211  3162 E mm-still: OMX_ERRORTYPE qomx_component_set_callbacks(OMX_HANDLETYPE, OMX_CALLBACKTYPE*, OMX_PTR): 181: This ptr addr 0xb8a61948
05-11 20:29:30.329   211  3162 E qomx_image_core: OMX_GetHandle:260] Success
05-11 20:29:30.329   211  3162 E mm-jpeg-intf: mm_jpeg_session_configure:1347] E 
05-11 20:29:30.329   211  3162 E mm-jpeg-intf: mm_jpeg_session_config_main:1048] config port
05-11 20:29:30.329   211  3162 E mm-still: virtual OMX_ERRORTYPE OMXImageEncoder::omx_component_set_parameter(OMX_HANDLETYPE, OMX_INDEXTYPE, OMX_PTR) 429:] ParamIndex: 33554433
05-11 20:29:30.329   211  3162 E mm-still: virtual OMX_ERRORTYPE OMXImageEncoder::omx_component_set_parameter(OMX_HANDLETYPE, OMX_INDEXTYPE, OMX_PTR):465]: buffer size id 0
05-11 20:29:30.329   211  3162 E mm-still: virtual OMX_ERRORTYPE OMXImageEncoder::omx_component_set_parameter(OMX_HANDLETYPE, OMX_INDEXTYPE, OMX_PTR) 429:] ParamIndex: 33554433
05-11 20:29:30.329   211  3162 E mm-still: virtual OMX_ERRORTYPE QOMXImageCodec::postMessage(QIBase*):427] Message addr = 0xb8a66e18
05-11 20:29:30.329   211  3243 E mm-still: virtual OMX_ERRORTYPE QOMXImageCodec::handleMessage(): E
05-11 20:29:30.329   211  3243 E mm-still: virtual OMX_ERRORTYPE QOMXImageCodec::handleMessage():451] before wait
05-11 20:29:30.329   211  3243 E mm-still: virtual OMX_ERRORTYPE QOMXImageCodec::handleMessage():458] after wait
05-11 20:29:30.329   211  3243 E mm-still: virtual OMX_ERRORTYPE QOMXImageCodec::handleMessage():469] Message addr = 0xb8a66e18
05-11 20:29:30.329   211  3243 E mm-still: virtual OMX_ERRORTYPE OMXImageEncoder::processMessage(QIMessage*):1252] E
05-11 20:29:30.329   211  3243 E mm-still: virtual OMX_ERRORTYPE OMXImageEncoder::processMessage(QIMessage*):1272] OMX_MESSAGE_PORT_ENABLE
05-11 20:29:30.329   211  3243 E mm-jpeg-intf: mm_jpeg_event_handler:2603] 0 3 0 state 0
05-11 20:29:30.329   211  3243 E mm-jpeg-intf: mm_jpeg_event_handler:2643]
05-11 20:29:30.329   211  3162 E mm-still: virtual OMX_ERRORTYPE OMXImageEncoder::omx_component_set_parameter(OMX_HANDLETYPE, OMX_INDEXTYPE, OMX_PTR) 429:] ParamIndex: 33554433
05-11 20:29:30.329   211  3162 E mm-jpeg-intf: mm_jpeg_session_config_ports:828] Set rotation to 0 at port_idx = 1
05-11 20:29:30.329   211  3162 E mm-jpeg-intf: mm_jpeg_session_config_main:1056] config main buf offset
05-11 20:29:30.329   211  3162 E mm-still: virtual OMX_ERRORTYPE QOMXImageCodec::omx_component_get_extension_index(OMX_HANDLETYPE, OMX_STRING, OMX_INDEXTYPE*): 599] Extension Name: OMX.QCOM.image.exttype.bufferOffset
05-11 20:29:30.329   211  3162 E mm-jpeg-intf: mm_jpeg_session_config_main_buffer_offset:431] yOffset = 0, cbcrOffset = (0 0), totalSize = 3133440,cbcrStartOffset = (2088960 1044480)
05-11 20:29:30.329   211  3162 E mm-still: virtual OMX_ERRORTYPE OMXImageEncoder::omx_component_set_parameter(OMX_HANDLETYPE, OMX_INDEXTYPE, OMX_PTR) 429:] ParamIndex: 133169154
05-11 20:29:30.329   211  3162 E mm-still: virtual OMX_ERRORTYPE QOMXImageCodec::omx_component_get_extension_index(OMX_HANDLETYPE, OMX_STRING, OMX_INDEXTYPE*): 599] Extension Name: OMX.QCOM.image.encoding.mode
05-11 20:29:30.329   211  3162 E mm-jpeg-intf: mm_jpeg_encoding_mode:478] encoding mode = 1 
05-11 20:29:30.329   211  3162 E mm-still: virtual OMX_ERRORTYPE OMXImageEncoder::omx_component_set_parameter(OMX_HANDLETYPE, OMX_INDEXTYPE, OMX_PTR) 429:] ParamIndex: 133169156
05-11 20:29:30.329   211  3162 E mm-jpeg-intf: mm_jpeg_meta_enc_key:639] Key is invalid
05-11 20:29:30.329   211  3162 E mm-still: virtual OMX_ERRORTYPE QOMXImageCodec::omx_component_get_extension_index(OMX_HANDLETYPE, OMX_STRING, OMX_INDEXTYPE*): 599] Extension Name: OMX.QCOM.image.exttype.mem_ops
05-11 20:29:30.329   211  3162 E mm-still: virtual OMX_ERRORTYPE OMXImageEncoder::omx_component_set_parameter(OMX_HANDLETYPE, OMX_INDEXTYPE, OMX_PTR) 429:] ParamIndex: 133169162
05-11 20:29:30.329   211  3162 E mm-still: virtual OMX_ERRORTYPE QOMXImageCodec::omx_component_get_extension_index(OMX_HANDLETYPE, OMX_STRING, OMX_INDEXTYPE*): 599] Extension Name: OMX.QCOM.image.exttype.jpeg.speed
05-11 20:29:30.329   211  3162 E mm-still: virtual OMX_ERRORTYPE OMXImageEncoder::omx_component_set_parameter(OMX_HANDLETYPE, OMX_INDEXTYPE, OMX_PTR) 429:] ParamIndex: 8323083
05-11 20:29:30.329   211  3162 E mm-jpeg-intf: mm_jpeg_session_change_state:209] new_state 2 p_exec 0xb6310511
05-11 20:29:30.329   211  3162 E mm-still: virtual OMX_ERRORTYPE QOMXImageCodec::postMessage(QIBase*):427] Message addr = 0xb8a66e30
05-11 20:29:30.329   211  3243 E mm-still: virtual OMX_ERRORTYPE QOMXImageCodec::handleMessage():451] before wait
05-11 20:29:30.329   211  3243 E mm-still: virtual OMX_ERRORTYPE QOMXImageCodec::handleMessage():458] after wait
05-11 20:29:30.329   211  3243 E mm-still: virtual OMX_ERRORTYPE QOMXImageCodec::handleMessage():469] Message addr = 0xb8a66e30
05-11 20:29:30.329   211  3243 E mm-still: virtual OMX_ERRORTYPE OMXImageEncoder::processMessage(QIMessage*):1252] E
05-11 20:29:30.329   211  3243 E mm-still: virtual OMX_ERRORTYPE OMXImageEncoder::processMessage(QIMessage*):1266] OMX_MESSAGE_CHANGE_STATE
05-11 20:29:30.329   211  3243 E mm-still: virtual void QOMXImageCodec::changeState(OMX_STATETYPE):186] From Current State: 1 To New state: 2
05-11 20:29:30.329   211  3243 E mm-still: virtual void QOMXImageCodec::changeState(OMX_STATETYPE):268] State  change incomplete.. Moving to OMX_StateIdle_Pending
05-11 20:29:30.329   211  3162 E mm-jpeg-intf: mm_jpeg_session_change_state:234] 
05-11 20:29:30.329   211  3162 E mm-jpeg-intf: mm_jpeg_session_send_buffers:96] Source buffer 0
05-11 20:29:30.329   211  3162 E mm-still: virtual OMX_ERRORTYPE OMXImageEncoder::use_input_buffer(OMX_BUFFERHEADERTYPE**, OMX_U32, OMX_U8*, OMX_PTR, OMX_U32): Port Index = 0
05-11 20:29:30.329   211  3162 E mm-still: virtual OMX_ERRORTYPE OMXImageEncoder::use_input_buffer(OMX_BUFFERHEADERTYPE**, OMX_U32, OMX_U8*, OMX_PTR, OMX_U32):893] buffer fd 194 offset 0
05-11 20:29:30.329   211  3162 E mm-still: virtual OMX_ERRORTYPE OMXImageEncoder::use_input_buffer(OMX_BUFFERHEADERTYPE**, OMX_U32, OMX_U8*, OMX_PTR, OMX_U32):906] BufferCountActual = 2, inBuffAllocCount = 1
05-11 20:29:30.329   211  3162 E mm-still: virtual OMX_ERRORTYPE OMXImageEncoder::omx_component_use_buffer(OMX_HANDLETYPE, OMX_BUFFERHEADERTYPE**, OMX_U32, OMX_PTR, OMX_U32, OMX_U8*) 1069: Inport populated = 0, Outport populated = 0
05-11 20:29:30.329   211  3162 E mm-still: virtual OMX_ERRORTYPE OMXImageEncoder::omx_component_use_buffer(OMX_HANDLETYPE, OMX_BUFFERHEADERTYPE**, OMX_U32, OMX_PTR, OMX_U32, OMX_U8*):1075] All Data Allocated = 0
05-11 20:29:30.329   211  3162 E mm-jpeg-intf: mm_jpeg_session_send_buffers:96] Source buffer 1
05-11 20:29:30.329   211  3162 E mm-still: virtual OMX_ERRORTYPE OMXImageEncoder::use_input_buffer(OMX_BUFFERHEADERTYPE**, OMX_U32, OMX_U8*, OMX_PTR, OMX_U32): Port Index = 0
05-11 20:29:30.329   211  3162 E mm-still: virtual OMX_ERRORTYPE OMXImageEncoder::use_input_buffer(OMX_BUFFERHEADERTYPE**, OMX_U32, OMX_U8*, OMX_PTR, OMX_U32):893] buffer fd 196 offset 0
05-11 20:29:30.329   211  3162 E mm-still: virtual OMX_ERRORTYPE OMXImageEncoder::use_input_buffer(OMX_BUFFERHEADERTYPE**, OMX_U32, OMX_U8*, OMX_PTR, OMX_U32):906] BufferCountActual = 2, inBuffAllocCount = 2
05-11 20:29:30.329   211  3162 E mm-still: virtual OMX_ERRORTYPE OMXImageEncoder::omx_component_use_buffer(OMX_HANDLETYPE, OMX_BUFFERHEADERTYPE**, OMX_U32, OMX_PTR, OMX_U32, OMX_U8*) 1069: Inport populated = 1, Outport populated = 0
05-11 20:29:30.329   211  3162 E mm-still: virtual OMX_ERRORTYPE OMXImageEncoder::omx_component_use_buffer(OMX_HANDLETYPE, OMX_BUFFERHEADERTYPE**, OMX_U32, OMX_PTR, OMX_U32, OMX_U8*):1075] All Data Allocated = 0
05-11 20:29:30.329   211  3162 E mm-jpeg-intf: mm_jpeg_session_send_buffers:108] Source buffer 0
05-11 20:29:30.329   211  3162 E mm-still: virtual OMX_ERRORTYPE OMXImageEncoder::use_input_buffer(OMX_BUFFERHEADERTYPE**, OMX_U32, OMX_U8*, OMX_PTR, OMX_U32): Port Index = 2
05-11 20:29:30.329   211  3162 E mm-still: virtual OMX_ERRORTYPE OMXImageEncoder::use_input_buffer(OMX_BUFFERHEADERTYPE**, OMX_U32, OMX_U8*, OMX_PTR, OMX_U32):893] buffer fd 48 offset 0
05-11 20:29:30.329   211  3162 E mm-still: virtual OMX_ERRORTYPE OMXImageEncoder::use_input_buffer(OMX_BUFFERHEADERTYPE**, OMX_U32, OMX_U8*, OMX_PTR, OMX_U32):906] BufferCountActual = 3, inBuffAllocCount = 1
05-11 20:29:30.329   211  3162 E mm-still: virtual OMX_ERRORTYPE OMXImageEncoder::omx_component_use_buffer(OMX_HANDLETYPE, OMX_BUFFERHEADERTYPE**, OMX_U32, OMX_PTR, OMX_U32, OMX_U8*) 1069: Inport populated = 1, Outport populated = 0
05-11 20:29:30.329   211  3162 E mm-still: virtual OMX_ERRORTYPE OMXImageEncoder::omx_component_use_buffer(OMX_HANDLETYPE, OMX_BUFFERHEADERTYPE**, OMX_U32, OMX_PTR, OMX_U32, OMX_U8*):1075] All Data Allocated = 0
05-11 20:29:30.329   211  3162 E mm-jpeg-intf: mm_jpeg_session_send_buffers:108] Source buffer 1
05-11 20:29:30.329   211  3162 E mm-still: virtual OMX_ERRORTYPE OMXImageEncoder::use_input_buffer(OMX_BUFFERHEADERTYPE**, OMX_U32, OMX_U8*, OMX_PTR, OMX_U32): Port Index = 2
05-11 20:29:30.329   211  3162 E mm-still: virtual OMX_ERRORTYPE OMXImageEncoder::use_input_buffer(OMX_BUFFERHEADERTYPE**, OMX_U32, OMX_U8*, OMX_PTR, OMX_U32):893] buffer fd 53 offset 0
05-11 20:29:30.329   211  3162 E mm-still: virtual OMX_ERRORTYPE OMXImageEncoder::use_input_buffer(OMX_BUFFERHEADERTYPE**, OMX_U32, OMX_U8*, OMX_PTR, OMX_U32):906] BufferCountActual = 3, inBuffAllocCount = 2
05-11 20:29:30.329   211  3162 E mm-still: virtual OMX_ERRORTYPE OMXImageEncoder::omx_component_use_buffer(OMX_HANDLETYPE, OMX_BUFFERHEADERTYPE**, OMX_U32, OMX_PTR, OMX_U32, OMX_U8*) 1069: Inport populated = 1, Outport populated = 0
05-11 20:29:30.329   211  3162 E mm-still: virtual OMX_ERRORTYPE OMXImageEncoder::omx_component_use_buffer(OMX_HANDLETYPE, OMX_BUFFERHEADERTYPE**, OMX_U32, OMX_PTR, OMX_U32, OMX_U8*):1075] All Data Allocated = 0
05-11 20:29:30.329   211  3162 E mm-jpeg-intf: mm_jpeg_session_send_buffers:108] Source buffer 2
05-11 20:29:30.329   211  3162 E mm-still: virtual OMX_ERRORTYPE OMXImageEncoder::use_input_buffer(OMX_BUFFERHEADERTYPE**, OMX_U32, OMX_U8*, OMX_PTR, OMX_U32): Port Index = 2
05-11 20:29:30.329   211  3162 E mm-still: virtual OMX_ERRORTYPE OMXImageEncoder::use_input_buffer(OMX_BUFFERHEADERTYPE**, OMX_U32, OMX_U8*, OMX_PTR, OMX_U32):893] buffer fd 70 offset 0
05-11 20:29:30.329   211  3162 E mm-still: virtual OMX_ERRORTYPE OMXImageEncoder::use_input_buffer(OMX_BUFFERHEADERTYPE**, OMX_U32, OMX_U8*, OMX_PTR, OMX_U32):906] BufferCountActual = 3, inBuffAllocCount = 3
05-11 20:29:30.329   211  3162 E mm-still: virtual OMX_ERRORTYPE OMXImageEncoder::omx_component_use_buffer(OMX_HANDLETYPE, OMX_BUFFERHEADERTYPE**, OMX_U32, OMX_PTR, OMX_U32, OMX_U8*) 1069: Inport populated = 1, Outport populated = 0
05-11 20:29:30.329   211  3162 E mm-still: virtual OMX_ERRORTYPE OMXImageEncoder::omx_component_use_buffer(OMX_HANDLETYPE, OMX_BUFFERHEADERTYPE**, OMX_U32, OMX_PTR, OMX_U32, OMX_U8*):1075] All Data Allocated = 0
05-11 20:29:30.329   211  3162 E mm-jpeg-intf: mm_jpeg_session_send_buffers:121] Dest buffer 0
05-11 20:29:30.329   211  3162 E mm-still: virtual OMX_ERRORTYPE OMXImageEncoder::use_output_buffer(OMX_BUFFERHEADERTYPE**, OMX_U32, OMX_U8*, OMX_PTR, OMX_U32): Port Index = 1
05-11 20:29:30.329   211  3162 E mm-still: virtual OMX_ERRORTYPE OMXImageEncoder::use_output_buffer(OMX_BUFFERHEADERTYPE**, OMX_U32, OMX_U8*, OMX_PTR, OMX_U32) 968: BufferCountActual = 2, outBuffAllocCount = 1
05-11 20:29:30.329   211  3162 E mm-still: virtual OMX_ERRORTYPE OMXImageEncoder::omx_component_use_buffer(OMX_HANDLETYPE, OMX_BUFFERHEADERTYPE**, OMX_U32, OMX_PTR, OMX_U32, OMX_U8*) 1069: Inport populated = 1, Outport populated = 0
05-11 20:29:30.329   211  3162 E mm-still: virtual OMX_ERRORTYPE OMXImageEncoder::omx_component_use_buffer(OMX_HANDLETYPE, OMX_BUFFERHEADERTYPE**, OMX_U32, OMX_PTR, OMX_U32, OMX_U8*):1075] All Data Allocated = 0
05-11 20:29:30.329   211  3162 E mm-jpeg-intf: mm_jpeg_session_send_buffers:121] Dest buffer 1
05-11 20:29:30.329   211  3162 E mm-still: virtual OMX_ERRORTYPE OMXImageEncoder::use_output_buffer(OMX_BUFFERHEADERTYPE**, OMX_U32, OMX_U8*, OMX_PTR, OMX_U32): Port Index = 1
05-11 20:29:30.329   211  3162 E mm-still: virtual OMX_ERRORTYPE OMXImageEncoder::use_output_buffer(OMX_BUFFERHEADERTYPE**, OMX_U32, OMX_U8*, OMX_PTR, OMX_U32) 968: BufferCountActual = 2, outBuffAllocCount = 2
05-11 20:29:30.329   211  3162 E mm-still: virtual OMX_ERRORTYPE OMXImageEncoder::omx_component_use_buffer(OMX_HANDLETYPE, OMX_BUFFERHEADERTYPE**, OMX_U32, OMX_PTR, OMX_U32, OMX_U8*) 1069: Inport populated = 1, Outport populated = 1
05-11 20:29:30.329   211  3162 E mm-still: virtual OMX_ERRORTYPE OMXImageEncoder::omx_component_use_buffer(OMX_HANDLETYPE, OMX_BUFFERHEADERTYPE**, OMX_U32, OMX_PTR, OMX_U32, OMX_U8*):1075] All Data Allocated = 1
05-11 20:29:30.329   211  3162 E mm-still: virtual OMX_ERRORTYPE OMXJpegEncoder::preloadCodecLibs():902] E
05-11 20:29:30.329   211  3162 E mm-still: virtual OMX_ERRORTYPE OMXJpegEncoder::configureEncodedata():49] size 1920x1080 pad 1920x1088 subsampling 0 format 0
05-11 20:29:30.329   211  3162 E mm-still: virtual OMX_ERRORTYPE OMXJpegEncoder::configureEncodedata():56] ImageSize 3110400 2073600
05-11 20:29:30.329   211  3162 E mm-still: virtual OMX_ERRORTYPE OMXJpegEncoder::configureEncodedata():85] Scaling not enabled width: 1920 height:1080
05-11 20:29:30.329   211  3162 E mm-still: virtual OMX_ERRORTYPE OMXJpegEncoder::configureEncodedata():106] 
05-11 20:29:30.329   211  3162 E mm-still: int QImageHW10Encoder::Load():1409] JpegE library loaded successfully
05-11 20:29:30.329   211  3243 E mm-still: virtual OMX_ERRORTYPE QOMXImageCodec::handleMessage():451] before wait
05-11 20:29:30.339   211  3162 E jpeg_hw : open /dev/jpeg0: fd = 72
05-11 20:29:30.339   211  3162 E jpeg_hw : jpege_lib_init:390] handler 0x0 0x0 0x0
05-11 20:29:30.339   211  3162 E jpeg_hw : jpege_lib_init:430] Successful
05-11 20:29:30.339   211  3162 E mm-still: virtual OMX_ERRORTYPE OMXJpegEncoder::preloadCodecLibs():918] X
05-11 20:29:30.339   211  3162 E mm-still: virtual OMX_ERRORTYPE QOMXImageCodec::postMessage(QIBase*):427] Message addr = 0xb8a66e18
05-11 20:29:30.339   211  3243 E mm-still: virtual OMX_ERRORTYPE QOMXImageCodec::handleMessage():455] after cond wait
05-11 20:29:30.339   211  3243 E mm-still: virtual OMX_ERRORTYPE QOMXImageCodec::handleMessage():458] after wait
05-11 20:29:30.339   211  3243 E mm-still: virtual OMX_ERRORTYPE QOMXImageCodec::handleMessage():469] Message addr = 0xb8a66e18
05-11 20:29:30.339   211  3243 E mm-still: virtual OMX_ERRORTYPE OMXImageEncoder::processMessage(QIMessage*):1252] E
05-11 20:29:30.339   211  3243 E mm-still: virtual OMX_ERRORTYPE OMXImageEncoder::processMessage(QIMessage*):1349] OMX_MESSAGE_CHANGE_STATE_DONE
05-11 20:29:30.339   211  3243 E mm-jpeg-intf: mm_jpeg_event_handler:2603] 0 0 2 state 0
05-11 20:29:30.339   211  3162 E mm-jpeg-intf: mm_jpeg_session_send_buffers:130]
05-11 20:29:30.339   211  3162 E mm-jpeg-intf: mm_jpeg_session_change_state:249] 
05-11 20:29:30.339   211  3162 E mm-jpeg-intf: mm_jpeg_session_change_state:251] before wait
05-11 20:29:30.339   211  3243 E mm-jpeg-intf: mm_jpeg_event_handler:2643]
05-11 20:29:30.339   211  3243 E mm-still: virtual OMX_ERRORTYPE QOMXImageCodec::handleMessage():451] before wait
05-11 20:29:30.339   211  3162 E mm-jpeg-intf: mm_jpeg_session_change_state:253] after wait
05-11 20:29:30.339   211  3162 E mm-jpeg-intf: mm_jpeg_session_change_state:256] 
05-11 20:29:30.339   211  3162 E mm-jpeg-intf: mm_jpeg_session_change_state:209] new_state 3 p_exec 0x0
05-11 20:29:30.339   211  3162 E mm-still: virtual OMX_ERRORTYPE QOMXImageCodec::postMessage(QIBase*):427] Message addr = 0xb8a670a8
05-11 20:29:30.339   211  3243 E mm-still: virtual OMX_ERRORTYPE QOMXImageCodec::handleMessage():455] after cond wait
05-11 20:29:30.339   211  3243 E mm-still: virtual OMX_ERRORTYPE QOMXImageCodec::handleMessage():458] after wait
05-11 20:29:30.339   211  3243 E mm-still: virtual OMX_ERRORTYPE QOMXImageCodec::handleMessage():469] Message addr = 0xb8a670a8
05-11 20:29:30.339   211  3243 E mm-still: virtual OMX_ERRORTYPE OMXImageEncoder::processMessage(QIMessage*):1252] E
05-11 20:29:30.339   211  3243 E mm-still: virtual OMX_ERRORTYPE OMXImageEncoder::processMessage(QIMessage*):1266] OMX_MESSAGE_CHANGE_STATE
05-11 20:29:30.339   211  3243 E mm-still: virtual void QOMXImageCodec::changeState(OMX_STATETYPE):186] From Current State: 2 To New state: 3
05-11 20:29:30.339   211  3243 E mm-still: virtual void QOMXImageCodec::changeState(OMX_STATETYPE):339] State change from OMX_StateIdle to OMX_StateExecuting
05-11 20:29:30.339   211  3243 E mm-jpeg-intf: mm_jpeg_event_handler:2603] 0 0 3 state 0
05-11 20:29:30.339   211  3162 E mm-jpeg-intf: mm_jpeg_session_change_state:234] 
05-11 20:29:30.339   211  3162 E mm-jpeg-intf: mm_jpeg_session_change_state:249] 
05-11 20:29:30.339   211  3162 E mm-jpeg-intf: mm_jpeg_session_change_state:251] before wait
05-11 20:29:30.339   211  3243 E mm-jpeg-intf: mm_jpeg_event_handler:2643]
05-11 20:29:30.339   211  3243 E mm-still: virtual OMX_ERRORTYPE QOMXImageCodec::handleMessage():451] before wait
05-11 20:29:30.339   211  3162 E mm-jpeg-intf: mm_jpeg_session_change_state:253] after wait
05-11 20:29:30.339   211  3162 E mm-jpeg-intf: mm_jpeg_session_change_state:256] 
05-11 20:29:30.339   211  3162 E mm-jpeg-intf: mm_jpeg_session_configure:1374] X ret 0
05-11 20:29:30.339   211  3162 E mm-jpeg-intf: mm_jpeg_create_session:2224] session id 1000000
05-11 20:29:30.429   211  3236 E QCamera2HWI: [KPI Perf] static void qcamera::QCamera2HardwareInterface::capture_channel_cb_routine(mm_camera_super_buf_t*, void*): E PROFILE_YUV_CB_TO_HAL
05-11 20:29:30.429   211  3236 D QCameraPostProc: int32_t qcamera::QCameraPostProcessor::processData(mm_camera_super_buf_t*): no need offline reprocess, sending to jpeg encoding
05-11 20:29:30.429   211  3181 D QCameraPostProc: int32_t qcamera::QCameraPostProcessor::encodeData(qcamera::qcamera_jpeg_data_t*, uint8_t&):1572] Crop needed 0
05-11 20:29:30.429   211  3181 E QCamera2HWI: qcamera::QCameraExif* qcamera::QCamera2HardwareInterface::getExifData(): getExifGpsDataTimeStamp failed
05-11 20:29:30.429   211  3181 D QCameraPostProc: int32_t qcamera::QCameraPostProcessor::encodeData(qcamera::qcamera_jpeg_data_t*, uint8_t&): jpeg rotation is set to 0
05-11 20:29:30.429   211  3181 D QCameraPostProc: int32_t qcamera::QCameraPostProcessor::encodeData(qcamera::qcamera_jpeg_data_t*, uint8_t&), thumbnail src w/h (2048x2048), dst w/h (512x288)
05-11 20:29:30.429   211  3181 E QCameraPostProc: [KPI Perf] int32_t qcamera::QCameraPostProcessor::encodeData(qcamera::qcamera_jpeg_data_t*, uint8_t&) : PROFILE_JPEG_JOB_START
05-11 20:29:30.429   211  3181 E mm-jpeg-intf: mm_jpeg_start_job:1934] session_idx 0 client idx 0
05-11 20:29:30.429   211  3181 E mm-jpeg-intf: mm_jpeg_start_job:1979] X
05-11 20:29:30.429   211  3180 E mm-jpeg-intf: mm_jpeg_get_session:55] client_idx 0 session_idx 0
05-11 20:29:30.429   211  3180 E mm-jpeg-intf: mm_jpeg_process_encoding_job:1506] before dequeue session 0
05-11 20:29:30.429   211  3180 E mm-jpeg-intf: mm_jpeg_session_config_common:1126] Set rotation to 0 at port_idx = 1
05-11 20:29:30.429   211  3180 E mm-still: virtual OMX_ERRORTYPE QOMXImageCodec::omx_component_get_extension_index(OMX_HANDLETYPE, OMX_STRING, OMX_INDEXTYPE*): 599] Extension Name: OMX.QCOM.image.exttype.exif
05-11 20:29:30.429   211  3180 E mm-jpeg-intf: mm_jpeg_session_config_common:1138] Num of exif entries passed from HAL: 5
05-11 20:29:30.429   211  3180 E mm-still: virtual OMX_ERRORTYPE OMXImageEncoder::omx_component_set_config(OMX_HANDLETYPE, OMX_INDEXTYPE, OMX_PTR): 743]: Num of exif entries = 5
05-11 20:29:30.429   261  3177 E mm-camera: cpp_module_handle_streamoff_event:1973] iden:0x10005, linked_params:0x0
05-11 20:29:30.429   261  3177 E mm-camera: cpp_hardware_process_streamoff:510] skip_iden:0x0, duplicate_stream_status:0x0
