05-11 20:29:30.429   261  3171 E mm-camera: isp_hw_action: last pix stop, pix_cnt = 2, cnt = 2
05-11 20:29:30.429   261  3214 E mm-camera: isp_thread_proc_cmd: start/stop, thread_data = 0xb74e5594, action_code = 2
05-11 20:29:30.439   261  3214 E mm-camera: isp_axi_util_subscribe_v4l2_event: event_type = 0x8000100, is_subscribe = 0
05-11 20:29:30.439   261  3214 E mm-camera: isp_axi_util_subscribe_v4l2_event: event_type = 0x8000101, is_subscribe = 0
05-11 20:29:30.439   261  3171 E mm-camera: isp_hw_action: hw_thread for ack
05-11 20:29:30.439   211  3180 E mm-jpeg-intf: process_3a_data:410] exp_time 0.050000, iso_value 308 exp idx: 310, lc: 3033, gain: 3.085938
05-11 20:29:30.439   211  3180 D mm-jpeg-intf: process_3a_data: numer 1 denom 20
05-11 20:29:30.439   211  3180 D mm-jpeg-intf: process_3a_data: numer 310 denom 1
05-11 20:29:30.439   211  3180 D mm-jpeg-intf: process_sensor_data:310] From metadata aperture = 2.200000 
05-11 20:29:30.439   211  3180 D mm-jpeg-intf: process_sensor_data 337: flashmode from ui: 0
05-11 20:29:30.439   211  3180 D mm-jpeg-intf: process_sensor_data 363: flash_tag: 0x10
05-11 20:29:30.439   211  3180 E mm-jpeg-intf: mm_jpeg_session_config_common:1158] exif tags from metadata count 9
05-11 20:29:30.439   211  3180 E mm-still: virtual OMX_ERRORTYPE OMXImageEncoder::omx_component_set_config(OMX_HANDLETYPE, OMX_INDEXTYPE, OMX_PTR): 743]: Num of exif entries = 9
05-11 20:29:30.439   211  3180 E mm-jpeg-intf: mm_jpeg_configure_job_params:1269] config main crop
05-11 20:29:30.439   211  3180 E mm-jpeg-intf: mm_jpeg_session_config_main_crop:1015] OMX_IndexConfigCommonInputCrop w = 0, h = 0, l = 0, t = 0, port_idx = 0
05-11 20:29:30.439   211  3180 E mm-jpeg-intf: mm_jpeg_session_config_main_crop:1026] OMX_IndexConfigCommonOutputCrop w = 0, h = 0, port_idx = 0
05-11 20:29:30.439   211  3180 E mm-jpeg-intf: mm_jpeg_configure_job_params:1281] config QFactor: 85
05-11 20:29:30.439   211  3180 E mm-jpeg-intf: mm_jpeg_session_config_thumbnail:859] encode_thumbnail 1
05-11 20:29:30.439   211  3180 E mm-still: virtual OMX_ERRORTYPE QOMXImageCodec::omx_component_get_extension_index(OMX_HANDLETYPE, OMX_STRING, OMX_INDEXTYPE*): 599] Extension Name: OMX.QCOM.image.exttype.thumbnail
05-11 20:29:30.439   211  3180 E mm-still: virtual OMX_ERRORTYPE QOMXImageCodec::omx_component_get_extension_index(OMX_HANDLETYPE, OMX_STRING, OMX_INDEXTYPE*): 599] Extension Name: OMX.QCOM.image.exttype.workbuffer
05-11 20:29:30.439   211  3180 E mm-jpeg-intf: mm_jpeg_configure_job_params:1308] Work buffer 33 0xb3bd1000 WorkBufSize: 9345024
05-11 20:29:30.439   211  3180 E mm-still: virtual OMX_ERRORTYPE QOMXImageCodec::omx_component_get_extension_index(OMX_HANDLETYPE, OMX_STRING, OMX_INDEXTYPE*): 599] Extension Name: OMX.QCOM.image.exttype.metadata
05-11 20:29:30.439   211  3180 E mm-jpeg-intf: mm_jpeg_configure_job_params: config makernote data failed
05-11 20:29:30.439   211  3180 E mm-still: virtual OMX_ERRORTYPE OMXImageEncoder::omx_component_empty_this_buffer(OMX_HANDLETYPE, OMX_BUFFERHEADERTYPE*) 1538: ETB Queue count = 1, Expected number of buffers = 2 
05-11 20:29:30.439   211  3180 E mm-still: virtual OMX_ERRORTYPE OMXImageEncoder::omx_component_empty_this_buffer(OMX_HANDLETYPE, OMX_BUFFERHEADERTYPE*):1545] state 3 etb_flag 0 ftb_flag 0
05-11 20:29:30.439   211  3180 E mm-still: virtual OMX_ERRORTYPE OMXImageEncoder::omx_component_empty_this_buffer(OMX_HANDLETYPE, OMX_BUFFERHEADERTYPE*) 1538: ETB Queue count = 1, Expected number of buffers = 3 
05-11 20:29:30.439   211  3180 E mm-still: virtual OMX_ERRORTYPE OMXImageEncoder::omx_component_empty_this_buffer(OMX_HANDLETYPE, OMX_BUFFERHEADERTYPE*):1545] state 3 etb_flag 1 ftb_flag 0
05-11 20:29:30.439   211  3180 E mm-still: virtual OMX_ERRORTYPE OMXImageEncoder::omx_component_fill_this_buffer(OMX_HANDLETYPE, OMX_BUFFERHEADERTYPE*) 1634: FTB Queue count = 1, Expected number of buffers = 2 
05-11 20:29:30.439   211  3180 E mm-still: virtual OMX_ERRORTYPE OMXImageEncoder::omx_component_fill_this_buffer(OMX_HANDLETYPE, OMX_BUFFERHEADERTYPE*):1641] state 3 etb_flag 1 ftb_flag 1
05-11 20:29:30.439   211  3180 E mm-still: virtual OMX_ERRORTYPE OMXImageEncoder::omx_component_fill_this_buffer(OMX_HANDLETYPE, OMX_BUFFERHEADERTYPE*) 1644: Going to Start Encoding. Etb and ftb flags are set
05-11 20:29:30.439   211  3180 E mm-still: virtual OMX_ERRORTYPE QOMXImageCodec::postMessage(QIBase*):427] Message addr = 0xb8a676c0
05-11 20:29:30.439   211  3243 E mm-still: virtual OMX_ERRORTYPE QOMXImageCodec::handleMessage():455] after cond wait
05-11 20:29:30.439   211  3243 E mm-still: virtual OMX_ERRORTYPE QOMXImageCodec::handleMessage():458] after wait
05-11 20:29:30.439   211  3243 E mm-still: virtual OMX_ERRORTYPE QOMXImageCodec::handleMessage():469] Message addr = 0xb8a676c0
05-11 20:29:30.439   211  3243 E mm-still: virtual OMX_ERRORTYPE OMXImageEncoder::processMessage(QIMessage*):1252] E
05-11 20:29:30.439   211  3243 E mm-still: virtual OMX_ERRORTYPE OMXImageEncoder::processMessage(QIMessage*):1357] OMX_MESSAGE_START_NEW_ENCODE
05-11 20:29:30.439   211  3243 E mm-still: virtual OMX_ERRORTYPE OMXJpegEncoder::configureEncodedata():49] size 1920x1080 pad 1920x1088 subsampling 0 format 0
05-11 20:29:30.439   211  3243 E mm-still: virtual OMX_ERRORTYPE OMXJpegEncoder::configureEncodedata():56] ImageSize 3110400 2073600
05-11 20:29:30.439   211  3243 E mm-still: virtual OMX_ERRORTYPE OMXJpegEncoder::configureEncodedata():85] Scaling not enabled width: 1920 height:1080
05-11 20:29:30.439   211  3243 E mm-still: virtual OMX_ERRORTYPE OMXJpegEncoder::configureEncodedata():106] 
05-11 20:29:30.439   211  3243 E mm-still: virtual OMX_ERRORTYPE OMXJpegEncoder::configureBuffers(OMX_BUFFERHEADERTYPE*, OMX_BUFFERHEADERTYPE*): 140: O/p buffer address is 0xb8a66c80, size: 3133440
05-11 20:29:30.439   261  3214 E mm-camera: isp_thread_proc_cmd: start/stop ack done, thread_data = 0xb74e5594, action_code = 3, rc = 0
05-11 20:29:30.439   211  3243 E mm-still: virtual OMX_ERRORTYPE OMXJpegEncoder::configureBuffers(OMX_BUFFERHEADERTYPE*, OMX_BUFFERHEADERTYPE*):155] MAIN buf=0xa6eb0000, fd=196, offset=0 filled=761625193
05-11 20:29:30.439   211  3243 E mm-still: OMX_ERRORTYPE OMXJpegEncoder::configureTmbBuffer(OMX_BUFFERHEADERTYPE*):190] TMB buf=0xb04a4000, fd=70, offset=0, filled=3068901720
05-11 20:29:30.439   211  3243 E mm-still: OMX_ERRORTYPE OMXJpegEncoder::configureThumbnailData():720] size 2048x2048 pad 2048x2048 subsampling 0
05-11 20:29:30.439   211  3243 E mm-still: OMX_ERRORTYPE OMXJpegEncoder::configureThumbnailData():749] Thumbnail Scaling enabled o/p width: 512 o/p height:288
05-11 20:29:30.439   261  3177 E mm-camera: stream id 5, stream num_meta 0
05-11 20:29:30.439   211  3243 E mm-still: virtual int QImageHW10Encoder::SetOutputMode(QImageEncoderInterface::QIOutputMode):307] state 0
05-11 20:29:30.439   211  3243 E mm-still: virtual int QImageHW10Encoder::setEncodeParams(QIEncodeParams&):277] state 0
05-11 20:29:30.439   211  3243 E mm-still: virtual int QImageHW10Encoder::addInputImage(QImage&):185] state 0
05-11 20:29:30.439   211  3243 E mm-still: virtual int QImageHW10Encoder::addOutputImage(QImage&):248] state 0
05-11 20:29:30.439   211  3243 E mm-still: virtual int QImageHW10Encoder::addObserver(QImageEncoderObserver&):214] state 0 0xb8a61e44
05-11 20:29:30.439   211  3243 E mm-still: virtual OMX_ERRORTYPE OMXJpegEncoder::startEncode():380] startEncode()
05-11 20:29:30.439   211  3243 E mm-still: virtual int QImageHW10Encoder::Start():1057] E state 0
05-11 20:29:30.439   211  3243 E mm-still: int QImageHW10Encoder::populatePlaneAddr():628] plane address 0xa6eb0000 0xa70ae000 0x0
05-11 20:29:30.439   211  3243 E mm-still: int QImageHW10Encoder::SetHWConfig() 962: Scale enabled = 0, crop enabled = 0, crop width = 1920,crop height = 1080, output width = 1920 output height = 1080
05-11 20:29:30.439   211  3243 E mm-still: int QImageHW10Encoder::SetHWConfig() 966: WorkBufSize = 9345024
05-11 20:29:30.439   211  3243 E mm-still: int QImageHW10Encoder::ConfigureInputParams() 829: Width = 1920, Height = 1080, cbcr order = 1, format = 3,num_of_input_plns = 2
05-11 20:29:30.439   211  3180 E mm-jpeg-intf: mm_jpeg_session_encode:1471] X 
05-11 20:29:30.439   211  3243 E mm-still: int QImageHW10Encoder::SetHWConfig():978] Width = 1920, Height = 1080, cbcr order = 1, format = 3,num_of_input_plns = 2 Stride = 1920 Scanline = 1088
05-11 20:29:30.439   211  3180 E mm-jpeg-intf: mm_jpeg_process_encoding_job:1556] Success X 
05-11 20:29:30.439   211  3243 E mm-still: int QImageHW10Encoder::SetHWConfig() 990: mScaleCfg = 0xb8a6f6c8
05-11 20:29:30.439   211  3243 E jpeg_hw : ioctl MSM_JPEG_IOCTL_RESET: rc = 0
05-11 20:29:30.439   211  3243 E jpeg_hw : jpege_lib_hw_config:568] result 0
05-11 20:29:30.439   211  3243 E jpeg_hw : jpege_lib_hw_config:573] Version 10010001
05-11 20:29:30.439   211  3243 E jpeg_hw : jpege_cmd_core_cfg: core cfg value = 10a005b
05-11 20:29:30.439   211  3243 E jpeg_hw : ioctl jpege_cmd_core_cfg: rc = 0
05-11 20:29:30.439   211  3243 E jpeg_hw : Input cbcr order = 1
05-11 20:29:30.439   211  3243 E jpeg_hw : FE_CFG: Num of input planes = 2, Memory format = 1
05-11 20:29:30.439   211  3243 E jpeg_hw : FE_CFG = a03b170
05-11 20:29:30.439   211  3243 E jpeg_hw : ioctl jpege_lib_hw_fe_cfg: rc = 0
05-11 20:29:30.439   211  3243 E jpeg_hw : jpege_lib_hw_fe_buffer_cfg:299] w 1920 h 1080 stride 1920 scanline 1088
05-11 20:29:30.439   211  3243 E jpeg_hw : jpege_lib_hw_fe_buffer_cfg: numofplanes = 2, chroma height = 540, chroma width = 1920
05-11 20:29:30.439   211  3243 E jpeg_hw : ioctl jpege_lib_hw_fe_buffer_cfg: rc = 0
05-11 20:29:30.439   211  3243 E jpeg_hw : ioctl jpege_lib_hw_we_cfg: rc = 0
05-11 20:29:30.439   211  3243 E jpeg_hw : we_buffer_cfg PLN0_WR_BUFFER_SIZE = 67117990
05-11 20:29:30.439   211  3243 E jpeg_hw : we_buffer_cfg PLN0_WR_STRIDE = 9126
05-11 20:29:30.439   211  3243 E jpeg_hw : we_buffer_cfg PLN0_WR_HSTEP = 9126
05-11 20:29:30.439   211  3243 E jpeg_hw : we_buffer_cfg PLN0_WR_VSTEP = 1024
05-11 20:29:30.439   211  3243 E jpeg_hw : ioctl jpege_lib_hw_we_buffer_cfg: rc = 0
05-11 20:29:30.439   211  3243 E jpeg_hw : InputFormat =3, Encode cfg = 83
05-11 20:29:30.439   211  3243 E jpeg_hw : width = 1920, padded_height = 1088
05-11 20:29:30.439   211  3243 E jpeg_hw : encoded_height = 67 , 43, encoded_width = 119, 77
05-11 20:29:30.439   211  3243 E jpeg_hw : nRegVal = 430077
05-11 20:29:30.439   211  3243 E jpeg_hw : ioctl jpege_lib_hw_encode_cfg: rc = 0
05-11 20:29:30.439   211  3243 E jpeg_hw : ioctl jpege_lib_hw_default_scale_cfg: rc = 0
05-11 20:29:30.439   211  3243 E jpeg_hw : ioctl jpeg_lib_hw_encode_state: rc = 0
05-11 20:29:30.439   211  3243 E jpeg_hw : ioctl jpege_lib_hw_read_quant_tables: rc = 0
05-11 20:29:30.439   211  3243 E jpeg_hw : jpege_lib_hw_config:720] success
05-11 20:29:30.439   211  3243 E mm-still: int QImageHW10Encoder::ConfigureOutputBuffer():533] Received output image fd 33 addr 0xb3bd1000 WorkBufSize 9345024 
05-11 20:29:30.439   211  3243 E jpeg_hw : jpege_lib_output_buf_enq:795] output_buf: 0x0xb3bd1000 enqueue 9345024, fd 33, result 0
05-11 20:29:30.439   211  3243 E mm-still: int QImageHW10Encoder::ConfigureInputBuffer() 657: Num of planes = 2
05-11 20:29:30.439   211  3243 E mm-still: int QImageHW10Encoder::ConfigureInputBuffer() 707: Y-len = 2088960, y-offset =0, cbcr_len = 1036800, cbcr_off = 0,cr_len = 0, cr_off = 0
05-11 20:29:30.439   211  3243 E jpeg_hw : jpege_lib_input_buf_enq:756] input_buf: 0x0xa6eb0000 enqueue 2088960, offset 0,fd 196 
05-11 20:29:30.439   211  3243 E jpeg_hw : jpege_lib_input_buf_enq:761] y_off=0x0 cbcr_off=0x0 num_of_mcu_rows=0,cr_len=0, cb_len =1036800
05-11 20:29:30.439   211  3243 E mm-still: int QIThread::StartThread(QThreadObject*, bool): before wait
05-11 20:29:30.439   211  3243 E mm-still: int QIThread::StartThread(QThreadObject*, bool): after wait
05-11 20:29:30.439   211  3244 E jpeg_hw : ioctl /dev/jpeg0: rc = 0
05-11 20:29:30.439   211  3243 E mm-still: bool QImageSWEncoder::IsAvailable(QIEncodeParams&):174] scale enabled 1
05-11 20:29:30.439   211  3243 E mm-still: bool QImageSWEncoder::IsAvailable(QIEncodeParams&):217] input 2048x2048 crop (0, 0) output 512x288
05-11 20:29:30.439   211  3243 E mm-still: OMX_ERRORTYPE OMXJpegEncoder::startThumbnailEncode():827] lThumbSize 221184
05-11 20:29:30.439   211  3243 E mm-still: virtual int QImageSWEncoder::SetOutputMode(QImageEncoderInterface::QIOutputMode):356] state 0
05-11 20:29:30.439   211  3243 E mm-still: virtual int QImageSWEncoder::setEncodeParams(QIEncodeParams&):554] state 0
05-11 20:29:30.439   211  3243 E mm-still: virtual int QImageSWEncoder::addInputImage(QImage&):682] state 0
05-11 20:29:30.439   211  3243 E mm-still: void QImageSWEncoder::ConfigureDimensions():639] dim pad 2048x2048 orig 2048x2048
05-11 20:29:30.439   211  3243 E mm-still: void QImageSWEncoder::ConfigureDimensions():660] input 2048x2048 crop (0, 0) output 512x288
05-11 20:29:30.439   211  3243 E mm-still: virtual int QImageSWEncoder::addInputImage(QImage&):726] Y addr 0xb04a4000 len 4194304 fd 70
05-11 20:29:30.439   211  3243 E mm-still: virtual int QImageSWEncoder::addInputImage(QImage&):744] CbCr addr 0xb08a4000 len 2097152 fd 70
05-11 20:29:30.439   211  3243 E mm-still: virtual int QImageSWEncoder::addOutputImage(QImage&):775] state 0
05-11 20:29:30.439   211  3243 E mm-still: virtual int QImageSWEncoder::addObserver(QImageEncoderObserver&):804] state 0 0xb8a61e44
05-11 20:29:30.439   211  3243 E mm-still: OMX_ERRORTYPE OMXJpegEncoder::startThumbnailEncode():880] startThumbnailEncode()
05-11 20:29:30.439   211  3243 E mm-still: virtual int QImageSWEncoder::Start():393] E state 0
05-11 20:29:30.439   211  3243 E mm-still: jpege_engine_sw_configure luma_start_offset 0 chroma_start_offset 0
05-11 20:29:30.439   211  3243 E mm-still: int QIThread::StartThread(QThreadObject*, bool): before wait
05-11 20:29:30.439   211  3245 E mm-still: void QImageSWEncoder::Encode():1977] 
05-11 20:29:30.439   211  3243 E mm-still: int QIThread::StartThread(QThreadObject*, bool): after wait
05-11 20:29:30.439   211  3243 E mm-still: virtual int QImageSWEncoder::Start():452] X
05-11 20:29:30.439   211  3243 E mm-still: OMX_ERRORTYPE OMXJpegEncoder::startThumbnailEncode():889] Started Thumbnail encoding
05-11 20:29:30.439   211  3243 E mm-still: virtual OMX_ERRORTYPE QOMXImageCodec::handleMessage():451] before wait
05-11 20:29:30.449   211  3244 E jpeg_hw : jpege_lib_get_event:137] MSM_JPEG_IOCTL_EVT_GET rc = 0
05-11 20:29:30.449   211  3244 E mm-still: int QImageHW10Encoder::EventHandler(int):467] type 1
05-11 20:29:30.449   211  3244 E mm-still: int QImageHW10Encoder::EventHandler(int) 471: JPEG_EVT_SESSION_DONE
05-11 20:29:30.449   211  3244 E jpeg_hw : jpege_lib_get_input:158] MSM_JPEG_IOCTL_INPUT_GET rc = 0
05-11 20:29:30.449   211  3244 E mm-still: int QImageHW10Encoder::InputHandler(jpege_hw_buf*):415] type 0
05-11 20:29:30.449   211  3244 E jpeg_hw : jpege_lib_get_output:185] MSM_JPEG_IOCTL_OUTPUT_GET rc = 0
05-11 20:29:30.449   211  3244 E mm-still: int QImageHW10Encoder::OutputHandler(jpege_hw_buf*):347] type 1
05-11 20:29:30.449   211  3244 E mm-still: int QImageHW10Encoder::OutputHandler(jpege_hw_buf*) 352:Frame done length 158154
05-11 20:29:30.449   211  3244 E mm-still: virtual int OMXJpegEncoder::EncodeComplete(QImage*):524] 
05-11 20:29:30.449   211  3244 E mm-still: virtual int OMXJpegEncoder::EncodeComplete(QImage*):582] MainImage Encoding complete. Filled Length = 158154 m_thumbEncodingComplete 0
05-11 20:29:30.479   261  3177 E mm-camera: ispif_streamoff: session_id = 1, active_streams = 0
05-11 20:29:30.479   261  3177 E mm-camera: cpp_module_handle_streamoff_event:1973] iden:0x10004, linked_params:0x0
05-11 20:29:30.479   261  3177 E mm-camera: cpp_hardware_process_streamoff:510] skip_iden:0x0, duplicate_stream_status:0x0
05-11 20:29:30.479   261  3177 E mm-camera-sensor: module_sensor_module_process_event: Sending stop bus message
05-11 20:29:30.479   261  3177 E mm-camera: stop_sof_check_thread: Stopping SOF timeout thread
05-11 20:29:30.509   211  3245 E mm-still: void QImageSWEncoder::Encode():2085] 
05-11 20:29:30.509   211  3245 E mm-still: void QImageSWEncoder::Encode():2126] size 15521
05-11 20:29:30.509   211  3245 E mm-still: virtual int OMXJpegEncoder::EncodeComplete(QImage*):524] 
05-11 20:29:30.509   211  3245 E mm-still: virtual int OMXJpegEncoder::EncodeComplete(QImage*):532] Thumbnail Encoding complete.
05-11 20:29:30.519   211  3245 E mm-still: virtual OMX_ERRORTYPE QOMXImageCodec::postMessage(QIBase*):427] Message addr = 0xb8a66c40
05-11 20:29:30.519   211  3245 E mm-still: virtual int OMXJpegEncoder::EncodeComplete(QImage*):568] parallel encoding m_mainEncodingComplete 1
05-11 20:29:30.519   211  3245 D QCameraPostProc: static int qcamera::QCameraPostProcessor::getJpegMemory(omx_jpeg_ouput_buf_t*): Allocating jpeg out buffer of size: 354762
05-11 20:29:30.519   211  3243 E mm-still: virtual OMX_ERRORTYPE QOMXImageCodec::handleMessage():455] after cond wait
05-11 20:29:30.519   211  3243 E mm-still: virtual OMX_ERRORTYPE QOMXImageCodec::handleMessage():458] after wait
05-11 20:29:30.519   211  3243 E mm-still: virtual OMX_ERRORTYPE QOMXImageCodec::handleMessage():469] Message addr = 0xb8a66c40
05-11 20:29:30.519   211  3243 E mm-still: virtual OMX_ERRORTYPE OMXImageEncoder::processMessage(QIMessage*):1252] E
05-11 20:29:30.519   211  3243 E mm-still: virtual OMX_ERRORTYPE OMXImageEncoder::processMessage(QIMessage*):1311] OMX_MESSAGE_ETB_DONE
05-11 20:29:30.519   211  3243 E mm-still: virtual void QOMXImageCodec::emptyBufferDone(OMX_BUFFERHEADERTYPE*) 684]
05-11 20:29:30.519   211  3243 E mm-jpeg-intf: mm_jpeg_ebd:2541] count 0 
05-11 20:29:30.519   211  3243 E mm-still: virtual OMX_ERRORTYPE QOMXImageCodec::handleMessage():451] before wait
05-11 20:29:30.519   211  3245 E mm-still: virtual void OMXJpegEncoder::WriteComplete(QIBuffer&):684] 
05-11 20:29:30.519   211  3245 E mm-still: int OMXJpegEncoder::CompleteMainImage():472] Encoded image length 175469
05-11 20:29:30.519   211  3245 E mm-still: virtual OMX_ERRORTYPE QOMXImageCodec::postMessage(QIBase*):427] Message addr = 0xb8a56110
05-11 20:29:30.519   211  3245 E mm-still: virtual OMX_ERRORTYPE QOMXImageCodec::postMessage(QIBase*):427] Message addr = 0xb8a56128
05-11 20:29:30.519   211  3245 E mm-still: virtual OMX_ERRORTYPE QOMXImageCodec::postMessage(QIBase*):427] Message addr = 0xb8a400b8
05-11 20:29:30.519   211  3243 E mm-still: virtual OMX_ERRORTYPE QOMXImageCodec::handleMessage():455] after cond wait
05-11 20:29:30.519   211  3243 E mm-still: virtual OMX_ERRORTYPE QOMXImageCodec::handleMessage():458] after wait
05-11 20:29:30.519   211  3243 E mm-still: virtual OMX_ERRORTYPE QOMXImageCodec::handleMessage():469] Message addr = 0xb8a56110
05-11 20:29:30.519   211  3243 E mm-still: virtual OMX_ERRORTYPE OMXImageEncoder::processMessage(QIMessage*):1252] E
05-11 20:29:30.519   211  3243 E mm-still: virtual OMX_ERRORTYPE OMXImageEncoder::processMessage(QIMessage*):1311] OMX_MESSAGE_ETB_DONE
05-11 20:29:30.519   211  3243 E mm-still: virtual void QOMXImageCodec::emptyBufferDone(OMX_BUFFERHEADERTYPE*) 684]
05-11 20:29:30.519   211  3243 E mm-jpeg-intf: mm_jpeg_ebd:2541] count 1 
05-11 20:29:30.519   211  3243 E mm-still: virtual OMX_ERRORTYPE QOMXImageCodec::handleMessage():451] before wait
05-11 20:29:30.519   211  3243 E mm-still: virtual OMX_ERRORTYPE QOMXImageCodec::handleMessage():458] after wait
05-11 20:29:30.519   211  3243 E mm-still: virtual OMX_ERRORTYPE QOMXImageCodec::handleMessage():469] Message addr = 0xb8a56128
05-11 20:29:30.519   211  3243 E mm-still: virtual OMX_ERRORTYPE OMXImageEncoder::processMessage(QIMessage*):1252] E
05-11 20:29:30.519   211  3243 E mm-still: virtual OMX_ERRORTYPE OMXImageEncoder::processMessage(QIMessage*):1323] OMX_MESSAGE_FTB_DONE
05-11 20:29:30.519   211  3243 E mm-still: virtual OMX_ERRORTYPE OMXJpegEncoder::releaseCurrentSession():1188] E
05-11 20:29:30.519   211  3243 E mm-still: virtual int QImageHW10Encoder::Stop():1110] mState 0
05-11 20:29:30.519   211  3243 E mm-still: void QIThread::JoinThread():76] thread id b8a33938 b8a61e50
05-11 20:29:30.519   211  3243 E mm-still: virtual QImageSWEncoder::~QImageSWEncoder():298] state 0
05-11 20:29:30.519   211  3243 E mm-still: virtual int QImageSWEncoder::Stop():838] mState 0
05-11 20:29:30.519   211  3243 E mm-still: void QIThread::JoinThread():76] thread id b8a396e8 b8a61e50
05-11 20:29:30.519   211  3243 E mm-still: virtual QImageSWEncoder::~QImageSWEncoder():335] X
05-11 20:29:30.519   211  3243 E mm-still: virtual OMX_ERRORTYPE OMXJpegEncoder::releaseCurrentSession():1255] X
05-11 20:29:30.519   211  3243 E mm-still: virtual void QOMXImageCodec::fillBufferDone(OMX_BUFFERHEADERTYPE*) 702]
05-11 20:29:30.519   211  3243 E mm-jpeg-intf: mm_jpeg_fbd:2557] count 0 
05-11 20:29:30.519   211  3243 E mm-jpeg-intf: [KPI Perf] : PROFILE_JPEG_FBD
05-11 20:29:30.519   211  3243 E mm-jpeg-intf: mm_jpeg_fbd:2575] send jpeg callback 0 buf 0x0xb8a66c80 len 175469 JobID 16777216
05-11 20:29:30.519   211  3161 E mm-camera-intf: mm_stream_fsm_cfg: invalid state (3) for evt (9), in(0xb8a394d8), out(0x0)
05-11 20:29:30.519   211  3161 E mm-camera-intf: mm_stream_fsm_cfg: invalid state (3) for evt (9), in(0xb8a6ea9c), out(0x0)
05-11 20:29:30.519   211  3161 D QCameraPostProc: static void qcamera::QCameraPostProcessor::releaseJpegData(void*, void*) : Rleased job ID 16777216
05-11 20:29:30.519   211  3161 D QCameraPostProc: [KPI Perf] int32_t qcamera::QCameraPostProcessor::processJpegEvt(qcamera::qcamera_jpeg_evt_payload_t*) : jpeg job 16777216
05-11 20:29:30.519   211  3161 D QCameraPostProc: int32_t qcamera::QCameraPostProcessor::processJpegEvt(qcamera::qcamera_jpeg_evt_payload_t*): Dump jpeg_size=175469
05-11 20:29:30.519   211  3161 E QCameraPostProc: int32_t qcamera::QCameraPostProcessor::processJpegEvt(qcamera::qcamera_jpeg_evt_payload_t*) : Calling upperlayer callback to store JPEG image
05-11 20:29:30.519   211  3161 E QCameraPostProc: [KPI Perf] int32_t qcamera::QCameraPostProcessor::processJpegEvt(qcamera::qcamera_jpeg_evt_payload_t*): PROFILE_JPEG_CB 
05-11 20:29:30.519   211  3181 E mm-jpeg-intf: mm_jpeg_get_session:55] client_idx 0 session_idx 0
05-11 20:29:30.519   211  3181 E mm-jpeg-intf: mm_jpeg_destroy_session:2346] abort todo jobs
05-11 20:29:30.519   211  3181 E mm-jpeg-intf: mm_jpeg_destroy_session:2354] abort ongoing jobs
05-11 20:29:30.519   211  3181 E mm-jpeg-intf: mm_jpeg_queue_remove_job_by_session_id:2701] found matching session id
05-11 20:29:30.519   211  3181 E mm-jpeg-intf: mm_jpeg_queue_remove_job_by_session_id: queue size = 0
05-11 20:29:30.519   211  3181 E mm-jpeg-intf: mm_jpeg_session_abort:1192] E
05-11 20:29:30.519   211  3243 E mm-jpeg-intf: mm_jpegenc_destroy_job:2261] Exif entry count 5 9
05-11 20:29:30.519   211  3181 E mm-jpeg-intf: mm_jpeg_session_abort:1234] X
05-11 20:29:30.519   211  3181 E mm-jpeg-intf: mm_jpeg_session_destroy:331] E
05-11 20:29:30.519   211  3181 E mm-jpeg-intf: mm_jpeg_session_change_state:209] new_state 2 p_exec 0x0
05-11 20:29:30.519   211  3181 E mm-still: virtual OMX_ERRORTYPE QOMXImageCodec::postMessage(QIBase*):427] Message addr = 0xb8a32b50
05-11 20:29:30.519   211  3243 E mm-jpeg-intf: mm_jpeg_fbd:2586] 
05-11 20:29:30.519   211  3243 E mm-still: virtual OMX_ERRORTYPE QOMXImageCodec::handleMessage():451] before wait
05-11 20:29:30.519   211  3243 E mm-still: virtual OMX_ERRORTYPE QOMXImageCodec::handleMessage():458] after wait
05-11 20:29:30.519   211  3243 E mm-still: virtual OMX_ERRORTYPE QOMXImageCodec::handleMessage():469] Message addr = 0xb8a400b8
05-11 20:29:30.519   211  3243 E mm-still: virtual OMX_ERRORTYPE OMXImageEncoder::processMessage(QIMessage*):1252] E
05-11 20:29:30.519   211  3243 E mm-still: virtual OMX_ERRORTYPE OMXImageEncoder::processMessage(QIMessage*):1357] OMX_MESSAGE_START_NEW_ENCODE
05-11 20:29:30.519   211  3243 E mm-still: virtual OMX_ERRORTYPE QOMXImageCodec::handleMessage():451] before wait
05-11 20:29:30.519   211  3243 E mm-still: virtual OMX_ERRORTYPE QOMXImageCodec::handleMessage():458] after wait
05-11 20:29:30.519   211  3243 E mm-still: virtual OMX_ERRORTYPE QOMXImageCodec::handleMessage():469] Message addr = 0xb8a32b50
05-11 20:29:30.519   211  3243 E mm-still: virtual OMX_ERRORTYPE OMXImageEncoder::processMessage(QIMessage*):1252] E
05-11 20:29:30.519   211  3243 E mm-still: virtual OMX_ERRORTYPE OMXImageEncoder::processMessage(QIMessage*):1266] OMX_MESSAGE_CHANGE_STATE
05-11 20:29:30.519   211  3243 E mm-still: virtual void QOMXImageCodec::changeState(OMX_STATETYPE):186] From Current State: 3 To New state: 2
05-11 20:29:30.519   211  3243 E mm-still: virtual OMX_ERRORTYPE OMXJpegEncoder::releaseCurrentSession():1188] E
05-11 20:29:30.519   211  3243 E mm-still: virtual int QImageHW10Encoder::Stop():1110] mState 0
05-11 20:29:30.519   211  3243 E mm-still: virtual OMX_ERRORTYPE OMXJpegEncoder::releaseCurrentSession():1255] X
05-11 20:29:30.519   211  3243 E mm-still: virtual void QOMXImageCodec::changeState(OMX_STATETYPE): 299] State change from OMX_StateExecuting to OMX_StateIdle
05-11 20:29:30.519   211  3181 E mm-jpeg-intf: mm_jpeg_session_change_state:234] 
05-11 20:29:30.519   211  3181 E mm-jpeg-intf: mm_jpeg_session_change_state:249] 
05-11 20:29:30.519   211  3181 E mm-jpeg-intf: mm_jpeg_session_change_state:251] before wait
05-11 20:29:30.519   211  3243 E mm-jpeg-intf: mm_jpeg_event_handler:2603] 0 0 2 state 2
05-11 20:29:30.519   211  3181 E mm-jpeg-intf: mm_jpeg_session_change_state:253] after wait
05-11 20:29:30.519   211  3181 E mm-jpeg-intf: mm_jpeg_session_change_state:256] 
05-11 20:29:30.519   211  3181 E mm-jpeg-intf: mm_jpeg_session_change_state:209] new_state 1 p_exec 0xb6310219
05-11 20:29:30.519   211  3181 E mm-still: virtual OMX_ERRORTYPE QOMXImageCodec::postMessage(QIBase*):427] Message addr = 0xb8a400b8
05-11 20:29:30.519   211  3243 E mm-jpeg-intf: mm_jpeg_event_handler:2643]
05-11 20:29:30.519   211  3243 E mm-still: virtual OMX_ERRORTYPE QOMXImageCodec::handleMessage():451] before wait
05-11 20:29:30.519   211  3243 E mm-still: virtual OMX_ERRORTYPE QOMXImageCodec::handleMessage():458] after wait
05-11 20:29:30.519   211  3243 E mm-still: virtual OMX_ERRORTYPE QOMXImageCodec::handleMessage():469] Message addr = 0xb8a400b8
05-11 20:29:30.519   211  3243 E mm-still: virtual OMX_ERRORTYPE OMXImageEncoder::processMessage(QIMessage*):1252] E
05-11 20:29:30.519   211  3243 E mm-still: virtual OMX_ERRORTYPE OMXImageEncoder::processMessage(QIMessage*):1266] OMX_MESSAGE_CHANGE_STATE
05-11 20:29:30.519   211  3243 E mm-still: virtual void QOMXImageCodec::changeState(OMX_STATETYPE):186] From Current State: 2 To New state: 1
05-11 20:29:30.519   211  3243 E mm-still: virtual void QOMXImageCodec::changeState(OMX_STATETYPE):219] State change from OMX_StateIdle to OMX_StateLoaded Pending
05-11 20:29:30.519   211  3181 E mm-jpeg-intf: mm_jpeg_session_change_state:234] 
05-11 20:29:30.519   211  3181 E mm-jpeg-intf: mm_jpeg_session_free_buffers:156] Source buffer 0
05-11 20:29:30.519   211  3181 E mm-still: virtual OMX_ERRORTYPE OMXImageEncoder::omx_component_free_buffer(OMX_HANDLETYPE, OMX_U32, OMX_BUFFERHEADERTYPE*):1895] state 2
05-11 20:29:30.519   211  3181 E mm-jpeg-intf: mm_jpeg_session_free_buffers:156] Source buffer 1
05-11 20:29:30.519   211  3181 E mm-still: virtual OMX_ERRORTYPE OMXImageEncoder::omx_component_free_buffer(OMX_HANDLETYPE, OMX_U32, OMX_BUFFERHEADERTYPE*):1895] state 2
05-11 20:29:30.519   211  3181 E mm-still: virtual OMX_ERRORTYPE OMXImageEncoder::omx_component_free_buffer(OMX_HANDLETYPE, OMX_U32, OMX_BUFFERHEADERTYPE*):1911] Releasing 2 input bufferheaders
05-11 20:29:30.519   211  3181 E mm-jpeg-intf: mm_jpeg_session_free_buffers:165] Source buffer 0
05-11 20:29:30.519   211  3181 E mm-still: virtual OMX_ERRORTYPE OMXImageEncoder::omx_component_free_buffer(OMX_HANDLETYPE, OMX_U32, OMX_BUFFERHEADERTYPE*):1895] state 2
05-11 20:29:30.519   211  3181 E mm-jpeg-intf: mm_jpeg_session_free_buffers:165] Source buffer 1
05-11 20:29:30.519   211  3181 E mm-still: virtual OMX_ERRORTYPE OMXImageEncoder::omx_component_free_buffer(OMX_HANDLETYPE, OMX_U32, OMX_BUFFERHEADERTYPE*):1895] state 2
05-11 20:29:30.519   211  3181 E mm-jpeg-intf: mm_jpeg_session_free_buffers:165] Source buffer 2
05-11 20:29:30.519   211  3181 E mm-still: virtual OMX_ERRORTYPE OMXImageEncoder::omx_component_free_buffer(OMX_HANDLETYPE, OMX_U32, OMX_BUFFERHEADERTYPE*):1895] state 2
05-11 20:29:30.519   211  3181 E mm-still: virtual OMX_ERRORTYPE OMXImageEncoder::omx_component_free_buffer(OMX_HANDLETYPE, OMX_U32, OMX_BUFFERHEADERTYPE*):1923]: Releasing 3 input Tmb bufferheaders
05-11 20:29:30.519   211  3181 E mm-jpeg-intf: mm_jpeg_session_free_buffers:174] Dest buffer 0
05-11 20:29:30.519   211  3181 E mm-still: virtual OMX_ERRORTYPE OMXImageEncoder::omx_component_free_buffer(OMX_HANDLETYPE, OMX_U32, OMX_BUFFERHEADERTYPE*):1895] state 2
05-11 20:29:30.519   211  3181 E mm-jpeg-intf: mm_jpeg_session_free_buffers:174] Dest buffer 1
05-11 20:29:30.519   211  3181 E mm-still: virtual OMX_ERRORTYPE OMXImageEncoder::omx_component_free_buffer(OMX_HANDLETYPE, OMX_U32, OMX_BUFFERHEADERTYPE*):1895] state 2
05-11 20:29:30.519   211  3181 E mm-still: virtual OMX_ERRORTYPE OMXImageEncoder::omx_component_free_buffer(OMX_HANDLETYPE, OMX_U32, OMX_BUFFERHEADERTYPE*):1935]: Releasing 2 output bufferheaders
05-11 20:29:30.519   211  3181 E mm-still: virtual OMX_ERRORTYPE OMXJpegEncoder::releaseCodecLibs():1161] E
05-11 20:29:30.519   211  3181 E mm-still: virtual int QImageHW10Encoder::Stop():1110] mState 0
05-11 20:29:30.519   211  3243 E mm-still: virtual OMX_ERRORTYPE QOMXImageCodec::handleMessage():451] before wait
05-11 20:29:30.519   211  3181 E jpeg_hw : jpege_lib_release:496] closed /dev/jpeg0
05-11 20:29:30.519   211  3181 E mm-still: void QImageHW10Encoder::UnLoad():1429: ptr 0xb2cc4370
05-11 20:29:30.519   211  3181 E mm-still: virtual OMX_ERRORTYPE OMXJpegEncoder::releaseCodecLibs():1172] X
05-11 20:29:30.519   211  3181 E mm-still: virtual OMX_ERRORTYPE QOMXImageCodec::postMessage(QIBase*):427] Message addr = 0xb8a32b50
05-11 20:29:30.519   211  3181 E mm-still: virtual OMX_ERRORTYPE OMXImageEncoder::omx_component_free_buffer(OMX_HANDLETYPE, OMX_U32, OMX_BUFFERHEADERTYPE*):1965: Free Buffer complete: State change fromOMX_StateLoadedPending to OMX_StateLoaded
05-11 20:29:30.519   211  3181 E mm-jpeg-intf: mm_jpeg_session_free_buffers:181]
05-11 20:29:30.519   211  3181 E mm-jpeg-intf: mm_jpeg_session_change_state:249] 
05-11 20:29:30.519   211  3181 E mm-jpeg-intf: mm_jpeg_session_change_state:251] before wait
05-11 20:29:30.519   211  3243 E mm-still: virtual OMX_ERRORTYPE QOMXImageCodec::handleMessage():455] after cond wait
05-11 20:29:30.519   211  3243 E mm-still: virtual OMX_ERRORTYPE QOMXImageCodec::handleMessage():458] after wait
05-11 20:29:30.519   211  3243 E mm-still: virtual OMX_ERRORTYPE QOMXImageCodec::handleMessage():469] Message addr = 0xb8a32b50
05-11 20:29:30.519   211  3243 E mm-still: virtual OMX_ERRORTYPE OMXImageEncoder::processMessage(QIMessage*):1252] E
05-11 20:29:30.519   211  3243 E mm-still: virtual OMX_ERRORTYPE OMXImageEncoder::processMessage(QIMessage*):1349] OMX_MESSAGE_CHANGE_STATE_DONE
05-11 20:29:30.519   211  3243 E mm-jpeg-intf: mm_jpeg_event_handler:2603] 0 0 1 state 2
05-11 20:29:30.519   211  3181 E mm-jpeg-intf: mm_jpeg_session_change_state:253] after wait
05-11 20:29:30.519   211  3181 E mm-jpeg-intf: mm_jpeg_session_change_state:256] 
05-11 20:29:30.519   211  3181 E qomx_image_core: OMX_FreeHandle:331] 
05-11 20:29:30.519   211  3181 E qomx_image_core: get_idx_from_handle:290] comp_idx 0 inst_idx 0
05-11 20:29:30.519   211  3181 E mm-still: OMX_ERRORTYPE qomx_component_deinit(OMX_HANDLETYPE) 206: Component State: 1 Calling Deinit
05-11 20:29:30.519   211  3181 E mm-still: virtual OMX_ERRORTYPE OMXImageEncoder::omx_component_deinit(OMX_HANDLETYPE) 2016]: 
05-11 20:29:30.519   211  3181 E mm-still: virtual OMX_ERRORTYPE OMXImageEncoder::omx_component_deinit(OMX_HANDLETYPE) 2032]: 
05-11 20:29:30.519   211  3181 E mm-still: void OMXImageEncoder::abortMessageThread() 1996]: mState 1
05-11 20:29:30.519   211  3181 E mm-still: void QIThread::JoinThread():76] thread id b8a61e50 b8a322f8
05-11 20:29:30.519   211  3243 E mm-jpeg-intf: mm_jpeg_event_handler:2643]
05-11 20:29:30.519   211  3243 E mm-still: virtual OMX_ERRORTYPE QOMXImageCodec::handleMessage():451] before wait
05-11 20:29:30.519   211  3243 E mm-still: virtual OMX_ERRORTYPE QOMXImageCodec::handleMessage():458] after wait
05-11 20:29:30.519   211  3181 E mm-still: virtual OMX_ERRORTYPE OMXImageEncoder::omx_component_deinit(OMX_HANDLETYPE) 2035]: m_state 1
05-11 20:29:30.519   211  3181 E qomx_image_core: OMX_FreeHandle:366] Success
05-11 20:29:30.519   211  3181 E mm-jpeg-intf: mm_jpeg_session_destroy:378] X
05-11 20:29:30.519   211  3181 E mm-jpeg-intf: mm_jpeg_remove_session_idx:118] client_idx 0 session_idx 0
05-11 20:29:30.519   211  3181 E mm-jpeg-intf: mm_jpeg_destroy_session:2390] X
05-11 20:29:30.519   211  3161 E mm-camera-intf: mm_channel_fsm_fn_stopped: invalid state (1) for evt (5)
05-11 20:29:30.529   211  3161 I QCameraHWI_Mem: deallocate: E 
05-11 20:29:30.529   211  3161 I QCameraHWI_Mem:  deallocate : X 
05-11 20:29:30.529   261  3177 E mm-camera: mct_stream_streamoff: Enter
05-11 20:29:30.529   261  3177 E mm-camera: mct_stream_streamoff: Enter
05-11 20:29:30.529   261  3177 E mm-camera-sensor: port_sensor_unlink_func:217 ide 10004
05-11 20:29:30.529   261  3177 E mm-camera-sensor: port_sensor_caps_unreserve:180 ide 10004
05-11 20:29:30.529   261  3177 E mm-camera: mct_stream_streamoff: Enter
05-11 20:29:30.529   261  3177 E mm-camera-sensor: port_sensor_unlink_func:217 ide 10005
05-11 20:29:30.529   261  3177 E mm-camera-sensor: port_sensor_caps_unreserve:180 ide 10005
05-11 20:29:30.569  1985  1989 D dalvikvm: GC_CONCURRENT freed 2026K, 59% free 4604K/11192K, paused 5ms+2ms, total 28ms
05-11 20:29:30.569  1985  1985 D dalvikvm: WAIT_FOR_CONCURRENT_GC blocked 21ms
05-11 20:29:30.569  1985  1994 D Camera  : release camera success!
05-11 20:29:30.569  1985  1994 D Camera  : release camera success!
05-11 20:29:30.569  1985  1994 D Camera  : release camera success!
05-11 20:29:30.569  1985  1994 D Camera  : release camera success!
05-11 20:29:30.569  1985  3246 D Camera-JNI: stopPreview
05-11 20:29:30.569   211   960 I CameraClient: stopPreview: Disable picture related messages
05-11 20:29:30.569   211   960 E QCamera2HWI: [KPI Perf] static void qcamera::QCamera2HardwareInterface::stop_preview(camera_device*): E PROFILE_STOP_PREVIEW
05-11 20:29:30.569   261  3197 E mm-camera: cpp_module_handle_streamoff_event:1973] iden:0x20002, linked_params:0x0
05-11 20:29:30.579   261  3197 E mm-camera: cpp_hardware_process_streamoff:510] skip_iden:0x0, duplicate_stream_status:0x0
05-11 20:29:30.579   261  3196 E mm-camera: isp_hw_action: last pix stop, pix_cnt = 1, cnt = 1
05-11 20:29:30.579   261  3227 E mm-camera: isp_thread_proc_cmd: start/stop, thread_data = 0xb75486ac, action_code = 2
05-11 20:29:30.579   261  3227 E mm-camera: isp_axi_util_subscribe_v4l2_event: event_type = 0x8000100, is_subscribe = 0
05-11 20:29:30.579   261  3196 E mm-camera: isp_hw_action: hw_thread for ack
05-11 20:29:30.679   261  3227 E mm-camera: stats_action_buf_config: cfg = 0, stats_mask = 0x6b8
05-11 20:29:30.679   261  3227 E mm-camera: isp_thread_proc_cmd: start/stop ack done, thread_data = 0xb75486ac, action_code = 3, rc = 0
05-11 20:29:30.679   261  3197 E mm-camera: stream id 2, stream num_meta 0
05-11 20:29:30.729   261  3197 E mm-camera: ispif_streamoff: session_id = 2, active_streams = 0
05-11 20:29:30.729   261  3197 E mm-camera-sensor: module_sensor_module_process_event: Sending stop bus message
05-11 20:29:30.729   261  3197 E mm-camera: stop_sof_check_thread: Stopping SOF timeout thread
05-11 20:29:30.729   211  3186 I QCameraHWI_Mem: deallocate: E 
05-11 20:29:30.739   211  3186 I QCameraHWI_Mem:  deallocate : X 
05-11 20:29:30.749   261  3197 E mm-camera: mct_stream_streamoff: Enter
05-11 20:29:30.749   261  3197 E mm-camera-sensor: port_sensor_unlink_func:217 ide 20002
05-11 20:29:30.749   261  3197 E mm-camera-sensor: port_sensor_caps_unreserve:180 ide 20002
05-11 20:29:30.749   261  3197 E mm-camera-img: faceproc_save_album:794] Error No album 
05-11 20:29:30.749   261  3197 E mm-camera-img: faceproc_comp_eng_destroy: Album save failed -1
05-11 20:29:30.749   211   996 E QCamera2HWI: [KPI Perf] static void qcamera::QCamera2HardwareInterface::stop_preview(camera_device*): E PROFILE_STOP_PREVIEW
05-11 20:29:30.749   211  3186 D QCameraStateMachine: int32_t qcamera::QCameraStateMachine::procEvtPreviewStoppedState(qcamera::qcamera_sm_evt_enum_t, void*): already in preview stopped state, do nothing
05-11 20:29:30.749   211  3186 D QCameraStateMachine: int32_t qcamera::QCameraStateMachine::procEvtPreviewStoppedState(qcamera::qcamera_sm_evt_enum_t, void*): No ops for evt(20) in state(0)
05-11 20:29:30.759   211   996 I CameraClient: Destroying camera 1
05-11 20:29:30.769   211   996 E mm-jpeg-intf: mm_jpeg_close:2500] E
05-11 20:29:30.769   211   996 E mm-jpeg-intf: mm_jpeg_close:2505] 
05-11 20:29:30.769   211   996 E mm-jpeg-intf: mm_jpeg_close:2513] 
05-11 20:29:30.769   211   996 E mm-jpeg-intf: mm_jpeg_close:2523] 
05-11 20:29:30.769   211   996 E mm-jpeg-intf: mm_jpeg_close:2530] X
05-11 20:29:30.769   211   996 E QCameraPostProc: int32_t qcamera::QCameraPostProcessor::deinit(): Jpeg closed, rc = 0, mJpegClientHandle = 1201
05-11 20:29:30.769   211   996 I Thermal-Lib: Thermal-Lib-Client: Unregisteration is successfull for handle:1
05-11 20:29:30.769   220   377 I ThermalEngine: Thermal-Server: removing client on fd 10
05-11 20:29:30.769   211   996 I Thermal-Lib: Thermal-Lib-Client: Unregisteration is successfull for handle:2
05-11 20:29:30.769   261  3197 E mm-camera: mct_pipeline_get_stream: no children
05-11 20:29:30.769   261  3197 E mm-camera: mct_pipeline_process_set:1402: Couldn't find stream
05-11 20:29:30.779   211  3186 D QCameraStateMachine: static void* qcamera::QCameraStateMachine::smEvtProcRoutine(void*): X
05-11 20:29:30.779  1985  3246 D Camera  : release camera success!
05-11 20:29:30.779  1985  3246 D Camera-JNI: stopPreview
05-11 20:29:30.779   211   211 I CameraClient: stopPreview: Disable picture related messages
05-11 20:29:30.779   211   211 E QCamera2HWI: [KPI Perf] static void qcamera::QCamera2HardwareInterface::stop_preview(camera_device*): E PROFILE_STOP_PREVIEW
05-11 20:29:30.779   211  3161 D QCameraStateMachine: int32_t qcamera::QCameraStateMachine::procEvtPreviewStoppedState(qcamera::qcamera_sm_evt_enum_t, void*): already in preview stopped state, do nothing
05-11 20:29:30.779   211   996 E QCamera2HWI: [KPI Perf] static void qcamera::QCamera2HardwareInterface::stop_preview(camera_device*): E PROFILE_STOP_PREVIEW
05-11 20:29:30.779   211  3161 D QCameraStateMachine: int32_t qcamera::QCameraStateMachine::procEvtPreviewStoppedState(qcamera::qcamera_sm_evt_enum_t, void*): already in preview stopped state, do nothing
05-11 20:29:30.779   211  3161 D QCameraStateMachine: int32_t qcamera::QCameraStateMachine::procEvtPreviewStoppedState(qcamera::qcamera_sm_evt_enum_t, void*): No ops for evt(20) in state(0)
05-11 20:29:30.779   261  3250 E mm-camera: gyro_port_deinit: Deinit DSPS
05-11 20:29:30.779   261  3252 E mm-camera: module_imglib_free_port:1667 port 0xb752e6e8 p_mct_mod 0xb72137c8
05-11 20:29:30.789   211   996 I CameraClient: Destroying camera 0
05-11 20:29:30.809   261  3176 E mm-camera-sensor: Got some events
05-11 20:29:30.809   261  3176 E mm-camera-sensor: sensor_thread_func:152 sensor_thread_func:Sensor thread is exiting
05-11 20:29:30.859   217   217 V WLAN_PSA: NL MSG, len[048], NL type[0x11] WNI type[0x5050] len[028]
05-11 20:29:30.899  1660  1660 D wpa_supplicant: RX ctrl_iface - hexdump(len=11): 53 49 47 4e 41 4c 5f 50 4f 4c 4c
05-11 20:29:30.899  1660  1660 D wpa_supplicant: wlan0: Control interface command 'SIGNAL_POLL'
05-11 20:29:30.909  1660  1660 D wpa_supplicant: nl80211: survey data missing!
05-11 20:29:31.289   211   996 E mm-jpeg-intf: mm_jpeg_close:2500] E
05-11 20:29:31.289   211   996 E mm-jpeg-intf: mm_jpeg_close:2505] 
05-11 20:29:31.289   211   996 E mm-jpeg-intf: mm_jpeg_close:2513] 
05-11 20:29:31.289   211   996 E mm-jpeg-intf: mm_jpeg_close:2523] 
05-11 20:29:31.289   211   996 E mm-jpeg-intf: mm_jpeg_close:2530] X
05-11 20:29:31.289   211   996 E qomx_image_core: OMX_Deinit:118] Complete
05-11 20:29:31.299   211   996 E QCameraPostProc: int32_t qcamera::QCameraPostProcessor::deinit(): Jpeg closed, rc = 0, mJpegClientHandle = 1100
05-11 20:29:31.299   261  3177 E mm-camera: mct_pipeline_get_stream: no children
05-11 20:29:31.299   261  3177 E mm-camera: mct_pipeline_process_set:1402: Couldn't find stream
05-11 20:29:31.319   261  3256 E mm-camera: gyro_port_deinit: Deinit DSPS
05-11 20:29:31.319   211  3161 D QCameraStateMachine: static void* qcamera::QCameraStateMachine::smEvtProcRoutine(void*): X
05-11 20:29:31.319   261  3256 E mm-camera: gyro_port_deinit: DSPS deinited
05-11 20:29:31.319  1985  3246 D Camera  : release camera success!
05-11 20:29:31.319  1985  3246 D streaming: 20:29:31.322 331.120 [CameraManager:run:153]: Stop cameras
05-11 20:29:31.329   261  3175 E mm-camera: c2d_thread_process_pipe_message:697, C2D_THREAD_MSG_ABORT: c2d_thread exiting..
05-11 20:29:31.509  1985  2095 D streaming: 20:29:31.509 331.307 [SnapshotPusher:push:47]: Pushed snapshot
05-11 20:29:31.719  1963  1977 E QcrilMsgTunnelSocket: IOException - java.io.IOException: No such file or directory Reason: No such file or directory
05-11 20:29:31.769  1001  1001 D StatusBar.NetworkController: refreshViews: Data not connected!! Set no data type icon / Roaming
05-11 20:29:31.769  1001  1001 D StatusBar.NetworkController: refreshViews connected={ wifi } level=0 combinedSignalIconId=0x7f0200a4/com.android.systemui:drawable/stat_sys_wifi_signal_4_fully mobileLabel= wifiLabel="1503-5G"xxxxXXXXxxxxXXXX emergencyOnly=false combinedLabel="1503-5G"xxxxXXXXxxxxXXXX mAirplaneMode=false mDataActivity=0 mPhoneSignalIconId=0x0 mQSPhoneSignalIconId=0x0 mDataDirectionIconId=0x0 mDataSignalIconId=0x0 mDataTypeIconId=0x0 mQSDataTypeIconId=0x0 mNoSimIconId=0x0 mWifiIconId=0x7f0200a4 mQSWifiIconId=0x7f02005c mBluetoothTetherIconId=0x10805cc
05-11 20:29:32.389  3259  3259 D QSEECOMAPI: : QSEECom_get_handle sb_length = 0x2000
05-11 20:29:32.389  3259  3259 D QSEECOMAPI: : App is not loaded in QSEE
05-11 20:29:32.389  3259  3259 E QSEECOMAPI: : Error::Cannot open the file /vendor/firmware/keymaster/keymaster.mdt
05-11 20:29:32.389  3259  3259 E QSEECOMAPI: : Error::Loading image failed with ret = -1
05-11 20:29:32.389  3259  3259 D QSEECOMAPI: : QSEECom_get_handle sb_length = 0x2000
05-11 20:29:32.389  3259  3259 D QSEECOMAPI: : App is not loaded in QSEE
05-11 20:29:32.389  3259  3259 E QSEECOMAPI: : Error::Cannot open the file /firmware/image/keymaste.mdt
05-11 20:29:32.389  3259  3259 E QSEECOMAPI: : Error::Loading image failed with ret = -1
05-11 20:29:32.399  3259  3259 E QCOMKeyMaster: Loading keymaster app failied
05-11 20:29:32.399  3259  3259 E keystore: could not open keymaster device in keystore (Operation not permitted)
05-11 20:29:32.399  3259  3259 E keystore: keystore keymaster could not be initialized; exiting
05-11 20:29:33.769  1001  1001 D StatusBar.NetworkController: refreshViews: Data not connected!! Set no data type icon / Roaming
05-11 20:29:33.769  1001  1001 D StatusBar.NetworkController: refreshViews connected={ wifi } level=0 combinedSignalIconId=0x7f0200a4/com.android.systemui:drawable/stat_sys_wifi_signal_4_fully mobileLabel= wifiLabel="1503-5G"xxxxXXXXxxxxXXXX emergencyOnly=false combinedLabel="1503-5G"xxxxXXXXxxxxXXXX mAirplaneMode=false mDataActivity=0 mPhoneSignalIconId=0x0 mQSPhoneSignalIconId=0x0 mDataDirectionIconId=0x0 mDataSignalIconId=0x0 mDataTypeIconId=0x0 mQSDataTypeIconId=0x0 mNoSimIconId=0x0 mWifiIconId=0x7f0200a4 mQSWifiIconId=0x7f02005c mBluetoothTetherIconId=0x10805cc
05-11 20:29:33.919  1660  1660 D wpa_supplicant: RX ctrl_iface - hexdump(len=11): 53 49 47 4e 41 4c 5f 50 4f 4c 4c
05-11 20:29:33.919  1660  1660 D wpa_supplicant: wlan0: Control interface command 'SIGNAL_POLL'
05-11 20:29:33.929  1660  1660 D wpa_supplicant: nl80211: survey data missing!
05-11 20:29:35.719  1963  1977 E QcrilMsgTunnelSocket: IOException - java.io.IOException: No such file or directory Reason: No such file or directory
05-11 20:29:35.869   217   217 V WLAN_PSA: NL MSG, len[048], NL type[0x11] WNI type[0x5050] len[028]
05-11 20:29:36.929  1660  1660 D wpa_supplicant: RX ctrl_iface - hexdump(len=11): 53 49 47 4e 41 4c 5f 50 4f 4c 4c
05-11 20:29:36.929  1660  1660 D wpa_supplicant: wlan0: Control interface command 'SIGNAL_POLL'
05-11 20:29:36.939  1660  1660 D wpa_supplicant: nl80211: survey data missing!
05-11 20:29:37.439  3261  3261 D QSEECOMAPI: : QSEECom_get_handle sb_length = 0x2000
05-11 20:29:37.439  3261  3261 D QSEECOMAPI: : App is not loaded in QSEE
05-11 20:29:37.439  3261  3261 E QSEECOMAPI: : Error::Cannot open the file /vendor/firmware/keymaster/keymaster.mdt
05-11 20:29:37.439  3261  3261 E QSEECOMAPI: : Error::Loading image failed with ret = -1
05-11 20:29:37.449  3261  3261 D QSEECOMAPI: : QSEECom_get_handle sb_length = 0x2000
05-11 20:29:37.449  3261  3261 D QSEECOMAPI: : App is not loaded in QSEE
05-11 20:29:37.449  3261  3261 E QSEECOMAPI: : Error::Cannot open the file /firmware/image/keymaste.mdt
05-11 20:29:37.449  3261  3261 E QSEECOMAPI: : Error::Loading image failed with ret = -1
05-11 20:29:37.459  3261  3261 E QCOMKeyMaster: Loading keymaster app failied
05-11 20:29:37.459  3261  3261 E keystore: could not open keymaster device in keystore (Operation not permitted)
05-11 20:29:37.459  3261  3261 E keystore: keystore keymaster could not be initialized; exiting
05-11 20:29:39.719  1963  1977 E QcrilMsgTunnelSocket: IOException - java.io.IOException: No such file or directory Reason: No such file or directory
05-11 20:29:39.949  1660  1660 D wpa_supplicant: RX ctrl_iface - hexdump(len=11): 53 49 47 4e 41 4c 5f 50 4f 4c 4c
05-11 20:29:39.949  1660  1660 D wpa_supplicant: wlan0: Control interface command 'SIGNAL_POLL'
05-11 20:29:39.959  1660  1660 D wpa_supplicant: nl80211: survey data missing!
05-11 20:29:40.879   217   217 V WLAN_PSA: NL MSG, len[048], NL type[0x11] WNI type[0x5050] len[028]
05-11 20:29:42.499  3262  3262 D QSEECOMAPI: : QSEECom_get_handle sb_length = 0x2000
05-11 20:29:42.499  3262  3262 D QSEECOMAPI: : App is not loaded in QSEE
05-11 20:29:42.499  3262  3262 E QSEECOMAPI: : Error::Cannot open the file /vendor/firmware/keymaster/keymaster.mdt
05-11 20:29:42.499  3262  3262 E QSEECOMAPI: : Error::Loading image failed with ret = -1
05-11 20:29:42.499  3262  3262 D QSEECOMAPI: : QSEECom_get_handle sb_length = 0x2000
05-11 20:29:42.499  3262  3262 D QSEECOMAPI: : App is not loaded in QSEE
05-11 20:29:42.499  3262  3262 E QSEECOMAPI: : Error::Cannot open the file /firmware/image/keymaste.mdt
05-11 20:29:42.499  3262  3262 E QSEECOMAPI: : Error::Loading image failed with ret = -1
05-11 20:29:42.509  3262  3262 E QCOMKeyMaster: Loading keymaster app failied
05-11 20:29:42.509  3262  3262 E keystore: could not open keymaster device in keystore (Operation not permitted)
05-11 20:29:42.509  3262  3262 E keystore: keystore keymaster could not be initialized; exiting
05-11 20:29:42.959  1660  1660 D wpa_supplicant: RX ctrl_iface - hexdump(len=11): 53 49 47 4e 41 4c 5f 50 4f 4c 4c
05-11 20:29:42.959  1660  1660 D wpa_supplicant: wlan0: Control interface command 'SIGNAL_POLL'
05-11 20:29:42.959  1660  1660 D wpa_supplicant: nl80211: survey data missing!
05-11 20:29:43.719  1963  1977 E QcrilMsgTunnelSocket: IOException - java.io.IOException: No such file or directory Reason: No such file or directory
05-11 20:29:45.889   217   217 V WLAN_PSA: NL MSG, len[048], NL type[0x11] WNI type[0x5050] len[028]
05-11 20:29:45.969  1660  1660 D wpa_supplicant: RX ctrl_iface - hexdump(len=11): 53 49 47 4e 41 4c 5f 50 4f 4c 4c
05-11 20:29:45.969  1660  1660 D wpa_supplicant: wlan0: Control interface command 'SIGNAL_POLL'
05-11 20:29:45.979  1660  1660 D wpa_supplicant: nl80211: survey data missing!
05-11 20:29:47.549  3264  3264 D QSEECOMAPI: : QSEECom_get_handle sb_length = 0x2000
05-11 20:29:47.549  3264  3264 D QSEECOMAPI: : App is not loaded in QSEE
05-11 20:29:47.549  3264  3264 E QSEECOMAPI: : Error::Cannot open the file /vendor/firmware/keymaster/keymaster.mdt
05-11 20:29:47.549  3264  3264 E QSEECOMAPI: : Error::Loading image failed with ret = -1
05-11 20:29:47.559  3264  3264 D QSEECOMAPI: : QSEECom_get_handle sb_length = 0x2000
05-11 20:29:47.559  3264  3264 D QSEECOMAPI: : App is not loaded in QSEE
05-11 20:29:47.559  3264  3264 E QSEECOMAPI: : Error::Cannot open the file /firmware/image/keymaste.mdt
05-11 20:29:47.559  3264  3264 E QSEECOMAPI: : Error::Loading image failed with ret = -1
05-11 20:29:47.569  3264  3264 E QCOMKeyMaster: Loading keymaster app failied
05-11 20:29:47.569  3264  3264 E keystore: could not open keymaster device in keystore (Operation not permitted)
05-11 20:29:47.569  3264  3264 E keystore: keystore keymaster could not be initialized; exiting
05-11 20:29:47.719  1963  1977 E QcrilMsgTunnelSocket: IOException - java.io.IOException: No such file or directory Reason: No such file or directory
05-11 20:29:48.979  1660  1660 D wpa_supplicant: RX ctrl_iface - hexdump(len=11): 53 49 47 4e 41 4c 5f 50 4f 4c 4c
05-11 20:29:48.979  1660  1660 D wpa_supplicant: wlan0: Control interface command 'SIGNAL_POLL'
05-11 20:29:48.999  1660  1660 D wpa_supplicant: nl80211: survey data missing!
05-11 20:29:50.899   217   217 V WLAN_PSA: NL MSG, len[048], NL type[0x11] WNI type[0x5050] len[028]
