{\rtf1\ansi\ansicpg1252\cocoartf1404\cocoasubrtf460
{\fonttbl\f0\fnil\fcharset0 AndaleMono;}
{\colortbl;\red255\green255\blue255;\red47\green255\blue18;}
\margl1440\margr1440\vieww10800\viewh8400\viewkind0
\pard\tx560\tx1120\tx1680\tx2240\tx2800\tx3360\tx3920\tx4480\tx5040\tx5600\tx6160\tx6720\pardirnatural\partightenfactor0

\f0\fs24 \cf2 \cb0 \CocoaLigature0 05-16 20:33:45.569   364  2027 W LOWI-SERVER: [LOWIScanResultReceiver] No result, due to terminate or no memory\
05-16 20:33:45.569  1651  1651 D wpa_supplicant: nl80211: Event message available\
05-16 20:33:45.569  1651  1651 D wpa_supplicant: nl80211: Drv Event 33 (NL80211_CMD_TRIGGER_SCAN) received for wlan0\
05-16 20:33:45.569  1651  1651 D wpa_supplicant: wlan0: nl80211: Scan trigger\
05-16 20:33:45.569  1651  1651 D wpa_supplicant: wlan0: Event SCAN_STARTED (57) received\
05-16 20:33:45.569  1651  1651 D wpa_supplicant: wlan0: External program started a scan\
05-16 20:33:45.569   219   219 V WLAN_PSA: NL MSG, len[914], NL type[0x11] WNI type[0x5050] len[894]\
05-16 20:33:45.569  1651  1651 I wpa_supplicant: wlan0: CTRL-EVENT-SCAN-STARTED \
05-16 20:33:45.569  1651  1651 D wpa_supplicant: CTRL_IFACE monitor send - hexdump(len=39): 2f 64 61 74 61 2f 6d 69 73 63 2f 77 69 66 69 2f 73 6f 63 6b 65 74 73 2f 77 70 61 5f 63 74 72 6c ...\
05-16 20:33:45.569   219   219 V WLAN_PSA: NL MSG, len[048], NL type[0x11] WNI type[0x5050] len[028]\
05-16 20:33:46.029   219   219 V WLAN_PSA: NL MSG, len[914], NL type[0x11] WNI type[0x5050] len[894]\
05-16 20:33:46.029   364  2027 W LOWI-Scan: Failed to get Valid messages on Netlink. Err -11\
05-16 20:33:46.029  1651  1651 D wpa_supplicant: nl80211: Event message available\
05-16 20:33:46.029  1651  1651 D wpa_supplicant: nl80211: Drv Event 34 (NL80211_CMD_NEW_SCAN_RESULTS) received for wlan0\
05-16 20:33:46.029  1651  1651 D wpa_supplicant: wlan0: nl80211: New scan results available\
05-16 20:33:46.029  1651  1651 D wpa_supplicant: wlan0: Event SCAN_RESULTS (3) received\
05-16 20:33:46.029  1651  1651 D wpa_supplicant: nl80211: Associated on 5180 MHz\
05-16 20:33:46.029  1651  1651 D wpa_supplicant: nl80211: Associated with 24:a4:3c:1a:db:30\
05-16 20:33:46.029  1651  1651 D wpa_supplicant: nl80211: Received scan results (6 BSSes)\
05-16 20:33:46.029  1651  1651 D wpa_supplicant: nl80211: Survey data missing\
05-16 20:33:46.029  1651  1651 D wpa_supplicant: nl80211: Scan results indicate BSS status with 24:a4:3c:1a:db:30 as associated\
05-16 20:33:46.029  1651  1651 D wpa_supplicant: Sorted scan results\
05-16 20:33:46.029  1651  1651 D wpa_supplicant: 24:a4:3c:1a:db:20 freq=2417 qual=0 noise=0 level=-34 flags=0xb age=0\
05-16 20:33:46.029  1651  1651 D wpa_supplicant: IEs - hexdump(len=190): 00 04 31 35 30 33 01 08 82 84 8b 96 24 30 48 6c 03 01 02 2a 01 00 2f 01 00 30 18 01 00 00 0f ac ...\
05-16 20:33:46.029  1651  1651 D wpa_supplicant: d4:bf:7f:50:25:d7 freq=2452 qual=0 noise=0 level=-47 flags=0xb age=0\
05-16 20:33:46.029  1651  1651 D wpa_supplicant: IEs - hexdump(len=362): 00 09 73 6c 6f 77 5f 77 69 66 69 01 08 82 84 8b 96 0c 12 18 24 03 01 09 2a 01 00 32 04 30 48 60 ...\
05-16 20:33:46.029  1651  1651 D wpa_supplicant: 24:a4:3c:1a:db:30 freq=5180 qual=0 noise=0 level=-57 flags=0x2b age=120470\
05-16 20:33:46.029  1651  1651 D wpa_supplicant: IEs - hexdump(len=204): 00 07 31 35 30 33 2d 35 47 01 08 8c 12 98 24 b0 48 60 6c 30 18 01 00 00 0f ac 02 02 00 00 0f ac ...\
05-16 20:33:46.029  1651  1651 D wpa_supplicant: Beacon IEs - hexdump(len=211): 00 07 31 35 30 33 2d 35 47 01 08 8c 12 98 24 b0 48 60 6c 05 05 02 03 00 00 10 30 18 01 00 00 0f ...\
05-16 20:33:46.029  1651  1651 D wpa_supplicant: e8:fc:af:ff:3a:34 freq=2432 qual=0 noise=0 level=-70 flags=0xb age=0\
05-16 20:33:46.029  1651  1651 D wpa_supplicant: IEs - hexdump(len=286): 00 07 41 6c 6c 69 65 47 4f 01 08 82 84 0b 16 24 30 48 6c 03 01 05 05 05 00 02 01 00 08 07 06 44 ...\
05-16 20:33:46.029  1651  1651 D wpa_supplicant: ec:43:f6:da:f7:48 freq=2412 qual=0 noise=0 level=-82 flags=0xb age=0\
05-16 20:33:46.029  1651  1651 D wpa_supplicant: IEs - hexdump(len=275): 00 05 4d 65 74 72 6f 01 08 82 84 8b 96 12 24 48 6c 03 01 01 2a 01 04 32 04 0c 18 30 60 dd 16 00 ...\
05-16 20:33:46.029  1651  1651 D wpa_supplicant: 34:68:95:6b:91:2f freq=2437 qual=0 noise=0 level=-78 flags=0xb age=0\
05-16 20:33:46.029  1651  1651 D wpa_supplicant: IEs - hexdump(len=88): 00 19 48 50 2d 50 72 69 6e 74 2d 32 46 2d 4c 61 73 65 72 4a 65 74 20 31 30 32 35 01 08 82 84 8b ...\
05-16 20:33:46.029  1651  1651 D wpa_supplicant: wlan0: BSS: Start scan result update 72\
05-16 20:33:46.029  1651  1651 D wpa_supplicant: wlan0: BSS: Add new id 106 BSSID 34:68:95:6b:91:2f SSID 'HP-Print-2F-LaserJet 1025'\
05-16 20:33:46.029  1651  1651 D wpa_supplicant: CTRL_IFACE monitor send - hexdump(len=39): 2f 64 61 74 61 2f 6d 69 73 63 2f 77 69 66 69 2f 73 6f 63 6b 65 74 73 2f 77 70 61 5f 63 74 72 6c ...\
05-16 20:33:46.029  1651  1651 D wpa_supplicant: BSS: last_scan_res_used=6/32 last_scan_full=0\
05-16 20:33:46.029  1651  1651 D wpa_supplicant: Add randomness: count=913 entropy=805\
05-16 20:33:46.029  1651  1651 D wpa_supplicant: random pool - hexdump(len=128): [REMOVED]\
05-16 20:33:46.029  1651  1651 D wpa_supplicant: random_mix_pool - hexdump(len=8): [REMOVED]\
05-16 20:33:46.029  1651  1651 D wpa_supplicant: random_mix_pool - hexdump(len=5): [REMOVED]\
05-16 20:33:46.029  1651  1651 D wpa_supplicant: random pool - hexdump(len=128): [REMOVED]\
05-16 20:33:46.029  1651  1651 D wpa_supplicant: Add randomness: count=914 entropy=806\
05-16 20:33:46.029  1651  1651 D wpa_supplicant: random pool - hexdump(len=128): [REMOVED]\
05-16 20:33:46.029  1651  1651 D wpa_supplicant: random_mix_pool - hexdump(len=8): [REMOVED]\
05-16 20:33:46.029  1651  1651 D wpa_supplicant: random_mix_pool - hexdump(len=5): [REMOVED]\
05-16 20:33:46.029  1651  1651 D wpa_supplicant: random pool - hexdump(len=128): [REMOVED]\
05-16 20:33:46.029  1651  1651 D wpa_supplicant: Add randomness: count=915 entropy=807\
05-16 20:33:46.029  1651  1651 D wpa_supplicant: random pool - hexdump(len=128): [REMOVED]\
05-16 20:33:46.029  1651  1651 D wpa_supplicant: random_mix_pool - hexdump(len=8): [REMOVED]\
05-16 20:33:46.029  1651  1651 D wpa_supplicant: random_mix_pool - hexdump(len=5): [REMOVED]\
05-16 20:33:46.029  1651  1651 D wpa_supplicant: random pool - hexdump(len=128): [REMOVED]\
05-16 20:33:46.029  1651  1651 D wpa_supplicant: Add randomness: count=916 entropy=808\
05-16 20:33:46.029  1651  1651 D wpa_supplicant: random pool - hexdump(len=128): [REMOVED]\
05-16 20:33:46.029  1651  1651 D wpa_supplicant: random_mix_pool - hexdump(len=8): [REMOVED]\
05-16 20:33:46.029  1651  1651 D wpa_supplicant: random_mix_pool - hexdump(len=5): [REMOVED]\
05-16 20:33:46.029  1651  1651 D wpa_supplicant: random pool - hexdump(len=128): [REMOVED]\
05-16 20:33:46.029  1651  1651 D wpa_supplicant: Add randomness: count=917 entropy=809\
05-16 20:33:46.029  1651  1651 D wpa_supplicant: random pool - hexdump(len=128): [REMOVED]\
05-16 20:33:46.029  1651  1651 D wpa_supplicant: random_mix_pool - hexdump(len=8): [REMOVED]\
05-16 20:33:46.029  1651  1651 D wpa_supplicant: random_mix_pool - hexdump(len=5): [REMOVED]\
05-16 20:33:46.029  1651  1651 D wpa_supplicant: random pool - hexdump(len=128): [REMOVED]\
05-16 20:33:46.029  1651  1651 D wpa_supplicant: Add randomness: count=918 entropy=810\
05-16 20:33:46.029  1651  1651 D wpa_supplicant: random pool - hexdump(len=128): [REMOVED]\
05-16 20:33:46.029  1651  1651 D wpa_supplicant: random_mix_pool - hexdump(len=8): [REMOVED]\
05-16 20:33:46.029  1651  1651 D wpa_supplicant: random_mix_pool - hexdump(len=5): [REMOVED]\
05-16 20:33:46.029  1651  1651 D wpa_supplicant: random pool - hexdump(len=128): [REMOVED]\
05-16 20:33:46.029  1651  1651 D wpa_supplicant: wlan0: New scan results available (own=0 ext=1)\
05-16 20:33:46.029  1651  1651 D wpa_supplicant: CTRL_IFACE monitor send - hexdump(len=39): 2f 64 61 74 61 2f 6d 69 73 63 2f 77 69 66 69 2f 73 6f 63 6b 65 74 73 2f 77 70 61 5f 63 74 72 6c ...\
05-16 20:33:46.029  1651  1651 D wpa_supplicant: wlan0: Do not use results from externally requested scan operation for network selection\
05-16 20:33:46.029  1651  1651 D wpa_supplicant: wlan0: Checking for other virtual interfaces sharing same radio (phy0) in event_scan_results\
05-16 20:33:46.029  1651  1651 D wpa_supplicant: p2p0: Updating scan results from sibling\
05-16 20:33:46.029  1651  1651 D wpa_supplicant: nl80211: Received scan results (6 BSSes)\
05-16 20:33:46.029  1651  1651 D wpa_supplicant: nl80211: Survey data missing\
05-16 20:33:46.029  1651  1651 D wpa_supplicant: Sorted scan results\
05-16 20:33:46.029  1651  1651 D wpa_supplicant: 24:a4:3c:1a:db:20 freq=2417 qual=0 noise=0 level=-34 flags=0xb age=0\
05-16 20:33:46.029  1651  1651 D wpa_supplicant: IEs - hexdump(len=190): 00 04 31 35 30 33 01 08 82 84 8b 96 24 30 48 6c 03 01 02 2a 01 00 2f 01 00 30 18 01 00 00 0f ac ...\
05-16 20:33:46.029  1651  1651 D wpa_supplicant: d4:bf:7f:50:25:d7 freq=2452 qual=0 noise=0 level=-47 flags=0xb age=0\
05-16 20:33:46.029  1651  1651 D wpa_supplicant: IEs - hexdump(len=362): 00 09 73 6c 6f 77 5f 77 69 66 69 01 08 82 84 8b 96 0c 12 18 24 03 01 09 2a 01 00 32 04 30 48 60 ...\
05-16 20:33:46.029  1651  1651 D wpa_supplicant: 24:a4:3c:1a:db:30 freq=5180 qual=0 noise=0 level=-57 flags=0xb age=120470\
05-16 20:33:46.029  1651  1651 D wpa_supplicant: IEs - hexdump(len=204): 00 07 31 35 30 33 2d 35 47 01 08 8c 12 98 24 b0 48 60 6c 30 18 01 00 00 0f ac 02 02 00 00 0f ac ...\
05-16 20:33:46.029  1651  1651 D wpa_supplicant: Beacon IEs - hexdump(len=211): 00 07 31 35 30 33 2d 35 47 01 08 8c 12 98 24 b0 48 60 6c 05 05 02 03 00 00 10 30 18 01 00 00 0f ...\
05-16 20:33:46.029  1651  1651 D wpa_supplicant: e8:fc:af:ff:3a:34 freq=2432 qual=0 noise=0 level=-70 flags=0xb age=0\
05-16 20:33:46.029  1651  1651 D wpa_supplicant: IEs - hexdump(len=286): 00 07 41 6c 6c 69 65 47 4f 01 08 82 84 0b 16 24 30 48 6c 03 01 05 05 05 00 02 01 00 08 07 06 44 ...\
05-16 20:33:46.029  1651  1651 D wpa_supplicant: ec:43:f6:da:f7:48 freq=2412 qual=0 noise=0 level=-82 flags=0xb age=0\
05-16 20:33:46.029  1651  1651 D wpa_supplicant: IEs - hexdump(len=275): 00 05 4d 65 74 72 6f 01 08 82 84 8b 96 12 24 48 6c 03 01 01 2a 01 04 32 04 0c 18 30 60 dd 16 00 ...\
05-16 20:33:46.029  1651  1651 D wpa_supplicant: 34:68:95:6b:91:2f freq=2437 qual=0 noise=0 level=-78 flags=0xb age=0\
05-16 20:33:46.029  1651  1651 D wpa_supplicant: IEs - hexdump(len=88): 00 19 48 50 2d 50 72 69 6e 74 2d 32 46 2d 4c 61 73 65 72 4a 65 74 20 31 30 32 35 01 08 82 84 8b ...\
05-16 20:33:46.029  1651  1651 D wpa_supplicant: p2p0: BSS: Start scan result update 41\
05-16 20:33:46.029  1651  1651 D wpa_supplicant: p2p0: BSS: Add new id 131 BSSID 34:68:95:6b:91:2f SSID 'HP-Print-2F-LaserJet 1025'\
05-16 20:33:46.029  1651  1651 D wpa_supplicant: CTRL_IFACE monitor send - hexdump(len=39): 2f 64 61 74 61 2f 6d 69 73 63 2f 77 69 66 69 2f 73 6f 63 6b 65 74 73 2f 77 70 61 5f 63 74 72 6c ...\
05-16 20:33:46.029  1651  1651 D wpa_supplicant: BSS: last_scan_res_used=6/32 last_scan_full=0\
05-16 20:33:46.029  1651  1651 D wpa_supplicant: Add randomness: count=919 entropy=811\
05-16 20:33:46.029  1651  1651 D wpa_supplicant: random pool - hexdump(len=128): [REMOVED]\
05-16 20:33:46.029  1651  1651 D wpa_supplicant: random_mix_pool - hexdump(len=8): [REMOVED]\
05-16 20:33:46.029  1651  1651 D wpa_supplicant: random_mix_pool - hexdump(len=5): [REMOVED]\
05-16 20:33:46.029  1651  1651 D wpa_supplicant: random pool - hexdump(len=128): [REMOVED]\
05-16 20:33:46.029  1651  1651 D wpa_supplicant: Add randomness: count=920 entropy=812\
05-16 20:33:46.029  1651  1651 D wpa_supplicant: random pool - hexdump(len=128): [REMOVED]\
05-16 20:33:46.029  1651  1651 D wpa_supplicant: random_mix_pool - hexdump(len=8): [REMOVED]\
05-16 20:33:46.029  1651  1651 D wpa_supplicant: random_mix_pool - hexdump(len=5): [REMOVED]\
05-16 20:33:46.029  1651  1651 D wpa_supplicant: random pool - hexdump(len=128): [REMOVED]\
05-16 20:33:46.029  1651  1651 D wpa_supplicant: Add randomness: count=921 entropy=813\
05-16 20:33:46.029  1651  1651 D wpa_supplicant: random pool - hexdump(len=128): [REMOVED]\
05-16 20:33:46.029  1651  1651 D wpa_supplicant: random_mix_pool - hexdump(len=8): [REMOVED]\
05-16 20:33:46.029  1651  1651 D wpa_supplicant: random_mix_pool - hexdump(len=5): [REMOVED]\
05-16 20:33:46.029  1651  1651 D wpa_supplicant: random pool - hexdump(len=128): [REMOVED]\
05-16 20:33:46.029  1651  1651 D wpa_supplicant: Add randomness: count=922 entropy=814\
05-16 20:33:46.029  1651  1651 D wpa_supplicant: random pool - hexdump(len=128): [REMOVED]\
05-16 20:33:46.029  1651  1651 D wpa_supplicant: random_mix_pool - hexdump(len=8): [REMOVED]\
05-16 20:33:46.029  1651  1651 D wpa_supplicant: random_mix_pool - hexdump(len=5): [REMOVED]\
05-16 20:33:46.029  1651  1651 D wpa_supplicant: random pool - hexdump(len=128): [REMOVED]\
05-16 20:33:46.029  1651  1651 D wpa_supplicant: Add randomness: count=923 entropy=815\
05-16 20:33:46.029  1651  1651 D wpa_supplicant: random pool - hexdump(len=128): [REMOVED]\
05-16 20:33:46.029  1651  1651 D wpa_supplicant: random_mix_pool - hexdump(len=8): [REMOVED]\
05-16 20:33:46.029  1651  1651 D wpa_supplicant: random_mix_pool - hexdump(len=5): [REMOVED]\
05-16 20:33:46.029  1651  1651 D wpa_supplicant: random pool - hexdump(len=128): [REMOVED]\
05-16 20:33:46.029  1651  1651 D wpa_supplicant: Add randomness: count=924 entropy=816\
05-16 20:33:46.029  1651  1651 D wpa_supplicant: random pool - hexdump(len=128): [REMOVED]\
05-16 20:33:46.029  1651  1651 D wpa_supplicant: random_mix_pool - hexdump(len=8): [REMOVED]\
05-16 20:33:46.029  1651  1651 D wpa_supplicant: random_mix_pool - hexdump(len=5): [REMOVED]\
05-16 20:33:46.029  1651  1651 D wpa_supplicant: random pool - hexdump(len=128): [REMOVED]\
05-16 20:33:46.029  1651  1651 D wpa_supplicant: p2p0: New scan results available (own=0 ext=0)\
05-16 20:33:46.029  1651  1651 D wpa_supplicant: CTRL_IFACE monitor send - hexdump(len=39): 2f 64 61 74 61 2f 6d 69 73 63 2f 77 69 66 69 2f 73 6f 63 6b 65 74 73 2f 77 70 61 5f 63 74 72 6c ...\
05-16 20:33:46.029  1651  1651 D wpa_supplicant: WPS: attr type=0x104a len=1\
05-16 20:33:46.029  1651  1651 D wpa_supplicant: WPS: attr type=0x1044 len=1\
05-16 20:33:46.029  1651  1651 D wpa_supplicant: WPS: attr type=0x103b len=1\
05-16 20:33:46.029  1651  1651 D wpa_supplicant: WPS: attr type=0x1047 len=16\
05-16 20:33:46.029  1651  1651 D wpa_supplicant: WPS: attr type=0x1021 len=7\
05-16 20:33:46.029  1651  1651 D wpa_supplicant: WPS: attr type=0x1023 len=10\
05-16 20:33:46.029  1651  1651 D wpa_supplicant: WPS: attr type=0x1024 len=3\
05-16 20:33:46.029  1651  1651 D wpa_supplicant: WPS: attr type=0x1042 len=3\
05-16 20:33:46.029  1651  1651 D wpa_supplicant: WPS: attr type=0x1054 len=8\
05-16 20:33:46.029  1651  1651 D wpa_supplicant: WPS: attr type=0x1011 len=26\
05-16 20:33:46.029  1651  1651 D wpa_supplicant: WPS: attr type=0x1008 len=2\
05-16 20:33:46.029  1651  1651 D wpa_supplicant: WPS: attr type=0x103c len=1\
05-16 20:33:46.029  1651  1651 D wpa_supplicant: WPS: attr type=0x1049 len=20\
05-16 20:33:46.029  1158  2022 I QCALOG  : [LOWIUtils] inPostcardToResponse - FROM: LOWI-SERVER, TO:   1074520404-LOWIClient, RESP:  LOWI_DISCOVERY_SCAN\
05-16 20:33:46.029  1651  1651 D wpa_supplicant: WPS: Unknown Vendor Extension (Vendor ID 9442)\
05-16 20:33:46.029  1651  1651 D wpa_supplicant: WPS: attr type=0x104a len=1\
05-16 20:33:46.029  1651  1651 D wpa_supplicant: WPS: attr type=0x1044 len=1\
05-16 20:33:46.029  1651  1651 D wpa_supplicant: WPS: attr type=0x103b len=1\
05-16 20:33:46.029  1651  1651 D wpa_supplicant: WPS: attr type=0x1047 len=16\
05-16 20:33:46.029  1651  1651 D wpa_supplicant: WPS: attr type=0x1021 len=7\
05-16 20:33:46.029  1651  1651 D wpa_supplicant: WPS: attr type=0x1023 len=10\
05-16 20:33:46.029  1651  1651 D wpa_supplicant: WPS: attr type=0x1024 len=3\
05-16 20:33:46.029  1651  1651 D wpa_supplicant: WPS: attr type=0x1042 len=3\
05-16 20:33:46.029  1651  1651 D wpa_supplicant: WPS: attr type=0x1054 len=8\
05-16 20:33:46.029  1651  1651 D wpa_supplicant: WPS: attr type=0x1011 len=26\
05-16 20:33:46.029  1651  1651 D wpa_supplicant: WPS: attr type=0x1008 len=2\
05-16 20:33:46.029  1651  1651 D wpa_supplicant: WPS: attr type=0x103c len=1\
05-16 20:33:46.029  1651  1651 D wpa_supplicant: WPS: attr type=0x1049 len=20\
05-16 20:33:46.029  1651  1651 D wpa_supplicant: WPS: Unknown Vendor Extension (Vendor ID 9442)\
05-16 20:33:46.029  1651  1651 D wpa_supplicant: WPS: attr type=0x104a len=1\
05-16 20:33:46.029  1651  1651 D wpa_supplicant: WPS: attr type=0x1044 len=1\
05-16 20:33:46.029  1651  1651 D wpa_supplicant: WPS: attr type=0x103b len=1\
05-16 20:33:46.029  1651  1651 D wpa_supplicant: WPS: attr type=0x1047 len=16\
05-16 20:33:46.029  1651  1651 D wpa_supplicant: WPS: attr type=0x1021 len=7\
05-16 20:33:46.029  1651  1651 D wpa_supplicant: WPS: attr type=0x1023 len=10\
05-16 20:33:46.029  1651  1651 D wpa_supplicant: WPS: attr type=0x1024 len=3\
05-16 20:33:46.029  1651  1651 D wpa_supplicant: WPS: attr type=0x1042 len=3\
05-16 20:33:46.029  1651  1651 D wpa_supplicant: WPS: attr type=0x1054 len=8\
05-16 20:33:46.029  1158  2022 I QCALOG  : [LOWIWrapper] responseReceived Request Id = 41\
05-16 20:33:46.029  1651  1651 D wpa_supplicant: WPS: attr type=0x1011 len=26\
05-16 20:33:46.029  1651  1651 D wpa_supplicant: WPS: attr type=0x1008 len=2\
05-16 20:33:46.029  1651  1651 D wpa_supplicant: WPS: attr type=0x103c len=1\
05-16 20:33:46.029  1651  1651 D wpa_supplicant: WPS: attr type=0x1049 len=20\
05-16 20:33:46.029  1651  1651 D wpa_supplicant: WPS: Unknown Vendor Extension (Vendor ID 9442)\
05-16 20:33:46.029  1651  1651 D wpa_supplicant: WPS: attr type=0x104a len=1\
05-16 20:33:46.029  1651  1651 D wpa_supplicant: WPS: attr type=0x1044 len=1\
05-16 20:33:46.029  1651  1651 D wpa_supplicant: WPS: attr type=0x103b len=1\
05-16 20:33:46.029  1651  1651 D wpa_supplicant: WPS: attr type=0x1047 len=16\
05-16 20:33:46.029  1651  1651 D wpa_supplicant: WPS: attr type=0x1021 len=9\
05-16 20:33:46.029  1651  1651 D wpa_supplicant: WPS: attr type=0x1023 len=5\
05-16 20:33:46.029  1651  1651 D wpa_supplicant: WPS: attr type=0x1024 len=9\
05-16 20:33:46.029  1651  1651 D wpa_supplicant: WPS: attr type=0x1042 len=15\
05-16 20:33:46.029  1651  1651 D wpa_supplicant: WPS: attr type=0x1054 len=8\
05-16 20:33:46.029  1651  1651 D wpa_supplicant: WPS: attr type=0x1011 len=8\
05-16 20:33:46.029  1651  1651 D wpa_supplicant: WPS: attr type=0x1008 len=2\
05-16 20:33:46.029  1651  1651 D wpa_supplicant: WPS: attr type=0x103c len=1\
05-16 20:33:46.029  1651  1651 D wpa_supplicant: WPS: attr type=0x1049 len=6\
05-16 20:33:46.029  1651  1651 D wpa_supplicant: WPS: WFA subelement id=0 len=1\
05-16 20:33:46.029  1651  1651 D wpa_supplicant: WPS: attr type=0x104a len=1\
05-16 20:33:46.029  1651  1651 D wpa_supplicant: WPS: attr type=0x1044 len=1\
05-16 20:33:46.029  1651  1651 D wpa_supplicant: WPS: attr type=0x103b len=1\
05-16 20:33:46.029  1158  2025 D MSAP-NATIVE: msapb_search. RSSI initialized to = -128\
05-16 20:33:46.029  1651  1651 D wpa_supplicant: WPS: attr type=0x1047 len=16\
05-16 20:33:46.029  1158  2025 D MSAP-NATIVE: Look for msap in all ap's. AP index = 0\
05-16 20:33:46.029  1158  2025 D MSAP-NATIVE: Look for msap in all ap's. AP = 24:a4:3c:1a:db:30\
05-16 20:33:46.029  1651  1651 D wpa_supplicant: WPS: attr type=0x1021 len=9\
05-16 20:33:46.029  1158  2025 D MSAP-NATIVE: Look for msap in all ap's. AP index = 1\
05-16 20:33:46.029  1651  1651 D wpa_supplicant: WPS: attr type=0x1023 len=5\
05-16 20:33:46.029  1158  2025 D MSAP-NATIVE: Look for msap in all ap's. AP = 24:a4:3c:1a:db:20\
05-16 20:33:46.029  1651  1651 D wpa_supplicant: WPS: attr type=0x1024 len=9\
05-16 20:33:46.029  1158  2025 D MSAP-NATIVE: Look for msap in all ap's. AP index = 2\
05-16 20:33:46.029  1651  1651 D wpa_supplicant: WPS: attr type=0x1042 len=15\
05-16 20:33:46.029  1158  2025 D MSAP-NATIVE: Look for msap in all ap's. AP = d4:bf:7f:50:25:d7\
05-16 20:33:46.029  1651  1651 D wpa_supplicant: WPS: attr type=0x1054 len=8\
05-16 20:33:46.029  1158  2025 D MSAP-NATIVE: Look for msap in all ap's. AP index = 3\
05-16 20:33:46.029  1651  1651 D wpa_supplicant: WPS: attr type=0x1011 len=8\
05-16 20:33:46.029  1651  1651 D wpa_supplicant: WPS: attr type=0x1008 len=2\
05-16 20:33:46.029  1651  1651 D wpa_supplicant: WPS: attr type=0x103c len=1\
05-16 20:33:46.029  1651  1651 D wpa_supplicant: WPS: attr type=0x1049 len=6\
05-16 20:33:46.029  1158  2025 D MSAP-NATIVE: Look for msap in all ap's. AP = e8:fc:af:ff:3a:34\
05-16 20:33:46.029  1651  1651 D wpa_supplicant: WPS: WFA subelement id=0 len=1\
05-16 20:33:46.029  1651  1651 D wpa_supplicant: WPS: attr type=0x104a len=1\
05-16 20:33:46.029  1651  1651 D wpa_supplicant: WPS: attr type=0x1044 len=1\
05-16 20:33:46.029  1651  1651 D wpa_supplicant: WPS: attr type=0x103b len=1\
05-16 20:33:46.029  1651  1651 D wpa_supplicant: WPS: attr type=0x1047 len=16\
05-16 20:33:46.029  1651  1651 D wpa_supplicant: WPS: attr type=0x1021 len=9\
05-16 20:33:46.029  1651  1651 D wpa_supplicant: WPS: attr type=0x1023 len=5\
05-16 20:33:46.029  1651  1651 D wpa_supplicant: WPS: attr type=0x1024 len=9\
05-16 20:33:46.029  1651  1651 D wpa_supplicant: WPS: attr type=0x1042 len=15\
05-16 20:33:46.029  1651  1651 D wpa_supplicant: WPS: attr type=0x1054 len=8\
05-16 20:33:46.029  1651  1651 D wpa_supplicant: WPS: attr type=0x1011 len=8\
05-16 20:33:46.029  1158  2025 D MSAP-NATIVE: Look for msap in all ap's. AP index = 4\
05-16 20:33:46.029  1651  1651 D wpa_supplicant: WPS: attr type=0x1008 len=2\
05-16 20:33:46.029  1651  1651 D wpa_supplicant: WPS: attr type=0x103c len=1\
05-16 20:33:46.029  1158  2025 D MSAP-NATIVE: Look for msap in all ap's. AP = 34:68:95:6b:91:2f\
05-16 20:33:46.029  1651  1651 D wpa_supplicant: WPS: attr type=0x1049 len=6\
05-16 20:33:46.029  1158  2025 D MSAP-NATIVE: Look for msap in all ap's. AP index = 5\
05-16 20:33:46.029  1158  2025 D MSAP-NATIVE: Look for msap in all ap's. AP = ec:43:f6:da:f7:48\
05-16 20:33:46.029  1158  2025 I MSAP-NATIVE: msapb_search returned with 0 beacons\
05-16 20:33:46.029  1651  1651 D wpa_supplicant: WPS: WFA subelement id=0 len=1\
05-16 20:33:46.029  1651  1651 D wpa_supplicant: WPS: attr type=0x104a len=1\
05-16 20:33:46.029  1651  1651 D wpa_supplicant: WPS: attr type=0x1044 len=1\
05-16 20:33:46.029  1651  1651 D wpa_supplicant: WPS: attr type=0x1047 len=16\
05-16 20:33:46.029  1651  1651 D wpa_supplicant: WPS: attr type=0x103c len=1\
05-16 20:33:46.029  1651  1651 D wpa_supplicant: WPS: attr type=0x1049 len=6\
05-16 20:33:46.029  1651  1651 D wpa_supplicant: WPS: WFA subelement id=0 len=1\
05-16 20:33:46.029  1651  1651 D wpa_supplicant: WPS: attr type=0x104a len=1\
05-16 20:33:46.029  1651  1651 D wpa_supplicant: WPS: attr type=0x1044 len=1\
05-16 20:33:46.029  1651  1651 D wpa_supplicant: WPS: attr type=0x1047 len=16\
05-16 20:33:46.029  1651  1651 D wpa_supplicant: WPS: attr type=0x103c len=1\
05-16 20:33:46.029  1651  1651 D wpa_supplicant: WPS: attr type=0x1049 len=6\
05-16 20:33:46.029  1651  1651 D wpa_supplicant: WPS: WFA subelement id=0 len=1\
05-16 20:33:46.029  1651  1651 D wpa_supplicant: WPS: attr type=0x104a len=1\
05-16 20:33:46.029  1651  1651 D wpa_supplicant: WPS: attr type=0x1044 len=1\
05-16 20:33:46.029  1651  1651 D wpa_supplicant: WPS: attr type=0x1047 len=16\
05-16 20:33:46.029  1651  1651 D wpa_supplicant: WPS: attr type=0x103c len=1\
05-16 20:33:46.029  1651  1651 D wpa_supplicant: WPS: attr type=0x1049 len=6\
05-16 20:33:46.029  1651  1651 D wpa_supplicant: WPS: WFA subelement id=0 len=1\
05-16 20:33:46.029  1651  1651 D wpa_supplicant: WPS: attr type=0x104a len=1\
05-16 20:33:46.029  1651  1651 D wpa_supplicant: WPS: attr type=0x1044 len=1\
05-16 20:33:46.029  1651  1651 D wpa_supplicant: WPS: attr type=0x103b len=1\
05-16 20:33:46.029  1651  1651 D wpa_supplicant: WPS: attr type=0x1047 len=16\
05-16 20:33:46.029  1651  1651 D wpa_supplicant: WPS: attr type=0x1021 len=24\
05-16 20:33:46.029  1651  1651 D wpa_supplicant: WPS: attr type=0x1023 len=28\
05-16 20:33:46.029  1651  1651 D wpa_supplicant: WPS: attr type=0x1024 len=6\
05-16 20:33:46.029  1651  1651 D wpa_supplicant: WPS: attr type=0x1042 len=8\
05-16 20:33:46.029  1651  1651 D wpa_supplicant: WPS: attr type=0x1054 len=8\
05-16 20:33:46.029  1651  1651 D wpa_supplicant: WPS: attr type=0x1011 len=9\
05-16 20:33:46.029  1651  1651 D wpa_supplicant: WPS: attr type=0x1008 len=2\
05-16 20:33:46.029  1651  1651 D wpa_supplicant: WPS: attr type=0x103c len=1\
05-16 20:33:46.029  1651  1651 D wpa_supplicant: WPS: attr type=0x104a len=1\
05-16 20:33:46.029  1651  1651 D wpa_supplicant: WPS: attr type=0x1044 len=1\
05-16 20:33:46.029  1651  1651 D wpa_supplicant: WPS: attr type=0x103b len=1\
05-16 20:33:46.029  1651  1651 D wpa_supplicant: WPS: attr type=0x1047 len=16\
05-16 20:33:46.029  1651  1651 D wpa_supplicant: WPS: attr type=0x1021 len=24\
05-16 20:33:46.029  1651  1651 D wpa_supplicant: WPS: attr type=0x1023 len=28\
05-16 20:33:46.029  1651  1651 D wpa_supplicant: WPS: attr type=0x1024 len=6\
05-16 20:33:46.029  1651  1651 D wpa_supplicant: WPS: attr type=0x1042 len=8\
05-16 20:33:46.029  1651  1651 D wpa_supplicant: WPS: attr type=0x1054 len=8\
05-16 20:33:46.029  1651  1651 D wpa_supplicant: WPS: attr type=0x1011 len=9\
05-16 20:33:46.029  1651  1651 D wpa_supplicant: WPS: attr type=0x1008 len=2\
05-16 20:33:46.029  1651  1651 D wpa_supplicant: WPS: attr type=0x103c len=1\
05-16 20:33:46.029  1158  2025 I MSAPBM  : Loop - MSAP Version = 2.0.4\
05-16 20:33:46.029  1651  1651 D wpa_supplicant: WPS: attr type=0x104a len=1\
05-16 20:33:46.029  1651  1651 D wpa_supplicant: WPS: attr type=0x1044 len=1\
05-16 20:33:46.029  1651  1651 D wpa_supplicant: WPS: attr type=0x103b len=1\
05-16 20:33:46.029  1651  1651 D wpa_supplicant: WPS: attr type=0x1047 len=16\
05-16 20:33:46.029  1651  1651 D wpa_supplicant: WPS: attr type=0x1021 len=24\
05-16 20:33:46.029  1651  1651 D wpa_supplicant: WPS: attr type=0x1023 len=28\
05-16 20:33:46.029  1651  1651 D wpa_supplicant: WPS: attr type=0x1024 len=6\
05-16 20:33:46.029  1651  1651 D wpa_supplicant: WPS: attr type=0x1042 len=8\
05-16 20:33:46.029  1651  1651 D wpa_supplicant: WPS: attr type=0x1054 len=8\
05-16 20:33:46.029  1651  1651 D wpa_supplicant: WPS: attr type=0x1011 len=9\
05-16 20:33:46.029  1651  1651 D wpa_supplicant: WPS: attr type=0x1008 len=2\
05-16 20:33:46.029  1651  1651 D wpa_supplicant: WPS: attr type=0x103c len=1\
05-16 20:33:46.039  1651  1651 D wpa_supplicant: CTRL_IFACE monitor send - hexdump(len=39): 2f 64 61 74 61 2f 6d 69 73 63 2f 77 69 66 69 2f 73 6f 63 6b 65 74 73 2f 77 70 61 5f 63 74 72 6c ...\
05-16 20:33:46.039  1651  1651 D wpa_supplicant: WPS: attr type=0x104a len=1\
05-16 20:33:46.039  1651  1651 D wpa_supplicant: WPS: attr type=0x1044 len=1\
05-16 20:33:46.039  1651  1651 D wpa_supplicant: WPS: attr type=0x103b len=1\
05-16 20:33:46.039  1651  1651 D wpa_supplicant: WPS: attr type=0x1047 len=16\
05-16 20:33:46.039  1651  1651 D wpa_supplicant: WPS: attr type=0x1021 len=9\
05-16 20:33:46.039  1651  1651 D wpa_supplicant: WPS: attr type=0x1023 len=5\
05-16 20:33:46.039  1651  1651 D wpa_supplicant: WPS: attr type=0x1024 len=9\
05-16 20:33:46.039  1651  1651 D wpa_supplicant: WPS: attr type=0x1042 len=15\
05-16 20:33:46.039  1651  1651 D wpa_supplicant: WPS: attr type=0x1054 len=8\
05-16 20:33:46.039  1651  1651 D wpa_supplicant: WPS: attr type=0x1011 len=8\
05-16 20:33:46.039  1651  1651 D wpa_supplicant: WPS: attr type=0x1008 len=2\
05-16 20:33:46.039  1651  1651 D wpa_supplicant: WPS: attr type=0x103c len=1\
05-16 20:33:46.039  1651  1651 D wpa_supplicant: WPS: attr type=0x1049 len=6\
05-16 20:33:46.039  1651  1651 D wpa_supplicant: WPS: WFA subelement id=0 len=1\
05-16 20:33:46.039  1651  1651 D wpa_supplicant: WPS: attr type=0x104a len=1\
05-16 20:33:46.039  1651  1651 D wpa_supplicant: WPS: attr type=0x1044 len=1\
05-16 20:33:46.039  1651  1651 D wpa_supplicant: WPS: attr type=0x1047 len=16\
05-16 20:33:46.039  1651  1651 D wpa_supplicant: WPS: attr type=0x103c len=1\
05-16 20:33:46.039  1651  1651 D wpa_supplicant: WPS: attr type=0x1049 len=6\
05-16 20:33:46.039  1651  1651 D wpa_supplicant: WPS: WFA subelement id=0 len=1\
05-16 20:33:46.039  1651  1651 D wpa_supplicant: WPS: attr type=0x104a len=1\
05-16 20:33:46.039  1651  1651 D wpa_supplicant: WPS: attr type=0x1044 len=1\
05-16 20:33:46.039  1651  1651 D wpa_supplicant: WPS: attr type=0x103b len=1\
05-16 20:33:46.039  1651  1651 D wpa_supplicant: WPS: attr type=0x1047 len=16\
05-16 20:33:46.039  1651  1651 D wpa_supplicant: WPS: attr type=0x1021 len=24\
05-16 20:33:46.039  1651  1651 D wpa_supplicant: WPS: attr type=0x1023 len=28\
05-16 20:33:46.039  1651  1651 D wpa_supplicant: WPS: attr type=0x1024 len=6\
05-16 20:33:46.039  1651  1651 D wpa_supplicant: WPS: attr type=0x1042 len=8\
05-16 20:33:46.039  1651  1651 D wpa_supplicant: WPS: attr type=0x1054 len=8\
05-16 20:33:46.039  1651  1651 D wpa_supplicant: WPS: attr type=0x1011 len=9\
05-16 20:33:46.039  1651  1651 D wpa_supplicant: WPS: attr type=0x1008 len=2\
05-16 20:33:46.039  1651  1651 D wpa_supplicant: WPS: attr type=0x103c len=1\
05-16 20:33:46.039  1651  1651 D wpa_supplicant: WPS: AP[0] d4:bf:7f:50:25:d7 type=0 tries=0 last_attempt=-1 sec ago blacklist=0\
05-16 20:33:46.039  1651  1651 D wpa_supplicant: WPS: AP[1] e8:fc:af:ff:3a:34 type=0 tries=0 last_attempt=-1 sec ago blacklist=0\
05-16 20:33:46.039  1651  1651 D wpa_supplicant: WPS: AP[2] ec:43:f6:da:f7:48 type=0 tries=0 last_attempt=-1 sec ago blacklist=0\
05-16 20:33:46.039  1651  1651 D wpa_supplicant: WPS: AP[3] 28:28:5d:c5:9f:44 type=0 tries=0 last_attempt=-1 sec ago blacklist=0\
05-16 20:33:46.039  1651  1651 D wpa_supplicant: WPS: AP[4] e8:fc:af:ff:3a:33 type=0 tries=0 last_attempt=-1 sec ago blacklist=0\
05-16 20:33:46.039  1651  1651 D wpa_supplicant: WPS: AP[5] 10:fe:ed:f9:c9:c1 type=0 tries=0 last_attempt=-1 sec ago blacklist=0\
05-16 20:33:46.039  1651  1651 D wpa_supplicant: WPS: AP[6] 60:e3:27:d5:bc:c4 type=0 tries=0 last_attempt=-1 sec ago blacklist=0\
05-16 20:33:46.039  1651  1651 D wpa_supplicant: WPS: AP[7] 00:24:b2:5a:54:33 type=0 tries=0 last_attempt=-1 sec ago blacklist=0\
05-16 20:33:46.039  1651  1651 D wpa_supplicant: p2p0: No suitable network found\
05-16 20:33:46.039  1651  1651 D wpa_supplicant: p2p0: Short-circuit new scan request since there are no enabled networks\
05-16 20:33:46.039  1651  1651 D wpa_supplicant: p2p0: State: INACTIVE -> INACTIVE\
05-16 20:33:46.039  1651  1651 D wpa_supplicant: wlan0: P2P: Station mode scan operation not pending anymore (sta_scan_pending=0 p2p_cb_on_scan_complete=0)\
05-16 20:33:46.039  1651  1651 D wpa_supplicant: nl80211: Drv Event 32 (NL80211_CMD_GET_SCAN) received for wlan0\
05-16 20:33:46.039  1651  1651 D wpa_supplicant: wlan0: nl80211: Ignored unknown event (cmd=32)\
05-16 20:33:46.039  1651  1651 D wpa_supplicant: RX ctrl_iface - hexdump(len=25): 42 53 53 20 52 41 4e 47 45 3d 30 2d 20 4d 41 53 4b 3d 30 78 32 31 39 38 37\
05-16 20:33:46.039  1651  1651 D wpa_supplicant: wlan0: Control interface command 'BSS RANGE=0- MASK=0x21987'\
05-16 20:33:46.039  1651  1651 D wpa_supplicant: WPS: attr type=0x104a len=1\
05-16 20:33:46.039  1651  1651 D wpa_supplicant: WPS: attr type=0x1044 len=1\
05-16 20:33:46.039  1651  1651 D wpa_supplicant: WPS: attr type=0x103b len=1\
05-16 20:33:46.039  1651  1651 D wpa_supplicant: WPS: attr type=0x1047 len=16\
05-16 20:33:46.039  1651  1651 D wpa_supplicant: WPS: attr type=0x1021 len=9\
05-16 20:33:46.039  1651  1651 D wpa_supplicant: WPS: attr type=0x1023 len=5\
05-16 20:33:46.039  1651  1651 D wpa_supplicant: WPS: attr type=0x1024 len=9\
05-16 20:33:46.039  1651  1651 D wpa_supplicant: WPS: attr type=0x1042 len=15\
05-16 20:33:46.039  1651  1651 D wpa_supplicant: WPS: attr type=0x1054 len=8\
05-16 20:33:46.039  1651  1651 D wpa_supplicant: WPS: attr type=0x1011 len=8\
05-16 20:33:46.039  1651  1651 D wpa_supplicant: WPS: attr type=0x1008 len=2\
05-16 20:33:46.039  1651  1651 D wpa_supplicant: WPS: attr type=0x103c len=1\
05-16 20:33:46.039  1651  1651 D wpa_supplicant: WPS: attr type=0x1049 len=6\
05-16 20:33:46.039  1651  1651 D wpa_supplicant: WPS: WFA subelement id=0 len=1\
05-16 20:33:46.039  1651  1651 D wpa_supplicant: WPS: attr type=0x104a len=1\
05-16 20:33:46.039  1651  1651 D wpa_supplicant: WPS: attr type=0x1044 len=1\
05-16 20:33:46.039  1651  1651 D wpa_supplicant: WPS: attr type=0x103b len=1\
05-16 20:33:46.039  1651  1651 D wpa_supplicant: WPS: attr type=0x1047 len=16\
05-16 20:33:46.039  1651  1651 D wpa_supplicant: WPS: attr type=0x1021 len=9\
05-16 20:33:46.039  1651  1651 D wpa_supplicant: WPS: attr type=0x1023 len=5\
05-16 20:33:46.039  1651  1651 D wpa_supplicant: WPS: attr type=0x1024 len=9\
05-16 20:33:46.039  1651  1651 D wpa_supplicant: WPS: attr type=0x1042 len=15\
05-16 20:33:46.039  1651  1651 D wpa_supplicant: WPS: attr type=0x1054 len=8\
05-16 20:33:46.039  1651  1651 D wpa_supplicant: WPS: attr type=0x1011 len=8\
05-16 20:33:46.039  1651  1651 D wpa_supplicant: WPS: attr type=0x1008 len=2\
05-16 20:33:46.039  1651  1651 D wpa_supplicant: WPS: attr type=0x103c len=1\
05-16 20:33:46.039  1651  1651 D wpa_supplicant: WPS: attr type=0x1049 len=6\
05-16 20:33:46.039  1651  1651 D wpa_supplicant: WPS: WFA subelement id=0 len=1\
05-16 20:33:46.039  1651  1651 D wpa_supplicant: WPS: attr type=0x104a len=1\
05-16 20:33:46.039  1651  1651 D wpa_supplicant: WPS: attr type=0x1044 len=1\
05-16 20:33:46.039  1651  1651 D wpa_supplicant: WPS: attr type=0x103b len=1\
05-16 20:33:46.039  1651  1651 D wpa_supplicant: WPS: attr type=0x1047 len=16\
05-16 20:33:46.039  1651  1651 D wpa_supplicant: WPS: attr type=0x1021 len=9\
05-16 20:33:46.039  1651  1651 D wpa_supplicant: WPS: attr type=0x1023 len=5\
05-16 20:33:46.039  1651  1651 D wpa_supplicant: WPS: attr type=0x1024 len=9\
05-16 20:33:46.039  1651  1651 D wpa_supplicant: WPS: attr type=0x1042 len=15\
05-16 20:33:46.039  1651  1651 D wpa_supplicant: WPS: attr type=0x1054 len=8\
05-16 20:33:46.039  1651  1651 D wpa_supplicant: WPS: attr type=0x1011 len=8\
05-16 20:33:46.039  1651  1651 D wpa_supplicant: WPS: attr type=0x1008 len=2\
05-16 20:33:46.039  1651  1651 D wpa_supplicant: WPS: attr type=0x103c len=1\
05-16 20:33:46.039  1651  1651 D wpa_supplicant: WPS: attr type=0x1049 len=6\
05-16 20:33:46.039  1651  1651 D wpa_supplicant: WPS: WFA subelement id=0 len=1\
05-16 20:33:46.039  1651  1651 D wpa_supplicant: WPS: attr type=0x104a len=1\
05-16 20:33:46.039  1651  1651 D wpa_supplicant: WPS: attr type=0x1044 len=1\
05-16 20:33:46.039  1651  1651 D wpa_supplicant: WPS: attr type=0x1047 len=16\
05-16 20:33:46.039  1651  1651 D wpa_supplicant: WPS: attr type=0x103c len=1\
05-16 20:33:46.039  1651  1651 D wpa_supplicant: WPS: attr type=0x1049 len=6\
05-16 20:33:46.039  1651  1651 D wpa_supplicant: WPS: WFA subelement id=0 len=1\
05-16 20:33:46.039  1651  1651 D wpa_supplicant: WPS: attr type=0x104a len=1\
05-16 20:33:46.039  1651  1651 D wpa_supplicant: WPS: attr type=0x1044 len=1\
05-16 20:33:46.039  1651  1651 D wpa_supplicant: WPS: attr type=0x1047 len=16\
05-16 20:33:46.039  1651  1651 D wpa_supplicant: WPS: attr type=0x103c len=1\
05-16 20:33:46.039  1651  1651 D wpa_supplicant: WPS: attr type=0x1049 len=6\
05-16 20:33:46.039  1651  1651 D wpa_supplicant: WPS: WFA subelement id=0 len=1\
05-16 20:33:46.039  1651  1651 D wpa_supplicant: WPS: attr type=0x104a len=1\
05-16 20:33:46.039  1651  1651 D wpa_supplicant: WPS: attr type=0x1044 len=1\
05-16 20:33:46.039  1651  1651 D wpa_supplicant: WPS: attr type=0x1047 len=16\
05-16 20:33:46.039  1651  1651 D wpa_supplicant: WPS: attr type=0x103c len=1\
05-16 20:33:46.039  1651  1651 D wpa_supplicant: WPS: attr type=0x1049 len=6\
05-16 20:33:46.039  1651  1651 D wpa_supplicant: WPS: WFA subelement id=0 len=1\
05-16 20:33:46.039  1651  1651 D wpa_supplicant: WPS: attr type=0x104a len=1\
05-16 20:33:46.039  1651  1651 D wpa_supplicant: WPS: attr type=0x1044 len=1\
05-16 20:33:46.039  1651  1651 D wpa_supplicant: WPS: attr type=0x103b len=1\
05-16 20:33:46.039  1651  1651 D wpa_supplicant: WPS: attr type=0x1047 len=16\
05-16 20:33:46.039  1651  1651 D wpa_supplicant: WPS: attr type=0x1021 len=24\
05-16 20:33:46.039  1651  1651 D wpa_supplicant: WPS: attr type=0x1023 len=28\
05-16 20:33:46.039  1651  1651 D wpa_supplicant: WPS: attr type=0x1024 len=6\
05-16 20:33:46.039  1651  1651 D wpa_supplicant: WPS: attr type=0x1042 len=8\
05-16 20:33:46.039  1651  1651 D wpa_supplicant: WPS: attr type=0x1054 len=8\
05-16 20:33:46.039  1651  1651 D wpa_supplicant: WPS: attr type=0x1011 len=9\
05-16 20:33:46.039  1651  1651 D wpa_supplicant: WPS: attr type=0x1008 len=2\
05-16 20:33:46.039  1651  1651 D wpa_supplicant: WPS: attr type=0x103c len=1\
05-16 20:33:46.039  1651  1651 D wpa_supplicant: WPS: attr type=0x104a len=1\
05-16 20:33:46.039  1651  1651 D wpa_supplicant: WPS: attr type=0x1044 len=1\
05-16 20:33:46.039  1651  1651 D wpa_supplicant: WPS: attr type=0x103b len=1\
05-16 20:33:46.039  1651  1651 D wpa_supplicant: WPS: attr type=0x1047 len=16\
05-16 20:33:46.039  1651  1651 D wpa_supplicant: WPS: attr type=0x1021 len=24\
05-16 20:33:46.039  1651  1651 D wpa_supplicant: WPS: attr type=0x1023 len=28\
05-16 20:33:46.039  1651  1651 D wpa_supplicant: WPS: attr type=0x1024 len=6\
05-16 20:33:46.039  1651  1651 D wpa_supplicant: WPS: attr type=0x1042 len=8\
05-16 20:33:46.039  1651  1651 D wpa_supplicant: WPS: attr type=0x1054 len=8\
05-16 20:33:46.039  1651  1651 D wpa_supplicant: WPS: attr type=0x1011 len=9\
05-16 20:33:46.039  1651  1651 D wpa_supplicant: WPS: attr type=0x1008 len=2\
05-16 20:33:46.039  1651  1651 D wpa_supplicant: WPS: attr type=0x103c len=1\
05-16 20:33:46.039  1651  1651 D wpa_supplicant: WPS: attr type=0x104a len=1\
05-16 20:33:46.039  1651  1651 D wpa_supplicant: WPS: attr type=0x1044 len=1\
05-16 20:33:46.039  1651  1651 D wpa_supplicant: WPS: attr type=0x103b len=1\
05-16 20:33:46.039  1651  1651 D wpa_supplicant: WPS: attr type=0x1047 len=16\
05-16 20:33:46.039  1651  1651 D wpa_supplicant: WPS: attr type=0x1021 len=24\
05-16 20:33:46.039  1651  1651 D wpa_supplicant: WPS: attr type=0x1023 len=28\
05-16 20:33:46.039  1651  1651 D wpa_supplicant: WPS: attr type=0x1024 len=6\
05-16 20:33:46.039  1651  1651 D wpa_supplicant: WPS: attr type=0x1042 len=8\
05-16 20:33:46.039  1651  1651 D wpa_supplicant: WPS: attr type=0x1054 len=8\
05-16 20:33:46.039  1651  1651 D wpa_supplicant: WPS: attr type=0x1011 len=9\
05-16 20:33:46.039  1651  1651 D wpa_supplicant: WPS: attr type=0x1008 len=2\
05-16 20:33:46.039  1651  1651 D wpa_supplicant: WPS: attr type=0x103c len=1\
05-16 20:33:46.039  1651  1651 D wpa_supplicant: WPS: attr type=0x104a len=1\
05-16 20:33:46.039  1651  1651 D wpa_supplicant: WPS: attr type=0x1044 len=1\
05-16 20:33:46.039  1651  1651 D wpa_supplicant: WPS: attr type=0x103b len=1\
05-16 20:33:46.039  1651  1651 D wpa_supplicant: WPS: attr type=0x1047 len=16\
05-16 20:33:46.039  1651  1651 D wpa_supplicant: WPS: attr type=0x1021 len=7\
05-16 20:33:46.039  1651  1651 D wpa_supplicant: WPS: attr type=0x1023 len=10\
05-16 20:33:46.039  1651  1651 D wpa_supplicant: WPS: attr type=0x1024 len=3\
05-16 20:33:46.039  1651  1651 D wpa_supplicant: WPS: attr type=0x1042 len=3\
05-16 20:33:46.039  1651  1651 D wpa_supplicant: WPS: attr type=0x1054 len=8\
05-16 20:33:46.039  1651  1651 D wpa_supplicant: WPS: attr type=0x1011 len=26\
05-16 20:33:46.039  1651  1651 D wpa_supplicant: WPS: attr type=0x1008 len=2\
05-16 20:33:46.039  1651  1651 D wpa_supplicant: WPS: attr type=0x103c len=1\
05-16 20:33:46.039  1651  1651 D wpa_supplicant: WPS: attr type=0x1049 len=20\
05-16 20:33:46.039  1651  1651 D wpa_supplicant: WPS: Unknown Vendor Extension (Vendor ID 9442)\
05-16 20:33:46.039  1651  1651 D wpa_supplicant: WPS: attr type=0x104a len=1\
05-16 20:33:46.039  1651  1651 D wpa_supplicant: WPS: attr type=0x1044 len=1\
05-16 20:33:46.039  1651  1651 D wpa_supplicant: WPS: attr type=0x103b len=1\
05-16 20:33:46.039  1651  1651 D wpa_supplicant: WPS: attr type=0x1047 len=16\
05-16 20:33:46.039  1651  1651 D wpa_supplicant: WPS: attr type=0x1021 len=7\
05-16 20:33:46.039  1651  1651 D wpa_supplicant: WPS: attr type=0x1023 len=10\
05-16 20:33:46.039  1651  1651 D wpa_supplicant: WPS: attr type=0x1024 len=3\
05-16 20:33:46.039  1651  1651 D wpa_supplicant: WPS: attr type=0x1042 len=3\
05-16 20:33:46.039  1651  1651 D wpa_supplicant: WPS: attr type=0x1054 len=8\
05-16 20:33:46.039  1651  1651 D wpa_supplicant: WPS: attr type=0x1011 len=26\
05-16 20:33:46.039  1651  1651 D wpa_supplicant: WPS: attr type=0x1008 len=2\
05-16 20:33:46.039  1651  1651 D wpa_supplicant: WPS: attr type=0x103c len=1\
05-16 20:33:46.039  1651  1651 D wpa_supplicant: WPS: attr type=0x1049 len=20\
05-16 20:33:46.039  1651  1651 D wpa_supplicant: WPS: Unknown Vendor Extension (Vendor ID 9442)\
05-16 20:33:46.039  1651  1651 D wpa_supplicant: WPS: attr type=0x104a len=1\
05-16 20:33:46.039  1651  1651 D wpa_supplicant: WPS: attr type=0x1044 len=1\
05-16 20:33:46.039  1651  1651 D wpa_supplicant: WPS: attr type=0x103b len=1\
05-16 20:33:46.039  1651  1651 D wpa_supplicant: WPS: attr type=0x1047 len=16\
05-16 20:33:46.039  1651  1651 D wpa_supplicant: WPS: attr type=0x1021 len=7\
05-16 20:33:46.039  1651  1651 D wpa_supplicant: WPS: attr type=0x1023 len=10\
05-16 20:33:46.039  1651  1651 D wpa_supplicant: WPS: attr type=0x1024 len=3\
05-16 20:33:46.039  1651  1651 D wpa_supplicant: WPS: attr type=0x1042 len=3\
05-16 20:33:46.039  1651  1651 D wpa_supplicant: WPS: attr type=0x1054 len=8\
05-16 20:33:46.039  1651  1651 D wpa_supplicant: WPS: attr type=0x1011 len=26\
05-16 20:33:46.039  1651  1651 D wpa_supplicant: WPS: attr type=0x1008 len=2\
05-16 20:33:46.039  1651  1651 D wpa_supplicant: WPS: attr type=0x103c len=1\
05-16 20:33:46.039  1651  1651 D wpa_supplicant: WPS: attr type=0x1049 len=20\
05-16 20:33:46.039  1651  1651 D wpa_supplicant: WPS: Unknown Vendor Extension (Vendor ID 9442)\
05-16 20:33:46.039  1651  1651 D wpa_supplicant: RTM_NEWLINK: operstate=1 ifi_flags=0x11043 ([UP][RUNNING][LOWER_UP])\
05-16 20:33:46.039  1651  1651 D wpa_supplicant: RTM_NEWLINK, IFLA_IFNAME: Interface 'wlan0' added\
05-16 20:33:46.039  1651  1651 D wpa_supplicant: nl80211: if_removed already cleared - ignore event\
05-16 20:33:46.049   923  1328 D LBSSystemMonitorService: handleMessage what - 4\
05-16 20:33:46.049   923  1328 D Wiper_jni: Send Network Location.\
05-16 20:33:46.049   923  1122 E LocSvc_api_v02: I/---> locClientSendReq line 2360 QMI_LOC_INJECT_WIFI_POSITION_REQ_V02\
05-16 20:33:46.049   923  1156 E LocSvc_ApiV02: I/<--- void globalRespCb(locClientHandleType, uint32_t, locClientRespIndUnionType, void*) line 106 QMI_LOC_INJECT_WIFI_POSITION_REQ_V02\
05-16 20:33:46.059  1158  1341 W XTWiFiLP: No fix from XTWiFi-PE\
05-16 20:33:46.059  1158  1341 W XTWiFiLP: No WiFi scan result from XTWiFi-PE\
05-16 20:33:47.979  1651  1651 D wpa_supplicant: RX ctrl_iface - hexdump(len=11): 53 49 47 4e 41 4c 5f 50 4f 4c 4c\
05-16 20:33:47.979  1651  1651 D wpa_supplicant: wlan0: Control interface command 'SIGNAL_POLL'\
05-16 20:33:47.989  1651  1651 D wpa_supplicant: nl80211: survey data missing!\
05-16 20:33:48.459  9944  9944 D QSEECOMAPI: : QSEECom_get_handle sb_length = 0x2000\
05-16 20:33:48.459  9944  9944 D QSEECOMAPI: : App is not loaded in QSEE\
05-16 20:33:48.459  9944  9944 E QSEECOMAPI: : Error::Cannot open the file /vendor/firmware/keymaster/keymaster.mdt\
05-16 20:33:48.459  9944  9944 E QSEECOMAPI: : Error::Loading image failed with ret = -1\
05-16 20:33:48.469  9944  9944 D QSEECOMAPI: : QSEECom_get_handle sb_length = 0x2000\
05-16 20:33:48.469  9944  9944 D QSEECOMAPI: : App is not loaded in QSEE\
05-16 20:33:48.469  9944  9944 E QSEECOMAPI: : Error::Cannot open the file /firmware/image/keymaste.mdt\
05-16 20:33:48.469  9944  9944 E QSEECOMAPI: : Error::Loading image failed with ret = -1\
05-16 20:33:48.479  9944  9944 E QCOMKeyMaster: Loading keymaster app failied\
05-16 20:33:48.479  9944  9944 E keystore: could not open keymaster device in keystore (Operation not permitted)\
05-16 20:33:48.479  9944  9944 E keystore: keystore keymaster could not be initialized; exiting\
05-16 20:33:48.789   219   219 V WLAN_PSA: NL MSG, len[048], NL type[0x11] WNI type[0x5050] len[028]\
05-16 20:33:48.849  1959  1973 E QcrilMsgTunnelSocket: IOException - java.io.IOException: No such file or directory Reason: No such file or directory\
05-16 20:33:50.989  1651  1651 D wpa_supplicant: RX ctrl_iface - hexdump(len=11): 53 49 47 4e 41 4c 5f 50 4f 4c 4c\
05-16 20:33:50.989  1651  1651 D wpa_supplicant: wlan0: Control interface command 'SIGNAL_POLL'\
05-16 20:33:50.999  1651  1651 D wpa_supplicant: nl80211: survey data missing!\
05-16 20:33:52.849  1959  1973 E QcrilMsgTunnelSocket: IOException - java.io.IOException: No such file or directory Reason: No such file or directory\
05-16 20:33:53.519  9945  9945 D QSEECOMAPI: : QSEECom_get_handle sb_length = 0x2000\
05-16 20:33:53.519  9945  9945 D QSEECOMAPI: : App is not loaded in QSEE\
05-16 20:33:53.519  9945  9945 E QSEECOMAPI: : Error::Cannot open the file /vendor/firmware/keymaster/keymaster.mdt\
05-16 20:33:53.519  9945  9945 E QSEECOMAPI: : Error::Loading image failed with ret = -1\
05-16 20:33:53.529  9945  9945 D QSEECOMAPI: : QSEECom_get_handle sb_length = 0x2000\
05-16 20:33:53.529  9945  9945 D QSEECOMAPI: : App is not loaded in QSEE\
05-16 20:33:53.529  9945  9945 E QSEECOMAPI: : Error::Cannot open the file /firmware/image/keymaste.mdt\
05-16 20:33:53.529  9945  9945 E QSEECOMAPI: : Error::Loading image failed with ret = -1\
05-16 20:33:53.529  9945  9945 E QCOMKeyMaster: Loading keymaster app failied\
05-16 20:33:53.529  9945  9945 E keystore: could not open keymaster device in keystore (Operation not permitted)\
05-16 20:33:53.529  9945  9945 E keystore: keystore keymaster could not be initialized; exiting\
05-16 20:33:53.799   219   219 V WLAN_PSA: NL MSG, len[048], NL type[0x11] WNI type[0x5050] len[028]\
05-16 20:33:54.009  1651  1651 D wpa_supplicant: RX ctrl_iface - hexdump(len=11): 53 49 47 4e 41 4c 5f 50 4f 4c 4c\
05-16 20:33:54.009  1651  1651 D wpa_supplicant: wlan0: Control interface command 'SIGNAL_POLL'\
05-16 20:33:54.019  1651  1651 D wpa_supplicant: nl80211: survey data missing!\
05-16 20:33:56.849  1959  1973 E QcrilMsgTunnelSocket: IOException - java.io.IOException: No such file or directory Reason: No such file or directory\
05-16 20:33:57.029  1651  1651 D wpa_supplicant: RX ctrl_iface - hexdump(len=11): 53 49 47 4e 41 4c 5f 50 4f 4c 4c\
05-16 20:33:57.029  1651  1651 D wpa_supplicant: wlan0: Control interface command 'SIGNAL_POLL'\
05-16 20:33:57.029  1651  1651 D wpa_supplicant: nl80211: survey data missing!\
05-16 20:33:58.569  9947  9947 D QSEECOMAPI: : QSEECom_get_handle sb_length = 0x2000\
05-16 20:33:58.569  9947  9947 D QSEECOMAPI: : App is not loaded in QSEE\
05-16 20:33:58.569  9947  9947 E QSEECOMAPI: : Error::Cannot open the file /vendor/firmware/keymaster/keymaster.mdt\
05-16 20:33:58.569  9947  9947 E QSEECOMAPI: : Error::Loading image failed with ret = -1\
05-16 20:33:58.579  9947  9947 D QSEECOMAPI: : QSEECom_get_handle sb_length = 0x2000\
05-16 20:33:58.579  9947  9947 D QSEECOMAPI: : App is not loaded in QSEE\
05-16 20:33:58.579  9947  9947 E QSEECOMAPI: : Error::Cannot open the file /firmware/image/keymaste.mdt\
05-16 20:33:58.579  9947  9947 E QSEECOMAPI: : Error::Loading image failed with ret = -1\
05-16 20:33:58.589  9947  9947 E QCOMKeyMaster: Loading keymaster app failied\
05-16 20:33:58.589  9947  9947 E keystore: could not open keymaster device in keystore (Operation not permitted)\
05-16 20:33:58.589  9947  9947 E keystore: keystore keymaster could not be initialized; exiting\
05-16 20:33:58.809   219   219 V WLAN_PSA: NL MSG, len[048], NL type[0x11] WNI type[0x5050] len[028]\
05-16 20:34:00.039  1651  1651 D wpa_supplicant: RX ctrl_iface - hexdump(len=11): 53 49 47 4e 41 4c 5f 50 4f 4c 4c\
05-16 20:34:00.039  1651  1651 D wpa_supplicant: wlan0: Control interface command 'SIGNAL_POLL'\
05-16 20:34:00.049  1651  1651 D wpa_supplicant: nl80211: survey data missing!\
05-16 20:34:00.849  1959  1973 E QcrilMsgTunnelSocket: IOException - java.io.IOException: No such file or directory Reason: No such file or directory\
05-16 20:34:03.049  1651  1651 D wpa_supplicant: RX ctrl_iface - hexdump(len=11): 53 49 47 4e 41 4c 5f 50 4f 4c 4c\
05-16 20:34:03.049  1651  1651 D wpa_supplicant: wlan0: Control interface command 'SIGNAL_POLL'\
05-16 20:34:03.069  1651  1651 D wpa_supplicant: nl80211: survey data missing!\
05-16 20:34:03.629  9948  9948 D QSEECOMAPI: : QSEECom_get_handle sb_length = 0x2000\
05-16 20:34:03.629  9948  9948 D QSEECOMAPI: : App is not loaded in QSEE\
05-16 20:34:03.629  9948  9948 E QSEECOMAPI: : Error::Cannot open the file /vendor/firmware/keymaster/keymaster.mdt\
05-16 20:34:03.629  9948  9948 E QSEECOMAPI: : Error::Loading image failed with ret = -1\
05-16 20:34:03.639  9948  9948 D QSEECOMAPI: : QSEECom_get_handle sb_length = 0x2000\
05-16 20:34:03.639  9948  9948 D QSEECOMAPI: : App is not loaded in QSEE\
05-16 20:34:03.639  9948  9948 E QSEECOMAPI: : Error::Cannot open the file /firmware/image/keymaste.mdt\
05-16 20:34:03.639  9948  9948 E QSEECOMAPI: : Error::Loading image failed with ret = -1\
05-16 20:34:03.639  9948  9948 E QCOMKeyMaster: Loading keymaster app failied\
05-16 20:34:03.639  9948  9948 E keystore: could not open keymaster device in keystore (Operation not permitted)\
05-16 20:34:03.639  9948  9948 E keystore: keystore keymaster could not be initialized; exiting\
05-16 20:34:03.819   219   219 V WLAN_PSA: NL MSG, len[048], NL type[0x11] WNI type[0x5050] len[028]\
