03-18 21:26:25.664   213 12420 E mm-still: virtual int QImageSWEncoder::Stop():838] mState 0
03-18 21:26:25.664   213 12420 E mm-still: void QIThread::JoinThread():76] thread id b8712b30 b86f3d10
03-18 21:26:25.664   213 12420 E mm-still: virtual QImageSWEncoder::~QImageSWEncoder():335] X
03-18 21:26:25.664   213 12420 E mm-still: virtual OMX_ERRORTYPE OMXJpegEncoder::releaseCurrentSession():1255] X
03-18 21:26:25.664   213 12420 E mm-still: virtual void QOMXImageCodec::fillBufferDone(OMX_BUFFERHEADERTYPE*) 702]
03-18 21:26:25.664   213 12420 E mm-jpeg-intf: mm_jpeg_fbd:2557] count 0 
03-18 21:26:25.664   213 12420 E mm-jpeg-intf: [KPI Perf] : PROFILE_JPEG_FBD
03-18 21:26:25.664   213 12420 E mm-jpeg-intf: mm_jpeg_fbd:2575] send jpeg callback 0 buf 0x0xb86f4720 len 177640 JobID 16908288
03-18 21:26:25.664   213 12420 E mm-jpeg-intf: mm_jpegenc_destroy_job:2261] Exif entry count 5 0
03-18 21:26:25.664   213 12420 E mm-jpeg-intf: mm_jpeg_queue_remove_job_by_job_id:2742] found matching job id
03-18 21:26:25.664   213 12420 E mm-jpeg-intf: mm_jpeg_fbd:2586] 
03-18 21:26:25.664   213 12420 E mm-still: virtual OMX_ERRORTYPE QOMXImageCodec::handleMessage():451] before wait
03-18 21:26:25.664   213 12420 E mm-still: virtual OMX_ERRORTYPE QOMXImageCodec::handleMessage():458] after wait
03-18 21:26:25.664   213 12420 E mm-still: virtual OMX_ERRORTYPE QOMXImageCodec::handleMessage():469] Message addr = 0xb86cfc90
03-18 21:26:25.664   213 12420 E mm-still: virtual OMX_ERRORTYPE OMXImageEncoder::processMessage(QIMessage*):1252] E
03-18 21:26:25.664   213 12420 E mm-still: virtual OMX_ERRORTYPE OMXImageEncoder::processMessage(QIMessage*):1357] OMX_MESSAGE_START_NEW_ENCODE
03-18 21:26:25.664   213 12420 E mm-still: virtual OMX_ERRORTYPE QOMXImageCodec::handleMessage():451] before wait
03-18 21:26:25.664   213 12196 D QCameraPostProc: static void qcamera::QCameraPostProcessor::releaseJpegData(void*, void*) : Rleased job ID 16908288
03-18 21:26:25.664   213 12196 D QCameraPostProc: [KPI Perf] int32_t qcamera::QCameraPostProcessor::processJpegEvt(qcamera::qcamera_jpeg_evt_payload_t*) : jpeg job 16908288
03-18 21:26:25.664   213 12196 D QCameraPostProc: int32_t qcamera::QCameraPostProcessor::processJpegEvt(qcamera::qcamera_jpeg_evt_payload_t*): Dump jpeg_size=177640
03-18 21:26:25.664   213 12196 E QCameraPostProc: int32_t qcamera::QCameraPostProcessor::processJpegEvt(qcamera::qcamera_jpeg_evt_payload_t*) : Calling upperlayer callback to store JPEG image
03-18 21:26:25.664   213 12196 E QCameraPostProc: [KPI Perf] int32_t qcamera::QCameraPostProcessor::processJpegEvt(qcamera::qcamera_jpeg_evt_payload_t*): PROFILE_JPEG_CB 
03-18 21:26:25.664   213 12217 E mm-jpeg-intf: mm_jpeg_get_session:55] client_idx 0 session_idx 0
03-18 21:26:25.664   213 12217 E mm-jpeg-intf: mm_jpeg_destroy_session:2346] abort todo jobs
03-18 21:26:25.664   213 12217 E mm-jpeg-intf: mm_jpeg_destroy_session:2354] abort ongoing jobs
03-18 21:26:25.664   213 12217 E mm-jpeg-intf: mm_jpeg_session_abort:1192] E
03-18 21:26:25.664   213 12217 E mm-jpeg-intf: mm_jpeg_session_abort:1234] X
03-18 21:26:25.664   213 12217 E mm-jpeg-intf: mm_jpeg_session_destroy:331] E
03-18 21:26:25.664   213 12217 E mm-jpeg-intf: mm_jpeg_session_change_state:209] new_state 2 p_exec 0x0
03-18 21:26:25.664   213 12217 E mm-still: virtual OMX_ERRORTYPE QOMXImageCodec::postMessage(QIBase*):427] Message addr = 0xb86edbd8
03-18 21:26:25.664   213 12420 E mm-still: virtual OMX_ERRORTYPE QOMXImageCodec::handleMessage():455] after cond wait
03-18 21:26:25.664   213 12420 E mm-still: virtual OMX_ERRORTYPE QOMXImageCodec::handleMessage():458] after wait
03-18 21:26:25.664   213 12420 E mm-still: virtual OMX_ERRORTYPE QOMXImageCodec::handleMessage():469] Message addr = 0xb86edbd8
03-18 21:26:25.664   213 12420 E mm-still: virtual OMX_ERRORTYPE OMXImageEncoder::processMessage(QIMessage*):1252] E
03-18 21:26:25.664   213 12420 E mm-still: virtual OMX_ERRORTYPE OMXImageEncoder::processMessage(QIMessage*):1266] OMX_MESSAGE_CHANGE_STATE
03-18 21:26:25.664   213 12420 E mm-still: virtual void QOMXImageCodec::changeState(OMX_STATETYPE):186] From Current State: 3 To New state: 2
03-18 21:26:25.664   213 12420 E mm-still: virtual OMX_ERRORTYPE OMXJpegEncoder::releaseCurrentSession():1188] E
03-18 21:26:25.664   213 12420 E mm-still: virtual int QImageHW10Encoder::Stop():1110] mState 0
03-18 21:26:25.664   213 12420 E mm-still: virtual OMX_ERRORTYPE OMXJpegEncoder::releaseCurrentSession():1255] X
03-18 21:26:25.664   213 12420 E mm-still: virtual void QOMXImageCodec::changeState(OMX_STATETYPE): 299] State change from OMX_StateExecuting to OMX_StateIdle
03-18 21:26:25.664   213 12420 E mm-jpeg-intf: mm_jpeg_event_handler:2603] 0 0 2 state 2
03-18 21:26:25.664   213 12217 E mm-jpeg-intf: mm_jpeg_session_change_state:234] 
03-18 21:26:25.664   213 12217 E mm-jpeg-intf: mm_jpeg_session_change_state:249] 
03-18 21:26:25.664   213 12217 E mm-jpeg-intf: mm_jpeg_session_change_state:251] before wait
03-18 21:26:25.664   213 12420 E mm-jpeg-intf: mm_jpeg_event_handler:2643]
03-18 21:26:25.664   213 12420 E mm-still: virtual OMX_ERRORTYPE QOMXImageCodec::handleMessage():451] before wait
03-18 21:26:25.664   213 12217 E mm-jpeg-intf: mm_jpeg_session_change_state:253] after wait
03-18 21:26:25.664   213 12217 E mm-jpeg-intf: mm_jpeg_session_change_state:256] 
03-18 21:26:25.664   213 12217 E mm-jpeg-intf: mm_jpeg_session_change_state:209] new_state 1 p_exec 0xb62a6219
03-18 21:26:25.664   213 12217 E mm-still: virtual OMX_ERRORTYPE QOMXImageCodec::postMessage(QIBase*):427] Message addr = 0xb86edbd8
03-18 21:26:25.664   213 12420 E mm-still: virtual OMX_ERRORTYPE QOMXImageCodec::handleMessage():455] after cond wait
03-18 21:26:25.664   213 12420 E mm-still: virtual OMX_ERRORTYPE QOMXImageCodec::handleMessage():458] after wait
03-18 21:26:25.664   213 12420 E mm-still: virtual OMX_ERRORTYPE QOMXImageCodec::handleMessage():469] Message addr = 0xb86edbd8
03-18 21:26:25.664   213 12420 E mm-still: virtual OMX_ERRORTYPE OMXImageEncoder::processMessage(QIMessage*):1252] E
03-18 21:26:25.664   213 12420 E mm-still: virtual OMX_ERRORTYPE OMXImageEncoder::processMessage(QIMessage*):1266] OMX_MESSAGE_CHANGE_STATE
03-18 21:26:25.664   213 12420 E mm-still: virtual void QOMXImageCodec::changeState(OMX_STATETYPE):186] From Current State: 2 To New state: 1
03-18 21:26:25.664   213 12420 E mm-still: virtual void QOMXImageCodec::changeState(OMX_STATETYPE):219] State change from OMX_StateIdle to OMX_StateLoaded Pending
03-18 21:26:25.664   213 12420 E mm-still: virtual OMX_ERRORTYPE QOMXImageCodec::handleMessage():451] before wait
03-18 21:26:25.664   213 12217 E mm-jpeg-intf: mm_jpeg_session_change_state:234] 
03-18 21:26:25.664   213 12217 E mm-jpeg-intf: mm_jpeg_session_free_buffers:156] Source buffer 0
03-18 21:26:25.664   213 12217 E mm-still: virtual OMX_ERRORTYPE OMXImageEncoder::omx_component_free_buffer(OMX_HANDLETYPE, OMX_U32, OMX_BUFFERHEADERTYPE*):1895] state 2
03-18 21:26:25.664   213 12217 E mm-jpeg-intf: mm_jpeg_session_free_buffers:156] Source buffer 1
03-18 21:26:25.664   213 12217 E mm-still: virtual OMX_ERRORTYPE OMXImageEncoder::omx_component_free_buffer(OMX_HANDLETYPE, OMX_U32, OMX_BUFFERHEADERTYPE*):1895] state 2
03-18 21:26:25.664   213 12217 E mm-still: virtual OMX_ERRORTYPE OMXImageEncoder::omx_component_free_buffer(OMX_HANDLETYPE, OMX_U32, OMX_BUFFERHEADERTYPE*):1911] Releasing 2 input bufferheaders
03-18 21:26:25.664   213 12217 E mm-jpeg-intf: mm_jpeg_session_free_buffers:165] Source buffer 0
03-18 21:26:25.664   213 12217 E mm-still: virtual OMX_ERRORTYPE OMXImageEncoder::omx_component_free_buffer(OMX_HANDLETYPE, OMX_U32, OMX_BUFFERHEADERTYPE*):1895] state 2
03-18 21:26:25.664   213 12217 E mm-jpeg-intf: mm_jpeg_session_free_buffers:165] Source buffer 1
03-18 21:26:25.664   213 12217 E mm-still: virtual OMX_ERRORTYPE OMXImageEncoder::omx_component_free_buffer(OMX_HANDLETYPE, OMX_U32, OMX_BUFFERHEADERTYPE*):1895] state 2
03-18 21:26:25.664   213 12217 E mm-still: virtual OMX_ERRORTYPE OMXImageEncoder::omx_component_free_buffer(OMX_HANDLETYPE, OMX_U32, OMX_BUFFERHEADERTYPE*):1923]: Releasing 2 input Tmb bufferheaders
03-18 21:26:25.664   213 12217 E mm-jpeg-intf: mm_jpeg_session_free_buffers:174] Dest buffer 0
03-18 21:26:25.664   213 12217 E mm-still: virtual OMX_ERRORTYPE OMXImageEncoder::omx_component_free_buffer(OMX_HANDLETYPE, OMX_U32, OMX_BUFFERHEADERTYPE*):1895] state 2
03-18 21:26:25.664   213 12217 E mm-jpeg-intf: mm_jpeg_session_free_buffers:174] Dest buffer 1
03-18 21:26:25.664   213 12217 E mm-still: virtual OMX_ERRORTYPE OMXImageEncoder::omx_component_free_buffer(OMX_HANDLETYPE, OMX_U32, OMX_BUFFERHEADERTYPE*):1895] state 2
03-18 21:26:25.664   213 12217 E mm-still: virtual OMX_ERRORTYPE OMXImageEncoder::omx_component_free_buffer(OMX_HANDLETYPE, OMX_U32, OMX_BUFFERHEADERTYPE*):1935]: Releasing 2 output bufferheaders
03-18 21:26:25.664   213 12217 E mm-still: virtual OMX_ERRORTYPE OMXJpegEncoder::releaseCodecLibs():1161] E
03-18 21:26:25.664   213 12217 E mm-still: virtual int QImageHW10Encoder::Stop():1110] mState 0
03-18 21:26:25.664   213 12217 E jpeg_hw : jpege_lib_release:496] closed /dev/jpeg0
03-18 21:26:25.664   213 12217 E mm-still: void QImageHW10Encoder::UnLoad():1429: ptr 0xb2c5a5b8
03-18 21:26:25.664   213 12217 E mm-still: virtual OMX_ERRORTYPE OMXJpegEncoder::releaseCodecLibs():1172] X
03-18 21:26:25.674   213 12217 E mm-still: virtual OMX_ERRORTYPE QOMXImageCodec::postMessage(QIBase*):427] Message addr = 0xb86edbd8
03-18 21:26:25.674   213 12217 E mm-still: virtual OMX_ERRORTYPE OMXImageEncoder::omx_component_free_buffer(OMX_HANDLETYPE, OMX_U32, OMX_BUFFERHEADERTYPE*):1965: Free Buffer complete: State change fromOMX_StateLoadedPending to OMX_StateLoaded
03-18 21:26:25.674   213 12217 E mm-jpeg-intf: mm_jpeg_session_free_buffers:181]
03-18 21:26:25.674   213 12217 E mm-jpeg-intf: mm_jpeg_session_change_state:249] 
03-18 21:26:25.674   213 12217 E mm-jpeg-intf: mm_jpeg_session_change_state:251] before wait
03-18 21:26:25.674   213 12420 E mm-still: virtual OMX_ERRORTYPE QOMXImageCodec::handleMessage():455] after cond wait
03-18 21:26:25.674   213 12420 E mm-still: virtual OMX_ERRORTYPE QOMXImageCodec::handleMessage():458] after wait
03-18 21:26:25.674   213 12420 E mm-still: virtual OMX_ERRORTYPE QOMXImageCodec::handleMessage():469] Message addr = 0xb86edbd8
03-18 21:26:25.674   213 12420 E mm-still: virtual OMX_ERRORTYPE OMXImageEncoder::processMessage(QIMessage*):1252] E
03-18 21:26:25.674   213 12420 E mm-still: virtual OMX_ERRORTYPE OMXImageEncoder::processMessage(QIMessage*):1349] OMX_MESSAGE_CHANGE_STATE_DONE
03-18 21:26:25.674   213 12420 E mm-jpeg-intf: mm_jpeg_event_handler:2603] 0 0 1 state 2
03-18 21:26:25.674   213 12420 E mm-jpeg-intf: mm_jpeg_event_handler:2643]
03-18 21:26:25.674   213 12420 E mm-still: virtual OMX_ERRORTYPE QOMXImageCodec::handleMessage():451] before wait
03-18 21:26:25.674   213 12217 E mm-jpeg-intf: mm_jpeg_session_change_state:253] after wait
03-18 21:26:25.674   213 12217 E mm-jpeg-intf: mm_jpeg_session_change_state:256] 
03-18 21:26:25.674   213 12217 E qomx_image_core: OMX_FreeHandle:331] 
03-18 21:26:25.674   213 12217 E qomx_image_core: get_idx_from_handle:290] comp_idx 0 inst_idx 0
03-18 21:26:25.674   213 12217 E mm-still: OMX_ERRORTYPE qomx_component_deinit(OMX_HANDLETYPE) 206: Component State: 1 Calling Deinit
03-18 21:26:25.674   213 12217 E mm-still: virtual OMX_ERRORTYPE OMXImageEncoder::omx_component_deinit(OMX_HANDLETYPE) 2016]: 
03-18 21:26:25.674   213 12217 E mm-still: virtual OMX_ERRORTYPE OMXImageEncoder::omx_component_deinit(OMX_HANDLETYPE) 2032]: 
03-18 21:26:25.674   213 12217 E mm-still: void OMXImageEncoder::abortMessageThread() 1996]: mState 1
03-18 21:26:25.674   213 12217 E mm-still: void QIThread::JoinThread():76] thread id b86f3d10 b86c4ba0
03-18 21:26:25.674   213 12420 E mm-still: virtual OMX_ERRORTYPE QOMXImageCodec::handleMessage():455] after cond wait
03-18 21:26:25.674   213 12420 E mm-still: virtual OMX_ERRORTYPE QOMXImageCodec::handleMessage():458] after wait
03-18 21:26:25.674   213 12217 E mm-still: virtual OMX_ERRORTYPE OMXImageEncoder::omx_component_deinit(OMX_HANDLETYPE) 2035]: m_state 1
03-18 21:26:25.674   213 12217 E qomx_image_core: OMX_FreeHandle:366] Success
03-18 21:26:25.674   213 12217 E mm-jpeg-intf: mm_jpeg_session_destroy:378] X
03-18 21:26:25.674   213 12217 E mm-jpeg-intf: mm_jpeg_remove_session_idx:118] client_idx 0 session_idx 0
03-18 21:26:25.674   213 12217 E mm-jpeg-intf: mm_jpeg_destroy_session:2390] X
03-18 21:26:25.674   278 12213 E mm-camera: cpp_module_handle_streamoff_event:1973] iden:0x10005, linked_params:0x0
03-18 21:26:25.674   278 12213 E mm-camera: cpp_hardware_process_streamoff:510] skip_iden:0x0, duplicate_stream_status:0x0
03-18 21:26:25.674   278 12207 E mm-camera: isp_hw_action: last pix stop, pix_cnt = 2, cnt = 1
03-18 21:26:25.674   278 12249 E mm-camera: isp_thread_proc_cmd: start/stop, thread_data = 0xb8e28fd8, action_code = 2
03-18 21:26:25.674   278 12249 E mm-camera: isp_axi_util_subscribe_v4l2_event: event_type = 0x8000100, is_subscribe = 0
03-18 21:26:25.674   278 12207 E mm-camera: isp_hw_action: stream_thread for ack
03-18 21:26:25.674   278 12249 E mm-camera: isp_thread_proc_cmd: start/stop ack done, thread_data = 0xb8e28fd8, action_code = 3, rc = 0
03-18 21:26:25.674   278 12213 E mm-camera: ispif_streamoff: session_id = 1, active_streams = 1
03-18 21:26:25.684   213 12315 E MPEG4Writer: timestamp interval = 150105 ,currentTS = 4673643702 ,preTS = 4673493597
03-18 21:26:25.684  1646  1646 D wpa_supplicant: RX ctrl_iface - hexdump(len=11): 53 49 47 4e 41 4c 5f 50 4f 4c 4c
03-18 21:26:25.684  1646  1646 D wpa_supplicant: wlan0: Control interface command 'SIGNAL_POLL'
03-18 21:26:25.684  1646  1646 D wpa_supplicant: nl80211: survey data missing!
03-18 21:26:25.704   278 12305 E mm-camera-CORE: aec_process_pack_stats_config invalid inputs to translate dimensions for  fov 2 camif 
03-18 21:26:25.724   213 12315 E MPEG4Writer: timestamp interval = 150105 ,currentTS = 4673743772 ,preTS = 4673593667
03-18 21:26:25.734  1724  1728 D dalvikvm: GC_CONCURRENT freed 2134K, 89% free 6347K/53972K, paused 7ms+5ms, total 53ms
03-18 21:26:25.734  1724  1724 D dalvikvm: WAIT_FOR_CONCURRENT_GC blocked 46ms
03-18 21:26:25.774   213 12315 E MPEG4Writer: timestamp interval = 150102 ,currentTS = 4673843838 ,preTS = 4673693736
03-18 21:26:25.814   213 12343 E MPEG4Writer: timestamp interval = 150092 ,currentTS = 4673793834 ,preTS = 4673643742
03-18 21:26:25.874   213 12312 E QCamera2HWI: mCameraId 0, Send Video frame to services/encoder TimeStamp : 4674094016000, frame_idx 1260, mLastFrameIdx 1259, mLostFrameCnt 2
03-18 21:26:25.874   213 12315 E MPEG4Writer: timestamp interval = 108879 ,currentTS = 4673893874 ,preTS = 4673784995
03-18 21:26:25.884  1724  1914 D streaming: 21:26:25.895 4674.114 [ClientStatistics:calculate:136]: size=0B sec=0.0 up=65 down=0
03-18 21:26:26.014   213 12343 E MPEG4Writer: timestamp interval = 150104 ,currentTS = 4673893904 ,preTS = 4673743800
03-18 21:26:26.014   213 12343 E MPEG4Writer: timestamp interval = 150105 ,currentTS = 4673993974 ,preTS = 4673843869
03-18 21:26:26.024   213 12315 E MPEG4Writer: timestamp interval = 100072 ,currentTS = 4673993946 ,preTS = 4673893874
03-18 21:26:26.024   213 12315 E MPEG4Writer: timestamp interval = 150105 ,currentTS = 4674094016 ,preTS = 4673943911
03-18 21:26:26.074   213 12343 E MPEG4Writer: timestamp interval = 150104 ,currentTS = 4674094044 ,preTS = 4673943940
03-18 21:26:26.114   213 12315 E MPEG4Writer: timestamp interval = 150106 ,currentTS = 4674194086 ,preTS = 4674043980
03-18 21:26:26.164   213 12343 E MPEG4Writer: timestamp interval = 150106 ,currentTS = 4674194115 ,preTS = 4674044009
03-18 21:26:26.214   213 12340 E QCamera2HWI: mCameraId 1, Send Video frame to services/encoder TimeStamp : 4674444288000, frame_idx 1260, mLastFrameIdx 1259, mLostFrameCnt 2
03-18 21:26:26.264   213 12315 E MPEG4Writer: timestamp interval = 150105 ,currentTS = 4674294155 ,preTS = 4674144050
03-18 21:26:26.274   213 12343 E MPEG4Writer: timestamp interval = 100069 ,currentTS = 4674244148 ,preTS = 4674144079
03-18 21:26:26.274   213 12343 E MPEG4Writer: timestamp interval = 100070 ,currentTS = 4674344218 ,preTS = 4674244148
03-18 21:26:26.324   213 12315 E MPEG4Writer: timestamp interval = 150107 ,currentTS = 4674394227 ,preTS = 4674244120
03-18 21:26:26.334  1724  1728 D dalvikvm: GC_CONCURRENT freed 1909K, 88% free 6485K/53972K, paused 5ms+4ms, total 56ms
03-18 21:26:26.334  1724 12273 D dalvikvm: WAIT_FOR_CONCURRENT_GC blocked 18ms
03-18 21:26:26.334  1724 12267 D dalvikvm: WAIT_FOR_CONCURRENT_GC blocked 46ms
03-18 21:26:26.334  1724 12274 D dalvikvm: WAIT_FOR_CONCURRENT_GC blocked 14ms
03-18 21:26:26.344  1724 12265 D dalvikvm: WAIT_FOR_CONCURRENT_GC blocked 13ms
03-18 21:26:26.474   213 12315 E MPEG4Writer: timestamp interval = 150104 ,currentTS = 4674494294 ,preTS = 4674344190
03-18 21:26:26.524   213 12343 E MPEG4Writer: timestamp interval = 150105 ,currentTS = 4674444288 ,preTS = 4674294183
03-18 21:26:26.524   213 12343 E MPEG4Writer: timestamp interval = 150107 ,currentTS = 4674544364 ,preTS = 4674394257
03-18 21:26:26.564   213 12315 E MPEG4Writer: timestamp interval = 150104 ,currentTS = 4674594363 ,preTS = 4674444259
03-18 21:26:26.574   213 12343 E MPEG4Writer: timestamp interval = 150106 ,currentTS = 4674644428 ,preTS = 4674494322
03-18 21:26:26.664   213 12343 E MPEG4Writer: timestamp interval = 150054 ,currentTS = 4674744497 ,preTS = 4674594443
03-18 21:26:26.764   213 12315 E MPEG4Writer: timestamp interval = 150102 ,currentTS = 4674694434 ,preTS = 4674544332
03-18 21:26:26.764   213 12315 E MPEG4Writer: timestamp interval = 150106 ,currentTS = 4674794505 ,preTS = 4674644399
03-18 21:26:26.814   213 12343 E MPEG4Writer: timestamp interval = 150105 ,currentTS = 4674844567 ,preTS = 4674694462
03-18 21:26:26.864   213 12312 E QCamera2HWI: mCameraId 0, Send Video frame to services/encoder TimeStamp : 4675094714000, frame_idx 1280, mLastFrameIdx 1279, mLostFrameCnt 2
03-18 21:26:26.874   213 12343 E MPEG4Writer: timestamp interval = 150105 ,currentTS = 4674944637 ,preTS = 4674794532
03-18 21:26:26.884  1724  1914 D streaming: 21:26:26.897 4675.116 [ClientStatistics:calculate:136]: size=0B sec=0.0 up=66 down=0
03-18 21:26:26.924   213 12315 E MPEG4Writer: timestamp interval = 100076 ,currentTS = 4674844546 ,preTS = 4674744470
03-18 21:26:26.924   213 12315 E MPEG4Writer: timestamp interval = 100062 ,currentTS = 4674944608 ,preTS = 4674844546
03-18 21:26:27.014   213 12343 E MPEG4Writer: timestamp interval = 150106 ,currentTS = 4675044707 ,preTS = 4674894601
03-18 21:26:27.024   213 12315 E MPEG4Writer: timestamp interval = 150106 ,currentTS = 4675044679 ,preTS = 4674894573
03-18 21:26:27.074   213 12315 E MPEG4Writer: timestamp interval = 150106 ,currentTS = 4675144749 ,preTS = 4674994643
03-18 21:26:27.164   213 12343 E MPEG4Writer: timestamp interval = 150105 ,currentTS = 4675144776 ,preTS = 4674994671
03-18 21:26:27.184  1724  1728 D dalvikvm: GC_CONCURRENT freed 2452K, 89% free 6023K/53972K, paused 6ms+3ms, total 51ms
03-18 21:26:27.214   213 12315 E MPEG4Writer: timestamp interval = 150103 ,currentTS = 4675244817 ,preTS = 4675094714
03-18 21:26:27.224   213 12340 E QCamera2HWI: mCameraId 1, Send Video frame to services/encoder TimeStamp : 4675444985000, frame_idx 1280, mLastFrameIdx 1279, mLostFrameCnt 2
03-18 21:26:27.224   213 12343 E MPEG4Writer: timestamp interval = 100070 ,currentTS = 4675194811 ,preTS = 4675094741
03-18 21:26:27.224   213 12343 E MPEG4Writer: timestamp interval = 100071 ,currentTS = 4675294882 ,preTS = 4675194811
03-18 21:26:27.364   213 12343 E MPEG4Writer: timestamp interval = 150104 ,currentTS = 4675394950 ,preTS = 4675244846
03-18 21:26:27.414   213 12343 E MPEG4Writer: timestamp interval = 150118 ,currentTS = 4675495033 ,preTS = 4675344915
03-18 21:26:27.424   213 12315 E MPEG4Writer: timestamp interval = 150103 ,currentTS = 4675344885 ,preTS = 4675194782
03-18 21:26:27.524   213 12315 E MPEG4Writer: timestamp interval = 150106 ,currentTS = 4675444956 ,preTS = 4675294850
03-18 21:26:27.524   213 12315 E MPEG4Writer: timestamp interval = 150105 ,currentTS = 4675545027 ,preTS = 4675394922
03-18 21:26:27.564   213 12343 E MPEG4Writer: timestamp interval = 150104 ,currentTS = 4675595089 ,preTS = 4675444985
03-18 21:26:27.664   213 12343 E MPEG4Writer: timestamp interval = 150104 ,currentTS = 4675695159 ,preTS = 4675545055
03-18 21:26:27.724   213 12315 E MPEG4Writer: timestamp interval = 150109 ,currentTS = 4675645097 ,preTS = 4675494988
03-18 21:26:27.724   213 12315 E MPEG4Writer: timestamp interval = 150105 ,currentTS = 4675745166 ,preTS = 4675595061
03-18 21:26:27.764   213 12343 E MPEG4Writer: timestamp interval = 150105 ,currentTS = 4675795229 ,preTS = 4675645124
03-18 21:26:27.774   213 12315 E MPEG4Writer: timestamp interval = 100070 ,currentTS = 4675795201 ,preTS = 4675695131
03-18 21:26:27.824   213 12315 E MPEG4Writer: timestamp interval = 100072 ,currentTS = 4675895273 ,preTS = 4675795201
03-18 21:26:27.834  1724  1728 D dalvikvm: GC_CONCURRENT freed 1801K, 89% free 6241K/53972K, paused 5ms+3ms, total 48ms
03-18 21:26:27.834  1724 12276 D dalvikvm: WAIT_FOR_CONCURRENT_GC blocked 35ms
03-18 21:26:27.874   213 12312 E QCamera2HWI: mCameraId 0, Send Video frame to services/encoder TimeStamp : 4676095406000, frame_idx 1300, mLastFrameIdx 1299, mLostFrameCnt 2
03-18 21:26:27.884  1724  1914 D streaming: 21:26:27.900 4676.118 [ClientStatistics:calculate:136]: size=376B sec=0.0 up=67 down=0
03-18 21:26:27.964   213 12343 E MPEG4Writer: timestamp interval = 150105 ,currentTS = 4675895300 ,preTS = 4675745195
03-18 21:26:27.964   213 12343 E MPEG4Writer: timestamp interval = 150104 ,currentTS = 4675995368 ,preTS = 4675845264
03-18 21:26:28.064   213 12343 E MPEG4Writer: timestamp interval = 150115 ,currentTS = 4676095449 ,preTS = 4675945334
03-18 21:26:28.074   213 12315 E MPEG4Writer: timestamp interval = 150102 ,currentTS = 4675995338 ,preTS = 4675845236
03-18 21:26:28.074   213 12315 E MPEG4Writer: timestamp interval = 150099 ,currentTS = 4676095406 ,preTS = 4675945307
03-18 21:26:28.084  2028  2042 E QcrilMsgTunnelSocket: IOException - java.io.IOException: No such file or directory Reason: No such file or directory
03-18 21:26:28.174   213 12343 E MPEG4Writer: timestamp interval = 100080 ,currentTS = 4676145485 ,preTS = 4676045405
03-18 21:26:28.174   213 12315 E MPEG4Writer: timestamp interval = 150105 ,currentTS = 4676195480 ,preTS = 4676045375
03-18 21:26:28.214   213 12340 E QCamera2HWI: mCameraId 1, Send Video frame to services/encoder TimeStamp : 4676445683000, frame_idx 1300, mLastFrameIdx 1299, mLostFrameCnt 2
03-18 21:26:28.264   213 12343 E MPEG4Writer: timestamp interval = 100059 ,currentTS = 4676245544 ,preTS = 4676145485
03-18 21:26:28.264   213 12343 E MPEG4Writer: timestamp interval = 150106 ,currentTS = 4676345613 ,preTS = 4676195507
03-18 21:26:28.274   213 12315 E MPEG4Writer: timestamp interval = 150108 ,currentTS = 4676295549 ,preTS = 4676145441
03-18 21:26:28.314   213 12315 E MPEG4Writer: timestamp interval = 150107 ,currentTS = 4676395621 ,preTS = 4676245514
03-18 21:26:28.364   213 12343 E MPEG4Writer: timestamp interval = 150106 ,currentTS = 4676445683 ,preTS = 4676295577
03-18 21:26:28.424   213 12315 E MPEG4Writer: timestamp interval = 150104 ,currentTS = 4676495689 ,preTS = 4676345585
03-18 21:26:28.514   213 12343 E MPEG4Writer: timestamp interval = 150107 ,currentTS = 4676545755 ,preTS = 4676395648
03-18 21:26:28.574   213 12343 E MPEG4Writer: timestamp interval = 150109 ,currentTS = 4676645826 ,preTS = 4676495717
03-18 21:26:28.574   213 12315 E MPEG4Writer: timestamp interval = 150104 ,currentTS = 4676595758 ,preTS = 4676445654
03-18 21:26:28.624   213 12315 E MPEG4Writer: timestamp interval = 150107 ,currentTS = 4676695831 ,preTS = 4676545724
03-18 21:26:28.644  1724  1728 D dalvikvm: GC_CONCURRENT freed 2149K, 89% free 6094K/53972K, paused 5ms+4ms, total 52ms
03-18 21:26:28.664   213 12343 E MPEG4Writer: timestamp interval = 150106 ,currentTS = 4676745893 ,preTS = 4676595787
03-18 21:26:28.694  1646  1646 D wpa_supplicant: RX ctrl_iface - hexdump(len=11): 53 49 47 4e 41 4c 5f 50 4f 4c 4c
03-18 21:26:28.694  1646  1646 D wpa_supplicant: wlan0: Control interface command 'SIGNAL_POLL'
03-18 21:26:28.694  1646  1646 D wpa_supplicant: nl80211: survey data missing!
03-18 21:26:28.724   213 12315 E MPEG4Writer: timestamp interval = 100069 ,currentTS = 4676745866 ,preTS = 4676645797
03-18 21:26:28.774   213 12315 E MPEG4Writer: timestamp interval = 100063 ,currentTS = 4676845929 ,preTS = 4676745866
03-18 21:26:28.814   220   220 V WLAN_PSA: NL MSG, len[048], NL type[0x11] WNI type[0x5050] len[028]
03-18 21:26:28.814   213 12343 E MPEG4Writer: timestamp interval = 150103 ,currentTS = 4676845961 ,preTS = 4676695858
03-18 21:26:28.874   213 12312 E QCamera2HWI: mCameraId 0, Send Video frame to services/encoder TimeStamp : 4677096107000, frame_idx 1320, mLastFrameIdx 1319, mLostFrameCnt 2
03-18 21:26:28.894  1724  1914 D streaming: 21:26:28.901 4677.121 [ClientStatistics:calculate:136]: size=0B sec=0.0 up=68 down=0
03-18 21:26:28.974   213 12343 E MPEG4Writer: timestamp interval = 150092 ,currentTS = 4676946031 ,preTS = 4676795939
03-18 21:26:28.974   213 12343 E MPEG4Writer: timestamp interval = 150104 ,currentTS = 4677046100 ,preTS = 4676895996
03-18 21:26:28.974   213 12315 E MPEG4Writer: timestamp interval = 150108 ,currentTS = 4676946003 ,preTS = 4676795895
03-18 21:26:28.974   213 12315 E MPEG4Writer: timestamp interval = 150104 ,currentTS = 4677046072 ,preTS = 4676895968
03-18 21:26:29.074   213 12343 E MPEG4Writer: timestamp interval = 100056 ,currentTS = 4677096136 ,preTS = 4676996080
03-18 21:26:29.164   213 12343 E MPEG4Writer: timestamp interval = 100069 ,currentTS = 4677196205 ,preTS = 4677096136
03-18 21:26:29.214   213 12340 E QCamera2HWI: mCameraId 1, Send Video frame to services/encoder TimeStamp : 4677446380000, frame_idx 1320, mLastFrameIdx 1319, mLostFrameCnt 2
03-18 21:26:29.224   213 12315 E MPEG4Writer: timestamp interval = 150101 ,currentTS = 4677146142 ,preTS = 4676996041
03-18 21:26:29.224   213 12315 E MPEG4Writer: timestamp interval = 150105 ,currentTS = 4677246212 ,preTS = 4677096107
03-18 21:26:29.264   213 12343 E MPEG4Writer: timestamp interval = 150105 ,currentTS = 4677296275 ,preTS = 4677146170
03-18 21:26:29.274   213 12315 E MPEG4Writer: timestamp interval = 150105 ,currentTS = 4677346282 ,preTS = 4677196177
03-18 21:26:29.374   213 12343 E MPEG4Writer: timestamp interval = 150104 ,currentTS = 4677396345 ,preTS = 4677246241
03-18 21:26:29.414   213 12343 E MPEG4Writer: timestamp interval = 150105 ,currentTS = 4677496415 ,preTS = 4677346310
03-18 21:26:29.464  1724  1728 D dalvikvm: GC_CONCURRENT freed 2213K, 90% free 5836K/53972K, paused 6ms+3ms, total 46ms
03-18 21:26:29.524   213 12315 E MPEG4Writer: timestamp interval = 150105 ,currentTS = 4677446352 ,preTS = 4677296247
03-18 21:26:29.524   213 12315 E MPEG4Writer: timestamp interval = 150105 ,currentTS = 4677546421 ,preTS = 4677396316
03-18 21:26:29.624   213 12343 E MPEG4Writer: timestamp interval = 150105 ,currentTS = 4677596485 ,preTS = 4677446380
03-18 21:26:29.624   213 12315 E MPEG4Writer: timestamp interval = 150105 ,currentTS = 4677646491 ,preTS = 4677496386
03-18 21:26:29.634 12426 12426 D QSEECOMAPI: : QSEECom_get_handle sb_length = 0x2000
03-18 21:26:29.634 12426 12426 D QSEECOMAPI: : App is not loaded in QSEE
03-18 21:26:29.634 12426 12426 E QSEECOMAPI: : Error::Cannot open the file /vendor/firmware/keymaster/keymaster.mdt
03-18 21:26:29.634 12426 12426 E QSEECOMAPI: : Error::Loading image failed with ret = -1
03-18 21:26:29.644 12426 12426 D QSEECOMAPI: : QSEECom_get_handle sb_length = 0x2000
03-18 21:26:29.644 12426 12426 D QSEECOMAPI: : App is not loaded in QSEE
03-18 21:26:29.644 12426 12426 E QSEECOMAPI: : Error::Cannot open the file /firmware/image/keymaste.mdt
03-18 21:26:29.644 12426 12426 E QSEECOMAPI: : Error::Loading image failed with ret = -1
03-18 21:26:29.644 12426 12426 E QCOMKeyMaster: Loading keymaster app failied
03-18 21:26:29.644 12426 12426 E keystore: could not open keymaster device in keystore (Operation not permitted)
03-18 21:26:29.644 12426 12426 E keystore: keystore keymaster could not be initialized; exiting
03-18 21:26:29.664   213 12343 E MPEG4Writer: timestamp interval = 150106 ,currentTS = 4677696555 ,preTS = 4677546449
03-18 21:26:29.774   213 12343 E MPEG4Writer: timestamp interval = 150105 ,currentTS = 4677796624 ,preTS = 4677646519
03-18 21:26:29.864   213 12343 E MPEG4Writer: timestamp interval = 150104 ,currentTS = 4677896693 ,preTS = 4677746589
03-18 21:26:29.874   213 12312 E QCamera2HWI: mCameraId 0, Send Video frame to services/encoder TimeStamp : 4678096807000, frame_idx 1340, mLastFrameIdx 1339, mLostFrameCnt 2
03-18 21:26:29.884   213 12315 E MPEG4Writer: timestamp interval = 100068 ,currentTS = 4677696525 ,preTS = 4677596457
03-18 21:26:29.884   213 12315 E MPEG4Writer: timestamp interval = 100071 ,currentTS = 4677796596 ,preTS = 4677696525
03-18 21:26:29.884   213 12315 E MPEG4Writer: timestamp interval = 150105 ,currentTS = 4677896665 ,preTS = 4677746560
03-18 21:26:29.894  1724  1914 D streaming: 21:26:29.904 4678.122 [ClientStatistics:calculate:136]: size=0B sec=0.0 up=69 down=0
03-18 21:26:29.924   213 12343 E MPEG4Writer: timestamp interval = 150103 ,currentTS = 4677996763 ,preTS = 4677846660
03-18 21:26:29.964   213 12315 E MPEG4Writer: timestamp interval = 150108 ,currentTS = 4677996735 ,preTS = 4677846627
03-18 21:26:30.074   213 12315 E MPEG4Writer: timestamp interval = 150105 ,currentTS = 4678096807 ,preTS = 4677946702
03-18 21:26:30.074   213 12343 E MPEG4Writer: timestamp interval = 100067 ,currentTS = 4678046798 ,preTS = 4677946731
03-18 21:26:30.074   213 12343 E MPEG4Writer: timestamp interval = 100075 ,currentTS = 4678146873 ,preTS = 4678046798
03-18 21:26:30.114   213 12315 E MPEG4Writer: timestamp interval = 150101 ,currentTS = 4678196871 ,preTS = 4678046770
03-18 21:26:30.134  1724  1728 D dalvikvm: GC_CONCURRENT freed 1593K, 89% free 6294K/53972K, paused 5ms+6ms, total 47ms
03-18 21:26:30.134  1724 12267 D dalvikvm: WAIT_FOR_CONCURRENT_GC blocked 34ms
03-18 21:26:30.214   213 12340 E QCamera2HWI: mCameraId 1, Send Video frame to services/encoder TimeStamp : 4678447080000, frame_idx 1340, mLastFrameIdx 1339, mLostFrameCnt 2
03-18 21:26:30.224   213 12315 E MPEG4Writer: timestamp interval = 150097 ,currentTS = 4678296941 ,preTS = 4678146844
03-18 21:26:30.264   213 12343 E MPEG4Writer: timestamp interval = 150103 ,currentTS = 4678246937 ,preTS = 4678096834
03-18 21:26:30.264   213 12343 E MPEG4Writer: timestamp interval = 150104 ,currentTS = 4678347007 ,preTS = 4678196903
03-18 21:26:30.324   213 12315 E MPEG4Writer: timestamp interval = 150105 ,currentTS = 4678397014 ,preTS = 4678246909
03-18 21:26:30.424   213 12343 E MPEG4Writer: timestamp interval = 150108 ,currentTS = 4678447080 ,preTS = 4678296972
03-18 21:26:30.464   213 12343 E MPEG4Writer: timestamp interval = 150105 ,currentTS = 4678547147 ,preTS = 4678397042
03-18 21:26:30.514   213 12315 E MPEG4Writer: timestamp interval = 150105 ,currentTS = 4678497084 ,preTS = 4678346979
03-18 21:26:30.574   213 12315 E MPEG4Writer: timestamp interval = 150102 ,currentTS = 4678597153 ,preTS = 4678447051
03-18 21:26:30.614   213 12343 E MPEG4Writer: timestamp interval = 150105 ,currentTS = 4678647217 ,preTS = 4678497112
03-18 21:26:30.714   213 12343 E MPEG4Writer: timestamp interval = 150107 ,currentTS = 4678747288 ,preTS = 4678597181
03-18 21:26:30.724   213 12315 E MPEG4Writer: timestamp interval = 100069 ,currentTS = 4678647189 ,preTS = 4678547120
03-18 21:26:30.724   213 12315 E MPEG4Writer: timestamp interval = 100068 ,currentTS = 4678747257 ,preTS = 4678647189
03-18 21:26:30.764  1724  6904 D WSClientRPC: received {"jsonrpc":"2.0","method":"ping","params":[],"id":"ping"}
03-18 21:26:30.764  1724  6904 D streaming: 21:26:30.773 4678.992 [WSClientRPC:handleString:348]: rcvd {"jsonrpc":"2.0","method":"ping","params":[],"id":"ping"}
03-18 21:26:30.774  1724  6904 D streaming: 21:26:30.775 4678.994 [WSClientRPC:sendString:536]: sending {"id":"ping","result":"OK","jsonrpc":"2.0"}
03-18 21:26:30.774  1724  6904 D WSClientRPC: sending {"id":"ping","result":"OK","jsonrpc":"2.0"}
03-18 21:26:30.774  1724  6904 D WSClientRPC: sent {"id":"ping","result":"OK","jsonrpc":"2.0"}
03-18 21:26:30.834   213 12315 E MPEG4Writer: timestamp interval = 150103 ,currentTS = 4678847327 ,preTS = 4678697224
03-18 21:26:30.874   213 12343 E MPEG4Writer: timestamp interval = 150104 ,currentTS = 4678847356 ,preTS = 4678697252
03-18 21:26:30.874   213 12343 E MPEG4Writer: timestamp interval = 150100 ,currentTS = 4678947425 ,preTS = 4678797325
03-18 21:26:30.874   213 12312 E QCamera2HWI: mCameraId 0, Send Video frame to services/encoder TimeStamp : 4679097502000, frame_idx 1360, mLastFrameIdx 1359, mLostFrameCnt 2
03-18 21:26:30.894  1724  1914 D streaming: 21:26:30.905 4679.124 [ClientStatistics:calculate:136]: size=0B sec=0.0 up=70 down=0
03-18 21:26:30.924   213 12315 E MPEG4Writer: timestamp interval = 150102 ,currentTS = 4678947397 ,preTS = 4678797295
03-18 21:26:30.974  1724  1728 D dalvikvm: GC_CONCURRENT freed 2216K, 89% free 6010K/53972K, paused 6ms+4ms, total 50ms
03-18 21:26:31.014   213 12343 E MPEG4Writer: timestamp interval = 100070 ,currentTS = 4678997460 ,preTS = 4678897390
03-18 21:26:31.024   213 12315 E MPEG4Writer: timestamp interval = 150105 ,currentTS = 4679047467 ,preTS = 4678897362
03-18 21:26:31.074   213 12315 E MPEG4Writer: timestamp interval = 150105 ,currentTS = 4679147537 ,preTS = 4678997432
03-18 21:26:31.124   213 12343 E MPEG4Writer: timestamp interval = 100070 ,currentTS = 4679097530 ,preTS = 4678997460
03-18 21:26:31.124   213 12343 E MPEG4Writer: timestamp interval = 150105 ,currentTS = 4679197601 ,preTS = 4679047496
03-18 21:26:31.214   213 12340 E QCamera2HWI: mCameraId 1, Send Video frame to services/encoder TimeStamp : 4679447780000, frame_idx 1360, mLastFrameIdx 1359, mLostFrameCnt 2
03-18 21:26:31.274   213 12315 E MPEG4Writer: timestamp interval = 150104 ,currentTS = 4679247606 ,preTS = 4679097502
03-18 21:26:31.274   213 12315 E MPEG4Writer: timestamp interval = 150103 ,currentTS = 4679347676 ,preTS = 4679197573
03-18 21:26:31.274   213 12343 E MPEG4Writer: timestamp interval = 150104 ,currentTS = 4679297670 ,preTS = 4679147566
03-18 21:26:31.374   213 12343 E MPEG4Writer: timestamp interval = 150105 ,currentTS = 4679397740 ,preTS = 4679247635
03-18 21:26:31.374   213 12315 E MPEG4Writer: timestamp interval = 150108 ,currentTS = 4679447749 ,preTS = 4679297641
03-18 21:26:31.474   213 12315 E MPEG4Writer: timestamp interval = 150105 ,currentTS = 4679547816 ,preTS = 4679397711
03-18 21:26:31.574   213 12315 E MPEG4Writer: timestamp interval = 100069 ,currentTS = 4679597850 ,preTS = 4679497781
03-18 21:26:31.624  1724  1728 D dalvikvm: GC_CONCURRENT freed 1587K, 89% free 6443K/53972K, paused 8ms+6ms, total 49ms
03-18 21:26:31.624  1724 12265 D dalvikvm: WAIT_FOR_CONCURRENT_GC blocked 36ms
03-18 21:26:31.634   213 12343 E MPEG4Writer: timestamp interval = 150105 ,currentTS = 4679497809 ,preTS = 4679347704
03-18 21:26:31.634   213 12343 E MPEG4Writer: timestamp interval = 150098 ,currentTS = 4679597878 ,preTS = 4679447780
03-18 21:26:31.654   213 12343 E MPEG4Writer: timestamp interval = 150103 ,currentTS = 4679697947 ,preTS = 4679547844
03-18 21:26:31.694  1646  1646 D wpa_supplicant: RX ctrl_iface - hexdump(len=11): 53 49 47 4e 41 4c 5f 50 4f 4c 4c
03-18 21:26:31.694  1646  1646 D wpa_supplicant: wlan0: Control interface command 'SIGNAL_POLL'
03-18 21:26:31.694  1646  1646 D wpa_supplicant: nl80211: survey data missing!
03-18 21:26:31.824   213 12343 E MPEG4Writer: timestamp interval = 150119 ,currentTS = 4679798033 ,preTS = 4679647914
03-18 21:26:31.824   213 12343 E MPEG4Writer: timestamp interval = 150104 ,currentTS = 4679898088 ,preTS = 4679747984
03-18 21:26:31.824   213 12315 E MPEG4Writer: timestamp interval = 100070 ,currentTS = 4679697920 ,preTS = 4679597850
03-18 21:26:31.834   213 12315 E MPEG4Writer: timestamp interval = 150102 ,currentTS = 4679797987 ,preTS = 4679647885
03-18 21:26:31.864   213 12315 E MPEG4Writer: timestamp interval = 150104 ,currentTS = 4679898060 ,preTS = 4679747956
03-18 21:26:31.884   213 12312 E QCamera2HWI: mCameraId 0, Send Video frame to services/encoder TimeStamp : 4680098199000, frame_idx 1380, mLastFrameIdx 1379, mLostFrameCnt 2
03-18 21:26:31.894  1724  1914 D streaming: 21:26:31.907 4680.126 [ClientStatistics:calculate:136]: size=0B sec=0.0 up=71 down=0
03-18 21:26:31.924   213 12315 E MPEG4Writer: timestamp interval = 150104 ,currentTS = 4679998130 ,preTS = 4679848026
03-18 21:26:31.974   213 12343 E MPEG4Writer: timestamp interval = 100071 ,currentTS = 4679948125 ,preTS = 4679848054
03-18 21:26:32.074   213 12343 E MPEG4Writer: timestamp interval = 100068 ,currentTS = 4680048193 ,preTS = 4679948125
03-18 21:26:32.084  2028  2042 E QcrilMsgTunnelSocket: IOException - java.io.IOException: No such file or directory Reason: No such file or directory
03-18 21:26:32.124   213 12343 E MPEG4Writer: timestamp interval = 150105 ,currentTS = 4680148263 ,preTS = 4679998158
03-18 21:26:32.134   213 12315 E MPEG4Writer: timestamp interval = 150102 ,currentTS = 4680098199 ,preTS = 4679948097
03-18 21:26:32.134   213 12315 E MPEG4Writer: timestamp interval = 150104 ,currentTS = 4680198269 ,preTS = 4680048165
03-18 21:26:32.184   213 12343 E MPEG4Writer: timestamp interval = 150107 ,currentTS = 4680248334 ,preTS = 4680098227
03-18 21:26:32.224   213 12340 E QCamera2HWI: mCameraId 1, Send Video frame to services/encoder TimeStamp : 4680448472000, frame_idx 1380, mLastFrameIdx 1379, mLostFrameCnt 2
03-18 21:26:32.234   213 12315 E MPEG4Writer: timestamp interval = 150094 ,currentTS = 4680298339 ,preTS = 4680148245
03-18 21:26:32.324   213 12343 E MPEG4Writer: timestamp interval = 150105 ,currentTS = 4680348402 ,preTS = 4680198297
03-18 21:26:32.374   213 12343 E MPEG4Writer: timestamp interval = 150105 ,currentTS = 4680448472 ,preTS = 4680298367
03-18 21:26:32.434   213 12315 E MPEG4Writer: timestamp interval = 150101 ,currentTS = 4680398405 ,preTS = 4680248304
03-18 21:26:32.474   213 12343 E MPEG4Writer: timestamp interval = 150093 ,currentTS = 4680548542 ,preTS = 4680398449
03-18 21:26:32.474   213 12315 E MPEG4Writer: timestamp interval = 150101 ,currentTS = 4680498475 ,preTS = 4680348374
03-18 21:26:32.524   213 12315 E MPEG4Writer: timestamp interval = 100070 ,currentTS = 4680548513 ,preTS = 4680448443
03-18 21:26:32.524  1724  1728 D dalvikvm: GC_CONCURRENT freed 2328K, 88% free 6551K/53972K, paused 6ms+4ms, total 47ms
03-18 21:26:32.574   213 12343 E MPEG4Writer: timestamp interval = 150105 ,currentTS = 4680648611 ,preTS = 4680498506
03-18 21:26:32.774   213 12343 E MPEG4Writer: timestamp interval = 150105 ,currentTS = 4680748681 ,preTS = 4680598576
03-18 21:26:32.784   213 12315 E MPEG4Writer: timestamp interval = 100071 ,currentTS = 4680648584 ,preTS = 4680548513
03-18 21:26:32.784   213 12315 E MPEG4Writer: timestamp interval = 150104 ,currentTS = 4680748652 ,preTS = 4680598548
03-18 21:26:32.824   213 12315 E MPEG4Writer: timestamp interval = 150105 ,currentTS = 4680848725 ,preTS = 4680698620
03-18 21:26:32.874   213 12312 E QCamera2HWI: mCameraId 0, Send Video frame to services/encoder TimeStamp : 4681098896000, frame_idx 1400, mLastFrameIdx 1399, mLostFrameCnt 2
03-18 21:26:32.894  1724  1914 D streaming: 21:26:32.909 4681.127 [ClientStatistics:calculate:136]: size=0B sec=0.0 up=72 down=0
03-18 21:26:32.974   213 12343 E MPEG4Writer: timestamp interval = 150106 ,currentTS = 4680848753 ,preTS = 4680698647
03-18 21:26:32.974   213 12343 E MPEG4Writer: timestamp interval = 100069 ,currentTS = 4680898785 ,preTS = 4680798716
03-18 21:26:32.984   213 12343 E MPEG4Writer: timestamp interval = 100070 ,currentTS = 4680998855 ,preTS = 4680898785
03-18 21:26:32.984   213 12315 E MPEG4Writer: timestamp interval = 150105 ,currentTS = 4680948792 ,preTS = 4680798687
03-18 21:26:32.984   213 12315 E MPEG4Writer: timestamp interval = 150105 ,currentTS = 4681048862 ,preTS = 4680898757
03-18 21:26:33.074   213 12343 E MPEG4Writer: timestamp interval = 150104 ,currentTS = 4681098924 ,preTS = 4680948820
03-18 21:26:33.174   213 12343 E MPEG4Writer: timestamp interval = 150105 ,currentTS = 4681198995 ,preTS = 4681048890
03-18 21:26:33.224   213 12340 E QCamera2HWI: mCameraId 1, Send Video frame to services/encoder TimeStamp : 4681449174000, frame_idx 1400, mLastFrameIdx 1399, mLostFrameCnt 2
03-18 21:26:33.274   213 12343 E MPEG4Writer: timestamp interval = 150105 ,currentTS = 4681299065 ,preTS = 4681148960
03-18 21:26:33.284   213 12315 E MPEG4Writer: timestamp interval = 150105 ,currentTS = 4681148932 ,preTS = 4680998827
03-18 21:26:33.284   213 12315 E MPEG4Writer: timestamp interval = 150103 ,currentTS = 4681248999 ,preTS = 4681098896
03-18 21:26:33.334   213 12315 E MPEG4Writer: timestamp interval = 150105 ,currentTS = 4681349071 ,preTS = 4681198966
03-18 21:26:33.424   213 12343 E MPEG4Writer: timestamp interval = 150105 ,currentTS = 4681399134 ,preTS = 4681249029
03-18 21:26:33.424   213 12343 E MPEG4Writer: timestamp interval = 150105 ,currentTS = 4681499204 ,preTS = 4681349099
03-18 21:26:33.474  1724  1728 D dalvikvm: GC_CONCURRENT freed 2467K, 89% free 6067K/53972K, paused 6ms+3ms, total 50ms
03-18 21:26:33.524   213 12343 E MPEG4Writer: timestamp interval = 150099 ,currentTS = 4681599273 ,preTS = 4681449174
03-18 21:26:33.534   213 12315 E MPEG4Writer: timestamp interval = 150106 ,currentTS = 4681449144 ,preTS = 4681299038
03-18 21:26:33.534   213 12315 E MPEG4Writer: timestamp interval = 100069 ,currentTS = 4681499175 ,preTS = 4681399106
03-18 21:26:33.554   213 12315 E MPEG4Writer: timestamp interval = 100070 ,currentTS = 4681599245 ,preTS = 4681499175
03-18 21:26:33.674   213 12315 E MPEG4Writer: timestamp interval = 150106 ,currentTS = 4681699316 ,preTS = 4681549210
03-18 21:26:33.684   213 12343 E MPEG4Writer: timestamp interval = 150106 ,currentTS = 4681699344 ,preTS = 4681549238
03-18 21:26:33.734   213 12343 E MPEG4Writer: timestamp interval = 150099 ,currentTS = 4681799414 ,preTS = 4681649315
03-18 21:26:33.774   213 12315 E MPEG4Writer: timestamp interval = 150103 ,currentTS = 4681799387 ,preTS = 4681649284
03-18 21:26:33.824   220   220 V WLAN_PSA: NL MSG, len[048], NL type[0x11] WNI type[0x5050] len[028]
03-18 21:26:33.834   213 12343 E MPEG4Writer: timestamp interval = 100070 ,currentTS = 4681849448 ,preTS = 4681749378
03-18 21:26:33.874   213 12343 E MPEG4Writer: timestamp interval = 100069 ,currentTS = 4681949517 ,preTS = 4681849448
03-18 21:26:33.884   213 12312 E QCamera2HWI: mCameraId 0, Send Video frame to services/encoder TimeStamp : 4682099594000, frame_idx 1420, mLastFrameIdx 1419, mLostFrameCnt 2
03-18 21:26:33.894  1724  1728 D dalvikvm: GC_CONCURRENT freed 1612K, 89% free 6439K/53972K, paused 4ms+5ms, total 53ms
03-18 21:26:33.894  1724 12267 D dalvikvm: WAIT_FOR_CONCURRENT_GC blocked 45ms
03-18 21:26:33.894  1724  1914 D streaming: 21:26:33.910 4682.129 [ClientStatistics:calculate:136]: size=0B sec=0.0 up=73 down=0
03-18 21:26:33.974   213 12343 E MPEG4Writer: timestamp interval = 150105 ,currentTS = 4682049587 ,preTS = 4681899482
03-18 21:26:34.034   213 12315 E MPEG4Writer: timestamp interval = 150105 ,currentTS = 4681899454 ,preTS = 4681749349
03-18 21:26:34.034   213 12315 E MPEG4Writer: timestamp interval = 150105 ,currentTS = 4681999525 ,preTS = 4681849420
03-18 21:26:34.074   213 12343 E MPEG4Writer: timestamp interval = 150098 ,currentTS = 4682149657 ,preTS = 4681999559
03-18 21:26:34.074   213 12315 E MPEG4Writer: timestamp interval = 150105 ,currentTS = 4682099594 ,preTS = 4681949489
03-18 21:26:34.224   213 12340 E QCamera2HWI: mCameraId 1, Send Video frame to services/encoder TimeStamp : 4682449866000, frame_idx 1420, mLastFrameIdx 1419, mLostFrameCnt 2
03-18 21:26:34.224   213 12343 E MPEG4Writer: timestamp interval = 150105 ,currentTS = 4682249727 ,preTS = 4682099622
03-18 21:26:34.284   213 12315 E MPEG4Writer: timestamp interval = 150105 ,currentTS = 4682199664 ,preTS = 4682049559
03-18 21:26:34.284   213 12315 E MPEG4Writer: timestamp interval = 150104 ,currentTS = 4682299733 ,preTS = 4682149629
03-18 21:26:34.334   213 12315 E MPEG4Writer: timestamp interval = 150105 ,currentTS = 4682399803 ,preTS = 4682249698
03-18 21:26:34.424   213 12343 E MPEG4Writer: timestamp interval = 150105 ,currentTS = 4682349796 ,preTS = 4682199691
03-18 21:26:34.424   213 12343 E MPEG4Writer: timestamp interval = 150104 ,currentTS = 4682449866 ,preTS = 4682299762
03-18 21:26:34.534   213 12315 E MPEG4Writer: timestamp interval = 100070 ,currentTS = 4682449838 ,preTS = 4682349768
03-18 21:26:34.534   213 12315 E MPEG4Writer: timestamp interval = 100070 ,currentTS = 4682549908 ,preTS = 4682449838
03-18 21:26:34.574   213 12315 E MPEG4Writer: timestamp interval = 150105 ,currentTS = 4682649978 ,preTS = 4682499873
03-18 21:26:34.674   213 12315 E MPEG4Writer: timestamp interval = 150101 ,currentTS = 4682750044 ,preTS = 4682599943
03-18 21:26:34.684   213 12343 E MPEG4Writer: timestamp interval = 150104 ,currentTS = 4682549935 ,preTS = 4682399831
03-18 21:26:34.684   213 12343 E MPEG4Writer: timestamp interval = 150105 ,currentTS = 4682650006 ,preTS = 4682499901
03-18 21:26:34.694 12431 12431 D QSEECOMAPI: : QSEECom_get_handle sb_length = 0x2000
03-18 21:26:34.694 12431 12431 D QSEECOMAPI: : App is not loaded in QSEE
03-18 21:26:34.694 12431 12431 E QSEECOMAPI: : Error::Cannot open the file /vendor/firmware/keymaster/keymaster.mdt
03-18 21:26:34.694 12431 12431 E QSEECOMAPI: : Error::Loading image failed with ret = -1
03-18 21:26:34.694 12431 12431 D QSEECOMAPI: : QSEECom_get_handle sb_length = 0x2000
03-18 21:26:34.694 12431 12431 D QSEECOMAPI: : App is not loaded in QSEE
03-18 21:26:34.694 12431 12431 E QSEECOMAPI: : Error::Cannot open the file /firmware/image/keymaste.mdt
03-18 21:26:34.704 12431 12431 E QSEECOMAPI: : Error::Loading image failed with ret = -1
03-18 21:26:34.704  1646  1646 D wpa_supplicant: RX ctrl_iface - hexdump(len=11): 53 49 47 4e 41 4c 5f 50 4f 4c 4c
03-18 21:26:34.704  1646  1646 D wpa_supplicant: wlan0: Control interface command 'SIGNAL_POLL'
03-18 21:26:34.704  1646  1646 D wpa_supplicant: nl80211: survey data missing!
03-18 21:26:34.704 12431 12431 E QCOMKeyMaster: Loading keymaster app failied
03-18 21:26:34.704 12431 12431 E keystore: could not open keymaster device in keystore (Operation not permitted)
03-18 21:26:34.704 12431 12431 E keystore: keystore keymaster could not be initialized; exiting
03-18 21:26:34.704   213 12343 E MPEG4Writer: timestamp interval = 150104 ,currentTS = 4682750075 ,preTS = 4682599971
03-18 21:26:34.774   213 12315 E MPEG4Writer: timestamp interval = 150095 ,currentTS = 4682850117 ,preTS = 4682700022
03-18 21:26:34.874   213 12343 E MPEG4Writer: timestamp interval = 100068 ,currentTS = 4682800110 ,preTS = 4682700042
03-18 21:26:34.874   213 12343 E MPEG4Writer: timestamp interval = 100072 ,currentTS = 4682900182 ,preTS = 4682800110
03-18 21:26:34.884   213 12312 E QCamera2HWI: mCameraId 0, Send Video frame to services/encoder TimeStamp : 4683100291000, frame_idx 1440, mLastFrameIdx 1439, mLostFrameCnt 2
03-18 21:26:34.924  1724 12267 D dalvikvm: GC_FOR_ALLOC freed 2315K, 89% free 6115K/53972K, paused 42ms, total 42ms
03-18 21:26:34.934   213 12315 E MPEG4Writer: timestamp interval = 150102 ,currentTS = 4682950185 ,preTS = 4682800083
03-18 21:26:34.934  1724  1914 D streaming: 21:26:34.942 4683.162 [ClientStatistics:calculate:136]: size=0B sec=0.0 up=74 down=0
03-18 21:26:34.974  1724  1728 D dalvikvm: GC_CONCURRENT freed 553K, 89% free 6190K/53972K, paused 8ms+9ms, total 55ms
03-18 21:26:34.984   213 12343 E MPEG4Writer: timestamp interval = 150104 ,currentTS = 4683000250 ,preTS = 4682850146
03-18 21:26:35.024   213 12343 E MPEG4Writer: timestamp interval = 150103 ,currentTS = 4683100319 ,preTS = 4682950216
03-18 21:26:35.074   213 12315 E MPEG4Writer: timestamp interval = 150108 ,currentTS = 4683050257 ,preTS = 4682900149
03-18 21:26:35.074   213 12315 E MPEG4Writer: timestamp interval = 150103 ,currentTS = 4683150326 ,preTS = 4683000223
03-18 21:26:35.124   213 12343 E MPEG4Writer: timestamp interval = 150105 ,currentTS = 4683200390 ,preTS = 4683050285
03-18 21:26:35.234   213 12340 E QCamera2HWI: mCameraId 1, Send Video frame to services/encoder TimeStamp : 4683450568000, frame_idx 1440, mLastFrameIdx 1439, mLostFrameCnt 2
03-18 21:26:35.274   213 12343 E MPEG4Writer: timestamp interval = 150104 ,currentTS = 4683300459 ,preTS = 4683150355
03-18 21:26:35.374   213 12343 E MPEG4Writer: timestamp interval = 150104 ,currentTS = 4683400529 ,preTS = 4683250425
03-18 21:26:35.384   213 12315 E MPEG4Writer: timestamp interval = 150105 ,currentTS = 4683250396 ,preTS = 4683100291
03-18 21:26:35.384   213 12315 E MPEG4Writer: timestamp interval = 150103 ,currentTS = 4683350465 ,preTS = 4683200362
03-18 21:26:35.424   213 12315 E MPEG4Writer: timestamp interval = 100072 ,currentTS = 4683400501 ,preTS = 4683300429
03-18 21:26:35.474   213 12343 E MPEG4Writer: timestamp interval = 150104 ,currentTS = 4683500598 ,preTS = 4683350494
03-18 21:26:35.524   213 12343 E MPEG4Writer: timestamp interval = 150100 ,currentTS = 4683600668 ,preTS = 4683450568
03-18 21:26:35.624   213 12315 E MPEG4Writer: timestamp interval = 100066 ,currentTS = 4683500567 ,preTS = 4683400501
03-18 21:26:35.624   213 12315 E MPEG4Writer: timestamp interval = 150091 ,currentTS = 4683600641 ,preTS = 4683450550
03-18 21:26:35.674   213 12343 E MPEG4Writer: timestamp interval = 150105 ,currentTS = 4683700738 ,preTS = 4683550633
