03-22 19:26:51.840   924   988 D QcConnectivityService: handleConnectivityChange: addresses changed linkProperty[1]: resetMask=0
03-22 19:26:51.840   924   988 D QcConnectivityService:    car=removed=[] added=[fe80::ce1b:e0ff:fe60:dc7/64,]
03-22 19:26:51.840   924   988 E QcConnectivityService: Exception while trying to add src route: java.lang.NullPointerException
03-22 19:26:51.840   924   988 D Nat464Xlat: requiresClat: netType=1, hasIPv4Address=true
03-22 19:27:03.910   924  1075 D QcConnectivityService: setProvNotificationVisible: E visible=false networkType=1 extraInfo=null url=null
03-22 19:27:04.290   924  1075 D QcConnectivityService: captivePortalCheckCompleted: ni=NetworkInfo: type: WIFI[], state: CONNECTED/CONNECTED, reason: (unspecified), extra: "1503", roaming: false, failover: false, isAvailable: true, isConnectedToProvisioningNetwork: false captive=false
03-22 19:29:02.470   924   947 W ProcessCpuTracker: Skipping unknown process pid 11091
03-22 19:30:47.520   924   947 W ProcessCpuTracker: Skipping unknown process pid 11260
03-22 19:37:15.850   924   988 D QcConnectivityService: Sampling interval elapsed, updating statistics ..
03-22 19:37:15.870   924   988 D QcConnectivityService: Done.
03-22 19:37:15.870   924   988 D QcConnectivityService: Setting timer for 720seconds
03-22 19:46:29.580   924   988 D QcConnectivityService: tryFailover: set mActiveDefaultNetwork=-1, prevNetType=1
03-22 19:46:29.580   924   988 D QcConnectivityService: Attempting to switch to BLUETOOTH_TETHER
03-22 19:46:29.690   924   988 D QcConnectivityService: resetConnections(wlan0, 3)
03-22 19:46:29.890   924   988 D Nat464Xlat: requiresClat: netType=1, hasIPv4Address=false
03-22 19:46:32.890   924  1075 D QcConnectivityService: setProvNotificationVisible: E visible=false networkType=1 extraInfo=null url=null
03-22 19:46:33.610   924   988 D QcConnectivityService: Captive portal check NetworkInfo: type: WIFI[], state: CONNECTING/CAPTIVE_PORTAL_CHECK, reason: (unspecified), extra: "1503", roaming: false, failover: false, isAvailable: true, isConnectedToProvisioningNetwork: false
03-22 19:46:33.610   924   988 D QcConnectivityService: handleCaptivePortalTrackerCheck: call captivePortalCheckComplete ni=NetworkInfo: type: WIFI[], state: CONNECTING/CAPTIVE_PORTAL_CHECK, reason: (unspecified), extra: "1503", roaming: false, failover: false, isAvailable: true, isConnectedToProvisioningNetwork: false
03-22 19:46:33.610   924   988 D QcConnectivityService: handleInetConditionChange: no active default network - ignore
03-22 19:46:33.630   924   988 E QcConnectivityService: Unexpected mtu value: android.net.wifi.WifiStateTracker@4240d2f0
03-22 19:46:33.730   924   947 W ProcessCpuTracker: Skipping unknown process pid 13702
03-22 19:46:33.800   924   988 D Nat464Xlat: requiresClat: netType=1, hasIPv4Address=true
03-22 19:46:35.120   924   988 D QcConnectivityService: handleConnectivityChange: addresses changed linkProperty[1]: resetMask=0
03-22 19:46:35.120   924   988 D QcConnectivityService:    car=removed=[] added=[fe80::ce1b:e0ff:fe60:dc7/64,]
03-22 19:46:35.120   924   988 E QcConnectivityService: Exception while trying to add src route: java.lang.NullPointerException
03-22 19:46:35.120   924   988 D Nat464Xlat: requiresClat: netType=1, hasIPv4Address=true
03-22 19:46:46.820   924  1075 D QcConnectivityService: setProvNotificationVisible: E visible=false networkType=1 extraInfo=null url=null
03-22 19:46:46.870   924  1075 D QcConnectivityService: captivePortalCheckCompleted: ni=NetworkInfo: type: WIFI[], state: CONNECTED/CONNECTED, reason: (unspecified), extra: "1503", roaming: false, failover: false, isAvailable: true, isConnectedToProvisioningNetwork: false captive=false
03-22 19:49:15.950   924   988 D QcConnectivityService: Sampling interval elapsed, updating statistics ..
03-22 19:49:15.960   924   988 D QcConnectivityService: Done.
03-22 19:49:15.960   924   988 D QcConnectivityService: Setting timer for 720seconds
03-22 19:50:00.050   924   947 I ProcessStatsService: Prepared write state in 28ms
03-22 20:00:52.910   924   988 D QcConnectivityService: tryFailover: set mActiveDefaultNetwork=-1, prevNetType=1
03-22 20:00:52.910   924   988 D QcConnectivityService: Attempting to switch to BLUETOOTH_TETHER
03-22 20:00:53.030   924   988 D QcConnectivityService: resetConnections(wlan0, 3)
03-22 20:00:53.230   924   988 D Nat464Xlat: requiresClat: netType=1, hasIPv4Address=false
03-22 20:00:56.230   924  1075 D QcConnectivityService: setProvNotificationVisible: E visible=false networkType=1 extraInfo=null url=null
03-22 20:00:56.750   924   988 D QcConnectivityService: Captive portal check NetworkInfo: type: WIFI[], state: CONNECTING/CAPTIVE_PORTAL_CHECK, reason: (unspecified), extra: "1503", roaming: false, failover: false, isAvailable: true, isConnectedToProvisioningNetwork: false
03-22 20:00:56.750   924   988 D QcConnectivityService: handleCaptivePortalTrackerCheck: call captivePortalCheckComplete ni=NetworkInfo: type: WIFI[], state: CONNECTING/CAPTIVE_PORTAL_CHECK, reason: (unspecified), extra: "1503", roaming: false, failover: false, isAvailable: true, isConnectedToProvisioningNetwork: false
03-22 20:00:56.750   924   988 D QcConnectivityService: handleInetConditionChange: no active default network - ignore
03-22 20:00:56.760   924   988 E QcConnectivityService: Unexpected mtu value: android.net.wifi.WifiStateTracker@4240d2f0
03-22 20:00:56.890   924   988 D Nat464Xlat: requiresClat: netType=1, hasIPv4Address=true
03-22 20:00:58.330   924   988 D QcConnectivityService: handleConnectivityChange: addresses changed linkProperty[1]: resetMask=0
03-22 20:00:58.330   924   988 D QcConnectivityService:    car=removed=[] added=[fe80::ce1b:e0ff:fe60:dc7/64,]
03-22 20:00:58.340   924   988 E QcConnectivityService: Exception while trying to add src route: java.lang.NullPointerException
03-22 20:00:58.340   924   988 D Nat464Xlat: requiresClat: netType=1, hasIPv4Address=true
03-22 20:01:09.900   924  1075 D QcConnectivityService: setProvNotificationVisible: E visible=false networkType=1 extraInfo=null url=null
03-22 20:01:09.960   924  1075 D QcConnectivityService: captivePortalCheckCompleted: ni=NetworkInfo: type: WIFI[], state: CONNECTED/CONNECTED, reason: (unspecified), extra: "1503", roaming: false, failover: false, isAvailable: true, isConnectedToProvisioningNetwork: false captive=false
03-22 20:01:15.960   924   988 D QcConnectivityService: Sampling interval elapsed, updating statistics ..
03-22 20:01:15.970   924   988 D QcConnectivityService: Done.
03-22 20:01:15.970   924   988 D QcConnectivityService: Setting timer for 720seconds
03-22 20:02:08.990   924   947 W ProcessCpuTracker: Skipping unknown process pid 16181
03-22 20:19:24.690   924   988 D QcConnectivityService: Sampling interval elapsed, updating statistics ..
03-22 20:19:24.710   924   988 D QcConnectivityService: Done.
03-22 20:19:24.710   924   988 D QcConnectivityService: Setting timer for 720seconds
03-22 20:20:01.460   924   988 D QcConnectivityService: tryFailover: set mActiveDefaultNetwork=-1, prevNetType=1
03-22 20:20:01.460   924   988 D QcConnectivityService: Attempting to switch to BLUETOOTH_TETHER
03-22 20:20:01.570   924   988 D QcConnectivityService: resetConnections(wlan0, 3)
03-22 20:20:01.770   924   988 D Nat464Xlat: requiresClat: netType=1, hasIPv4Address=false
03-22 20:20:04.480   924   947 I ProcessStatsService: Prepared write state in 10ms
03-22 20:20:04.770   924  1075 D QcConnectivityService: setProvNotificationVisible: E visible=false networkType=1 extraInfo=null url=null
03-22 20:20:04.920   924   947 W ProcessCpuTracker: Skipping unknown process pid 18132
03-22 20:20:05.300   924   988 D QcConnectivityService: Captive portal check NetworkInfo: type: WIFI[], state: CONNECTING/CAPTIVE_PORTAL_CHECK, reason: (unspecified), extra: "1503", roaming: false, failover: false, isAvailable: true, isConnectedToProvisioningNetwork: false
03-22 20:20:05.300   924   988 D QcConnectivityService: handleCaptivePortalTrackerCheck: call captivePortalCheckComplete ni=NetworkInfo: type: WIFI[], state: CONNECTING/CAPTIVE_PORTAL_CHECK, reason: (unspecified), extra: "1503", roaming: false, failover: false, isAvailable: true, isConnectedToProvisioningNetwork: false
03-22 20:20:05.300   924   988 D QcConnectivityService: handleInetConditionChange: no active default network - ignore
03-22 20:20:05.320   924   988 E QcConnectivityService: Unexpected mtu value: android.net.wifi.WifiStateTracker@4240d2f0
03-22 20:20:05.440   924   988 D Nat464Xlat: requiresClat: netType=1, hasIPv4Address=true
03-22 20:20:06.380   924   988 D QcConnectivityService: handleConnectivityChange: addresses changed linkProperty[1]: resetMask=0
03-22 20:20:06.380   924   988 D QcConnectivityService:    car=removed=[] added=[fe80::ce1b:e0ff:fe60:dc7/64,]
03-22 20:20:06.380   924   988 E QcConnectivityService: Exception while trying to add src route: java.lang.NullPointerException
03-22 20:20:06.380   924   988 D Nat464Xlat: requiresClat: netType=1, hasIPv4Address=true
03-22 20:20:18.460   924  1075 D QcConnectivityService: setProvNotificationVisible: E visible=false networkType=1 extraInfo=null url=null
03-22 20:20:18.520   924  1075 D QcConnectivityService: captivePortalCheckCompleted: ni=NetworkInfo: type: WIFI[], state: CONNECTED/CONNECTED, reason: (unspecified), extra: "1503", roaming: false, failover: false, isAvailable: true, isConnectedToProvisioningNetwork: false captive=false
03-22 20:31:24.710   924   988 D QcConnectivityService: Sampling interval elapsed, updating statistics ..
03-22 20:31:24.730   924   988 D QcConnectivityService: Done.
03-22 20:31:24.730   924   988 D QcConnectivityService: Setting timer for 720seconds
03-22 20:33:01.850   924   988 D QcConnectivityService: tryFailover: set mActiveDefaultNetwork=-1, prevNetType=1
03-22 20:33:01.850   924   988 D QcConnectivityService: Attempting to switch to BLUETOOTH_TETHER
03-22 20:33:01.980   924   988 D QcConnectivityService: resetConnections(wlan0, 3)
03-22 20:33:02.180   924   988 D Nat464Xlat: requiresClat: netType=1, hasIPv4Address=false
03-22 20:33:05.190   924  1075 D QcConnectivityService: setProvNotificationVisible: E visible=false networkType=1 extraInfo=null url=null
03-22 20:33:05.830   924   988 D QcConnectivityService: Captive portal check NetworkInfo: type: WIFI[], state: CONNECTING/CAPTIVE_PORTAL_CHECK, reason: (unspecified), extra: "1503", roaming: false, failover: false, isAvailable: true, isConnectedToProvisioningNetwork: false
03-22 20:33:05.830   924   988 D QcConnectivityService: handleCaptivePortalTrackerCheck: call captivePortalCheckComplete ni=NetworkInfo: type: WIFI[], state: CONNECTING/CAPTIVE_PORTAL_CHECK, reason: (unspecified), extra: "1503", roaming: false, failover: false, isAvailable: true, isConnectedToProvisioningNetwork: false
03-22 20:33:05.830   924   988 D QcConnectivityService: handleInetConditionChange: no active default network - ignore
03-22 20:33:05.850   924   988 E QcConnectivityService: Unexpected mtu value: android.net.wifi.WifiStateTracker@4240d2f0
03-22 20:33:05.980   924   988 D Nat464Xlat: requiresClat: netType=1, hasIPv4Address=true
03-22 20:33:07.660   924   988 D QcConnectivityService: handleConnectivityChange: addresses changed linkProperty[1]: resetMask=0
03-22 20:33:07.660   924   988 D QcConnectivityService:    car=removed=[] added=[fe80::ce1b:e0ff:fe60:dc7/64,]
03-22 20:33:07.660   924   988 E QcConnectivityService: Exception while trying to add src route: java.lang.NullPointerException
03-22 20:33:07.670   924   988 D Nat464Xlat: requiresClat: netType=1, hasIPv4Address=true
03-22 20:33:18.990   924  1075 D QcConnectivityService: setProvNotificationVisible: E visible=false networkType=1 extraInfo=null url=null
03-22 20:33:19.050   924  1075 D QcConnectivityService: captivePortalCheckCompleted: ni=NetworkInfo: type: WIFI[], state: CONNECTED/CONNECTED, reason: (unspecified), extra: "1503", roaming: false, failover: false, isAvailable: true, isConnectedToProvisioningNetwork: false captive=false
03-22 20:34:05.020   924   947 W ProcessCpuTracker: Skipping unknown process pid 20217
03-22 20:41:57.810   924   947 W ProcessCpuTracker: Skipping unknown process pid 21467
03-22 20:49:15.610   924   988 D QcConnectivityService: Sampling interval elapsed, updating statistics ..
03-22 20:49:15.630   924   988 D QcConnectivityService: Done.
03-22 20:49:15.630   924   988 D QcConnectivityService: Setting timer for 720seconds
03-22 20:50:32.350   924   947 I ProcessStatsService: Prepared write state in 10ms
03-22 20:52:34.250   924   988 D QcConnectivityService: tryFailover: set mActiveDefaultNetwork=-1, prevNetType=1
03-22 20:52:34.250   924   988 D QcConnectivityService: Attempting to switch to BLUETOOTH_TETHER
03-22 20:52:34.370   924   988 D QcConnectivityService: resetConnections(wlan0, 3)
03-22 20:52:34.560   924   988 D Nat464Xlat: requiresClat: netType=1, hasIPv4Address=false
03-22 20:52:37.570   924  1075 D QcConnectivityService: setProvNotificationVisible: E visible=false networkType=1 extraInfo=null url=null
03-22 20:52:44.090   924   988 D QcConnectivityService: Captive portal check NetworkInfo: type: WIFI[], state: CONNECTING/CAPTIVE_PORTAL_CHECK, reason: (unspecified), extra: "1503", roaming: false, failover: false, isAvailable: true, isConnectedToProvisioningNetwork: false
03-22 20:52:44.090   924   988 D QcConnectivityService: handleCaptivePortalTrackerCheck: call captivePortalCheckComplete ni=NetworkInfo: type: WIFI[], state: CONNECTING/CAPTIVE_PORTAL_CHECK, reason: (unspecified), extra: "1503", roaming: false, failover: false, isAvailable: true, isConnectedToProvisioningNetwork: false
03-22 20:52:44.090   924   988 D QcConnectivityService: handleInetConditionChange: no active default network - ignore
03-22 20:52:44.110   924   988 E QcConnectivityService: Unexpected mtu value: android.net.wifi.WifiStateTracker@4240d2f0
03-22 20:52:44.260   924   988 D Nat464Xlat: requiresClat: netType=1, hasIPv4Address=true
03-22 20:52:45.150   924   988 D QcConnectivityService: handleConnectivityChange: addresses changed linkProperty[1]: resetMask=0
03-22 20:52:45.150   924   988 D QcConnectivityService:    car=removed=[] added=[fe80::ce1b:e0ff:fe60:dc7/64,]
03-22 20:52:45.150   924   988 E QcConnectivityService: Exception while trying to add src route: java.lang.NullPointerException
03-22 20:52:45.150   924   988 D Nat464Xlat: requiresClat: netType=1, hasIPv4Address=true
03-22 20:52:57.290   924  1075 D QcConnectivityService: setProvNotificationVisible: E visible=false networkType=1 extraInfo=null url=null
03-22 20:52:57.370   924  1075 D QcConnectivityService: captivePortalCheckCompleted: ni=NetworkInfo: type: WIFI[], state: CONNECTED/CONNECTED, reason: (unspecified), extra: "1503", roaming: false, failover: false, isAvailable: true, isConnectedToProvisioningNetwork: false captive=false
03-22 21:01:15.630   924   988 D QcConnectivityService: Sampling interval elapsed, updating statistics ..
03-22 21:01:15.640   924   988 D QcConnectivityService: Done.
03-22 21:01:15.640   924   988 D QcConnectivityService: Setting timer for 720seconds
03-22 21:01:20.660   924   947 W ProcessCpuTracker: Skipping unknown process pid 24550
03-22 21:02:05.030   924   947 W ProcessCpuTracker: Skipping unknown process pid 24659
03-22 21:19:14.660   924   924 I EntropyMixer: Writing entropy...
03-22 21:19:15.610   924   988 D QcConnectivityService: Sampling interval elapsed, updating statistics ..
03-22 21:19:15.630   924   988 D QcConnectivityService: Done.
03-22 21:19:15.630   924   988 D QcConnectivityService: Setting timer for 720seconds
03-22 21:20:42.430   924   947 I ProcessStatsService: Prepared write state in 17ms
03-22 21:20:42.700   924   948 I ProcessStatsService: Pruning old procstats: /data/system/procstats/state-2016-03-21-21-47-26.bin
03-22 21:31:15.630   924   988 D QcConnectivityService: Sampling interval elapsed, updating statistics ..
03-22 21:31:15.650   924   988 D QcConnectivityService: Done.
03-22 21:31:15.650   924   988 D QcConnectivityService: Setting timer for 720seconds
03-22 21:45:51.350   924   988 D QcConnectivityService: Sampling interval elapsed, updating statistics ..
03-22 21:45:51.380   924   988 D QcConnectivityService: Done.
03-22 21:45:51.380   924   988 D QcConnectivityService: Setting timer for 720seconds
03-22 21:45:51.380   924   988 D QcConnectivityService: tryFailover: set mActiveDefaultNetwork=-1, prevNetType=1
03-22 21:45:51.380   924   988 D QcConnectivityService: Attempting to switch to BLUETOOTH_TETHER
03-22 21:45:51.490   924   988 D QcConnectivityService: resetConnections(wlan0, 3)
03-22 21:45:51.690   924   988 D Nat464Xlat: requiresClat: netType=1, hasIPv4Address=false
03-22 21:45:54.700   924  1075 D QcConnectivityService: setProvNotificationVisible: E visible=false networkType=1 extraInfo=null url=null
03-22 21:45:55.620   924   988 D QcConnectivityService: Captive portal check NetworkInfo: type: WIFI[], state: CONNECTING/CAPTIVE_PORTAL_CHECK, reason: (unspecified), extra: "1503", roaming: false, failover: false, isAvailable: true, isConnectedToProvisioningNetwork: false
03-22 21:45:55.620   924   988 D QcConnectivityService: handleCaptivePortalTrackerCheck: call captivePortalCheckComplete ni=NetworkInfo: type: WIFI[], state: CONNECTING/CAPTIVE_PORTAL_CHECK, reason: (unspecified), extra: "1503", roaming: false, failover: false, isAvailable: true, isConnectedToProvisioningNetwork: false
03-22 21:45:55.620   924   988 D QcConnectivityService: handleInetConditionChange: no active default network - ignore
03-22 21:45:55.640   924   988 E QcConnectivityService: Unexpected mtu value: android.net.wifi.WifiStateTracker@4240d2f0
03-22 21:45:55.760   924   988 D Nat464Xlat: requiresClat: netType=1, hasIPv4Address=true
03-22 21:45:57.570   924   988 D QcConnectivityService: handleConnectivityChange: addresses changed linkProperty[1]: resetMask=0
03-22 21:45:57.570   924   988 D QcConnectivityService:    car=removed=[] added=[fe80::ce1b:e0ff:fe60:dc7/64,]
03-22 21:45:57.570   924   988 E QcConnectivityService: Exception while trying to add src route: java.lang.NullPointerException
03-22 21:45:57.570   924   988 D Nat464Xlat: requiresClat: netType=1, hasIPv4Address=true
03-22 21:46:08.780   924  1075 D QcConnectivityService: setProvNotificationVisible: E visible=false networkType=1 extraInfo=null url=null
03-22 21:46:08.840   924  1075 D QcConnectivityService: captivePortalCheckCompleted: ni=NetworkInfo: type: WIFI[], state: CONNECTED/CONNECTED, reason: (unspecified), extra: "1503", roaming: false, failover: false, isAvailable: true, isConnectedToProvisioningNetwork: false captive=false
03-22 21:50:50.700   924   947 I ProcessStatsService: Prepared write state in 6ms
03-22 21:56:18.310   924   988 D QcConnectivityService: tryFailover: set mActiveDefaultNetwork=-1, prevNetType=1
03-22 21:56:18.320   924   988 D QcConnectivityService: Attempting to switch to BLUETOOTH_TETHER
03-22 21:56:18.500   924   988 D QcConnectivityService: resetConnections(wlan0, 3)
03-22 21:56:18.690   924   988 D Nat464Xlat: requiresClat: netType=1, hasIPv4Address=false
03-22 21:56:21.700   924  1075 D QcConnectivityService: setProvNotificationVisible: E visible=false networkType=1 extraInfo=null url=null
03-22 21:56:21.730   924   988 D QcConnectivityService: Captive portal check NetworkInfo: type: WIFI[], state: CONNECTING/CAPTIVE_PORTAL_CHECK, reason: (unspecified), extra: "1503", roaming: false, failover: false, isAvailable: true, isConnectedToProvisioningNetwork: false
03-22 21:56:21.730   924   988 D QcConnectivityService: handleCaptivePortalTrackerCheck: call captivePortalCheckComplete ni=NetworkInfo: type: WIFI[], state: CONNECTING/CAPTIVE_PORTAL_CHECK, reason: (unspecified), extra: "1503", roaming: false, failover: false, isAvailable: true, isConnectedToProvisioningNetwork: false
03-22 21:56:21.730   924   988 D QcConnectivityService: handleInetConditionChange: no active default network - ignore
03-22 21:56:21.750   924   988 E QcConnectivityService: Unexpected mtu value: android.net.wifi.WifiStateTracker@4240d2f0
03-22 21:56:21.890   924   988 D Nat464Xlat: requiresClat: netType=1, hasIPv4Address=true
03-22 21:56:23.490   924   988 D QcConnectivityService: handleConnectivityChange: addresses changed linkProperty[1]: resetMask=0
03-22 21:56:23.490   924   988 D QcConnectivityService:    car=removed=[] added=[fe80::ce1b:e0ff:fe60:dc7/64,]
03-22 21:56:23.490   924   988 E QcConnectivityService: Exception while trying to add src route: java.lang.NullPointerException
03-22 21:56:23.490   924   988 D Nat464Xlat: requiresClat: netType=1, hasIPv4Address=true
03-22 21:56:34.910   924  1075 D QcConnectivityService: setProvNotificationVisible: E visible=false networkType=1 extraInfo=null url=null
03-22 21:56:35.020   924  1075 D QcConnectivityService: captivePortalCheckCompleted: ni=NetworkInfo: type: WIFI[], state: CONNECTED/CONNECTED, reason: (unspecified), extra: "1503", roaming: false, failover: false, isAvailable: true, isConnectedToProvisioningNetwork: false captive=false
03-22 21:57:51.450   924   988 D QcConnectivityService: Sampling interval elapsed, updating statistics ..
03-22 21:57:51.460   924   988 D QcConnectivityService: Done.
03-22 21:57:51.460   924   988 D QcConnectivityService: Setting timer for 720seconds
03-22 22:00:17.010   924   947 W ProcessCpuTracker: Skipping unknown process pid 2923
03-22 22:09:51.460   924   988 D QcConnectivityService: Sampling interval elapsed, updating statistics ..
03-22 22:09:51.470   924   988 D QcConnectivityService: Done.
03-22 22:09:51.470   924   988 D QcConnectivityService: Setting timer for 720seconds
03-22 22:20:58.300   924   947 I ProcessStatsService: Prepared write state in 7ms
03-22 22:21:51.470   924   988 D QcConnectivityService: Sampling interval elapsed, updating statistics ..
03-22 22:21:51.490   924   988 D QcConnectivityService: Done.
03-22 22:21:51.490   924   988 D QcConnectivityService: Setting timer for 720seconds
03-22 22:33:51.490   924   988 D QcConnectivityService: Sampling interval elapsed, updating statistics ..
03-22 22:33:51.510   924   988 D QcConnectivityService: Done.
03-22 22:33:51.510   924   988 D QcConnectivityService: Setting timer for 720seconds
03-22 22:49:15.610   924   988 D QcConnectivityService: Sampling interval elapsed, updating statistics ..
03-22 22:49:15.630   924   988 D QcConnectivityService: Done.
03-22 22:49:15.630   924   988 D QcConnectivityService: Setting timer for 720seconds
03-22 22:51:00.000   924   947 I ProcessStatsService: Prepared write state in 6ms
03-22 23:01:15.630   924   988 D QcConnectivityService: Sampling interval elapsed, updating statistics ..
03-22 23:01:15.650   924   988 D QcConnectivityService: Done.
03-22 23:01:15.650   924   988 D QcConnectivityService: Setting timer for 720seconds
03-22 23:19:15.610   924   988 D QcConnectivityService: Sampling interval elapsed, updating statistics ..
03-22 23:19:15.630   924   988 D QcConnectivityService: Done.
03-22 23:19:15.630   924   988 D QcConnectivityService: Setting timer for 720seconds
03-22 23:21:00.030   924   947 I ProcessStatsService: Prepared write state in 5ms
03-22 23:26:28.160   924   988 D QcConnectivityService: tryFailover: set mActiveDefaultNetwork=-1, prevNetType=1
03-22 23:26:28.160   924   988 D QcConnectivityService: Attempting to switch to BLUETOOTH_TETHER
03-22 23:26:28.270   924   988 D QcConnectivityService: resetConnections(wlan0, 3)
03-22 23:26:28.460   924   988 D Nat464Xlat: requiresClat: netType=1, hasIPv4Address=false
03-22 23:26:31.470   924  1075 D QcConnectivityService: setProvNotificationVisible: E visible=false networkType=1 extraInfo=null url=null
03-22 23:26:31.880   924   988 D QcConnectivityService: Captive portal check NetworkInfo: type: WIFI[], state: CONNECTING/CAPTIVE_PORTAL_CHECK, reason: (unspecified), extra: "1503", roaming: false, failover: false, isAvailable: true, isConnectedToProvisioningNetwork: false
03-22 23:26:31.880   924   988 D QcConnectivityService: handleCaptivePortalTrackerCheck: call captivePortalCheckComplete ni=NetworkInfo: type: WIFI[], state: CONNECTING/CAPTIVE_PORTAL_CHECK, reason: (unspecified), extra: "1503", roaming: false, failover: false, isAvailable: true, isConnectedToProvisioningNetwork: false
03-22 23:26:31.880   924   988 D QcConnectivityService: handleInetConditionChange: no active default network - ignore
03-22 23:26:31.890   924   988 E QcConnectivityService: Unexpected mtu value: android.net.wifi.WifiStateTracker@4240d2f0
03-22 23:26:32.030   924   988 D Nat464Xlat: requiresClat: netType=1, hasIPv4Address=true
03-22 23:26:32.080   924   947 W ProcessCpuTracker: Skipping unknown process pid 7106
03-22 23:26:33.450   924   988 D QcConnectivityService: handleConnectivityChange: addresses changed linkProperty[1]: resetMask=0
03-22 23:26:33.450   924   988 D QcConnectivityService:    car=removed=[] added=[fe80::ce1b:e0ff:fe60:dc7/64,]
03-22 23:26:33.450   924   988 E QcConnectivityService: Exception while trying to add src route: java.lang.NullPointerException
03-22 23:26:33.450   924   988 D Nat464Xlat: requiresClat: netType=1, hasIPv4Address=true
03-22 23:26:45.050   924  1075 D QcConnectivityService: setProvNotificationVisible: E visible=false networkType=1 extraInfo=null url=null
03-22 23:26:45.170   924  1075 D QcConnectivityService: captivePortalCheckCompleted: ni=NetworkInfo: type: WIFI[], state: CONNECTED/CONNECTED, reason: (unspecified), extra: "1503", roaming: false, failover: false, isAvailable: true, isConnectedToProvisioningNetwork: false captive=false
03-22 23:31:15.630   924   988 D QcConnectivityService: Sampling interval elapsed, updating statistics ..
03-22 23:31:15.650   924   988 D QcConnectivityService: Done.
03-22 23:31:15.650   924   988 D QcConnectivityService: Setting timer for 720seconds
03-22 23:49:15.610   924   988 D QcConnectivityService: Sampling interval elapsed, updating statistics ..
03-22 23:49:15.630   924   988 D QcConnectivityService: Done.
03-22 23:49:15.630   924   988 D QcConnectivityService: Setting timer for 720seconds
03-22 23:51:18.460   924   947 I ProcessStatsService: Prepared write state in 6ms
03-23 00:01:15.630   924   988 D QcConnectivityService: Sampling interval elapsed, updating statistics ..
03-23 00:01:15.650   924   988 D QcConnectivityService: Done.
03-23 00:01:15.650   924   988 D QcConnectivityService: Setting timer for 720seconds
03-23 00:19:14.700   924   924 I EntropyMixer: Writing entropy...
03-23 00:19:25.090   924   988 D QcConnectivityService: Sampling interval elapsed, updating statistics ..
03-23 00:19:25.110   924   988 D QcConnectivityService: Done.
03-23 00:19:25.110   924   988 D QcConnectivityService: Setting timer for 720seconds
03-23 00:21:25.450   924   947 I ProcessStatsService: Prepared write state in 7ms
03-23 00:21:25.810   924   948 I ProcessStatsService: Pruning old procstats: /data/system/procstats/state-2016-03-22-00-48-58.bin
03-23 00:31:25.110   924   988 D QcConnectivityService: Sampling interval elapsed, updating statistics ..
03-23 00:31:25.130   924   988 D QcConnectivityService: Done.
03-23 00:31:25.130   924   988 D QcConnectivityService: Setting timer for 720seconds
03-23 00:34:34.110   924   947 W ProcessCpuTracker: Skipping unknown process pid 21043
03-23 00:49:05.040   924   947 W ProcessCpuTracker: Skipping unknown process pid 24027
03-23 00:49:15.610   924   988 D QcConnectivityService: Sampling interval elapsed, updating statistics ..
03-23 00:49:15.630   924   988 D QcConnectivityService: Done.
03-23 00:49:15.630   924   988 D QcConnectivityService: Setting timer for 720seconds
03-23 00:51:32.910   924   947 I ProcessStatsService: Prepared write state in 7ms
03-23 00:53:48.460   924   924 I EntropyMixer: Writing entropy...
03-23 01:01:15.630   924   988 D QcConnectivityService: Sampling interval elapsed, updating statistics ..
03-23 01:01:15.640   924   988 D QcConnectivityService: Done.
03-23 01:01:15.640   924   988 D QcConnectivityService: Setting timer for 720seconds
--------- beginning of /dev/log/main
03-23 01:11:20.290   210 28774 E mm-still: virtual OMX_ERRORTYPE OMXImageEncoder::use_input_buffer(OMX_BUFFERHEADERTYPE**, OMX_U32, OMX_U8*, OMX_PTR, OMX_U32):906] BufferCountActual = 3, inBuffAllocCount = 3
03-23 01:11:20.290   210 28774 E mm-still: virtual OMX_ERRORTYPE OMXImageEncoder::omx_component_use_buffer(OMX_HANDLETYPE, OMX_BUFFERHEADERTYPE**, OMX_U32, OMX_PTR, OMX_U32, OMX_U8*) 1069: Inport populated = 1, Outport populated = 0
03-23 01:11:20.290   210 28774 E mm-still: virtual OMX_ERRORTYPE OMXImageEncoder::omx_component_use_buffer(OMX_HANDLETYPE, OMX_BUFFERHEADERTYPE**, OMX_U32, OMX_PTR, OMX_U32, OMX_U8*):1075] All Data Allocated = 0
03-23 01:11:20.290   210 28774 E mm-jpeg-intf: mm_jpeg_session_send_buffers:121] Dest buffer 0
03-23 01:11:20.290   210 28774 E mm-still: virtual OMX_ERRORTYPE OMXImageEncoder::use_output_buffer(OMX_BUFFERHEADERTYPE**, OMX_U32, OMX_U8*, OMX_PTR, OMX_U32): Port Index = 1
03-23 01:11:20.290   210 28774 E mm-still: virtual OMX_ERRORTYPE OMXImageEncoder::use_output_buffer(OMX_BUFFERHEADERTYPE**, OMX_U32, OMX_U8*, OMX_PTR, OMX_U32) 968: BufferCountActual = 2, outBuffAllocCount = 1
03-23 01:11:20.290   210 28774 E mm-still: virtual OMX_ERRORTYPE OMXImageEncoder::omx_component_use_buffer(OMX_HANDLETYPE, OMX_BUFFERHEADERTYPE**, OMX_U32, OMX_PTR, OMX_U32, OMX_U8*) 1069: Inport populated = 1, Outport populated = 0
03-23 01:11:20.290   210 28774 E mm-still: virtual OMX_ERRORTYPE OMXImageEncoder::omx_component_use_buffer(OMX_HANDLETYPE, OMX_BUFFERHEADERTYPE**, OMX_U32, OMX_PTR, OMX_U32, OMX_U8*):1075] All Data Allocated = 0
03-23 01:11:20.290   210 28774 E mm-jpeg-intf: mm_jpeg_session_send_buffers:121] Dest buffer 1
03-23 01:11:20.290   210 28774 E mm-still: virtual OMX_ERRORTYPE OMXImageEncoder::use_output_buffer(OMX_BUFFERHEADERTYPE**, OMX_U32, OMX_U8*, OMX_PTR, OMX_U32): Port Index = 1
03-23 01:11:20.290   210 28774 E mm-still: virtual OMX_ERRORTYPE OMXImageEncoder::use_output_buffer(OMX_BUFFERHEADERTYPE**, OMX_U32, OMX_U8*, OMX_PTR, OMX_U32) 968: BufferCountActual = 2, outBuffAllocCount = 2
03-23 01:11:20.290   210 28774 E mm-still: virtual OMX_ERRORTYPE OMXImageEncoder::omx_component_use_buffer(OMX_HANDLETYPE, OMX_BUFFERHEADERTYPE**, OMX_U32, OMX_PTR, OMX_U32, OMX_U8*) 1069: Inport populated = 1, Outport populated = 1
03-23 01:11:20.290   210 28774 E mm-still: virtual OMX_ERRORTYPE OMXImageEncoder::omx_component_use_buffer(OMX_HANDLETYPE, OMX_BUFFERHEADERTYPE**, OMX_U32, OMX_PTR, OMX_U32, OMX_U8*):1075] All Data Allocated = 1
03-23 01:11:20.290   210 28774 E mm-still: virtual OMX_ERRORTYPE OMXJpegEncoder::preloadCodecLibs():902] E
03-23 01:11:20.290   210 28774 E mm-still: virtual OMX_ERRORTYPE OMXJpegEncoder::configureEncodedata():49] size 1920x1080 pad 1920x1088 subsampling 0 format 0
03-23 01:11:20.290   210 28774 E mm-still: virtual OMX_ERRORTYPE OMXJpegEncoder::configureEncodedata():56] ImageSize 3110400 2073600
03-23 01:11:20.290   210 28774 E mm-still: virtual OMX_ERRORTYPE OMXJpegEncoder::configureEncodedata():85] Scaling not enabled width: 1920 height:1080
03-23 01:11:20.290   210 28774 E mm-still: virtual OMX_ERRORTYPE OMXJpegEncoder::configureEncodedata():106] 
03-23 01:11:20.290   210 28774 E mm-still: int QImageHW10Encoder::Load():1409] JpegE library loaded successfully
03-23 01:11:20.300   210 28774 E jpeg_hw : open /dev/jpeg0: fd = 157
03-23 01:11:20.300   210 28774 E jpeg_hw : jpege_lib_init:390] handler 0x0 0x0 0x0
03-23 01:11:20.300   210 28774 E jpeg_hw : jpege_lib_init:430] Successful
03-23 01:11:20.300   210 28774 E mm-still: virtual OMX_ERRORTYPE OMXJpegEncoder::preloadCodecLibs():918] X
03-23 01:11:20.300   210 28774 E mm-still: virtual OMX_ERRORTYPE QOMXImageCodec::postMessage(QIBase*):427] Message addr = 0xb8587ee8
03-23 01:11:20.300   210 28774 E mm-jpeg-intf: mm_jpeg_session_send_buffers:130]
03-23 01:11:20.300   210 28774 E mm-jpeg-intf: mm_jpeg_session_change_state:249] 
03-23 01:11:20.300   210 28774 E mm-jpeg-intf: mm_jpeg_session_change_state:251] before wait
03-23 01:11:20.300   210 28856 E mm-still: virtual OMX_ERRORTYPE QOMXImageCodec::handleMessage():455] after cond wait
03-23 01:11:20.300   210 28856 E mm-still: virtual OMX_ERRORTYPE QOMXImageCodec::handleMessage():458] after wait
03-23 01:11:20.300   210 28856 E mm-still: virtual OMX_ERRORTYPE QOMXImageCodec::handleMessage():469] Message addr = 0xb8587ee8
03-23 01:11:20.300   210 28856 E mm-still: virtual OMX_ERRORTYPE OMXImageEncoder::processMessage(QIMessage*):1252] E
03-23 01:11:20.300   210 28856 E mm-still: virtual OMX_ERRORTYPE OMXImageEncoder::processMessage(QIMessage*):1349] OMX_MESSAGE_CHANGE_STATE_DONE
03-23 01:11:20.300   210 28856 E mm-jpeg-intf: mm_jpeg_event_handler:2603] 0 0 2 state 0
03-23 01:11:20.300   210 28856 E mm-jpeg-intf: mm_jpeg_event_handler:2643]
03-23 01:11:20.300   210 28856 E mm-still: virtual OMX_ERRORTYPE QOMXImageCodec::handleMessage():451] before wait
03-23 01:11:20.300   210 28774 E mm-jpeg-intf: mm_jpeg_session_change_state:253] after wait
03-23 01:11:20.300   210 28774 E mm-jpeg-intf: mm_jpeg_session_change_state:256] 
03-23 01:11:20.300   210 28774 E mm-jpeg-intf: mm_jpeg_session_change_state:209] new_state 3 p_exec 0x0
03-23 01:11:20.300   210 28774 E mm-still: virtual OMX_ERRORTYPE QOMXImageCodec::postMessage(QIBase*):427] Message addr = 0xb8587ee8
03-23 01:11:20.300   210 28856 E mm-still: virtual OMX_ERRORTYPE QOMXImageCodec::handleMessage():455] after cond wait
03-23 01:11:20.300   210 28856 E mm-still: virtual OMX_ERRORTYPE QOMXImageCodec::handleMessage():458] after wait
03-23 01:11:20.300   210 28856 E mm-still: virtual OMX_ERRORTYPE QOMXImageCodec::handleMessage():469] Message addr = 0xb8587ee8
03-23 01:11:20.300   210 28856 E mm-still: virtual OMX_ERRORTYPE OMXImageEncoder::processMessage(QIMessage*):1252] E
03-23 01:11:20.300   210 28856 E mm-still: virtual OMX_ERRORTYPE OMXImageEncoder::processMessage(QIMessage*):1266] OMX_MESSAGE_CHANGE_STATE
03-23 01:11:20.300   210 28856 E mm-still: virtual void QOMXImageCodec::changeState(OMX_STATETYPE):186] From Current State: 2 To New state: 3
03-23 01:11:20.300   210 28856 E mm-still: virtual void QOMXImageCodec::changeState(OMX_STATETYPE):339] State change from OMX_StateIdle to OMX_StateExecuting
03-23 01:11:20.300   210 28856 E mm-jpeg-intf: mm_jpeg_event_handler:2603] 0 0 3 state 0
03-23 01:11:20.300   210 28774 E mm-jpeg-intf: mm_jpeg_session_change_state:234] 
03-23 01:11:20.300   210 28774 E mm-jpeg-intf: mm_jpeg_session_change_state:249] 
03-23 01:11:20.300   210 28774 E mm-jpeg-intf: mm_jpeg_session_change_state:251] before wait
03-23 01:11:20.300   210 28856 E mm-jpeg-intf: mm_jpeg_event_handler:2643]
03-23 01:11:20.300   210 28856 E mm-still: virtual OMX_ERRORTYPE QOMXImageCodec::handleMessage():451] before wait
03-23 01:11:20.300   210 28774 E mm-jpeg-intf: mm_jpeg_session_change_state:253] after wait
03-23 01:11:20.300   210 28774 E mm-jpeg-intf: mm_jpeg_session_change_state:256] 
03-23 01:11:20.300   210 28774 E mm-jpeg-intf: mm_jpeg_session_configure:1374] X ret 0
03-23 01:11:20.300   210 28774 E mm-jpeg-intf: mm_jpeg_create_session:2224] session id 1000000
03-23 01:11:20.390   210 28850 E QCamera2HWI: [KPI Perf] static void qcamera::QCamera2HardwareInterface::capture_channel_cb_routine(mm_camera_super_buf_t*, void*): E PROFILE_YUV_CB_TO_HAL
03-23 01:11:20.390   210 28850 D QCameraPostProc: int32_t qcamera::QCameraPostProcessor::processData(mm_camera_super_buf_t*): no need offline reprocess, sending to jpeg encoding
03-23 01:11:20.390   210 28793 D QCameraPostProc: int32_t qcamera::QCameraPostProcessor::encodeData(qcamera::qcamera_jpeg_data_t*, uint8_t&):1572] Crop needed 0
03-23 01:11:20.390   210 28793 E QCamera2HWI: qcamera::QCameraExif* qcamera::QCamera2HardwareInterface::getExifData(): getExifGpsDataTimeStamp failed
03-23 01:11:20.390   210 28793 D QCameraPostProc: int32_t qcamera::QCameraPostProcessor::encodeData(qcamera::qcamera_jpeg_data_t*, uint8_t&): jpeg rotation is set to 0
03-23 01:11:20.390   210 28793 D QCameraPostProc: int32_t qcamera::QCameraPostProcessor::encodeData(qcamera::qcamera_jpeg_data_t*, uint8_t&), thumbnail src w/h (2048x2048), dst w/h (512x288)
03-23 01:11:20.390   210 28793 E QCameraPostProc: [KPI Perf] int32_t qcamera::QCameraPostProcessor::encodeData(qcamera::qcamera_jpeg_data_t*, uint8_t&) : PROFILE_JPEG_JOB_START
03-23 01:11:20.390   210 28793 E mm-jpeg-intf: mm_jpeg_start_job:1934] session_idx 0 client idx 0
03-23 01:11:20.390   210 28793 E mm-jpeg-intf: mm_jpeg_start_job:1979] X
03-23 01:11:20.390   210 28792 E mm-jpeg-intf: mm_jpeg_get_session:55] client_idx 0 session_idx 0
03-23 01:11:20.390   210 28792 E mm-jpeg-intf: mm_jpeg_process_encoding_job:1506] before dequeue session 0
03-23 01:11:20.390   210 28792 E mm-jpeg-intf: mm_jpeg_session_config_common:1126] Set rotation to 0 at port_idx = 1
03-23 01:11:20.390   210 28792 E mm-still: virtual OMX_ERRORTYPE QOMXImageCodec::omx_component_get_extension_index(OMX_HANDLETYPE, OMX_STRING, OMX_INDEXTYPE*): 599] Extension Name: OMX.QCOM.image.exttype.exif
03-23 01:11:20.390   210 28792 E mm-jpeg-intf: mm_jpeg_session_config_common:1138] Num of exif entries passed from HAL: 5
03-23 01:11:20.390   210 28792 E mm-still: virtual OMX_ERRORTYPE OMXImageEncoder::omx_component_set_config(OMX_HANDLETYPE, OMX_INDEXTYPE, OMX_PTR): 743]: Num of exif entries = 5
03-23 01:11:20.390   246 28789 E mm-camera: cpp_module_handle_streamoff_event:1973] iden:0x10005, linked_params:0x0
03-23 01:11:20.390   246 28789 E mm-camera: cpp_hardware_process_streamoff:510] skip_iden:0x0, duplicate_stream_status:0x0
03-23 01:11:20.390   246 28783 E mm-camera: isp_hw_action: last pix stop, pix_cnt = 2, cnt = 2
03-23 01:11:20.390   246 28826 E mm-camera: isp_thread_proc_cmd: start/stop, thread_data = 0xb8338554, action_code = 2
03-23 01:11:20.390   246 28826 E mm-camera: isp_axi_util_subscribe_v4l2_event: event_type = 0x8000100, is_subscribe = 0
03-23 01:11:20.390   246 28826 E mm-camera: isp_axi_util_subscribe_v4l2_event: event_type = 0x8000101, is_subscribe = 0
03-23 01:11:20.390   246 28783 E mm-camera: isp_hw_action: hw_thread for ack
03-23 01:11:20.390   210 28792 E mm-jpeg-intf: process_3a_data:410] exp_time 0.050000, iso_value 156 exp idx: 287, lc: 3033, gain: 1.562500
03-23 01:11:20.390   210 28792 D mm-jpeg-intf: process_3a_data: numer 1 denom 20
03-23 01:11:20.390   210 28792 D mm-jpeg-intf: process_3a_data: numer 287 denom 1
03-23 01:11:20.390   210 28792 D mm-jpeg-intf: process_sensor_data:310] From metadata aperture = 2.200000 
03-23 01:11:20.390   210 28792 D mm-jpeg-intf: process_sensor_data 337: flashmode from ui: 0
03-23 01:11:20.390   210 28792 D mm-jpeg-intf: process_sensor_data 363: flash_tag: 0x10
03-23 01:11:20.390   210 28792 E mm-jpeg-intf: mm_jpeg_session_config_common:1158] exif tags from metadata count 9
03-23 01:11:20.390   210 28792 E mm-still: virtual OMX_ERRORTYPE OMXImageEncoder::omx_component_set_config(OMX_HANDLETYPE, OMX_INDEXTYPE, OMX_PTR): 743]: Num of exif entries = 9
03-23 01:11:20.390   210 28792 E mm-jpeg-intf: mm_jpeg_configure_job_params:1269] config main crop
03-23 01:11:20.390   210 28792 E mm-jpeg-intf: mm_jpeg_session_config_main_crop:1015] OMX_IndexConfigCommonInputCrop w = 0, h = 0, l = 0, t = 0, port_idx = 0
03-23 01:11:20.390   210 28792 E mm-jpeg-intf: mm_jpeg_session_config_main_crop:1026] OMX_IndexConfigCommonOutputCrop w = 0, h = 0, port_idx = 0
03-23 01:11:20.390   210 28792 E mm-jpeg-intf: mm_jpeg_configure_job_params:1281] config QFactor: 85
03-23 01:11:20.390   210 28792 E mm-jpeg-intf: mm_jpeg_session_config_thumbnail:859] encode_thumbnail 1
03-23 01:11:20.390   210 28792 E mm-still: virtual OMX_ERRORTYPE QOMXImageCodec::omx_component_get_extension_index(OMX_HANDLETYPE, OMX_STRING, OMX_INDEXTYPE*): 599] Extension Name: OMX.QCOM.image.exttype.thumbnail
03-23 01:11:20.390   210 28792 E mm-still: virtual OMX_ERRORTYPE QOMXImageCodec::omx_component_get_extension_index(OMX_HANDLETYPE, OMX_STRING, OMX_INDEXTYPE*): 599] Extension Name: OMX.QCOM.image.exttype.workbuffer
03-23 01:11:20.390   210 28792 E mm-jpeg-intf: mm_jpeg_configure_job_params:1308] Work buffer 34 0xb3b3b000 WorkBufSize: 9345024
03-23 01:11:20.390   246 28826 E mm-camera: isp_thread_proc_cmd: start/stop ack done, thread_data = 0xb8338554, action_code = 3, rc = 0
03-23 01:11:20.390   210 28792 E mm-still: virtual OMX_ERRORTYPE QOMXImageCodec::omx_component_get_extension_index(OMX_HANDLETYPE, OMX_STRING, OMX_INDEXTYPE*): 599] Extension Name: OMX.QCOM.image.exttype.metadata
03-23 01:11:20.390   246 28789 E mm-camera: stream id 5, stream num_meta 0
03-23 01:11:20.390   210 28792 E mm-jpeg-intf: mm_jpeg_configure_job_params: config makernote data failed
03-23 01:11:20.390   210 28792 E mm-still: virtual OMX_ERRORTYPE OMXImageEncoder::omx_component_empty_this_buffer(OMX_HANDLETYPE, OMX_BUFFERHEADERTYPE*) 1538: ETB Queue count = 1, Expected number of buffers = 2 
03-23 01:11:20.390   210 28792 E mm-still: virtual OMX_ERRORTYPE OMXImageEncoder::omx_component_empty_this_buffer(OMX_HANDLETYPE, OMX_BUFFERHEADERTYPE*):1545] state 3 etb_flag 0 ftb_flag 0
03-23 01:11:20.390   210 28792 E mm-still: virtual OMX_ERRORTYPE OMXImageEncoder::omx_component_empty_this_buffer(OMX_HANDLETYPE, OMX_BUFFERHEADERTYPE*) 1538: ETB Queue count = 1, Expected number of buffers = 3 
03-23 01:11:20.390   210 28792 E mm-still: virtual OMX_ERRORTYPE OMXImageEncoder::omx_component_empty_this_buffer(OMX_HANDLETYPE, OMX_BUFFERHEADERTYPE*):1545] state 3 etb_flag 1 ftb_flag 0
03-23 01:11:20.390   210 28792 E mm-still: virtual OMX_ERRORTYPE OMXImageEncoder::omx_component_fill_this_buffer(OMX_HANDLETYPE, OMX_BUFFERHEADERTYPE*) 1634: FTB Queue count = 1, Expected number of buffers = 2 
03-23 01:11:20.390   210 28792 E mm-still: virtual OMX_ERRORTYPE OMXImageEncoder::omx_component_fill_this_buffer(OMX_HANDLETYPE, OMX_BUFFERHEADERTYPE*):1641] state 3 etb_flag 1 ftb_flag 1
03-23 01:11:20.390   210 28792 E mm-still: virtual OMX_ERRORTYPE OMXImageEncoder::omx_component_fill_this_buffer(OMX_HANDLETYPE, OMX_BUFFERHEADERTYPE*) 1644: Going to Start Encoding. Etb and ftb flags are set
03-23 01:11:20.390   210 28792 E mm-still: virtual OMX_ERRORTYPE QOMXImageCodec::postMessage(QIBase*):427] Message addr = 0xb857eac8
03-23 01:11:20.390   210 28792 E mm-jpeg-intf: mm_jpeg_session_encode:1471] X 
03-23 01:11:20.390   210 28792 E mm-jpeg-intf: mm_jpeg_process_encoding_job:1556] Success X 
03-23 01:11:20.390   210 28856 E mm-still: virtual OMX_ERRORTYPE QOMXImageCodec::handleMessage():455] after cond wait
03-23 01:11:20.390   210 28856 E mm-still: virtual OMX_ERRORTYPE QOMXImageCodec::handleMessage():458] after wait
03-23 01:11:20.390   210 28856 E mm-still: virtual OMX_ERRORTYPE QOMXImageCodec::handleMessage():469] Message addr = 0xb857eac8
03-23 01:11:20.390   210 28856 E mm-still: virtual OMX_ERRORTYPE OMXImageEncoder::processMessage(QIMessage*):1252] E
03-23 01:11:20.390   210 28856 E mm-still: virtual OMX_ERRORTYPE OMXImageEncoder::processMessage(QIMessage*):1357] OMX_MESSAGE_START_NEW_ENCODE
03-23 01:11:20.390   210 28856 E mm-still: virtual OMX_ERRORTYPE OMXJpegEncoder::configureEncodedata():49] size 1920x1080 pad 1920x1088 subsampling 0 format 0
03-23 01:11:20.390   210 28856 E mm-still: virtual OMX_ERRORTYPE OMXJpegEncoder::configureEncodedata():56] ImageSize 3110400 2073600
03-23 01:11:20.390   210 28856 E mm-still: virtual OMX_ERRORTYPE OMXJpegEncoder::configureEncodedata():85] Scaling not enabled width: 1920 height:1080
03-23 01:11:20.390   210 28856 E mm-still: virtual OMX_ERRORTYPE OMXJpegEncoder::configureEncodedata():106] 
03-23 01:11:20.390   210 28856 E mm-still: virtual OMX_ERRORTYPE OMXJpegEncoder::configureBuffers(OMX_BUFFERHEADERTYPE*, OMX_BUFFERHEADERTYPE*): 140: O/p buffer address is 0xb85856e0, size: 3133440
03-23 01:11:20.390   210 28856 E mm-still: virtual OMX_ERRORTYPE OMXJpegEncoder::configureBuffers(OMX_BUFFERHEADERTYPE*, OMX_BUFFERHEADERTYPE*):155] MAIN buf=0xa6c1f000, fd=364, offset=0 filled=48
03-23 01:11:20.390   210 28856 E mm-still: OMX_ERRORTYPE OMXJpegEncoder::configureTmbBuffer(OMX_BUFFERHEADERTYPE*):190] TMB buf=0xb040d000, fd=155, offset=0, filled=1650553705
03-23 01:11:20.400   210 28856 E mm-still: OMX_ERRORTYPE OMXJpegEncoder::configureThumbnailData():720] size 2048x2048 pad 2048x2048 subsampling 0
03-23 01:11:20.400   210 28856 E mm-still: OMX_ERRORTYPE OMXJpegEncoder::configureThumbnailData():749] Thumbnail Scaling enabled o/p width: 512 o/p height:288
03-23 01:11:20.400   210 28856 E mm-still: virtual int QImageHW10Encoder::SetOutputMode(QImageEncoderInterface::QIOutputMode):307] state 0
03-23 01:11:20.400   210 28856 E mm-still: virtual int QImageHW10Encoder::setEncodeParams(QIEncodeParams&):277] state 0
03-23 01:11:20.400   210 28856 E mm-still: virtual int QImageHW10Encoder::addInputImage(QImage&):185] state 0
03-23 01:11:20.400   210 28856 E mm-still: virtual int QImageHW10Encoder::addOutputImage(QImage&):248] state 0
03-23 01:11:20.400   210 28856 E mm-still: virtual int QImageHW10Encoder::addObserver(QImageEncoderObserver&):214] state 0 0xb858d91c
03-23 01:11:20.400   210 28856 E mm-still: virtual OMX_ERRORTYPE OMXJpegEncoder::startEncode():380] startEncode()
03-23 01:11:20.400   210 28856 E mm-still: virtual int QImageHW10Encoder::Start():1057] E state 0
03-23 01:11:20.400   210 28856 E mm-still: int QImageHW10Encoder::populatePlaneAddr():628] plane address 0xa6c1f000 0xa6e1d000 0x0
03-23 01:11:20.400   210 28856 E mm-still: int QImageHW10Encoder::SetHWConfig() 962: Scale enabled = 0, crop enabled = 0, crop width = 1920,crop height = 1080, output width = 1920 output height = 1080
03-23 01:11:20.400   210 28856 E mm-still: int QImageHW10Encoder::SetHWConfig() 966: WorkBufSize = 9345024
03-23 01:11:20.400   210 28856 E mm-still: int QImageHW10Encoder::ConfigureInputParams() 829: Width = 1920, Height = 1080, cbcr order = 1, format = 3,num_of_input_plns = 2
03-23 01:11:20.400   210 28856 E mm-still: int QImageHW10Encoder::SetHWConfig():978] Width = 1920, Height = 1080, cbcr order = 1, format = 3,num_of_input_plns = 2 Stride = 1920 Scanline = 1088
03-23 01:11:20.400   210 28856 E mm-still: int QImageHW10Encoder::SetHWConfig() 990: mScaleCfg = 0xb8558838
03-23 01:11:20.400   210 28856 E jpeg_hw : ioctl MSM_JPEG_IOCTL_RESET: rc = 0
03-23 01:11:20.400   210 28856 E jpeg_hw : jpege_lib_hw_config:568] result 0
03-23 01:11:20.400   210 28856 E jpeg_hw : jpege_lib_hw_config:573] Version 10010001
03-23 01:11:20.400   210 28856 E jpeg_hw : jpege_cmd_core_cfg: core cfg value = 10a005b
03-23 01:11:20.400   210 28856 E jpeg_hw : ioctl jpege_cmd_core_cfg: rc = 0
03-23 01:11:20.400   210 28856 E jpeg_hw : Input cbcr order = 1
03-23 01:11:20.400   210 28856 E jpeg_hw : FE_CFG: Num of input planes = 2, Memory format = 1
03-23 01:11:20.400   210 28856 E jpeg_hw : FE_CFG = a03b170
03-23 01:11:20.400   210 28856 E jpeg_hw : ioctl jpege_lib_hw_fe_cfg: rc = 0
03-23 01:11:20.400   210 28856 E jpeg_hw : jpege_lib_hw_fe_buffer_cfg:299] w 1920 h 1080 stride 1920 scanline 1088
03-23 01:11:20.400   210 28856 E jpeg_hw : jpege_lib_hw_fe_buffer_cfg: numofplanes = 2, chroma height = 540, chroma width = 1920
03-23 01:11:20.400   210 28856 E jpeg_hw : ioctl jpege_lib_hw_fe_buffer_cfg: rc = 0
03-23 01:11:20.400   210 28856 E jpeg_hw : ioctl jpege_lib_hw_we_cfg: rc = 0
03-23 01:11:20.400   210 28856 E jpeg_hw : we_buffer_cfg PLN0_WR_BUFFER_SIZE = 67117990
03-23 01:11:20.400   210 28856 E jpeg_hw : we_buffer_cfg PLN0_WR_STRIDE = 9126
03-23 01:11:20.400   210 28856 E jpeg_hw : we_buffer_cfg PLN0_WR_HSTEP = 9126
03-23 01:11:20.400   210 28856 E jpeg_hw : we_buffer_cfg PLN0_WR_VSTEP = 1024
03-23 01:11:20.400   210 28856 E jpeg_hw : ioctl jpege_lib_hw_we_buffer_cfg: rc = 0
03-23 01:11:20.400   210 28856 E jpeg_hw : InputFormat =3, Encode cfg = 83
03-23 01:11:20.400   210 28856 E jpeg_hw : width = 1920, padded_height = 1088
03-23 01:11:20.400   210 28856 E jpeg_hw : encoded_height = 67 , 43, encoded_width = 119, 77
03-23 01:11:20.400   210 28856 E jpeg_hw : nRegVal = 430077
03-23 01:11:20.400   210 28856 E jpeg_hw : ioctl jpege_lib_hw_encode_cfg: rc = 0
03-23 01:11:20.400   210 28856 E jpeg_hw : ioctl jpege_lib_hw_default_scale_cfg: rc = 0
03-23 01:11:20.400   210 28856 E jpeg_hw : ioctl jpeg_lib_hw_encode_state: rc = 0
03-23 01:11:20.400   210 28856 E jpeg_hw : ioctl jpege_lib_hw_read_quant_tables: rc = 0
03-23 01:11:20.400   210 28856 E jpeg_hw : jpege_lib_hw_config:720] success
03-23 01:11:20.400   210 28856 E mm-still: int QImageHW10Encoder::ConfigureOutputBuffer():533] Received output image fd 34 addr 0xb3b3b000 WorkBufSize 9345024 
03-23 01:11:20.400   210 28856 E jpeg_hw : jpege_lib_output_buf_enq:795] output_buf: 0x0xb3b3b000 enqueue 9345024, fd 34, result 0
03-23 01:11:20.400   210 28856 E mm-still: int QImageHW10Encoder::ConfigureInputBuffer() 657: Num of planes = 2
03-23 01:11:20.400   210 28856 E mm-still: int QImageHW10Encoder::ConfigureInputBuffer() 707: Y-len = 2088960, y-offset =0, cbcr_len = 1036800, cbcr_off = 0,cr_len = 0, cr_off = 0
03-23 01:11:20.400   210 28856 E jpeg_hw : jpege_lib_input_buf_enq:756] input_buf: 0x0xa6c1f000 enqueue 2088960, offset 0,fd 364 
03-23 01:11:20.400   210 28856 E jpeg_hw : jpege_lib_input_buf_enq:761] y_off=0x0 cbcr_off=0x0 num_of_mcu_rows=0,cr_len=0, cb_len =1036800
03-23 01:11:20.400   210 28856 E mm-still: int QIThread::StartThread(QThreadObject*, bool): before wait
03-23 01:11:20.400   210 28856 E mm-still: int QIThread::StartThread(QThreadObject*, bool): after wait
03-23 01:11:20.400   210 28857 E jpeg_hw : ioctl /dev/jpeg0: rc = 0
03-23 01:11:20.400   210 28856 E mm-still: bool QImageSWEncoder::IsAvailable(QIEncodeParams&):174] scale enabled 1
03-23 01:11:20.400   210 28856 E mm-still: bool QImageSWEncoder::IsAvailable(QIEncodeParams&):217] input 2048x2048 crop (0, 0) output 512x288
