03-25 14:05:36.302 12332 12332 D MountService:     mAllowMassStorage=false mMaxFileSize=0 mOwner=UserHandle{0} mUuid=null 
03-25 14:05:36.302 12332 12332 D MountService:     mUserLabel=null mState=null 
03-25 14:05:36.302 12332 12332 D MountService: got storage path: /storage/sdcard1 description: SD card primary: false removable: true emulated: false mtpReserve: 0 allowMassStorage: true maxFileSize: 0
03-25 14:05:36.302 12332 12332 D MountService: addVolumeLocked() StorageVolume:
03-25 14:05:36.302 12332 12332 D MountService:     mStorageId=0 mPath=/storage/sdcard1 mDescriptionId=17040670 mPrimary=false 
03-25 14:05:36.302 12332 12332 D MountService:     mRemovable=true mEmulated=false mMtpReserveSpace=0 mAllowMassStorage=true 
03-25 14:05:36.302 12332 12332 D MountService:     mMaxFileSize=0 mOwner=null mUuid=null mUserLabel=null mState=null 
03-25 14:05:36.302 12332 12332 D MountService: got storage path: /storage/uicc0 description: UICC storage primary: false removable: true emulated: false mtpReserve: 0 allowMassStorage: true maxFileSize: 0
03-25 14:05:36.302 12332 12332 D MountService: addVolumeLocked() StorageVolume:
03-25 14:05:36.302 12332 12332 D MountService:     mStorageId=0 mPath=/storage/uicc0 mDescriptionId=17040672 mPrimary=false 
03-25 14:05:36.302 12332 12332 D MountService:     mRemovable=true mEmulated=false mMtpReserveSpace=0 mAllowMassStorage=true 
03-25 14:05:36.302 12332 12332 D MountService:     mMaxFileSize=0 mOwner=null mUuid=null mUserLabel=null mState=null 
03-25 14:05:36.302 12332 12332 D MountService: got storage path: /storage/uicc1 description: UICC storage primary: false removable: true emulated: false mtpReserve: 0 allowMassStorage: false maxFileSize: 0
03-25 14:05:36.302 12332 12332 D MountService: addVolumeLocked() StorageVolume:
03-25 14:05:36.302 12332 12332 D MountService:     mStorageId=0 mPath=/storage/uicc1 mDescriptionId=17040672 mPrimary=false 
03-25 14:05:36.302 12332 12332 D MountService:     mRemovable=true mEmulated=false mMtpReserveSpace=0 mAllowMassStorage=false 
03-25 14:05:36.302 12332 12332 D MountService:     mMaxFileSize=0 mOwner=null mUuid=null mUserLabel=null mState=null 
03-25 14:05:36.302 12332 12332 D MountService: got storage path: /storage/usbotg description: USB storage primary: false removable: true emulated: false mtpReserve: 0 allowMassStorage: false maxFileSize: 0
03-25 14:05:36.302 12332 12332 D MountService: addVolumeLocked() StorageVolume:
03-25 14:05:36.302 12332 12332 D MountService:     mStorageId=0 mPath=/storage/usbotg mDescriptionId=17040671 mPrimary=false 
03-25 14:05:36.302 12332 12332 D MountService:     mRemovable=true mEmulated=false mMtpReserveSpace=0 mAllowMassStorage=false 
03-25 14:05:36.302 12332 12332 D MountService:     mMaxFileSize=0 mOwner=null mUuid=null mUserLabel=null mState=null 
03-25 14:05:36.302 12332 12332 I SystemServer: LockSettingsService
03-25 14:05:36.312 12332 12332 I SystemServer: Device Policy
03-25 14:05:36.312 12332 12332 I SystemServer: Status Bar
03-25 14:05:36.312 12332 12332 I SystemServer: Clipboard Service
03-25 14:05:36.312 12332 12387 D MountService: volume state changed for /storage/sdcard1 (unmounted -> removed)
03-25 14:05:36.312   247   247 D EntSec  : [NQS   ] [MAIN       ] "Dealing with fd 9 BEGINS [0xbee85814]"
03-25 14:05:36.312   247   247 D EntSec  : [NQS   ] [QSB_SOURCE ] "The file descriptor 9 contained in the QsbSource openFds set"
03-25 14:05:36.312   247   247 D EntSec  : [NQS   ] [QSB_SOURCE ] "Currently reached the limit of pending connections. Will not be accepting new connections from here on"
03-25 14:05:36.312   247   247 D EntSec  : [NQS   ] [QSB_SOURCE ] " ---------------------------------------------------------------"
03-25 14:05:36.312   247   247 I EntSec  : [NQS   ] [QSB_SOURCE ] "Loading port -handling"
03-25 14:05:36.312   247   247 D EntSec  : [NQS   ] [ACK_DB     ] "Clearing OutstandingAck DB"
03-25 14:05:36.312   247   247 I EntSec  : [NQS   ] [QSB_SOURCE ] "According to TQS, need to load the default port. Sending a message to QSB"
03-25 14:05:36.312   247   247 I EntSec  : [NQS   ] [QSB_COMM   ] "send load default port command to a QSB."
03-25 14:05:36.312   247   247 I EntSec  : [NQS   ] [QSB_SOURCE ] "Message sent to the QSB; QSB will be initialized with the default port"
03-25 14:05:36.312   247   247 I EntSec  : [NQS   ] [QSB_SOURCE ] "Loading port mechanism - handling completed"
03-25 14:05:36.312   247   247 D EntSec  : [NQS   ] [QSB_SOURCE ] " ---------------------------------------------------------------"
03-25 14:05:36.312   247   247 D EntSec  : [NQS   ] [MAIN       ] "Setting status to READY"
03-25 14:05:36.312   247   247 D EntSec  : [NQS   ] [MAIN       ] "Dealing with fd 9 has Ended [0xbee85814]"
03-25 14:05:36.312 12332 12332 I SystemServer: NetworkManagement Service
03-25 14:05:36.322 12332 12332 I SystemServer: Text Service Manager Service
03-25 14:05:36.322 12332 12387 W PackageManager: Unknown permission android.permission.ADD_SYSTEM_SERVICE in package com.hip.cqa
03-25 14:05:36.322 12332 12387 W PackageManager: Unknown permission android.permission.RECORD_VIDEO in package com.hip.cqa
03-25 14:05:36.322 12332 12387 W PackageManager: Unknown permission anroid.permission.FLASHLIGHT in package com.hip.cqa
03-25 14:05:36.322 12332 12387 W PackageManager: Unknown permission android.permission.cts.DebuggableTest in package com.hip.cqa
03-25 14:05:36.322 12332 12387 W PackageManager: Unknown permission com.google.android.gallery3d.permission.GALLERY_PROVIDER in package com.android.bluetooth
03-25 14:05:36.322 12332 12387 W PackageManager: Unknown permission com.google.android.googleapps.permission.GOOGLE_AUTH in package com.android.providers.calendar
03-25 14:05:36.322 12332 12387 W PackageManager: Unknown permission com.google.android.googleapps.permission.GOOGLE_AUTH.cl in package com.android.providers.calendar
03-25 14:05:36.322 12332 12387 W PackageManager: Not granting permission android.permission.ACCESS_DOWNLOAD_MANAGER to package com.android.browser (protectionLevel=18 flags=0x9be45)
03-25 14:05:36.322 12332 12387 W PackageManager: Not granting permission android.permission.SEND_DOWNLOAD_COMPLETED_INTENTS to package com.android.browser (protectionLevel=2 flags=0x9be45)
03-25 14:05:36.322 12332 12387 W PackageManager: Not granting permission android.permission.BIND_WALLPAPER to package com.android.camera2 (protectionLevel=18 flags=0x58bc45)
03-25 14:05:36.322 12332 12387 W PackageManager: Not granting permission android.permission.WRITE_MEDIA_STORAGE to package com.android.camera2 (protectionLevel=18 flags=0x58bc45)
03-25 14:05:36.322 12332 12387 W PackageManager: Unknown permission android.permission.INSTALL_DRM in package com.android.mms
03-25 14:05:36.322 12332 12387 W PackageManager: Unknown permission com.google.android.gallery3d.permission.PICASA_STORE in package com.android.dreams.phototable
03-25 14:05:36.322 12332 12387 W PackageManager: Unknown permission com.google.android.googleapps.permission.GOOGLE_AUTH in package com.android.settings
03-25 14:05:36.322 12332 12387 W PackageManager: Not granting permission android.permission.DELETE_PACKAGES to package com.svox.pico (protectionLevel=18 flags=0x8be45)
03-25 14:05:36.322 12332 12387 W PackageManager: Unknown permission com.qualcomm.permission.ACCESS_LOCATION_API in package com.qualcomm.qct.dlt
03-25 14:05:36.332 12332 12387 W PackageManager: Unknown permission android.permission.SET_PROCESS_FOREGROUND in package com.qualcomm.logkit
03-25 14:05:36.332 12332 12387 W PackageManager: Unknown permission android.permission.MMS_PUSH in package org.codeaurora.bluetooth
03-25 14:05:36.332 12332 12387 W PackageManager: Unknown permission com.qualcomm.permission.ACCESS_LOCATION_API in package com.qualcomm.location
03-25 14:05:36.452 12332 12332 I SystemServer: NetworkStats Service
03-25 14:05:36.462 12332 12332 I SystemServer: NetworkPolicy Service
03-25 14:05:36.462 12332 12332 I SystemServer: Wi-Fi P2pService
03-25 14:05:36.502 12332 12332 I SystemServer: Wi-Fi Service
03-25 14:05:36.582 12332 12332 I SystemServer: QcConnectivity Service
03-25 14:05:36.582 12332 12332 D QcConnectivityService: QcConnectivityService starting up
03-25 14:05:36.592 12332 12332 D QcConnectivityService: wifiOnly=true
03-25 14:05:36.592 12332 12332 D QcConnectivityService: networkAttributes - ignoring mobile as this dev is wifiOnly 0
03-25 14:05:36.592 12332 12332 D QcConnectivityService: networkAttributes - ignoring mobile as this dev is wifiOnly 2
03-25 14:05:36.592 12332 12332 D QcConnectivityService: networkAttributes - ignoring mobile as this dev is wifiOnly 3
03-25 14:05:36.592 12332 12332 D QcConnectivityService: networkAttributes - ignoring mobile as this dev is wifiOnly 4
03-25 14:05:36.592 12332 12332 D QcConnectivityService: networkAttributes - ignoring mobile as this dev is wifiOnly 5
03-25 14:05:36.592 12332 12332 D QcConnectivityService: networkAttributes - ignoring mobile as this dev is wifiOnly 10
03-25 14:05:36.592 12332 12332 D QcConnectivityService: networkAttributes - ignoring mobile as this dev is wifiOnly 11
03-25 14:05:36.592 12332 12332 D QcConnectivityService: networkAttributes - ignoring mobile as this dev is wifiOnly 12
03-25 14:05:36.592 12332 12332 E QcConnectivityService: Ignoring protectedNetwork 10
03-25 14:05:36.592 12332 12332 E QcConnectivityService: Ignoring protectedNetwork 11
03-25 14:05:36.592 12332 12332 E QcConnectivityService: Ignoring protectedNetwork 12
03-25 14:05:36.592 12332 12332 E QcConnectivityService: Ignoring protectedNetwork 14
03-25 14:05:36.602 12332 12332 W ContextImpl: Calling a method in the system process without a qualified user: android.app.ContextImpl.bindService:1560 android.bluetooth.BluetoothPan.doBind:148 android.bluetooth.BluetoothPan.<init>:141 android.bluetooth.BluetoothAdapter.getProfileProxy:1192 android.bluetooth.BluetoothTetheringDataTracker.startMonitoring:116 
03-25 14:05:36.612 12332 12332 W QcConnectivityService: Created CNE Service
03-25 14:05:36.612 12332 12332 I WifiService: WifiService starting up with Wi-Fi enabled
03-25 14:05:36.612 12332 12332 D WifiService: setWifiEnabled: true pid=12332, uid=1000
03-25 14:05:36.632 12332 12332 I SystemServer: Network Service Discovery Service
03-25 14:05:36.632 12332 12332 D NsdService: Network service discovery enabled true
03-25 14:05:36.632 12332 12332 I SystemServer: UpdateLock Service
03-25 14:05:36.672 12332 12332 I SystemServer: Notification Manager
03-25 14:05:36.682 12332 12332 I SystemServer: Device Storage Monitor
03-25 14:05:36.682 12332 12332 I SystemServer: Location Manager
03-25 14:05:36.682 12332 12332 I SystemServer: Country Detector
03-25 14:05:36.682 12332 12332 I SystemServer: Search Service
03-25 14:05:36.682 12332 12332 I SystemServer: DropBox Service
03-25 14:05:36.682 12332 12332 I SystemServer: Wallpaper Service
03-25 14:05:36.692 12332 12332 I SystemServer: Audio Service
03-25 14:05:36.782 12332 12332 I SystemServer: Dock Observer
03-25 14:05:36.782 12332 12332 W DockObserver: This kernel does not have dock station support
03-25 14:05:36.782 12332 12332 I SystemServer: Wired Accessory Manager
03-25 14:05:36.792 12332 12332 I SystemServer: USB Service
03-25 14:05:36.802 12332 12332 I SystemServer: Serial Service
03-25 14:05:36.802 12332 12332 I SystemServer: Twilight Service
03-25 14:05:36.802 12332 12332 I SystemServer: UI Mode Manager Service
03-25 14:05:36.802 12332 12332 I SystemServer: Backup Service
03-25 14:05:36.802 12332 12332 V BackupManagerService: Initializing package tracking
03-25 14:05:36.802 12332 12332 V BackupManagerService: No ancestral data
03-25 14:05:36.812 12332 12332 V BackupManagerService: addPackageParticipantsLocked: all
03-25 14:05:36.812 12332 12332 I BackupManagerService: Scheduling backup for new app com.android.browser
03-25 14:05:36.812 12332 12332 D BackupManagerService: Now staging backup of com.android.browser
03-25 14:05:36.812 12332 12332 I BackupManagerService: Scheduling backup for new app com.android.sharedstoragebackup
03-25 14:05:36.812 12332 12332 D BackupManagerService: Now staging backup of com.android.sharedstoragebackup
03-25 14:05:36.832 12332 12332 I BackupManagerService: Scheduling backup for new app com.android.mms
03-25 14:05:36.832 12332 12332 D BackupManagerService: Now staging backup of com.android.mms
03-25 14:05:36.842 12332 12332 I BackupManagerService: Scheduling backup for new app com.android.dialer
03-25 14:05:36.842 12332 12332 D BackupManagerService: Now staging backup of com.android.dialer
03-25 14:05:36.842 12332 12332 I BackupManagerService: Scheduling backup for new app com.android.providers.settings
03-25 14:05:36.842 12332 12332 D BackupManagerService: Now staging backup of com.android.providers.settings
03-25 14:05:36.842 12332 12332 I BackupManagerService: Scheduling backup for new app com.android.providers.userdictionary
03-25 14:05:36.842 12332 12332 D BackupManagerService: Now staging backup of com.android.providers.userdictionary
03-25 14:05:36.852 12332 12332 I BackupManagerService: Scheduling backup for new app android
03-25 14:05:36.852 12332 12332 D BackupManagerService: Now staging backup of android
03-25 14:05:36.852 12332 12332 V BackupManagerService: Starting with transport android/com.android.internal.backup.LocalTransport
03-25 14:05:36.852 12332 12332 V BackupManagerService: Found transports: 1
03-25 14:05:36.852 12332 12332 I BackupManagerService: Binding to transport host ComponentInfo{android/com.android.internal.backup.LocalTransportService}
03-25 14:05:36.852 12332 12332 I BackupManagerService: Found stale backup journal, scheduling
03-25 14:05:36.852 12332 12332 I BackupManagerService:   com.android.browser
03-25 14:05:36.852 12332 12332 I BackupManagerService:   com.android.sharedstoragebackup
03-25 14:05:36.852 12332 12332 I BackupManagerService:   com.android.mms
03-25 14:05:36.852 12332 12332 I BackupManagerService:   com.android.dialer
03-25 14:05:36.852 12332 12332 I BackupManagerService:   com.android.providers.settings
03-25 14:05:36.852 12332 12332 I BackupManagerService:   com.android.providers.userdictionary
03-25 14:05:36.852 12332 12332 I BackupManagerService:   android
03-25 14:05:36.852 12332 12332 I BackupManagerService: Backup enabled => false
03-25 14:05:36.852 12332 12332 I BackupManagerService: Opting out of backup
03-25 14:05:36.852 12332 12332 I SystemServer: AppWidget Service
03-25 14:05:36.852 12332 12332 I SystemServer: Recognition Service
03-25 14:05:36.862 12332 12332 I SystemServer: DiskStats Service
03-25 14:05:36.862 12332 12332 I SystemServer: SamplingProfiler Service
03-25 14:05:36.862 12332 12332 I SystemServer: NetworkTimeUpdateService
03-25 14:05:36.862 12332 12332 I SystemServer: CommonTimeManagementService
03-25 14:05:36.862 12332 12332 I SystemServer: CertBlacklister
03-25 14:05:36.862 12332 12332 I SystemServer: Dreams Service
03-25 14:05:36.862 12332 12332 I SystemServer: Assets Atlas Service
03-25 14:05:36.862 12332 12332 I SystemServer: IdleMaintenanceService
03-25 14:05:36.862 12332 12332 I SystemServer: Print Service
03-25 14:05:36.862 12332 12332 I SystemServer: Media Router Service
03-25 14:05:36.862 12332 12332 I SystemServer: IrManager Service
03-25 14:05:36.942 12332 12332 I ActivityManager: Start proc com.android.systemui for service com.android.keyguard/.KeyguardService: pid=12409 uid=10007 gids={50007, 1028, 1015, 1035, 3002, 3001}
03-25 14:05:36.962 12056 12325 E NetlinkEvent: Unknown ifindex 24 in RTM_DELADDR
03-25 14:05:36.962 12056 12325 D NetlinkEvent: Unexpected netlink message. type=0x11
03-25 14:05:36.992 12332 12332 I AppOps  : Pruning old package media/1013: new uid=-1
03-25 14:05:36.992 12332 12332 I ActivityManager: System now ready
03-25 14:05:37.002 12332 12332 I SystemServer: Making services ready
03-25 14:05:37.012 12332 12332 D NetworkManagementService: enabling bandwidth control
03-25 14:05:37.012 12332 12385 E MountService: Boot-time mount failed (-1)
03-25 14:05:37.012 12332 12385 E MountService: Boot-time mount failed (-1)
03-25 14:05:37.012 12332 12385 E MountService: Boot-time mount failed (-1)
03-25 14:05:37.022 12332 12385 W MountService: Duplicate state transition (mounted -> mounted) for /storage/emulated/0
03-25 14:05:37.022 12056 12325 D NetlinkEvent: Unexpected netlink message. type=0x11
03-25 14:05:37.142 12332 12343 I StatusBarManagerService: registerStatusBar bar=com.android.internal.statusbar.IStatusBar$Stub$Proxy@41b55370
03-25 14:05:37.382 12332 12332 W SystemServer: ***********************************************
03-25 14:05:37.432 12332 12344 I ActivityManager: Start proc android.process.acore for content provider com.android.providers.contacts/.ContactsProvider2: pid=12483 uid=10002 gids={50002, 3003, 1028, 1015}
03-25 14:05:37.512 12332 12332 W SystemServer: ***********************************************
03-25 14:05:37.522 12332 12332 I ActivityManager: Config changes=200 {1.0 ?mcc?mnc en_US ldltr sw360dp w360dp h615dp 320dpi nrml long port -touch -keyb/v/h -nav/h s.4}
03-25 14:05:37.522 12332 12332 W RecognitionManagerService: no available voice recognition services found for user 0
03-25 14:05:37.552 12332 12355 I ActivityManager: Start proc android.process.media for broadcast com.android.providers.media/.MtpReceiver: pid=12504 uid=10005 gids={50005, 1028, 1015, 1023, 1024, 2001, 3003, 3007}
03-25 14:05:37.572 12332 12332 W InputMethodManagerService: Ignoring setImeWindowStatus of uid 1000 token: null
03-25 14:05:37.622 12332 12332 I ActivityManager: Start proc com.android.inputmethod.latin for service com.android.inputmethod.latin/.LatinIME: pid=12518 uid=10037 gids={50037, 1028, 1015}
03-25 14:05:37.622 12332 12332 V InputMethodManagerService: Adding window token: android.os.Binder@41b90e80
03-25 14:05:37.672 12332 12332 E LocationManagerService: no geocoder provider found
03-25 14:05:37.682 12332 12332 E LocationManagerService: No FusedProvider found.
03-25 14:05:37.682 12332 12332 E LocationManagerService: no geofence provider found
03-25 14:05:37.682 12332 12332 W ContextImpl: Calling a method in the system process without a qualified user: android.app.ContextImpl.bindService:1560 com.android.server.location.GeoFencerProxy.<init>:85 com.android.server.location.GeoFencerProxy.getGeoFencerProxy:77 com.android.server.LocationManagerService.loadProvidersLocked:463 com.android.server.LocationManagerService.systemRunning:250 
03-25 14:05:37.742 12332 12332 I ActivityManager: Start proc com.android.phone for added application com.android.phone: pid=12547 uid=1001 gids={41001, 3004, 3009, 3005, 1006, 3002, 3001, 3003, 1028, 1015}
03-25 14:05:37.762 12332 12332 I ActivityManager: Start proc com.qualcomm.qti.services.secureui:sui_service for added application com.qualcomm.qti.services.secureui:sui_service: pid=12559 uid=1000 gids={41000, 1028, 1015, 3003, 3005, 1021, 3004, 1000, 3009, 1023, 1010, 3002, 3001}
03-25 14:05:37.772 12332 12332 I ActivityManager: Start proc com.qualcomm.services.location for added application com.qualcomm.services.location: pid=12573 uid=1000 gids={41000, 1028, 1015, 3003, 3005, 1021, 3004, 1000, 3009, 1023, 1010, 3002, 3001}
03-25 14:05:37.802 12332 12332 I ActivityManager: Start proc com.qualcomm.logkit for added application com.qualcomm.logkit: pid=12591 uid=10040 gids={50040, 1028, 1015, 1023, 1007, 3003, 3002}
03-25 14:05:37.812 12332 12332 I ActivityManager: START u0 {act=android.intent.action.MAIN cat=[android.intent.category.HOME] flg=0x10000000 cmp=com.android.launcher/com.android.launcher2.Launcher} from pid 0
03-25 14:05:37.842 12332 12332 I ActivityManager: Start proc com.android.launcher for activity com.android.launcher/com.android.launcher2.Launcher: pid=12605 uid=10008 gids={50008}
03-25 14:05:37.842 12332 12332 I SystemServer: Enabled StrictMode for system server main thread.
03-25 14:05:37.922 12332 12356 I ActivityManager: Start proc com.android.printspooler for service com.android.printspooler/.PrintSpoolerService: pid=12619 uid=10053 gids={50053}
03-25 14:05:37.972 12332 12332 W InputMethodManagerService: Focus gain on non-focused client android.view.inputmethod.InputMethodManager$1@41c1d7e0 (uid=1000 pid=12332)
03-25 14:05:38.072 12332 12332 W ContextImpl: Calling a method in the system process without a qualified user: android.app.ContextImpl.bindService:1560 android.content.ContextWrapper.bindService:517 com.qualcomm.location.nlp.NlpProxyProvider.bindPackage:556 com.qualcomm.location.nlp.NlpProxyProvider.bind:525 com.qualcomm.location.nlp.NlpProxyProvider.<init>:335 
03-25 14:05:38.172 12332 12332 W ContextImpl: Calling a method in the system process without a qualified user: android.app.ContextImpl.startService:1496 android.content.ContextWrapper.startService:494 com.qualcomm.location.ulp.UlpService.startAdditionalServices:55 com.qualcomm.location.ulp.UlpService.onBind:28 android.app.ActivityThread.handleBindService:2601 
03-25 14:05:38.172 12332 12332 W ContextImpl: Calling a method in the system process without a qualified user: android.app.ContextImpl.startService:1496 android.content.ContextWrapper.startService:494 com.qualcomm.location.ulp.UlpService.startAdditionalServices:59 com.qualcomm.location.ulp.UlpService.onBind:28 android.app.ActivityThread.handleBindService:2601 
03-25 14:05:38.172 12332 12332 W ContextImpl: Calling a method in the system process without a qualified user: android.app.ContextImpl.startService:1496 android.content.ContextWrapper.startService:494 com.qualcomm.location.ulp.UlpService.startAdditionalServices:63 com.qualcomm.location.ulp.UlpService.onBind:28 android.app.ActivityThread.handleBindService:2601 
03-25 14:05:38.202 12332 12332 I ActivityManager: Start proc com.qualcomm.location.XT for service com.qualcomm.location.XT/.XTSrv: pid=12655 uid=1000 gids={41000, 1028, 1015, 3003, 3005, 1021, 3004, 1000, 3009, 1023, 1010, 3002, 3001}
03-25 14:05:38.202 12332 12332 W ContextImpl: Calling a method in the system process without a qualified user: android.app.ContextImpl.startService:1496 android.content.ContextWrapper.startService:494 com.qualcomm.location.ulp.UlpService.startAdditionalServices:67 com.qualcomm.location.ulp.UlpService.onBind:28 android.app.ActivityThread.handleBindService:2601 
03-25 14:05:38.202 12332 12332 W ContextImpl: Calling a method in the system process without a qualified user: android.app.ContextImpl.startService:1496 android.content.ContextWrapper.startService:494 com.qualcomm.location.ulp.UlpService.startAdditionalServices:71 com.qualcomm.location.ulp.UlpService.onBind:28 android.app.ActivityThread.handleBindService:2601 
03-25 14:05:38.242 12332 12344 I ActivityManager: Start proc com.android.settings for broadcast com.android.settings/.widget.SettingsAppWidgetProvider: pid=12670 uid=1000 gids={41000, 1028, 1015, 3003, 3005, 1021, 3004, 1000, 3009, 1023, 1010, 3002, 3001}
03-25 14:05:38.372 12332 12406 I ActivityManager: Start proc com.android.smspush for service com.android.smspush/.WapPushManager: pid=12697 uid=10064 gids={50064}
03-25 14:05:38.452 12332 12544 I PackageManager: Adding preferred activity ComponentInfo{com.android.mms/com.android.mms.ui.ComposeMessageActivity} for user 0 :
03-25 14:05:38.472 12332 12590 I PackageManager: Adding preferred activity ComponentInfo{com.android.mms/com.android.mms.ui.ComposeMessageActivity} for user 0 :
03-25 14:05:38.482 12332 12344 I PackageManager: Adding preferred activity ComponentInfo{com.android.mms/com.android.mms.ui.ComposeMessageActivity} for user 0 :
03-25 14:05:38.502 12332 12498 I PackageManager: Adding preferred activity ComponentInfo{com.android.mms/com.android.mms.ui.ComposeMessageActivity} for user 0 :
03-25 14:05:38.522 12332 12332 V BackupManagerService: Connected to transport ComponentInfo{android/com.android.internal.backup.LocalTransportService}
03-25 14:05:38.522 12332 12332 V BackupManagerService: Registering transport android/com.android.internal.backup.LocalTransportService::android/com.android.internal.backup.LocalTransport = com.android.internal.backup.LocalTransport@41c9dd30
03-25 14:05:38.662 12332 12332 W ContextImpl: Calling a method in the system process without a qualified user: android.app.ContextImpl.bindService:1560 android.content.ContextWrapper.bindService:517 com.qualcomm.location.nlp.NlpProxyProvider.bindPackage:556 com.qualcomm.location.nlp.NlpProxyProvider.bind:525 com.qualcomm.location.nlp.NlpProxyProvider.<init>:335 
03-25 14:05:38.682 12332 12332 W ContextImpl: Calling a method in the system process without a qualified user: android.app.ContextImpl.startService:1496 android.content.ContextWrapper.startService:494 com.qualcomm.location.ulp.UlpService.startAdditionalServices:55 com.qualcomm.location.ulp.UlpService.onBind:28 android.app.ActivityThread.handleBindService:2601 
03-25 14:05:38.682 12332 12332 W ContextImpl: Calling a method in the system process without a qualified user: android.app.ContextImpl.startService:1496 android.content.ContextWrapper.startService:494 com.qualcomm.location.ulp.UlpService.startAdditionalServices:59 com.qualcomm.location.ulp.UlpService.onBind:28 android.app.ActivityThread.handleBindService:2601 
03-25 14:05:38.692 12332 12332 W ContextImpl: Calling a method in the system process without a qualified user: android.app.ContextImpl.startService:1496 android.content.ContextWrapper.startService:494 com.qualcomm.location.ulp.UlpService.startAdditionalServices:63 com.qualcomm.location.ulp.UlpService.onBind:28 android.app.ActivityThread.handleBindService:2601 
03-25 14:05:38.702 12332 12332 W ContextImpl: Calling a method in the system process without a qualified user: android.app.ContextImpl.startService:1496 android.content.ContextWrapper.startService:494 com.qualcomm.location.ulp.UlpService.startAdditionalServices:67 com.qualcomm.location.ulp.UlpService.onBind:28 android.app.ActivityThread.handleBindService:2601 
03-25 14:05:38.702 12332 12332 W ContextImpl: Calling a method in the system process without a qualified user: android.app.ContextImpl.startService:1496 android.content.ContextWrapper.startService:494 com.qualcomm.location.ulp.UlpService.startAdditionalServices:71 com.qualcomm.location.ulp.UlpService.onBind:28 android.app.ActivityThread.handleBindService:2601 
03-25 14:05:38.712 12670 12670 W ContextImpl: Calling a method in the system process without a qualified user: android.app.ContextImpl.bindService:1560 android.content.ContextWrapper.bindService:517 android.bluetooth.BluetoothInputDevice.doBind:256 android.bluetooth.BluetoothInputDevice.<init>:249 android.bluetooth.BluetoothAdapter.getProfileProxy:1189 
03-25 14:05:38.732 12670 12670 W ContextImpl: Calling a method in the system process without a qualified user: android.app.ContextImpl.bindService:1560 android.content.ContextWrapper.bindService:517 android.bluetooth.BluetoothPan.doBind:148 android.bluetooth.BluetoothPan.<init>:141 android.bluetooth.BluetoothAdapter.getProfileProxy:1192 
03-25 14:05:38.752 12670 12670 W ContextImpl: Calling a method in the system process without a qualified user: android.app.ContextImpl.bindService:1560 android.content.ContextWrapper.bindService:517 android.bluetooth.BluetoothMap.doBind:109 android.bluetooth.BluetoothMap.<init>:102 android.bluetooth.BluetoothAdapter.getProfileProxy:1204 
03-25 14:05:38.762 12670 12670 W ContextImpl: Calling a method in the system process without a qualified user: android.app.ContextImpl.bindService:1560 android.content.ContextWrapper.bindService:517 android.bluetooth.BluetoothPbap.doBind:164 android.bluetooth.BluetoothPbap.<init>:157 com.android.settings.bluetooth.PbapServerProfile.<init>:68 
03-25 14:05:38.862 12332 12332 I ActivityManager: Start proc com.qualcomm.simcontacts for broadcast com.qualcomm.simcontacts/.SimStateReceiver: pid=12762 uid=10059 gids={50059}
03-25 14:05:38.962 12332 12406 I ActivityManager: Start proc com.android.music for broadcast com.android.music/.MediaButtonIntentReceiver: pid=12786 uid=10043 gids={50043, 3003, 1028, 1015, 3002}
03-25 14:05:39.072 12332 12344 I ActivityManager: Start proc com.qti.cbwidget for broadcast com.qti.cbwidget/.CBWidgetProvider: pid=12805 uid=10024 gids={50024}
03-25 14:05:39.402 12332 12343 I ActivityManager: Start proc com.android.dialer for broadcast com.android.dialer/.calllog.CallLogReceiver: pid=12828 uid=10004 gids={50004, 3003, 1028, 1015, 3009, 3010}
03-25 14:05:39.502 12332 12360 I ActivityManager: Start proc com.android.bluetooth for service com.android.bluetooth/.btservice.AdapterService: pid=12859 uid=1002 gids={41002, 3003, 3002, 3001, 1028, 1015, 3005, 1016, 3008, 1023}
03-25 14:05:39.512 12332 12332 W ContextImpl: Calling a method in the system process without a qualified user: android.app.ContextImpl.bindService:1560 android.bluetooth.BluetoothHeadset.doBind:283 android.bluetooth.BluetoothHeadset.<init>:276 android.bluetooth.BluetoothAdapter.getProfileProxy:1183 android.media.AudioService.getBluetoothHeadset:2253 
03-25 14:05:39.512 12332 12332 W ContextImpl: Calling a method in the system process without a qualified user: android.app.ContextImpl.bindService:1560 android.bluetooth.BluetoothA2dp.doBind:165 android.bluetooth.BluetoothA2dp.<init>:158 android.bluetooth.BluetoothAdapter.getProfileProxy:1186 android.media.AudioService$AudioServiceBroadcastReceiver.onReceive:4167 
03-25 14:05:39.522 12332 12332 V WiredAccessoryManager: notifyWiredAccessoryChanged: when=0 bits= mask=14
03-25 14:05:39.522 12332 12332 V WiredAccessoryManager: newName=h2w newState=0 headsetState=0 prev headsetState=0
03-25 14:05:39.522 12332 12332 V WiredAccessoryManager: init()
03-25 14:05:39.552 12332 12370 I PowerManagerService: Boot animation finished.
03-25 14:05:39.562 12332 12332 I ActivityManager: Delay finish: android/com.android.server.BootReceiver
03-25 14:05:39.582 12332 12544 I ActivityManager: Resuming delayed broadcast
03-25 14:05:39.622 12332 12544 I ActivityManager: Start proc com.android.providers.calendar for broadcast com.android.providers.calendar/.CalendarReceiver: pid=12903 uid=10001 gids={50001, 3003, 1028, 1015}
03-25 14:05:39.832 12332 12544 I ActivityManager: Delay finish: com.android.providers.calendar/.CalendarReceiver
03-25 14:05:40.232 12670 12684 W ContextImpl: Calling a method in the system process without a qualified user: android.app.ContextImpl.bindService:1560 android.content.ContextWrapper.bindService:517 android.bluetooth.BluetoothPbap.doBind:164 android.bluetooth.BluetoothPbap$1.onBluetoothStateChange:132 android.bluetooth.IBluetoothStateChangeCallback$Stub.onTransact:55 
03-25 14:05:40.262 12670 12670 W ContextImpl: Calling a method in the system process without a qualified user: android.app.ContextImpl.bindService:1560 android.content.ContextWrapper.bindService:517 android.bluetooth.BluetoothA2dp.doBind:165 android.bluetooth.BluetoothA2dp.<init>:158 android.bluetooth.BluetoothAdapter.getProfileProxy:1186 
03-25 14:05:40.262 12670 12670 W ContextImpl: Calling a method in the system process without a qualified user: android.app.ContextImpl.bindService:1560 android.content.ContextWrapper.bindService:517 android.bluetooth.BluetoothHeadset.doBind:283 android.bluetooth.BluetoothHeadset.<init>:276 android.bluetooth.BluetoothAdapter.getProfileProxy:1183 
03-25 14:05:40.272 12670 12670 W ContextImpl: Calling a method in the system process without a qualified user: android.app.ContextImpl.startService:1496 android.content.ContextWrapper.startService:494 android.content.ContextWrapper.startService:494 com.android.settings.bluetooth.DockEventReceiver.beginStartingService:134 com.android.settings.bluetooth.DockEventReceiver.onReceive:115 
03-25 14:05:40.842 12332 12589 I ActivityManager: Resuming delayed broadcast
03-25 14:05:40.852 12332 12590 I ActivityManager: Delay finish: com.android.providers.downloads/.DownloadReceiver
03-25 14:05:40.862 12332 12590 I ActivityManager: Resuming delayed broadcast
03-25 14:05:40.872 12332 12545 I ActivityManager: Delay finish: com.android.providers.media/.MediaScannerReceiver
03-25 14:05:40.972 12056 13026 W SocketClient: write error (Broken pipe)
03-25 14:05:41.572 12332 12498 I ActivityManager: Resuming delayed broadcast
03-25 14:05:41.592 12332 12589 I ActivityManager: Start proc com.android.mms for broadcast com.android.mms/.transaction.MmsSystemEventReceiver: pid=13036 uid=10009 gids={50009, 3003, 1028, 1015}
03-25 14:05:41.652 12332 12344 D CountryDetector: The first listener is added
03-25 14:05:41.742 12332 12343 I ActivityManager: Delay finish: com.android.mms/.transaction.MmsSystemEventReceiver
03-25 14:05:43.022 12332 12396 D QcConnectivityService: Captive portal check NetworkInfo: type: WIFI[], state: CONNECTING/CAPTIVE_PORTAL_CHECK, reason: (unspecified), extra: "1503-5G", roaming: false, failover: false, isAvailable: true, isConnectedToProvisioningNetwork: false
03-25 14:05:43.022 12332 12396 D QcConnectivityService: handleCaptivePortalTrackerCheck: call captivePortalCheckComplete ni=NetworkInfo: type: WIFI[], state: CONNECTING/CAPTIVE_PORTAL_CHECK, reason: (unspecified), extra: "1503-5G", roaming: false, failover: false, isAvailable: true, isConnectedToProvisioningNetwork: false
03-25 14:05:43.022 12332 12396 D QcConnectivityService: handleInetConditionChange: no active default network - ignore
03-25 14:05:43.042 12332 12396 E QcConnectivityService: Unexpected mtu value: android.net.wifi.WifiStateTracker@418e6e00
03-25 14:05:43.202 12332 12396 D Nat464Xlat: requiresClat: netType=1, hasIPv4Address=true
03-25 14:05:44.822 12332 12396 D QcConnectivityService: handleConnectivityChange: addresses changed linkProperty[1]: resetMask=0
03-25 14:05:44.822 12332 12396 D QcConnectivityService:    car=removed=[] added=[fe80::ce1b:e0ff:fe60:dc7/64,]
03-25 14:05:44.822 12332 12396 E QcConnectivityService: Exception while trying to add src route: java.lang.NullPointerException
03-25 14:05:44.822 12332 12396 D Nat464Xlat: requiresClat: netType=1, hasIPv4Address=true
03-25 14:05:53.951 12332 12355 I ActivityManager: Waited long enough for: ServiceRecord{41d63fc0 u0 com.qualcomm.simcontacts/.SimContactsService}
03-25 14:05:53.951 12332 12355 I ActivityManager: Resuming delayed broadcast
03-25 14:05:53.961 12332 12343 I ActivityManager: Delay finish: com.android.mms/.transaction.SmsReceiver
03-25 14:05:54.021 12332 12355 I ActivityManager: Waited long enough for: ServiceRecord{41d55090 u0 com.android.music/.MediaPlaybackService}
03-25 14:05:54.021 12332 12355 I ActivityManager: Resuming delayed broadcast
03-25 14:05:54.041 12332 12355 I ActivityManager: Start proc com.android.onetimeinitializer for broadcast com.android.onetimeinitializer/.OneTimeInitializerReceiver: pid=13122 uid=10011 gids={50011}
03-25 14:05:54.091 12332 12332 W ContextImpl: Calling a method in the system process without a qualified user: android.app.ContextImpl.startService:1496 android.content.ContextWrapper.startService:494 android.content.ContextWrapper.startService:494 com.dsi.ant.server.AntService.startService:125 com.dsi.ant.server.startup.BootCompletedReceiver.onReceive:41 
03-25 14:05:54.121 12332 12332 I ActivityManager: Start proc com.qualcomm.cabl for broadcast com.qualcomm.cabl/.CABLReceiver: pid=13137 uid=1000 gids={41000, 1028, 1015, 3003, 3005, 1021, 3004, 1000, 3009, 1023, 1010, 3002, 3001}
03-25 14:05:54.161 13137 13137 W ContextImpl: Calling a method in the system process without a qualified user: android.app.ContextImpl.startService:1496 android.content.ContextWrapper.startService:494 android.content.ContextWrapper.startService:494 com.qualcomm.cabl.CABLReceiver.onReceive:30 android.app.ActivityThread.handleReceiver:2422 
03-25 14:05:54.181 12332 12590 I ActivityManager: Start proc com.android.cellbroadcastreceiver for broadcast com.android.cellbroadcastreceiver/.CellBroadcastReceiver: pid=13155 uid=10023 gids={50023}
03-25 14:05:54.271 12332 12344 I ActivityManager: Start proc com.android.email for broadcast com.android.email/.service.EmailBroadcastReceiver: pid=13170 uid=10027 gids={50027, 3003, 1028, 1015}
03-25 14:05:54.351 13170 13184 D ActivityThread: Loading provider com.android.email.provider;com.android.email.notifier: com.android.email.provider.EmailProvider
03-25 14:05:54.361 13170 13185 D ActivityThread: Loading provider com.android.email.provider;com.android.email.notifier: com.android.email.provider.EmailProvider
03-25 14:05:54.371 13170 13186 D ActivityThread: Loading provider com.android.email.provider;com.android.email.notifier: com.android.email.provider.EmailProvider
03-25 14:05:54.431 12332 12545 I ActivityManager: Start proc com.qualcomm.agent for service com.qualcomm.agent/.SystemAgent: pid=13191 uid=1000 gids={41000, 1028, 1015, 3003, 3005, 1021, 3004, 1000, 3009, 1023, 1010, 3002, 3001}
03-25 14:05:54.471 12332 12498 W ActivityManager: Unable to start service Intent { cmp=com.android.email/.service.AttachmentDownloadService } U=0: not found
03-25 14:05:54.501 12332 12589 W ActivityManager: Unable to start service Intent { cmp=com.android.email/.service.AttachmentDownloadService } U=0: not found
03-25 14:05:54.501 12332 12590 W ActivityManager: Unable to start service Intent { cmp=com.android.email/.service.AttachmentDownloadService } U=0: not found
03-25 14:05:54.501 12332 12545 W ActivityManager: Unable to start service Intent { cmp=com.android.email/.service.AttachmentDownloadService } U=0: not found
03-25 14:05:54.561 12332 12589 I ActivityManager: Start proc com.android.exchange for service com.android.exchange/.service.EmailSyncAdapterService: pid=13209 uid=10028 gids={50028, 3003, 1028, 1015}
03-25 14:05:54.591 12332 12343 I ActivityManager: Start proc com.qualcomm.qct.dlt for broadcast com.qualcomm.qct.dlt/.proximity.ProximityBroadcastReceiver: pid=13222 uid=10045 gids={50045, 1028, 1015, 3003, 1021, 3004, 3005, 1000, 3009, 1023, 1010}
03-25 14:05:54.991 12332 12498 I ActivityManager: Start proc com.qualcomm.display for broadcast com.qualcomm.display/.PPReceiver: pid=13236 uid=1000 gids={41000, 1028, 1015, 3003, 3005, 1021, 3004, 1000, 3009, 1023, 1010, 3002, 3001}
03-25 14:05:55.051 13236 13236 W ContextImpl: Calling a method in the system process without a qualified user: android.app.ContextImpl.startService:1496 android.content.ContextWrapper.startService:494 android.content.ContextWrapper.startService:494 com.qualcomm.display.PPReceiver.onReceive:33 android.app.ActivityThread.handleReceiver:2422 
03-25 14:05:55.071 12332 12569 I ActivityManager: Start proc com.qualcomm.rcsbootstraputil for broadcast com.qualcomm.rcsbootstraputil/.RCSReceiver: pid=13253 uid=1001 gids={41001, 3004, 3009, 3005, 1006, 3002, 3001, 3003, 1028, 1015}
03-25 14:05:55.161 12332 12589 I ActivityManager: Start proc com.qualcomm.svi for broadcast com.qualcomm.svi/.SVIReceiver: pid=13269 uid=1000 gids={41000, 1028, 1015, 3003, 3005, 1021, 3004, 1000, 3009, 1023, 1010, 3002, 3001}
03-25 14:05:55.201 13269 13269 W ContextImpl: Calling a method in the system process without a qualified user: android.app.ContextImpl.startService:1496 android.content.ContextWrapper.startService:494 android.content.ContextWrapper.startService:494 com.qualcomm.svi.SVIReceiver.onReceive:30 android.app.ActivityThread.handleReceiver:2422 
03-25 14:05:55.241 12332 12544 I ActivityManager: Start proc com.thunderst.update for broadcast com.thunderst.update/.autoupdate.AutoUpdateReceiver: pid=13282 uid=10061 gids={50061, 3003, 2001, 1028, 1015}
03-25 14:05:55.321 12332 12406 I ActivityManager: Start proc com.icrealtech.beam.helper for broadcast com.icrealtech.beam.helper/.RequestReceiver: pid=13296 uid=1000 gids={41000, 1028, 1015, 3003, 3005, 1021, 3004, 1000, 3009, 1023, 1010, 3002, 3001}
03-25 14:05:55.371 13296 13296 E AndroidRuntime: FATAL EXCEPTION: main
03-25 14:05:55.371 13296 13296 E AndroidRuntime: Process: com.icrealtech.beam.helper, PID: 13296
03-25 14:05:55.371 13296 13296 E AndroidRuntime: java.lang.NoClassDefFoundError: android.net.ethernet.EthernetManager
03-25 14:05:55.371 13296 13296 E AndroidRuntime: 	at com.icrealtech.beam.helper.EthernetController.<init>(EthernetController.java:37)
03-25 14:05:55.371 13296 13296 E AndroidRuntime: 	at com.icrealtech.beam.helper.RequestReceiver.onReceive(RequestReceiver.java:38)
03-25 14:05:55.371 13296 13296 E AndroidRuntime: 	at android.app.ActivityThread.handleReceiver(ActivityThread.java:2422)
03-25 14:05:55.371 13296 13296 E AndroidRuntime: 	at android.app.ActivityThread.access$1700(ActivityThread.java:138)
03-25 14:05:55.371 13296 13296 E AndroidRuntime: 	at android.app.ActivityThread$H.handleMessage(ActivityThread.java:1275)
03-25 14:05:55.371 13296 13296 E AndroidRuntime: 	at android.os.Handler.dispatchMessage(Handler.java:102)
03-25 14:05:55.371 13296 13296 E AndroidRuntime: 	at android.os.Looper.loop(Looper.java:136)
03-25 14:05:55.371 13296 13296 E AndroidRuntime: 	at android.app.ActivityThread.main(ActivityThread.java:5050)
03-25 14:05:55.371 13296 13296 E AndroidRuntime: 	at java.lang.reflect.Method.invokeNative(Native Method)
03-25 14:05:55.371 13296 13296 E AndroidRuntime: 	at java.lang.reflect.Method.invoke(Method.java:515)
03-25 14:05:55.371 13296 13296 E AndroidRuntime: 	at com.android.internal.os.ZygoteInit$MethodAndArgsCaller.run(ZygoteInit.java:780)
03-25 14:05:55.371 13296 13296 E AndroidRuntime: 	at com.android.internal.os.ZygoteInit.main(ZygoteInit.java:596)
03-25 14:05:55.371 13296 13296 E AndroidRuntime: 	at dalvik.system.NativeStart.main(Native Method)
03-25 14:05:55.401 12332 12355 I ActivityManager: Start proc com.qualcomm.atfwd for broadcast com.qualcomm.atfwd/.AtFwdAutoboot: pid=13310 uid=1000 gids={41000, 1028, 1015, 3003, 3005, 1021, 3004, 1000, 3009, 1023, 1010, 3002, 3001}
03-25 14:05:55.401 12332 12344 I ActivityManager: Process com.icrealtech.beam.helper (pid 13296) has died.
03-25 14:05:55.441 13310 13310 W ContextImpl: Calling a method in the system process without a qualified user: android.app.ContextImpl.startService:1496 android.content.ContextWrapper.startService:494 android.content.ContextWrapper.startService:494 com.qualcomm.atfwd.AtFwdAutoboot.onReceive:24 android.app.ActivityThread.handleReceiver:2422 
03-25 14:05:55.441 12332 12590 I ActivityManager: Delay finish: com.qualcomm.atfwd/.AtFwdAutoboot
03-25 14:05:56.201 12332 12590 I ActivityManager: Process com.android.bluetooth (pid 12859) has died.
03-25 14:05:56.211 12670 12670 W ContextImpl: Calling a method in the system process without a qualified user: android.app.ContextImpl.startService:1496 android.content.ContextWrapper.startService:494 android.content.ContextWrapper.startService:494 com.android.settings.bluetooth.DockEventReceiver.beginStartingService:134 com.android.settings.bluetooth.DockEventReceiver.onReceive:115 
03-25 14:05:56.221 12332 12501 D QcConnectivityService: setProvNotificationVisible: E visible=false networkType=1 extraInfo=null url=null
03-25 14:05:56.231 12332 12501 W ActivityThread: ClassLoader.loadClass: The class loader returned by Thread.getContextClassLoader() may fail for processes that host multiple applications. You should explicitly specify a context class loader. For example: Thread.setContextClassLoader(getClass().getClassLoader());
03-25 14:05:56.241 12332 12344 I ActivityManager: Start proc com.android.bluetooth for broadcast com.android.bluetooth/.pbap.BluetoothPbapReceiver: pid=13333 uid=1002 gids={41002, 3003, 3002, 3001, 1028, 1015, 3005, 1016, 3008, 1023}
03-25 14:05:56.281 12332 12501 D QcConnectivityService: captivePortalCheckCompleted: ni=NetworkInfo: type: WIFI[], state: CONNECTED/CONNECTED, reason: (unspecified), extra: "1503-5G", roaming: false, failover: false, isAvailable: true, isConnectedToProvisioningNetwork: false captive=false
03-25 14:05:56.361 12670 12670 W ContextImpl: Calling a method in the system process without a qualified user: android.app.ContextImpl.startService:1496 android.content.ContextWrapper.startService:494 android.content.ContextWrapper.startService:494 com.android.settings.bluetooth.DockEventReceiver.beginStartingService:134 com.android.settings.bluetooth.DockEventReceiver.onReceive:115 
03-25 14:05:56.731 12332 12355 I ActivityManager: Waited long enough for: ServiceRecord{41d2e740 u0 com.android.mms/.transaction.TransactionService}
03-25 14:05:56.731 12332 12355 I ActivityManager: Resuming delayed broadcast
03-25 14:05:56.761 12332 12355 I ActivityManager: Start proc com.qualcomm.atuner for broadcast com.qualcomm.atuner/.ATunerAutoboot: pid=13381 uid=10065 gids={50065}
03-25 14:05:56.871 12332 12344 I ActivityManager: Killing 12483:android.process.acore/u0a2 (adj 15): empty #17
03-25 14:05:56.871 12332 12332 W ContextImpl: Calling a method in the system process without a qualified user: android.app.ContextImpl.startService:1496 android.content.ContextWrapper.startService:494 android.content.ContextWrapper.startService:494 com.qualcomm.location.LocationServiceReceiver.onReceive:37 android.app.ActivityThread.handleReceiver:2422 
03-25 14:05:56.871 12332 12332 W ContextImpl: Calling a method in the system process without a qualified user: android.app.ContextImpl.startService:1496 android.content.ContextWrapper.startService:494 android.content.ContextWrapper.startService:494 com.qualcomm.location.LocationServiceReceiver.onReceive:41 android.app.ActivityThread.handleReceiver:2422 
03-25 14:05:56.891 12559 12559 W ContextImpl: Calling a method in the system process without a qualified user: android.app.ContextImpl.startService:1496 android.content.ContextWrapper.startService:494 android.content.ContextWrapper.startService:494 com.qualcomm.qti.services.secureui.BootReceiver.onReceive:30 android.app.ActivityThread.handleReceiver:2422 
03-25 14:05:56.921 12332 12498 I ActivityManager: Start proc com.qualcomm.embms for broadcast com.qualcomm.embms/.EmbmsBootReceiver: pid=13402 uid=10067 gids={50067, 3003}
03-25 14:05:56.931 12559 13408 W ContextImpl: Calling a method in the system process without a qualified user: android.app.ContextImpl.bindService:1560 android.content.ContextWrapper.bindService:517 com.qualcomm.qti.services.secureui.WfdReceiver.<init>:37 com.qualcomm.qti.services.secureui.SecureUIService.run:91 java.lang.Thread.run:841 
03-25 14:05:56.951 12332 12344 I ActivityManager: Start proc com.qualcomm.wfd.service:wfd_service for service com.qualcomm.wfd.service/.WfdService: pid=13419 uid=1000 gids={41000, 1028, 1015, 3003, 3005, 1021, 3004, 1000, 3009, 1023, 1010, 3002, 3001}
03-25 14:05:57.001 12332 12544 I ActivityManager: Start proc com.qualcomm.fastdormancy for broadcast com.qualcomm.fastdormancy/.FastDormancyReceiver: pid=13432 uid=10068 gids={50068}
03-25 14:05:57.001 12332 12544 I ActivityManager: Killing 12805:com.qti.cbwidget/u0a24 (adj 15): empty #17
03-25 14:05:57.011 12332 12360 W ContextImpl: Calling a method in the system process without a qualified user: android.app.ContextImpl.bindService:1560 android.bluetooth.BluetoothA2dp.doBind:165 android.bluetooth.BluetoothA2dp$1.onBluetoothStateChange:131 com.android.server.BluetoothManagerService.sendBluetoothStateCallback:530 com.android.server.BluetoothManagerService.bluetoothStateChangeHandler:1248 
03-25 14:05:57.021 12332 12360 W ContextImpl: Calling a method in the system process without a qualified user: android.app.ContextImpl.bindService:1560 android.bluetooth.BluetoothPan.doBind:148 android.bluetooth.BluetoothPan$1.onBluetoothStateChange:194 com.android.server.BluetoothManagerService.sendBluetoothStateCallback:530 com.android.server.BluetoothManagerService.bluetoothStateChangeHandler:1248 
03-25 14:05:57.031 12670 13325 W ContextImpl: Calling a method in the system process without a qualified user: android.app.ContextImpl.bindService:1560 android.content.ContextWrapper.bindService:517 android.bluetooth.BluetoothInputDevice.doBind:256 android.bluetooth.BluetoothInputDevice$1.onBluetoothStateChange:220 android.bluetooth.IBluetoothStateChangeCallback$Stub.onTransact:55 
03-25 14:05:57.041 12670 12684 W ContextImpl: Calling a method in the system process without a qualified user: android.app.ContextImpl.bindService:1560 android.content.ContextWrapper.bindService:517 android.bluetooth.BluetoothPan.doBind:148 android.bluetooth.BluetoothPan$1.onBluetoothStateChange:194 android.bluetooth.IBluetoothStateChangeCallback$Stub.onTransact:55 
03-25 14:05:57.051 12670 12685 W ContextImpl: Calling a method in the system process without a qualified user: android.app.ContextImpl.bindService:1560 android.content.ContextWrapper.bindService:517 android.bluetooth.BluetoothPbap.doBind:164 android.bluetooth.BluetoothPbap$1.onBluetoothStateChange:132 android.bluetooth.IBluetoothStateChangeCallback$Stub.onTransact:55 
03-25 14:05:57.051 12670 13325 W ContextImpl: Calling a method in the system process without a qualified user: android.app.ContextImpl.bindService:1560 android.content.ContextWrapper.bindService:517 android.bluetooth.BluetoothMap.doBind:109 android.bluetooth.BluetoothMap$1.onBluetoothStateChange:76 android.bluetooth.IBluetoothStateChangeCallback$Stub.onTransact:55 
03-25 14:05:57.061 12670 12684 W ContextImpl: Calling a method in the system process without a qualified user: android.app.ContextImpl.bindService:1560 android.content.ContextWrapper.bindService:517 android.bluetooth.BluetoothHeadset.doBind:283 android.bluetooth.BluetoothHeadset$1.onBluetoothStateChange:249 android.bluetooth.IBluetoothStateChangeCallback$Stub.onTransact:55 
03-25 14:05:57.061 12332 12360 W ContextImpl: Calling a method in the system process without a qualified user: android.app.ContextImpl.bindService:1560 android.bluetooth.BluetoothHeadset.doBind:283 android.bluetooth.BluetoothHeadset$1.onBluetoothStateChange:249 com.android.server.BluetoothManagerService.sendBluetoothStateCallback:530 com.android.server.BluetoothManagerService.bluetoothStateChangeHandler:1248 
