05-04 19:52:03.235  3256  3328 D CustomFrequencyManagerService: acquireDVFSLockLocked : type : DVFS_MIN_LIMIT  frequency : 1800000  uid : 1000  pid : 3256  pkgName : ACTIVITY_RESUME_BOOSTER@2
05-04 19:52:03.235  3256  3328 W ActivityManager: mDVFSHelper.acquire()
05-04 19:52:03.235  3256  3328 D FocusedStackFrame: Set to : 0
05-04 19:52:03.260  3256  3328 D MultiWindowConverter: dismissGuide() : Before attaching the guide view, mForceDismissGuide : false
05-04 19:52:03.275  3256  5014 D U       : limitCPUFreq:: freq = -1
05-04 19:52:03.275  3256  5014 D CustomFrequencyManagerService: releaseDVFSLockLocked : Getting Lock type frm List : DVFS_MAX_LIMIT  frequency : 1500000  uid : 1000  pid : 3256  tag : SIOP_ARM_MAX@15
05-04 19:52:03.275  3256  5014 D U       : limitGPUFreq:: freq = -1
05-04 19:52:03.280  3724  3724 W ResourcesManager: Asset path '/system/framework/secvisualeffect.jar' does not exist or contains no resources.
05-04 19:52:03.280  3724  3724 W ResourcesManager: Asset path '/system/framework/sechardware.jar' does not exist or contains no resources.
05-04 19:52:03.280  3724  3724 W ResourcesManager: Asset path '/system/framework/com.google.android.maps.jar' does not exist or contains no resources.
05-04 19:52:03.280  3724  3724 W ResourcesManager: Asset path '/system/framework/twframework.jar' does not exist or contains no resources.
05-04 19:52:03.280  3724  3724 W ResourcesManager: Asset path '/system/framework/SmpsManager.jar' does not exist or contains no resources.
05-04 19:52:03.290  3256  3739 I ActivityManager: Killing 15140:com.sec.android.app.camera/u0a124 (adj 15): empty for 2131s
05-04 19:52:03.295  3256  3524 D ActivityManager: isAutoRunBlockedApp:: com.sec.android.app.camera, Auto Run ON
05-04 19:52:03.295  2588  2833 E Vold    : Failed to find mounted volume for /storage/extSdCard/Android/data/com.sec.android.app.launcher/cache/
05-04 19:52:03.295  2588  2833 W Vold    : Returning OperationFailed - no handler for errno 0
05-04 19:52:03.300  2588  2833 E Vold    : Failed to find mounted volume for /storage/extSdCard/Android/data/com.sec.android.app.launcher/cache/
05-04 19:52:03.300  2588  2833 W Vold    : Returning OperationFailed - no handler for errno 0
05-04 19:52:03.300  2588  2833 E Vold    : Failed to find mounted volume for /storage/extSdCard/Android/data/com.sec.android.app.launcher/cache/
05-04 19:52:03.300  2588  2833 W Vold    : Returning OperationFailed - no handler for errno 0
05-04 19:52:03.300  3256  3287 D ActivityManager: startProcessLocked calleePkgName: com.sec.android.app.clockpackage, hostingType: broadcast
05-04 19:52:03.300  3256  3287 E ActivityManager: checkUser: useridlist=null, currentuser=0
05-04 19:52:03.300  3256  3287 E ActivityManager: checkUser: useridlist=null, currentuser=0
05-04 19:52:03.300  3256  3287 E ActivityManager: checkUser: useridlist=null, currentuser=0
05-04 19:52:03.300  3256  3287 E ActivityManager: checkUser: useridlist=null, currentuser=0
05-04 19:52:03.305  3724  3724 W ResourcesManager: Asset path '/system/framework/smatlib.jar' does not exist or contains no resources.
05-04 19:52:03.305  3724  3724 W ResourcesManager: Asset path '/system/framework/sechardware.jar' does not exist or contains no resources.
05-04 19:52:03.305  3724  3724 W ResourcesManager: Asset path '/system/framework/multiwindow.jar' does not exist or contains no resources.
05-04 19:52:03.305  3724  3724 W ResourcesManager: Asset path '/system/framework/twframework.jar' does not exist or contains no resources.
05-04 19:52:03.305  3724  3724 W ResourcesManager: Asset path '/system/framework/sgi.jar' does not exist or contains no resources.
05-04 19:52:03.305  3724  3724 W ResourcesManager: Asset path '/system/framework/sec_feature.jar' does not exist or contains no resources.
05-04 19:52:03.310 22874 22874 I libpersona: KNOX_SDCARD checking this for 10072
05-04 19:52:03.310 22874 22874 I libpersona: KNOX_SDCARD not a persona
05-04 19:52:03.315  3256  3287 I ActivityManager: Start proc com.sec.android.app.clockpackage for broadcast com.sec.android.app.clockpackage/.alarmwidget.ClockAlarmWidgetProvider: pid=22874 uid=10072 gids={50072, 9997, 1028, 1015, 3002} abi=armeabi-v7a
05-04 19:52:03.345 22874 22874 W ResourcesManager: Asset path '/system/framework/smatlib.jar' does not exist or contains no resources.
05-04 19:52:03.345 22874 22874 W ResourcesManager: Asset path '/system/framework/sechardware.jar' does not exist or contains no resources.
05-04 19:52:03.345 22874 22874 W ResourcesManager: Asset path '/system/framework/multiwindow.jar' does not exist or contains no resources.
05-04 19:52:03.345 22874 22874 W ResourcesManager: Asset path '/system/framework/twframework.jar' does not exist or contains no resources.
05-04 19:52:03.345 22874 22874 W ResourcesManager: Asset path '/system/framework/sgi.jar' does not exist or contains no resources.
05-04 19:52:03.345 22874 22874 W ResourcesManager: Asset path '/system/framework/sec_feature.jar' does not exist or contains no resources.
05-04 19:52:03.355  3256  3256 D PersonaManagerService: getPersonasForUser(): returning null!
05-04 19:52:03.365  3256  3526 D MultiWindowConverter: dismissGuide() : Before attaching the guide view, mForceDismissGuide : false
05-04 19:52:03.365  3256  3291 D StatusBarManagerService: manageDisableList userId=0 what=0x0 pkg=WindowManager.LayoutParams
05-04 19:52:03.365  3256  3291 D StatusBarManagerService: manageDisableList userId=0 what=0x0 pkg=WindowManager.LayoutParams
05-04 19:52:03.370  3256 22889 W ContextImpl: Calling a method in the system process without a qualified user: android.app.ContextImpl.sendBroadcast:1698 com.android.server.InputMethodManagerService$6.run:2786 java.lang.Thread.run:818 <bottom of call stack> <bottom of call stack> 
05-04 19:52:03.415  4730  4730 D Recents_RecreateReceiver: onReceive by home
05-04 19:52:03.425  3256  6911 D ActivityManager: startProcessLocked calleePkgName: com.sec.android.widgetapp.digitalclock, hostingType: broadcast
05-04 19:52:03.430  3256  6911 E ActivityManager: checkUser: useridlist=null, currentuser=0
05-04 19:52:03.430  3256  6911 E ActivityManager: checkUser: useridlist=null, currentuser=0
05-04 19:52:03.430  3256  6911 E ActivityManager: checkUser: useridlist=null, currentuser=0
05-04 19:52:03.430  3256  6911 E ActivityManager: checkUser: useridlist=null, currentuser=0
05-04 19:52:03.435 22891 22891 I libpersona: KNOX_SDCARD checking this for 10075
05-04 19:52:03.435 22891 22891 I libpersona: KNOX_SDCARD not a persona
05-04 19:52:03.440  3256  6911 I ActivityManager: Start proc com.sec.android.widgetapp.digitalclock for broadcast com.sec.android.widgetapp.digitalclock/.DigitalClockWidgetProvider: pid=22891 uid=10075 gids={50075, 9997} abi=armeabi-v7a
05-04 19:52:03.455 22891 22891 W ResourcesManager: Asset path '/system/framework/twframework.jar' does not exist or contains no resources.
05-04 19:52:03.460  3256  6937 W ActivityManager: Permission Denial: getCurrentUser() from pid=22891, uid=10075 requires android.permission.INTERACT_ACROSS_USERS
05-04 19:52:03.460  3256  6911 D ActivityManager: startProcessLocked calleePkgName: com.sec.android.widgetapp.dualclockdigital, hostingType: broadcast
05-04 19:52:03.460  3256  6911 E ActivityManager: checkUser: useridlist=null, currentuser=0
05-04 19:52:03.460  3256  6911 E ActivityManager: checkUser: useridlist=null, currentuser=0
05-04 19:52:03.460  3256  6911 E ActivityManager: checkUser: useridlist=null, currentuser=0
05-04 19:52:03.460  3256  6911 E ActivityManager: checkUser: useridlist=null, currentuser=0
05-04 19:52:03.470 22906 22906 I libpersona: KNOX_SDCARD checking this for 10078
05-04 19:52:03.470 22906 22906 I libpersona: KNOX_SDCARD not a persona
05-04 19:52:03.475  3256  6911 I ActivityManager: Start proc com.sec.android.widgetapp.dualclockdigital for broadcast com.sec.android.widgetapp.dualclockdigital/.DigitalDualClockWidgetProvider: pid=22906 uid=10078 gids={50078, 9997, 3003} abi=armeabi-v7a
05-04 19:52:03.490 22906 22906 W ResourcesManager: Asset path '/system/framework/twframework.jar' does not exist or contains no resources.
05-04 19:52:03.500  3256  3585 W ActivityManager: Permission Denial: getCurrentUser() from pid=22906, uid=10078 requires android.permission.INTERACT_ACROSS_USERS
05-04 19:52:03.505  3256  3723 D ActivityManager: startProcessLocked calleePkgName: com.sec.android.app.camera, hostingType: broadcast
05-04 19:52:03.505  3256  3723 E ActivityManager: checkUser: useridlist=null, currentuser=0
05-04 19:52:03.505  3256  3723 E ActivityManager: checkUser: useridlist=null, currentuser=0
05-04 19:52:03.505  3256  3723 E ActivityManager: checkUser: useridlist=null, currentuser=0
05-04 19:52:03.505  3256  3723 E ActivityManager: checkUser: useridlist=null, currentuser=0
05-04 19:52:03.515 22922 22922 I libpersona: KNOX_SDCARD checking this for 10124
05-04 19:52:03.515 22922 22922 I libpersona: KNOX_SDCARD not a persona
05-04 19:52:03.515  3256  3723 I ActivityManager: Start proc com.sec.android.app.camera for broadcast com.sec.android.app.camera/.HomeResumeCamera: pid=22922 uid=10124 gids={50124, 9997, 1028, 1015, 3003, 1023} abi=armeabi-v7a
05-04 19:52:03.535 22922 22922 W ResourcesManager: Asset path '/system/framework/secmediarecorder.jar' does not exist or contains no resources.
05-04 19:52:03.535 22922 22922 W ResourcesManager: Asset path '/system/framework/sechardware.jar' does not exist or contains no resources.
05-04 19:52:03.535 22922 22922 W ResourcesManager: Asset path '/system/framework/secimaging.jar' does not exist or contains no resources.
05-04 19:52:03.535 22922 22922 W ResourcesManager: Asset path '/system/framework/sec_feature.jar' does not exist or contains no resources.
05-04 19:52:03.535 22922 22922 W ResourcesManager: Asset path '/system/framework/seccamera.jar' does not exist or contains no resources.
05-04 19:52:03.535 22922 22922 W ResourcesManager: Asset path '/system/framework/secvision.jar' does not exist or contains no resources.
05-04 19:52:03.560  3256  3256 D AccessibilityManagerService: updateInputFilter universalSwitchState:false
05-04 19:52:03.560  3256  6922 V WindowManager: rotationForOrientationLw(orient=-1, last=0); user=0 USER_ROTATION_LOCKED sensorRotation=-1 mLidState=-1 mDockMode=0 mHdmiPlugged=false
05-04 19:52:03.740  3256  3287 D CustomFrequencyManagerService: releaseDVFSLockLocked : Getting Lock type frm List : DVFS_MIN_LIMIT  frequency : 1800000  uid : 1000  pid : 3256  tag : ACTIVITY_RESUME_BOOSTER@2
05-04 19:52:03.740  3256  3287 W ActivityManager: mDVFSHelper.release()
05-04 19:52:03.740  3256  3287 D CustomFrequencyManagerService: acquireDVFSLockLocked : type : DVFS_MIN_LIMIT  frequency : 1800000  uid : 1000  pid : 3256  pkgName : ACTIVITY_RESUME_BOOSTER@6
05-04 19:52:03.880 22771 22771 V ActivityThread: updateVisibility : ActivityRecord{3a27e5f0 token=android.os.BinderProxy@196f933c {com.icrealtime.allie/com.icrealtime.allie.ui.activities.MainActivity}} show : false
05-04 19:52:04.050  3256  3256 D CustomFrequencyManagerService: releaseDVFSLockLocked : Getting Lock type frm List : DVFS_MIN_LIMIT  frequency : 1800000  uid : 1000  pid : 3256  tag : ACTIVITY_RESUME_BOOSTER@6
05-04 19:52:09.295  3256  5014 D U       : limitCPUFreq:: freq = 1500000
05-04 19:52:09.295  3256  5014 D CustomFrequencyManagerService: acquireDVFSLockLocked : type : DVFS_MAX_LIMIT  frequency : 1500000  uid : 1000  pid : 3256  pkgName : SIOP_ARM_MAX@15
05-04 19:52:09.295  3256  5014 D U       : limitGPUFreq:: freq = 420
05-04 19:52:09.545  3256  3526 D BatteryService: !@BatteryListener : batteryPropertiesChanged!
05-04 19:52:09.545  3256  3526 D BatteryService: level:60, scale:100, status:3, health:2, present:true, voltage: 3898, temperature: 394, technology: Li-ion, AC powered:false, USB powered:true, POGO powered:false, Wireless powered:false, icon:17303382, invalid charger:0
05-04 19:52:09.545  3256  3526 D BatteryService: online:4, current avg:-38, charge type:2, power sharing:false, high voltage charger:false, capacity:280000, current_now:-39
05-04 19:52:09.545  3256  3256 D BatteryService: Sending ACTION_BATTERY_CHANGED.
05-04 19:52:09.555  3672  3672 V EmergencyMode: [EmergencyStateReceiver] onReceive : android.intent.action.BATTERY_CHANGED
05-04 19:52:09.555  3672  3672 V EmergencyMode: [EmergencyStateReceiver] ACTION_BATTERY_CHANGED mBatteryLevelForLogging = 60
05-04 19:52:09.575  3421  3421 D BatteryMeterView: ACTION_BATTERY_CHANGED : level:60 status:3 health:2
05-04 19:52:09.575  3421  3421 D BatteryMeterView: ACTION_BATTERY_CHANGED : level:60 status:3 health:2
05-04 19:52:09.575  3421  3421 D BatteryMeterView: ACTION_BATTERY_CHANGED : level:60 status:3 health:2
05-04 19:52:10.285  3256  3723 D ActivityManager: retrieveServiceLocked(): component = null; callingUser = 0; userId(target) = 0
05-04 19:52:10.570  3256  5014 D SSRM:n  : SIOP:: AP = 480, PST = 515 (W:24), CUR = -38, LCD = 147
05-04 19:52:11.515  3256  7218 D ActivityManager: retrieveServiceLocked(): component = null; callingUser = 0; userId(target) = 0
05-04 19:52:14.900  3256  3723 D ActivityManager: retrieveServiceLocked(): component = null; callingUser = 0; userId(target) = 0
05-04 19:52:15.195  3256  3723 D ActivityManager: retrieveServiceLocked(): component = null; callingUser = 0; userId(target) = 0
05-04 19:52:15.635  3256  3566 E Watchdog: !@Sync 947 [05-04 19:52:15.642]
05-04 19:52:16.435  3256  7218 D ActivityManager: retrieveServiceLocked(): component = null; callingUser = 0; userId(target) = 0
05-04 19:52:19.415  3256  6937 D PackageManager: START_PACKAGE_INSTALL: observer{419027413}
05-04 19:52:19.415  3256  6937 D PackageManager:           originPath{/data/local/tmp/settings_apk-debug.apk}
05-04 19:52:19.425  3256  3301 D PackageManager: [MSG] INIT_COPY: observer{419027413}
05-04 19:52:19.425  3256  3301 D PackageManager:           idx{0}
05-04 19:52:19.425  3256  3301 D PackageManager:           for_user{UserHandle{-1}}
05-04 19:52:19.425  3256  3301 D ActivityManager: bindService callerProcessName:android, calleePkgName: com.android.defcontainer, action: null
05-04 19:52:19.425  3256  3301 D ActivityManager: retrieveServiceLocked(): component = com.android.defcontainer/com.android.defcontainer.DefaultContainerService; callingUser = 0; userId(target) = 0
05-04 19:52:19.425  3256  3301 E ActivityManager: checkUser: useridlist=null, currentuser=0
05-04 19:52:19.425  3256  3301 E ActivityManager: checkUser: useridlist=null, currentuser=0
05-04 19:52:19.425  3256  3301 E ActivityManager: checkUser: useridlist=null, currentuser=0
05-04 19:52:19.425  3256  3301 E ActivityManager: checkUser: useridlist=null, currentuser=0
05-04 19:52:19.455 22980 22980 I libpersona: KNOX_SDCARD checking this for 10003
05-04 19:52:19.455 22980 22980 I libpersona: KNOX_SDCARD not a persona
05-04 19:52:19.460  3256  3301 I ActivityManager: Start proc com.android.defcontainer for service com.android.defcontainer/.DefaultContainerService: pid=22980 uid=10003 gids={50003, 9997, 1028, 1015, 1023, 2001, 1035} abi=armeabi-v7a
05-04 19:52:19.495  3256  3739 D ActivityManager: retrieveServiceLocked(): component = null; callingUser = 0; userId(target) = 0
05-04 19:52:19.520  3256  3351 W ActivityManager: Permission Denial: getCurrentUser() from pid=22980, uid=10003 requires android.permission.INTERACT_ACROSS_USERS
05-04 19:52:19.530  3256  3301 D PackageManager: [MSG] MCS_BOUND: observer{419027413}
05-04 19:52:19.530  3256  3301 D PackageManager:           for_user{UserHandle{-1}}
05-04 19:52:19.550  3256  6937 D BatteryService: !@BatteryListener : batteryPropertiesChanged!
05-04 19:52:19.550  3256  6937 D BatteryService: level:60, scale:100, status:3, health:2, present:true, voltage: 3875, temperature: 393, technology: Li-ion, AC powered:false, USB powered:true, POGO powered:false, Wireless powered:false, icon:17303382, invalid charger:0
05-04 19:52:19.550  3256  6937 D BatteryService: online:4, current avg:84, charge type:2, power sharing:false, high voltage charger:false, capacity:280000, current_now:85
05-04 19:52:19.550  3256  3256 D BatteryService: Sending ACTION_BATTERY_CHANGED.
05-04 19:52:19.555  3672  3672 V EmergencyMode: [EmergencyStateReceiver] onReceive : android.intent.action.BATTERY_CHANGED
05-04 19:52:19.555  3672  3672 V EmergencyMode: [EmergencyStateReceiver] ACTION_BATTERY_CHANGED mBatteryLevelForLogging = 60
05-04 19:52:19.565  3256  3301 D PackageManager: [VERIFY] getRequiredVerifiersLPr: 2 verifiers
05-04 19:52:19.565  3256  3301 D PackageManager: [VERIFY]     com.android.vending(10019)
05-04 19:52:19.565  3256  3301 D PackageManager: [VERIFY]     com.samsung.android.sm(1000)
05-04 19:52:19.565  3256  3301 D PackageManager: [VERIFY] Found 2 verifiers for intent Intent { act=android.intent.action.PACKAGE_NEEDS_VERIFICATION dat=file:///data/local/tmp/settings_apk-debug.apk typ=application/vnd.android.package-archive flg=0x10000001 } with 0 optional verifiers
05-04 19:52:19.565  3256  3301 D PackageManager: [VERIFY] sendOrderedBroadcastToPendingVerifier:
05-04 19:52:19.565  3256  3301 D PackageManager: PackageVerificationState{
05-04 19:52:19.565  3256  3301 D PackageManager:     verifier packages=com.android.vending(10019),com.samsung.android.sm(1000),
05-04 19:52:19.565  3256  3301 D PackageManager:     intent=Intent { act=android.intent.action.PACKAGE_NEEDS_VERIFICATION dat=file:///data/local/tmp/settings_apk-debug.apk typ=application/vnd.android.package-archive flg=0x10000001 (has extras) }
05-04 19:52:19.565  3256  3301 D PackageManager:     others=74, false, false, false, false, false
05-04 19:52:19.565  3256  3301 D PackageManager: }
05-04 19:52:19.565  3256  3301 D PackageManager: remove MCS_UNBIND message and Posting MCS_UNBIND 10 secs later
05-04 19:52:19.570  3421  3421 D BatteryMeterView: ACTION_BATTERY_CHANGED : level:60 status:3 health:2
05-04 19:52:19.575  3421  3421 D BatteryMeterView: ACTION_BATTERY_CHANGED : level:60 status:3 health:2
05-04 19:52:19.575  3421  3421 D BatteryMeterView: ACTION_BATTERY_CHANGED : level:60 status:3 health:2
05-04 19:52:19.580  3256  6922 D ActivityManager: startService callerProcessName:com.android.vending, calleePkgName: com.android.vending
05-04 19:52:19.580  3256  6922 D ActivityManager: retrieveServiceLocked(): component = com.android.vending/com.google.android.vending.verifier.PackageVerificationService; callingUser = 0; userId(target) = 0
05-04 19:52:19.585  3256  3256 D PackageManager: [VERIFY] onReceive for RequiredVerifier id=74
05-04 19:52:19.585  3256  3256 D PackageManager: [VERIFY] sendMessageDelayed(CHECK_PENDING_VERIFICATION, 74, 10000)
05-04 19:52:19.590  4276  7910 I PackageParser: io.appium.settings: compat added android.permission.WRITE_EXTERNAL_STORAGE
05-04 19:52:19.680  3256  3739 D ActivityManager: retrieveServiceLocked(): component = null; callingUser = 0; userId(target) = 0
05-04 19:52:19.710  3256  3268 D ActivityManager: retrieveServiceLocked(): component = null; callingUser = 0; userId(target) = 0
05-04 19:52:19.795  3256  3586 D ActivityManager: retrieveServiceLocked(): component = null; callingUser = 0; userId(target) = 0
05-04 19:52:20.065  3256  3269 D PackageManager: [VERIFY] verifyPendingInstall(74, VERIFICATION_ALLOW), uid=10019
05-04 19:52:20.070  3256  3301 D PackageManager: [MSG] PACKAGE_VERIFIED: observer{419027413}
05-04 19:52:20.070  3256  3301 D PackageManager: [VERIFY] PACKAGE_VERIFIED: 
05-04 19:52:20.070  3256  3301 D PackageManager: PackageVerificationState{
05-04 19:52:20.070  3256  3301 D PackageManager:     verifier packages=com.android.vending(10019),com.samsung.android.sm(1000),
05-04 19:52:20.070  3256  3301 D PackageManager:     intent=Intent { act=android.intent.action.PACKAGE_NEEDS_VERIFICATION dat=file:///data/local/tmp/settings_apk-debug.apk typ=application/vnd.android.package-archive flg=0x10000001 cmp=com.android.vending/com.google.android.vending.verifier.PackageVerificationReceiver (has extras) }
05-04 19:52:20.070  3256  3301 D PackageManager:     others=74, false, false, false, false, false
05-04 19:52:20.070  3256  3301 D PackageManager: }
05-04 19:52:20.070  3256  3301 D PackageVerificationState: [VERIFY] setVerifierResponse {verificationID=74, uid=10019, code=1
05-04 19:52:20.070  3256  3301 D PackageManager: [VERIFY] sendOrderedBroadcastToPendingVerifier:
05-04 19:52:20.070  3256  3301 D PackageManager: PackageVerificationState{
05-04 19:52:20.070  3256  3301 D PackageManager:     verifier packages=com.samsung.android.sm(1000),
05-04 19:52:20.070  3256  3301 D PackageManager:     intent=Intent { act=android.intent.action.PACKAGE_NEEDS_VERIFICATION dat=file:///data/local/tmp/settings_apk-debug.apk typ=application/vnd.android.package-archive flg=0x10000001 cmp=com.android.vending/com.google.android.vending.verifier.PackageVerificationReceiver (has extras) }
05-04 19:52:20.070  3256  3301 D PackageManager:     others=74, false, false, false, false, false
05-04 19:52:20.070  3256  3301 D PackageManager: }
05-04 19:52:20.085  3256  5293 D PackageManager: [VERIFY] verifyPendingInstall(74, VERIFICATION_ALLOW), uid=1000
05-04 19:52:20.085  3256  3301 D PackageManager: [MSG] PACKAGE_VERIFIED: observer{419027413}
05-04 19:52:20.090  3256  3301 D PackageManager: [VERIFY] PACKAGE_VERIFIED: 
05-04 19:52:20.090  3256  3301 D PackageManager: PackageVerificationState{
05-04 19:52:20.090  3256  3301 D PackageManager:     verifier packages=com.samsung.android.sm(1000),
05-04 19:52:20.090  3256  3301 D PackageManager:     intent=Intent { act=android.intent.action.PACKAGE_NEEDS_VERIFICATION dat=file:///data/local/tmp/settings_apk-debug.apk typ=application/vnd.android.package-archive flg=0x10000001 cmp=com.samsung.android.sm/.common.security.AppVerificationReceiver (has extras) }
05-04 19:52:20.090  3256  3301 D PackageManager:     others=74, false, false, false, false, false
05-04 19:52:20.090  3256  3301 D PackageManager: }
05-04 19:52:20.090  3256  3301 D PackageVerificationState: [VERIFY] setVerifierResponse {verificationID=74, uid=1000, code=1
05-04 19:52:20.090  3256  3301 D PackageManager: [VERIFY] packageVerificationCompletion: completed id=74
05-04 19:52:20.090  3256  3301 D PackageManager: [VERIFY] broadcastPackageVerified(74, VERIFICATION_ALLOW, file:///data/local/tmp/settings_apk-debug.apk)
05-04 19:52:20.090  3256  3256 D PackageManager: [VERIFY] onReceive for RequiredVerifier id=74
05-04 19:52:20.105  3256  3351 D ActivityManager: startService callerProcessName:com.android.vending, calleePkgName: com.android.vending
05-04 19:52:20.105  3256  3351 D ActivityManager: retrieveServiceLocked(): component = com.android.vending/com.google.android.vending.verifier.PackageVerificationService; callingUser = 0; userId(target) = 0
05-04 19:52:20.105 22980 22992 D DefContainer: Copying /data/local/tmp/settings_apk-debug.apk to base.apk
05-04 19:52:20.120  3256  3301 D PackageManager: remove MCS_UNBIND and Posting MCS_UNBIND
05-04 19:52:20.120  3256  3301 D PackageManager: [MSG] PROCESS_PENDING_INSTALL: observer{419027413}
05-04 19:52:20.120  3256  3301 D PackageManager: currentStatus{1}
05-04 19:52:20.120  3256  3301 D PackageManager: installPackageLI: path
05-04 19:52:20.125  3256  3301 I PackageParser: io.appium.settings: compat added android.permission.WRITE_EXTERNAL_STORAGE
05-04 19:52:20.180  3256  3301 W PackageManager: verifying app can be installed or not
05-04 19:52:20.180  3256  3301 D PackageManager: Existing package
05-04 19:52:20.180  3256  3301 D PackageManager: Renaming /data/app/vmdl813790717.tmp to /data/app/io.appium.settings-2
05-04 19:52:20.180  3256  3301 D PackageManager: installNewPackageLI: Package{1cd7914a io.appium.settings}
05-04 19:52:20.180  3256  3301 W PackageManager: Attempt to re-install io.appium.settings without first uninstalling.
05-04 19:52:20.190  3256  3301 D PackageManager: doPostInstall for uid{-1}
05-04 19:52:20.190  3256  3301 D PackageManager: delete codoeFile: 
05-04 19:52:20.190  3256  3301 D PackageManager: [MSG] MCS_UNBIND
05-04 19:52:20.190  3256  3301 D PackageManager: [MSG] POST_INSTALL: observer{419027413}
05-04 19:52:20.190  3256  3301 D PackageManager:           Handling post-install for 75
05-04 19:52:20.310  3256  3301 D PackageManager: result of install: -1{419027413}
05-04 19:52:20.585  3256  5014 D SSRM:n  : SIOP:: AP = 460, PST = 510 (W:28), CUR = 84, LCD = 147
05-04 19:52:21.360  3256  3351 D PackageManager: START_PACKAGE_INSTALL: observer{524916923}
05-04 19:52:21.360  3256  3351 D PackageManager:           originPath{/data/local/tmp/unlock_apk-debug.apk}
05-04 19:52:21.370  3256  3301 D PackageManager: [MSG] INIT_COPY: observer{524916923}
05-04 19:52:21.370  3256  3301 D PackageManager:           idx{0}
05-04 19:52:21.370  3256  3301 D PackageManager:           for_user{UserHandle{-1}}
05-04 19:52:21.370  3256  3301 D ActivityManager: bindService callerProcessName:android, calleePkgName: com.android.defcontainer, action: null
05-04 19:52:21.370  3256  3301 D ActivityManager: retrieveServiceLocked(): component = com.android.defcontainer/com.android.defcontainer.DefaultContainerService; callingUser = 0; userId(target) = 0
05-04 19:52:21.370  3256  3301 D PackageManager: [MSG] MCS_BOUND: observer{524916923}
05-04 19:52:21.370  3256  3301 D PackageManager:           for_user{UserHandle{-1}}
05-04 19:52:21.415  3256  3301 D PackageManager: [VERIFY] getRequiredVerifiersLPr: 2 verifiers
05-04 19:52:21.415  3256  3301 D PackageManager: [VERIFY]     com.android.vending(10019)
05-04 19:52:21.415  3256  3301 D PackageManager: [VERIFY]     com.samsung.android.sm(1000)
05-04 19:52:21.415  3256  3301 D PackageManager: [VERIFY] Found 2 verifiers for intent Intent { act=android.intent.action.PACKAGE_NEEDS_VERIFICATION dat=file:///data/local/tmp/unlock_apk-debug.apk typ=application/vnd.android.package-archive flg=0x10000001 } with 0 optional verifiers
05-04 19:52:21.420  3256  3301 D PackageManager: [VERIFY] sendOrderedBroadcastToPendingVerifier:
05-04 19:52:21.420  3256  3301 D PackageManager: PackageVerificationState{
05-04 19:52:21.420  3256  3301 D PackageManager:     verifier packages=com.android.vending(10019),com.samsung.android.sm(1000),
05-04 19:52:21.420  3256  3301 D PackageManager:     intent=Intent { act=android.intent.action.PACKAGE_NEEDS_VERIFICATION dat=file:///data/local/tmp/unlock_apk-debug.apk typ=application/vnd.android.package-archive flg=0x10000001 (has extras) }
05-04 19:52:21.420  3256  3301 D PackageManager:     others=75, false, false, false, false, false
05-04 19:52:21.420  3256  3301 D PackageManager: }
05-04 19:52:21.420  3256  3301 D PackageManager: remove MCS_UNBIND message and Posting MCS_UNBIND 10 secs later
05-04 19:52:21.440  3256  6911 D ActivityManager: startService callerProcessName:com.android.vending, calleePkgName: com.android.vending
05-04 19:52:21.440  3256  6911 D ActivityManager: retrieveServiceLocked(): component = com.android.vending/com.google.android.vending.verifier.PackageVerificationService; callingUser = 0; userId(target) = 0
05-04 19:52:21.445  3256  3256 D PackageManager: [VERIFY] onReceive for RequiredVerifier id=75
05-04 19:52:21.445  3256  3256 D PackageManager: [VERIFY] sendMessageDelayed(CHECK_PENDING_VERIFICATION, 75, 10000)
05-04 19:52:21.530  3256  6922 D ActivityManager: retrieveServiceLocked(): component = null; callingUser = 0; userId(target) = 0
05-04 19:52:21.730  3256  3586 D PackageManager: [VERIFY] verifyPendingInstall(75, VERIFICATION_ALLOW), uid=10019
05-04 19:52:21.730  3256  3301 D PackageManager: [MSG] PACKAGE_VERIFIED: observer{524916923}
05-04 19:52:21.735  3256  3301 D PackageManager: [VERIFY] PACKAGE_VERIFIED: 
05-04 19:52:21.735  3256  3301 D PackageManager: PackageVerificationState{
05-04 19:52:21.735  3256  3301 D PackageManager:     verifier packages=com.android.vending(10019),com.samsung.android.sm(1000),
05-04 19:52:21.735  3256  3301 D PackageManager:     intent=Intent { act=android.intent.action.PACKAGE_NEEDS_VERIFICATION dat=file:///data/local/tmp/unlock_apk-debug.apk typ=application/vnd.android.package-archive flg=0x10000001 cmp=com.android.vending/com.google.android.vending.verifier.PackageVerificationReceiver (has extras) }
05-04 19:52:21.735  3256  3301 D PackageManager:     others=75, false, false, false, false, false
05-04 19:52:21.735  3256  3301 D PackageManager: }
05-04 19:52:21.735  3256  3301 D PackageVerificationState: [VERIFY] setVerifierResponse {verificationID=75, uid=10019, code=1
05-04 19:52:21.735  3256  3301 D PackageManager: [VERIFY] sendOrderedBroadcastToPendingVerifier:
05-04 19:52:21.735  3256  3301 D PackageManager: PackageVerificationState{
05-04 19:52:21.735  3256  3301 D PackageManager:     verifier packages=com.samsung.android.sm(1000),
05-04 19:52:21.735  3256  3301 D PackageManager:     intent=Intent { act=android.intent.action.PACKAGE_NEEDS_VERIFICATION dat=file:///data/local/tmp/unlock_apk-debug.apk typ=application/vnd.android.package-archive flg=0x10000001 cmp=com.android.vending/com.google.android.vending.verifier.PackageVerificationReceiver (has extras) }
05-04 19:52:21.735  3256  3301 D PackageManager:     others=75, false, false, false, false, false
05-04 19:52:21.735  3256  3301 D PackageManager: }
05-04 19:52:21.750  3256  7218 D PackageManager: [VERIFY] verifyPendingInstall(75, VERIFICATION_ALLOW), uid=1000
05-04 19:52:21.750  3256  3301 D PackageManager: [MSG] PACKAGE_VERIFIED: observer{524916923}
05-04 19:52:21.750  3256  3301 D PackageManager: [VERIFY] PACKAGE_VERIFIED: 
05-04 19:52:21.750  3256  3301 D PackageManager: PackageVerificationState{
05-04 19:52:21.750  3256  3301 D PackageManager:     verifier packages=com.samsung.android.sm(1000),
05-04 19:52:21.750  3256  3301 D PackageManager:     intent=Intent { act=android.intent.action.PACKAGE_NEEDS_VERIFICATION dat=file:///data/local/tmp/unlock_apk-debug.apk typ=application/vnd.android.package-archive flg=0x10000001 cmp=com.samsung.android.sm/.common.security.AppVerificationReceiver (has extras) }
05-04 19:52:21.750  3256  3301 D PackageManager:     others=75, false, false, false, false, false
05-04 19:52:21.750  3256  3301 D PackageManager: }
05-04 19:52:21.750  3256  3301 D PackageVerificationState: [VERIFY] setVerifierResponse {verificationID=75, uid=1000, code=1
05-04 19:52:21.750  3256  3301 D PackageManager: [VERIFY] packageVerificationCompletion: completed id=75
05-04 19:52:21.750  3256  3301 D PackageManager: [VERIFY] broadcastPackageVerified(75, VERIFICATION_ALLOW, file:///data/local/tmp/unlock_apk-debug.apk)
05-04 19:52:21.750  3256  3256 D PackageManager: [VERIFY] onReceive for RequiredVerifier id=75
05-04 19:52:21.765 22980 22992 D DefContainer: Copying /data/local/tmp/unlock_apk-debug.apk to base.apk
05-04 19:52:21.770  3256  6922 D ActivityManager: startService callerProcessName:com.android.vending, calleePkgName: com.android.vending
05-04 19:52:21.770  3256  6922 D ActivityManager: retrieveServiceLocked(): component = com.android.vending/com.google.android.vending.verifier.PackageVerificationService; callingUser = 0; userId(target) = 0
05-04 19:52:21.775  3256  3301 D PackageManager: remove MCS_UNBIND and Posting MCS_UNBIND
05-04 19:52:21.775  3256  3301 D PackageManager: [MSG] PROCESS_PENDING_INSTALL: observer{524916923}
05-04 19:52:21.775  3256  3301 D PackageManager: currentStatus{1}
05-04 19:52:21.775  3256  3301 D PackageManager: installPackageLI: path
05-04 19:52:21.845  3256  3301 W PackageManager: verifying app can be installed or not
05-04 19:52:21.850  3256  3301 D PackageManager: Existing package
05-04 19:52:21.850  3256  3301 D PackageManager: Renaming /data/app/vmdl890070672.tmp to /data/app/io.appium.unlock-2
05-04 19:52:21.850  3256  3301 D PackageManager: installNewPackageLI: Package{2eab374c io.appium.unlock}
05-04 19:52:21.850  3256  3301 W PackageManager: Attempt to re-install io.appium.unlock without first uninstalling.
05-04 19:52:21.850  3256  3301 D PackageManager: doPostInstall for uid{-1}
05-04 19:52:21.850  3256  3301 D PackageManager: delete codoeFile: 
05-04 19:52:21.850  3256  3301 D PackageManager: [MSG] MCS_UNBIND
05-04 19:52:21.855  3256  3301 D PackageManager: [MSG] POST_INSTALL: observer{524916923}
05-04 19:52:21.855  3256  3301 D PackageManager:           Handling post-install for 76
05-04 19:52:21.960  3256  3301 D PackageManager: result of install: -1{524916923}
05-04 19:52:23.050  3256  3256 D AccessibilityManagerService: updateInputFilter universalSwitchState:false
05-04 19:52:23.055  3256  3256 D AccessibilityManagerService: updateInputFilter universalSwitchState:false
05-04 19:52:23.490  3256  3256 D AccessibilityManagerService: updateInputFilter universalSwitchState:false
05-04 19:52:24.020  3256  3526 I ActivityManager: Force stopping com.icrealtime.allie appid=10360 user=0: from pid 23044
05-04 19:52:24.020  3256  3526 I ActivityManager: Killing 22771:com.icrealtime.allie/u0a360 (adj 7): stop com.icrealtime.allie cause from pid 23044
05-04 19:52:24.025  3256  3526 E ActivityManager: isAutoRunBlockedApp:: com.icrealtime.allie, Auto Run OFF
05-04 19:52:24.025  3256  3526 W ActivityManager: com.icrealtime.allie: no allowRestart for autorun OFF
05-04 19:52:24.030  3256  3526 I ActivityManager:   Force finishing activity ActivityRecord{19c6ad29 u0 com.icrealtime.allie/.ui.activities.AfterSplashActivity t704}
05-04 19:52:24.030  3256  3526 I ActivityManager:   Force finishing activity ActivityRecord{23a3b5c3 u0 com.icrealtime.allie/.ui.activities.MainActivity t704}
05-04 19:52:24.085  3256  3524 D ActivityManager: bindService callerProcessName:com.microsoft.skydrive, calleePkgName: com.google.android.music, action: android.media.MediaRouteProviderService
05-04 19:52:24.085  3256  3524 D ActivityManager: retrieveServiceLocked(): component = com.google.android.music/com.google.android.music.dial.DialMediaRouteProviderService; callingUser = 0; userId(target) = 0
05-04 19:52:24.085  3256  3524 W ActivityManager: Permission Denial: Accessing service ComponentInfo{com.google.android.music/com.google.android.music.dial.DialMediaRouteProviderService} from pid=11347, uid=10103 that is not exported from uid 10102
05-04 19:52:24.085  3256  3256 D ActivityManager: startProcessLocked calleePkgName: com.samsung.dcm, hostingType: broadcast
05-04 19:52:24.085  3256  3256 E ActivityManager: checkUser: useridlist=null, currentuser=0
05-04 19:52:24.085  3256  3256 E ActivityManager: checkUser: useridlist=null, currentuser=0
05-04 19:52:24.085  3256  3256 E ActivityManager: checkUser: useridlist=null, currentuser=0
05-04 19:52:24.085  3256  3256 E ActivityManager: checkUser: useridlist=null, currentuser=0
05-04 19:52:24.100 23054 23054 I libpersona: KNOX_SDCARD checking this for 10002
05-04 19:52:24.100 23054 23054 I libpersona: KNOX_SDCARD not a persona
05-04 19:52:24.105  3256  3256 I ActivityManager: Start proc com.samsung.dcm:DCMService for broadcast com.samsung.dcm/.framework.broadcastreceivers.ClearDataReceiver: pid=23054 uid=10002 gids={50002, 9997, 3003, 1028, 1015} abi=armeabi-v7a
05-04 19:52:24.150 23054 23054 W ResourcesManager: Asset path '/system/framework/saiv.jar' does not exist or contains no resources.
05-04 19:52:24.250  3256  3269 W ActivityManager: Permission Denial: getCurrentUser() from pid=23054, uid=10002 requires android.permission.INTERACT_ACROSS_USERS
05-04 19:52:24.255  3256  3739 D ActivityManager: startProcessLocked calleePkgName: com.sec.android.app.soundalive, hostingType: broadcast
05-04 19:52:24.255  3256  3739 E ActivityManager: checkUser: useridlist=null, currentuser=0
05-04 19:52:24.255  3256  3739 E ActivityManager: checkUser: useridlist=null, currentuser=0
05-04 19:52:24.255  3256  3739 E ActivityManager: checkUser: useridlist=null, currentuser=0
05-04 19:52:24.255  3256  3739 E ActivityManager: checkUser: useridlist=null, currentuser=0
05-04 19:52:24.275 23071 23071 I libpersona: KNOX_SDCARD checking this for 10044
05-04 19:52:24.275 23071 23071 I libpersona: KNOX_SDCARD not a persona
05-04 19:52:24.280  3256  3739 I ActivityManager: Start proc com.sec.android.app.soundalive for broadcast com.sec.android.app.soundalive/.SAControlPanelReceiver: pid=23071 uid=10044 gids={50044, 9997, 3003, 3002} abi=armeabi-v7a
05-04 19:52:24.310  3256  7218 D CustomFrequencyManagerService: acquireDVFSLockLocked : type : DVFS_MIN_LIMIT  frequency : 1800000  uid : 1000  pid : 3256  pkgName : ACTIVITY_RESUME_BOOSTER@2
05-04 19:52:24.310  3256  7218 W ActivityManager: mDVFSHelper.acquire()
05-04 19:52:24.310  3256  7218 D FocusedStackFrame: Set to : 0
05-04 19:52:24.315  3256  7218 D MultiWindowConverter: dismissGuide() : Before attaching the guide view, mForceDismissGuide : false
05-04 19:52:24.325  3256  3723 E ActivityManager: checkUser: useridlist=null, currentuser=0
05-04 19:52:24.325  3256  3723 E ActivityManager: checkUser: useridlist=null, currentuser=0
05-04 19:52:24.325  3256  3723 E ActivityManager: checkUser: useridlist=null, currentuser=0
05-04 19:52:24.325  3256  3723 E ActivityManager: checkUser: useridlist=null, currentuser=0
05-04 19:52:24.330 23071 23071 W ResourcesManager: Asset path '/system/framework/multiwindow.jar' does not exist or contains no resources.
05-04 19:52:24.335 23086 23086 I libpersona: KNOX_SDCARD checking this for 10360
05-04 19:52:24.335 23086 23086 I libpersona: KNOX_SDCARD not a persona
05-04 19:52:24.335  3256  3723 I ActivityManager: Start proc com.icrealtime.allie for activity com.icrealtime.allie/.ui.activities.PreloaderActivity: pid=23086 uid=10360 gids={50360, 9997, 3002, 3001, 1028, 1015, 3003} abi=armeabi-v7a
05-04 19:52:24.335  3256  3269 W ActivityManager: Permission Denial: getCurrentUser() from pid=23071, uid=10044 requires android.permission.INTERACT_ACROSS_USERS
05-04 19:52:24.340  3724  3724 V ActivityThread: updateVisibility : ActivityRecord{3d49c98f token=android.os.BinderProxy@80dbdce {com.sec.android.app.launcher/com.android.launcher2.Launcher}} show : true
05-04 19:52:24.370  3256  3291 D StatusBarManagerService: manageDisableList userId=0 what=0x0 pkg=WindowManager.LayoutParams
05-04 19:52:24.390  3256  5014 D U       : limitCPUFreq:: freq = -1
05-04 19:52:24.390  3256  5014 D CustomFrequencyManagerService: releaseDVFSLockLocked : Getting Lock type frm List : DVFS_MAX_LIMIT  frequency : 1500000  uid : 1000  pid : 3256  tag : SIOP_ARM_MAX@15
05-04 19:52:24.390  3256  5014 D U       : limitGPUFreq:: freq = -1
05-04 19:52:24.405  3256  7219 W ActivityManager: Permission Denial: getCurrentUser() from pid=23086, uid=10360 requires android.permission.INTERACT_ACROSS_USERS
05-04 19:52:24.415  3724  3724 V ActivityThread: updateVisibility : ActivityRecord{3d49c98f token=android.os.BinderProxy@80dbdce {com.sec.android.app.launcher/com.android.launcher2.Launcher}} show : false
05-04 19:52:24.455  3256  3268 D ActivityManager: retrieveServiceLocked(): component = null; callingUser = 0; userId(target) = 0
05-04 19:52:24.495  3256  3268 W ActivityManager: Permission Denial: getCurrentUser() from pid=23086, uid=10360 requires android.permission.INTERACT_ACROSS_USERS
05-04 19:52:24.510  3256  5292 D CustomFrequencyManagerService: releaseDVFSLockLocked : Getting Lock type frm List : DVFS_MIN_LIMIT  frequency : 1800000  uid : 1000  pid : 3256  tag : ACTIVITY_RESUME_BOOSTER@2
05-04 19:52:24.510  3256  5292 D CustomFrequencyManagerService: acquireDVFSLockLocked : type : DVFS_MIN_LIMIT  frequency : 1800000  uid : 1000  pid : 3256  pkgName : ACTIVITY_RESUME_BOOSTER@2
05-04 19:52:24.510  3256  5292 W ActivityManager: mDVFSHelper.acquire()
05-04 19:52:24.515  3256  3291 D StatusBarManagerService: manageDisableList userId=0 what=0x0 pkg=WindowManager.LayoutParams
05-04 19:52:24.530  3256  3585 W ActivityManager: Permission Denial: getCurrentUser() from pid=23086, uid=10360 requires android.permission.INTERACT_ACROSS_USERS
05-04 19:52:24.530  3256  5292 D ActivityManager: retrieveServiceLocked(): component = null; callingUser = 0; userId(target) = 0
05-04 19:52:24.535  3256  6911 D ActivityManager: startService callerProcessName:com.icrealtime.allie, calleePkgName: com.icrealtime.allie
05-04 19:52:24.535  3256  6911 D ActivityManager: retrieveServiceLocked(): component = com.icrealtime.allie/com.icrealtime.allie.service.BackgroundService; callingUser = 0; userId(target) = 0
05-04 19:52:24.605  3256  3269 D ActivityManager: bindService callerProcessName:com.icrealtime.allie, calleePkgName: com.icrealtime.allie, action: null
05-04 19:52:24.605  3256  3269 D ActivityManager: retrieveServiceLocked(): component = com.icrealtime.allie/com.icrealtime.allie.service.BackgroundService; callingUser = 0; userId(target) = 0
05-04 19:52:24.635  3256  3256 D PersonaManagerService: getPersonasForUser(): returning null!
05-04 19:52:24.640  3256  3269 D MultiWindowConverter: dismissGuide() : Before attaching the guide view, mForceDismissGuide : false
05-04 19:52:24.675  3256 23144 W ContextImpl: Calling a method in the system process without a qualified user: android.app.ContextImpl.sendBroadcast:1698 com.android.server.InputMethodManagerService$6.run:2786 java.lang.Thread.run:818 <bottom of call stack> <bottom of call stack> 
05-04 19:52:24.810  3256  3293 D CustomFrequencyManagerService: releaseDVFSLockLocked : Getting Lock type frm List : DVFS_MIN_LIMIT  frequency : 1800000  uid : 1000  pid : 3256  tag : ACTIVITY_RESUME_BOOSTER@2
05-04 19:52:24.810  3256  3293 W ActivityManager: mDVFSHelper.release()
05-04 19:52:24.810  3256  3287 D CustomFrequencyManagerService: acquireDVFSLockLocked : type : DVFS_MIN_LIMIT  frequency : 1800000  uid : 1000  pid : 3256  pkgName : ACTIVITY_RESUME_BOOSTER@6
05-04 19:52:25.110  3256  3256 D CustomFrequencyManagerService: releaseDVFSLockLocked : Getting Lock type frm List : DVFS_MIN_LIMIT  frequency : 1800000  uid : 1000  pid : 3256  tag : ACTIVITY_RESUME_BOOSTER@6
05-04 19:52:27.660  3256  3723 D CustomFrequencyManagerService: acquireDVFSLockLocked : type : DVFS_MIN_LIMIT  frequency : 1800000  uid : 1000  pid : 3256  pkgName : ACTIVITY_RESUME_BOOSTER@2
05-04 19:52:27.665  3256  3723 W ActivityManager: mDVFSHelper.acquire()
05-04 19:52:27.665  3256  3723 D MultiWindowConverter: dismissGuide() : Before attaching the guide view, mForceDismissGuide : false
05-04 19:52:27.675  3256  5293 W ActivityManager: Permission Denial: getCurrentUser() from pid=23086, uid=10360 requires android.permission.INTERACT_ACROSS_USERS
05-04 19:52:27.680  3256  3723 D ActivityManager: startService callerProcessName:com.icrealtime.allie, calleePkgName: com.icrealtime.allie
05-04 19:52:27.680  3256  3723 D ActivityManager: retrieveServiceLocked(): component = com.icrealtime.allie/com.icrealtime.allie.service.BackgroundService; callingUser = 0; userId(target) = 0
05-04 19:52:27.820  3256  3268 D ActivityManager: bindService callerProcessName:com.icrealtime.allie, calleePkgName: com.icrealtime.allie, action: null
05-04 19:52:27.820  3256  3268 D ActivityManager: retrieveServiceLocked(): component = com.icrealtime.allie/com.icrealtime.allie.service.BackgroundService; callingUser = 0; userId(target) = 0
05-04 19:52:27.835  3256  3256 D PersonaManagerService: getPersonasForUser(): returning null!
05-04 19:52:27.855  3256  7219 D MultiWindowConverter: dismissGuide() : Before attaching the guide view, mForceDismissGuide : false
05-04 19:52:27.855  3256  3291 D StatusBarManagerService: manageDisableList userId=0 what=0x0 pkg=WindowManager.LayoutParams
05-04 19:52:27.860  3256  3291 D StatusBarManagerService: manageDisableList userId=0 what=0x0 pkg=WindowManager.LayoutParams
05-04 19:52:27.985  3256 23158 W ContextImpl: Calling a method in the system process without a qualified user: android.app.ContextImpl.sendBroadcast:1698 com.android.server.InputMethodManagerService$6.run:2786 java.lang.Thread.run:818 <bottom of call stack> <bottom of call stack> 
05-04 19:52:28.270  3256  3293 D CustomFrequencyManagerService: releaseDVFSLockLocked : Getting Lock type frm List : DVFS_MIN_LIMIT  frequency : 1800000  uid : 1000  pid : 3256  tag : ACTIVITY_RESUME_BOOSTER@2
05-04 19:52:28.270  3256  3293 W ActivityManager: mDVFSHelper.release()
05-04 19:52:28.275  3256  3287 D CustomFrequencyManagerService: acquireDVFSLockLocked : type : DVFS_MIN_LIMIT  frequency : 1800000  uid : 1000  pid : 3256  pkgName : ACTIVITY_RESUME_BOOSTER@6
05-04 19:52:28.580  3256  3256 D CustomFrequencyManagerService: releaseDVFSLockLocked : Getting Lock type frm List : DVFS_MIN_LIMIT  frequency : 1800000  uid : 1000  pid : 3256  tag : ACTIVITY_RESUME_BOOSTER@6
05-04 19:52:29.095  3256  3389 D TaskPersister: removeObsoleteFile: deleting file=704_task.xml
05-04 19:52:29.095  3256  3389 D TaskPersister: removeObsoleteFile: deleting file=704_task_thumbnail.png
05-04 19:52:29.575  3256  3269 D BatteryService: !@BatteryListener : batteryPropertiesChanged!
05-04 19:52:29.575  3256  3269 D BatteryService: level:60, scale:100, status:3, health:2, present:true, voltage: 3882, temperature: 390, technology: Li-ion, AC powered:false, USB powered:true, POGO powered:false, Wireless powered:false, icon:17303382, invalid charger:0
05-04 19:52:29.575  3256  3269 D BatteryService: online:4, current avg:260, charge type:2, power sharing:false, high voltage charger:false, capacity:280000, current_now:261
05-04 19:52:29.575  3256  3256 D BatteryService: Sending ACTION_BATTERY_CHANGED.
05-04 19:52:29.585  3672  3672 V EmergencyMode: [EmergencyStateReceiver] onReceive : android.intent.action.BATTERY_CHANGED
05-04 19:52:29.590  3672  3672 V EmergencyMode: [EmergencyStateReceiver] ACTION_BATTERY_CHANGED mBatteryLevelForLogging = 60
05-04 19:52:29.610  3421  3421 D BatteryMeterView: ACTION_BATTERY_CHANGED : level:60 status:3 health:2
05-04 19:52:29.610  3421  3421 D BatteryMeterView: ACTION_BATTERY_CHANGED : level:60 status:3 health:2
05-04 19:52:29.610  3421  3421 D BatteryMeterView: ACTION_BATTERY_CHANGED : level:60 status:3 health:2
05-04 19:52:30.395  3256  5014 D U       : limitCPUFreq:: freq = 1500000
05-04 19:52:30.395  3256  5014 D CustomFrequencyManagerService: acquireDVFSLockLocked : type : DVFS_MAX_LIMIT  frequency : 1500000  uid : 1000  pid : 3256  pkgName : SIOP_ARM_MAX@15
05-04 19:52:30.395  3256  5014 D U       : limitGPUFreq:: freq = 420
05-04 19:52:30.610  3256  5014 D SSRM:n  : SIOP:: AP = 470, PST = 500 (W:26), CUR = 260, LCD = 147
05-04 19:52:34.070  3256  3301 D PackageManager: [MSG] WRITE_PACKAGE_RESTRICTIONS
05-04 19:52:34.865  3256  3351 D ActivityManager: retrieveServiceLocked(): component = null; callingUser = 0; userId(target) = 0
05-04 19:52:39.125  3256  3723 D CustomFrequencyManagerService: acquireDVFSLockLocked : type : DVFS_MIN_LIMIT  frequency : 1800000  uid : 1000  pid : 3256  pkgName : ACTIVITY_RESUME_BOOSTER@2
05-04 19:52:39.130  3256  3723 W ActivityManager: mDVFSHelper.acquire()
05-04 19:52:39.130  3256  3723 D MultiWindowConverter: dismissGuide() : Before attaching the guide view, mForceDismissGuide : false
05-04 19:52:39.155  3256  5293 W ActivityManager: Permission Denial: getCurrentUser() from pid=23086, uid=10360 requires android.permission.INTERACT_ACROSS_USERS
05-04 19:52:39.160  3256  6937 D ActivityManager: startService callerProcessName:com.icrealtime.allie, calleePkgName: com.icrealtime.allie
05-04 19:52:39.160  3256  6937 D ActivityManager: retrieveServiceLocked(): component = com.icrealtime.allie/com.icrealtime.allie.service.BackgroundService; callingUser = 0; userId(target) = 0
05-04 19:52:39.235  3256  3351 D ActivityManager: bindService callerProcessName:com.icrealtime.allie, calleePkgName: com.icrealtime.allie, action: null
05-04 19:52:39.235  3256  3351 D ActivityManager: retrieveServiceLocked(): component = com.icrealtime.allie/com.icrealtime.allie.service.BackgroundService; callingUser = 0; userId(target) = 0
05-04 19:52:39.240  3256  3256 D PersonaManagerService: getPersonasForUser(): returning null!
05-04 19:52:39.255  3256  5292 D MultiWindowConverter: dismissGuide() : Before attaching the guide view, mForceDismissGuide : false
05-04 19:52:39.255  3256  3291 D StatusBarManagerService: manageDisableList userId=0 what=0x0 pkg=WindowManager.LayoutParams
05-04 19:52:39.260  3256  3291 D StatusBarManagerService: manageDisableList userId=0 what=0x0 pkg=WindowManager.LayoutParams
05-04 19:52:39.320  3256 23173 W ContextImpl: Calling a method in the system process without a qualified user: android.app.ContextImpl.sendBroadcast:1698 com.android.server.InputMethodManagerService$6.run:2786 java.lang.Thread.run:818 <bottom of call stack> <bottom of call stack> 
05-04 19:52:39.575  3256  6937 D BatteryService: !@BatteryListener : batteryPropertiesChanged!
05-04 19:52:39.575  3256  6937 D BatteryService: level:60, scale:100, status:3, health:2, present:true, voltage: 3878, temperature: 392, technology: Li-ion, AC powered:false, USB powered:true, POGO powered:false, Wireless powered:false, icon:17303382, invalid charger:0
05-04 19:52:39.575  3256  6937 D BatteryService: online:4, current avg:92, charge type:2, power sharing:false, high voltage charger:false, capacity:280000, current_now:93
05-04 19:52:39.575  3256  3256 D BatteryService: Sending ACTION_BATTERY_CHANGED.
05-04 19:52:39.580  3672  3672 V EmergencyMode: [EmergencyStateReceiver] onReceive : android.intent.action.BATTERY_CHANGED
05-04 19:52:39.580  3672  3672 V EmergencyMode: [EmergencyStateReceiver] ACTION_BATTERY_CHANGED mBatteryLevelForLogging = 60
05-04 19:52:39.590  3421  3421 D BatteryMeterView: ACTION_BATTERY_CHANGED : level:60 status:3 health:2
05-04 19:52:39.590  3421  3421 D BatteryMeterView: ACTION_BATTERY_CHANGED : level:60 status:3 health:2
05-04 19:52:39.590  3421  3421 D BatteryMeterView: ACTION_BATTERY_CHANGED : level:60 status:3 health:2
05-04 19:52:39.605  3256  3293 D CustomFrequencyManagerService: releaseDVFSLockLocked : Getting Lock type frm List : DVFS_MIN_LIMIT  frequency : 1800000  uid : 1000  pid : 3256  tag : ACTIVITY_RESUME_BOOSTER@2
05-04 19:52:39.605  3256  3293 W ActivityManager: mDVFSHelper.release()
