05-04 19:50:56.035  3256  3323 E SmartFaceService: mFolderCoverOpened: (true, true) -> true
05-04 19:50:56.265  3421  3421 D STATUSBAR-QSTileView: dynamicallyReduceTextSize: 148
05-04 19:50:56.265  3421  3421 D STATUSBAR-QSTileView: dynamicallyReduceTextSize: 148
05-04 19:50:56.265  3421  3421 D STATUSBAR-QSTileView: dynamicallyCutandReduceTextSize: 148
05-04 19:50:56.265  3421  3421 D STATUSBAR-QSTileView: text: Sound
05-04 19:50:56.265  3421  3421 D STATUSBAR-QSTileView: dynamicallyReduceTextSize: 148
05-04 19:50:56.265  3421  3421 D STATUSBAR-QSTileView: dynamicallyReduceTextSize: 148
05-04 19:50:56.265  3421  3421 D STATUSBAR-QSTileView: dynamicallyReduceTextSize: 148
05-04 19:50:56.265  3421  3421 D STATUSBAR-QSTileView: dynamicallyReduceTextSize: 148
05-04 19:50:56.265  3421  3421 D STATUSBAR-QSTileView: dynamicallyReduceTextSize: 148
05-04 19:50:56.265  3421  3421 D STATUSBAR-QSTileView: dynamicallyReduceTextSize: 148
05-04 19:50:56.265  3421  3421 D STATUSBAR-QSTileView: dynamicallyReduceTextSize: 148
05-04 19:50:56.265  3421  3421 D STATUSBAR-QSTileView: dynamicallyReduceTextSize: 148
05-04 19:50:56.270  3421  3421 D STATUSBAR-QSTileView: dynamicallyReduceTextSize: 148
05-04 19:50:56.270  3421  3421 D STATUSBAR-QSTileView: dynamicallyReduceTextSize: 148
05-04 19:50:56.270  3421  3421 D STATUSBAR-QSTileView: dynamicallyReduceTextSize: 148
05-04 19:50:56.290  3421  3421 D STATUSBAR-QSTileView: dynamicallyReduceTextSize: 0
05-04 19:50:56.295  3421  3421 D STATUSBAR-QSTileView: dynamicallyReduceTextSize: 0
05-04 19:50:56.295  3421  3421 D STATUSBAR-QSTileView: dynamicallyReduceTextSize: 0
05-04 19:50:56.295  3421  3421 D STATUSBAR-QSTileView: dynamicallyReduceTextSize: 0
05-04 19:50:56.300  3421  3421 D STATUSBAR-QSTileView: dynamicallyReduceTextSize: 0
05-04 19:50:56.300  3421  3421 D STATUSBAR-QSTileView: dynamicallyReduceTextSize: 0
05-04 19:50:56.300  3421  3421 D STATUSBAR-QSTileView: dynamicallyReduceTextSize: 0
05-04 19:50:56.305  3421  3421 D STATUSBAR-QSTileView: dynamicallyReduceTextSize: 0
05-04 19:50:56.305  3421  3421 D STATUSBAR-QSTileView: dynamicallyReduceTextSize: 0
05-04 19:50:56.305  3256  7219 D ActivityManager: retrieveServiceLocked(): component = null; callingUser = 0; userId(target) = 0
05-04 19:50:56.305  3421  3421 D STATUSBAR-QSTileView: dynamicallyReduceTextSize: 0
05-04 19:50:56.305  3421  3421 D STATUSBAR-QSTileView: dynamicallyReduceTextSize: 0
05-04 19:50:56.310  3421  3421 D STATUSBAR-QSTileView: dynamicallyReduceTextSize: 0
05-04 19:50:56.310  3421  3421 D STATUSBAR-QSTileView: dynamicallyReduceTextSize: 0
05-04 19:50:56.320  3421  3421 D STATUSBAR-QSTileView: dynamicallyReduceTextSize: 0
05-04 19:50:56.400  3256  3293 I WindowManager: Screen frozen for +445ms due to Window{36c5fbb2 u0 StatusBar}
05-04 19:50:56.845  3256  3293 V WindowManager: rotationForOrientationLw(orient=-1, last=0); user=0 USER_ROTATION_LOCKED sensorRotation=-1 mLidState=-1 mDockMode=0 mHdmiPlugged=false
05-04 19:50:57.955  3256  3256 D CustomFrequencyManagerService: releaseDVFSLockLocked : Getting Lock type frm List : DVFS_MIN_LIMIT  frequency : 1900000  uid : 1000  pid : 3256  tag : ROTATION_BOOSTER@30
05-04 19:50:58.145  3256  6911 I NotificationService: cancelToast pkg=com.icrealtime.allie callback=android.app.ITransientNotification$Stub$Proxy@108cfd0a
05-04 19:50:58.320  3256  5293 D CustomFrequencyManagerService: acquireDVFSLockLocked : type : DVFS_MIN_LIMIT  frequency : 1800000  uid : 1000  pid : 3256  pkgName : ACTIVITY_RESUME_BOOSTER@2
05-04 19:50:58.325  3256  5293 W ActivityManager: mDVFSHelper.acquire()
05-04 19:50:58.355  3256  6937 D ActivityManager: bindService callerProcessName:com.icrealtime.allie, calleePkgName: com.icrealtime.allie, action: null
05-04 19:50:58.355  3256  6937 D ActivityManager: retrieveServiceLocked(): component = com.icrealtime.allie/com.icrealtime.allie.service.BackgroundService; callingUser = 0; userId(target) = 0
05-04 19:50:58.365  3256  3256 D PersonaManagerService: getPersonasForUser(): returning null!
05-04 19:50:58.370  3256  7219 D MultiWindowConverter: dismissGuide() : Before attaching the guide view, mForceDismissGuide : false
05-04 19:50:58.370  3256  3291 D StatusBarManagerService: manageDisableList userId=0 what=0x0 pkg=WindowManager.LayoutParams
05-04 19:50:58.370  3256  3291 D StatusBarManagerService: manageDisableList userId=0 what=0x0 pkg=WindowManager.LayoutParams
05-04 19:50:58.430  3256 22267 W ContextImpl: Calling a method in the system process without a qualified user: android.app.ContextImpl.sendBroadcast:1698 com.android.server.InputMethodManagerService$6.run:2786 java.lang.Thread.run:818 <bottom of call stack> <bottom of call stack> 
05-04 19:50:58.710  3256  3293 D CustomFrequencyManagerService: releaseDVFSLockLocked : Getting Lock type frm List : DVFS_MIN_LIMIT  frequency : 1800000  uid : 1000  pid : 3256  tag : ACTIVITY_RESUME_BOOSTER@2
05-04 19:50:58.710  3256  3293 W ActivityManager: mDVFSHelper.release()
05-04 19:50:58.725  3256  3287 D CustomFrequencyManagerService: acquireDVFSLockLocked : type : DVFS_MIN_LIMIT  frequency : 1800000  uid : 1000  pid : 3256  pkgName : ACTIVITY_RESUME_BOOSTER@6
05-04 19:50:58.815  3256  3353 V NetworkStats: performPollLocked(flags=0x1)
05-04 19:50:58.850  3256  3353 V NetworkStats: performPollLocked() took 27ms
05-04 19:50:59.000  3256  7218 D ActivityManager: retrieveServiceLocked(): component = null; callingUser = 0; userId(target) = 0
05-04 19:50:59.000  3256  3268 D ActivityManager: retrieveServiceLocked(): component = null; callingUser = 0; userId(target) = 0
05-04 19:50:59.025  3256  3256 D CustomFrequencyManagerService: releaseDVFSLockLocked : Getting Lock type frm List : DVFS_MIN_LIMIT  frequency : 1800000  uid : 1000  pid : 3256  tag : ACTIVITY_RESUME_BOOSTER@6
05-04 19:50:59.460  3256  3526 D BatteryService: !@BatteryListener : batteryPropertiesChanged!
05-04 19:50:59.460  3256  3526 D BatteryService: level:60, scale:100, status:3, health:2, present:true, voltage: 3867, temperature: 405, technology: Li-ion, AC powered:false, USB powered:true, POGO powered:false, Wireless powered:false, icon:17303382, invalid charger:0
05-04 19:50:59.460  3256  3526 D BatteryService: online:4, current avg:-1464, charge type:2, power sharing:false, high voltage charger:false, capacity:280000, current_now:-1464
05-04 19:50:59.460  3256  3256 D BatteryService: Sending ACTION_BATTERY_CHANGED.
05-04 19:50:59.465  3672  3672 V EmergencyMode: [EmergencyStateReceiver] onReceive : android.intent.action.BATTERY_CHANGED
05-04 19:50:59.465  3672  3672 V EmergencyMode: [EmergencyStateReceiver] ACTION_BATTERY_CHANGED mBatteryLevelForLogging = 60
05-04 19:50:59.475  3421  3421 D BatteryMeterView: ACTION_BATTERY_CHANGED : level:60 status:3 health:2
05-04 19:50:59.490  3421  3421 D BatteryMeterView: ACTION_BATTERY_CHANGED : level:60 status:3 health:2
05-04 19:50:59.490  3421  3421 D BatteryMeterView: ACTION_BATTERY_CHANGED : level:60 status:3 health:2
05-04 19:50:59.635  3256  5292 I NotificationService: cancelToast pkg=com.icrealtime.allie callback=android.app.ITransientNotification$Stub$Proxy@192b2429
05-04 19:50:59.665  3256  6937 D PowerManagerService: [api] [s] userActivity : event: 0 flags: 0 (uid: 1000 pid: 3256) eventTime = 28348371
05-04 19:50:59.665  3256  6937 D PowerManagerService: [api] release WakeLock flags=0x2000000a tag=WindowManager uid=1000 pid=3256 (0x0)
05-04 19:50:59.665  3256  6937 D PowerManagerService: [api] applyWakeLockFlagsOnReleaseLocked : userActivityNoUpdateLocked is called : SCREEN_BRIGHT_WAKE_LOCK        'WindowManager' ON_AFTER_RELEASE (uid=1000, pid=3256, ws=WorkSource{10360}) (elapsedTime=40998)
05-04 19:50:59.780  3256  3268 D CustomFrequencyManagerService: acquireDVFSLockLocked : type : DVFS_MIN_LIMIT  frequency : 1800000  uid : 1000  pid : 3256  pkgName : ACTIVITY_RESUME_BOOSTER@2
05-04 19:50:59.780  3256  3268 W ActivityManager: mDVFSHelper.acquire()
05-04 19:50:59.785  3256  3268 D MultiWindowConverter: dismissGuide() : Before attaching the guide view, mForceDismissGuide : false
05-04 19:50:59.795  3256  3585 W ActivityManager: Permission Denial: getCurrentUser() from pid=15011, uid=10360 requires android.permission.INTERACT_ACROSS_USERS
05-04 19:50:59.800  3256  6922 D ActivityManager: startService callerProcessName:com.icrealtime.allie, calleePkgName: com.icrealtime.allie
05-04 19:50:59.800  3256  6922 D ActivityManager: retrieveServiceLocked(): component = com.icrealtime.allie/com.icrealtime.allie.service.BackgroundService; callingUser = 0; userId(target) = 0
05-04 19:50:59.835  3256  3585 D ActivityManager: bindService callerProcessName:com.icrealtime.allie, calleePkgName: com.icrealtime.allie, action: null
05-04 19:50:59.835  3256  3585 D ActivityManager: retrieveServiceLocked(): component = com.icrealtime.allie/com.icrealtime.allie.service.BackgroundService; callingUser = 0; userId(target) = 0
05-04 19:50:59.840  3256  3256 D PersonaManagerService: getPersonasForUser(): returning null!
05-04 19:50:59.845  3256  3268 D MultiWindowConverter: dismissGuide() : Before attaching the guide view, mForceDismissGuide : false
05-04 19:50:59.845  3256  3291 D StatusBarManagerService: manageDisableList userId=0 what=0x0 pkg=WindowManager.LayoutParams
05-04 19:50:59.845  3256  3291 D StatusBarManagerService: manageDisableList userId=0 what=0x0 pkg=WindowManager.LayoutParams
05-04 19:50:59.910  3256  3293 D PowerManagerService: [api] acquire WakeLock flags=0x2000000a tag=WindowManager uid=1000 pid=3256
05-04 19:50:59.915  3256 22304 W ContextImpl: Calling a method in the system process without a qualified user: android.app.ContextImpl.sendBroadcast:1698 com.android.server.InputMethodManagerService$6.run:2786 java.lang.Thread.run:818 <bottom of call stack> <bottom of call stack> 
05-04 19:50:59.995  3256  3327 V AlarmManager: waitForAlarm result :8
05-04 19:51:00.195  3256  3293 D CustomFrequencyManagerService: releaseDVFSLockLocked : Getting Lock type frm List : DVFS_MIN_LIMIT  frequency : 1800000  uid : 1000  pid : 3256  tag : ACTIVITY_RESUME_BOOSTER@2
05-04 19:51:00.200  3256  3293 W ActivityManager: mDVFSHelper.release()
05-04 19:51:00.215  3256  3287 D CustomFrequencyManagerService: acquireDVFSLockLocked : type : DVFS_MIN_LIMIT  frequency : 1800000  uid : 1000  pid : 3256  pkgName : ACTIVITY_RESUME_BOOSTER@6
05-04 19:51:00.215 15011 15011 V ActivityThread: updateVisibility : ActivityRecord{342b6a0b token=android.os.BinderProxy@f7af9f2 {com.icrealtime.allie/com.icrealtime.allie.ui.activities.MainActivity}} show : false
05-04 19:51:00.380  3256  5014 D SSRM:n  : SIOP:: AP = 570, PST = 492 (W:10), CUR = -1464, LCD = 147
05-04 19:51:00.520  3256  3256 D CustomFrequencyManagerService: releaseDVFSLockLocked : Getting Lock type frm List : DVFS_MIN_LIMIT  frequency : 1800000  uid : 1000  pid : 3256  tag : ACTIVITY_RESUME_BOOSTER@6
05-04 19:51:00.755  3256  5293 D ActivityManager: retrieveServiceLocked(): component = null; callingUser = 0; userId(target) = 0
05-04 19:51:00.765  3256  7218 D ActivityManager: retrieveServiceLocked(): component = null; callingUser = 0; userId(target) = 0
05-04 19:51:03.305  3256  6922 D ActivityManager: retrieveServiceLocked(): component = null; callingUser = 0; userId(target) = 0
05-04 19:51:05.145  3256  3524 D ActivityManager: retrieveServiceLocked(): component = null; callingUser = 0; userId(target) = 0
05-04 19:51:06.065  3256  3268 D ActivityManager: retrieveServiceLocked(): component = null; callingUser = 0; userId(target) = 0
05-04 19:51:09.140  3256  5292 D ActivityManager: retrieveServiceLocked(): component = null; callingUser = 0; userId(target) = 0
05-04 19:51:09.465  3256  5293 D BatteryService: !@BatteryListener : batteryPropertiesChanged!
05-04 19:51:09.465  3256  5293 D BatteryService: level:60, scale:100, status:3, health:2, present:true, voltage: 3792, temperature: 414, technology: Li-ion, AC powered:false, USB powered:true, POGO powered:false, Wireless powered:false, icon:17303382, invalid charger:0
05-04 19:51:09.465  3256  5293 D BatteryService: online:4, current avg:-1296, charge type:2, power sharing:false, high voltage charger:false, capacity:280000, current_now:-1296
05-04 19:51:09.465  3256  3256 D BatteryService: Sending ACTION_BATTERY_CHANGED.
05-04 19:51:09.475  3672  3672 V EmergencyMode: [EmergencyStateReceiver] onReceive : android.intent.action.BATTERY_CHANGED
05-04 19:51:09.475  3672  3672 V EmergencyMode: [EmergencyStateReceiver] ACTION_BATTERY_CHANGED mBatteryLevelForLogging = 60
05-04 19:51:09.490  3421  3421 D BatteryMeterView: ACTION_BATTERY_CHANGED : level:60 status:3 health:2
05-04 19:51:09.490  3421  3421 D BatteryMeterView: ACTION_BATTERY_CHANGED : level:60 status:3 health:2
05-04 19:51:09.490  3421  3421 D BatteryMeterView: ACTION_BATTERY_CHANGED : level:60 status:3 health:2
05-04 19:51:10.460  3256  5014 D SSRM:n  : SIOP:: AP = 560, PST = 501 (W:10), CUR = -1296, LCD = 147
05-04 19:51:12.420  3256  3268 D CustomFrequencyManagerService: acquireDVFSLockLocked : type : DVFS_MIN_LIMIT  frequency : 1800000  uid : 1000  pid : 3256  pkgName : ACTIVITY_RESUME_BOOSTER@2
05-04 19:51:12.420  3256  3268 W ActivityManager: mDVFSHelper.acquire()
05-04 19:51:12.425  3256  3268 D MultiWindowConverter: dismissGuide() : Before attaching the guide view, mForceDismissGuide : false
05-04 19:51:12.465  3256  5293 W ActivityManager: Permission Denial: getCurrentUser() from pid=15011, uid=10360 requires android.permission.INTERACT_ACROSS_USERS
05-04 19:51:12.500  3256  3256 D PersonaManagerService: getPersonasForUser(): returning null!
05-04 19:51:12.505  3256  3585 D MultiWindowConverter: dismissGuide() : Before attaching the guide view, mForceDismissGuide : false
05-04 19:51:12.505  3256  3291 D StatusBarManagerService: manageDisableList userId=0 what=0x0 pkg=WindowManager.LayoutParams
05-04 19:51:12.610  3256  3739 D ActivityManager: bindService callerProcessName:android, calleePkgName: com.sec.android.inputmethod, action: android.view.InputMethod
05-04 19:51:12.610  3256  3739 D ActivityManager: retrieveServiceLocked(): component = com.sec.android.inputmethod/com.sec.android.inputmethod.SamsungKeypad; callingUser = 0; userId(target) = 0
05-04 19:51:12.625  3256  3739 I MultiPhoneWindowManager: Changed -> mCurrentInputMethodTarget : Window{956f13c u0 com.icrealtime.allie/com.icrealtime.allie.ui.activities.ShareActivity}
05-04 19:51:12.650  3256  3739 D CustomFrequencyManagerService: acquireDVFSLockLocked : type : DVFS_MIN_LIMIT  frequency : 1700000  uid : 1000  pid : 3256  pkgName : com.sec.android.inputmethod@1
05-04 19:51:12.850  4053  4053 W ContextImpl: Calling a method in the system process without a qualified user: android.app.ContextImpl.sendBroadcast:1698 android.content.ContextWrapper.sendBroadcast:391 com.ime.framework.common.InputManagerImpl.sendBroadcaseSIPShown:9947 com.ime.framework.common.InputManagerImpl.startInputView:3692 com.sec.android.inputmethod.SamsungKeypad.onStartInputView:445 
05-04 19:51:12.865  4053  4053 W ContextImpl: Calling a method in the system process without a qualified user: android.app.ContextImpl.sendBroadcast:1698 android.content.ContextWrapper.sendBroadcast:391 android.inputmethodservice.InputMethodService.sendInputViewShownState:424 android.inputmethodservice.InputMethodService.showWindow:2021 android.inputmethodservice.InputMethodService$InputMethodImpl.showSoftInput:648 
05-04 19:51:12.865  4053 22666 W ContextImpl: Calling a method in the system process without a qualified user: android.app.ContextImpl.sendBroadcast:1698 android.content.ContextWrapper.sendBroadcast:391 android.inputmethodservice.InputMethodService$4.run:3277 java.lang.Thread.run:818 <bottom of call stack> 
05-04 19:51:12.865  3256  5014 D SSRM:a  : DeviceInfo:: 000000000000
05-04 19:51:12.865  3256  5014 D SSRM:a  : SettingsAirViewInfo:: 000000000
05-04 19:51:12.885  3256  3256 I ValidateNoPeople: skipping global notification
05-04 19:51:12.885  3256  3256 W NotificationService: Pray mode not found android.content.pm.PackageManager$NameNotFoundException: Application package com.sec.android.settings.praymodewidget not found
05-04 19:51:12.915  3256  3293 D CustomFrequencyManagerService: releaseDVFSLockLocked : Getting Lock type frm List : DVFS_MIN_LIMIT  frequency : 1800000  uid : 1000  pid : 3256  tag : ACTIVITY_RESUME_BOOSTER@2
05-04 19:51:12.915  3256  3293 W ActivityManager: mDVFSHelper.release()
05-04 19:51:12.920  3256  3287 D CustomFrequencyManagerService: acquireDVFSLockLocked : type : DVFS_MIN_LIMIT  frequency : 1800000  uid : 1000  pid : 3256  pkgName : ACTIVITY_RESUME_BOOSTER@6
05-04 19:51:13.050  3256  7218 D CustomFrequencyManagerService: releaseDVFSLockLocked : Getting Lock type frm List : DVFS_MIN_LIMIT  frequency : 1700000  uid : 1000  pid : 3256  tag : com.sec.android.inputmethod@1
05-04 19:51:13.220  3256  3256 D CustomFrequencyManagerService: releaseDVFSLockLocked : Getting Lock type frm List : DVFS_MIN_LIMIT  frequency : 1800000  uid : 1000  pid : 3256  tag : ACTIVITY_RESUME_BOOSTER@6
05-04 19:51:14.715  3256  6922 V VibratorService: hasVibrator - useVibetonz: false
05-04 19:51:14.715  4053  4053 W ContextImpl: Calling a method in the system process without a qualified user: android.app.ContextImpl.sendBroadcast:1698 android.content.ContextWrapper.sendBroadcast:391 android.inputmethodservice.InputMethodService.sendInputViewShownState:424 android.inputmethodservice.InputMethodService.showWindow:2021 android.inputmethodservice.InputMethodService$InputMethodImpl.showSoftInput:648 
05-04 19:51:14.720  4053 22681 W ContextImpl: Calling a method in the system process without a qualified user: android.app.ContextImpl.sendBroadcast:1698 android.content.ContextWrapper.sendBroadcast:391 android.inputmethodservice.InputMethodService$4.run:3277 java.lang.Thread.run:818 <bottom of call stack> 
05-04 19:51:14.720  3256  5014 D SSRM:a  : DeviceInfo:: 000000000000
05-04 19:51:14.720  3256  5014 D SSRM:a  : SettingsAirViewInfo:: 000000000
05-04 19:51:14.725  3256  3256 I ValidateNoPeople: skipping global notification
05-04 19:51:14.730  3256  3256 W NotificationService: Pray mode not found android.content.pm.PackageManager$NameNotFoundException: Application package com.sec.android.settings.praymodewidget not found
05-04 19:51:14.975  3256  3351 D ActivityManager: retrieveServiceLocked(): component = null; callingUser = 0; userId(target) = 0
05-04 19:51:15.635  3256  3566 E Watchdog: !@Sync 945 [05-04 19:51:15.640]
05-04 19:51:16.510  3256  3328 D PowerManagerService: [api] userActivityFromNative : 4050 (event: 1 flags: 0) eventTime = 28365216
05-04 19:51:17.450  4053  4053 W ContextImpl: Calling a method in the system process without a qualified user: android.app.ContextImpl.sendBroadcast:1698 android.content.ContextWrapper.sendBroadcast:391 android.inputmethodservice.InputMethodService.sendInputViewShownState:424 android.inputmethodservice.InputMethodService.showWindow:2021 android.inputmethodservice.InputMethodService$InputMethodImpl.showSoftInput:648 
05-04 19:51:17.455  4053 22684 W ContextImpl: Calling a method in the system process without a qualified user: android.app.ContextImpl.sendBroadcast:1698 android.content.ContextWrapper.sendBroadcast:391 android.inputmethodservice.InputMethodService$4.run:3277 java.lang.Thread.run:818 <bottom of call stack> 
05-04 19:51:17.455  3256  5014 D SSRM:a  : DeviceInfo:: 000000000000
05-04 19:51:17.455  3256  5014 D SSRM:a  : SettingsAirViewInfo:: 000000000
05-04 19:51:17.460  3256  3256 I ValidateNoPeople: skipping global notification
05-04 19:51:17.460  3256  3256 W NotificationService: Pray mode not found android.content.pm.PackageManager$NameNotFoundException: Application package com.sec.android.settings.praymodewidget not found
05-04 19:51:19.480  3256  6937 D BatteryService: !@BatteryListener : batteryPropertiesChanged!
05-04 19:51:19.480  3256  6937 D BatteryService: level:60, scale:100, status:3, health:2, present:true, voltage: 3863, temperature: 405, technology: Li-ion, AC powered:false, USB powered:true, POGO powered:false, Wireless powered:false, icon:17303382, invalid charger:0
05-04 19:51:19.480  3256  6937 D BatteryService: online:4, current avg:-120, charge type:2, power sharing:false, high voltage charger:false, capacity:280000, current_now:-121
05-04 19:51:19.480  3256  3256 D BatteryService: Sending ACTION_BATTERY_CHANGED.
05-04 19:51:19.495  3672  3672 V EmergencyMode: [EmergencyStateReceiver] onReceive : android.intent.action.BATTERY_CHANGED
05-04 19:51:19.495  3672  3672 V EmergencyMode: [EmergencyStateReceiver] ACTION_BATTERY_CHANGED mBatteryLevelForLogging = 60
05-04 19:51:19.510  3421  3421 D BatteryMeterView: ACTION_BATTERY_CHANGED : level:60 status:3 health:2
05-04 19:51:19.510  3421  3421 D BatteryMeterView: ACTION_BATTERY_CHANGED : level:60 status:3 health:2
05-04 19:51:19.510  3421  3421 D BatteryMeterView: ACTION_BATTERY_CHANGED : level:60 status:3 health:2
05-04 19:51:19.925  3256  6922 D ActivityManager: bindService callerProcessName:android, calleePkgName: com.sec.android.inputmethod, action: android.service.textservice.SpellCheckerService
05-04 19:51:19.925  3256  6922 D ActivityManager: retrieveServiceLocked(): component = com.sec.android.inputmethod/com.ime.framework.spellcheckservice.SamsungIMESpellCheckerService; callingUser = 0; userId(target) = 0
05-04 19:51:20.470  3256  5014 D SSRM:n  : SIOP:: AP = 530, PST = 507 (W:16), CUR = -120, LCD = 147
05-04 19:51:22.675  4053  4053 W ContextImpl: Calling a method in the system process without a qualified user: android.app.ContextImpl.sendBroadcast:1698 android.content.ContextWrapper.sendBroadcast:391 com.ime.framework.common.InputManagerImpl.sendBroadcaseSIPShown:9947 com.ime.framework.common.InputManagerImpl.startInputView:3692 com.sec.android.inputmethod.SamsungKeypad.onStartInputView:445 
05-04 19:51:22.675  4053  4053 W ContextImpl: Calling a method in the system process without a qualified user: android.app.ContextImpl.sendBroadcast:1698 android.content.ContextWrapper.sendBroadcast:391 android.inputmethodservice.InputMethodService.sendInputViewShownState:424 android.inputmethodservice.InputMethodService.showWindow:2021 android.inputmethodservice.InputMethodService$InputMethodImpl.showSoftInput:648 
05-04 19:51:22.680  4053 22690 W ContextImpl: Calling a method in the system process without a qualified user: android.app.ContextImpl.sendBroadcast:1698 android.content.ContextWrapper.sendBroadcast:391 android.inputmethodservice.InputMethodService$4.run:3277 java.lang.Thread.run:818 <bottom of call stack> 
05-04 19:51:22.680  3256  5014 D SSRM:a  : DeviceInfo:: 000000000000
05-04 19:51:22.680  3256  5014 D SSRM:a  : SettingsAirViewInfo:: 000000000
05-04 19:51:22.690  3256  3256 I ValidateNoPeople: skipping global notification
05-04 19:51:22.690  3256  3256 W NotificationService: Pray mode not found android.content.pm.PackageManager$NameNotFoundException: Application package com.sec.android.settings.praymodewidget not found
05-04 19:51:22.690  4053  4053 W ContextImpl: Calling a method in the system process without a qualified user: android.app.ContextImpl.sendBroadcast:1698 android.content.ContextWrapper.sendBroadcast:391 android.inputmethodservice.InputMethodService.sendInputViewShownState:424 android.inputmethodservice.InputMethodService.showWindow:2021 android.inputmethodservice.InputMethodService$InputMethodImpl.showSoftInput:648 
05-04 19:51:22.695  4053 22692 W ContextImpl: Calling a method in the system process without a qualified user: android.app.ContextImpl.sendBroadcast:1698 android.content.ContextWrapper.sendBroadcast:391 android.inputmethodservice.InputMethodService$4.run:3277 java.lang.Thread.run:818 <bottom of call stack> 
05-04 19:51:22.695  3256  5014 D SSRM:a  : DeviceInfo:: 000000000000
05-04 19:51:22.695  3256  5014 D SSRM:a  : SettingsAirViewInfo:: 000000000
05-04 19:51:22.700  3256  3256 I ValidateNoPeople: skipping global notification
05-04 19:51:22.705  3256  3256 W NotificationService: Pray mode not found android.content.pm.PackageManager$NameNotFoundException: Application package com.sec.android.settings.praymodewidget not found
05-04 19:51:25.730  3256  5293 D ActivityManager: retrieveServiceLocked(): component = null; callingUser = 0; userId(target) = 0
05-04 19:51:25.740  3256  3328 D PowerManagerService: [api] userActivityFromNative : 4060 (event: 2 flags: 0) eventTime = 28374444
05-04 19:51:25.745  3256  5292 V VibratorService: hasVibrator - useVibetonz: false
05-04 19:51:25.745  4053  4053 W ContextImpl: Calling a method in the system process without a qualified user: android.app.ContextImpl.sendBroadcast:1698 android.content.ContextWrapper.sendBroadcast:391 android.inputmethodservice.InputMethodService.sendInputViewShownState:424 android.inputmethodservice.InputMethodService.showWindow:2021 android.inputmethodservice.InputMethodService$InputMethodImpl.showSoftInput:648 
05-04 19:51:25.750  3256  5014 D SSRM:a  : DeviceInfo:: 000000000000
05-04 19:51:25.750  3256  5014 D SSRM:a  : SettingsAirViewInfo:: 000000000
05-04 19:51:25.750  4053 22694 W ContextImpl: Calling a method in the system process without a qualified user: android.app.ContextImpl.sendBroadcast:1698 android.content.ContextWrapper.sendBroadcast:391 android.inputmethodservice.InputMethodService$4.run:3277 java.lang.Thread.run:818 <bottom of call stack> 
05-04 19:51:25.760  3256  3256 I ValidateNoPeople: skipping global notification
05-04 19:51:25.760  3256  3256 W NotificationService: Pray mode not found android.content.pm.PackageManager$NameNotFoundException: Application package com.sec.android.settings.praymodewidget not found
05-04 19:51:26.035  3256  3351 D ActivityManager: retrieveServiceLocked(): component = null; callingUser = 0; userId(target) = 0
05-04 19:51:29.490  3256  3268 D BatteryService: !@BatteryListener : batteryPropertiesChanged!
05-04 19:51:29.490  3256  3268 D BatteryService: level:60, scale:100, status:3, health:2, present:true, voltage: 3867, temperature: 402, technology: Li-ion, AC powered:false, USB powered:true, POGO powered:false, Wireless powered:false, icon:17303382, invalid charger:0
05-04 19:51:29.490  3256  3268 D BatteryService: online:4, current avg:-256, charge type:2, power sharing:false, high voltage charger:false, capacity:280000, current_now:-257
05-04 19:51:29.490  3256  3256 D BatteryService: Sending ACTION_BATTERY_CHANGED.
05-04 19:51:29.500  3672  3672 V EmergencyMode: [EmergencyStateReceiver] onReceive : android.intent.action.BATTERY_CHANGED
05-04 19:51:29.505  3672  3672 V EmergencyMode: [EmergencyStateReceiver] ACTION_BATTERY_CHANGED mBatteryLevelForLogging = 60
05-04 19:51:29.525  3421  3421 D BatteryMeterView: ACTION_BATTERY_CHANGED : level:60 status:3 health:2
05-04 19:51:29.525  3421  3421 D BatteryMeterView: ACTION_BATTERY_CHANGED : level:60 status:3 health:2
05-04 19:51:29.525  3421  3421 D BatteryMeterView: ACTION_BATTERY_CHANGED : level:60 status:3 health:2
05-04 19:51:30.475  3256  5014 D SSRM:n  : SIOP:: AP = 500, PST = 517 (W:22), CUR = -256, LCD = 147
05-04 19:51:30.475  3256  5014 D U       : limitCPUFreq:: freq = 1500000
05-04 19:51:30.475  3256  5014 D CustomFrequencyManagerService: releaseDVFSLockLocked : Getting Lock type frm List : DVFS_MAX_LIMIT  frequency : 1700000  uid : 1000  pid : 3256  tag : SIOP_ARM_MAX@15
05-04 19:51:30.475  3256  5014 D CustomFrequencyManagerService: acquireDVFSLockLocked : type : DVFS_MAX_LIMIT  frequency : 1500000  uid : 1000  pid : 3256  pkgName : SIOP_ARM_MAX@15
05-04 19:51:30.480  3256  5014 D U       : limitGPUFreq:: freq = 420
05-04 19:51:30.480  3256  5014 D U       : limitSmartBonding:: limit = true
05-04 19:51:30.480  3256  5014 D U       : broadcastSiopChangedIntent:: FLASH = false, CAMERA = false, RECORDING = false, RECORDING_FPS = false, SMARTBONDING = true, LIVETHUMBNAIL = false
05-04 19:51:30.480  3256  5014 W ContextImpl: Calling a method in the system process without a qualified user: android.app.ContextImpl.sendStickyBroadcast:1865 com.android.server.ssrm.U.cn:-1 g.t.p:-1 g.t.c:-1 g.e.ge:-1 
05-04 19:51:30.480  3256  5014 D U       : broadcastSiopLevelIntent:: currentSiopLevel = 3
05-04 19:51:34.945  3256  3526 D ActivityManager: retrieveServiceLocked(): component = null; callingUser = 0; userId(target) = 0
05-04 19:51:36.485  3256  3268 D ActivityManager: retrieveServiceLocked(): component = null; callingUser = 0; userId(target) = 0
05-04 19:51:37.710  3256  3351 D ActivityManager: retrieveServiceLocked(): component = null; callingUser = 0; userId(target) = 0
05-04 19:51:39.500  3256  3524 D BatteryService: !@BatteryListener : batteryPropertiesChanged!
05-04 19:51:39.500  3256  3524 D BatteryService: level:60, scale:100, status:3, health:2, present:true, voltage: 3875, temperature: 398, technology: Li-ion, AC powered:false, USB powered:true, POGO powered:false, Wireless powered:false, icon:17303382, invalid charger:0
05-04 19:51:39.500  3256  3524 D BatteryService: online:4, current avg:-82, charge type:2, power sharing:false, high voltage charger:false, capacity:280000, current_now:-82
05-04 19:51:39.500  3256  3256 D BatteryService: Sending ACTION_BATTERY_CHANGED.
05-04 19:51:39.510  3672  3672 V EmergencyMode: [EmergencyStateReceiver] onReceive : android.intent.action.BATTERY_CHANGED
05-04 19:51:39.510  3672  3672 V EmergencyMode: [EmergencyStateReceiver] ACTION_BATTERY_CHANGED mBatteryLevelForLogging = 60
05-04 19:51:39.520  3421  3421 D BatteryMeterView: ACTION_BATTERY_CHANGED : level:60 status:3 health:2
05-04 19:51:39.520  3421  3421 D BatteryMeterView: ACTION_BATTERY_CHANGED : level:60 status:3 health:2
05-04 19:51:39.525  3421  3421 D BatteryMeterView: ACTION_BATTERY_CHANGED : level:60 status:3 health:2
05-04 19:51:40.500  3256  5014 D SSRM:n  : SIOP:: AP = 490, PST = 513 (W:22), CUR = -82, LCD = 147
05-04 19:51:40.780  3256  5293 D ActivityManager: retrieveServiceLocked(): component = null; callingUser = 0; userId(target) = 0
05-04 19:51:43.710  3256  7219 W ResourcesManager: Asset path '/system/framework/com.android.media.remotedisplay.jar' does not exist or contains no resources.
05-04 19:51:43.710  3256  7219 W ResourcesManager: Asset path '/system/framework/com.android.location.provider.jar' does not exist or contains no resources.
05-04 19:51:43.710  3256  7219 D CustomFrequencyManagerService: acquireDVFSLockLocked : type : DVFS_MIN_LIMIT  frequency : 1800000  uid : 1000  pid : 3256  pkgName : ACTIVITY_RESUME_BOOSTER@2
05-04 19:51:43.715  3256  7219 W ActivityManager: mDVFSHelper.acquire()
05-04 19:51:43.715  3256  7219 D MultiWindowConverter: dismissGuide() : Before attaching the guide view, mForceDismissGuide : false
05-04 19:51:43.735  3256  5014 D U       : limitCPUFreq:: freq = -1
05-04 19:51:43.735  3256  5014 D CustomFrequencyManagerService: releaseDVFSLockLocked : Getting Lock type frm List : DVFS_MAX_LIMIT  frequency : 1500000  uid : 1000  pid : 3256  tag : SIOP_ARM_MAX@15
05-04 19:51:43.735  3256  5014 D U       : limitGPUFreq:: freq = -1
05-04 19:51:43.745  3256  6922 D MotionRecognitionService:  ssp status : false
05-04 19:51:43.755  3256  3256 D PersonaManagerService: getPersonasForUser(): returning null!
05-04 19:51:43.775  3256  3586 D MultiWindowConverter: dismissGuide() : Before attaching the guide view, mForceDismissGuide : false
05-04 19:51:43.775  3256  3291 D StatusBarManagerService: manageDisableList userId=0 what=0x0 pkg=WindowManager.LayoutParams
05-04 19:51:43.815  3256  3269 I MultiPhoneWindowManager: Changed -> mCurrentInputMethodTarget : null
05-04 19:51:43.815  3256 22707 W ContextImpl: Calling a method in the system process without a qualified user: android.app.ContextImpl.sendBroadcast:1698 com.android.server.InputMethodManagerService$6.run:2786 java.lang.Thread.run:818 <bottom of call stack> <bottom of call stack> 
05-04 19:51:43.820  3256  3256 I ValidateNoPeople: skipping global notification
05-04 19:51:43.820  3256  3256 W NotificationService: Pray mode not found android.content.pm.PackageManager$NameNotFoundException: Application package com.sec.android.settings.praymodewidget not found
05-04 19:51:43.820  3256  3256 D LightsService: [api] [SvcLED] turnOff:: id = 4 (uid: 1000 pid: 3256) 
05-04 19:51:43.820  4053  4053 W ContextImpl: Calling a method in the system process without a qualified user: android.app.ContextImpl.sendBroadcast:1698 android.content.ContextWrapper.sendBroadcast:391 android.inputmethodservice.InputMethodService.sendInputViewShownState:424 android.inputmethodservice.InputMethodService.hideWindow:2193 android.inputmethodservice.InputMethodService.doHideWindow:2171 
05-04 19:51:43.820  3256  3256 D LightsService: [SvcLED] setSvcLedStateLocked:: SvcLEDState : 0x0 -> 0x0 | SvcLED(id=4) set Off
05-04 19:51:43.820  4053 22708 W ContextImpl: Calling a method in the system process without a qualified user: android.app.ContextImpl.sendBroadcast:1698 android.content.ContextWrapper.sendBroadcast:391 android.inputmethodservice.InputMethodService$4.run:3277 java.lang.Thread.run:818 <bottom of call stack> 
05-04 19:51:43.830  3256  3307 D LightsService: [SvcLED] Lux failed to be updated in 0ms. -> handleForcedSvcLEDTasK
05-04 19:51:43.830  3256  3307 D LightsService: [SvcLED]  setSvcLedLightLocked :: Current SvcLED(id=3) maintains its priority right
05-04 19:51:43.830  3256  5014 D SSRM:a  : DeviceInfo:: 000000000000
05-04 19:51:43.830  3256  5014 D SSRM:a  : SettingsAirViewInfo:: 000000000
05-04 19:51:44.130  3256  3293 D CustomFrequencyManagerService: releaseDVFSLockLocked : Getting Lock type frm List : DVFS_MIN_LIMIT  frequency : 1800000  uid : 1000  pid : 3256  tag : ACTIVITY_RESUME_BOOSTER@2
05-04 19:51:44.130  3256  3293 W ActivityManager: mDVFSHelper.release()
05-04 19:51:44.135 15011 15011 V ActivityThread: updateVisibility : ActivityRecord{2d2005ad token=android.os.BinderProxy@472f5cc {com.icrealtime.allie/com.icrealtime.allie.ui.activities.ShareActivity}} show : true
05-04 19:51:44.135  3256  3287 D CustomFrequencyManagerService: acquireDVFSLockLocked : type : DVFS_MIN_LIMIT  frequency : 1800000  uid : 1000  pid : 3256  pkgName : ACTIVITY_RESUME_BOOSTER@6
05-04 19:51:44.440  3256  3256 D CustomFrequencyManagerService: releaseDVFSLockLocked : Getting Lock type frm List : DVFS_MIN_LIMIT  frequency : 1800000  uid : 1000  pid : 3256  tag : ACTIVITY_RESUME_BOOSTER@6
05-04 19:51:45.635  3256  3566 E Watchdog: !@Sync 946 [05-04 19:51:45.641]
05-04 19:51:45.915  3256  3268 D CustomFrequencyManagerService: acquireDVFSLockLocked : type : DVFS_MIN_LIMIT  frequency : 1800000  uid : 1000  pid : 3256  pkgName : ACTIVITY_RESUME_BOOSTER@2
05-04 19:51:45.920  3256  3268 W ActivityManager: mDVFSHelper.acquire()
05-04 19:51:45.925  3256  3268 D MultiWindowConverter: dismissGuide() : Before attaching the guide view, mForceDismissGuide : false
05-04 19:51:45.925  3256  3291 D StatusBarManagerService: manageDisableList userId=0 what=0x0 pkg=WindowManager.LayoutParams
05-04 19:51:45.930  3256  3256 D PersonaManagerService: getPersonasForUser(): returning null!
05-04 19:51:48.765  3256  3526 D ActivityManager: retrieveServiceLocked(): component = null; callingUser = 0; userId(target) = 0
05-04 19:51:48.920  3256  3287 D CustomFrequencyManagerService: releaseDVFSLockLocked : Getting Lock type frm List : DVFS_MIN_LIMIT  frequency : 1800000  uid : 1000  pid : 3256  tag : ACTIVITY_RESUME_BOOSTER@2
05-04 19:51:48.920  3256  3287 W ActivityManager: mDVFSHelper.release()
05-04 19:51:48.920  3256  3287 D CustomFrequencyManagerService: acquireDVFSLockLocked : type : DVFS_MIN_LIMIT  frequency : 1800000  uid : 1000  pid : 3256  pkgName : ACTIVITY_RESUME_BOOSTER@6
05-04 19:51:49.220  3256  3256 D CustomFrequencyManagerService: releaseDVFSLockLocked : Getting Lock type frm List : DVFS_MIN_LIMIT  frequency : 1800000  uid : 1000  pid : 3256  tag : ACTIVITY_RESUME_BOOSTER@6
05-04 19:51:49.510  3256  6937 D BatteryService: !@BatteryListener : batteryPropertiesChanged!
05-04 19:51:49.515  3256  6937 D BatteryService: level:60, scale:100, status:3, health:2, present:true, voltage: 3871, temperature: 397, technology: Li-ion, AC powered:false, USB powered:true, POGO powered:false, Wireless powered:false, icon:17303382, invalid charger:0
05-04 19:51:49.515  3256  6937 D BatteryService: online:4, current avg:-730, charge type:2, power sharing:false, high voltage charger:false, capacity:280000, current_now:-730
05-04 19:51:49.515  3256  3256 D BatteryService: Sending ACTION_BATTERY_CHANGED.
05-04 19:51:49.520  3672  3672 V EmergencyMode: [EmergencyStateReceiver] onReceive : android.intent.action.BATTERY_CHANGED
05-04 19:51:49.525  3672  3672 V EmergencyMode: [EmergencyStateReceiver] ACTION_BATTERY_CHANGED mBatteryLevelForLogging = 60
05-04 19:51:49.545  3421  3421 D BatteryMeterView: ACTION_BATTERY_CHANGED : level:60 status:3 health:2
05-04 19:51:49.545  3421  3421 D BatteryMeterView: ACTION_BATTERY_CHANGED : level:60 status:3 health:2
05-04 19:51:49.545  3421  3421 D BatteryMeterView: ACTION_BATTERY_CHANGED : level:60 status:3 health:2
05-04 19:51:50.510  3256  5014 D SSRM:n  : SIOP:: AP = 490, PST = 515 (W:22), CUR = -730, LCD = 147
05-04 19:51:50.535  2588  2833 E Vold    : Failed to find mounted volume for /storage/extSdCard/Android/data/com.icrealtime.allie/files/
05-04 19:51:50.535  2588  2833 W Vold    : Returning OperationFailed - no handler for errno 0
05-04 19:51:50.535  3256  3585 D ActivityManager: startService callerProcessName:com.icrealtime.allie, calleePkgName: com.icrealtime.allie
05-04 19:51:50.535  3256  3585 D ActivityManager: retrieveServiceLocked(): component = com.icrealtime.allie/com.icrealtime.allie.service.share.VideoSharingService; callingUser = 0; userId(target) = 0
05-04 19:51:52.145  3256  3586 D ActivityManager: retrieveServiceLocked(): component = null; callingUser = 0; userId(target) = 0
05-04 19:51:52.535  3256  5014 D U       : limitCPUFreq:: freq = 1500000
05-04 19:51:52.535  3256  5014 D CustomFrequencyManagerService: acquireDVFSLockLocked : type : DVFS_MAX_LIMIT  frequency : 1500000  uid : 1000  pid : 3256  pkgName : SIOP_ARM_MAX@15
05-04 19:51:52.535  3256  5014 D U       : limitGPUFreq:: freq = 420
05-04 19:51:53.100  3256  3392 E NativeCrashListener: Exception dealing with report
05-04 19:51:53.100  3256  3392 E NativeCrashListener: android.system.ErrnoException: read failed: EAGAIN (Try again)
05-04 19:51:53.100  3256  3392 E NativeCrashListener: 	at libcore.io.Posix.readBytes(Native Method)
05-04 19:51:53.100  3256  3392 E NativeCrashListener: 	at libcore.io.Posix.read(Posix.java:147)
05-04 19:51:53.100  3256  3392 E NativeCrashListener: 	at libcore.io.BlockGuardOs.read(BlockGuardOs.java:230)
05-04 19:51:53.100  3256  3392 E NativeCrashListener: 	at android.system.Os.read(Os.java:364)
05-04 19:51:53.100  3256  3392 E NativeCrashListener: 	at com.android.server.am.NativeCrashListener.consumeNativeCrashData(NativeCrashListener.java:240)
05-04 19:51:53.100  3256  3392 E NativeCrashListener: 	at com.android.server.am.NativeCrashListener.run(NativeCrashListener.java:138)
05-04 19:51:53.315  3256  3289 I BootReceiver: Copying /data/tombstones/tombstone_04 to DropBox (SYSTEM_TOMBSTONE)
05-04 19:51:53.340  3256  3256 W ContextImpl: Calling a method in the system process without a qualified user: android.app.ContextImpl.sendBroadcast:1712 com.android.server.analytics.data.collection.application.CrashAnrDetector.broadcastEvent:296 com.android.server.analytics.data.collection.application.CrashAnrDetector.processDropBoxEntry:254 com.android.server.analytics.data.collection.application.CrashAnrDetector.access$100:60 com.android.server.analytics.data.collection.application.CrashAnrDetector$1.onReceive:102 
05-04 19:51:53.475  3256  7219 I WindowState: WIN DEATH: Window{3372786b u0 com.icrealtime.allie/com.icrealtime.allie.ui.activities.AfterSplashActivity}
05-04 19:51:53.475  3256  7219 W WindowManager: Force-removing child win Window{246d3f6 u0 SurfaceView} from container Window{3372786b u0 com.icrealtime.allie/com.icrealtime.allie.ui.activities.AfterSplashActivity}
05-04 19:51:53.475  3256  3351 D ConnectivityService: ConnectivityService NetworkRequestInfo binderDied(NetworkRequest [ id=33, legacyType=-1, [ Capabilities: INTERNET&NOT_RESTRICTED&TRUSTED&NOT_VPN] ], android.os.BinderProxy@330163f7)
05-04 19:51:53.480  3256  3526 I ActivityManager: Process com.icrealtime.allie (pid 15011)(adj 0) has died(643,576)
05-04 19:51:53.480  3256  3358 D ConnectivityService: releasing NetworkRequest NetworkRequest [ id=33, legacyType=-1, [ Capabilities: INTERNET&NOT_RESTRICTED&TRUSTED&NOT_VPN] ]
05-04 19:51:53.480  3256  3526 E ActivityManager: isAutoRunBlockedApp:: com.icrealtime.allie, Auto Run OFF
05-04 19:51:53.480  3256  3526 W ActivityManager: com.icrealtime.allie: no allowRestart for autorun OFF
05-04 19:51:53.480  3256  3526 W ActivityManager: Force removing ActivityRecord{2880ab0d u0 com.icrealtime.allie/.ui.activities.ShareActivity t704}: app died, no saved state
05-04 19:51:53.480  3256  3358 E ConnectivityService: RemoteException caught trying to send a callback msg for NetworkRequest [ id=33, legacyType=-1, [ Capabilities: INTERNET&NOT_RESTRICTED&TRUSTED&NOT_VPN] ]
05-04 19:51:53.485  3256  3739 I WindowState: WIN DEATH: Window{3bf5558 u0 com.icrealtime.allie/com.icrealtime.allie.ui.activities.MainActivity}
05-04 19:51:53.490  3256  3524 I WindowState: WIN DEATH: Window{956f13c u0 com.icrealtime.allie/com.icrealtime.allie.ui.activities.ShareActivity}
05-04 19:51:53.495  3256  3524 D PowerManagerService: [api] [s] userActivity : event: 0 flags: 0 (uid: 1000 pid: 3256) eventTime = 28402202
05-04 19:51:53.495  3256  3524 D PowerManagerService: [api] release WakeLock flags=0x2000000a tag=WindowManager uid=1000 pid=3256 (0x0)
05-04 19:51:53.495  3256  3524 D PowerManagerService: [api] applyWakeLockFlagsOnReleaseLocked : userActivityNoUpdateLocked is called : SCREEN_BRIGHT_WAKE_LOCK        'WindowManager' ON_AFTER_RELEASE (uid=1000, pid=3256, ws=WorkSource{10360}) (elapsedTime=53585)
05-04 19:51:53.495  3256  3524 D MultiWindowConverter: dismissGuide() : Before attaching the guide view, mForceDismissGuide : false
05-04 19:51:53.500  3256  3526 D CustomFrequencyManagerService: acquireDVFSLockLocked : type : DVFS_MIN_LIMIT  frequency : 1800000  uid : 1000  pid : 3256  pkgName : ACTIVITY_RESUME_BOOSTER@2
05-04 19:51:53.500  3256  3526 W ActivityManager: mDVFSHelper.acquire()
05-04 19:51:53.505  3256  3526 E ActivityManager: checkUser: useridlist=null, currentuser=0
05-04 19:51:53.505  3256  3526 E ActivityManager: checkUser: useridlist=null, currentuser=0
05-04 19:51:53.505  3256  3526 E ActivityManager: checkUser: useridlist=null, currentuser=0
05-04 19:51:53.505  3256  3526 E ActivityManager: checkUser: useridlist=null, currentuser=0
05-04 19:51:53.520 22771 22771 I libpersona: KNOX_SDCARD checking this for 10360
05-04 19:51:53.520 22771 22771 I libpersona: KNOX_SDCARD not a persona
05-04 19:51:53.525  3256  3526 I ActivityManager: Start proc com.icrealtime.allie for activity com.icrealtime.allie/.ui.activities.MainActivity: pid=22771 uid=10360 gids={50360, 9997, 3002, 3001, 1028, 1015, 3003} abi=armeabi-v7a
05-04 19:51:53.560  3256  3291 D StatusBarManagerService: manageDisableList userId=0 what=0x0 pkg=WindowManager.LayoutParams
05-04 19:51:53.595  3256  3351 W ActivityManager: Permission Denial: getCurrentUser() from pid=22771, uid=10360 requires android.permission.INTERACT_ACROSS_USERS
05-04 19:51:53.690  3256  3269 D ActivityManager: retrieveServiceLocked(): component = null; callingUser = 0; userId(target) = 0
05-04 19:51:53.735  3256  3739 W ActivityManager: Permission Denial: getCurrentUser() from pid=22771, uid=10360 requires android.permission.INTERACT_ACROSS_USERS
05-04 19:51:53.870  3256  3585 D ActivityManager: startService callerProcessName:com.icrealtime.allie, calleePkgName: com.icrealtime.allie
05-04 19:51:53.870  3256  3585 D ActivityManager: retrieveServiceLocked(): component = com.icrealtime.allie/com.icrealtime.allie.service.BackgroundService; callingUser = 0; userId(target) = 0
05-04 19:51:53.990  3256  3524 D ActivityManager: bindService callerProcessName:com.icrealtime.allie, calleePkgName: com.icrealtime.allie, action: null
05-04 19:51:53.990  3256  3524 D ActivityManager: retrieveServiceLocked(): component = com.icrealtime.allie/com.icrealtime.allie.service.BackgroundService; callingUser = 0; userId(target) = 0
05-04 19:51:54.015  3256  3256 D PersonaManagerService: getPersonasForUser(): returning null!
05-04 19:51:54.020  3256  3585 D ActivityManager: retrieveServiceLocked(): component = null; callingUser = 0; userId(target) = 0
05-04 19:51:54.025  3256  5292 D MultiWindowConverter: dismissGuide() : Before attaching the guide view, mForceDismissGuide : false
05-04 19:51:54.170  3256 22832 W ContextImpl: Calling a method in the system process without a qualified user: android.app.ContextImpl.sendBroadcast:1698 com.android.server.InputMethodManagerService$6.run:2786 java.lang.Thread.run:818 <bottom of call stack> <bottom of call stack> 
05-04 19:51:54.170  3256  3586 W InputMethodManagerService: Got RemoteException sending setActive(false) notification to pid 15011 uid 10360
05-04 19:51:54.185  3256  3293 D CustomFrequencyManagerService: releaseDVFSLockLocked : Getting Lock type frm List : DVFS_MIN_LIMIT  frequency : 1800000  uid : 1000  pid : 3256  tag : ACTIVITY_RESUME_BOOSTER@2
05-04 19:51:54.185  3256  3293 W ActivityManager: mDVFSHelper.release()
05-04 19:51:54.185  3256  3287 D CustomFrequencyManagerService: acquireDVFSLockLocked : type : DVFS_MIN_LIMIT  frequency : 1800000  uid : 1000  pid : 3256  pkgName : ACTIVITY_RESUME_BOOSTER@6
05-04 19:51:54.485  3256  3256 D CustomFrequencyManagerService: releaseDVFSLockLocked : Getting Lock type frm List : DVFS_MIN_LIMIT  frequency : 1800000  uid : 1000  pid : 3256  tag : ACTIVITY_RESUME_BOOSTER@6
05-04 19:51:54.930  3256  3524 D ActivityManager: retrieveServiceLocked(): component = null; callingUser = 0; userId(target) = 0
05-04 19:51:57.375  3256  6911 D ActivityManager: retrieveServiceLocked(): component = null; callingUser = 0; userId(target) = 0
05-04 19:51:59.335  3256  3269 D ActivityManager: retrieveServiceLocked(): component = null; callingUser = 0; userId(target) = 0
05-04 19:51:59.525  3256  6911 D ActivityManager: retrieveServiceLocked(): component = null; callingUser = 0; userId(target) = 0
05-04 19:51:59.535  3256  6922 D BatteryService: !@BatteryListener : batteryPropertiesChanged!
05-04 19:51:59.535  3256  6922 D BatteryService: level:60, scale:100, status:3, health:2, present:true, voltage: 3882, temperature: 396, technology: Li-ion, AC powered:false, USB powered:true, POGO powered:false, Wireless powered:false, icon:17303382, invalid charger:0
05-04 19:51:59.535  3256  6922 D BatteryService: online:4, current avg:-182, charge type:2, power sharing:false, high voltage charger:false, capacity:280000, current_now:-183
05-04 19:51:59.535  3256  3256 D BatteryService: Sending ACTION_BATTERY_CHANGED.
05-04 19:51:59.545  3672  3672 V EmergencyMode: [EmergencyStateReceiver] onReceive : android.intent.action.BATTERY_CHANGED
05-04 19:51:59.545  3672  3672 V EmergencyMode: [EmergencyStateReceiver] ACTION_BATTERY_CHANGED mBatteryLevelForLogging = 60
05-04 19:51:59.575  3421  3421 D BatteryMeterView: ACTION_BATTERY_CHANGED : level:60 status:3 health:2
05-04 19:51:59.575  3421  3421 D BatteryMeterView: ACTION_BATTERY_CHANGED : level:60 status:3 health:2
05-04 19:51:59.575  3421  3421 D BatteryMeterView: ACTION_BATTERY_CHANGED : level:60 status:3 health:2
05-04 19:51:59.830  3256  3268 D ActivityManager: retrieveServiceLocked(): component = null; callingUser = 0; userId(target) = 0
05-04 19:52:00.000  3256  3327 V AlarmManager: waitForAlarm result :8
05-04 19:52:00.530  3256  5014 D SSRM:n  : SIOP:: AP = 490, PST = 515 (W:22), CUR = -182, LCD = 147
05-04 19:52:03.170  3256  3328 D PowerManagerService: [api] userActivityFromNative : 4070 (event: 1 flags: 0) eventTime = 28411872
05-04 19:52:03.180  3256  3328 D VoIPInterfaceManager: isVoIPRinging()...
05-04 19:52:03.180  3256  3328 D VoIPInterfaceManager: isVoIPRunningAndDeregi()...
05-04 19:52:03.180  3256  3328 D VoIPInterfaceManager: Not exist call session
05-04 19:52:03.185  3256  3328 I WindowManager: startDockOrHome
05-04 19:52:03.185  3256  3328 D PowerManagerService: [api] [s] userActivity : event: 0 flags: 0 (uid: 1000 pid: 3256) eventTime = 28411891
05-04 19:52:03.185  3421  3421 D AirplaneModeTile: onReceive : android.intent.action.CLOSE_SYSTEM_DIALOGS
05-04 19:52:03.195  3421  3421 D Recents_AlternateRecentsComponent: isRecentsTopMost is getting called
05-04 19:52:03.195  3256  3287 D ActivityManager: startProcessLocked calleePkgName: com.samsung.android.SettingsReceiver, hostingType: broadcast
05-04 19:52:03.200  3256  3287 E ActivityManager: checkUser: useridlist=null, currentuser=0
05-04 19:52:03.200  3256  3287 E ActivityManager: checkUser: useridlist=null, currentuser=0
05-04 19:52:03.200  3256  3287 E ActivityManager: checkUser: useridlist=null, currentuser=0
05-04 19:52:03.200  3256  3287 E ActivityManager: checkUser: useridlist=null, currentuser=0
05-04 19:52:03.215  3421  3421 D STATUSBAR-LocationQuickSettingButton: onReceive : android.intent.action.CLOSE_SYSTEM_DIALOGS
05-04 19:52:03.215 22857 22857 I libpersona: KNOX_SDCARD checking this for 1000
05-04 19:52:03.215 22857 22857 I libpersona: KNOX_SDCARD not a persona
05-04 19:52:03.225  3256  3287 I ActivityManager: Start proc com.samsung.android.SettingsReceiver for broadcast com.samsung.android.SettingsReceiver/.AccessibilityReceiver: pid=22857 uid=1000 gids={41000, 9997, 3002, 3001, 3003, 1028, 1015, 1007, 1023, 2001, 1024, 1001} abi=armeabi-v7a
05-04 19:52:03.235  3256  3328 W ResourcesManager: Asset path '/system/framework/twframework.jar' does not exist or contains no resources.
05-04 19:52:03.235  3256  3328 W ResourcesManager: Asset path '/system/framework/sws.jar' does not exist or contains no resources.
