03-25 15:32:57.431 27347 27347 I SystemServer: Network Service Discovery Service
03-25 15:32:57.441 27347 27347 D NsdService: Network service discovery enabled true
03-25 15:32:57.441 27347 27347 I SystemServer: UpdateLock Service
03-25 15:32:57.481 27347 27347 I SystemServer: Notification Manager
03-25 15:32:57.491 27347 27347 I SystemServer: Device Storage Monitor
03-25 15:32:57.491 27347 27347 I SystemServer: Location Manager
03-25 15:32:57.491 27347 27347 I SystemServer: Country Detector
03-25 15:32:57.491 27347 27347 I SystemServer: Search Service
03-25 15:32:57.491 27347 27347 I SystemServer: DropBox Service
03-25 15:32:57.491 27347 27347 I SystemServer: Wallpaper Service
03-25 15:32:57.491 27347 27347 I SystemServer: Audio Service
03-25 15:32:57.591 27347 27347 I SystemServer: Dock Observer
03-25 15:32:57.591 27347 27347 W DockObserver: This kernel does not have dock station support
03-25 15:32:57.591 27347 27347 I SystemServer: Wired Accessory Manager
03-25 15:32:57.591 27347 27347 I SystemServer: USB Service
03-25 15:32:57.601 27347 27347 I SystemServer: Serial Service
03-25 15:32:57.601 27347 27347 I SystemServer: Twilight Service
03-25 15:32:57.601 27347 27347 I SystemServer: UI Mode Manager Service
03-25 15:32:57.601 27347 27347 I SystemServer: Backup Service
03-25 15:32:57.611 27347 27347 V BackupManagerService: Initializing package tracking
03-25 15:32:57.611 27347 27347 V BackupManagerService: No ancestral data
03-25 15:32:57.611 27347 27347 V BackupManagerService: addPackageParticipantsLocked: all
03-25 15:32:57.611 27347 27347 I BackupManagerService: Scheduling backup for new app com.android.browser
03-25 15:32:57.611 27347 27347 D BackupManagerService: Now staging backup of com.android.browser
03-25 15:32:57.621 27347 27347 I BackupManagerService: Scheduling backup for new app com.android.sharedstoragebackup
03-25 15:32:57.621 27347 27347 D BackupManagerService: Now staging backup of com.android.sharedstoragebackup
03-25 15:32:57.621 27347 27347 I BackupManagerService: Scheduling backup for new app com.android.mms
03-25 15:32:57.621 27347 27347 D BackupManagerService: Now staging backup of com.android.mms
03-25 15:32:57.631 27347 27347 I BackupManagerService: Scheduling backup for new app com.android.dialer
03-25 15:32:57.641 27347 27347 D BackupManagerService: Now staging backup of com.android.dialer
03-25 15:32:57.641 27347 27347 I BackupManagerService: Scheduling backup for new app com.android.providers.settings
03-25 15:32:57.641 27347 27347 D BackupManagerService: Now staging backup of com.android.providers.settings
03-25 15:32:57.641 27347 27347 I BackupManagerService: Scheduling backup for new app com.android.providers.userdictionary
03-25 15:32:57.641 27347 27347 D BackupManagerService: Now staging backup of com.android.providers.userdictionary
03-25 15:32:57.651 27347 27347 I BackupManagerService: Scheduling backup for new app android
03-25 15:32:57.651 27347 27347 D BackupManagerService: Now staging backup of android
03-25 15:32:57.651 27347 27347 V BackupManagerService: Starting with transport android/com.android.internal.backup.LocalTransport
03-25 15:32:57.651 27347 27347 V BackupManagerService: Found transports: 1
03-25 15:32:57.651 27347 27347 I BackupManagerService: Binding to transport host ComponentInfo{android/com.android.internal.backup.LocalTransportService}
03-25 15:32:57.651 27347 27347 I BackupManagerService: Found stale backup journal, scheduling
03-25 15:32:57.651 27347 27347 I BackupManagerService:   com.android.browser
03-25 15:32:57.651 27347 27347 I BackupManagerService:   com.android.sharedstoragebackup
03-25 15:32:57.651 27347 27347 I BackupManagerService:   com.android.mms
03-25 15:32:57.651 27347 27347 I BackupManagerService:   com.android.dialer
03-25 15:32:57.651 27347 27347 I BackupManagerService:   com.android.providers.settings
03-25 15:32:57.651 27347 27347 I BackupManagerService:   com.android.providers.userdictionary
03-25 15:32:57.651 27347 27347 I BackupManagerService:   android
03-25 15:32:57.651 27347 27347 I BackupManagerService: Backup enabled => false
03-25 15:32:57.651 27347 27347 I BackupManagerService: Opting out of backup
03-25 15:32:57.651 27347 27347 I SystemServer: AppWidget Service
03-25 15:32:57.651 27347 27347 I SystemServer: Recognition Service
03-25 15:32:57.661 27347 27347 I SystemServer: DiskStats Service
03-25 15:32:57.661 27347 27347 I SystemServer: SamplingProfiler Service
03-25 15:32:57.661 27347 27347 I SystemServer: NetworkTimeUpdateService
03-25 15:32:57.661 27347 27347 I SystemServer: CommonTimeManagementService
03-25 15:32:57.661 27347 27347 I SystemServer: CertBlacklister
03-25 15:32:57.661 27347 27347 I SystemServer: Dreams Service
03-25 15:32:57.661 27347 27347 I SystemServer: Assets Atlas Service
03-25 15:32:57.661 27347 27347 I SystemServer: IdleMaintenanceService
03-25 15:32:57.661 27347 27347 I SystemServer: Print Service
03-25 15:32:57.671 27347 27347 I SystemServer: Media Router Service
03-25 15:32:57.671 27347 27347 I SystemServer: IrManager Service
03-25 15:32:57.761 27347 27347 I ActivityManager: Start proc com.android.systemui for service com.android.keyguard/.KeyguardService: pid=27424 uid=10007 gids={50007, 1028, 1015, 1035, 3002, 3001}
03-25 15:32:57.791 27347 27347 I AppOps  : Pruning old package media/1013: new uid=-1
03-25 15:32:57.791 27347 27347 I ActivityManager: System now ready
03-25 15:32:57.801 27072 27341 E NetlinkEvent: Unknown ifindex 26 in RTM_DELADDR
03-25 15:32:57.801 27072 27341 D NetlinkEvent: Unexpected netlink message. type=0x11
03-25 15:32:57.801 27347 27347 I SystemServer: Making services ready
03-25 15:32:57.811 27347 27347 D NetworkManagementService: enabling bandwidth control
03-25 15:32:57.811 27347 27402 E MountService: Boot-time mount failed (-1)
03-25 15:32:57.811 27347 27402 E MountService: Boot-time mount failed (-1)
03-25 15:32:57.811 27347 27402 E MountService: Boot-time mount failed (-1)
03-25 15:32:57.811 27347 27402 W MountService: Duplicate state transition (mounted -> mounted) for /storage/emulated/0
03-25 15:32:57.861 27072 27341 D NetlinkEvent: Unexpected netlink message. type=0x11
03-25 15:32:57.951 27347 27358 I StatusBarManagerService: registerStatusBar bar=com.android.internal.statusbar.IStatusBar$Stub$Proxy@41c5c018
03-25 15:32:58.151 27347 27347 W SystemServer: ***********************************************
03-25 15:32:58.251 27347 27359 I ActivityManager: Start proc android.process.acore for content provider com.android.providers.contacts/.ContactsProvider2: pid=27502 uid=10002 gids={50002, 3003, 1028, 1015}
03-25 15:32:58.281 27347 27347 W SystemServer: ***********************************************
03-25 15:32:58.291 27347 27347 I ActivityManager: Config changes=200 {1.0 ?mcc?mnc en_US ldltr sw360dp w360dp h615dp 320dpi nrml long port -touch -keyb/v/h -nav/h s.4}
03-25 15:32:58.291 27347 27347 W RecognitionManagerService: no available voice recognition services found for user 0
03-25 15:32:58.331 27347 27371 I ActivityManager: Start proc android.process.media for broadcast com.android.providers.media/.MtpReceiver: pid=27520 uid=10005 gids={50005, 1028, 1015, 1023, 1024, 2001, 3003, 3007}
03-25 15:32:58.341 27347 27347 W InputMethodManagerService: Ignoring setImeWindowStatus of uid 1000 token: null
03-25 15:32:58.381 27347 27347 I ActivityManager: Start proc com.android.inputmethod.latin for service com.android.inputmethod.latin/.LatinIME: pid=27533 uid=10037 gids={50037, 1028, 1015}
03-25 15:32:58.381 27347 27347 V InputMethodManagerService: Adding window token: android.os.Binder@41c75940
03-25 15:32:58.431 27347 27347 E LocationManagerService: no geocoder provider found
03-25 15:32:58.441 27347 27347 E LocationManagerService: No FusedProvider found.
03-25 15:32:58.441 27347 27347 E LocationManagerService: no geofence provider found
03-25 15:32:58.441 27347 27347 W ContextImpl: Calling a method in the system process without a qualified user: android.app.ContextImpl.bindService:1560 com.android.server.location.GeoFencerProxy.<init>:85 com.android.server.location.GeoFencerProxy.getGeoFencerProxy:77 com.android.server.LocationManagerService.loadProvidersLocked:463 com.android.server.LocationManagerService.systemRunning:250 
03-25 15:32:58.491 27072 27552 W SocketClient: write error (Broken pipe)
03-25 15:32:58.541 27347 27347 I ActivityManager: Start proc com.android.phone for added application com.android.phone: pid=27557 uid=1001 gids={41001, 3004, 3009, 3005, 1006, 3002, 3001, 3003, 1028, 1015}
03-25 15:32:58.571 27347 27347 I ActivityManager: Start proc com.qualcomm.qti.services.secureui:sui_service for added application com.qualcomm.qti.services.secureui:sui_service: pid=27572 uid=1000 gids={41000, 1028, 1015, 3003, 3005, 1021, 3004, 1000, 3009, 1023, 1010, 3002, 3001}
03-25 15:32:58.591 27347 27347 I ActivityManager: Start proc com.qualcomm.services.location for added application com.qualcomm.services.location: pid=27586 uid=1000 gids={41000, 1028, 1015, 3003, 3005, 1021, 3004, 1000, 3009, 1023, 1010, 3002, 3001}
03-25 15:32:58.611 27347 27347 I ActivityManager: Start proc com.qualcomm.logkit for added application com.qualcomm.logkit: pid=27599 uid=10040 gids={50040, 1028, 1015, 1023, 1007, 3003, 3002}
03-25 15:32:58.611 27347 27347 I ActivityManager: START u0 {act=android.intent.action.MAIN cat=[android.intent.category.HOME] flg=0x10000000 cmp=com.android.launcher/com.android.launcher2.Launcher} from pid 0
03-25 15:32:58.651 27347 27347 I ActivityManager: Start proc com.android.launcher for activity com.android.launcher/com.android.launcher2.Launcher: pid=27622 uid=10008 gids={50008}
03-25 15:32:58.651 27347 27347 I SystemServer: Enabled StrictMode for system server main thread.
03-25 15:32:58.731 27347 27372 I ActivityManager: Start proc com.android.printspooler for service com.android.printspooler/.PrintSpoolerService: pid=27636 uid=10053 gids={50053}
03-25 15:32:58.781 27347 27347 W InputMethodManagerService: Focus gain on non-focused client android.view.inputmethod.InputMethodManager$1@41e607b8 (uid=1000 pid=27347)
03-25 15:32:58.821 27347 27598 I ActivityManager: Start proc com.android.settings for broadcast com.android.settings/.widget.SettingsAppWidgetProvider: pid=27652 uid=1000 gids={41000, 1028, 1015, 3003, 3005, 1021, 3004, 1000, 3009, 1023, 1010, 3002, 3001}
03-25 15:32:58.921 27347 27347 W ContextImpl: Calling a method in the system process without a qualified user: android.app.ContextImpl.bindService:1560 android.content.ContextWrapper.bindService:517 com.qualcomm.location.nlp.NlpProxyProvider.bindPackage:556 com.qualcomm.location.nlp.NlpProxyProvider.bind:525 com.qualcomm.location.nlp.NlpProxyProvider.<init>:335 
03-25 15:32:58.971 27347 27347 W ContextImpl: Calling a method in the system process without a qualified user: android.app.ContextImpl.startService:1496 android.content.ContextWrapper.startService:494 com.qualcomm.location.ulp.UlpService.startAdditionalServices:55 com.qualcomm.location.ulp.UlpService.onBind:28 android.app.ActivityThread.handleBindService:2601 
03-25 15:32:58.971 27347 27347 W ContextImpl: Calling a method in the system process without a qualified user: android.app.ContextImpl.startService:1496 android.content.ContextWrapper.startService:494 com.qualcomm.location.ulp.UlpService.startAdditionalServices:59 com.qualcomm.location.ulp.UlpService.onBind:28 android.app.ActivityThread.handleBindService:2601 
03-25 15:32:58.981 27347 27347 W ContextImpl: Calling a method in the system process without a qualified user: android.app.ContextImpl.startService:1496 android.content.ContextWrapper.startService:494 com.qualcomm.location.ulp.UlpService.startAdditionalServices:63 com.qualcomm.location.ulp.UlpService.onBind:28 android.app.ActivityThread.handleBindService:2601 
03-25 15:32:59.011 27347 27347 I ActivityManager: Start proc com.qualcomm.location.XT for service com.qualcomm.location.XT/.XTSrv: pid=27686 uid=1000 gids={41000, 1028, 1015, 3003, 3005, 1021, 3004, 1000, 3009, 1023, 1010, 3002, 3001}
03-25 15:32:59.011 27347 27347 W ContextImpl: Calling a method in the system process without a qualified user: android.app.ContextImpl.startService:1496 android.content.ContextWrapper.startService:494 com.qualcomm.location.ulp.UlpService.startAdditionalServices:67 com.qualcomm.location.ulp.UlpService.onBind:28 android.app.ActivityThread.handleBindService:2601 
03-25 15:32:59.021 27347 27347 W ContextImpl: Calling a method in the system process without a qualified user: android.app.ContextImpl.startService:1496 android.content.ContextWrapper.startService:494 com.qualcomm.location.ulp.UlpService.startAdditionalServices:71 com.qualcomm.location.ulp.UlpService.onBind:28 android.app.ActivityThread.handleBindService:2601 
03-25 15:32:59.181 27347 27565 I ActivityManager: Start proc com.android.smspush for service com.android.smspush/.WapPushManager: pid=27720 uid=10064 gids={50064}
03-25 15:32:59.261 27347 27621 I PackageManager: Adding preferred activity ComponentInfo{com.android.mms/com.android.mms.ui.ComposeMessageActivity} for user 0 :
03-25 15:32:59.301 27347 27620 I PackageManager: Adding preferred activity ComponentInfo{com.android.mms/com.android.mms.ui.ComposeMessageActivity} for user 0 :
03-25 15:32:59.311 27347 27347 V BackupManagerService: Connected to transport ComponentInfo{android/com.android.internal.backup.LocalTransportService}
03-25 15:32:59.311 27347 27347 V BackupManagerService: Registering transport android/com.android.internal.backup.LocalTransportService::android/com.android.internal.backup.LocalTransport = com.android.internal.backup.LocalTransport@41ddf000
03-25 15:32:59.311 27347 27679 I PackageManager: Adding preferred activity ComponentInfo{com.android.mms/com.android.mms.ui.ComposeMessageActivity} for user 0 :
03-25 15:32:59.311 27652 27652 W ContextImpl: Calling a method in the system process without a qualified user: android.app.ContextImpl.bindService:1560 android.content.ContextWrapper.bindService:517 android.bluetooth.BluetoothInputDevice.doBind:256 android.bluetooth.BluetoothInputDevice.<init>:249 android.bluetooth.BluetoothAdapter.getProfileProxy:1189 
03-25 15:32:59.321 27347 27565 I PackageManager: Adding preferred activity ComponentInfo{com.android.mms/com.android.mms.ui.ComposeMessageActivity} for user 0 :
03-25 15:32:59.331 27652 27652 W ContextImpl: Calling a method in the system process without a qualified user: android.app.ContextImpl.bindService:1560 android.content.ContextWrapper.bindService:517 android.bluetooth.BluetoothPan.doBind:148 android.bluetooth.BluetoothPan.<init>:141 android.bluetooth.BluetoothAdapter.getProfileProxy:1192 
03-25 15:32:59.341 27652 27652 W ContextImpl: Calling a method in the system process without a qualified user: android.app.ContextImpl.bindService:1560 android.content.ContextWrapper.bindService:517 android.bluetooth.BluetoothMap.doBind:109 android.bluetooth.BluetoothMap.<init>:102 android.bluetooth.BluetoothAdapter.getProfileProxy:1204 
03-25 15:32:59.351 27652 27652 W ContextImpl: Calling a method in the system process without a qualified user: android.app.ContextImpl.bindService:1560 android.content.ContextWrapper.bindService:517 android.bluetooth.BluetoothPbap.doBind:164 android.bluetooth.BluetoothPbap.<init>:157 com.android.settings.bluetooth.PbapServerProfile.<init>:68 
03-25 15:32:59.521 27347 27347 I ActivityManager: Start proc com.android.music for broadcast com.android.music/.MediaButtonIntentReceiver: pid=27763 uid=10043 gids={50043, 3003, 1028, 1015, 3002}
03-25 15:32:59.551 27347 27347 W ContextImpl: Calling a method in the system process without a qualified user: android.app.ContextImpl.bindService:1560 android.content.ContextWrapper.bindService:517 com.qualcomm.location.nlp.NlpProxyProvider.bindPackage:556 com.qualcomm.location.nlp.NlpProxyProvider.bind:525 com.qualcomm.location.nlp.NlpProxyProvider.<init>:335 
03-25 15:32:59.561 27347 27347 W ContextImpl: Calling a method in the system process without a qualified user: android.app.ContextImpl.startService:1496 android.content.ContextWrapper.startService:494 com.qualcomm.location.ulp.UlpService.startAdditionalServices:55 com.qualcomm.location.ulp.UlpService.onBind:28 android.app.ActivityThread.handleBindService:2601 
03-25 15:32:59.561 27347 27347 W ContextImpl: Calling a method in the system process without a qualified user: android.app.ContextImpl.startService:1496 android.content.ContextWrapper.startService:494 com.qualcomm.location.ulp.UlpService.startAdditionalServices:59 com.qualcomm.location.ulp.UlpService.onBind:28 android.app.ActivityThread.handleBindService:2601 
03-25 15:32:59.571 27347 27347 W ContextImpl: Calling a method in the system process without a qualified user: android.app.ContextImpl.startService:1496 android.content.ContextWrapper.startService:494 com.qualcomm.location.ulp.UlpService.startAdditionalServices:63 com.qualcomm.location.ulp.UlpService.onBind:28 android.app.ActivityThread.handleBindService:2601 
03-25 15:32:59.581 27347 27347 W ContextImpl: Calling a method in the system process without a qualified user: android.app.ContextImpl.startService:1496 android.content.ContextWrapper.startService:494 com.qualcomm.location.ulp.UlpService.startAdditionalServices:67 com.qualcomm.location.ulp.UlpService.onBind:28 android.app.ActivityThread.handleBindService:2601 
03-25 15:32:59.601 27347 27347 W ContextImpl: Calling a method in the system process without a qualified user: android.app.ContextImpl.startService:1496 android.content.ContextWrapper.startService:494 com.qualcomm.location.ulp.UlpService.startAdditionalServices:71 com.qualcomm.location.ulp.UlpService.onBind:28 android.app.ActivityThread.handleBindService:2601 
03-25 15:32:59.681 27347 27517 I ActivityManager: Start proc com.qualcomm.simcontacts for broadcast com.qualcomm.simcontacts/.SimStateReceiver: pid=27794 uid=10059 gids={50059}
03-25 15:32:59.791 27347 27421 I ActivityManager: Start proc com.qti.cbwidget for broadcast com.qti.cbwidget/.CBWidgetProvider: pid=27815 uid=10024 gids={50024}
03-25 15:33:00.301 27347 27621 I ActivityManager: Start proc com.android.dialer for broadcast com.android.dialer/.calllog.CallLogReceiver: pid=27848 uid=10004 gids={50004, 3003, 1028, 1015, 3009, 3010}
03-25 15:33:00.381 27347 27376 I ActivityManager: Start proc com.android.bluetooth for service com.android.bluetooth/.btservice.AdapterService: pid=27870 uid=1002 gids={41002, 3003, 3002, 3001, 1028, 1015, 3005, 1016, 3008, 1023}
03-25 15:33:00.391 27347 27347 W ContextImpl: Calling a method in the system process without a qualified user: android.app.ContextImpl.bindService:1560 android.bluetooth.BluetoothHeadset.doBind:283 android.bluetooth.BluetoothHeadset.<init>:276 android.bluetooth.BluetoothAdapter.getProfileProxy:1183 android.media.AudioService.getBluetoothHeadset:2253 
03-25 15:33:00.391 27347 27347 W ContextImpl: Calling a method in the system process without a qualified user: android.app.ContextImpl.bindService:1560 android.bluetooth.BluetoothA2dp.doBind:165 android.bluetooth.BluetoothA2dp.<init>:158 android.bluetooth.BluetoothAdapter.getProfileProxy:1186 android.media.AudioService$AudioServiceBroadcastReceiver.onReceive:4167 
03-25 15:33:00.391 27347 27347 V WiredAccessoryManager: notifyWiredAccessoryChanged: when=0 bits= mask=14
03-25 15:33:00.391 27347 27347 V WiredAccessoryManager: newName=h2w newState=0 headsetState=0 prev headsetState=0
03-25 15:33:00.391 27347 27347 V WiredAccessoryManager: init()
03-25 15:33:00.431 27347 27387 I PowerManagerService: Boot animation finished.
03-25 15:33:00.461 27347 27347 I ActivityManager: Delay finish: android/com.android.server.BootReceiver
03-25 15:33:00.501 27347 27358 I ActivityManager: Resuming delayed broadcast
03-25 15:33:00.531 27347 27358 I ActivityManager: Start proc com.android.providers.calendar for broadcast com.android.providers.calendar/.CalendarReceiver: pid=27921 uid=10001 gids={50001, 3003, 1028, 1015}
03-25 15:33:00.751 27347 27516 I ActivityManager: Delay finish: com.android.providers.calendar/.CalendarReceiver
03-25 15:33:01.191 27652 27670 W ContextImpl: Calling a method in the system process without a qualified user: android.app.ContextImpl.bindService:1560 android.content.ContextWrapper.bindService:517 android.bluetooth.BluetoothPbap.doBind:164 android.bluetooth.BluetoothPbap$1.onBluetoothStateChange:132 android.bluetooth.IBluetoothStateChangeCallback$Stub.onTransact:55 
03-25 15:33:01.221 27652 27652 W ContextImpl: Calling a method in the system process without a qualified user: android.app.ContextImpl.bindService:1560 android.content.ContextWrapper.bindService:517 android.bluetooth.BluetoothA2dp.doBind:165 android.bluetooth.BluetoothA2dp.<init>:158 android.bluetooth.BluetoothAdapter.getProfileProxy:1186 
03-25 15:33:01.221 27652 27652 W ContextImpl: Calling a method in the system process without a qualified user: android.app.ContextImpl.bindService:1560 android.content.ContextWrapper.bindService:517 android.bluetooth.BluetoothHeadset.doBind:283 android.bluetooth.BluetoothHeadset.<init>:276 android.bluetooth.BluetoothAdapter.getProfileProxy:1183 
03-25 15:33:01.231 27652 27652 W ContextImpl: Calling a method in the system process without a qualified user: android.app.ContextImpl.startService:1496 android.content.ContextWrapper.startService:494 android.content.ContextWrapper.startService:494 com.android.settings.bluetooth.DockEventReceiver.beginStartingService:134 com.android.settings.bluetooth.DockEventReceiver.onReceive:115 
03-25 15:33:01.741 27347 27516 I ActivityManager: Resuming delayed broadcast
03-25 15:33:01.751 27347 27358 I ActivityManager: Delay finish: com.android.providers.downloads/.DownloadReceiver
03-25 15:33:01.761 27347 27421 I ActivityManager: Resuming delayed broadcast
03-25 15:33:01.771 27347 27621 I ActivityManager: Delay finish: com.android.providers.media/.MediaScannerReceiver
03-25 15:33:02.421 27347 27358 I ActivityManager: Resuming delayed broadcast
03-25 15:33:02.461 27347 27620 I ActivityManager: Start proc com.android.mms for broadcast com.android.mms/.transaction.MmsSystemEventReceiver: pid=28057 uid=10009 gids={50009, 3003, 1028, 1015}
03-25 15:33:02.531 27347 27620 D CountryDetector: The first listener is added
03-25 15:33:02.591 27347 27620 I ActivityManager: Delay finish: com.android.mms/.transaction.MmsSystemEventReceiver
03-25 15:33:04.341 27347 27413 D QcConnectivityService: Captive portal check NetworkInfo: type: WIFI[], state: CONNECTING/CAPTIVE_PORTAL_CHECK, reason: (unspecified), extra: "1503-5G", roaming: false, failover: false, isAvailable: true, isConnectedToProvisioningNetwork: false
03-25 15:33:04.341 27347 27413 D QcConnectivityService: handleCaptivePortalTrackerCheck: call captivePortalCheckComplete ni=NetworkInfo: type: WIFI[], state: CONNECTING/CAPTIVE_PORTAL_CHECK, reason: (unspecified), extra: "1503-5G", roaming: false, failover: false, isAvailable: true, isConnectedToProvisioningNetwork: false
03-25 15:33:04.341 27347 27413 D QcConnectivityService: handleInetConditionChange: no active default network - ignore
03-25 15:33:04.361 27347 27413 E QcConnectivityService: Unexpected mtu value: android.net.wifi.WifiStateTracker@419a3850
03-25 15:33:04.541 27347 27413 D Nat464Xlat: requiresClat: netType=1, hasIPv4Address=true
03-25 15:33:06.231 27347 27413 D QcConnectivityService: handleConnectivityChange: addresses changed linkProperty[1]: resetMask=0
03-25 15:33:06.231 27347 27413 D QcConnectivityService:    car=removed=[] added=[fe80::ce1b:e0ff:fe60:dc7/64,]
03-25 15:33:06.241 27347 27413 E QcConnectivityService: Exception while trying to add src route: java.lang.NullPointerException
03-25 15:33:06.241 27347 27413 D Nat464Xlat: requiresClat: netType=1, hasIPv4Address=true
03-25 15:33:14.659 27347 27371 I ActivityManager: Waited long enough for: ServiceRecord{41d8f4e8 u0 com.android.music/.MediaPlaybackService}
03-25 15:33:14.659 27347 27371 I ActivityManager: Resuming delayed broadcast
03-25 15:33:14.669 27347 27679 I ActivityManager: Delay finish: com.android.mms/.transaction.SmsReceiver
03-25 15:33:14.739 27347 27359 I ActivityManager: Resuming delayed broadcast
03-25 15:33:14.759 27347 27359 I ActivityManager: Start proc com.android.onetimeinitializer for broadcast com.android.onetimeinitializer/.OneTimeInitializerReceiver: pid=28145 uid=10011 gids={50011}
03-25 15:33:14.769 27347 27371 I ActivityManager: Waited long enough for: ServiceRecord{41d993b0 u0 com.qualcomm.simcontacts/.SimContactsService}
03-25 15:33:14.809 27347 27347 W ContextImpl: Calling a method in the system process without a qualified user: android.app.ContextImpl.startService:1496 android.content.ContextWrapper.startService:494 android.content.ContextWrapper.startService:494 com.dsi.ant.server.AntService.startService:125 com.dsi.ant.server.startup.BootCompletedReceiver.onReceive:41 
03-25 15:33:14.839 27347 27347 I ActivityManager: Start proc com.qualcomm.cabl for broadcast com.qualcomm.cabl/.CABLReceiver: pid=28160 uid=1000 gids={41000, 1028, 1015, 3003, 3005, 1021, 3004, 1000, 3009, 1023, 1010, 3002, 3001}
03-25 15:33:14.879 28160 28160 W ContextImpl: Calling a method in the system process without a qualified user: android.app.ContextImpl.startService:1496 android.content.ContextWrapper.startService:494 android.content.ContextWrapper.startService:494 com.qualcomm.cabl.CABLReceiver.onReceive:30 android.app.ActivityThread.handleReceiver:2422 
03-25 15:33:14.909 27347 27517 I ActivityManager: Start proc com.android.cellbroadcastreceiver for broadcast com.android.cellbroadcastreceiver/.CellBroadcastReceiver: pid=28178 uid=10023 gids={50023}
03-25 15:33:14.999 27347 27565 I ActivityManager: Start proc com.android.email for broadcast com.android.email/.service.EmailBroadcastReceiver: pid=28193 uid=10027 gids={50027, 3003, 1028, 1015}
03-25 15:33:15.069 28193 28207 D ActivityThread: Loading provider com.android.email.provider;com.android.email.notifier: com.android.email.provider.EmailProvider
03-25 15:33:15.089 28193 28208 D ActivityThread: Loading provider com.android.email.provider;com.android.email.notifier: com.android.email.provider.EmailProvider
03-25 15:33:15.159 27347 27598 I ActivityManager: Start proc com.qualcomm.agent for service com.qualcomm.agent/.SystemAgent: pid=28213 uid=1000 gids={41000, 1028, 1015, 3003, 3005, 1021, 3004, 1000, 3009, 1023, 1010, 3002, 3001}
03-25 15:33:15.209 27347 27621 W ActivityManager: Unable to start service Intent { cmp=com.android.email/.service.AttachmentDownloadService } U=0: not found
03-25 15:33:15.229 27347 27565 W ActivityManager: Unable to start service Intent { cmp=com.android.email/.service.AttachmentDownloadService } U=0: not found
03-25 15:33:15.239 27347 27598 W ActivityManager: Unable to start service Intent { cmp=com.android.email/.service.AttachmentDownloadService } U=0: not found
03-25 15:33:15.289 27347 27679 I ActivityManager: Start proc com.android.exchange for service com.android.exchange/.service.EmailSyncAdapterService: pid=28230 uid=10028 gids={50028, 3003, 1028, 1015}
03-25 15:33:15.329 27347 27421 I ActivityManager: Start proc com.qualcomm.qct.dlt for broadcast com.qualcomm.qct.dlt/.proximity.ProximityBroadcastReceiver: pid=28243 uid=10045 gids={50045, 1028, 1015, 3003, 1021, 3004, 3005, 1000, 3009, 1023, 1010}
03-25 15:33:15.759 27347 27621 I ActivityManager: Start proc com.qualcomm.display for broadcast com.qualcomm.display/.PPReceiver: pid=28257 uid=1000 gids={41000, 1028, 1015, 3003, 3005, 1021, 3004, 1000, 3009, 1023, 1010, 3002, 3001}
03-25 15:33:15.799 28257 28257 W ContextImpl: Calling a method in the system process without a qualified user: android.app.ContextImpl.startService:1496 android.content.ContextWrapper.startService:494 android.content.ContextWrapper.startService:494 com.qualcomm.display.PPReceiver.onReceive:33 android.app.ActivityThread.handleReceiver:2422 
03-25 15:33:15.829 27347 27621 I ActivityManager: Start proc com.qualcomm.rcsbootstraputil for broadcast com.qualcomm.rcsbootstraputil/.RCSReceiver: pid=28274 uid=1001 gids={41001, 3004, 3009, 3005, 1006, 3002, 3001, 3003, 1028, 1015}
03-25 15:33:15.929 27347 27516 I ActivityManager: Start proc com.qualcomm.svi for broadcast com.qualcomm.svi/.SVIReceiver: pid=28290 uid=1000 gids={41000, 1028, 1015, 3003, 3005, 1021, 3004, 1000, 3009, 1023, 1010, 3002, 3001}
03-25 15:33:15.969 28290 28290 W ContextImpl: Calling a method in the system process without a qualified user: android.app.ContextImpl.startService:1496 android.content.ContextWrapper.startService:494 android.content.ContextWrapper.startService:494 com.qualcomm.svi.SVIReceiver.onReceive:30 android.app.ActivityThread.handleReceiver:2422 
03-25 15:33:15.999 27347 27517 I ActivityManager: Start proc com.thunderst.update for broadcast com.thunderst.update/.autoupdate.AutoUpdateReceiver: pid=28303 uid=10061 gids={50061, 3003, 2001, 1028, 1015}
03-25 15:33:16.089 27347 27517 I ActivityManager: Start proc com.icrealtech.beam.helper for broadcast com.icrealtech.beam.helper/.RequestReceiver: pid=28317 uid=1000 gids={41000, 1028, 1015, 3003, 3005, 1021, 3004, 1000, 3009, 1023, 1010, 3002, 3001}
03-25 15:33:16.129 28317 28317 E AndroidRuntime: FATAL EXCEPTION: main
03-25 15:33:16.129 28317 28317 E AndroidRuntime: Process: com.icrealtech.beam.helper, PID: 28317
03-25 15:33:16.129 28317 28317 E AndroidRuntime: java.lang.NoClassDefFoundError: android.net.ethernet.EthernetManager
03-25 15:33:16.129 28317 28317 E AndroidRuntime: 	at com.icrealtech.beam.helper.EthernetController.<init>(EthernetController.java:37)
03-25 15:33:16.129 28317 28317 E AndroidRuntime: 	at com.icrealtech.beam.helper.RequestReceiver.onReceive(RequestReceiver.java:38)
03-25 15:33:16.129 28317 28317 E AndroidRuntime: 	at android.app.ActivityThread.handleReceiver(ActivityThread.java:2422)
03-25 15:33:16.129 28317 28317 E AndroidRuntime: 	at android.app.ActivityThread.access$1700(ActivityThread.java:138)
03-25 15:33:16.129 28317 28317 E AndroidRuntime: 	at android.app.ActivityThread$H.handleMessage(ActivityThread.java:1275)
03-25 15:33:16.129 28317 28317 E AndroidRuntime: 	at android.os.Handler.dispatchMessage(Handler.java:102)
03-25 15:33:16.129 28317 28317 E AndroidRuntime: 	at android.os.Looper.loop(Looper.java:136)
03-25 15:33:16.129 28317 28317 E AndroidRuntime: 	at android.app.ActivityThread.main(ActivityThread.java:5050)
03-25 15:33:16.129 28317 28317 E AndroidRuntime: 	at java.lang.reflect.Method.invokeNative(Native Method)
03-25 15:33:16.129 28317 28317 E AndroidRuntime: 	at java.lang.reflect.Method.invoke(Method.java:515)
03-25 15:33:16.129 28317 28317 E AndroidRuntime: 	at com.android.internal.os.ZygoteInit$MethodAndArgsCaller.run(ZygoteInit.java:780)
03-25 15:33:16.129 28317 28317 E AndroidRuntime: 	at com.android.internal.os.ZygoteInit.main(ZygoteInit.java:596)
03-25 15:33:16.129 28317 28317 E AndroidRuntime: 	at dalvik.system.NativeStart.main(Native Method)
03-25 15:33:16.149 27347 27517 I ActivityManager: Process com.icrealtech.beam.helper (pid 28317) has died.
03-25 15:33:16.169 27347 27371 I ActivityManager: Start proc com.qualcomm.atfwd for broadcast com.qualcomm.atfwd/.AtFwdAutoboot: pid=28331 uid=1000 gids={41000, 1028, 1015, 3003, 3005, 1021, 3004, 1000, 3009, 1023, 1010, 3002, 3001}
03-25 15:33:16.199 28331 28331 W ContextImpl: Calling a method in the system process without a qualified user: android.app.ContextImpl.startService:1496 android.content.ContextWrapper.startService:494 android.content.ContextWrapper.startService:494 com.qualcomm.atfwd.AtFwdAutoboot.onReceive:24 android.app.ActivityThread.handleReceiver:2422 
03-25 15:33:16.209 27347 27517 I ActivityManager: Delay finish: com.qualcomm.atfwd/.AtFwdAutoboot
03-25 15:33:17.149 27347 27565 I ActivityManager: Process com.android.bluetooth (pid 27870) has died.
03-25 15:33:17.169 27652 27652 W ContextImpl: Calling a method in the system process without a qualified user: android.app.ContextImpl.startService:1496 android.content.ContextWrapper.startService:494 android.content.ContextWrapper.startService:494 com.android.settings.bluetooth.DockEventReceiver.beginStartingService:134 com.android.settings.bluetooth.DockEventReceiver.onReceive:115 
03-25 15:33:17.199 27347 27358 I ActivityManager: Start proc com.android.bluetooth for broadcast com.android.bluetooth/.pbap.BluetoothPbapReceiver: pid=28351 uid=1002 gids={41002, 3003, 3002, 3001, 1028, 1015, 3005, 1016, 3008, 1023}
03-25 15:33:17.319 27652 27652 W ContextImpl: Calling a method in the system process without a qualified user: android.app.ContextImpl.startService:1496 android.content.ContextWrapper.startService:494 android.content.ContextWrapper.startService:494 com.android.settings.bluetooth.DockEventReceiver.beginStartingService:134 com.android.settings.bluetooth.DockEventReceiver.onReceive:115 
03-25 15:33:17.559 27347 27514 D QcConnectivityService: setProvNotificationVisible: E visible=false networkType=1 extraInfo=null url=null
03-25 15:33:17.589 27347 27514 W ActivityThread: ClassLoader.loadClass: The class loader returned by Thread.getContextClassLoader() may fail for processes that host multiple applications. You should explicitly specify a context class loader. For example: Thread.setContextClassLoader(getClass().getClassLoader());
03-25 15:33:17.589 27347 27371 I ActivityManager: Waited long enough for: ServiceRecord{41e5c330 u0 com.android.mms/.transaction.TransactionService}
03-25 15:33:17.589 27347 27371 I ActivityManager: Resuming delayed broadcast
03-25 15:33:17.619 27347 27371 I ActivityManager: Start proc com.qualcomm.atuner for broadcast com.qualcomm.atuner/.ATunerAutoboot: pid=28388 uid=10065 gids={50065}
03-25 15:33:17.649 27347 27514 D QcConnectivityService: captivePortalCheckCompleted: ni=NetworkInfo: type: WIFI[], state: CONNECTED/CONNECTED, reason: (unspecified), extra: "1503-5G", roaming: false, failover: false, isAvailable: true, isConnectedToProvisioningNetwork: false captive=false
03-25 15:33:17.669 27347 27517 I ActivityManager: Killing 27502:android.process.acore/u0a2 (adj 15): empty #17
03-25 15:33:17.669 27347 27347 W ContextImpl: Calling a method in the system process without a qualified user: android.app.ContextImpl.startService:1496 android.content.ContextWrapper.startService:494 android.content.ContextWrapper.startService:494 com.qualcomm.location.LocationServiceReceiver.onReceive:37 android.app.ActivityThread.handleReceiver:2422 
03-25 15:33:17.669 27347 27347 W ContextImpl: Calling a method in the system process without a qualified user: android.app.ContextImpl.startService:1496 android.content.ContextWrapper.startService:494 android.content.ContextWrapper.startService:494 com.qualcomm.location.LocationServiceReceiver.onReceive:41 android.app.ActivityThread.handleReceiver:2422 
03-25 15:33:17.699 27572 27572 W ContextImpl: Calling a method in the system process without a qualified user: android.app.ContextImpl.startService:1496 android.content.ContextWrapper.startService:494 android.content.ContextWrapper.startService:494 com.qualcomm.qti.services.secureui.BootReceiver.onReceive:30 android.app.ActivityThread.handleReceiver:2422 
03-25 15:33:17.719 27347 27563 I ActivityManager: Start proc com.qualcomm.embms for broadcast com.qualcomm.embms/.EmbmsBootReceiver: pid=28413 uid=10067 gids={50067, 3003}
03-25 15:33:17.719 27572 28419 W ContextImpl: Calling a method in the system process without a qualified user: android.app.ContextImpl.bindService:1560 android.content.ContextWrapper.bindService:517 com.qualcomm.qti.services.secureui.WfdReceiver.<init>:37 com.qualcomm.qti.services.secureui.SecureUIService.run:91 java.lang.Thread.run:841 
03-25 15:33:17.749 27347 27565 I ActivityManager: Start proc com.qualcomm.wfd.service:wfd_service for service com.qualcomm.wfd.service/.WfdService: pid=28430 uid=1000 gids={41000, 1028, 1015, 3003, 3005, 1021, 3004, 1000, 3009, 1023, 1010, 3002, 3001}
03-25 15:33:17.809 27347 27421 I ActivityManager: Start proc com.qualcomm.fastdormancy for broadcast com.qualcomm.fastdormancy/.FastDormancyReceiver: pid=28445 uid=10068 gids={50068}
03-25 15:33:17.809 27347 27421 I ActivityManager: Killing 27815:com.qti.cbwidget/u0a24 (adj 15): empty #17
03-25 15:33:17.889 28430 28430 W ContextImpl: Calling a method in the system process without a qualified user: android.app.ContextImpl.sendBroadcast:1140 android.content.ContextWrapper.sendBroadcast:365 com.qualcomm.wfd.service.SessionManagerService.broadcastWifiDisplayVideoEnabled:988 com.qualcomm.wfd.service.SessionManagerService.teardown:824 com.qualcomm.wfd.service.SessionManagerService.<init>:138 
03-25 15:33:17.889 27347 27516 I ActivityManager: Start proc com.qualcomm.qcrilmsgtunnel for broadcast com.qualcomm.qcrilmsgtunnel/.QcrilMsgTunnelAutoboot: pid=28464 uid=1001 gids={41001, 3004, 3009, 3005, 1006, 3002, 3001, 3003, 1028, 1015}
03-25 15:33:17.889 27347 27516 I ActivityManager: Killing 27848:com.android.dialer/u0a4 (adj 15): empty #17
03-25 15:33:17.899 27652 27670 W ContextImpl: Calling a method in the system process without a qualified user: android.app.ContextImpl.bindService:1560 android.content.ContextWrapper.bindService:517 android.bluetooth.BluetoothHeadset.doBind:283 android.bluetooth.BluetoothHeadset$1.onBluetoothStateChange:249 android.bluetooth.IBluetoothStateChangeCallback$Stub.onTransact:55 
03-25 15:33:17.909 27347 27376 W ContextImpl: Calling a method in the system process without a qualified user: android.app.ContextImpl.bindService:1560 android.bluetooth.BluetoothPan.doBind:148 android.bluetooth.BluetoothPan$1.onBluetoothStateChange:194 com.android.server.BluetoothManagerService.sendBluetoothStateCallback:530 com.android.server.BluetoothManagerService.bluetoothStateChangeHandler:1248 
03-25 15:33:17.929 27652 28348 W ContextImpl: Calling a method in the system process without a qualified user: android.app.ContextImpl.bindService:1560 android.content.ContextWrapper.bindService:517 android.bluetooth.BluetoothA2dp.doBind:165 android.bluetooth.BluetoothA2dp$1.onBluetoothStateChange:131 android.bluetooth.IBluetoothStateChangeCallback$Stub.onTransact:55 
03-25 15:33:17.929 27347 27376 W ContextImpl: Calling a method in the system process without a qualified user: android.app.ContextImpl.bindService:1560 android.bluetooth.BluetoothHeadset.doBind:283 android.bluetooth.BluetoothHeadset$1.onBluetoothStateChange:249 com.android.server.BluetoothManagerService.sendBluetoothStateCallback:530 com.android.server.BluetoothManagerService.bluetoothStateChangeHandler:1248 
03-25 15:33:17.939 27347 27376 W ContextImpl: Calling a method in the system process without a qualified user: android.app.ContextImpl.bindService:1560 android.bluetooth.BluetoothA2dp.doBind:165 android.bluetooth.BluetoothA2dp$1.onBluetoothStateChange:131 com.android.server.BluetoothManagerService.sendBluetoothStateCallback:530 com.android.server.BluetoothManagerService.bluetoothStateChangeHandler:1248 
03-25 15:33:17.939 27652 28348 W ContextImpl: Calling a method in the system process without a qualified user: android.app.ContextImpl.bindService:1560 android.content.ContextWrapper.bindService:517 android.bluetooth.BluetoothInputDevice.doBind:256 android.bluetooth.BluetoothInputDevice$1.onBluetoothStateChange:220 android.bluetooth.IBluetoothStateChangeCallback$Stub.onTransact:55 
03-25 15:33:17.949 27652 28347 W ContextImpl: Calling a method in the system process without a qualified user: android.app.ContextImpl.bindService:1560 android.content.ContextWrapper.bindService:517 android.bluetooth.BluetoothPan.doBind:148 android.bluetooth.BluetoothPan$1.onBluetoothStateChange:194 android.bluetooth.IBluetoothStateChangeCallback$Stub.onTransact:55 
03-25 15:33:17.969 27347 27517 I ActivityManager: Delay finish: com.qualcomm.qcrilmsgtunnel/.QcrilMsgTunnelAutoboot
03-25 15:33:17.969 27652 27670 W ContextImpl: Calling a method in the system process without a qualified user: android.app.ContextImpl.bindService:1560 android.content.ContextWrapper.bindService:517 android.bluetooth.BluetoothMap.doBind:109 android.bluetooth.BluetoothMap$1.onBluetoothStateChange:76 android.bluetooth.IBluetoothStateChangeCallback$Stub.onTransact:55 
03-25 15:33:17.969 27652 28347 W ContextImpl: Calling a method in the system process without a qualified user: android.app.ContextImpl.bindService:1560 android.content.ContextWrapper.bindService:517 android.bluetooth.BluetoothPbap.doBind:164 android.bluetooth.BluetoothPbap$1.onBluetoothStateChange:132 android.bluetooth.IBluetoothStateChangeCallback$Stub.onTransact:55 
03-25 15:33:17.989 27652 27652 W ContextImpl: Calling a method in the system process without a qualified user: android.app.ContextImpl.startService:1496 android.content.ContextWrapper.startService:494 android.content.ContextWrapper.startService:494 com.android.settings.bluetooth.DockEventReceiver.beginStartingService:134 com.android.settings.bluetooth.DockEventReceiver.onReceive:115 
03-25 15:33:30.989 27347 27371 I ActivityManager: Waited long enough for: ServiceRecord{41e5cc90 u0 com.qualcomm.svi/.SVIService}
03-25 15:33:30.989 27347 27371 I ActivityManager: Resuming delayed broadcast
03-25 15:33:30.999 27347 27371 I ActivityManager: Start proc com.splinex.streaming for broadcast com.splinex.streaming/.RequestReceiver: pid=28507 uid=10016 gids={50016, 1028, 1015, 3003, 3002, 3001}
03-25 15:33:31.059 27347 27421 I ActivityManager: START u0 {flg=0x10000000 cmp=com.splinex.streaming/.TwoCamActivity} from pid 28507
03-25 15:33:31.159 27347 27679 I ActivityManager: Config changes=480 {1.0 ?mcc?mnc en_US ldltr sw360dp w640dp h335dp 320dpi nrml long land -touch -keyb/v/h -nav/h s.5}
03-25 15:33:31.219 27347 27371 I ActivityManager: Waited long enough for: ServiceRecord{41dfdca8 u0 com.qualcomm.atfwd/.AtFwdService}
03-25 15:33:31.339 27586 27586 W ContextImpl: Calling a method in the system process without a qualified user: android.app.ContextImpl.startService:1496 android.content.ContextWrapper.startService:494 android.content.ContextWrapper.startService:494 com.qualcomm.msapm.MSAPMReceiver.onReceive:63 android.app.ActivityThread.handleReceiver:2422 
03-25 15:33:31.389 27347 27621 I ActivityManager: Start proc android.process.acore for content provider com.android.providers.contacts/.ContactsProvider2: pid=28527 uid=10002 gids={50002, 3003, 1028, 1015}
03-25 15:33:31.539 27347 27517 I ActivityManager: Start proc com.qualcomm.timeservice for broadcast com.qualcomm.timeservice/.TimeServiceBroadcastReceiver: pid=28554 uid=10062 gids={50062}
03-25 15:33:31.609 27347 27679 I ActivityManager: Killing 27636:com.android.printspooler/u0a53 (adj 15): empty #17
03-25 15:33:31.889 27347 27359 I ActivityManager: Killing 28145:com.android.onetimeinitializer/u0a11 (adj 15): empty #17
03-25 15:33:32.189 27347 27621 D WifiService: setWifiEnabled: true pid=28507, uid=10016
03-25 15:33:32.489 27347 27421 I ActivityManager: Start proc com.thunderst.update:remote for service com.thunderst.update/.autoupdate.AutoUpdate: pid=28574 uid=10061 gids={50061, 3003, 2001, 1028, 1015}
03-25 15:33:32.839 27347 27370 I WindowManager: Screen frozen for +1s702ms due to Window{4198e080 u0 com.splinex.streaming/com.splinex.streaming.TwoCamActivity}
03-25 15:33:32.959 27347 27371 I ActivityManager: Waited long enough for: ServiceRecord{41d550d8 u0 com.qualcomm.qcrilmsgtunnel/.QcrilMsgTunnelService}
03-25 15:33:57.409 27347 27413 D QcConnectivityService: Sampling interval elapsed, updating statistics ..
03-25 15:33:57.439 27347 27413 D QcConnectivityService: Done.
03-25 15:33:57.439 27347 27413 D QcConnectivityService: Setting timer for 720seconds
03-25 15:33:59.859 27347 27371 I ActivityManager: Start proc com.android.musicfx for broadcast com.android.musicfx/.ControlPanelReceiver: pid=28622 uid=10010 gids={50010, 3003, 3002}
03-25 15:33:59.869 27347 27620 I ActivityManager: Killing 27763:com.android.music/u0a43 (adj 15): empty #17
03-25 15:33:59.919 27347 27359 I ActivityManager: Killing 28160:com.qualcomm.cabl/1000 (adj 15): empty #17
03-25 15:34:48.059 27347 27621 I ActivityManager: START u0 {act=android.intent.action.MAIN cat=[android.intent.category.LAUNCHER] flg=0x10000000 cmp=com.splinex.streaming/.TwoCamActivity} from pid 28650
03-25 15:34:48.099 27347 27516 D WifiService: setWifiEnabled: true pid=28507, uid=10016
--------- beginning of /dev/log/main
03-25 15:36:39.539 28055 28055 D wpa_supplicant: RX ctrl_iface - hexdump(len=11): 53 49 47 4e 41 4c 5f 50 4f 4c 4c
03-25 15:36:39.539 28055 28055 D wpa_supplicant: wlan0: Control interface command 'SIGNAL_POLL'
03-25 15:36:39.539 28055 28055 D wpa_supplicant: nl80211: survey data missing!
03-25 15:36:41.059 28707 28707 D QSEECOMAPI: : QSEECom_get_handle sb_length = 0x2000
03-25 15:36:41.059 28707 28707 D QSEECOMAPI: : App is not loaded in QSEE
03-25 15:36:41.059 28707 28707 E QSEECOMAPI: : Error::Cannot open the file /vendor/firmware/keymaster/keymaster.mdt
03-25 15:36:41.059 28707 28707 E QSEECOMAPI: : Error::Loading image failed with ret = -1
03-25 15:36:41.079 28707 28707 D QSEECOMAPI: : QSEECom_get_handle sb_length = 0x2000
03-25 15:36:41.079 28707 28707 D QSEECOMAPI: : App is not loaded in QSEE
03-25 15:36:41.079 28707 28707 E QSEECOMAPI: : Error::Cannot open the file /firmware/image/keymaste.mdt
03-25 15:36:41.079 28707 28707 E QSEECOMAPI: : Error::Loading image failed with ret = -1
03-25 15:36:41.089 28707 28707 E QCOMKeyMaster: Loading keymaster app failied
03-25 15:36:41.089 28707 28707 E keystore: could not open keymaster device in keystore (Operation not permitted)
03-25 15:36:41.089 28707 28707 E keystore: keystore keymaster could not be initialized; exiting
03-25 15:36:42.039 28464 28489 E QcrilMsgTunnelSocket: IOException - java.io.IOException: No such file or directory Reason: No such file or directory
03-25 15:36:42.229   218   218 V WLAN_PSA: NL MSG, len[048], NL type[0x11] WNI type[0x5050] len[028]
03-25 15:36:42.549 28055 28055 D wpa_supplicant: RX ctrl_iface - hexdump(len=11): 53 49 47 4e 41 4c 5f 50 4f 4c 4c
03-25 15:36:42.549 28055 28055 D wpa_supplicant: wlan0: Control interface command 'SIGNAL_POLL'
03-25 15:36:42.559 28055 28055 D wpa_supplicant: nl80211: survey data missing!
03-25 15:36:45.549 28055 28055 D wpa_supplicant: RX ctrl_iface - hexdump(len=11): 53 49 47 4e 41 4c 5f 50 4f 4c 4c
03-25 15:36:45.549 28055 28055 D wpa_supplicant: wlan0: Control interface command 'SIGNAL_POLL'
03-25 15:36:45.569 28055 28055 D wpa_supplicant: nl80211: survey data missing!
03-25 15:36:46.039 28464 28489 E QcrilMsgTunnelSocket: IOException - java.io.IOException: No such file or directory Reason: No such file or directory
03-25 15:36:46.109 28709 28709 D QSEECOMAPI: : QSEECom_get_handle sb_length = 0x2000
03-25 15:36:46.109 28709 28709 D QSEECOMAPI: : App is not loaded in QSEE
03-25 15:36:46.109 28709 28709 E QSEECOMAPI: : Error::Cannot open the file /vendor/firmware/keymaster/keymaster.mdt
03-25 15:36:46.109 28709 28709 E QSEECOMAPI: : Error::Loading image failed with ret = -1
03-25 15:36:46.129 28709 28709 D QSEECOMAPI: : QSEECom_get_handle sb_length = 0x2000
03-25 15:36:46.129 28709 28709 D QSEECOMAPI: : App is not loaded in QSEE
03-25 15:36:46.129 28709 28709 E QSEECOMAPI: : Error::Cannot open the file /firmware/image/keymaste.mdt
03-25 15:36:46.129 28709 28709 E QSEECOMAPI: : Error::Loading image failed with ret = -1
03-25 15:36:46.139 28709 28709 E QCOMKeyMaster: Loading keymaster app failied
03-25 15:36:46.139 28709 28709 E keystore: could not open keymaster device in keystore (Operation not permitted)
03-25 15:36:46.139 28709 28709 E keystore: keystore keymaster could not be initialized; exiting
03-25 15:36:47.239   218   218 V WLAN_PSA: NL MSG, len[048], NL type[0x11] WNI type[0x5050] len[028]
03-25 15:36:48.569 28055 28055 D wpa_supplicant: RX ctrl_iface - hexdump(len=11): 53 49 47 4e 41 4c 5f 50 4f 4c 4c
03-25 15:36:48.569 28055 28055 D wpa_supplicant: wlan0: Control interface command 'SIGNAL_POLL'
03-25 15:36:48.589 28055 28055 D wpa_supplicant: nl80211: survey data missing!
03-25 15:36:50.039 28464 28489 E QcrilMsgTunnelSocket: IOException - java.io.IOException: No such file or directory Reason: No such file or directory
03-25 15:36:51.159 28710 28710 D QSEECOMAPI: : QSEECom_get_handle sb_length = 0x2000
03-25 15:36:51.159 28710 28710 D QSEECOMAPI: : App is not loaded in QSEE
03-25 15:36:51.159 28710 28710 E QSEECOMAPI: : Error::Cannot open the file /vendor/firmware/keymaster/keymaster.mdt
03-25 15:36:51.159 28710 28710 E QSEECOMAPI: : Error::Loading image failed with ret = -1
03-25 15:36:51.179 28710 28710 D QSEECOMAPI: : QSEECom_get_handle sb_length = 0x2000
03-25 15:36:51.179 28710 28710 D QSEECOMAPI: : App is not loaded in QSEE
03-25 15:36:51.179 28710 28710 E QSEECOMAPI: : Error::Cannot open the file /firmware/image/keymaste.mdt
03-25 15:36:51.179 28710 28710 E QSEECOMAPI: : Error::Loading image failed with ret = -1
03-25 15:36:51.189 28710 28710 E QCOMKeyMaster: Loading keymaster app failied
03-25 15:36:51.189 28710 28710 E keystore: could not open keymaster device in keystore (Operation not permitted)
03-25 15:36:51.189 28710 28710 E keystore: keystore keymaster could not be initialized; exiting
03-25 15:36:51.579 28055 28055 D wpa_supplicant: RX ctrl_iface - hexdump(len=11): 53 49 47 4e 41 4c 5f 50 4f 4c 4c
03-25 15:36:51.579 28055 28055 D wpa_supplicant: wlan0: Control interface command 'SIGNAL_POLL'
03-25 15:36:51.599 28055 28055 D wpa_supplicant: nl80211: survey data missing!
03-25 15:36:52.249   218   218 V WLAN_PSA: NL MSG, len[048], NL type[0x11] WNI type[0x5050] len[028]
03-25 15:36:54.039 28464 28489 E QcrilMsgTunnelSocket: IOException - java.io.IOException: No such file or directory Reason: No such file or directory
03-25 15:36:54.599 28055 28055 D wpa_supplicant: RX ctrl_iface - hexdump(len=11): 53 49 47 4e 41 4c 5f 50 4f 4c 4c
03-25 15:36:54.599 28055 28055 D wpa_supplicant: wlan0: Control interface command 'SIGNAL_POLL'
03-25 15:36:54.619 28055 28055 D wpa_supplicant: nl80211: survey data missing!
03-25 15:36:56.209 28712 28712 D QSEECOMAPI: : QSEECom_get_handle sb_length = 0x2000
