18 21:26:13.544  1646  1646 D wpa_supplicant: WPS: attr type=0x1011 len=21
03-18 21:26:13.544  1646  1646 D wpa_supplicant: WPS: attr type=0x1008 len=2
03-18 21:26:13.544  1646  1646 D wpa_supplicant: WPS: attr type=0x103c len=1
03-18 21:26:13.544  1646  1646 D wpa_supplicant: CTRL_IFACE monitor send - hexdump(len=39): 2f 64 61 74 61 2f 6d 69 73 63 2f 77 69 66 69 2f 73 6f 63 6b 65 74 73 2f 77 70 61 5f 63 74 72 6c ...
03-18 21:26:13.554  1646  1646 D wpa_supplicant: WPS: attr type=0x104a len=1
03-18 21:26:13.554  1646  1646 D wpa_supplicant: WPS: attr type=0x1044 len=1
03-18 21:26:13.554  1646  1646 D wpa_supplicant: WPS: attr type=0x103b len=1
03-18 21:26:13.554  1646  1646 D wpa_supplicant: WPS: attr type=0x1047 len=16
03-18 21:26:13.554  1646  1646 D wpa_supplicant: WPS: attr type=0x1021 len=13
03-18 21:26:13.554  1646  1646 D wpa_supplicant: WPS: attr type=0x1023 len=5
03-18 21:26:13.554  1646  1646 D wpa_supplicant: WPS: attr type=0x1024 len=5
03-18 21:26:13.554  1646  1646 D wpa_supplicant: WPS: attr type=0x1042 len=2
03-18 21:26:13.554  1646  1646 D wpa_supplicant: WPS: attr type=0x1054 len=8
03-18 21:26:13.554  1646  1646 D wpa_supplicant: WPS: attr type=0x1011 len=5
03-18 21:26:13.554  1646  1646 D wpa_supplicant: WPS: attr type=0x1008 len=2
03-18 21:26:13.554  1646  1646 D wpa_supplicant: WPS: attr type=0x103c len=1
03-18 21:26:13.554  1646  1646 D wpa_supplicant: WPS: attr type=0x1049 len=6
03-18 21:26:13.554  1646  1646 D wpa_supplicant: WPS: WFA subelement id=0 len=1
03-18 21:26:13.554  1646  1646 D wpa_supplicant: WPS: attr type=0x104a len=1
03-18 21:26:13.554  1646  1646 D wpa_supplicant: WPS: attr type=0x1044 len=1
03-18 21:26:13.554  1646  1646 D wpa_supplicant: WPS: attr type=0x103b len=1
03-18 21:26:13.554  1646  1646 D wpa_supplicant: WPS: attr type=0x1047 len=16
03-18 21:26:13.554  1646  1646 D wpa_supplicant: WPS: attr type=0x1021 len=24
03-18 21:26:13.554  1646  1646 D wpa_supplicant: WPS: attr type=0x1023 len=28
03-18 21:26:13.554  1646  1646 D wpa_supplicant: WPS: attr type=0x1024 len=6
03-18 21:26:13.554  1646  1646 D wpa_supplicant: WPS: attr type=0x1042 len=8
03-18 21:26:13.554  1646  1646 D wpa_supplicant: WPS: attr type=0x1054 len=8
03-18 21:26:13.554  1646  1646 D wpa_supplicant: WPS: attr type=0x1011 len=9
03-18 21:26:13.554  1646  1646 D wpa_supplicant: WPS: attr type=0x1008 len=2
03-18 21:26:13.554  1646  1646 D wpa_supplicant: WPS: attr type=0x103c len=1
03-18 21:26:13.554  1646  1646 D wpa_supplicant: WPS: attr type=0x104a len=1
03-18 21:26:13.554  1646  1646 D wpa_supplicant: WPS: attr type=0x1044 len=1
03-18 21:26:13.554  1646  1646 D wpa_supplicant: WPS: attr type=0x1041 len=1
03-18 21:26:13.554  1646  1646 D wpa_supplicant: WPS: attr type=0x1012 len=2
03-18 21:26:13.554  1646  1646 D wpa_supplicant: WPS: attr type=0x1053 len=2
03-18 21:26:13.554  1646  1646 D wpa_supplicant: WPS: attr type=0x103b len=1
03-18 21:26:13.554  1646  1646 D wpa_supplicant: WPS: attr type=0x1047 len=16
03-18 21:26:13.554  1646  1646 D wpa_supplicant: WPS: attr type=0x1021 len=26
03-18 21:26:13.554  1646  1646 D wpa_supplicant: WPS: attr type=0x1023 len=20
03-18 21:26:13.554  1646  1646 D wpa_supplicant: WPS: attr type=0x1024 len=15
03-18 21:26:13.554  1646  1646 D wpa_supplicant: WPS: attr type=0x1042 len=4
03-18 21:26:13.554  1646  1646 D wpa_supplicant: WPS: attr type=0x1054 len=8
03-18 21:26:13.554  1646  1646 D wpa_supplicant: WPS: attr type=0x1011 len=21
03-18 21:26:13.554  1646  1646 D wpa_supplicant: WPS: attr type=0x1008 len=2
03-18 21:26:13.554  1646  1646 D wpa_supplicant: WPS: attr type=0x103c len=1
03-18 21:26:13.554  1646  1646 D wpa_supplicant: WPS: AP[0] e8:fc:af:ff:3a:33 type=0 tries=0 last_attempt=-1 sec ago blacklist=0
03-18 21:26:13.554  1646  1646 D wpa_supplicant: WPS: AP[1] ec:43:f6:da:f7:48 type=0 tries=0 last_attempt=-1 sec ago blacklist=0
03-18 21:26:13.554  1646  1646 D wpa_supplicant: WPS: AP[2] ea:28:5d:6b:09:e8 type=1 tries=0 last_attempt=-1 sec ago blacklist=0
03-18 21:26:13.554  1646  1646 D wpa_supplicant: WPS: AP[3] e8:fc:af:ff:3a:34 type=0 tries=0 last_attempt=-1 sec ago blacklist=0
03-18 21:26:13.554  1646  1646 D wpa_supplicant: WPS: AP[4] 00:24:b2:5a:54:33 type=0 tries=0 last_attempt=-1 sec ago blacklist=0
03-18 21:26:13.554  1646  1646 D wpa_supplicant: WPS: AP[5] d4:bf:7f:50:7d:30 type=0 tries=0 last_attempt=-1 sec ago blacklist=0
03-18 21:26:13.554  1646  1646 D wpa_supplicant: p2p0: No suitable network found
03-18 21:26:13.554  1646  1646 D wpa_supplicant: p2p0: Short-circuit new scan request since there are no enabled networks
03-18 21:26:13.554  1646  1646 D wpa_supplicant: p2p0: State: INACTIVE -> INACTIVE
03-18 21:26:13.554  1646  1646 D wpa_supplicant: wlan0: P2P: Station mode scan operation not pending anymore (sta_scan_pending=0 p2p_cb_on_scan_complete=0)
03-18 21:26:13.554  1646  1646 D wpa_supplicant: nl80211: Drv Event 32 (NL80211_CMD_GET_SCAN) received for wlan0
03-18 21:26:13.554  1646  1646 D wpa_supplicant: wlan0: nl80211: Ignored unknown event (cmd=32)
03-18 21:26:13.554  1646  1646 D wpa_supplicant: RX ctrl_iface - hexdump(len=25): 42 53 53 20 52 41 4e 47 45 3d 30 2d 20 4d 41 53 4b 3d 30 78 32 31 39 38 37
03-18 21:26:13.554  1646  1646 D wpa_supplicant: wlan0: Control interface command 'BSS RANGE=0- MASK=0x21987'
03-18 21:26:13.554  1646  1646 D wpa_supplicant: WPS: attr type=0x104a len=1
03-18 21:26:13.554  1646  1646 D wpa_supplicant: WPS: attr type=0x1044 len=1
03-18 21:26:13.554  1646  1646 D wpa_supplicant: WPS: attr type=0x1041 len=1
03-18 21:26:13.554  1646  1646 D wpa_supplicant: WPS: attr type=0x1012 len=2
03-18 21:26:13.554  1646  1646 D wpa_supplicant: WPS: attr type=0x1053 len=2
03-18 21:26:13.554  1646  1646 D wpa_supplicant: WPS: attr type=0x103b len=1
03-18 21:26:13.554  1646  1646 D wpa_supplicant: WPS: attr type=0x1047 len=16
03-18 21:26:13.554  1646  1646 D wpa_supplicant: WPS: attr type=0x1021 len=26
03-18 21:26:13.554  1646  1646 D wpa_supplicant: WPS: attr type=0x1023 len=20
03-18 21:26:13.554  1646  1646 D wpa_supplicant: WPS: attr type=0x1024 len=15
03-18 21:26:13.554  1646  1646 D wpa_supplicant: WPS: attr type=0x1042 len=4
03-18 21:26:13.554  1646  1646 D wpa_supplicant: WPS: attr type=0x1054 len=8
03-18 21:26:13.554  1646  1646 D wpa_supplicant: WPS: attr type=0x1011 len=21
03-18 21:26:13.554  1646  1646 D wpa_supplicant: WPS: attr type=0x1008 len=2
03-18 21:26:13.554  1646  1646 D wpa_supplicant: WPS: attr type=0x103c len=1
03-18 21:26:13.554  1646  1646 D wpa_supplicant: WPS: attr type=0x104a len=1
03-18 21:26:13.554  1646  1646 D wpa_supplicant: WPS: attr type=0x1044 len=1
03-18 21:26:13.554  1646  1646 D wpa_supplicant: WPS: attr type=0x1041 len=1
03-18 21:26:13.554  1646  1646 D wpa_supplicant: WPS: attr type=0x1012 len=2
03-18 21:26:13.554  1646  1646 D wpa_supplicant: WPS: attr type=0x1053 len=2
03-18 21:26:13.554  1646  1646 D wpa_supplicant: WPS: attr type=0x103b len=1
03-18 21:26:13.554  1646  1646 D wpa_supplicant: WPS: attr type=0x1047 len=16
03-18 21:26:13.554  1646  1646 D wpa_supplicant: WPS: attr type=0x1021 len=26
03-18 21:26:13.554  1646  1646 D wpa_supplicant: WPS: attr type=0x1023 len=20
03-18 21:26:13.554  1646  1646 D wpa_supplicant: WPS: attr type=0x1024 len=15
03-18 21:26:13.554  1646  1646 D wpa_supplicant: WPS: attr type=0x1042 len=4
03-18 21:26:13.554  1646  1646 D wpa_supplicant: WPS: attr type=0x1054 len=8
03-18 21:26:13.554  1646  1646 D wpa_supplicant: WPS: attr type=0x1011 len=21
03-18 21:26:13.554  1646  1646 D wpa_supplicant: WPS: attr type=0x1008 len=2
03-18 21:26:13.554  1646  1646 D wpa_supplicant: WPS: attr type=0x103c len=1
03-18 21:26:13.554  1646  1646 D wpa_supplicant: WPS: attr type=0x104a len=1
03-18 21:26:13.554  1646  1646 D wpa_supplicant: WPS: attr type=0x1044 len=1
03-18 21:26:13.554  1646  1646 D wpa_supplicant: WPS: attr type=0x1041 len=1
03-18 21:26:13.554  1646  1646 D wpa_supplicant: WPS: attr type=0x1012 len=2
03-18 21:26:13.554  1646  1646 D wpa_supplicant: WPS: attr type=0x1053 len=2
03-18 21:26:13.554  1646  1646 D wpa_supplicant: WPS: attr type=0x103b len=1
03-18 21:26:13.554  1646  1646 D wpa_supplicant: WPS: attr type=0x1047 len=16
03-18 21:26:13.554  1646  1646 D wpa_supplicant: WPS: attr type=0x1021 len=26
03-18 21:26:13.554  1646  1646 D wpa_supplicant: WPS: attr type=0x1023 len=20
03-18 21:26:13.554  1646  1646 D wpa_supplicant: WPS: attr type=0x1024 len=15
03-18 21:26:13.554  1646  1646 D wpa_supplicant: WPS: attr type=0x1042 len=4
03-18 21:26:13.554  1646  1646 D wpa_supplicant: WPS: attr type=0x1054 len=8
03-18 21:26:13.554  1646  1646 D wpa_supplicant: WPS: attr type=0x1011 len=21
03-18 21:26:13.554  1646  1646 D wpa_supplicant: WPS: attr type=0x1008 len=2
03-18 21:26:13.554  1646  1646 D wpa_supplicant: WPS: attr type=0x103c len=1
03-18 21:26:13.554  1646  1646 D wpa_supplicant: WPS: attr type=0x104a len=1
03-18 21:26:13.554  1646  1646 D wpa_supplicant: WPS: attr type=0x1044 len=1
03-18 21:26:13.554  1646  1646 D wpa_supplicant: WPS: attr type=0x103b len=1
03-18 21:26:13.554  1646  1646 D wpa_supplicant: WPS: attr type=0x1047 len=16
03-18 21:26:13.554  1646  1646 D wpa_supplicant: WPS: attr type=0x1021 len=24
03-18 21:26:13.554  1646  1646 D wpa_supplicant: WPS: attr type=0x1023 len=28
03-18 21:26:13.554  1646  1646 D wpa_supplicant: WPS: attr type=0x1024 len=6
03-18 21:26:13.554  1646  1646 D wpa_supplicant: WPS: attr type=0x1042 len=8
03-18 21:26:13.554  1646  1646 D wpa_supplicant: WPS: attr type=0x1054 len=8
03-18 21:26:13.554  1646  1646 D wpa_supplicant: WPS: attr type=0x1011 len=9
03-18 21:26:13.554  1646  1646 D wpa_supplicant: WPS: attr type=0x1008 len=2
03-18 21:26:13.554  1646  1646 D wpa_supplicant: WPS: attr type=0x103c len=1
03-18 21:26:13.554  1646  1646 D wpa_supplicant: WPS: attr type=0x104a len=1
03-18 21:26:13.554  1646  1646 D wpa_supplicant: WPS: attr type=0x1044 len=1
03-18 21:26:13.554  1646  1646 D wpa_supplicant: WPS: attr type=0x103b len=1
03-18 21:26:13.554  1646  1646 D wpa_supplicant: WPS: attr type=0x1047 len=16
03-18 21:26:13.554  1646  1646 D wpa_supplicant: WPS: attr type=0x1021 len=24
03-18 21:26:13.554  1646  1646 D wpa_supplicant: WPS: attr type=0x1023 len=28
03-18 21:26:13.554  1646  1646 D wpa_supplicant: WPS: attr type=0x1024 len=6
03-18 21:26:13.554  1646  1646 D wpa_supplicant: WPS: attr type=0x1042 len=8
03-18 21:26:13.554  1646  1646 D wpa_supplicant: WPS: attr type=0x1054 len=8
03-18 21:26:13.554  1646  1646 D wpa_supplicant: WPS: attr type=0x1011 len=9
03-18 21:26:13.554  1646  1646 D wpa_supplicant: WPS: attr type=0x1008 len=2
03-18 21:26:13.554  1646  1646 D wpa_supplicant: WPS: attr type=0x103c len=1
03-18 21:26:13.554  1646  1646 D wpa_supplicant: WPS: attr type=0x104a len=1
03-18 21:26:13.554  1646  1646 D wpa_supplicant: WPS: attr type=0x1044 len=1
03-18 21:26:13.554  1646  1646 D wpa_supplicant: WPS: attr type=0x103b len=1
03-18 21:26:13.554  1646  1646 D wpa_supplicant: WPS: attr type=0x1047 len=16
03-18 21:26:13.554  1646  1646 D wpa_supplicant: WPS: attr type=0x1021 len=24
03-18 21:26:13.554  1646  1646 D wpa_supplicant: WPS: attr type=0x1023 len=28
03-18 21:26:13.554  1646  1646 D wpa_supplicant: WPS: attr type=0x1024 len=6
03-18 21:26:13.554  1646  1646 D wpa_supplicant: WPS: attr type=0x1042 len=8
03-18 21:26:13.554  1646  1646 D wpa_supplicant: WPS: attr type=0x1054 len=8
03-18 21:26:13.554  1646  1646 D wpa_supplicant: WPS: attr type=0x1011 len=9
03-18 21:26:13.554  1646  1646 D wpa_supplicant: WPS: attr type=0x1008 len=2
03-18 21:26:13.554  1646  1646 D wpa_supplicant: WPS: attr type=0x103c len=1
03-18 21:26:13.554  1646  1646 D wpa_supplicant: WPS: attr type=0x104a len=1
03-18 21:26:13.554  1646  1646 D wpa_supplicant: WPS: attr type=0x1044 len=1
03-18 21:26:13.554  1646  1646 D wpa_supplicant: WPS: attr type=0x103b len=1
03-18 21:26:13.554  1646  1646 D wpa_supplicant: WPS: attr type=0x1047 len=16
03-18 21:26:13.554  1646  1646 D wpa_supplicant: WPS: attr type=0x1021 len=13
03-18 21:26:13.554  1646  1646 D wpa_supplicant: WPS: attr type=0x1023 len=5
03-18 21:26:13.554  1646  1646 D wpa_supplicant: WPS: attr type=0x1024 len=5
03-18 21:26:13.554  1646  1646 D wpa_supplicant: WPS: attr type=0x1042 len=2
03-18 21:26:13.554  1646  1646 D wpa_supplicant: WPS: attr type=0x1054 len=8
03-18 21:26:13.554  1646  1646 D wpa_supplicant: WPS: attr type=0x1011 len=5
03-18 21:26:13.554  1646  1646 D wpa_supplicant: WPS: attr type=0x1008 len=2
03-18 21:26:13.554  1646  1646 D wpa_supplicant: WPS: attr type=0x103c len=1
03-18 21:26:13.554  1646  1646 D wpa_supplicant: WPS: attr type=0x1049 len=6
03-18 21:26:13.554  1646  1646 D wpa_supplicant: WPS: WFA subelement id=0 len=1
03-18 21:26:13.554  1646  1646 D wpa_supplicant: WPS: attr type=0x104a len=1
03-18 21:26:13.554  1646  1646 D wpa_supplicant: WPS: attr type=0x1044 len=1
03-18 21:26:13.554  1646  1646 D wpa_supplicant: WPS: attr type=0x103b len=1
03-18 21:26:13.554  1646  1646 D wpa_supplicant: WPS: attr type=0x1047 len=16
03-18 21:26:13.554  1646  1646 D wpa_supplicant: WPS: attr type=0x1021 len=13
03-18 21:26:13.554  1646  1646 D wpa_supplicant: WPS: attr type=0x1023 len=5
03-18 21:26:13.554  1646  1646 D wpa_supplicant: WPS: attr type=0x1024 len=5
03-18 21:26:13.554  1646  1646 D wpa_supplicant: WPS: attr type=0x1042 len=2
03-18 21:26:13.554  1646  1646 D wpa_supplicant: WPS: attr type=0x1054 len=8
03-18 21:26:13.554  1646  1646 D wpa_supplicant: WPS: attr type=0x1011 len=5
03-18 21:26:13.554  1646  1646 D wpa_supplicant: WPS: attr type=0x1008 len=2
03-18 21:26:13.554  1646  1646 D wpa_supplicant: WPS: attr type=0x103c len=1
03-18 21:26:13.554  1646  1646 D wpa_supplicant: WPS: attr type=0x1049 len=6
03-18 21:26:13.554  1646  1646 D wpa_supplicant: WPS: WFA subelement id=0 len=1
03-18 21:26:13.554  1646  1646 D wpa_supplicant: WPS: attr type=0x104a len=1
03-18 21:26:13.554  1646  1646 D wpa_supplicant: WPS: attr type=0x1044 len=1
03-18 21:26:13.554  1646  1646 D wpa_supplicant: WPS: attr type=0x103b len=1
03-18 21:26:13.554  1646  1646 D wpa_supplicant: WPS: attr type=0x1047 len=16
03-18 21:26:13.554  1646  1646 D wpa_supplicant: WPS: attr type=0x1021 len=13
03-18 21:26:13.554  1646  1646 D wpa_supplicant: WPS: attr type=0x1023 len=5
03-18 21:26:13.554  1646  1646 D wpa_supplicant: WPS: attr type=0x1024 len=5
03-18 21:26:13.554  1646  1646 D wpa_supplicant: WPS: attr type=0x1042 len=2
03-18 21:26:13.554  1646  1646 D wpa_supplicant: WPS: attr type=0x1054 len=8
03-18 21:26:13.554  1646  1646 D wpa_supplicant: WPS: attr type=0x1011 len=5
03-18 21:26:13.554  1646  1646 D wpa_supplicant: WPS: attr type=0x1008 len=2
03-18 21:26:13.554  1646  1646 D wpa_supplicant: WPS: attr type=0x103c len=1
03-18 21:26:13.554  1646  1646 D wpa_supplicant: WPS: attr type=0x1049 len=6
03-18 21:26:13.554  1646  1646 D wpa_supplicant: WPS: WFA subelement id=0 len=1
03-18 21:26:13.554  1646  1646 D wpa_supplicant: RTM_NEWLINK: operstate=1 ifi_flags=0x11043 ([UP][RUNNING][LOWER_UP])
03-18 21:26:13.554  1646  1646 D wpa_supplicant: RTM_NEWLINK, IFLA_IFNAME: Interface 'wlan0' added
03-18 21:26:13.554  1646  1646 D wpa_supplicant: nl80211: if_removed already cleared - ignore event
03-18 21:26:13.564   213 12315 E MPEG4Writer: timestamp interval = 150106 ,currentTS = 4661485230 ,preTS = 4661335124
03-18 21:26:13.564   213 12315 E MPEG4Writer: timestamp interval = 100069 ,currentTS = 4661535263 ,preTS = 4661435194
03-18 21:26:13.564   213 12315 E MPEG4Writer: timestamp interval = 100071 ,currentTS = 4661635334 ,preTS = 4661535263
03-18 21:26:13.574   923  1300 D LBSSystemMonitorService: handleMessage what - 4
03-18 21:26:13.574   923  1300 D Wiper_jni: Send Network Location.
03-18 21:26:13.574   923  1112 E LocSvc_api_v02: I/---> locClientSendReq line 2360 QMI_LOC_INJECT_WIFI_POSITION_REQ_V02
03-18 21:26:13.574  1150  1318 W XTWiFiLP: No fix from XTWiFi-PE
03-18 21:26:13.574  1150  1318 W XTWiFiLP: No WiFi scan result from XTWiFi-PE
03-18 21:26:13.574   923  1145 E LocSvc_ApiV02: I/<--- void globalRespCb(locClientHandleType, uint32_t, locClientRespIndUnionType, void*) line 106 QMI_LOC_INJECT_WIFI_POSITION_REQ_V02
03-18 21:26:13.614   213 12343 E MPEG4Writer: timestamp interval = 150105 ,currentTS = 4661635363 ,preTS = 4661485258
03-18 21:26:13.634  1724  1728 D dalvikvm: GC_CONCURRENT freed 1771K, 89% free 6246K/53972K, paused 5ms+3ms, total 61ms
03-18 21:26:13.664  1646  1646 D wpa_supplicant: RX ctrl_iface - hexdump(len=11): 53 49 47 4e 41 4c 5f 50 4f 4c 4c
03-18 21:26:13.664  1646  1646 D wpa_supplicant: wlan0: Control interface command 'SIGNAL_POLL'
03-18 21:26:13.664  1646  1646 D wpa_supplicant: nl80211: survey data missing!
03-18 21:26:13.704   213 12343 E MPEG4Writer: timestamp interval = 150104 ,currentTS = 4661735432 ,preTS = 4661585328
03-18 21:26:13.754   213 12315 E MPEG4Writer: timestamp interval = 150106 ,currentTS = 4661735404 ,preTS = 4661585298
03-18 21:26:13.764   213 12315 E MPEG4Writer: timestamp interval = 150105 ,currentTS = 4661835473 ,preTS = 4661685368
03-18 21:26:13.784   220   220 V WLAN_PSA: NL MSG, len[048], NL type[0x11] WNI type[0x5050] len[028]
03-18 21:26:13.864  1724  1914 D streaming: 21:26:13.872 4662.091 [ClientStatistics:calculate:136]: size=0B sec=0.0 up=53 down=0
03-18 21:26:13.864   213 12312 E QCamera2HWI: mCameraId 0, Send Video frame to services/encoder TimeStamp : 4662085660000, frame_idx 1020, mLastFrameIdx 1019, mLostFrameCnt 2
03-18 21:26:13.864   213 12315 E MPEG4Writer: timestamp interval = 150104 ,currentTS = 4661935540 ,preTS = 4661785436
03-18 21:26:13.954   213 12315 E MPEG4Writer: timestamp interval = 150105 ,currentTS = 4662035613 ,preTS = 4661885508
03-18 21:26:13.964   213 12343 E MPEG4Writer: timestamp interval = 150104 ,currentTS = 4661835501 ,preTS = 4661685397
03-18 21:26:13.964   213 12343 E MPEG4Writer: timestamp interval = 100070 ,currentTS = 4661885536 ,preTS = 4661785466
03-18 21:26:13.964   213 12343 E MPEG4Writer: timestamp interval = 100070 ,currentTS = 4661985606 ,preTS = 4661885536
03-18 21:26:14.064   213 12343 E MPEG4Writer: timestamp interval = 150104 ,currentTS = 4662085676 ,preTS = 4661935572
03-18 21:26:14.114   213 12315 E MPEG4Writer: timestamp interval = 150107 ,currentTS = 4662135683 ,preTS = 4661985576
03-18 21:26:14.154   213 12315 E MPEG4Writer: timestamp interval = 150092 ,currentTS = 4662235752 ,preTS = 4662085660
03-18 21:26:14.164   213 12343 E MPEG4Writer: timestamp interval = 150104 ,currentTS = 4662185745 ,preTS = 4662035641
03-18 21:26:14.204   213 12340 E QCamera2HWI: mCameraId 1, Send Video frame to services/encoder TimeStamp : 4662435920000, frame_idx 1020, mLastFrameIdx 1019, mLostFrameCnt 2
03-18 21:26:14.204   213 12343 E MPEG4Writer: timestamp interval = 150105 ,currentTS = 4662285815 ,preTS = 4662135710
03-18 21:26:14.304   213 12343 E MPEG4Writer: timestamp interval = 150105 ,currentTS = 4662385885 ,preTS = 4662235780
03-18 21:26:14.414   213 12315 E MPEG4Writer: timestamp interval = 150105 ,currentTS = 4662335822 ,preTS = 4662185717
03-18 21:26:14.414   213 12315 E MPEG4Writer: timestamp interval = 150104 ,currentTS = 4662435891 ,preTS = 4662285787
03-18 21:26:14.464   213 12315 E MPEG4Writer: timestamp interval = 100069 ,currentTS = 4662485926 ,preTS = 4662385857
03-18 21:26:14.474 12405 12405 D QSEECOMAPI: : QSEECom_get_handle sb_length = 0x2000
03-18 21:26:14.474 12405 12405 D QSEECOMAPI: : App is not loaded in QSEE
03-18 21:26:14.474 12405 12405 E QSEECOMAPI: : Error::Cannot open the file /vendor/firmware/keymaster/keymaster.mdt
03-18 21:26:14.474 12405 12405 E QSEECOMAPI: : Error::Loading image failed with ret = -1
03-18 21:26:14.484 12405 12405 D QSEECOMAPI: : QSEECom_get_handle sb_length = 0x2000
03-18 21:26:14.484 12405 12405 D QSEECOMAPI: : App is not loaded in QSEE
03-18 21:26:14.484 12405 12405 E QSEECOMAPI: : Error::Cannot open the file /firmware/image/keymaste.mdt
03-18 21:26:14.484 12405 12405 E QSEECOMAPI: : Error::Loading image failed with ret = -1
03-18 21:26:14.494 12405 12405 E QCOMKeyMaster: Loading keymaster app failied
03-18 21:26:14.494 12405 12405 E keystore: could not open keymaster device in keystore (Operation not permitted)
03-18 21:26:14.494 12405 12405 E keystore: keystore keymaster could not be initialized; exiting
03-18 21:26:14.504   213 12315 E MPEG4Writer: timestamp interval = 100070 ,currentTS = 4662585996 ,preTS = 4662485926
03-18 21:26:14.534  1724  1728 D dalvikvm: GC_CONCURRENT freed 2141K, 89% free 6152K/53972K, paused 14ms+3ms, total 69ms
03-18 21:26:14.534  1724 12265 D dalvikvm: WAIT_FOR_CONCURRENT_GC blocked 55ms
03-18 21:26:14.564   213 12343 E MPEG4Writer: timestamp interval = 150105 ,currentTS = 4662485955 ,preTS = 4662335850
03-18 21:26:14.564   213 12343 E MPEG4Writer: timestamp interval = 150104 ,currentTS = 4662586024 ,preTS = 4662435920
03-18 21:26:14.604   213 12315 E MPEG4Writer: timestamp interval = 150101 ,currentTS = 4662686062 ,preTS = 4662535961
03-18 21:26:14.804   213 12343 E MPEG4Writer: timestamp interval = 150116 ,currentTS = 4662686105 ,preTS = 4662535989
03-18 21:26:14.814   213 12343 E MPEG4Writer: timestamp interval = 150105 ,currentTS = 4662786164 ,preTS = 4662636059
03-18 21:26:14.824   213 12343 E MPEG4Writer: timestamp interval = 100075 ,currentTS = 4662836217 ,preTS = 4662736142
03-18 21:26:14.864  1724  1914 D streaming: 21:26:14.875 4663.093 [ClientStatistics:calculate:136]: size=0B sec=0.0 up=54 down=0
03-18 21:26:14.864   213 12312 E QCamera2HWI: mCameraId 0, Send Video frame to services/encoder TimeStamp : 4663086345000, frame_idx 1040, mLastFrameIdx 1039, mLostFrameCnt 2
03-18 21:26:14.864   213 12315 E MPEG4Writer: timestamp interval = 150101 ,currentTS = 4662786133 ,preTS = 4662636032
03-18 21:26:14.864   213 12315 E MPEG4Writer: timestamp interval = 150110 ,currentTS = 4662886208 ,preTS = 4662736098
03-18 21:26:14.954   213 12343 E MPEG4Writer: timestamp interval = 100052 ,currentTS = 4662936269 ,preTS = 4662836217
03-18 21:26:14.954   213 12343 E MPEG4Writer: timestamp interval = 150106 ,currentTS = 4663036342 ,preTS = 4662886236
03-18 21:26:14.964   213 12315 E MPEG4Writer: timestamp interval = 150105 ,currentTS = 4662986277 ,preTS = 4662836172
03-18 21:26:15.004   213 12315 E MPEG4Writer: timestamp interval = 150105 ,currentTS = 4663086345 ,preTS = 4662936240
03-18 21:26:15.064   213 12343 E MPEG4Writer: timestamp interval = 150103 ,currentTS = 4663136408 ,preTS = 4662986305
03-18 21:26:15.114   213 12315 E MPEG4Writer: timestamp interval = 150104 ,currentTS = 4663186417 ,preTS = 4663036313
03-18 21:26:15.204   213 12340 E QCamera2HWI: mCameraId 1, Send Video frame to services/encoder TimeStamp : 4663436617000, frame_idx 1040, mLastFrameIdx 1039, mLostFrameCnt 2
03-18 21:26:15.214   213 12343 E MPEG4Writer: timestamp interval = 150104 ,currentTS = 4663236478 ,preTS = 4663086374
03-18 21:26:15.224  1724  1728 D dalvikvm: GC_CONCURRENT freed 2221K, 89% free 6010K/53972K, paused 6ms+6ms, total 56ms
03-18 21:26:15.224  1724 12273 D dalvikvm: WAIT_FOR_CONCURRENT_GC blocked 12ms
03-18 21:26:15.224  1724 12274 D dalvikvm: WAIT_FOR_CONCURRENT_GC blocked 18ms
03-18 21:26:15.254   213 12315 E MPEG4Writer: timestamp interval = 150104 ,currentTS = 4663286484 ,preTS = 4663136380
03-18 21:26:15.364   213 12315 E MPEG4Writer: timestamp interval = 150105 ,currentTS = 4663386555 ,preTS = 4663236450
03-18 21:26:15.404   213 12315 E MPEG4Writer: timestamp interval = 100067 ,currentTS = 4663436586 ,preTS = 4663336519
03-18 21:26:15.454   213 12343 E MPEG4Writer: timestamp interval = 150102 ,currentTS = 4663336548 ,preTS = 4663186446
03-18 21:26:15.454   213 12343 E MPEG4Writer: timestamp interval = 150104 ,currentTS = 4663436617 ,preTS = 4663286513
03-18 21:26:15.464   213 12315 E MPEG4Writer: timestamp interval = 100074 ,currentTS = 4663536660 ,preTS = 4663436586
03-18 21:26:15.604   213 12343 E MPEG4Writer: timestamp interval = 150105 ,currentTS = 4663536687 ,preTS = 4663386582
03-18 21:26:15.604   213 12343 E MPEG4Writer: timestamp interval = 150090 ,currentTS = 4663636756 ,preTS = 4663486666
03-18 21:26:15.614   213 12315 E MPEG4Writer: timestamp interval = 150109 ,currentTS = 4663636729 ,preTS = 4663486620
03-18 21:26:15.664   213 12315 E MPEG4Writer: timestamp interval = 150104 ,currentTS = 4663736798 ,preTS = 4663586694
03-18 21:26:15.714   213 12343 E MPEG4Writer: timestamp interval = 150105 ,currentTS = 4663736826 ,preTS = 4663586721
03-18 21:26:15.764   213 12343 E MPEG4Writer: timestamp interval = 100073 ,currentTS = 4663786864 ,preTS = 4663686791
03-18 21:26:15.814   213 12315 E MPEG4Writer: timestamp interval = 150105 ,currentTS = 4663836868 ,preTS = 4663686763
03-18 21:26:15.824  1724  1728 D dalvikvm: GC_CONCURRENT freed 1883K, 89% free 6188K/53972K, paused 5ms+4ms, total 52ms
03-18 21:26:15.864   213 12343 E MPEG4Writer: timestamp interval = 100067 ,currentTS = 4663886931 ,preTS = 4663786864
03-18 21:26:15.864  1724  1914 D streaming: 21:26:15.877 4664.096 [ClientStatistics:calculate:136]: size=0B sec=0.0 up=55 down=0
03-18 21:26:15.864   213 12312 E QCamera2HWI: mCameraId 0, Send Video frame to services/encoder TimeStamp : 4664087042000, frame_idx 1060, mLastFrameIdx 1059, mLostFrameCnt 2
03-18 21:26:15.914   213 12343 E MPEG4Writer: timestamp interval = 150109 ,currentTS = 4663987006 ,preTS = 4663836897
03-18 21:26:15.914   213 12315 E MPEG4Writer: timestamp interval = 150106 ,currentTS = 4663936941 ,preTS = 4663786835
03-18 21:26:15.964   213 12315 E MPEG4Writer: timestamp interval = 150101 ,currentTS = 4664037003 ,preTS = 4663886902
03-18 21:26:16.004   213 12343 E MPEG4Writer: timestamp interval = 150102 ,currentTS = 4664087070 ,preTS = 4663936968
03-18 21:26:16.084  2028  2042 E QcrilMsgTunnelSocket: IOException - java.io.IOException: No such file or directory Reason: No such file or directory
03-18 21:26:16.114   213 12343 E MPEG4Writer: timestamp interval = 150092 ,currentTS = 4664187140 ,preTS = 4664037048
03-18 21:26:16.204   213 12340 E QCamera2HWI: mCameraId 1, Send Video frame to services/encoder TimeStamp : 4664437315000, frame_idx 1060, mLastFrameIdx 1059, mLostFrameCnt 2
03-18 21:26:16.214   213 12343 E MPEG4Writer: timestamp interval = 150105 ,currentTS = 4664287210 ,preTS = 4664137105
03-18 21:26:16.264   213 12315 E MPEG4Writer: timestamp interval = 150104 ,currentTS = 4664137077 ,preTS = 4663986973
03-18 21:26:16.264   213 12315 E MPEG4Writer: timestamp interval = 150105 ,currentTS = 4664237147 ,preTS = 4664087042
03-18 21:26:16.304   213 12315 E MPEG4Writer: timestamp interval = 150105 ,currentTS = 4664337217 ,preTS = 4664187112
03-18 21:26:16.364   213 12343 E MPEG4Writer: timestamp interval = 150104 ,currentTS = 4664387279 ,preTS = 4664237175
03-18 21:26:16.514   213 12343 E MPEG4Writer: timestamp interval = 150104 ,currentTS = 4664487349 ,preTS = 4664337245
03-18 21:26:16.514   213 12343 E MPEG4Writer: timestamp interval = 150104 ,currentTS = 4664587419 ,preTS = 4664437315
03-18 21:26:16.574   213 12315 E MPEG4Writer: timestamp interval = 100070 ,currentTS = 4664387251 ,preTS = 4664287181
03-18 21:26:16.574   213 12315 E MPEG4Writer: timestamp interval = 100070 ,currentTS = 4664487321 ,preTS = 4664387251
03-18 21:26:16.574   213 12315 E MPEG4Writer: timestamp interval = 150104 ,currentTS = 4664587391 ,preTS = 4664437287
03-18 21:26:16.664   213 12343 E MPEG4Writer: timestamp interval = 150105 ,currentTS = 4664687489 ,preTS = 4664537384
03-18 21:26:16.664  1646  1646 D wpa_supplicant: RX ctrl_iface - hexdump(len=11): 53 49 47 4e 41 4c 5f 50 4f 4c 4c
03-18 21:26:16.664  1646  1646 D wpa_supplicant: wlan0: Control interface command 'SIGNAL_POLL'
03-18 21:26:16.674  1646  1646 D wpa_supplicant: nl80211: survey data missing!
03-18 21:26:16.704   213 12343 E MPEG4Writer: timestamp interval = 100070 ,currentTS = 4664737524 ,preTS = 4664637454
03-18 21:26:16.714   213 12315 E MPEG4Writer: timestamp interval = 150106 ,currentTS = 4664687462 ,preTS = 4664537356
03-18 21:26:16.744  1724  1728 D dalvikvm: GC_CONCURRENT freed 2098K, 89% free 6138K/53972K, paused 5ms+3ms, total 53ms
03-18 21:26:16.744  1724 12267 D dalvikvm: WAIT_FOR_CONCURRENT_GC blocked 32ms
03-18 21:26:16.744  1724 12265 D dalvikvm: WAIT_FOR_CONCURRENT_GC blocked 24ms
03-18 21:26:16.744  1724 12274 D dalvikvm: WAIT_FOR_CONCURRENT_GC blocked 33ms
03-18 21:26:16.744  1724 12273 D dalvikvm: WAIT_FOR_CONCURRENT_GC blocked 32ms
03-18 21:26:16.754   213 12315 E MPEG4Writer: timestamp interval = 150102 ,currentTS = 4664787530 ,preTS = 4664637428
03-18 21:26:16.764   213 12343 E MPEG4Writer: timestamp interval = 100070 ,currentTS = 4664837594 ,preTS = 4664737524
03-18 21:26:16.774   213 12315 E MPEG4Writer: timestamp interval = 150102 ,currentTS = 4664887597 ,preTS = 4664737495
03-18 21:26:16.864  1724  1914 D streaming: 21:26:16.879 4665.097 [ClientStatistics:calculate:136]: size=0B sec=0.0 up=56 down=0
03-18 21:26:16.864   213 12312 E QCamera2HWI: mCameraId 0, Send Video frame to services/encoder TimeStamp : 4665087739000, frame_idx 1080, mLastFrameIdx 1079, mLostFrameCnt 2
03-18 21:26:16.914   213 12343 E MPEG4Writer: timestamp interval = 150104 ,currentTS = 4664937663 ,preTS = 4664787559
03-18 21:26:17.114   213 12343 E MPEG4Writer: timestamp interval = 150093 ,currentTS = 4665037733 ,preTS = 4664887640
03-18 21:26:17.114   213 12343 E MPEG4Writer: timestamp interval = 150106 ,currentTS = 4665137807 ,preTS = 4664987701
03-18 21:26:17.114   213 12315 E MPEG4Writer: timestamp interval = 150109 ,currentTS = 4664987674 ,preTS = 4664837565
03-18 21:26:17.114   213 12315 E MPEG4Writer: timestamp interval = 150104 ,currentTS = 4665087739 ,preTS = 4664937635
03-18 21:26:17.164   213 12315 E MPEG4Writer: timestamp interval = 150104 ,currentTS = 4665187809 ,preTS = 4665037705
03-18 21:26:17.204   213 12340 E QCamera2HWI: mCameraId 1, Send Video frame to services/encoder TimeStamp : 4665438012000, frame_idx 1080, mLastFrameIdx 1079, mLostFrameCnt 2
03-18 21:26:17.214   213 12315 E MPEG4Writer: timestamp interval = 150100 ,currentTS = 4665287879 ,preTS = 4665137779
03-18 21:26:17.314   213 12315 E MPEG4Writer: timestamp interval = 100066 ,currentTS = 4665337910 ,preTS = 4665237844
03-18 21:26:17.314   213 12343 E MPEG4Writer: timestamp interval = 150105 ,currentTS = 4665237873 ,preTS = 4665087768
03-18 21:26:17.364   213 12343 E MPEG4Writer: timestamp interval = 150116 ,currentTS = 4665337953 ,preTS = 4665187837
03-18 21:26:17.364   213 12315 E MPEG4Writer: timestamp interval = 100074 ,currentTS = 4665437984 ,preTS = 4665337910
03-18 21:26:17.464   213 12343 E MPEG4Writer: timestamp interval = 150105 ,currentTS = 4665438012 ,preTS = 4665287907
03-18 21:26:17.484  1724  1728 D dalvikvm: GC_CONCURRENT freed 2292K, 90% free 5893K/53972K, paused 6ms+4ms, total 62ms
03-18 21:26:17.484  1724 12267 D dalvikvm: WAIT_FOR_CONCURRENT_GC blocked 19ms
03-18 21:26:17.484  1724 12274 D dalvikvm: WAIT_FOR_CONCURRENT_GC blocked 13ms
03-18 21:26:17.524   213 12315 E MPEG4Writer: timestamp interval = 150110 ,currentTS = 4665538059 ,preTS = 4665387949
03-18 21:26:17.564   213 12315 E MPEG4Writer: timestamp interval = 150102 ,currentTS = 4665638120 ,preTS = 4665488018
03-18 21:26:17.614   213 12343 E MPEG4Writer: timestamp interval = 150118 ,currentTS = 4665538095 ,preTS = 4665387977
03-18 21:26:17.614   213 12343 E MPEG4Writer: timestamp interval = 150111 ,currentTS = 4665638158 ,preTS = 4665488047
03-18 21:26:17.664   213 12343 E MPEG4Writer: timestamp interval = 100069 ,currentTS = 4665688186 ,preTS = 4665588117
03-18 21:26:17.714   213 12315 E MPEG4Writer: timestamp interval = 150105 ,currentTS = 4665738194 ,preTS = 4665588089
03-18 21:26:17.764   213 12343 E MPEG4Writer: timestamp interval = 100070 ,currentTS = 4665788256 ,preTS = 4665688186
03-18 21:26:17.814   213 12343 E MPEG4Writer: timestamp interval = 150105 ,currentTS = 4665888326 ,preTS = 4665738221
03-18 21:26:17.874   213 12312 E QCamera2HWI: mCameraId 0, Send Video frame to services/encoder TimeStamp : 4666088436000, frame_idx 1100, mLastFrameIdx 1099, mLostFrameCnt 2
03-18 21:26:17.874  1724  1914 D streaming: 21:26:17.880 4666.099 [ClientStatistics:calculate:136]: size=0B sec=0.0 up=57 down=0
03-18 21:26:17.974   213 12315 E MPEG4Writer: timestamp interval = 150094 ,currentTS = 4665838263 ,preTS = 4665688169
03-18 21:26:17.974   213 12315 E MPEG4Writer: timestamp interval = 150103 ,currentTS = 4665938330 ,preTS = 4665788227
03-18 21:26:18.064   213 12315 E MPEG4Writer: timestamp interval = 150105 ,currentTS = 4666038402 ,preTS = 4665888297
03-18 21:26:18.124   213 12343 E MPEG4Writer: timestamp interval = 150105 ,currentTS = 4665988396 ,preTS = 4665838291
03-18 21:26:18.124   213 12343 E MPEG4Writer: timestamp interval = 150105 ,currentTS = 4666088465 ,preTS = 4665938360
03-18 21:26:18.144   213 12343 E MPEG4Writer: timestamp interval = 150105 ,currentTS = 4666188535 ,preTS = 4666038430
03-18 21:26:18.164   213 12315 E MPEG4Writer: timestamp interval = 150105 ,currentTS = 4666138472 ,preTS = 4665988367
03-18 21:26:18.204   213 12340 E QCamera2HWI: mCameraId 1, Send Video frame to services/encoder TimeStamp : 4666438709000, frame_idx 1100, mLastFrameIdx 1099, mLostFrameCnt 2
03-18 21:26:18.224   213 12315 E MPEG4Writer: timestamp interval = 150105 ,currentTS = 4666238541 ,preTS = 4666088436
03-18 21:26:18.264   213 12315 E MPEG4Writer: timestamp interval = 100072 ,currentTS = 4666288579 ,preTS = 4666188507
03-18 21:26:18.324  1724  1728 D dalvikvm: GC_CONCURRENT freed 1638K, 89% free 6303K/53972K, paused 5ms+4ms, total 51ms
03-18 21:26:18.324  1724 12265 D dalvikvm: WAIT_FOR_CONCURRENT_GC blocked 43ms
03-18 21:26:18.364   213 12315 E MPEG4Writer: timestamp interval = 100064 ,currentTS = 4666388643 ,preTS = 4666288579
03-18 21:26:18.414   213 12343 E MPEG4Writer: timestamp interval = 150106 ,currentTS = 4666288607 ,preTS = 4666138501
03-18 21:26:18.414   213 12343 E MPEG4Writer: timestamp interval = 150104 ,currentTS = 4666388674 ,preTS = 4666238570
03-18 21:26:18.464   213 12315 E MPEG4Writer: timestamp interval = 150105 ,currentTS = 4666488716 ,preTS = 4666338611
03-18 21:26:18.514   213 12343 E MPEG4Writer: timestamp interval = 150104 ,currentTS = 4666488744 ,preTS = 4666338640
03-18 21:26:18.514   213 12343 E MPEG4Writer: timestamp interval = 150105 ,currentTS = 4666588814 ,preTS = 4666438709
03-18 21:26:18.574   213 12315 E MPEG4Writer: timestamp interval = 150103 ,currentTS = 4666588785 ,preTS = 4666438682
03-18 21:26:18.614   213 12343 E MPEG4Writer: timestamp interval = 100071 ,currentTS = 4666638849 ,preTS = 4666538778
03-18 21:26:18.624   213 12315 E MPEG4Writer: timestamp interval = 150105 ,currentTS = 4666688855 ,preTS = 4666538750
03-18 21:26:18.724   213 12315 E MPEG4Writer: timestamp interval = 150105 ,currentTS = 4666788925 ,preTS = 4666638820
03-18 21:26:18.764   213 12343 E MPEG4Writer: timestamp interval = 100069 ,currentTS = 4666738918 ,preTS = 4666638849
03-18 21:26:18.794   220   220 V WLAN_PSA: NL MSG, len[048], NL type[0x11] WNI type[0x5050] len[028]
03-18 21:26:18.814   213 12343 E MPEG4Writer: timestamp interval = 150107 ,currentTS = 4666838991 ,preTS = 4666688884
03-18 21:26:18.864   213 12343 E MPEG4Writer: timestamp interval = 150104 ,currentTS = 4666939057 ,preTS = 4666788953
03-18 21:26:18.874   213 12312 E QCamera2HWI: mCameraId 0, Send Video frame to services/encoder TimeStamp : 4667089137000, frame_idx 1120, mLastFrameIdx 1119, mLostFrameCnt 2
03-18 21:26:18.874   213 12315 E MPEG4Writer: timestamp interval = 150105 ,currentTS = 4666888995 ,preTS = 4666738890
03-18 21:26:18.874  1724  1914 D streaming: 21:26:18.883 4667.102 [ClientStatistics:calculate:136]: size=0B sec=0.0 up=58 down=0
03-18 21:26:18.964   213 12343 E MPEG4Writer: timestamp interval = 150104 ,currentTS = 4667039127 ,preTS = 4666889023
03-18 21:26:19.064   213 12343 E MPEG4Writer: timestamp interval = 150116 ,currentTS = 4667139209 ,preTS = 4666989093
03-18 21:26:19.114   213 12315 E MPEG4Writer: timestamp interval = 150103 ,currentTS = 4666989065 ,preTS = 4666838962
03-18 21:26:19.114   213 12315 E MPEG4Writer: timestamp interval = 150108 ,currentTS = 4667089137 ,preTS = 4666939029
03-18 21:26:19.214   213 12340 E QCamera2HWI: mCameraId 1, Send Video frame to services/encoder TimeStamp : 4667439410000, frame_idx 1120, mLastFrameIdx 1119, mLostFrameCnt 2
03-18 21:26:19.214   213 12343 E MPEG4Writer: timestamp interval = 150104 ,currentTS = 4667239268 ,preTS = 4667089164
03-18 21:26:19.264   213 12315 E MPEG4Writer: timestamp interval = 150110 ,currentTS = 4667189209 ,preTS = 4667039099
03-18 21:26:19.264   213 12315 E MPEG4Writer: timestamp interval = 100075 ,currentTS = 4667239240 ,preTS = 4667139165
03-18 21:26:19.264   213 12315 E MPEG4Writer: timestamp interval = 100068 ,currentTS = 4667339308 ,preTS = 4667239240
03-18 21:26:19.274  1724  1728 D dalvikvm: GC_CONCURRENT freed 2241K, 89% free 6060K/53972K, paused 7ms+5ms, total 62ms
03-18 21:26:19.274  1724 12265 D dalvikvm: WAIT_FOR_CONCURRENT_GC blocked 9ms
03-18 21:26:19.364   213 12343 E MPEG4Writer: timestamp interval = 150102 ,currentTS = 4667339337 ,preTS = 4667189235
03-18 21:26:19.364   213 12343 E MPEG4Writer: timestamp interval = 150108 ,currentTS = 4667439410 ,preTS = 4667289302
03-18 21:26:19.464   213 12343 E MPEG4Writer: timestamp interval = 150105 ,currentTS = 4667539476 ,preTS = 4667389371
03-18 21:26:19.514   213 12315 E MPEG4Writer: timestamp interval = 150107 ,currentTS = 4667439381 ,preTS = 4667289274
03-18 21:26:19.514   213 12315 E MPEG4Writer: timestamp interval = 150105 ,currentTS = 4667539448 ,preTS = 4667389343
03-18 21:26:19.524 12410 12410 D QSEECOMAPI: : QSEECom_get_handle sb_length = 0x2000
03-18 21:26:19.524 12410 12410 D QSEECOMAPI: : App is not loaded in QSEE
03-18 21:26:19.524 12410 12410 E QSEECOMAPI: : Error::Cannot open the file /vendor/firmware/keymaster/keymaster.mdt
03-18 21:26:19.524 12410 12410 E QSEECOMAPI: : Error::Loading image failed with ret = -1
03-18 21:26:19.534 12410 12410 D QSEECOMAPI: : QSEECom_get_handle sb_length = 0x2000
03-18 21:26:19.534 12410 12410 D QSEECOMAPI: : App is not loaded in QSEE
03-18 21:26:19.534 12410 12410 E QSEECOMAPI: : Error::Cannot open the file /firmware/image/keymaste.mdt
03-18 21:26:19.534 12410 12410 E QSEECOMAPI: : Error::Loading image failed with ret = -1
03-18 21:26:19.544 12410 12410 E QCOMKeyMaster: Loading keymaster app failied
03-18 21:26:19.544 12410 12410 E keystore: could not open keymaster device in keystore (Operation not permitted)
03-18 21:26:19.544 12410 12410 E keystore: keystore keymaster could not be initialized; exiting
03-18 21:26:19.564   213 12343 E MPEG4Writer: timestamp interval = 100063 ,currentTS = 4667589511 ,preTS = 4667489448
03-18 21:26:19.574   213 12315 E MPEG4Writer: timestamp interval = 150100 ,currentTS = 4667639518 ,preTS = 4667489418
03-18 21:26:19.614   213 12343 E MPEG4Writer: timestamp interval = 100070 ,currentTS = 4667689581 ,preTS = 4667589511
03-18 21:26:19.674  1646  1646 D wpa_supplicant: RX ctrl_iface - hexdump(len=11): 53 49 47 4e 41 4c 5f 50 4f 4c 4c
03-18 21:26:19.674  1646  1646 D wpa_supplicant: wlan0: Control interface command 'SIGNAL_POLL'
03-18 21:26:19.674  1646  1646 D wpa_supplicant: nl80211: survey data missing!
03-18 21:26:19.694  1724  1728 D dalvikvm: GC_CONCURRENT freed 2204K, 90% free 5900K/53972K, paused 6ms+4ms, total 62ms
03-18 21:26:19.714   213 12343 E MPEG4Writer: timestamp interval = 150105 ,currentTS = 4667789651 ,preTS = 4667639546
03-18 21:26:19.724   213 12315 E MPEG4Writer: timestamp interval = 150105 ,currentTS = 4667739588 ,preTS = 4667589483
03-18 21:26:19.774   213 12315 E MPEG4Writer: timestamp interval = 150104 ,currentTS = 4667839657 ,preTS = 4667689553
03-18 21:26:19.814   213 12343 E MPEG4Writer: timestamp interval = 150116 ,currentTS = 4667889732 ,preTS = 4667739616
03-18 21:26:19.874   213 12312 E QCamera2HWI: mCameraId 0, Send Video frame to services/encoder TimeStamp : 4668089831000, frame_idx 1140, mLastFrameIdx 1139, mLostFrameCnt 2
03-18 21:26:19.874   213 12315 E MPEG4Writer: timestamp interval = 150105 ,currentTS = 4667939727 ,preTS = 4667789622
03-18 21:26:19.874  1724  1914 D streaming: 21:26:19.885 4668.104 [ClientStatistics:calculate:136]: size=0B sec=0.0 up=59 down=0
03-18 21:26:19.964   213 12343 E MPEG4Writer: timestamp interval = 150105 ,currentTS = 4667989790 ,preTS = 4667839685
03-18 21:26:20.064   213 12343 E MPEG4Writer: timestamp interval = 150116 ,currentTS = 4668089871 ,preTS = 4667939755
03-18 21:26:20.084  2028  2042 E QcrilMsgTunnelSocket: IOException - java.io.IOException: No such file or directory Reason: No such file or directory
03-18 21:26:20.114   213 12343 E MPEG4Writer: timestamp interval = 150102 ,currentTS = 4668189929 ,preTS = 4668039827
03-18 21:26:20.124   213 12315 E MPEG4Writer: timestamp interval = 150111 ,currentTS = 4668039799 ,preTS = 4667889688
03-18 21:26:20.124   213 12315 E MPEG4Writer: timestamp interval = 150110 ,currentTS = 4668139872 ,preTS = 4667989762
03-18 21:26:20.174   213 12315 E MPEG4Writer: timestamp interval = 100070 ,currentTS = 4668189901 ,preTS = 4668089831
03-18 21:26:20.214   213 12340 E QCamera2HWI: mCameraId 1, Send Video frame to services/encoder TimeStamp : 4668440105000, frame_idx 1140, mLastFrameIdx 1139, mLostFrameCnt 2
03-18 21:26:20.224   213 12315 E MPEG4Writer: timestamp interval = 100070 ,currentTS = 4668289971 ,preTS = 4668189901
03-18 21:26:20.324   213 12315 E MPEG4Writer: timestamp interval = 150108 ,currentTS = 4668390045 ,preTS = 4668239937
03-18 21:26:20.414   213 12343 E MPEG4Writer: timestamp interval = 150095 ,currentTS = 4668289999 ,preTS = 4668139904
03-18 21:26:20.414   213 12343 E MPEG4Writer: timestamp interval = 150105 ,currentTS = 4668390070 ,preTS = 4668239965
03-18 21:26:20.434   213 12343 E MPEG4Writer: timestamp interval = 150104 ,currentTS = 4668490138 ,preTS = 4668340034
03-18 21:26:20.464   213 12315 E MPEG4Writer: timestamp interval = 150104 ,currentTS = 4668490110 ,preTS = 4668340006
03-18 21:26:20.564   213 12343 E MPEG4Writer: timestamp interval = 100068 ,currentTS = 4668540173 ,preTS = 4668440105
03-18 21:26:20.564   213 12343 E MPEG4Writer: timestamp interval = 100070 ,currentTS = 4668640243 ,preTS = 4668540173
03-18 21:26:20.574   213 12315 E MPEG4Writer: timestamp interval = 150108 ,currentTS = 4668590180 ,preTS = 4668440072
03-18 21:26:20.614   213 12315 E MPEG4Writer: timestamp interval = 150106 ,currentTS = 4668690252 ,preTS = 4668540146
03-18 21:26:20.614  1724  1728 D dalvikvm: GC_CONCURRENT freed 1794K, 89% free 6146K/53972K, paused 9ms+4ms, total 54ms
03-18 21:26:20.614  1724 12267 D dalvikvm: WAIT_FOR_CONCURRENT_GC blocked 43ms
03-18 21:26:20.714   213 12315 E MPEG4Writer: timestamp interval = 150108 ,currentTS = 4668790320 ,preTS = 4668640212
03-18 21:26:20.724   213 12343 E MPEG4Writer: timestamp interval = 150105 ,currentTS = 4668740313 ,preTS = 4668590208
03-18 21:26:20.764   213 12343 E MPEG4Writer: timestamp interval = 150118 ,currentTS = 4668840396 ,preTS = 4668690278
03-18 21:26:20.824   213 12315 E MPEG4Writer: timestamp interval = 150104 ,currentTS = 4668890389 ,preTS = 4668740285
03-18 21:26:20.864   213 12343 E MPEG4Writer: timestamp interval = 150105 ,currentTS = 4668940453 ,preTS = 4668790348
03-18 21:26:20.874   213 12312 E QCamera2HWI: mCameraId 0, Send Video frame to services/encoder TimeStamp : 4669090528000, frame_idx 1160, mLastFrameIdx 1159, mLostFrameCnt 2
03-18 21:26:20.874  1724  1914 D streaming: 21:26:20.887 4669.105 [ClientStatistics:calculate:136]: size=0B sec=0.0 up=60 down=0
03-18 21:26:20.964   213 12343 E MPEG4Writer: timestamp interval = 150108 ,currentTS = 4669040526 ,preTS = 4668890418
03-18 21:26:20.974   213 12315 E MPEG4Writer: timestamp interval = 150109 ,currentTS = 4668990459 ,preTS = 4668840350
03-18 21:26:21.024   213 12315 E MPEG4Writer: timestamp interval = 150102 ,currentTS = 4669090528 ,preTS = 4668940426
03-18 21:26:21.114   213 12315 E MPEG4Writer: timestamp interval = 100065 ,currentTS = 4669140564 ,preTS = 4669040499
03-18 21:26:21.164   213 12315 E MPEG4Writer: timestamp interval = 100071 ,currentTS = 4669240635 ,preTS = 4669140564
03-18 21:26:21.194  1724  1728 D dalvikvm: GC_CONCURRENT freed 2093K, 89% free 6101K/53972K, paused 7ms+3ms, total 66ms
03-18 21:26:21.194  1724 12275 D dalvikvm: WAIT_FOR_CONCURRENT_GC blocked 15ms
03-18 21:26:21.194  1724 12273 D dalvikvm: WAIT_FOR_CONCURRENT_GC blocked 14ms
03-18 21:26:21.194  1724 12274 D dalvikvm: WAIT_FOR_CONCURRENT_GC blocked 13ms
03-18 21:26:21.214   213 12340 E QCamera2HWI: mCameraId 1, Send Video frame to services/encoder TimeStamp : 4669440804000, frame_idx 1160, mLastFrameIdx 1159, mLostFrameCnt 2
03-18 21:26:21.214   213 12343 E MPEG4Writer: timestamp interval = 150105 ,currentTS = 4669140592 ,preTS = 4668990487
03-18 21:26:21.214   213 12343 E MPEG4Writer: timestamp interval = 150104 ,currentTS = 4669240661 ,preTS = 4669090557
03-18 21:26:21.364   213 12343 E MPEG4Writer: timestamp interval = 150105 ,currentTS = 4669340731 ,preTS = 4669190626
03-18 21:26:21.424   213 12315 E MPEG4Writer: timestamp interval = 150090 ,currentTS = 4669340701 ,preTS = 4669190611
03-18 21:26:21.424   213 12315 E MPEG4Writer: timestamp interval = 150101 ,currentTS = 4669440769 ,preTS = 4669290668
03-18 21:26:21.464   213 12315 E MPEG4Writer: timestamp interval = 150082 ,currentTS = 4669540845 ,preTS = 4669390763
03-18 21:26:21.564   213 12343 E MPEG4Writer: timestamp interval = 150106 ,currentTS = 4669440804 ,preTS = 4669290698
03-18 21:26:21.564   213 12343 E MPEG4Writer: timestamp interval = 100060 ,currentTS = 4669490836 ,preTS = 4669390776
03-18 21:26:21.564   213 12343 E MPEG4Writer: timestamp interval = 100070 ,currentTS = 4669590906 ,preTS = 4669490836
03-18 21:26:21.614   213 12315 E MPEG4Writer: timestamp interval = 150105 ,currentTS = 4669640912 ,preTS = 4669490807
03-18 21:26:21.724   213 12315 E MPEG4Writer: timestamp interval = 150103 ,currentTS = 4669740981 ,preTS = 4669590878
03-18 21:26:21.774   213 12315 E MPEG4Writer: timestamp interval = 150105 ,currentTS = 4669841052 ,preTS = 4669690947
03-18 21:26:21.814   213 12343 E MPEG4Writer: timestamp interval = 150103 ,currentTS = 4669690975 ,preTS = 4669540872
03-18 21:26:21.814   213 12343 E MPEG4Writer: timestamp interval = 150104 ,currentTS = 4669791045 ,preTS = 4669640941
03-18 21:26:21.864   213 12312 E QCamera2HWI: mCameraId 0, Send Video frame to services/encoder TimeStamp : 4670091223000, frame_idx 1180, mLastFrameIdx 1179, mLostFrameCnt 2
03-18 21:26:21.874  1724  1914 D streaming: 21:26:21.888 4670.107 [ClientStatistics:calculate:136]: size=0B sec=0.0 up=61 down=0
03-18 21:26:21.964   213 12343 E MPEG4Writer: timestamp interval = 150103 ,currentTS = 4669891122 ,preTS = 4669741019
03-18 21:26:21.964   213 12343 E MPEG4Writer: timestamp interval = 150104 ,currentTS = 4669991185 ,preTS = 4669841081
03-18 21:26:22.014   213 12343 E MPEG4Writer: timestamp interval = 150099 ,currentTS = 4670091255 ,preTS = 4669941156
03-18 21:26:22.074   213 12315 E MPEG4Writer: timestamp interval = 150106 ,currentTS = 4669941123 ,preTS = 4669791017
03-18 21:26:22.074   213 12315 E MPEG4Writer: timestamp interval = 150104 ,currentTS = 4670041192 ,preTS = 4669891088
03-18 21:26:22.114   213 12315 E MPEG4Writer: timestamp interval = 100066 ,currentTS = 4670091223 ,preTS = 4669991157
03-18 21:26:22.124   213 12315 E MPEG4Writer: timestamp interval = 100072 ,currentTS = 4670191295 ,preTS = 4670091223
03-18 21:26:22.174  1724  1728 D dalvikvm: GC_CONCURRENT freed 1905K, 89% free 6223K/53972K, paused 9ms+11ms, total 63ms
03-18 21:26:22.174  1724 12265 D dalvikvm: WAIT_FOR_CONCURRENT_GC blocked 55ms
03-18 21:26:22.214   213 12340 E QCamera2HWI: mCameraId 1, Send Video frame to services/encoder TimeStamp : 4670441498000, frame_idx 1180, mLastFrameIdx 1179, mLostFrameCnt 2
03-18 21:26:22.264   213 12343 E MPEG4Writer: timestamp interval = 150104 ,currentTS = 4670191324 ,preTS = 4670041220
03-18 21:26:22.264   213 12343 E MPEG4Writer: timestamp interval = 150106 ,currentTS = 4670291395 ,preTS = 4670141289
03-18 21:26:22.274   213 12315 E MPEG4Writer: timestamp interval = 150106 ,currentTS = 4670291368 ,preTS = 4670141262
03-18 21:26:22.364   213 12343 E MPEG4Writer: timestamp interval = 150109 ,currentTS = 4670391468 ,preTS = 4670241359
03-18 21:26:22.374   213 12315 E MPEG4Writer: timestamp interval = 150111 ,currentTS = 4670391442 ,preTS = 4670241331
03-18 21:26:22.414   213 12315 E MPEG4Writer: timestamp interval = 150110 ,currentTS = 4670491507 ,preTS = 4670341397
03-18 21:26:22.474   213 12343 E MPEG4Writer: timestamp interval = 100069 ,currentTS = 4670441498 ,preTS = 4670341429
03-18 21:26:22.524   213 12315 E MPEG4Writer: timestamp interval = 150104 ,currentTS = 4670591574 ,preTS = 4670441470
03-18 21:26:22.564   213 12343 E MPEG4Writer: timestamp interval = 100071 ,currentTS = 4670541569 ,preTS = 4670441498
03-18 21:26:22.624   213 12343 E MPEG4Writer: timestamp interval = 150108 ,currentTS = 4670641642 ,preTS = 4670491534
03-18 21:26:22.674   213 12315 E MPEG4Writer: timestamp interval = 150102 ,currentTS = 4670691644 ,preTS = 4670541542
03-18 21:26:22.684  1646  1646 D wpa_supplicant: RX ctrl_iface - hexdump(len=11): 53 49 47 4e 41 4c 5f 50 4f 4c 4c
03-18 21:26:22.684  1646  1646 D wpa_supplicant: wlan0: Control interface command 'SIGNAL_POLL'
03-18 21:26:22.684  1646  1646 D wpa_supplicant: nl80211: survey data missing!
03-18 21:26:22.714   213 12343 E MPEG4Writer: timestamp interval = 150106 ,currentTS = 4670741708 ,preTS = 4670591602
03-18 21:26:22.724   213 12315 E MPEG4Writer: timestamp interval = 150105 ,currentTS = 4670791715 ,preTS = 4670641610
03-18 21:26:22.764   213 12343 E MPEG4Writer: timestamp interval = 150108 ,currentTS = 4670841789 ,preTS = 4670691681
03-18 21:26:22.774  1724  1728 D dalvikvm: GC_CONCURRENT freed 2213K, 89% free 5973K/53972K, paused 6ms+7ms, total 52ms
03-18 21:26:22.824   213 12315 E MPEG4Writer: timestamp interval = 150105 ,currentTS = 4670891784 ,preTS = 4670741679
03-18 21:26:22.864   213 12343 E MPEG4Writer: timestamp interval = 150105 ,currentTS = 4670941847 ,preTS = 4670791742
