03-10 21:11:09.374  1142  2054 D MSAP-NATIVE: msapb_search. RSSI initialized to = -128
03-10 21:11:09.374  1142  2054 D MSAP-NATIVE: Look for msap in all ap's. AP index = 0
03-10 21:11:09.374  1142  2054 D MSAP-NATIVE: Look for msap in all ap's. AP = e8:fc:af:ff:3a:33
03-10 21:11:09.374  1142  2054 D MSAP-NATIVE: Look for msap in all ap's. AP index = 1
03-10 21:11:09.374  1142  2054 D MSAP-NATIVE: Look for msap in all ap's. AP = ea:28:5d:6b:9:e8
03-10 21:11:09.374  1142  2054 D MSAP-NATIVE: Look for msap in all ap's. AP index = 2
03-10 21:11:09.374  1142  2054 D MSAP-NATIVE: Look for msap in all ap's. AP = 24:a4:3c:1a:db:20
03-10 21:11:09.374  1142  2054 D MSAP-NATIVE: Look for msap in all ap's. AP index = 3
03-10 21:11:09.374  1142  2054 D MSAP-NATIVE: Look for msap in all ap's. AP = d4:bf:7f:50:25:d7
03-10 21:11:09.374  1142  2054 D MSAP-NATIVE: Look for msap in all ap's. AP index = 4
03-10 21:11:09.374  1142  2054 D MSAP-NATIVE: Look for msap in all ap's. AP = e8:fc:af:ff:3a:34
03-10 21:11:09.374  1142  2054 D MSAP-NATIVE: Look for msap in all ap's. AP index = 5
03-10 21:11:09.374  1142  2054 D MSAP-NATIVE: Look for msap in all ap's. AP = 14:d6:4d:78:6b:54
03-10 21:11:09.374  1142  2054 D MSAP-NATIVE: Look for msap in all ap's. AP index = 6
03-10 21:11:09.374  1142  2054 D MSAP-NATIVE: Look for msap in all ap's. AP = ec:43:f6:da:f7:48
03-10 21:11:09.374  1142  2054 I MSAP-NATIVE: msapb_search returned with 0 beacons
03-10 21:11:09.374  1142  2054 I MSAPBM  : Loop - MSAP Version = 2.0.4
03-10 21:11:09.374  1638  1638 D wpa_supplicant: WPS: attr type=0x104a len=1
03-10 21:11:09.374  1638  1638 D wpa_supplicant: WPS: attr type=0x1044 len=1
03-10 21:11:09.374  1638  1638 D wpa_supplicant: WPS: attr type=0x1054 len=8
03-10 21:11:09.374  1638  1638 D wpa_supplicant: WPS: attr type=0x1011 len=8
03-10 21:11:09.374  1638  1638 D wpa_supplicant: WPS: attr type=0x1008 len=2
03-10 21:11:09.374  1638  1638 D wpa_supplicant: WPS: attr type=0x1047 len=16
03-10 21:11:09.374  1638  1638 D wpa_supplicant: WPS: attr type=0x103c len=1
03-10 21:11:09.374  1638  1638 D wpa_supplicant: WPS: attr type=0x1049 len=6
03-10 21:11:09.374  1638  1638 D wpa_supplicant: WPS: WFA subelement id=0 len=1
03-10 21:11:09.374  1638  1638 D wpa_supplicant: WPS: attr type=0x104a len=1
03-10 21:11:09.374  1638  1638 D wpa_supplicant: WPS: attr type=0x1044 len=1
03-10 21:11:09.374  1638  1638 D wpa_supplicant: WPS: attr type=0x103b len=1
03-10 21:11:09.374  1638  1638 D wpa_supplicant: WPS: attr type=0x1047 len=16
03-10 21:11:09.374  1638  1638 D wpa_supplicant: WPS: attr type=0x1021 len=13
03-10 21:11:09.374  1638  1638 D wpa_supplicant: WPS: attr type=0x1023 len=5
03-10 21:11:09.374  1638  1638 D wpa_supplicant: WPS: attr type=0x1024 len=5
03-10 21:11:09.374  1638  1638 D wpa_supplicant: WPS: attr type=0x1042 len=2
03-10 21:11:09.374  1638  1638 D wpa_supplicant: WPS: attr type=0x1054 len=8
03-10 21:11:09.374  1638  1638 D wpa_supplicant: WPS: attr type=0x1011 len=5
03-10 21:11:09.374  1638  1638 D wpa_supplicant: WPS: attr type=0x1008 len=2
03-10 21:11:09.374  1638  1638 D wpa_supplicant: WPS: attr type=0x103c len=1
03-10 21:11:09.374  1638  1638 D wpa_supplicant: WPS: attr type=0x1049 len=6
03-10 21:11:09.374  1638  1638 D wpa_supplicant: WPS: WFA subelement id=0 len=1
03-10 21:11:09.374  1638  1638 D wpa_supplicant: WPS: attr type=0x104a len=1
03-10 21:11:09.374  1638  1638 D wpa_supplicant: WPS: attr type=0x1044 len=1
03-10 21:11:09.374  1638  1638 D wpa_supplicant: WPS: attr type=0x103b len=1
03-10 21:11:09.374  1638  1638 D wpa_supplicant: WPS: attr type=0x1047 len=16
03-10 21:11:09.374  1638  1638 D wpa_supplicant: WPS: attr type=0x1021 len=13
03-10 21:11:09.374  1638  1638 D wpa_supplicant: WPS: attr type=0x1023 len=5
03-10 21:11:09.374  1638  1638 D wpa_supplicant: WPS: attr type=0x1024 len=5
03-10 21:11:09.374  1638  1638 D wpa_supplicant: WPS: attr type=0x1042 len=2
03-10 21:11:09.374  1638  1638 D wpa_supplicant: WPS: attr type=0x1054 len=8
03-10 21:11:09.374  1638  1638 D wpa_supplicant: WPS: attr type=0x1011 len=5
03-10 21:11:09.374  1638  1638 D wpa_supplicant: WPS: attr type=0x1008 len=2
03-10 21:11:09.374  1638  1638 D wpa_supplicant: WPS: attr type=0x103c len=1
03-10 21:11:09.374  1638  1638 D wpa_supplicant: WPS: attr type=0x1049 len=6
03-10 21:11:09.374  1638  1638 D wpa_supplicant: WPS: WFA subelement id=0 len=1
03-10 21:11:09.374  1638  1638 D wpa_supplicant: WPS: attr type=0x104a len=1
03-10 21:11:09.374  1638  1638 D wpa_supplicant: WPS: attr type=0x1044 len=1
03-10 21:11:09.374  1638  1638 D wpa_supplicant: WPS: attr type=0x103b len=1
03-10 21:11:09.374  1638  1638 D wpa_supplicant: WPS: attr type=0x1047 len=16
03-10 21:11:09.374  1638  1638 D wpa_supplicant: WPS: attr type=0x1021 len=13
03-10 21:11:09.374  1638  1638 D wpa_supplicant: WPS: attr type=0x1023 len=5
03-10 21:11:09.374  1638  1638 D wpa_supplicant: WPS: attr type=0x1024 len=5
03-10 21:11:09.374  1638  1638 D wpa_supplicant: WPS: attr type=0x1042 len=2
03-10 21:11:09.374  1638  1638 D wpa_supplicant: WPS: attr type=0x1054 len=8
03-10 21:11:09.374  1638  1638 D wpa_supplicant: WPS: attr type=0x1011 len=5
03-10 21:11:09.374  1638  1638 D wpa_supplicant: WPS: attr type=0x1008 len=2
03-10 21:11:09.374  1638  1638 D wpa_supplicant: WPS: attr type=0x103c len=1
03-10 21:11:09.374  1638  1638 D wpa_supplicant: WPS: attr type=0x1049 len=6
03-10 21:11:09.374  1638  1638 D wpa_supplicant: WPS: WFA subelement id=0 len=1
03-10 21:11:09.374  1638  1638 D wpa_supplicant: WPS: attr type=0x104a len=1
03-10 21:11:09.374  1638  1638 D wpa_supplicant: WPS: attr type=0x1044 len=1
03-10 21:11:09.374  1638  1638 D wpa_supplicant: WPS: attr type=0x103b len=1
03-10 21:11:09.374  1638  1638 D wpa_supplicant: WPS: attr type=0x1047 len=16
03-10 21:11:09.374  1638  1638 D wpa_supplicant: WPS: attr type=0x1021 len=13
03-10 21:11:09.374  1638  1638 D wpa_supplicant: WPS: attr type=0x1023 len=5
03-10 21:11:09.374  1638  1638 D wpa_supplicant: WPS: attr type=0x1024 len=5
03-10 21:11:09.374  1638  1638 D wpa_supplicant: WPS: attr type=0x1042 len=2
03-10 21:11:09.374  1638  1638 D wpa_supplicant: WPS: attr type=0x1054 len=8
03-10 21:11:09.374  1638  1638 D wpa_supplicant: WPS: attr type=0x1011 len=5
03-10 21:11:09.374  1638  1638 D wpa_supplicant: WPS: attr type=0x1008 len=2
03-10 21:11:09.374  1638  1638 D wpa_supplicant: WPS: attr type=0x103c len=1
03-10 21:11:09.374  1638  1638 D wpa_supplicant: WPS: attr type=0x1049 len=6
03-10 21:11:09.374  1638  1638 D wpa_supplicant: WPS: WFA subelement id=0 len=1
03-10 21:11:09.374  1638  1638 D wpa_supplicant: WPS: attr type=0x104a len=1
03-10 21:11:09.374  1638  1638 D wpa_supplicant: WPS: attr type=0x1044 len=1
03-10 21:11:09.374  1638  1638 D wpa_supplicant: WPS: attr type=0x103b len=1
03-10 21:11:09.374  1638  1638 D wpa_supplicant: WPS: attr type=0x1047 len=16
03-10 21:11:09.374  1638  1638 D wpa_supplicant: WPS: attr type=0x1021 len=13
03-10 21:11:09.374  1638  1638 D wpa_supplicant: WPS: attr type=0x1023 len=5
03-10 21:11:09.374  1638  1638 D wpa_supplicant: WPS: attr type=0x1024 len=5
03-10 21:11:09.374  1638  1638 D wpa_supplicant: WPS: attr type=0x1042 len=2
03-10 21:11:09.374  1638  1638 D wpa_supplicant: WPS: attr type=0x1054 len=8
03-10 21:11:09.374  1638  1638 D wpa_supplicant: WPS: attr type=0x1011 len=5
03-10 21:11:09.374  1638  1638 D wpa_supplicant: WPS: attr type=0x1008 len=2
03-10 21:11:09.374  1638  1638 D wpa_supplicant: WPS: attr type=0x103c len=1
03-10 21:11:09.374  1638  1638 D wpa_supplicant: WPS: attr type=0x1049 len=6
03-10 21:11:09.374  1638  1638 D wpa_supplicant: WPS: WFA subelement id=0 len=1
03-10 21:11:09.374  1638  1638 D wpa_supplicant: WPS: attr type=0x104a len=1
03-10 21:11:09.374  1638  1638 D wpa_supplicant: WPS: attr type=0x1044 len=1
03-10 21:11:09.374  1638  1638 D wpa_supplicant: WPS: attr type=0x103b len=1
03-10 21:11:09.374  1638  1638 D wpa_supplicant: WPS: attr type=0x1047 len=16
03-10 21:11:09.374  1638  1638 D wpa_supplicant: WPS: attr type=0x1021 len=13
03-10 21:11:09.374  1638  1638 D wpa_supplicant: WPS: attr type=0x1023 len=5
03-10 21:11:09.374  1638  1638 D wpa_supplicant: WPS: attr type=0x1024 len=5
03-10 21:11:09.374  1638  1638 D wpa_supplicant: WPS: attr type=0x1042 len=2
03-10 21:11:09.374  1638  1638 D wpa_supplicant: WPS: attr type=0x1054 len=8
03-10 21:11:09.374  1638  1638 D wpa_supplicant: WPS: attr type=0x1011 len=5
03-10 21:11:09.374  1638  1638 D wpa_supplicant: WPS: attr type=0x1008 len=2
03-10 21:11:09.374  1638  1638 D wpa_supplicant: WPS: attr type=0x103c len=1
03-10 21:11:09.374  1638  1638 D wpa_supplicant: WPS: attr type=0x1049 len=6
03-10 21:11:09.374  1638  1638 D wpa_supplicant: WPS: WFA subelement id=0 len=1
03-10 21:11:09.374  1638  1638 D wpa_supplicant: WPS: attr type=0x104a len=1
03-10 21:11:09.374  1638  1638 D wpa_supplicant: WPS: attr type=0x1044 len=1
03-10 21:11:09.374  1638  1638 D wpa_supplicant: WPS: attr type=0x103b len=1
03-10 21:11:09.374  1638  1638 D wpa_supplicant: WPS: attr type=0x1047 len=16
03-10 21:11:09.374  1638  1638 D wpa_supplicant: WPS: attr type=0x1021 len=24
03-10 21:11:09.374  1638  1638 D wpa_supplicant: WPS: attr type=0x1023 len=28
03-10 21:11:09.374  1638  1638 D wpa_supplicant: WPS: attr type=0x1024 len=6
03-10 21:11:09.374  1638  1638 D wpa_supplicant: WPS: attr type=0x1042 len=8
03-10 21:11:09.374  1638  1638 D wpa_supplicant: WPS: attr type=0x1054 len=8
03-10 21:11:09.374  1638  1638 D wpa_supplicant: WPS: attr type=0x1011 len=9
03-10 21:11:09.374  1638  1638 D wpa_supplicant: WPS: attr type=0x1008 len=2
03-10 21:11:09.374  1638  1638 D wpa_supplicant: WPS: attr type=0x103c len=1
03-10 21:11:09.374  1638  1638 D wpa_supplicant: WPS: attr type=0x104a len=1
03-10 21:11:09.374  1638  1638 D wpa_supplicant: WPS: attr type=0x1044 len=1
03-10 21:11:09.374  1638  1638 D wpa_supplicant: WPS: attr type=0x103b len=1
03-10 21:11:09.374  1638  1638 D wpa_supplicant: WPS: attr type=0x1047 len=16
03-10 21:11:09.374  1638  1638 D wpa_supplicant: WPS: attr type=0x1021 len=24
03-10 21:11:09.374  1638  1638 D wpa_supplicant: WPS: attr type=0x1023 len=28
03-10 21:11:09.374  1638  1638 D wpa_supplicant: WPS: attr type=0x1024 len=6
03-10 21:11:09.374  1638  1638 D wpa_supplicant: WPS: attr type=0x1042 len=8
03-10 21:11:09.374  1638  1638 D wpa_supplicant: WPS: attr type=0x1054 len=8
03-10 21:11:09.374  1638  1638 D wpa_supplicant: WPS: attr type=0x1011 len=9
03-10 21:11:09.374  1638  1638 D wpa_supplicant: WPS: attr type=0x1008 len=2
03-10 21:11:09.374  1638  1638 D wpa_supplicant: WPS: attr type=0x103c len=1
03-10 21:11:09.374  1638  1638 D wpa_supplicant: WPS: attr type=0x104a len=1
03-10 21:11:09.374  1638  1638 D wpa_supplicant: WPS: attr type=0x1044 len=1
03-10 21:11:09.374  1638  1638 D wpa_supplicant: WPS: attr type=0x103b len=1
03-10 21:11:09.374  1638  1638 D wpa_supplicant: WPS: attr type=0x1047 len=16
03-10 21:11:09.374  1638  1638 D wpa_supplicant: WPS: attr type=0x1021 len=24
03-10 21:11:09.374  1638  1638 D wpa_supplicant: WPS: attr type=0x1023 len=28
03-10 21:11:09.374  1638  1638 D wpa_supplicant: WPS: attr type=0x1024 len=6
03-10 21:11:09.374  1638  1638 D wpa_supplicant: WPS: attr type=0x1042 len=8
03-10 21:11:09.374  1638  1638 D wpa_supplicant: WPS: attr type=0x1054 len=8
03-10 21:11:09.374  1638  1638 D wpa_supplicant: WPS: attr type=0x1011 len=9
03-10 21:11:09.374  1638  1638 D wpa_supplicant: WPS: attr type=0x1008 len=2
03-10 21:11:09.374  1638  1638 D wpa_supplicant: WPS: attr type=0x103c len=1
03-10 21:11:09.374  1638  1638 D wpa_supplicant: WPS: attr type=0x104a len=1
03-10 21:11:09.374  1638  1638 D wpa_supplicant: WPS: attr type=0x1044 len=1
03-10 21:11:09.374  1638  1638 D wpa_supplicant: WPS: attr type=0x1041 len=1
03-10 21:11:09.374  1638  1638 D wpa_supplicant: WPS: attr type=0x1012 len=2
03-10 21:11:09.374  1638  1638 D wpa_supplicant: WPS: attr type=0x1053 len=2
03-10 21:11:09.374  1638  1638 D wpa_supplicant: WPS: attr type=0x103b len=1
03-10 21:11:09.374  1638  1638 D wpa_supplicant: WPS: attr type=0x1047 len=16
03-10 21:11:09.374  1638  1638 D wpa_supplicant: WPS: attr type=0x1021 len=26
03-10 21:11:09.374  1638  1638 D wpa_supplicant: WPS: attr type=0x1023 len=20
03-10 21:11:09.374  1638  1638 D wpa_supplicant: WPS: attr type=0x1024 len=15
03-10 21:11:09.374  1638  1638 D wpa_supplicant: WPS: attr type=0x1042 len=4
03-10 21:11:09.374  1638  1638 D wpa_supplicant: WPS: attr type=0x1054 len=8
03-10 21:11:09.374  1638  1638 D wpa_supplicant: WPS: attr type=0x1011 len=21
03-10 21:11:09.374  1638  1638 D wpa_supplicant: WPS: attr type=0x1008 len=2
03-10 21:11:09.374  1638  1638 D wpa_supplicant: WPS: attr type=0x103c len=1
03-10 21:11:09.374  1638  1638 D wpa_supplicant: WPS: attr type=0x104a len=1
03-10 21:11:09.374  1638  1638 D wpa_supplicant: WPS: attr type=0x1044 len=1
03-10 21:11:09.384  1638  1638 D wpa_supplicant: WPS: attr type=0x1041 len=1
03-10 21:11:09.384  1638  1638 D wpa_supplicant: WPS: attr type=0x1012 len=2
03-10 21:11:09.384  1638  1638 D wpa_supplicant: WPS: attr type=0x1053 len=2
03-10 21:11:09.384  1638  1638 D wpa_supplicant: WPS: attr type=0x103b len=1
03-10 21:11:09.384  1638  1638 D wpa_supplicant: WPS: attr type=0x1047 len=16
03-10 21:11:09.384  1638  1638 D wpa_supplicant: WPS: attr type=0x1021 len=26
03-10 21:11:09.384  1638  1638 D wpa_supplicant: WPS: attr type=0x1023 len=20
03-10 21:11:09.384  1638  1638 D wpa_supplicant: WPS: attr type=0x1024 len=15
03-10 21:11:09.384  1638  1638 D wpa_supplicant: WPS: attr type=0x1042 len=4
03-10 21:11:09.384  1638  1638 D wpa_supplicant: WPS: attr type=0x1054 len=8
03-10 21:11:09.384  1638  1638 D wpa_supplicant: WPS: attr type=0x1011 len=21
03-10 21:11:09.384  1638  1638 D wpa_supplicant: WPS: attr type=0x1008 len=2
03-10 21:11:09.384  1638  1638 D wpa_supplicant: WPS: attr type=0x103c len=1
03-10 21:11:09.384  1638  1638 D wpa_supplicant: WPS: attr type=0x104a len=1
03-10 21:11:09.384  1638  1638 D wpa_supplicant: WPS: attr type=0x1044 len=1
03-10 21:11:09.384  1638  1638 D wpa_supplicant: WPS: attr type=0x1041 len=1
03-10 21:11:09.384  1638  1638 D wpa_supplicant: WPS: attr type=0x1012 len=2
03-10 21:11:09.384  1638  1638 D wpa_supplicant: WPS: attr type=0x1053 len=2
03-10 21:11:09.384  1638  1638 D wpa_supplicant: WPS: attr type=0x103b len=1
03-10 21:11:09.384  1638  1638 D wpa_supplicant: WPS: attr type=0x1047 len=16
03-10 21:11:09.384  1638  1638 D wpa_supplicant: WPS: attr type=0x1021 len=26
03-10 21:11:09.384  1638  1638 D wpa_supplicant: WPS: attr type=0x1023 len=20
03-10 21:11:09.384  1638  1638 D wpa_supplicant: WPS: attr type=0x1024 len=15
03-10 21:11:09.384  1638  1638 D wpa_supplicant: WPS: attr type=0x1042 len=4
03-10 21:11:09.384  1638  1638 D wpa_supplicant: WPS: attr type=0x1054 len=8
03-10 21:11:09.384  1638  1638 D wpa_supplicant: WPS: attr type=0x1011 len=21
03-10 21:11:09.384  1638  1638 D wpa_supplicant: WPS: attr type=0x1008 len=2
03-10 21:11:09.384  1638  1638 D wpa_supplicant: WPS: attr type=0x103c len=1
03-10 21:11:09.384  1638  1638 D wpa_supplicant: CTRL_IFACE monitor send - hexdump(len=39): 2f 64 61 74 61 2f 6d 69 73 63 2f 77 69 66 69 2f 73 6f 63 6b 65 74 73 2f 77 70 61 5f 63 74 72 6c ...
03-10 21:11:09.384  1638  1638 D wpa_supplicant: WPS: attr type=0x104a len=1
03-10 21:11:09.384  1638  1638 D wpa_supplicant: WPS: attr type=0x1044 len=1
03-10 21:11:09.384  1638  1638 D wpa_supplicant: WPS: attr type=0x1054 len=8
03-10 21:11:09.384  1638  1638 D wpa_supplicant: WPS: attr type=0x1011 len=8
03-10 21:11:09.384  1638  1638 D wpa_supplicant: WPS: attr type=0x1008 len=2
03-10 21:11:09.384  1638  1638 D wpa_supplicant: WPS: attr type=0x1047 len=16
03-10 21:11:09.384  1638  1638 D wpa_supplicant: WPS: attr type=0x103c len=1
03-10 21:11:09.384  1638  1638 D wpa_supplicant: WPS: attr type=0x1049 len=6
03-10 21:11:09.384  1638  1638 D wpa_supplicant: WPS: WFA subelement id=0 len=1
03-10 21:11:09.384  1638  1638 D wpa_supplicant: WPS: attr type=0x104a len=1
03-10 21:11:09.384  1638  1638 D wpa_supplicant: WPS: attr type=0x1044 len=1
03-10 21:11:09.384  1638  1638 D wpa_supplicant: WPS: attr type=0x103b len=1
03-10 21:11:09.384  1638  1638 D wpa_supplicant: WPS: attr type=0x1047 len=16
03-10 21:11:09.384  1638  1638 D wpa_supplicant: WPS: attr type=0x1021 len=13
03-10 21:11:09.384  1638  1638 D wpa_supplicant: WPS: attr type=0x1023 len=5
03-10 21:11:09.384  1638  1638 D wpa_supplicant: WPS: attr type=0x1024 len=5
03-10 21:11:09.384  1638  1638 D wpa_supplicant: WPS: attr type=0x1042 len=2
03-10 21:11:09.384  1638  1638 D wpa_supplicant: WPS: attr type=0x1054 len=8
03-10 21:11:09.384  1638  1638 D wpa_supplicant: WPS: attr type=0x1011 len=5
03-10 21:11:09.384  1638  1638 D wpa_supplicant: WPS: attr type=0x1008 len=2
03-10 21:11:09.384  1638  1638 D wpa_supplicant: WPS: attr type=0x103c len=1
03-10 21:11:09.384  1638  1638 D wpa_supplicant: WPS: attr type=0x1049 len=6
03-10 21:11:09.384  1638  1638 D wpa_supplicant: WPS: WFA subelement id=0 len=1
03-10 21:11:09.384  1638  1638 D wpa_supplicant: WPS: attr type=0x104a len=1
03-10 21:11:09.384  1638  1638 D wpa_supplicant: WPS: attr type=0x1044 len=1
03-10 21:11:09.384  1638  1638 D wpa_supplicant: WPS: attr type=0x103b len=1
03-10 21:11:09.384  1638  1638 D wpa_supplicant: WPS: attr type=0x1047 len=16
03-10 21:11:09.384  1638  1638 D wpa_supplicant: WPS: attr type=0x1021 len=13
03-10 21:11:09.384  1638  1638 D wpa_supplicant: WPS: attr type=0x1023 len=5
03-10 21:11:09.384  1638  1638 D wpa_supplicant: WPS: attr type=0x1024 len=5
03-10 21:11:09.384  1638  1638 D wpa_supplicant: WPS: attr type=0x1042 len=2
03-10 21:11:09.384  1638  1638 D wpa_supplicant: WPS: attr type=0x1054 len=8
03-10 21:11:09.384  1638  1638 D wpa_supplicant: WPS: attr type=0x1011 len=5
03-10 21:11:09.384  1638  1638 D wpa_supplicant: WPS: attr type=0x1008 len=2
03-10 21:11:09.384  1638  1638 D wpa_supplicant: WPS: attr type=0x103c len=1
03-10 21:11:09.384  1638  1638 D wpa_supplicant: WPS: attr type=0x1049 len=6
03-10 21:11:09.384  1638  1638 D wpa_supplicant: WPS: WFA subelement id=0 len=1
03-10 21:11:09.384  1638  1638 D wpa_supplicant: WPS: attr type=0x104a len=1
03-10 21:11:09.384  1638  1638 D wpa_supplicant: WPS: attr type=0x1044 len=1
03-10 21:11:09.384  1638  1638 D wpa_supplicant: WPS: attr type=0x103b len=1
03-10 21:11:09.384  1638  1638 D wpa_supplicant: WPS: attr type=0x1047 len=16
03-10 21:11:09.384  1638  1638 D wpa_supplicant: WPS: attr type=0x1021 len=24
03-10 21:11:09.384  1638  1638 D wpa_supplicant: WPS: attr type=0x1023 len=28
03-10 21:11:09.384  1638  1638 D wpa_supplicant: WPS: attr type=0x1024 len=6
03-10 21:11:09.384  1638  1638 D wpa_supplicant: WPS: attr type=0x1042 len=8
03-10 21:11:09.384  1638  1638 D wpa_supplicant: WPS: attr type=0x1054 len=8
03-10 21:11:09.384  1638  1638 D wpa_supplicant: WPS: attr type=0x1011 len=9
03-10 21:11:09.384  1638  1638 D wpa_supplicant: WPS: attr type=0x1008 len=2
03-10 21:11:09.384  1638  1638 D wpa_supplicant: WPS: attr type=0x103c len=1
03-10 21:11:09.384  1638  1638 D wpa_supplicant: WPS: attr type=0x104a len=1
03-10 21:11:09.384  1638  1638 D wpa_supplicant: WPS: attr type=0x1044 len=1
03-10 21:11:09.384  1638  1638 D wpa_supplicant: WPS: attr type=0x1041 len=1
03-10 21:11:09.384  1638  1638 D wpa_supplicant: WPS: attr type=0x1012 len=2
03-10 21:11:09.384  1638  1638 D wpa_supplicant: WPS: attr type=0x1053 len=2
03-10 21:11:09.384  1638  1638 D wpa_supplicant: WPS: attr type=0x103b len=1
03-10 21:11:09.384  1638  1638 D wpa_supplicant: WPS: attr type=0x1047 len=16
03-10 21:11:09.384  1638  1638 D wpa_supplicant: WPS: attr type=0x1021 len=26
03-10 21:11:09.384  1638  1638 D wpa_supplicant: WPS: attr type=0x1023 len=20
03-10 21:11:09.384  1638  1638 D wpa_supplicant: WPS: attr type=0x1024 len=15
03-10 21:11:09.384  1638  1638 D wpa_supplicant: WPS: attr type=0x1042 len=4
03-10 21:11:09.384  1638  1638 D wpa_supplicant: WPS: attr type=0x1054 len=8
03-10 21:11:09.384  1638  1638 D wpa_supplicant: WPS: attr type=0x1011 len=21
03-10 21:11:09.384  1638  1638 D wpa_supplicant: WPS: attr type=0x1008 len=2
03-10 21:11:09.384  1638  1638 D wpa_supplicant: WPS: attr type=0x103c len=1
03-10 21:11:09.384  1638  1638 D wpa_supplicant: WPS: AP[0] d4:bf:7f:50:25:d7 type=0 tries=0 last_attempt=-1 sec ago blacklist=0
03-10 21:11:09.384  1638  1638 D wpa_supplicant: WPS: AP[1] e8:fc:af:ff:3a:33 type=0 tries=0 last_attempt=-1 sec ago blacklist=0
03-10 21:11:09.384  1638  1638 D wpa_supplicant: WPS: AP[2] e8:fc:af:ff:3a:34 type=0 tries=0 last_attempt=-1 sec ago blacklist=0
03-10 21:11:09.384  1638  1638 D wpa_supplicant: WPS: AP[3] ec:43:f6:da:f7:48 type=0 tries=0 last_attempt=-1 sec ago blacklist=0
03-10 21:11:09.384  1638  1638 D wpa_supplicant: WPS: AP[4] ea:28:5d:6b:09:e8 type=1 tries=0 last_attempt=-1 sec ago blacklist=0
03-10 21:11:09.384  1638  1638 D wpa_supplicant: WPS: AP[5] 00:24:b2:5a:54:33 type=0 tries=0 last_attempt=-1 sec ago blacklist=0
03-10 21:11:09.384  1638  1638 D wpa_supplicant: WPS: AP[6] d4:bf:7f:50:25:d2 type=0 tries=0 last_attempt=-1 sec ago blacklist=0
03-10 21:11:09.384  1638  1638 D wpa_supplicant: p2p0: No suitable network found
03-10 21:11:09.384  1638  1638 D wpa_supplicant: p2p0: Short-circuit new scan request since there are no enabled networks
03-10 21:11:09.384  1638  1638 D wpa_supplicant: p2p0: State: INACTIVE -> INACTIVE
03-10 21:11:09.384  1638  1638 D wpa_supplicant: wlan0: P2P: Station mode scan operation not pending anymore (sta_scan_pending=0 p2p_cb_on_scan_complete=0)
03-10 21:11:09.384  1638  1638 D wpa_supplicant: nl80211: Drv Event 32 (NL80211_CMD_GET_SCAN) received for wlan0
03-10 21:11:09.384  1638  1638 D wpa_supplicant: wlan0: nl80211: Ignored unknown event (cmd=32)
03-10 21:11:09.384  1638  1638 D wpa_supplicant: RX ctrl_iface - hexdump(len=25): 42 53 53 20 52 41 4e 47 45 3d 30 2d 20 4d 41 53 4b 3d 30 78 32 31 39 38 37
03-10 21:11:09.384  1638  1638 D wpa_supplicant: wlan0: Control interface command 'BSS RANGE=0- MASK=0x21987'
03-10 21:11:09.384  1638  1638 D wpa_supplicant: WPS: attr type=0x104a len=1
03-10 21:11:09.384  1638  1638 D wpa_supplicant: WPS: attr type=0x1044 len=1
03-10 21:11:09.384  1638  1638 D wpa_supplicant: WPS: attr type=0x103b len=1
03-10 21:11:09.384  1638  1638 D wpa_supplicant: WPS: attr type=0x1047 len=16
03-10 21:11:09.384  1638  1638 D wpa_supplicant: WPS: attr type=0x1021 len=13
03-10 21:11:09.384  1638  1638 D wpa_supplicant: WPS: attr type=0x1023 len=5
03-10 21:11:09.384  1638  1638 D wpa_supplicant: WPS: attr type=0x1024 len=5
03-10 21:11:09.384  1638  1638 D wpa_supplicant: WPS: attr type=0x1042 len=2
03-10 21:11:09.384  1638  1638 D wpa_supplicant: WPS: attr type=0x1054 len=8
03-10 21:11:09.384  1638  1638 D wpa_supplicant: WPS: attr type=0x1011 len=5
03-10 21:11:09.384  1638  1638 D wpa_supplicant: WPS: attr type=0x1008 len=2
03-10 21:11:09.384  1638  1638 D wpa_supplicant: WPS: attr type=0x103c len=1
03-10 21:11:09.384  1638  1638 D wpa_supplicant: WPS: attr type=0x1049 len=6
03-10 21:11:09.384  1638  1638 D wpa_supplicant: WPS: WFA subelement id=0 len=1
03-10 21:11:09.384  1638  1638 D wpa_supplicant: WPS: attr type=0x104a len=1
03-10 21:11:09.384  1638  1638 D wpa_supplicant: WPS: attr type=0x1044 len=1
03-10 21:11:09.384  1638  1638 D wpa_supplicant: WPS: attr type=0x103b len=1
03-10 21:11:09.384  1638  1638 D wpa_supplicant: WPS: attr type=0x1047 len=16
03-10 21:11:09.384  1638  1638 D wpa_supplicant: WPS: attr type=0x1021 len=13
03-10 21:11:09.384  1638  1638 D wpa_supplicant: WPS: attr type=0x1023 len=5
03-10 21:11:09.384  1638  1638 D wpa_supplicant: WPS: attr type=0x1024 len=5
03-10 21:11:09.384  1638  1638 D wpa_supplicant: WPS: attr type=0x1042 len=2
03-10 21:11:09.384  1638  1638 D wpa_supplicant: WPS: attr type=0x1054 len=8
03-10 21:11:09.384  1638  1638 D wpa_supplicant: WPS: attr type=0x1011 len=5
03-10 21:11:09.384  1638  1638 D wpa_supplicant: WPS: attr type=0x1008 len=2
03-10 21:11:09.384  1638  1638 D wpa_supplicant: WPS: attr type=0x103c len=1
03-10 21:11:09.384  1638  1638 D wpa_supplicant: WPS: attr type=0x1049 len=6
03-10 21:11:09.384  1638  1638 D wpa_supplicant: WPS: WFA subelement id=0 len=1
03-10 21:11:09.384  1638  1638 D wpa_supplicant: WPS: attr type=0x104a len=1
03-10 21:11:09.384  1638  1638 D wpa_supplicant: WPS: attr type=0x1044 len=1
03-10 21:11:09.384  1638  1638 D wpa_supplicant: WPS: attr type=0x103b len=1
03-10 21:11:09.384  1638  1638 D wpa_supplicant: WPS: attr type=0x1047 len=16
03-10 21:11:09.384  1638  1638 D wpa_supplicant: WPS: attr type=0x1021 len=13
03-10 21:11:09.384  1638  1638 D wpa_supplicant: WPS: attr type=0x1023 len=5
03-10 21:11:09.384  1638  1638 D wpa_supplicant: WPS: attr type=0x1024 len=5
03-10 21:11:09.384  1638  1638 D wpa_supplicant: WPS: attr type=0x1042 len=2
03-10 21:11:09.384  1638  1638 D wpa_supplicant: WPS: attr type=0x1054 len=8
03-10 21:11:09.384  1638  1638 D wpa_supplicant: WPS: attr type=0x1011 len=5
03-10 21:11:09.384  1638  1638 D wpa_supplicant: WPS: attr type=0x1008 len=2
03-10 21:11:09.384  1638  1638 D wpa_supplicant: WPS: attr type=0x103c len=1
03-10 21:11:09.384  1638  1638 D wpa_supplicant: WPS: attr type=0x1049 len=6
03-10 21:11:09.384  1638  1638 D wpa_supplicant: WPS: WFA subelement id=0 len=1
03-10 21:11:09.384  1638  1638 D wpa_supplicant: WPS: attr type=0x104a len=1
03-10 21:11:09.384  1638  1638 D wpa_supplicant: WPS: attr type=0x1044 len=1
03-10 21:11:09.384  1638  1638 D wpa_supplicant: WPS: attr type=0x103b len=1
03-10 21:11:09.384  1638  1638 D wpa_supplicant: WPS: attr type=0x1047 len=16
03-10 21:11:09.384  1638  1638 D wpa_supplicant: WPS: attr type=0x1021 len=24
03-10 21:11:09.384  1638  1638 D wpa_supplicant: WPS: attr type=0x1023 len=28
03-10 21:11:09.384  1638  1638 D wpa_supplicant: WPS: attr type=0x1024 len=6
03-10 21:11:09.384  1638  1638 D wpa_supplicant: WPS: attr type=0x1042 len=8
03-10 21:11:09.384  1638  1638 D wpa_supplicant: WPS: attr type=0x1054 len=8
03-10 21:11:09.384  1638  1638 D wpa_supplicant: WPS: attr type=0x1011 len=9
03-10 21:11:09.384  1638  1638 D wpa_supplicant: WPS: attr type=0x1008 len=2
03-10 21:11:09.384  1638  1638 D wpa_supplicant: WPS: attr type=0x103c len=1
03-10 21:11:09.384  1638  1638 D wpa_supplicant: WPS: attr type=0x104a len=1
03-10 21:11:09.384  1638  1638 D wpa_supplicant: WPS: attr type=0x1044 len=1
03-10 21:11:09.384  1638  1638 D wpa_supplicant: WPS: attr type=0x103b len=1
03-10 21:11:09.384  1638  1638 D wpa_supplicant: WPS: attr type=0x1047 len=16
03-10 21:11:09.384  1638  1638 D wpa_supplicant: WPS: attr type=0x1021 len=24
03-10 21:11:09.384  1638  1638 D wpa_supplicant: WPS: attr type=0x1023 len=28
03-10 21:11:09.384  1638  1638 D wpa_supplicant: WPS: attr type=0x1024 len=6
03-10 21:11:09.384  1638  1638 D wpa_supplicant: WPS: attr type=0x1042 len=8
03-10 21:11:09.384  1638  1638 D wpa_supplicant: WPS: attr type=0x1054 len=8
03-10 21:11:09.384  1638  1638 D wpa_supplicant: WPS: attr type=0x1011 len=9
03-10 21:11:09.384  1638  1638 D wpa_supplicant: WPS: attr type=0x1008 len=2
03-10 21:11:09.384  1638  1638 D wpa_supplicant: WPS: attr type=0x103c len=1
03-10 21:11:09.384  1638  1638 D wpa_supplicant: WPS: attr type=0x104a len=1
03-10 21:11:09.384  1638  1638 D wpa_supplicant: WPS: attr type=0x1044 len=1
03-10 21:11:09.384  1638  1638 D wpa_supplicant: WPS: attr type=0x103b len=1
03-10 21:11:09.384  1638  1638 D wpa_supplicant: WPS: attr type=0x1047 len=16
03-10 21:11:09.384  1638  1638 D wpa_supplicant: WPS: attr type=0x1021 len=24
03-10 21:11:09.384  1638  1638 D wpa_supplicant: WPS: attr type=0x1023 len=28
03-10 21:11:09.384  1638  1638 D wpa_supplicant: WPS: attr type=0x1024 len=6
03-10 21:11:09.384  1638  1638 D wpa_supplicant: WPS: attr type=0x1042 len=8
03-10 21:11:09.384  1638  1638 D wpa_supplicant: WPS: attr type=0x1054 len=8
03-10 21:11:09.384  1638  1638 D wpa_supplicant: WPS: attr type=0x1011 len=9
03-10 21:11:09.384  1638  1638 D wpa_supplicant: WPS: attr type=0x1008 len=2
03-10 21:11:09.384  1638  1638 D wpa_supplicant: WPS: attr type=0x103c len=1
03-10 21:11:09.384  1638  1638 D wpa_supplicant: WPS: attr type=0x104a len=1
03-10 21:11:09.384  1638  1638 D wpa_supplicant: WPS: attr type=0x1044 len=1
03-10 21:11:09.384  1638  1638 D wpa_supplicant: WPS: attr type=0x1041 len=1
03-10 21:11:09.384  1638  1638 D wpa_supplicant: WPS: attr type=0x1012 len=2
03-10 21:11:09.384  1638  1638 D wpa_supplicant: WPS: attr type=0x1053 len=2
03-10 21:11:09.384  1638  1638 D wpa_supplicant: WPS: attr type=0x103b len=1
03-10 21:11:09.384  1638  1638 D wpa_supplicant: WPS: attr type=0x1047 len=16
03-10 21:11:09.384  1638  1638 D wpa_supplicant: WPS: attr type=0x1021 len=26
03-10 21:11:09.384  1638  1638 D wpa_supplicant: WPS: attr type=0x1023 len=20
03-10 21:11:09.384  1638  1638 D wpa_supplicant: WPS: attr type=0x1024 len=15
03-10 21:11:09.384  1638  1638 D wpa_supplicant: WPS: attr type=0x1042 len=4
03-10 21:11:09.384  1638  1638 D wpa_supplicant: WPS: attr type=0x1054 len=8
03-10 21:11:09.384  1638  1638 D wpa_supplicant: WPS: attr type=0x1011 len=21
03-10 21:11:09.384  1638  1638 D wpa_supplicant: WPS: attr type=0x1008 len=2
03-10 21:11:09.384  1638  1638 D wpa_supplicant: WPS: attr type=0x103c len=1
03-10 21:11:09.384  1638  1638 D wpa_supplicant: WPS: attr type=0x104a len=1
03-10 21:11:09.384  1638  1638 D wpa_supplicant: WPS: attr type=0x1044 len=1
03-10 21:11:09.384  1638  1638 D wpa_supplicant: WPS: attr type=0x1041 len=1
03-10 21:11:09.384  1638  1638 D wpa_supplicant: WPS: attr type=0x1012 len=2
03-10 21:11:09.384  1638  1638 D wpa_supplicant: WPS: attr type=0x1053 len=2
03-10 21:11:09.384  1638  1638 D wpa_supplicant: WPS: attr type=0x103b len=1
03-10 21:11:09.384  1638  1638 D wpa_supplicant: WPS: attr type=0x1047 len=16
03-10 21:11:09.384  1638  1638 D wpa_supplicant: WPS: attr type=0x1021 len=26
03-10 21:11:09.384  1638  1638 D wpa_supplicant: WPS: attr type=0x1023 len=20
03-10 21:11:09.384  1638  1638 D wpa_supplicant: WPS: attr type=0x1024 len=15
03-10 21:11:09.384  1638  1638 D wpa_supplicant: WPS: attr type=0x1042 len=4
03-10 21:11:09.384  1638  1638 D wpa_supplicant: WPS: attr type=0x1054 len=8
03-10 21:11:09.384  1638  1638 D wpa_supplicant: WPS: attr type=0x1011 len=21
03-10 21:11:09.384  1638  1638 D wpa_supplicant: WPS: attr type=0x1008 len=2
03-10 21:11:09.384  1638  1638 D wpa_supplicant: WPS: attr type=0x103c len=1
03-10 21:11:09.384  1638  1638 D wpa_supplicant: WPS: attr type=0x104a len=1
03-10 21:11:09.384  1638  1638 D wpa_supplicant: WPS: attr type=0x1044 len=1
03-10 21:11:09.384  1638  1638 D wpa_supplicant: WPS: attr type=0x1041 len=1
03-10 21:11:09.384  1638  1638 D wpa_supplicant: WPS: attr type=0x1012 len=2
03-10 21:11:09.384  1638  1638 D wpa_supplicant: WPS: attr type=0x1053 len=2
03-10 21:11:09.384  1638  1638 D wpa_supplicant: WPS: attr type=0x103b len=1
03-10 21:11:09.384  1638  1638 D wpa_supplicant: WPS: attr type=0x1047 len=16
03-10 21:11:09.384  1638  1638 D wpa_supplicant: WPS: attr type=0x1021 len=26
03-10 21:11:09.384  1638  1638 D wpa_supplicant: WPS: attr type=0x1023 len=20
03-10 21:11:09.384  1638  1638 D wpa_supplicant: WPS: attr type=0x1024 len=15
03-10 21:11:09.384  1638  1638 D wpa_supplicant: WPS: attr type=0x1042 len=4
03-10 21:11:09.384  1638  1638 D wpa_supplicant: WPS: attr type=0x1054 len=8
03-10 21:11:09.384  1638  1638 D wpa_supplicant: WPS: attr type=0x1011 len=21
03-10 21:11:09.384  1638  1638 D wpa_supplicant: WPS: attr type=0x1008 len=2
03-10 21:11:09.384  1638  1638 D wpa_supplicant: WPS: attr type=0x103c len=1
03-10 21:11:09.384  1638  1638 D wpa_supplicant: WPS: attr type=0x104a len=1
03-10 21:11:09.384  1638  1638 D wpa_supplicant: WPS: attr type=0x1044 len=1
03-10 21:11:09.384  1638  1638 D wpa_supplicant: WPS: attr type=0x1054 len=8
03-10 21:11:09.384  1638  1638 D wpa_supplicant: WPS: attr type=0x1011 len=8
03-10 21:11:09.384  1638  1638 D wpa_supplicant: WPS: attr type=0x1008 len=2
03-10 21:11:09.384  1638  1638 D wpa_supplicant: WPS: attr type=0x1047 len=16
03-10 21:11:09.384  1638  1638 D wpa_supplicant: WPS: attr type=0x103c len=1
03-10 21:11:09.384  1638  1638 D wpa_supplicant: WPS: attr type=0x1049 len=6
03-10 21:11:09.384  1638  1638 D wpa_supplicant: WPS: WFA subelement id=0 len=1
03-10 21:11:09.384  1638  1638 D wpa_supplicant: WPS: attr type=0x104a len=1
03-10 21:11:09.384  1638  1638 D wpa_supplicant: WPS: attr type=0x1044 len=1
03-10 21:11:09.384  1638  1638 D wpa_supplicant: WPS: attr type=0x1054 len=8
03-10 21:11:09.384  1638  1638 D wpa_supplicant: WPS: attr type=0x1011 len=8
03-10 21:11:09.384  1638  1638 D wpa_supplicant: WPS: attr type=0x1008 len=2
03-10 21:11:09.384  1638  1638 D wpa_supplicant: WPS: attr type=0x1047 len=16
03-10 21:11:09.384  1638  1638 D wpa_supplicant: WPS: attr type=0x103c len=1
03-10 21:11:09.384  1638  1638 D wpa_supplicant: WPS: attr type=0x1049 len=6
03-10 21:11:09.384  1638  1638 D wpa_supplicant: WPS: WFA subelement id=0 len=1
03-10 21:11:09.384  1638  1638 D wpa_supplicant: WPS: attr type=0x104a len=1
03-10 21:11:09.384  1638  1638 D wpa_supplicant: WPS: attr type=0x1044 len=1
03-10 21:11:09.384  1638  1638 D wpa_supplicant: WPS: attr type=0x1054 len=8
03-10 21:11:09.384  1638  1638 D wpa_supplicant: WPS: attr type=0x1011 len=8
03-10 21:11:09.384  1638  1638 D wpa_supplicant: WPS: attr type=0x1008 len=2
03-10 21:11:09.384  1638  1638 D wpa_supplicant: WPS: attr type=0x1047 len=16
03-10 21:11:09.384  1638  1638 D wpa_supplicant: WPS: attr type=0x103c len=1
03-10 21:11:09.384  1638  1638 D wpa_supplicant: WPS: attr type=0x1049 len=6
03-10 21:11:09.384  1638  1638 D wpa_supplicant: WPS: WFA subelement id=0 len=1
03-10 21:11:09.384  1638  1638 D wpa_supplicant: WPS: attr type=0x104a len=1
03-10 21:11:09.384  1638  1638 D wpa_supplicant: WPS: attr type=0x1044 len=1
03-10 21:11:09.384  1638  1638 D wpa_supplicant: WPS: attr type=0x103b len=1
03-10 21:11:09.384  1638  1638 D wpa_supplicant: WPS: attr type=0x1047 len=16
03-10 21:11:09.384  1638  1638 D wpa_supplicant: WPS: attr type=0x1021 len=13
03-10 21:11:09.384  1638  1638 D wpa_supplicant: WPS: attr type=0x1023 len=5
03-10 21:11:09.384  1638  1638 D wpa_supplicant: WPS: attr type=0x1024 len=5
03-10 21:11:09.384  1638  1638 D wpa_supplicant: WPS: attr type=0x1042 len=2
03-10 21:11:09.384  1638  1638 D wpa_supplicant: WPS: attr type=0x1054 len=8
03-10 21:11:09.384  1638  1638 D wpa_supplicant: WPS: attr type=0x1011 len=5
03-10 21:11:09.384  1638  1638 D wpa_supplicant: WPS: attr type=0x1008 len=2
03-10 21:11:09.384  1638  1638 D wpa_supplicant: WPS: attr type=0x103c len=1
03-10 21:11:09.384  1638  1638 D wpa_supplicant: WPS: attr type=0x1049 len=6
03-10 21:11:09.384  1638  1638 D wpa_supplicant: WPS: WFA subelement id=0 len=1
03-10 21:11:09.384  1638  1638 D wpa_supplicant: WPS: attr type=0x104a len=1
03-10 21:11:09.384  1638  1638 D wpa_supplicant: WPS: attr type=0x1044 len=1
03-10 21:11:09.384  1638  1638 D wpa_supplicant: WPS: attr type=0x103b len=1
03-10 21:11:09.384  1638  1638 D wpa_supplicant: WPS: attr type=0x1047 len=16
03-10 21:11:09.384  1638  1638 D wpa_supplicant: WPS: attr type=0x1021 len=13
03-10 21:11:09.384  1638  1638 D wpa_supplicant: WPS: attr type=0x1023 len=5
03-10 21:11:09.384  1638  1638 D wpa_supplicant: WPS: attr type=0x1024 len=5
03-10 21:11:09.384  1638  1638 D wpa_supplicant: WPS: attr type=0x1042 len=2
03-10 21:11:09.384  1638  1638 D wpa_supplicant: WPS: attr type=0x1054 len=8
03-10 21:11:09.384  1638  1638 D wpa_supplicant: WPS: attr type=0x1011 len=5
03-10 21:11:09.384  1638  1638 D wpa_supplicant: WPS: attr type=0x1008 len=2
03-10 21:11:09.384  1638  1638 D wpa_supplicant: WPS: attr type=0x103c len=1
03-10 21:11:09.384  1638  1638 D wpa_supplicant: WPS: attr type=0x1049 len=6
03-10 21:11:09.384  1638  1638 D wpa_supplicant: WPS: WFA subelement id=0 len=1
03-10 21:11:09.384  1638  1638 D wpa_supplicant: WPS: attr type=0x104a len=1
03-10 21:11:09.384  1638  1638 D wpa_supplicant: WPS: attr type=0x1044 len=1
03-10 21:11:09.384  1638  1638 D wpa_supplicant: WPS: attr type=0x103b len=1
03-10 21:11:09.384  1638  1638 D wpa_supplicant: WPS: attr type=0x1047 len=16
03-10 21:11:09.384  1638  1638 D wpa_supplicant: WPS: attr type=0x1021 len=13
03-10 21:11:09.384  1638  1638 D wpa_supplicant: WPS: attr type=0x1023 len=5
03-10 21:11:09.384  1638  1638 D wpa_supplicant: WPS: attr type=0x1024 len=5
03-10 21:11:09.384  1638  1638 D wpa_supplicant: WPS: attr type=0x1042 len=2
03-10 21:11:09.384  1638  1638 D wpa_supplicant: WPS: attr type=0x1054 len=8
03-10 21:11:09.384  1638  1638 D wpa_supplicant: WPS: attr type=0x1011 len=5
03-10 21:11:09.384  1638  1638 D wpa_supplicant: WPS: attr type=0x1008 len=2
03-10 21:11:09.384  1638  1638 D wpa_supplicant: WPS: attr type=0x103c len=1
03-10 21:11:09.384  1638  1638 D wpa_supplicant: WPS: attr type=0x1049 len=6
03-10 21:11:09.384  1638  1638 D wpa_supplicant: WPS: WFA subelement id=0 len=1
03-10 21:11:09.384  1638  1638 D wpa_supplicant: RTM_NEWLINK: operstate=1 ifi_flags=0x11043 ([UP][RUNNING][LOWER_UP])
03-10 21:11:09.384  1638  1638 D wpa_supplicant: RTM_NEWLINK, IFLA_IFNAME: Interface 'wlan0' added
03-10 21:11:09.384  1638  1638 D wpa_supplicant: nl80211: if_removed already cleared - ignore event
03-10 21:11:09.394   922  1299 D LBSSystemMonitorService: handleMessage what - 4
03-10 21:11:09.394   922  1299 D Wiper_jni: Send Network Location.
03-10 21:11:09.394   922  1113 E LocSvc_api_v02: I/---> locClientSendReq line 2360 QMI_LOC_INJECT_WIFI_POSITION_REQ_V02
03-10 21:11:09.394   922  1162 E LocSvc_ApiV02: I/<--- void globalRespCb(locClientHandleType, uint32_t, locClientRespIndUnionType, void*) line 106 QMI_LOC_INJECT_WIFI_POSITION_REQ_V02
03-10 21:11:09.404  1142  1318 W XTWiFiLP: No fix from XTWiFi-PE
03-10 21:11:09.404  1142  1318 W XTWiFiLP: No WiFi scan result from XTWiFi-PE
03-10 21:11:11.124  2017  2032 E QcrilMsgTunnelSocket: IOException - java.io.IOException: No such file or directory Reason: No such file or directory
03-10 21:11:11.484  1638  1638 D wpa_supplicant: RX ctrl_iface - hexdump(len=11): 53 49 47 4e 41 4c 5f 50 4f 4c 4c
03-10 21:11:11.484  1638  1638 D wpa_supplicant: wlan0: Control interface command 'SIGNAL_POLL'
03-10 21:11:11.494  1638  1638 D wpa_supplicant: nl80211: survey data missing!
03-10 21:11:12.304  9432  9432 D QSEECOMAPI: : QSEECom_get_handle sb_length = 0x2000
03-10 21:11:12.304  9432  9432 D QSEECOMAPI: : App is not loaded in QSEE
03-10 21:11:12.304  9432  9432 E QSEECOMAPI: : Error::Cannot open the file /vendor/firmware/keymaster/keymaster.mdt
03-10 21:11:12.304  9432  9432 E QSEECOMAPI: : Error::Loading image failed with ret = -1
03-10 21:11:12.324  9432  9432 D QSEECOMAPI: : QSEECom_get_handle sb_length = 0x2000
03-10 21:11:12.324  9432  9432 D QSEECOMAPI: : App is not loaded in QSEE
03-10 21:11:12.324  9432  9432 E QSEECOMAPI: : Error::Cannot open the file /firmware/image/keymaste.mdt
03-10 21:11:12.324  9432  9432 E QSEECOMAPI: : Error::Loading image failed with ret = -1
03-10 21:11:12.324  9432  9432 E QCOMKeyMaster: Loading keymaster app failied
03-10 21:11:12.324  9432  9432 E keystore: could not open keymaster device in keystore (Operation not permitted)
03-10 21:11:12.324  9432  9432 E keystore: keystore keymaster could not be initialized; exiting
03-10 21:11:13.284   219   219 V WLAN_PSA: NL MSG, len[048], NL type[0x11] WNI type[0x5050] len[028]
03-10 21:11:14.504  1638  1638 D wpa_supplicant: RX ctrl_iface - hexdump(len=11): 53 49 47 4e 41 4c 5f 50 4f 4c 4c
03-10 21:11:14.504  1638  1638 D wpa_supplicant: wlan0: Control interface command 'SIGNAL_POLL'
03-10 21:11:14.504  1638  1638 D wpa_supplicant: nl80211: survey data missing!
03-10 21:11:15.124  2017  2032 E QcrilMsgTunnelSocket: IOException - java.io.IOException: No such file or directory Reason: No such file or directory
03-10 21:11:17.354  9434  9434 D QSEECOMAPI: : QSEECom_get_handle sb_length = 0x2000
03-10 21:11:17.354  9434  9434 D QSEECOMAPI: : App is not loaded in QSEE
03-10 21:11:17.354  9434  9434 E QSEECOMAPI: : Error::Cannot open the file /vendor/firmware/keymaster/keymaster.mdt
03-10 21:11:17.354  9434  9434 E QSEECOMAPI: : Error::Loading image failed with ret = -1
03-10 21:11:17.374  9434  9434 D QSEECOMAPI: : QSEECom_get_handle sb_length = 0x2000
03-10 21:11:17.374  9434  9434 D QSEECOMAPI: : App is not loaded in QSEE
03-10 21:11:17.374  9434  9434 E QSEECOMAPI: : Error::Cannot open the file /firmware/image/keymaste.mdt
03-10 21:11:17.374  9434  9434 E QSEECOMAPI: : Error::Loading image failed with ret = -1
03-10 21:11:17.384  9434  9434 E QCOMKeyMaster: Loading keymaster app failied
03-10 21:11:17.384  9434  9434 E keystore: could not open keymaster device in keystore (Operation not permitted)
03-10 21:11:17.384  9434  9434 E keystore: keystore keymaster could not be initialized; exiting
03-10 21:11:17.514  1638  1638 D wpa_supplicant: RX ctrl_iface - hexdump(len=11): 53 49 47 4e 41 4c 5f 50 4f 4c 4c
03-10 21:11:17.514  1638  1638 D wpa_supplicant: wlan0: Control interface command 'SIGNAL_POLL'
03-10 21:11:17.524  1638  1638 D wpa_supplicant: nl80211: survey data missing!
03-10 21:11:18.294   219   219 V WLAN_PSA: NL MSG, len[048], NL type[0x11] WNI type[0x5050] len[028]
03-10 21:11:19.124  2017  2032 E QcrilMsgTunnelSocket: IOException - java.io.IOException: No such file or directory Reason: No such file or directory
03-10 21:11:20.534  1638  1638 D wpa_supplicant: RX ctrl_iface - hexdump(len=11): 53 49 47 4e 41 4c 5f 50 4f 4c 4c
03-10 21:11:20.534  1638  1638 D wpa_supplicant: wlan0: Control interface command 'SIGNAL_POLL'
03-10 21:11:20.544  1638  1638 D wpa_supplicant: nl80211: survey data missing!
03-10 21:11:22.414  9435  9435 D QSEECOMAPI: : QSEECom_get_handle sb_length = 0x2000
03-10 21:11:22.414  9435  9435 D QSEECOMAPI: : App is not loaded in QSEE
03-10 21:11:22.414  9435  9435 E QSEECOMAPI: : Error::Cannot open the file /vendor/firmware/keymaster/keymaster.mdt
03-10 21:11:22.414  9435  9435 E QSEECOMAPI: : Error::Loading image failed with ret = -1
03-10 21:11:22.424  9435  9435 D QSEECOMAPI: : QSEECom_get_handle sb_length = 0x2000
03-10 21:11:22.424  9435  9435 D QSEECOMAPI: : App is not loaded in QSEE
03-10 21:11:22.424  9435  9435 E QSEECOMAPI: : Error::Cannot open the file /firmware/image/keymaste.mdt
03-10 21:11:22.424  9435  9435 E QSEECOMAPI: : Error::Loading image failed with ret = -1
03-10 21:11:22.424  9435  9435 E QCOMKeyMaster: Loading keymaster app failied
03-10 21:11:22.424  9435  9435 E keystore: could not open keymaster device in keystore (Operation not permitted)
03-10 21:11:22.424  9435  9435 E keystore: keystore keymaster could not be initialized; exiting
03-10 21:11:23.124  2017  2032 E QcrilMsgTunnelSocket: IOException - java.io.IOException: No such file or directory Reason: No such file or directory
03-10 21:11:23.304   219   219 V WLAN_PSA: NL MSG, len[048], NL type[0x11] WNI type[0x5050] len[028]
03-10 21:11:23.554  1638  1638 D wpa_supplicant: RX ctrl_iface - hexdump(len=11): 53 49 47 4e 41 4c 5f 50 4f 4c 4c
03-10 21:11:23.554  1638  1638 D wpa_supplicant: wlan0: Control interface command 'SIGNAL_POLL'
03-10 21:11:23.564  1638  1638 D wpa_supplicant: nl80211: survey data missing!
03-10 21:11:26.554  1638  1638 D wpa_supplicant: RX ctrl_iface - hexdump(len=11): 53 49 47 4e 41 4c 5f 50 4f 4c 4c
03-10 21:11:26.554  1638  1638 D wpa_supplicant: wlan0: Control interface command 'SIGNAL_POLL'
03-10 21:11:26.564  1638  1638 D wpa_supplicant: nl80211: survey data missing!
03-10 21:11:26.954   997   997 D StatusBar.NetworkController: refreshViews: Data not connected!! Set no data type icon / Roaming
03-10 21:11:26.954   997   997 D StatusBar.NetworkController: refreshViews connected={ wifi } level=0 combinedSignalIconId=0x7f0200a2/com.android.systemui:drawable/stat_sys_wifi_signal_2_fully mobileLabel= wifiLabel="AllieGO 5GHz"xxxxXXXXxxxxXXXX emergencyOnly=false combinedLabel="AllieGO 5GHz"xxxxXXXXxxxxXXXX mAirplaneMode=false mDataActivity=0 mPhoneSignalIconId=0x0 mQSPhoneSignalIconId=0x0 mDataDirectionIconId=0x0 mDataSignalIconId=0x0 mDataTypeIconId=0x0 mQSDataTypeIconId=0x0 mNoSimIconId=0x0 mWifiIconId=0x7f0200a2 mQSWifiIconId=0x7f02005a mBluetoothTetherIconId=0x10805cc
03-10 21:11:27.124  2017  2032 E QcrilMsgTunnelSocket: IOException - java.io.IOException: No such file or directory Reason: No such file or directory
03-10 21:11:27.464  9437  9437 D QSEECOMAPI: : QSEECom_get_handle sb_length = 0x2000
03-10 21:11:27.464  9437  9437 D QSEECOMAPI: : App is not loaded in QSEE
03-10 21:11:27.464  9437  9437 E QSEECOMAPI: : Error::Cannot open the file /vendor/firmware/keymaster/keymaster.mdt
03-10 21:11:27.464  9437  9437 E QSEECOMAPI: : Error::Loading image failed with ret = -1
03-10 21:11:27.484  9437  9437 D QSEECOMAPI: : QSEECom_get_handle sb_length = 0x2000
03-10 21:11:27.484  9437  9437 D QSEECOMAPI: : App is not loaded in QSEE
03-10 21:11:27.484  9437  9437 E QSEECOMAPI: : Error::Cannot open the file /firmware/image/keymaste.mdt
03-10 21:11:27.484  9437  9437 E QSEECOMAPI: : Error::Loading image failed with ret = -1
03-10 21:11:27.484  9437  9437 E QCOMKeyMaster: Loading keymaster app failied
03-10 21:11:27.484  9437  9437 E keystore: could not open keymaster device in keystore (Operation not permitted)
03-10 21:11:27.484  9437  9437 E keystore: keystore keymaster could not be initialized; exiting
03-10 21:11:28.314   219   219 V WLAN_PSA: NL MSG, len[048], NL type[0x11] WNI type[0x5050] len[028]
03-10 21:11:28.954   997   997 D StatusBar.NetworkController: refreshViews: Data not connected!! Set no data type icon / Roaming
03-10 21:11:28.954   997   997 D StatusBar.NetworkController: refreshViews connected={ wifi } level=0 combinedSignalIconId=0x7f0200a2/com.android.systemui:drawable/stat_sys_wifi_signal_2_fully mobileLabel= wifiLabel="AllieGO 5GHz"xxxxXXXXxxxxXXXX emergencyOnly=false combinedLabel="AllieGO 5GHz"xxxxXXXXxxxxXXXX mAirplaneMode=false mDataActivity=0 mPhoneSignalIconId=0x0 mQSPhoneSignalIconId=0x0 mDataDirectionIconId=0x0 mDataSignalIconId=0x0 mDataTypeIconId=0x0 mQSDataTypeIconId=0x0 mNoSimIconId=0x0 mWifiIconId=0x7f0200a2 mQSWifiIconId=0x7f02005a mBluetoothTetherIconId=0x10805cc
03-10 21:11:29.564  1638  1638 D wpa_supplicant: RX ctrl_iface - hexdump(len=11): 53 49 47 4e 41 4c 5f 50 4f 4c 4c
03-10 21:11:29.564  1638  1638 D wpa_supplicant: wlan0: Control interface command 'SIGNAL_POLL'
03-10 21:11:29.574  1638  1638 D wpa_supplicant: nl80211: survey data missing!
03-10 21:11:31.124  2017  2032 E QcrilMsgTunnelSocket: IOException - java.io.IOException: No such file or directory Reason: No such file or directory
03-10 21:11:31.274   922   922 D Ulp_jni : JNI:system_update. Event-3
03-10 21:11:31.274  1882  1882 I thundersoftfota:AutoUpdate: onReceive all action====android.intent.action.BATTERY_CHANGED
03-10 21:11:31.274   922  1320 E LocSvc_libulp: I/===> int ulp_msg_process_system_update(UlpSystemEvent) line 1429 
03-10 21:11:31.274   922  1320 E LocSvc_libulp: I/int ulp_msg_process_system_update(UlpSystemEvent): systemEvent:3 
03-10 21:11:31.274   922  1320 E LocSvc_libulp: I/===> int ulp_brain_process_system_update(UlpSystemEvent) line 2322 
03-10 21:11:31.274   922  1320 E LocSvc_libulp: I/===> int ulp_brain_select_providers() line 333 
03-10 21:11:31.274   922  1320 E LocSvc_libulp: W/int ulp_brain_select_providers(), return when ulp_started = 0, phone context_type = 0x0
03-10 21:11:31.274   922  1320 E LocSvc_libulp: ,
03-10 21:11:31.274  1882  1882 I thundersoftfota:AutoUpdate: power level50%
03-10 21:11:31.274   922  1299 D LBSSystemMonitorService: handleMessage what - 14
03-10 21:11:31.274   922  1299 D DeviceContext: handleMessage what - 1
03-10 21:11:31.274   922  1113 E LocSvc_api_v02: I/---> locClientSendReq line 2360 QMI_LOC_SET_EXTERNAL_POWER_CONFIG_REQ_V02
03-10 21:11:31.274   922  1162 E LocSvc_ApiV02: I/<--- void globalRespCb(locClientHandleType, uint32_t, locClientRespIndUnionType, void*) line 106 QMI_LOC_SET_EXTERNAL_POWER_CONFIG_REQ_V02
03-10 21:11:32.064  1882  1882 I thundersoftfota:AutoUpdate: onReceive all action====android.intent.action.BATTERY_CHANGED
03-10 21:11:32.064  1882  1882 I thundersoftfota:AutoUpdate: power level50%
03-10 21:11:32.064  1711  1916 D WifiServiceImpl: Requesting getWifiNetworks ...
03-10 21:11:32.084  1638  1638 D wpa_supplicant: RX ctrl_iface - hexdump(len=14): 53 43 41 4e 20 54 59 50 45 3d 4f 4e 4c 59
03-10 21:11:32.084  1638  1638 D wpa_supplicant: wlan0: Control interface command 'SCAN TYPE=ONLY'
03-10 21:11:32.084  1638  1638 D wpa_supplicant: wlan0: Setting scan request: 0 sec 0 usec
03-10 21:11:32.084  1638  1638 D wpa_supplicant: Scan SSID - hexdump(len=12): 41 6c 6c 69 65 47 4f 20 35 47 48 7a
03-10 21:11:32.084  1638  1638 D wpa_supplicant: wlan0: Starting AP scan for wildcard SSID
03-10 21:11:32.084  1638  1638 D wpa_supplicant: wlan0: nl80211: scan request
03-10 21:11:32.084  1638  1638 D wpa_supplicant: nl80211: Scan SSID - hexdump(len=12): 41 6c 6c 69 65 47 4f 20 35 47 48 7a
03-10 21:11:32.084  1638  1638 D wpa_supplicant: nl80211: Scan SSID - hexdump(len=0): [NULL]
03-10 21:11:32.084  1638  1638 D wpa_supplicant: Scan requested (ret=0) - scan timeout 30 seconds
03-10 21:11:32.084  1638  1638 D wpa_supplicant: nl80211: Event message available
03-10 21:11:32.084  1638  1638 D wpa_supplicant: nl80211: Drv Event 33 (NL80211_CMD_TRIGGER_SCAN) received for wlan0
03-10 21:11:32.084  1638  1638 D wpa_supplicant: wlan0: nl80211: Scan trigger
03-10 21:11:32.084  1638  1638 D wpa_supplicant: wlan0: Event SCAN_STARTED (57) received
03-10 21:11:32.084  1638  1638 D wpa_supplicant: wlan0: Own scan request started a scan
03-10 21:11:32.084  1638  1638 I wpa_supplicant: wlan0: CTRL-EVENT-SCAN-STARTED 
03-10 21:11:32.084  1638  1638 D wpa_supplicant: CTRL_IFACE monitor send - hexdump(len=39): 2f 64 61 74 61 2f 6d 69 73 63 2f 77 69 66 69 2f 73 6f 63 6b 65 74 73 2f 77 70 61 5f 63 74 72 6c ...
03-10 21:11:32.084   219   219 V WLAN_PSA: NL MSG, len[914], NL type[0x11] WNI type[0x5050] len[894]
03-10 21:11:32.084   219   219 V WLAN_PSA: NL MSG, len[048], NL type[0x11] WNI type[0x5050] len[028]
