03-18 21:27:16.014  1724  3595 D AccessControl: AllieRPC.CameraService.startLiveStream() with password "n9L8vIDb" allowed
03-18 21:27:16.014  1724  3595 D CameraServiceImpl: startLiveStream(password: "n9L8vIDb"
03-18 21:27:16.014  1724  3595 D CameraServiceImpl: ssid: "1503"
03-18 21:27:16.014  1724  3595 D CameraServiceImpl: )
03-18 21:27:16.014  1724  3595 D DefaultCameraDelegate: startLiveStream(password: "n9L8vIDb"
03-18 21:27:16.014  1724  3595 D DefaultCameraDelegate: ssid: "1503"
03-18 21:27:16.014  1724  3595 D DefaultCameraDelegate: )
03-18 21:27:16.034  1724  1914 D streaming: 21:27:16.046 4724.265 [ClientStatistics:calculate:136]: size=17.5MB sec=35.9 up=79 down=30
03-18 21:27:16.034  1724  3595 D SystemInfo: Testing network interface: [dummy0][2]
03-18 21:27:16.034  1724  3595 D SystemInfo: Testing network interface: [wlan0][22][/fe80::ce1b:e0ff:fe61:8a30%wlan0%22][/192.168.7.92]
03-18 21:27:16.034  1724  3595 D SystemInfo: Testing address: /fe80::ce1b:e0ff:fe61:8a30%wlan0%22, host: fe80::ce1b:e0ff:fe61:8a30%wlan0
03-18 21:27:16.034  1724  3595 D SystemInfo: host rejected
03-18 21:27:16.034  1724  3595 D SystemInfo: Testing address: /192.168.7.92, host: 192.168.7.92
03-18 21:27:16.034  1724  3595 D SystemInfo: host approved
03-18 21:27:16.034  1724  3595 D SystemInfo: Testing network interface: [p2p0][23]
03-18 21:27:16.034  1724  3595 D SystemInfo: Testing network interface: [sit0][21]
03-18 21:27:16.044  1724  3595 D SystemInfo: Testing network interface: [lo][1][/::1%1%1][/127.0.0.1]
03-18 21:27:16.044  1724  3595 D SystemInfo: Testing address: /::1%1%1, host: ::1%1
03-18 21:27:16.044  1724  3595 D SystemInfo: host rejected
03-18 21:27:16.044  1724  3595 D SystemInfo: Testing address: /127.0.0.1, host: 127.0.0.1
03-18 21:27:16.044  1724  3595 D SystemInfo: host rejected
03-18 21:27:16.044  1724  3595 D SystemInfo: Testing network interface: [rmnet_usb0][11]
03-18 21:27:16.044  1724  3595 D SystemInfo: Testing network interface: [rmnet1][4]
03-18 21:27:16.044  1724  3595 D SystemInfo: Testing network interface: [rmnet0][3]
03-18 21:27:16.044  1724  3595 D SystemInfo: Testing network interface: [rmnet7][10]
03-18 21:27:16.044  1724  3595 D SystemInfo: Testing network interface: [rmnet6][9]
03-18 21:27:16.044  1724  3595 D SystemInfo: Testing network interface: [rmnet5][8]
03-18 21:27:16.044  1724  3595 D SystemInfo: Testing network interface: [rmnet4][7]
03-18 21:27:16.044  1724  3595 D SystemInfo: Testing network interface: [rmnet3][6]
03-18 21:27:16.044  1724  3595 D SystemInfo: Testing network interface: [rmnet2][5]
03-18 21:27:16.044  1724  3595 D SystemInfo: Testing network interface: [rev_rmnet1][13]
03-18 21:27:16.044  1724  3595 D SystemInfo: Testing network interface: [rev_rmnet0][12]
03-18 21:27:16.044  1724  3595 D SystemInfo: Testing network interface: [rev_rmnet8][20]
03-18 21:27:16.044  1724  3595 D SystemInfo: Testing network interface: [rev_rmnet7][19]
03-18 21:27:16.044  1724  3595 D SystemInfo: Testing network interface: [rev_rmnet6][18]
03-18 21:27:16.044  1724  3595 D SystemInfo: Testing network interface: [rev_rmnet5][17]
03-18 21:27:16.044  1724  3595 D SystemInfo: Testing network interface: [rev_rmnet4][16]
03-18 21:27:16.044  1724  3595 D SystemInfo: Testing network interface: [rev_rmnet3][15]
03-18 21:27:16.044  1724  3595 D SystemInfo: Testing network interface: [rev_rmnet2][14]
03-18 21:27:16.044  1724  3595 D DefaultCameraDelegate: Camera has ip address 192.168.7.92 => start streaming
03-18 21:27:16.054   213 12315 E MPEG4Writer: timestamp interval = 150104 ,currentTS = 4724128881 ,preTS = 4723978777
03-18 21:27:16.054  1724  3595 D streaming: 21:27:16.062 4724.281 [Server:getNewStreamUrl:38]: new stream URL: http://192.168.7.92:64533/86330c13822e432f97adfa3b09aefeed
03-18 21:27:16.054  1724  3595 D DefaultCameraDelegate: Publish stream URL: http://192.168.7.92:64533/86330c13822e432f97adfa3b09aefeed
03-18 21:27:16.054  1724  3595 D CameraServiceImpl: startLiveStream() response: result: SUCCESS
03-18 21:27:16.054  1724  3595 D CameraServiceImpl: ssid: "1503"
03-18 21:27:16.054  1724  3595 D CameraServiceImpl: url: "http://192.168.7.92:64533/86330c13822e432f97adfa3b09aefeed"
03-18 21:27:16.054  1724  3595 D ServerBleConnection:  ------ sendProtoMessage() started
03-18 21:27:16.054  1724  3595 D ServerBleOutputStream: write() 73 bytes
03-18 21:27:16.054  1724  3595 D ServerBleOutputStream: sending packet: 20 bytes
03-18 21:27:16.054  1724  3595 D *leRpcConnectionFactory: notifyChanged()
03-18 21:27:16.054  1724  3595 D BluetoothGattServer: notifyCharacteristicChanged() - device: 57:B7:C2:79:4D:08
03-18 21:27:16.054  1432  1516 D BtGatt.GattService: sendNotification() - address=57:B7:C2:79:4D:08
03-18 21:27:16.054  1432  1516 D BtGatt.btif: btif_gatts_send_indication
03-18 21:27:16.054  1432  1510 D BtGatt.btif: btgatts_handle_event: Event 2011
03-18 21:27:16.054  1724  3595 D *leRpcConnectionFactory: server.notifyCharacteristicChanged() ok
03-18 21:27:16.054  1724 12451 D *leRpcConnectionFactory: simulate onNotificationSent(), wait for 2 ms
03-18 21:27:16.054  1724  3595 D *leRpcConnectionFactory: notified 57:B7:C2:79:4D:08
03-18 21:27:16.064   213 12343 E MPEG4Writer: timestamp interval = 150104 ,currentTS = 4724078874 ,preTS = 4723928770
03-18 21:27:16.064  1724 12451 D ServerBleOutputStream: sending packet: 20 bytes
03-18 21:27:16.064  1724 12451 D *leRpcConnectionFactory: notifyChanged()
03-18 21:27:16.064  1724 12451 D BluetoothGattServer: notifyCharacteristicChanged() - device: 57:B7:C2:79:4D:08
03-18 21:27:16.064  1432  1452 D BtGatt.GattService: sendNotification() - address=57:B7:C2:79:4D:08
03-18 21:27:16.064  1432  1452 D BtGatt.btif: btif_gatts_send_indication
03-18 21:27:16.064  1432  1510 D BtGatt.btif: btgatts_handle_event: Event 2011
03-18 21:27:16.064  1724 12451 D *leRpcConnectionFactory: server.notifyCharacteristicChanged() ok
03-18 21:27:16.064  1724 12451 D *leRpcConnectionFactory: notified 57:B7:C2:79:4D:08
03-18 21:27:16.064  1724 12452 D *leRpcConnectionFactory: simulate onNotificationSent(), wait for 2 ms
03-18 21:27:16.064  1724 12452 D ServerBleOutputStream: sending packet: 20 bytes
03-18 21:27:16.064  1724 12452 D *leRpcConnectionFactory: notifyChanged()
03-18 21:27:16.064  1724 12452 D BluetoothGattServer: notifyCharacteristicChanged() - device: 57:B7:C2:79:4D:08
03-18 21:27:16.064  1432  1453 D BtGatt.GattService: sendNotification() - address=57:B7:C2:79:4D:08
03-18 21:27:16.064  1432  1453 D BtGatt.btif: btif_gatts_send_indication
03-18 21:27:16.064  1432  1510 D BtGatt.btif: btgatts_handle_event: Event 2011
03-18 21:27:16.064  1724 12452 D *leRpcConnectionFactory: server.notifyCharacteristicChanged() ok
03-18 21:27:16.064  1724 12452 D *leRpcConnectionFactory: notified 57:B7:C2:79:4D:08
03-18 21:27:16.064  1724 12453 D *leRpcConnectionFactory: simulate onNotificationSent(), wait for 2 ms
03-18 21:27:16.074  1724 12453 D ServerBleOutputStream: sending packet: 13 bytes
03-18 21:27:16.074  1724 12453 D *leRpcConnectionFactory: notifyChanged()
03-18 21:27:16.074  1724 12453 D BluetoothGattServer: notifyCharacteristicChanged() - device: 57:B7:C2:79:4D:08
03-18 21:27:16.074  1432  1517 D BtGatt.GattService: sendNotification() - address=57:B7:C2:79:4D:08
03-18 21:27:16.074  1432  1517 D BtGatt.btif: btif_gatts_send_indication
03-18 21:27:16.074  1432  1510 D BtGatt.btif: btgatts_handle_event: Event 2011
03-18 21:27:16.074  1724 12453 D *leRpcConnectionFactory: server.notifyCharacteristicChanged() ok
03-18 21:27:16.074  1724 12453 D *leRpcConnectionFactory: notified 57:B7:C2:79:4D:08
03-18 21:27:16.074  1724 12454 D *leRpcConnectionFactory: simulate onNotificationSent(), wait for 2 ms
03-18 21:27:16.074  1724  3595 D ServerBleOutputStream: write() finished
03-18 21:27:16.074  1724  3595 D ServerBleConnection:  ------ sendProtoMessage() finished
03-18 21:27:16.074  1724  3595 D BleInputStream: close()
03-18 21:27:16.074  1724  3595 D ServerBleOutputStream: read()
03-18 21:27:16.104  2028  2042 E QcrilMsgTunnelSocket: IOException - java.io.IOException: No such file or directory Reason: No such file or directory
03-18 21:27:16.204   213 12343 E MPEG4Writer: timestamp interval = 150103 ,currentTS = 4724178944 ,preTS = 4724028841
03-18 21:27:16.254   213 12315 E MPEG4Writer: timestamp interval = 150105 ,currentTS = 4724228951 ,preTS = 4724078846
03-18 21:27:16.254   213 12315 E MPEG4Writer: timestamp interval = 100072 ,currentTS = 4724278988 ,preTS = 4724178916
03-18 21:27:16.254   213 12340 E QCamera2HWI: mCameraId 1, Send Video frame to services/encoder TimeStamp : 4724479155000, frame_idx 2260, mLastFrameIdx 2259, mLostFrameCnt 2
03-18 21:27:16.264   213 12343 E MPEG4Writer: timestamp interval = 150103 ,currentTS = 4724279014 ,preTS = 4724128911
03-18 21:27:16.304   213 12343 E MPEG4Writer: timestamp interval = 150105 ,currentTS = 4724379084 ,preTS = 4724228979
03-18 21:27:16.404   213 12315 E MPEG4Writer: timestamp interval = 100067 ,currentTS = 4724379055 ,preTS = 4724278988
03-18 21:27:16.404   213 12315 E MPEG4Writer: timestamp interval = 150109 ,currentTS = 4724479126 ,preTS = 4724329017
03-18 21:27:16.454   213 12343 E MPEG4Writer: timestamp interval = 150096 ,currentTS = 4724479155 ,preTS = 4724329059
03-18 21:27:16.554   213 12343 E MPEG4Writer: timestamp interval = 150103 ,currentTS = 4724579223 ,preTS = 4724429120
03-18 21:27:16.564   213 12315 E MPEG4Writer: timestamp interval = 150104 ,currentTS = 4724579195 ,preTS = 4724429091
03-18 21:27:16.604   213 12315 E MPEG4Writer: timestamp interval = 150105 ,currentTS = 4724679265 ,preTS = 4724529160
03-18 21:27:16.614   213 12343 E MPEG4Writer: timestamp interval = 100087 ,currentTS = 4724629275 ,preTS = 4724529188
03-18 21:27:16.654   213 12343 E MPEG4Writer: timestamp interval = 100052 ,currentTS = 4724729327 ,preTS = 4724629275
03-18 21:27:16.804  1646  1646 D wpa_supplicant: RX ctrl_iface - hexdump(len=11): 53 49 47 4e 41 4c 5f 50 4f 4c 4c
03-18 21:27:16.804  1646  1646 D wpa_supplicant: wlan0: Control interface command 'SIGNAL_POLL'
03-18 21:27:16.814  1646  1646 D wpa_supplicant: nl80211: survey data missing!
03-18 21:27:16.854   213 12343 E MPEG4Writer: timestamp interval = 150104 ,currentTS = 4724829397 ,preTS = 4724679293
03-18 21:27:16.854   213 12343 E MPEG4Writer: timestamp interval = 150096 ,currentTS = 4724929468 ,preTS = 4724779372
03-18 21:27:16.914   213 12312 E QCamera2HWI: mCameraId 0, Send Video frame to services/encoder TimeStamp : 4725129579000, frame_idx 2280, mLastFrameIdx 2279, mLostFrameCnt 2
03-18 21:27:16.914   213 12315 E MPEG4Writer: timestamp interval = 150104 ,currentTS = 4724779331 ,preTS = 4724629227
03-18 21:27:16.914   213 12315 E MPEG4Writer: timestamp interval = 150104 ,currentTS = 4724879404 ,preTS = 4724729300
03-18 21:27:17.034  1724  1914 D streaming: 21:27:17.048 4725.267 [ClientStatistics:calculate:136]: size=17.9MB sec=36.7 up=79 down=31
03-18 21:27:17.104   213 12343 E MPEG4Writer: timestamp interval = 150106 ,currentTS = 4725029539 ,preTS = 4724879433
03-18 21:27:17.104   213 12343 E MPEG4Writer: timestamp interval = 150105 ,currentTS = 4725129607 ,preTS = 4724979502
03-18 21:27:17.114   213 12315 E MPEG4Writer: timestamp interval = 150106 ,currentTS = 4724979474 ,preTS = 4724829368
03-18 21:27:17.114   213 12315 E MPEG4Writer: timestamp interval = 150102 ,currentTS = 4725079541 ,preTS = 4724929439
03-18 21:27:17.154   213 12315 E MPEG4Writer: timestamp interval = 150100 ,currentTS = 4725179611 ,preTS = 4725029511
03-18 21:27:17.204   213 12343 E MPEG4Writer: timestamp interval = 150105 ,currentTS = 4725229677 ,preTS = 4725079572
03-18 21:27:17.254   213 12340 E QCamera2HWI: mCameraId 1, Send Video frame to services/encoder TimeStamp : 4725479850000, frame_idx 2280, mLastFrameIdx 2279, mLostFrameCnt 2
03-18 21:27:17.364   213 12315 E MPEG4Writer: timestamp interval = 100071 ,currentTS = 4725229650 ,preTS = 4725129579
03-18 21:27:17.364   213 12315 E MPEG4Writer: timestamp interval = 100071 ,currentTS = 4725329721 ,preTS = 4725229650
03-18 21:27:17.414   213 12343 E MPEG4Writer: timestamp interval = 150107 ,currentTS = 4725329749 ,preTS = 4725179642
03-18 21:27:17.414   213 12343 E MPEG4Writer: timestamp interval = 150104 ,currentTS = 4725429816 ,preTS = 4725279712
03-18 21:27:17.504   213 12343 E MPEG4Writer: timestamp interval = 150109 ,currentTS = 4725529890 ,preTS = 4725379781
03-18 21:27:17.564   213 12315 E MPEG4Writer: timestamp interval = 150105 ,currentTS = 4725429788 ,preTS = 4725279683
03-18 21:27:17.564   213 12315 E MPEG4Writer: timestamp interval = 150109 ,currentTS = 4725529862 ,preTS = 4725379753
03-18 21:27:17.604   213 12315 E MPEG4Writer: timestamp interval = 150104 ,currentTS = 4725629927 ,preTS = 4725479823
03-18 21:27:17.604   213 12343 E MPEG4Writer: timestamp interval = 100070 ,currentTS = 4725579920 ,preTS = 4725479850
03-18 21:27:17.604   213 12343 E MPEG4Writer: timestamp interval = 100075 ,currentTS = 4725679995 ,preTS = 4725579920
03-18 21:27:17.644  1432  1579 E bt-btif : No More Service found
03-18 21:27:17.644  1432  1579 W bt-l2cap: L2CA_EnableUpdateBleConnParams - BD_ADDR 57b7c2794d08 not LE or not master 1
03-18 21:27:17.644  1432  1579 E bt-btif : bta_dm_gatt_disc_result out of room to accomodate more service ids ble_raw_size = 0 ble_raw_used = 0
03-18 21:27:17.644  1432  1579 E bt-btif : bta_dm_gatt_disc_result serivce_id len=2 
03-18 21:27:17.654  1432  1579 E bt-btif : bta_dm_gatt_disc_result out of room to accomodate more service ids ble_raw_size = 0 ble_raw_used = 0
03-18 21:27:17.654  1432  1579 E bt-btif : bta_dm_gatt_disc_result serivce_id len=2 
03-18 21:27:17.654  1432  1579 E bt-btif : bta_dm_gatt_disc_result out of room to accomodate more service ids ble_raw_size = 0 ble_raw_used = 0
03-18 21:27:17.654  1432  1579 E bt-btif : bta_dm_gatt_disc_result serivce_id len=16 
03-18 21:27:17.654  1432  1579 E bt-btif : bta_dm_gatt_disc_result out of room to accomodate more service ids ble_raw_size = 0 ble_raw_used = 0
03-18 21:27:17.654  1432  1579 E bt-btif : bta_dm_gatt_disc_result serivce_id len=2 
03-18 21:27:17.654  1432  1579 E bt-btif : bta_dm_gatt_disc_result out of room to accomodate more service ids ble_raw_size = 0 ble_raw_used = 0
03-18 21:27:17.654  1432  1579 E bt-btif : bta_dm_gatt_disc_result serivce_id len=2 
03-18 21:27:17.654  1432  1579 E bt-btif : bta_dm_gatt_disc_result out of room to accomodate more service ids ble_raw_size = 0 ble_raw_used = 0
03-18 21:27:17.654  1432  1579 E bt-btif : bta_dm_gatt_disc_result serivce_id len=2 
03-18 21:27:17.654  1432  1579 E bt-btif : bta_dm_gatt_disc_result out of room to accomodate more service ids ble_raw_size = 0 ble_raw_used = 0
03-18 21:27:17.654  1432  1579 E bt-btif : bta_dm_gatt_disc_result serivce_id len=16 
03-18 21:27:17.654  1432  1579 E bt-btif : bta_dm_gatt_disc_result out of room to accomodate more service ids ble_raw_size = 0 ble_raw_used = 0
03-18 21:27:17.654  1432  1579 E bt-btif : bta_dm_gatt_disc_result serivce_id len=16 
03-18 21:27:17.654  1432  1579 W bt-l2cap: L2CA_EnableUpdateBleConnParams - BD_ADDR 57b7c2794d08 not LE or not master 1
03-18 21:27:17.674  1724  1728 D dalvikvm: GC_CONCURRENT freed 5637K, 54% free 24884K/53972K, paused 6ms+4ms, total 61ms
03-18 21:27:17.674  1724 12273 D dalvikvm: WAIT_FOR_CONCURRENT_GC blocked 54ms
03-18 21:27:17.674  1724 12267 D dalvikvm: WAIT_FOR_CONCURRENT_GC blocked 54ms
03-18 21:27:17.674  1724 12274 D dalvikvm: WAIT_FOR_CONCURRENT_GC blocked 60ms
03-18 21:27:17.754   213 12343 E MPEG4Writer: timestamp interval = 150105 ,currentTS = 4725780061 ,preTS = 4725629956
03-18 21:27:17.804   213 12343 E MPEG4Writer: timestamp interval = 150105 ,currentTS = 4725880130 ,preTS = 4725730025
03-18 21:27:17.814   213 12315 E MPEG4Writer: timestamp interval = 150104 ,currentTS = 4725729997 ,preTS = 4725579893
03-18 21:27:17.814   213 12315 E MPEG4Writer: timestamp interval = 150105 ,currentTS = 4725830070 ,preTS = 4725679965
03-18 21:27:17.914   213 12312 E QCamera2HWI: mCameraId 0, Send Video frame to services/encoder TimeStamp : 4726130276000, frame_idx 2300, mLastFrameIdx 2299, mLostFrameCnt 2
03-18 21:27:17.954   213 12315 E MPEG4Writer: timestamp interval = 150100 ,currentTS = 4725930137 ,preTS = 4725780037
03-18 21:27:17.954   213 12315 E MPEG4Writer: timestamp interval = 150113 ,currentTS = 4726030211 ,preTS = 4725880098
03-18 21:27:17.964   213 12343 E MPEG4Writer: timestamp interval = 150098 ,currentTS = 4725980200 ,preTS = 4725830102
03-18 21:27:18.044  1724  1914 D streaming: 21:27:18.050 4726.268 [ClientStatistics:calculate:136]: size=18.4MB sec=37.6 up=79 down=32
03-18 21:27:18.054   213 12343 E MPEG4Writer: timestamp interval = 150104 ,currentTS = 4726080269 ,preTS = 4725930165
03-18 21:27:18.064   213 12315 E MPEG4Writer: timestamp interval = 150100 ,currentTS = 4726130276 ,preTS = 4725980176
03-18 21:27:18.104   213 12343 E MPEG4Writer: timestamp interval = 150120 ,currentTS = 4726180356 ,preTS = 4726030236
03-18 21:27:18.204   213 12343 E MPEG4Writer: timestamp interval = 150104 ,currentTS = 4726280409 ,preTS = 4726130305
03-18 21:27:18.254   213 12340 E QCamera2HWI: mCameraId 1, Send Video frame to services/encoder TimeStamp : 4726480548000, frame_idx 2300, mLastFrameIdx 2299, mLostFrameCnt 2
03-18 21:27:18.304   213 12343 E MPEG4Writer: timestamp interval = 150105 ,currentTS = 4726380478 ,preTS = 4726230373
03-18 21:27:18.364   213 12315 E MPEG4Writer: timestamp interval = 100067 ,currentTS = 4726180308 ,preTS = 4726080241
03-18 21:27:18.364   213 12315 E MPEG4Writer: timestamp interval = 100072 ,currentTS = 4726280380 ,preTS = 4726180308
03-18 21:27:18.364   213 12315 E MPEG4Writer: timestamp interval = 150104 ,currentTS = 4726380450 ,preTS = 4726230346
03-18 21:27:18.454   213 12315 E MPEG4Writer: timestamp interval = 150105 ,currentTS = 4726480520 ,preTS = 4726330415
03-18 21:27:18.504   213 12343 E MPEG4Writer: timestamp interval = 150105 ,currentTS = 4726480548 ,preTS = 4726330443
03-18 21:27:18.504   213 12343 E MPEG4Writer: timestamp interval = 100068 ,currentTS = 4726530584 ,preTS = 4726430516
03-18 21:27:18.564   213 12315 E MPEG4Writer: timestamp interval = 150099 ,currentTS = 4726580587 ,preTS = 4726430488
03-18 21:27:18.604   213 12343 E MPEG4Writer: timestamp interval = 100069 ,currentTS = 4726630653 ,preTS = 4726530584
03-18 21:27:18.654   213 12343 E MPEG4Writer: timestamp interval = 150107 ,currentTS = 4726730725 ,preTS = 4726580618
03-18 21:27:18.804   213 12315 E MPEG4Writer: timestamp interval = 150105 ,currentTS = 4726680660 ,preTS = 4726530555
03-18 21:27:18.804   213 12315 E MPEG4Writer: timestamp interval = 150104 ,currentTS = 4726780729 ,preTS = 4726630625
03-18 21:27:18.854   213 12343 E MPEG4Writer: timestamp interval = 150104 ,currentTS = 4726830792 ,preTS = 4726680688
03-18 21:27:18.854   213 12343 E MPEG4Writer: timestamp interval = 150107 ,currentTS = 4726930864 ,preTS = 4726780757
03-18 21:27:18.864   213 12315 E MPEG4Writer: timestamp interval = 150103 ,currentTS = 4726880800 ,preTS = 4726730697
03-18 21:27:18.914   220   220 V WLAN_PSA: NL MSG, len[048], NL type[0x11] WNI type[0x5050] len[028]
03-18 21:27:18.914   213 12312 E QCamera2HWI: mCameraId 0, Send Video frame to services/encoder TimeStamp : 4727130973000, frame_idx 2320, mLastFrameIdx 2319, mLostFrameCnt 2
03-18 21:27:19.004   213 12343 E MPEG4Writer: timestamp interval = 150106 ,currentTS = 4727030933 ,preTS = 4726880827
03-18 21:27:19.014   213 12315 E MPEG4Writer: timestamp interval = 150104 ,currentTS = 4726980868 ,preTS = 4726830764
03-18 21:27:19.014   213 12315 E MPEG4Writer: timestamp interval = 150102 ,currentTS = 4727080939 ,preTS = 4726930837
03-18 21:27:19.044  1724  1914 D streaming: 21:27:19.052 4727.271 [ClientStatistics:calculate:136]: size=18.9MB sec=38.7 up=79 down=33
03-18 21:27:19.054   213 12343 E MPEG4Writer: timestamp interval = 150104 ,currentTS = 4727131001 ,preTS = 4726980897
03-18 21:27:19.104   213 12315 E MPEG4Writer: timestamp interval = 100069 ,currentTS = 4727130973 ,preTS = 4727030904
03-18 21:27:19.164   213 12343 E MPEG4Writer: timestamp interval = 150104 ,currentTS = 4727231071 ,preTS = 4727080967
03-18 21:27:19.204   213 12315 E MPEG4Writer: timestamp interval = 100069 ,currentTS = 4727231042 ,preTS = 4727130973
03-18 21:27:19.254   213 12340 E QCamera2HWI: mCameraId 1, Send Video frame to services/encoder TimeStamp : 4727481246000, frame_idx 2320, mLastFrameIdx 2319, mLostFrameCnt 2
03-18 21:27:19.254   213 12343 E MPEG4Writer: timestamp interval = 150079 ,currentTS = 4727331143 ,preTS = 4727181064
03-18 21:27:19.314   213 12315 E MPEG4Writer: timestamp interval = 150071 ,currentTS = 4727331110 ,preTS = 4727181039
03-18 21:27:19.404   213 12343 E MPEG4Writer: timestamp interval = 150105 ,currentTS = 4727431211 ,preTS = 4727281106
03-18 21:27:19.454   213 12343 E MPEG4Writer: timestamp interval = 100071 ,currentTS = 4727481246 ,preTS = 4727381175
03-18 21:27:19.454  1646  1646 D wpa_supplicant: p2p0: BSS: Remove id 90 BSSID e8:fc:af:ff:3a:34 SSID 'AllieGO' due to wpa_bss_flush_by_age
03-18 21:27:19.454  1646  1646 D wpa_supplicant: CTRL_IFACE monitor send - hexdump(len=39): 2f 64 61 74 61 2f 6d 69 73 63 2f 77 69 66 69 2f 73 6f 63 6b 65 74 73 2f 77 70 61 5f 63 74 72 6c ...
03-18 21:27:19.554   213 12315 E MPEG4Writer: timestamp interval = 150106 ,currentTS = 4727431183 ,preTS = 4727281077
03-18 21:27:19.554   213 12315 E MPEG4Writer: timestamp interval = 150105 ,currentTS = 4727531252 ,preTS = 4727381147
03-18 21:27:19.564   213 12343 E MPEG4Writer: timestamp interval = 100071 ,currentTS = 4727581317 ,preTS = 4727481246
03-18 21:27:19.604   213 12315 E MPEG4Writer: timestamp interval = 150105 ,currentTS = 4727631322 ,preTS = 4727481217
03-18 21:27:19.654   213 12343 E MPEG4Writer: timestamp interval = 150105 ,currentTS = 4727681386 ,preTS = 4727531281
03-18 21:27:19.704   213 12343 E MPEG4Writer: timestamp interval = 150105 ,currentTS = 4727781455 ,preTS = 4727631350
03-18 21:27:19.714   213 12315 E MPEG4Writer: timestamp interval = 150105 ,currentTS = 4727731394 ,preTS = 4727581289
03-18 21:27:19.814  1646  1646 D wpa_supplicant: RX ctrl_iface - hexdump(len=11): 53 49 47 4e 41 4c 5f 50 4f 4c 4c
03-18 21:27:19.814  1646  1646 D wpa_supplicant: wlan0: Control interface command 'SIGNAL_POLL'
03-18 21:27:19.814  1646  1646 D wpa_supplicant: nl80211: survey data missing!
03-18 21:27:19.814   213 12315 E MPEG4Writer: timestamp interval = 150105 ,currentTS = 4727831462 ,preTS = 4727681357
03-18 21:27:19.864   213 12343 E MPEG4Writer: timestamp interval = 150103 ,currentTS = 4727881524 ,preTS = 4727731421
03-18 21:27:19.914   213 12312 E QCamera2HWI: mCameraId 0, Send Video frame to services/encoder TimeStamp : 4728131671000, frame_idx 2340, mLastFrameIdx 2339, mLostFrameCnt 2
03-18 21:27:19.954   213 12343 E MPEG4Writer: timestamp interval = 150104 ,currentTS = 4727981594 ,preTS = 4727831490
03-18 21:27:20.004   213 12343 E MPEG4Writer: timestamp interval = 150119 ,currentTS = 4728081678 ,preTS = 4727931559
03-18 21:27:20.054  1724  1914 D streaming: 21:27:20.059 4728.278 [ClientStatistics:calculate:136]: size=19.3MB sec=39.4 up=79 down=34
03-18 21:27:20.064   213 12315 E MPEG4Writer: timestamp interval = 150104 ,currentTS = 4727931531 ,preTS = 4727781427
03-18 21:27:20.064   213 12315 E MPEG4Writer: timestamp interval = 150105 ,currentTS = 4728031601 ,preTS = 4727881496
03-18 21:27:20.104  2028  2042 E QcrilMsgTunnelSocket: IOException - java.io.IOException: No such file or directory Reason: No such file or directory
03-18 21:27:20.154   213 12343 E MPEG4Writer: timestamp interval = 150105 ,currentTS = 4728181734 ,preTS = 4728031629
03-18 21:27:20.174 12456 12456 D QSEECOMAPI: : QSEECom_get_handle sb_length = 0x2000
03-18 21:27:20.174 12456 12456 D QSEECOMAPI: : App is not loaded in QSEE
03-18 21:27:20.174 12456 12456 E QSEECOMAPI: : Error::Cannot open the file /vendor/firmware/keymaster/keymaster.mdt
03-18 21:27:20.174 12456 12456 E QSEECOMAPI: : Error::Loading image failed with ret = -1
03-18 21:27:20.184 12456 12456 D QSEECOMAPI: : QSEECom_get_handle sb_length = 0x2000
03-18 21:27:20.184 12456 12456 D QSEECOMAPI: : App is not loaded in QSEE
03-18 21:27:20.184 12456 12456 E QSEECOMAPI: : Error::Cannot open the file /firmware/image/keymaste.mdt
03-18 21:27:20.184 12456 12456 E QSEECOMAPI: : Error::Loading image failed with ret = -1
03-18 21:27:20.184 12456 12456 E QCOMKeyMaster: Loading keymaster app failied
03-18 21:27:20.184 12456 12456 E keystore: could not open keymaster device in keystore (Operation not permitted)
03-18 21:27:20.184 12456 12456 E keystore: keystore keymaster could not be initialized; exiting
03-18 21:27:20.204   213 12315 E MPEG4Writer: timestamp interval = 100066 ,currentTS = 4728081632 ,preTS = 4727981566
03-18 21:27:20.204   213 12315 E MPEG4Writer: timestamp interval = 100074 ,currentTS = 4728181706 ,preTS = 4728081632
03-18 21:27:20.204   213 12315 E MPEG4Writer: timestamp interval = 150106 ,currentTS = 4728281777 ,preTS = 4728131671
03-18 21:27:20.254   213 12340 E QCamera2HWI: mCameraId 1, Send Video frame to services/encoder TimeStamp : 4728481944000, frame_idx 2340, mLastFrameIdx 2339, mLostFrameCnt 2
03-18 21:27:20.254   213 12343 E MPEG4Writer: timestamp interval = 150108 ,currentTS = 4728281807 ,preTS = 4728131699
03-18 21:27:20.364   213 12315 E MPEG4Writer: timestamp interval = 150104 ,currentTS = 4728381845 ,preTS = 4728231741
03-18 21:27:20.414   213 12315 E MPEG4Writer: timestamp interval = 150105 ,currentTS = 4728481915 ,preTS = 4728331810
03-18 21:27:20.504   213 12343 E MPEG4Writer: timestamp interval = 150105 ,currentTS = 4728381874 ,preTS = 4728231769
03-18 21:27:20.504   213 12343 E MPEG4Writer: timestamp interval = 100078 ,currentTS = 4728431916 ,preTS = 4728331838
03-18 21:27:20.504   213 12343 E MPEG4Writer: timestamp interval = 100062 ,currentTS = 4728531978 ,preTS = 4728431916
03-18 21:27:20.644  1724  1728 D dalvikvm: GC_CONCURRENT freed 6236K, 52% free 25993K/53972K, paused 6ms+4ms, total 73ms
03-18 21:27:20.664   213 12343 E MPEG4Writer: timestamp interval = 150111 ,currentTS = 4728632055 ,preTS = 4728481944
03-18 21:27:20.664   213 12343 E MPEG4Writer: timestamp interval = 150105 ,currentTS = 4728732117 ,preTS = 4728582012
03-18 21:27:20.714   213 12315 E MPEG4Writer: timestamp interval = 150103 ,currentTS = 4728581984 ,preTS = 4728431881
03-18 21:27:20.714   213 12315 E MPEG4Writer: timestamp interval = 150104 ,currentTS = 4728682054 ,preTS = 4728531950
03-18 21:27:20.754   213 12343 E MPEG4Writer: timestamp interval = 150104 ,currentTS = 4728832187 ,preTS = 4728682083
03-18 21:27:20.754   213 12315 E MPEG4Writer: timestamp interval = 150104 ,currentTS = 4728782124 ,preTS = 4728632020
03-18 21:27:20.854   213 12343 E MPEG4Writer: timestamp interval = 150105 ,currentTS = 4728932257 ,preTS = 4728782152
03-18 21:27:20.914   213 12312 E QCamera2HWI: mCameraId 0, Send Video frame to services/encoder TimeStamp : 4729132369000, frame_idx 2360, mLastFrameIdx 2359, mLostFrameCnt 2
03-18 21:27:20.914   213 12315 E MPEG4Writer: timestamp interval = 150104 ,currentTS = 4728882193 ,preTS = 4728732089
03-18 21:27:20.914   213 12315 E MPEG4Writer: timestamp interval = 150110 ,currentTS = 4728982266 ,preTS = 4728832156
03-18 21:27:21.004   213 12343 E MPEG4Writer: timestamp interval = 150105 ,currentTS = 4729032326 ,preTS = 4728882221
03-18 21:27:21.054   213 12315 E MPEG4Writer: timestamp interval = 100069 ,currentTS = 4729032298 ,preTS = 4728932229
03-18 21:27:21.054   213 12315 E MPEG4Writer: timestamp interval = 100071 ,currentTS = 4729132369 ,preTS = 4729032298
03-18 21:27:21.054  1724  1914 D streaming: 21:27:21.066 4729.285 [ClientStatistics:calculate:136]: size=19.7MB sec=40.3 up=79 down=35
03-18 21:27:21.154   213 12343 E MPEG4Writer: timestamp interval = 150102 ,currentTS = 4729132396 ,preTS = 4728982294
03-18 21:27:21.154   213 12343 E MPEG4Writer: timestamp interval = 150105 ,currentTS = 4729232466 ,preTS = 4729082361
03-18 21:27:21.164   213 12315 E MPEG4Writer: timestamp interval = 150105 ,currentTS = 4729232438 ,preTS = 4729082333
03-18 21:27:21.234  1432  1506 D btif_config_util: btif_config_save_file(L188): in file name:/data/misc/bluedroid/bt_config.new
03-18 21:27:21.254   213 12340 E QCamera2HWI: mCameraId 1, Send Video frame to services/encoder TimeStamp : 4729482641000, frame_idx 2360, mLastFrameIdx 2359, mLostFrameCnt 2
03-18 21:27:21.254   213 12343 E MPEG4Writer: timestamp interval = 150099 ,currentTS = 4729332536 ,preTS = 4729182437
03-18 21:27:21.354   213 12343 E MPEG4Writer: timestamp interval = 100072 ,currentTS = 4729382572 ,preTS = 4729282500
03-18 21:27:21.454   213 12343 E MPEG4Writer: timestamp interval = 100069 ,currentTS = 4729482641 ,preTS = 4729382572
03-18 21:27:21.464   213 12315 E MPEG4Writer: timestamp interval = 150108 ,currentTS = 4729332507 ,preTS = 4729182399
03-18 21:27:21.464   213 12315 E MPEG4Writer: timestamp interval = 150137 ,currentTS = 4729432609 ,preTS = 4729282472
03-18 21:27:21.504   213 12343 E MPEG4Writer: timestamp interval = 150085 ,currentTS = 4729582710 ,preTS = 4729432625
03-18 21:27:21.514   213 12315 E MPEG4Writer: timestamp interval = 150102 ,currentTS = 4729532647 ,preTS = 4729382545
03-18 21:27:21.604   213 12343 E MPEG4Writer: timestamp interval = 150106 ,currentTS = 4729682781 ,preTS = 4729532675
03-18 21:27:21.764   213 12315 E MPEG4Writer: timestamp interval = 150105 ,currentTS = 4729632717 ,preTS = 4729482612
03-18 21:27:21.764   213 12315 E MPEG4Writer: timestamp interval = 150108 ,currentTS = 4729732787 ,preTS = 4729582679
03-18 21:27:21.784   213 12315 E MPEG4Writer: timestamp interval = 150104 ,currentTS = 4729832856 ,preTS = 4729682752
03-18 21:27:21.854   213 12315 E MPEG4Writer: timestamp interval = 150105 ,currentTS = 4729932926 ,preTS = 4729782821
03-18 21:27:21.864   213 12343 E MPEG4Writer: timestamp interval = 150104 ,currentTS = 4729782849 ,preTS = 4729632745
03-18 21:27:21.904   213 12343 E MPEG4Writer: timestamp interval = 150105 ,currentTS = 4729882919 ,preTS = 4729732814
03-18 21:27:21.914   213 12312 E QCamera2HWI: mCameraId 0, Send Video frame to services/encoder TimeStamp : 4730133068000, frame_idx 2380, mLastFrameIdx 2379, mLostFrameCnt 2
03-18 21:27:21.954   213 12343 E MPEG4Writer: timestamp interval = 150114 ,currentTS = 4729982998 ,preTS = 4729832884
03-18 21:27:21.964   213 12315 E MPEG4Writer: timestamp interval = 100069 ,currentTS = 4729982960 ,preTS = 4729882891
03-18 21:27:22.064  1724  1914 D streaming: 21:27:22.072 4730.291 [ClientStatistics:calculate:136]: size=20.2MB sec=41.4 up=78 down=36
03-18 21:27:22.064   213 12315 E MPEG4Writer: timestamp interval = 100070 ,currentTS = 4730083030 ,preTS = 4729982960
03-18 21:27:22.114   213 12315 E MPEG4Writer: timestamp interval = 150104 ,currentTS = 4730183100 ,preTS = 4730032996
03-18 21:27:22.154   213 12343 E MPEG4Writer: timestamp interval = 150105 ,currentTS = 4730083059 ,preTS = 4729932954
03-18 21:27:22.154   213 12343 E MPEG4Writer: timestamp interval = 150104 ,currentTS = 4730183128 ,preTS = 4730033024
03-18 21:27:22.254   213 12340 E QCamera2HWI: mCameraId 1, Send Video frame to services/encoder TimeStamp : 4730483338000, frame_idx 2380, mLastFrameIdx 2379, mLostFrameCnt 2
03-18 21:27:22.304   213 12343 E MPEG4Writer: timestamp interval = 150107 ,currentTS = 4730283203 ,preTS = 4730133096
03-18 21:27:22.404   213 12343 E MPEG4Writer: timestamp interval = 100070 ,currentTS = 4730333233 ,preTS = 4730233163
03-18 21:27:22.404   213 12343 E MPEG4Writer: timestamp interval = 100070 ,currentTS = 4730433303 ,preTS = 4730333233
03-18 21:27:22.414   213 12315 E MPEG4Writer: timestamp interval = 150104 ,currentTS = 4730283172 ,preTS = 4730133068
03-18 21:27:22.414   213 12315 E MPEG4Writer: timestamp interval = 150104 ,currentTS = 4730383239 ,preTS = 4730233135
03-18 21:27:22.454   213 12315 E MPEG4Writer: timestamp interval = 150105 ,currentTS = 4730483309 ,preTS = 4730333204
03-18 21:27:22.504   213 12343 E MPEG4Writer: timestamp interval = 150105 ,currentTS = 4730533373 ,preTS = 4730383268
03-18 21:27:22.514   213 12315 E MPEG4Writer: timestamp interval = 150105 ,currentTS = 4730583379 ,preTS = 4730433274
03-18 21:27:22.604   213 12343 E MPEG4Writer: timestamp interval = 150104 ,currentTS = 4730633442 ,preTS = 4730483338
03-18 21:27:22.614   213 12315 E MPEG4Writer: timestamp interval = 150105 ,currentTS = 4730683449 ,preTS = 4730533344
03-18 21:27:22.654   213 12343 E MPEG4Writer: timestamp interval = 150105 ,currentTS = 4730733512 ,preTS = 4730583407
03-18 21:27:22.714   213 12315 E MPEG4Writer: timestamp interval = 150107 ,currentTS = 4730783521 ,preTS = 4730633414
03-18 21:27:22.814   213 12343 E MPEG4Writer: timestamp interval = 150105 ,currentTS = 4730833582 ,preTS = 4730683477
03-18 21:27:22.814   213 12315 E MPEG4Writer: timestamp interval = 150104 ,currentTS = 4730883588 ,preTS = 4730733484
03-18 21:27:22.824  1646  1646 D wpa_supplicant: RX ctrl_iface - hexdump(len=11): 53 49 47 4e 41 4c 5f 50 4f 4c 4c
03-18 21:27:22.824  1646  1646 D wpa_supplicant: wlan0: Control interface command 'SIGNAL_POLL'
03-18 21:27:22.824  1646  1646 D wpa_supplicant: nl80211: survey data missing!
03-18 21:27:22.904   213 12343 E MPEG4Writer: timestamp interval = 150101 ,currentTS = 4730933651 ,preTS = 4730783550
03-18 21:27:22.914   213 12312 E QCamera2HWI: mCameraId 0, Send Video frame to services/encoder TimeStamp : 4731133762000, frame_idx 2400, mLastFrameIdx 2399, mLostFrameCnt 2
03-18 21:27:22.914   213 12315 E MPEG4Writer: timestamp interval = 100070 ,currentTS = 4730933623 ,preTS = 4730833553
03-18 21:27:22.954   213 12343 E MPEG4Writer: timestamp interval = 150104 ,currentTS = 4731033721 ,preTS = 4730883617
03-18 21:27:22.964   213 12315 E MPEG4Writer: timestamp interval = 100070 ,currentTS = 4731033693 ,preTS = 4730933623
03-18 21:27:23.064  1724  1914 D streaming: 21:27:23.075 4731.293 [ClientStatistics:calculate:136]: size=20.7MB sec=42.4 up=77 down=37
03-18 21:27:23.064   213 12315 E MPEG4Writer: timestamp interval = 150104 ,currentTS = 4731133762 ,preTS = 4730983658
03-18 21:27:23.104   213 12343 E MPEG4Writer: timestamp interval = 150105 ,currentTS = 4731133791 ,preTS = 4730983686
03-18 21:27:23.204   213 12343 E MPEG4Writer: timestamp interval = 150107 ,currentTS = 4731233863 ,preTS = 4731083756
03-18 21:27:23.254   213 12315 E MPEG4Writer: timestamp interval = 150107 ,currentTS = 4731233835 ,preTS = 4731083728
03-18 21:27:23.264   213 12340 E QCamera2HWI: mCameraId 1, Send Video frame to services/encoder TimeStamp : 4731484035000, frame_idx 2400, mLastFrameIdx 2399, mLostFrameCnt 2
03-18 21:27:23.304   213 12343 E MPEG4Writer: timestamp interval = 100068 ,currentTS = 4731283895 ,preTS = 4731183827
03-18 21:27:23.464   213 12315 E MPEG4Writer: timestamp interval = 150105 ,currentTS = 4731333902 ,preTS = 4731183797
03-18 21:27:23.464   213 12315 E MPEG4Writer: timestamp interval = 150105 ,currentTS = 4731433972 ,preTS = 4731283867
03-18 21:27:23.504   213 12343 E MPEG4Writer: timestamp interval = 100073 ,currentTS = 4731383968 ,preTS = 4731283895
03-18 21:27:23.504   213 12343 E MPEG4Writer: timestamp interval = 150105 ,currentTS = 4731484035 ,preTS = 4731333930
03-18 21:27:23.564   213 12343 E MPEG4Writer: timestamp interval = 150097 ,currentTS = 4731584105 ,preTS = 4731434008
03-18 21:27:23.634  1724  1728 D dalvikvm: GC_CONCURRENT freed 6187K, 50% free 27506K/53972K, paused 6ms+4ms, total 70ms
03-18 21:27:23.654   213 12315 E MPEG4Writer: timestamp interval = 150101 ,currentTS = 4731534041 ,preTS = 4731383940
03-18 21:27:23.654   213 12315 E MPEG4Writer: timestamp interval = 150104 ,currentTS = 4731634111 ,preTS = 4731484007
03-18 21:27:23.664   213 12343 E MPEG4Writer: timestamp interval = 150109 ,currentTS = 4731684179 ,preTS = 4731534070
03-18 21:27:23.704   213 12315 E MPEG4Writer: timestamp interval = 150104 ,currentTS = 4731734181 ,preTS = 4731584077
03-18 21:27:23.714   213 12343 E MPEG4Writer: timestamp interval = 150117 ,currentTS = 4731784256 ,preTS = 4731634139
03-18 21:27:23.814   213 12343 E MPEG4Writer: timestamp interval = 150105 ,currentTS = 4731884314 ,preTS = 4731734209
03-18 21:27:23.854   213 12315 E MPEG4Writer: timestamp interval = 150099 ,currentTS = 4731834248 ,preTS = 4731684149
03-18 21:27:23.854   213 12315 E MPEG4Writer: timestamp interval = 100073 ,currentTS = 4731884285 ,preTS = 4731784212
03-18 21:27:23.904   213 12312 E QCamera2HWI: mCameraId 0, Send Video frame to services/encoder TimeStamp : 4732134458000, frame_idx 2420, mLastFrameIdx 2419, mLostFrameCnt 2
03-18 21:27:23.904   213 12315 E MPEG4Writer: timestamp interval = 100070 ,currentTS = 4731984355 ,preTS = 4731884285
03-18 21:27:23.914   213 12343 E MPEG4Writer: timestamp interval = 150104 ,currentTS = 4731984383 ,preTS = 4731834279
03-18 21:27:23.924   220   220 V WLAN_PSA: NL MSG, len[048], NL type[0x11] WNI type[0x5050] len[028]
03-18 21:27:24.004   213 12315 E MPEG4Writer: timestamp interval = 150104 ,currentTS = 4732084424 ,preTS = 4731934320
03-18 21:27:24.014   213 12343 E MPEG4Writer: timestamp interval = 150104 ,currentTS = 4732084453 ,preTS = 4731934349
03-18 21:27:24.064  1724  1914 D streaming: 21:27:24.077 4732.295 [ClientStatistics:calculate:136]: size=21.2MB sec=43.4 up=76 down=38
03-18 21:27:24.104  2028  2042 E QcrilMsgTunnelSocket: IOException - java.io.IOException: No such file or directory Reason: No such file or directory
03-18 21:27:24.114   213 12315 E MPEG4Writer: timestamp interval = 150106 ,currentTS = 4732184495 ,preTS = 4732034389
03-18 21:27:24.214   213 12315 E MPEG4Writer: timestamp interval = 150103 ,currentTS = 4732284561 ,preTS = 4732134458
03-18 21:27:24.254   213 12340 E QCamera2HWI: mCameraId 1, Send Video frame to services/encoder TimeStamp : 4732484732000, frame_idx 2420, mLastFrameIdx 2419, mLostFrameCnt 2
03-18 21:27:24.314   213 12343 E MPEG4Writer: timestamp interval = 150104 ,currentTS = 4732184523 ,preTS = 4732034419
03-18 21:27:24.314   213 12343 E MPEG4Writer: timestamp interval = 100069 ,currentTS = 4732234559 ,preTS = 4732134490
03-18 21:27:24.314   213 12343 E MPEG4Writer: timestamp interval = 100069 ,currentTS = 4732334628 ,preTS = 4732234559
03-18 21:27:24.314   213 12315 E MPEG4Writer: timestamp interval = 150104 ,currentTS = 4732384634 ,preTS = 4732234530
03-18 21:27:24.404   213 12343 E MPEG4Writer: timestamp interval = 150092 ,currentTS = 4732434698 ,preTS = 4732284606
03-18 21:27:24.414   213 12315 E MPEG4Writer: timestamp interval = 150105 ,currentTS = 4732484705 ,preTS = 4732334600
03-18 21:27:24.464   213 12343 E MPEG4Writer: timestamp interval = 150116 ,currentTS = 4732534779 ,preTS = 4732384663
03-18 21:27:24.514   213 12315 E MPEG4Writer: timestamp interval = 150104 ,currentTS = 4732584774 ,preTS = 4732434670
03-18 21:27:24.554   213 12343 E MPEG4Writer: timestamp interval = 150105 ,currentTS = 4732634837 ,preTS = 4732484732
03-18 21:27:24.614   213 12315 E MPEG4Writer: timestamp interval = 150119 ,currentTS = 4732684855 ,preTS = 4732534736
03-18 21:27:24.704   213 12343 E MPEG4Writer: timestamp interval = 150106 ,currentTS = 4732734907 ,preTS = 4732584801
03-18 21:27:24.754   213 12343 E MPEG4Writer: timestamp interval = 150103 ,currentTS = 4732834976 ,preTS = 4732684873
03-18 21:27:24.764   213 12315 E MPEG4Writer: timestamp interval = 150105 ,currentTS = 4732784913 ,preTS = 4732634808
03-18 21:27:24.814   213 12315 E MPEG4Writer: timestamp interval = 100068 ,currentTS = 4732834948 ,preTS = 4732734880
03-18 21:27:24.854   213 12343 E MPEG4Writer: timestamp interval = 150105 ,currentTS = 4732935046 ,preTS = 4732784941
03-18 21:27:24.864   213 12315 E MPEG4Writer: timestamp interval = 100070 ,currentTS = 4732935018 ,preTS = 4732834948
03-18 21:27:24.914   213 12312 E QCamera2HWI: mCameraId 0, Send Video frame to services/encoder TimeStamp : 4733135157000, frame_idx 2440, mLastFrameIdx 2439, mLostFrameCnt 2
03-18 21:27:24.964   213 12315 E MPEG4Writer: timestamp interval = 150104 ,currentTS = 4733035087 ,preTS = 4732884983
03-18 21:27:25.064  1724  1914 D streaming: 21:27:25.080 4733.299 [ClientStatistics:calculate:136]: size=21.6MB sec=44.3 up=75 down=39
03-18 21:27:25.114   213 12343 E MPEG4Writer: timestamp interval = 150105 ,currentTS = 4733035116 ,preTS = 4732885011
03-18 21:27:25.114   213 12343 E MPEG4Writer: timestamp interval = 150104 ,currentTS = 4733135186 ,preTS = 4732985082
03-18 21:27:25.154   213 12343 E MPEG4Writer: timestamp interval = 100071 ,currentTS = 4733185221 ,preTS = 4733085150
03-18 21:27:25.214   213 12315 E MPEG4Writer: timestamp interval = 150103 ,currentTS = 4733135157 ,preTS = 4732985054
03-18 21:27:25.214   213 12315 E MPEG4Writer: timestamp interval = 150104 ,currentTS = 4733235226 ,preTS = 4733085122
03-18 21:27:25.224 12457 12457 D QSEECOMAPI: : QSEECom_get_handle sb_length = 0x2000
03-18 21:27:25.224 12457 12457 D QSEECOMAPI: : App is not loaded in QSEE
03-18 21:27:25.224 12457 12457 E QSEECOMAPI: : Error::Cannot open the file /vendor/firmware/keymaster/keymaster.mdt
03-18 21:27:25.224 12457 12457 E QSEECOMAPI: : Error::Loading image failed with ret = -1
03-18 21:27:25.244 12457 12457 D QSEECOMAPI: : QSEECom_get_handle sb_length = 0x2000
03-18 21:27:25.244 12457 12457 D QSEECOMAPI: : App is not loaded in QSEE
03-18 21:27:25.244 12457 12457 E QSEECOMAPI: : Error::Cannot open the file /firmware/image/keymaste.mdt
03-18 21:27:25.244 12457 12457 E QSEECOMAPI: : Error::Loading image failed with ret = -1
03-18 21:27:25.244 12457 12457 E QCOMKeyMaster: Loading keymaster app failied
03-18 21:27:25.244 12457 12457 E keystore: could not open keymaster device in keystore (Operation not permitted)
03-18 21:27:25.244 12457 12457 E keystore: keystore keymaster could not be initialized; exiting
03-18 21:27:25.264   213 12340 E QCamera2HWI: mCameraId 1, Send Video frame to services/encoder TimeStamp : 4733485457000, frame_idx 2440, mLastFrameIdx 2439, mLostFrameCnt 2
03-18 21:27:25.304   213 12343 E MPEG4Writer: timestamp interval = 100069 ,currentTS = 4733285290 ,preTS = 4733185221
03-18 21:27:25.304   213 12343 E MPEG4Writer: timestamp interval = 150105 ,currentTS = 4733385360 ,preTS = 4733235255
03-18 21:27:25.314   213 12315 E MPEG4Writer: timestamp interval = 150112 ,currentTS = 4733335305 ,preTS = 4733185193
03-18 21:27:25.364   213 12315 E MPEG4Writer: timestamp interval = 150108 ,currentTS = 4733435369 ,preTS = 4733285261
03-18 21:27:25.404   213 12343 E MPEG4Writer: timestamp interval = 150132 ,currentTS = 4733485457 ,preTS = 4733335325
03-18 21:27:25.474   213 12315 E MPEG4Writer: timestamp interval = 150105 ,currentTS = 4733535436 ,preTS = 4733385331
03-18 21:27:25.504   213 12343 E MPEG4Writer: timestamp interval = 150091 ,currentTS = 4733585499 ,preTS = 4733435408
03-18 21:27:25.564   213 12315 E MPEG4Writer: timestamp interval = 150108 ,currentTS = 4733635506 ,preTS = 4733485398
03-18 21:27:25.604   213 12343 E MPEG4Writer: timestamp interval = 150109 ,currentTS = 4733685573 ,preTS = 4733535464
03-18 21:27:25.664   213 12315 E MPEG4Writer: timestamp interval = 150105 ,currentTS = 4733735576 ,preTS = 4733585471
03-18 21:27:25.754   213 12315 E MPEG4Writer: timestamp interval = 100068 ,currentTS = 4733785611 ,preTS = 4733685543
03-18 21:27:25.804   213 12343 E MPEG4Writer: timestamp interval = 150104 ,currentTS = 4733785638 ,preTS = 4733635534
03-18 21:27:25.814   213 12343 E MPEG4Writer: timestamp interval = 150104 ,currentTS = 4733885708 ,preTS = 4733735604
03-18 21:27:25.824  1646  1646 D wpa_supplicant: RX ctrl_iface - hexdump(len=11): 53 49 47 4e 41 4c 5f 50 4f 4c 4c
03-18 21:27:25.824  1646  1646 D wpa_supplicant: wlan0: Control interface command 'SIGNAL_POLL'
03-18 21:27:25.824  1646  1646 D wpa_supplicant: nl80211: survey data missing!
03-18 21:27:25.854   213 12315 E MPEG4Writer: timestamp interval = 100069 ,currentTS = 4733885680 ,preTS = 4733785611
03-18 21:27:25.914   213 12312 E QCamera2HWI: mCameraId 0, Send Video frame to services/encoder TimeStamp : 4734135855000, frame_idx 2460, mLastFrameIdx 2459, mLostFrameCnt 2
03-18 21:27:25.964   213 12343 E MPEG4Writer: timestamp interval = 150106 ,currentTS = 4733985780 ,preTS = 4733835674
03-18 21:27:26.014   213 12343 E MPEG4Writer: timestamp interval = 150105 ,currentTS = 4734085848 ,preTS = 4733935743
03-18 21:27:26.024   213 12315 E MPEG4Writer: timestamp interval = 150107 ,currentTS = 4733985752 ,preTS = 4733835645
03-18 21:27:26.024   213 12315 E MPEG4Writer: timestamp interval = 150110 ,currentTS = 4734085824 ,preTS = 4733935714
03-18 21:27:26.074  1724  1914 D streaming: 21:27:26.082 4734.300 [ClientStatistics:calculate:136]: size=22.1MB sec=45.2 up=74 down=40
03-18 21:27:26.114   213 12343 E MPEG4Writer: timestamp interval = 100070 ,currentTS = 4734135883 ,preTS = 4734035813
03-18 21:27:26.114   213 12315 E MPEG4Writer: timestamp interval = 150102 ,currentTS = 4734185886 ,preTS = 4734035784
03-18 21:27:26.204   213 12343 E MPEG4Writer: timestamp interval = 100070 ,currentTS = 4734235953 ,preTS = 4734135883
03-18 21:27:26.254   213 12340 E QCamera2HWI: mCameraId 1, Send Video frame to services/encoder TimeStamp : 4734486130000, frame_idx 2460, mLastFrameIdx 2459, mLostFrameCnt 2
03-18 21:27:26.264   213 12315 E MPEG4Writer: timestamp interval = 150104 ,currentTS = 4734285959 ,preTS = 4734135855
03-18 21:27:26.324   213 12343 E MPEG4Writer: timestamp interval = 150103 ,currentTS = 4734336024 ,preTS = 4734185921
03-18 21:27:26.324   213   959 E QCamera2HWI: [KPI Perf] static int qcamera::QCamera2HardwareInterface::take_picture(camera_device*): E PROFILE_TAKE_PICTURE
03-18 21:27:26.324   213 12458 E QCameraHWI_Mem: int qcamera::QCameraMemoryPool::findBufferLocked(qcamera::QCameraMemory::QCameraMemInfo&, int, uint32_t, bool, cam_stream_type_t) : Found buffer 1 size 3133440
03-18 21:27:26.324   213 12458 E QCameraHWI_Mem: int qcamera::QCameraMemoryPool::findBufferLocked(qcamera::QCameraMemory::QCameraMemInfo&, int, uint32_t, bool, cam_stream_type_t) : Found buffer 1 size 3133440
03-18 21:27:26.324   278 12213 E mm-camera-sensor: change_chromatix_library:19 Open /persist/phoneid.bin failed
03-18 21:27:26.324   278 12213 E mm-camera-sensor: 
03-18 21:27:26.324   278 12213 E mm-camera-sensor: chromatix_open_liveshot_library:329 liveshot handle 0xb531224c
03-18 21:27:26.324   278 12250 E mm-camera: isp_axi_stream_set_skip_pattern: cannot find stream, session_id = 0, stream_id = 0
03-18 21:27:26.324   278 12207 E mm-camera: isp_hw_action: runtime start, stream thread for streamon/ack
03-18 21:27:26.324   278 12249 E mm-camera: isp_thread_proc_cmd: start/stop, thread_data = 0xb8e28fd8, action_code = 0
03-18 21:27:26.334   278 12249 E mm-camera: isp_axi_util_subscribe_v4l2_event: event_type = 0x8000100, is_subscribe = 1
03-18 21:27:26.334   278 12207 E mm-camera: isp_ch_util_streamon: session_id = 1, vfe_mask = 0x1, async streamon, rc = 0
03-18 21:27:26.334   278 12207 E mm-camera: isp_hw_action: stream_thread for ack
03-18 21:27:26.354   213 12343 E MPEG4Writer: timestamp interval = 150105 ,currentTS = 4734436092 ,preTS = 4734285987
03-18 21:27:26.404   278 12249 E mm-camera: isp_thread_proc_cmd: start/stop ack done, thread_data = 0xb8e28fd8, action_code = 1, rc = 0
03-18 21:27:26.404   278 12207 E mm-camera: isp_ch_util_streamon: session_id = 1, sync ack done
03-18 21:27:26.404   278 12213 E mm-camera: ispif_streamon: session_id = 1, active_streams = 2
03-18 21:27:26.494   213 12459 D QCameraPostProc: int32_t qcamera::QCameraPostProcessor::processData(mm_camera_super_buf_t*): no need offline reprocess, sending to jpeg encoding
03-18 21:27:26.494   213 12217 D QCameraPostProc: [KPI Perf] int32_t qcamera::QCameraPostProcessor::encodeData(qcamera::qcamera_jpeg_data_t*, uint8_t&) : call jpeg create_session
03-18 21:27:26.494   213 12217 E mm-jpeg-intf: mm_jpeg_create_session:2125] >>>> Work bufs need 1
03-18 21:27:26.494   213 12217 W linker  : libmmjpeg.so has text relocations. This is wasting memory and is a security risk. Please fix.
03-18 21:27:26.514   213 12315 E MPEG4Writer: timestamp interval = 150106 ,currentTS = 4734386030 ,preTS = 4734235924
03-18 21:27:26.514   213 12217 E mm-still: void* getInstance():17] Component ptr is 0xb86f39f0
03-18 21:27:26.514   213 12315 E MPEG4Writer: timestamp interval = 150104 ,currentTS = 4734486101 ,preTS = 4734335997
03-18 21:27:26.514   213 12217 E qomx_image_core: OMX_GetHandle:236] get instance pts is 0xb86f39f0
03-18 21:27:26.514   213 12217 E mm-still: void* create_component_fns(OMX_PTR) 20:] Component ptr is 0xb86f39f0
03-18 21:27:26.514   213 12217 E mm-still: int QIThread::StartThread(QThreadObject*, bool): before wait
03-18 21:27:26.514   213 12461 E mm-still: virtual OMX_ERRORTYPE QOMXImageCodec::handleMessage(): E
03-18 21:27:26.514   213 12461 E mm-still: virtual OMX_ERRORTYPE QOMXImageCodec::handleMessage():451] before wait
03-18 21:27:26.514   213 12217 E mm-still: int QIThread::StartThread(QThreadObject*, bool): after wait
03-18 21:27:26.514   213 12217 D qomx_image_core: OMX_GetHandle:256] handle = b86f39f4 Instanceindex = 0,comp_idx 0 g_ptr 0xb86a9b30
03-18 21:27:26.514   213 12217 E mm-still: OMX_ERRORTYPE qomx_component_set_callbacks(OMX_HANDLETYPE, OMX_CALLBACKTYPE*, OMX_PTR): 181: This ptr addr 0xb86f39f0
03-18 21:27:26.514   213 12217 E qomx_image_core: OMX_GetHandle:260] Success
03-18 21:27:26.514   213 12217 E mm-jpeg-intf: mm_jpeg_session_configure:1347] E 
03-18 21:27:26.514   213 12217 E mm-jpeg-intf: mm_jpeg_session_config_main:1048] config port
03-18 21:27:26.514   213 12217 E mm-still: virtual OMX_ERRORTYPE OMXImageEncoder::omx_component_set_parameter(OMX_HANDLETYPE, OMX_INDEXTYPE, OMX_PTR) 429:] ParamIndex: 33554433
03-18 21:27:26.514   213 12217 E mm-still: virtual OMX_ERRORTYPE OMXImageEncoder::omx_component_set_parameter(OMX_HANDLETYPE, OMX_INDEXTYPE, OMX_PTR):465]: buffer size id 0
03-18 21:27:26.514   213 12217 E mm-still: virtual OMX_ERRORTYPE OMXImageEncoder::omx_component_set_parameter(OMX_HANDLETYPE, OMX_INDEXTYPE, OMX_PTR) 429:] ParamIndex: 33554433
