03-06 15:31:40.755   213   961 I QCameraParameters: int32_t qcamera::QCameraParameters::initDefaultParameters(): supported live snapshot sizes: 2448x2448,2048x2048,2048x1536,1920x1080,1600x1200,1280x768,1280x720,1024x768,800x600,864x480,800x480,720x480,640x480,352x288,320x240,176x144
03-06 15:31:40.755   213   961 E QCameraParameters: int32_t qcamera::QCameraParameters::setPreviewFpsRange(int, int, int, int): E minFps = 2000, maxFps = 30000 , vid minFps = 2000, vid maxFps = 30000
03-06 15:31:40.755   213   961 E QCameraParameters: int32_t qcamera::QCameraParameters::setPreviewFpsRange(int, int, int, int): Setting preview fps range 2000,30000
03-06 15:31:40.755   213   961 E QCameraParameters: int32_t qcamera::QCameraParameters::setPreviewFpsRange(int, int, int, int): Updated: minFps = 2000, maxFps = 30000 , vid minFps = 2000, vid maxFps = 30000
03-06 15:31:40.755   213   961 E QCameraParameters: int32_t qcamera::QCameraParameters::setPreviewFpsRange(int, int, int, int): Thermal adjusted preview fps range 2,30, 2, 30
03-06 15:31:40.755   213   961 E QCameraParameters: int32_t qcamera::QCameraParameters::enableFlash(bool, bool):Wrong saved led mode
03-06 15:31:40.755   213   961 I Thermal-Lib: Thermal-Lib-Client: Registraion successful for camera with handle:1
03-06 15:31:40.755   213   961 I Thermal-Lib: Thermal-Lib-Client: Registraion successful for camcorder with handle:2
03-06 15:31:40.755   223   347 I ThermalEngine: Thermal-Server: Adding thermal event listener on fd 10
03-06 15:31:40.755   213  5387 I Thermal-Lib: Thermal-Lib-Client: Client received msg camera 0
03-06 15:31:40.755   213  5387 I QCamera2HWI: virtual int qcamera::QCamera2HardwareInterface::thermalEvtHandle(qcamera::qcamera_thermal_level_enum_t, void*, void*): level = 0, userdata = 0x0, data = 0x0
03-06 15:31:40.755   213  5387 I Thermal-Lib: Thermal-Lib-Client: Client received msg camcorder 0
03-06 15:31:40.755   213  5387 I QCamera2HWI: virtual int qcamera::QCamera2HardwareInterface::thermalEvtHandle(qcamera::qcamera_thermal_level_enum_t, void*, void*): level = 0, userdata = 0x0, data = 0x0
03-06 15:31:40.765   213  5364 E QCameraParameters: int32_t qcamera::QCameraParameters::setPreviewFpsRange(const qcamera::QCameraParameters&): FpsRange Values:(2000, 30000)
03-06 15:31:40.765   213  5364 E QCameraParameters: int32_t qcamera::QCameraParameters::setPreviewFpsRange(const qcamera::QCameraParameters&): Requested FpsRange Values:(2000, 30000)
03-06 15:31:40.765   213  5364 E QCameraParameters: bool qcamera::QCameraParameters::UpdateHFRFrameRate(const qcamera::QCameraParameters&): CameraParameters - : minFps = 2000, maxFps = 30000 
03-06 15:31:40.765   213  5364 E QCameraParameters: bool qcamera::QCameraParameters::UpdateHFRFrameRate(const qcamera::QCameraParameters&): Requested params - : minFps = 2000, maxFps = 30000 
03-06 15:31:40.765   213  5364 E QCameraParameters: bool qcamera::QCameraParameters::UpdateHFRFrameRate(const qcamera::QCameraParameters&): prevHfrStr - off, hfrStr = off 
03-06 15:31:40.765   213  5364 E QCameraParameters: HFR mode is OFF
03-06 15:31:40.765   213  5364 E QCameraParameters: int32_t qcamera::QCameraParameters::setPreviewFpsRange(const qcamera::QCameraParameters&): UpdateHFRFrameRate 0
03-06 15:31:40.765   213  5364 E QCameraParameters: int32_t qcamera::QCameraParameters::setPreviewFpsRange(const qcamera::QCameraParameters&): No change in FpsRange
03-06 15:31:40.765   213  5364 I QCameraParameters: int32_t qcamera::QCameraParameters::setWBManualCCT(const qcamera::QCameraParameters&), dont set cct to back-end.
03-06 15:31:40.765   213  5364 I QCameraParameters: int32_t qcamera::QCameraParameters::setFocusPosition(const qcamera::QCameraParameters&), dont set focus pos to back-end!
03-06 15:31:40.765   213  5364 I QCameraParameters: int32_t qcamera::QCameraParameters::setLiveSnapshotSize(const qcamera::QCameraParameters&): live snapshot size 1920 x 1080
03-06 15:31:40.775  1716  5361 D streaming: 15:31:40.779 1425.197 [CameraManager:start:82]: open 1
03-06 15:31:40.775   213   961 I CameraClient: Opening camera 1
03-06 15:31:40.775   213  5389 D QCameraStateMachine: static void* qcamera::QCameraStateMachine::smEvtProcRoutine(void*): E
03-06 15:31:40.775   213   961 E QCamera2HWI: [KPI Perf] int qcamera::QCamera2HardwareInterface::openCamera(hw_device_t**): E PROFILE_OPEN_CAMERA camera id 1
03-06 15:31:40.775   213   961 E mm-camera-intf: mm_camera_open: dev name = /dev/video2, cam_idx = 2
03-06 15:31:40.795   294  5393 E mm-camera: isp_tintless_open: E: b6e5de81
03-06 15:31:40.795   294  5393 E mm-camera: isp_tintless_get_version: lib returned version 3.61 err=0
03-06 15:31:40.795   294  5373 E mm-camera-img: img_q_remove:111] Dequeue failed
03-06 15:31:40.815   294  5394 E mm-camera: gyro_port_init: Init DSPS
03-06 15:31:40.815   294  5394 E mm-camera: dsps_proc_init: DSPS has already been initialized
03-06 15:31:40.915   294   294 E mm-camera-sensor: module_sensor_query_mod:3667 led flash is not supported for this sensor.
03-06 15:31:40.915   213   961 E mm-camera-intf: mm_camera_open:  opened, break out while loop
03-06 15:31:40.915   213   961 E QCameraHWI_Mem: int qcamera::QCameraMemory::alloc(int, int, int) : No memory pool available
03-06 15:31:40.915   213   961 I QCameraParameters: int32_t qcamera::QCameraParameters::initDefaultParameters(): supported live snapshot sizes: 2448x2448,2048x2048,2048x1536,1920x1080,1600x1200,1280x768,1280x720,1024x768,800x600,864x480,800x480,720x480,640x480,352x288,320x240,176x144
03-06 15:31:40.915   213   961 E QCameraParameters: int32_t qcamera::QCameraParameters::setPreviewFpsRange(int, int, int, int): E minFps = 2000, maxFps = 30000 , vid minFps = 2000, vid maxFps = 30000
03-06 15:31:40.915   213   961 E QCameraParameters: int32_t qcamera::QCameraParameters::setPreviewFpsRange(int, int, int, int): Setting preview fps range 2000,30000
03-06 15:31:40.915   213   961 E QCameraParameters: int32_t qcamera::QCameraParameters::setPreviewFpsRange(int, int, int, int): Updated: minFps = 2000, maxFps = 30000 , vid minFps = 2000, vid maxFps = 30000
03-06 15:31:40.915   213   961 E QCameraParameters: int32_t qcamera::QCameraParameters::setPreviewFpsRange(int, int, int, int): Thermal adjusted preview fps range 2,30, 2, 30
03-06 15:31:40.915   213   961 E QCameraParameters: int32_t qcamera::QCameraParameters::initDefaultParameters(): supported flash modes cnt is 0!!!
03-06 15:31:40.915   213   961 E QCameraParameters: int32_t qcamera::QCameraParameters::enableFlash(bool, bool):Wrong saved led mode
03-06 15:31:40.925   213  5389 E QCameraParameters: int32_t qcamera::QCameraParameters::setPreviewFpsRange(const qcamera::QCameraParameters&): FpsRange Values:(2000, 30000)
03-06 15:31:40.925   213  5389 E QCameraParameters: int32_t qcamera::QCameraParameters::setPreviewFpsRange(const qcamera::QCameraParameters&): Requested FpsRange Values:(2000, 30000)
03-06 15:31:40.925   213  5389 E QCameraParameters: bool qcamera::QCameraParameters::UpdateHFRFrameRate(const qcamera::QCameraParameters&): CameraParameters - : minFps = 2000, maxFps = 30000 
03-06 15:31:40.925   213  5389 E QCameraParameters: bool qcamera::QCameraParameters::UpdateHFRFrameRate(const qcamera::QCameraParameters&): Requested params - : minFps = 2000, maxFps = 30000 
03-06 15:31:40.925   213  5389 E QCameraParameters: bool qcamera::QCameraParameters::UpdateHFRFrameRate(const qcamera::QCameraParameters&): prevHfrStr - off, hfrStr = off 
03-06 15:31:40.925   213  5389 E QCameraParameters: HFR mode is OFF
03-06 15:31:40.925   213  5389 E QCameraParameters: int32_t qcamera::QCameraParameters::setPreviewFpsRange(const qcamera::QCameraParameters&): UpdateHFRFrameRate 0
03-06 15:31:40.925   213  5389 E QCameraParameters: int32_t qcamera::QCameraParameters::setPreviewFpsRange(const qcamera::QCameraParameters&): No change in FpsRange
03-06 15:31:40.925   213  5389 I QCameraParameters: int32_t qcamera::QCameraParameters::setWBManualCCT(const qcamera::QCameraParameters&), dont set cct to back-end.
03-06 15:31:40.925   213  5389 I QCameraParameters: int32_t qcamera::QCameraParameters::setFocusPosition(const qcamera::QCameraParameters&), dont set focus pos to back-end!
03-06 15:31:40.925   213  5389 I QCameraParameters: int32_t qcamera::QCameraParameters::setLiveSnapshotSize(const qcamera::QCameraParameters&): live snapshot size 1920 x 1080
03-06 15:31:40.955  1716  1716 D Camera-JNI: startPreview
03-06 15:31:40.955   213   213 E QCamera2HWI: [KPI Perf] static int qcamera::QCamera2HardwareInterface::start_preview(camera_device*): E PROFILE_START_PREVIEW
03-06 15:31:40.965   213  5364 E QCameraHWI_Mem: int qcamera::QCameraMemory::alloc(int, int, int) : No memory pool available
03-06 15:31:40.965   213  5364 E QCameraHWI_Mem: int qcamera::QCameraMemory::alloc(int, int, int) : No memory pool available
03-06 15:31:40.965   213  5365 E QCameraHWI_Mem: int qcamera::QCameraMemoryPool::allocateBuffer(qcamera::QCameraMemory::QCameraMemInfo&, int, int, bool, cam_stream_type_t) : Buffer not found!
03-06 15:31:40.965   213  5365 E QCameraHWI_Mem: int qcamera::QCameraMemoryPool::allocateBuffer(qcamera::QCameraMemory::QCameraMemInfo&, int, int, bool, cam_stream_type_t) : Buffer not found!
03-06 15:31:40.965   213  5365 E QCameraHWI_Mem: int qcamera::QCameraMemoryPool::allocateBuffer(qcamera::QCameraMemory::QCameraMemInfo&, int, int, bool, cam_stream_type_t) : Buffer not found!
03-06 15:31:40.965   213  5365 E QCameraHWI_Mem: int qcamera::QCameraMemoryPool::allocateBuffer(qcamera::QCameraMemory::QCameraMemInfo&, int, int, bool, cam_stream_type_t) : Buffer not found!
03-06 15:31:40.965   213  5365 E QCameraHWI_Mem: int qcamera::QCameraMemoryPool::allocateBuffer(qcamera::QCameraMemory::QCameraMemInfo&, int, int, bool, cam_stream_type_t) : Buffer not found!
03-06 15:31:40.965   213  5365 E QCameraHWI_Mem: int qcamera::QCameraMemoryPool::allocateBuffer(qcamera::QCameraMemory::QCameraMemInfo&, int, int, bool, cam_stream_type_t) : Buffer not found!
03-06 15:31:40.965   213  5365 E QCameraHWI_Mem: int qcamera::QCameraMemoryPool::allocateBuffer(qcamera::QCameraMemory::QCameraMemInfo&, int, int, bool, cam_stream_type_t) : Buffer not found!
03-06 15:31:40.965   294  5381 E mm-camera: mct_pipeline_add_stream_to_linked_streams: linked streams: 0x2
03-06 15:31:40.965   294  5381 E mm-camera: mct_stream_start_link: Starting preview/postview stream linking 
03-06 15:31:40.965   294  5381 E mm-camera-sensor: port_sensor_caps_reserve:126 ide 10002 stream type 1 w*h 2048*2048
03-06 15:31:40.965   294  5381 E mm-camera-sensor: port_sensor_ext_link_func:195 ide 10002
03-06 15:31:40.965   294  5381 E mm-camera: isp_util_find_matched_existing_src_port#171: X
03-06 15:31:40.975   294  5381 E mm-camera: module_faceproc_client_create:968] Face proc feature mask e 0
03-06 15:31:40.975   294  5381 E mm-camera: mct_pipeline_send_ctrl_events: Send Set Parm events
03-06 15:31:40.975   294  5381 E mm-camera-sensor: module_sensor_event_control_set_parm:2518 CAM_INTF_PARM_LED_MODE 0 
03-06 15:31:40.975   294  5381 E mm-camera-sensor: 
03-06 15:31:40.995   294  5381 E mm-camera: mct_pipeline_add_stream_to_linked_streams: linked streams: 0x82
03-06 15:31:40.995   294  5381 E mm-camera: mct_stream_start_link: Starting meta stream linking: do nothing 
03-06 15:31:40.995   213  5364 E mm-camera-intf: mm_stream_get_v4l2_fmt: Unknown fmt=78
03-06 15:31:40.995   213  5364 E QCameraParameters: int qcamera::QCameraParameters::getPreviewHalPixelFormat() const: format 265
03-06 15:31:41.015   294  5381 E mm-camera-sensor: sensor_set_resolution:1611 set_fps=30.000000 > max_fps=20.000000, capping to max
03-06 15:31:41.045   294  5381 E mm-camera: decide_isp_nums_camif: num_isp = 1
03-06 15:31:41.055   294  5409 E mm-camera: afd_set_parameters: param=0xb7bca56c afd_obj =0xb7aacd48, type =3
03-06 15:31:41.055   294  5408 E mm-camera-CORE: awb_set_parameters: paramt type =10
03-06 15:31:41.055   294  5408 E mm-camera-CORE: awb_set_parameters current op_mode: 2, previous op_mode: 0
03-06 15:31:41.055   294  5381 E mm-camera-sensor: sensor_get_cur_ir_chromatix_name:2061 res 0 mask 2 preview chromatix libchromatix_ov10823_ir_preview.so
03-06 15:31:41.055   294  5381 E mm-camera-sensor: change_chromatix_library:19 Open /persist/phoneid.bin failed
03-06 15:31:41.055   294  5381 E mm-camera-sensor: 
03-06 15:31:41.055   294  5381 E mm-camera-sensor: change_chromatix_library:19 Open /persist/phoneid.bin failed
03-06 15:31:41.055   294  5381 E mm-camera-sensor: 
03-06 15:31:41.055   294  5381 E mm-camera-sensor: change_chromatix_library:19 Open /persist/phoneid.bin failed
03-06 15:31:41.055   294  5381 E mm-camera-sensor: 
03-06 15:31:41.055   294  5381 E mm-camera-sensor: change_chromatix_library:19 Open /persist/phoneid.bin failed
03-06 15:31:41.055   294  5381 E mm-camera-sensor: 
03-06 15:31:41.055   294  5381 E mm-camera-sensor: change_chromatix_library:19 Open /persist/phoneid.bin failed
03-06 15:31:41.055   294  5381 E mm-camera-sensor: 
03-06 15:31:41.055   294  5381 E mm-camera-sensor: change_chromatix_library:19 Open /persist/phoneid.bin failed
03-06 15:31:41.055   294  5381 E mm-camera-sensor: 
03-06 15:31:41.055   294  5381 E mm-camera-sensor: eeprom_process:796 e_ctrl->eeprom_lib.func_tbl =0xb536b004
03-06 15:31:41.055   294  5408 E mm-camera-CORE: awb_set_parameters: paramt type =1
03-06 15:31:41.055   294  5408 E mm-camera-CORE: awb_set_init_chromatix init_param->chromatix=0xb7ae15f0
03-06 15:31:41.055   294  5408 E mm-camera-CORE: awb_settings_init awb=0xb5371008,init_param=0xb7b931dc, chromatix=0xb7ae15f0, stats type=1
03-06 15:31:41.055   294  5408 E mm-camera-CORE: awb_set_parse_chromatix: awb->stats_type=1
03-06 15:31:41.055   294  5408 E mm-camera-CORE: awb_set_parse_chromatix: X
03-06 15:31:41.055   294  5408 E mm-camera-CORE: AWB awb_bayer_init: Green zone offset: (green_offset_bg,green_offset_rg, top_right)=(0, 0, -30 )
03-06 15:31:41.055   294  5409 E mm-camera: afd_set_parameters: param=0xb7bca4a4 afd_obj =0xb7aacd48, type =1
03-06 15:31:41.055   294  5409 E mm-camera: afd_set_parameters: param=0xb7b93114 afd_obj =0xb7aacd48, type =5
03-06 15:31:41.055   294  5409 E mm-camera-CORE: afd_process_pack_output: afd_enable 0, monitor 0, flicker 0, freq 0, afd_state 0, afd_atb 0
03-06 15:31:41.055   294  5409 E mm-camera: afd_set_parameters: param=0xb7b9316c afd_obj =0xb7aacd48, type =0
03-06 15:31:41.055   294  5409 E mm-camera: afd_set_parameters: param=0xb7bca674 afd_obj =0xb7aacd48, type =0
03-06 15:31:41.055   294  5409 E mm-camera: afd_set_parameters: param=0xb7b931cc afd_obj =0xb7aacd48, type =0
03-06 15:31:41.055   294  5409 E mm-camera: afd_set_parameters: param=0xb7bca5ac afd_obj =0xb7aacd48, type =0
03-06 15:31:41.055   294  5409 E mm-camera: afd_set_parameters: param=0xb7bca4a4 afd_obj =0xb7aacd48, type =0
03-06 15:31:41.055   294  5408 E mm-camera-CORE: awb_set_parameters: paramt type =4
03-06 15:31:41.055   294  5408 E mm-camera-CORE: awb_set_parameters: paramt type =2
03-06 15:31:41.055   294  5408 E mm-camera-CORE: awb_set_current_wb: E current awb=0 (rbg)=(1.461786, 1.000000, 2.269908)
03-06 15:31:41.055   294  5408 E mm-camera-CORE: awb_set_current_wb: X current awb=0 (rbg)=(1.461786, 1.000000, 2.269908)
03-06 15:31:41.055   294  5408 E mm-camera-CORE: awb_set_current_wb: new_wb =0
03-06 15:31:41.055   294  5408 E mm-camera-CORE: awb_set_parameters: paramt type =5
03-06 15:31:41.055   294  5409 E mm-camera: afd_set_parameters: param=0xb7bca8bc afd_obj =0xb7aacd48, type =0
03-06 15:31:41.055   294  5409 E mm-camera: afd_set_parameters: param=0xb7bca494 afd_obj =0xb7aacd48, type =0
03-06 15:31:41.055   294  5409 E mm-camera: afd_set_parameters: param=0xb7bca5b4 afd_obj =0xb7aacd48, type =0
03-06 15:31:41.055   294  5409 E mm-camera: afd_set_parameters: param=0xb7b931b4 afd_obj =0xb7aacd48, type =0
03-06 15:31:41.055   294  5409 E mm-camera: afd_set_parameters: param=0xb7bcaa3c afd_obj =0xb7aacd48, type =0
03-06 15:31:41.055   294  5409 E mm-camera: afd_set_parameters: param=0xb7bcab44 afd_obj =0xb7aacd48, type =0
03-06 15:31:41.055   294  5409 E mm-camera: afd_set_parameters: param=0xb7bcabac afd_obj =0xb7aacd48, type =0
03-06 15:31:41.055   294  5409 E mm-camera: afd_set_parameters: param=0xb7bca77c afd_obj =0xb7aacd48, type =0
03-06 15:31:41.055   294  5409 E mm-camera: afd_set_parameters: param=0xb7bca7dc afd_obj =0xb7aacd48, type =7
03-06 15:31:41.055   294  5408 E mm-camera-CORE: awb_set_parameters: paramt type =12
03-06 15:31:41.055   294  5381 E mm-camera: isp_tintless_config: tint_correction_strength updated to 4
03-06 15:31:41.055   294  5381 E mm-camera: isp_tintless_update_chromatix_params: lib returned config err=0
03-06 15:31:41.055   294  5381 E mm-camera-img: Face Album FILE EXISTS
03-06 15:31:41.065   294  5381 E mm-camera: cpp_hw_params_update_wnr_params:2891 invalid trigger input 0.000000
03-06 15:31:41.065   294  5375 E mm-camera: isp_ch_util_sync_stream_cfg_to_channel: cannot find channel, Adding new channel for stream id 2
03-06 15:31:41.065   294  5418 E mm-camera: isp_axi_stream_set_skip_pattern: cannot find stream, session_id = 0, stream_id = 0
03-06 15:31:41.065   294  5375 E mm-camera: isp_hw_action: first start, hw thread for streamon/ack
03-06 15:31:41.065   294  5375 E mm-camera: isp_ch_util_streamon: session_id = 1, vfe_mask = 0x1, async streamon, rc = 0
03-06 15:31:41.065   294  5375 E mm-camera: isp_hw_action: hw_thread for ack
03-06 15:31:41.065   294  5418 E mm-camera: isp_thread_proc_cmd: start/stop, thread_data = 0xb7b9ee84, action_code = 0
03-06 15:31:41.065   294  5418 E mm-camera: isp_tintless_config: cfg: 10x13 mesh, 8x8 subgrid, subgrid sz 26x34
03-06 15:31:41.065   294  5418 E mm-camera: isp_tintless_mesh_config: lib returned mesh config err=0
03-06 15:31:41.065   294  5418 E mm-camera: color_xform_config_601_to_601 for stream Encoder
03-06 15:31:41.065   294  5418 E mm-camera: color_xform_config_601_to_601 for stream Viewfinder
03-06 15:31:41.065   294  5418 E mm-camera: linearization_set_params: param_id is not supported in this module
03-06 15:31:41.065   294  5418 E mm-camera: mesh_rolloff_set_params: param_id is not supported in this module
03-06 15:31:41.065   294  5418 E mm-camera: wb_set_params: param_id is not supported in this module
03-06 15:31:41.065   294  5418 E mm-camera: demosaic_set_params: param_id 7, is not supported in this module
03-06 15:31:41.065   294  5418 E mm-camera: demux_set_params: param_id 7, is not supported in this module
03-06 15:31:41.065   294  5418 E mm-camera: color_correct_set_effect: saturation level = 1.000000, asd_saturae_adjust = 1.000000
03-06 15:31:41.065   294  5418 E mm-camera: mce_set_params: param_id is not supported in this module
03-06 15:31:41.065   294  5418 E mm-camera: sce_set_params: param_id is not supported in this module
03-06 15:31:41.065   294  5418 E mm-camera: la_hist_trigger_update: luma target from AEC = 0! use default LA curve
03-06 15:31:41.065   294  5418 E mm-camera: isp_tintless_stat_config: pointer okay 
03-06 15:31:41.065   294  5418 E mm-camera: isp_tintless_config: cfg: camif 2448x2448, elem sz 76x102, elems 24x32
03-06 15:31:41.065   294  5418 E mm-camera: isp_tintless_stat_config: lib returned config err=0
03-06 15:31:41.065   294  5418 E mm-camera: stats_action_buf_config: cfg = 1, stats_mask = 0x6b8
03-06 15:31:41.075   294  5418 E mm-camera: stats_action: stats mask = 0x6b8
03-06 15:31:41.075   294  5418 E mm-camera: isp_axi_util_subscribe_v4l2_event: event_type = 0x8000100, is_subscribe = 1
03-06 15:31:41.075   294  5375 E mm-camera: isp_ch_util_streamon: session_id = 1, sync ack done
03-06 15:31:41.075   294  5418 E mm-camera: isp_thread_proc_cmd: start/stop ack done, thread_data = 0xb7b9ee84, action_code = 1, rc = 0
03-06 15:31:41.075   294  5381 E mm-camera: ispif_proc_streamon: ispif_hw_reset done
03-06 15:31:41.075   294  5381 E mm-camera: stream id 2, stream num_meta 0
03-06 15:31:41.075   294  5381 E mm-camera: ispif_streamon: session_id = 1, active_streams = 1
03-06 15:31:41.075   294  5381 E mm-camera-sensor: module_sensor_stream_on:1551 CameraManager start stream with ir file
03-06 15:31:41.085   294  5381 E mm-camera-sensor: module_sensor_stream_on: Sending start bus message
03-06 15:31:41.085   294  5381 E mm-camera: start_sof_check_thread: Starting SOF timeout thread
03-06 15:31:41.085  1716  1716 D streaming: 15:31:41.092 1425.510 [CameraView:surfaceChanged:223]: startPreview 0
03-06 15:31:41.095  1716  1716 D Camera-JNI: startPreview
03-06 15:31:41.095   213  2147 E QCamera2HWI: [KPI Perf] static int qcamera::QCamera2HardwareInterface::start_preview(camera_device*): E PROFILE_START_PREVIEW
03-06 15:31:41.095   213  5389 E QCameraHWI_Mem: int qcamera::QCameraMemory::alloc(int, int, int) : No memory pool available
03-06 15:31:41.095   213  5389 E QCameraHWI_Mem: int qcamera::QCameraMemory::alloc(int, int, int) : No memory pool available
03-06 15:31:41.105   213  5390 E QCameraHWI_Mem: int qcamera::QCameraMemoryPool::allocateBuffer(qcamera::QCameraMemory::QCameraMemInfo&, int, int, bool, cam_stream_type_t) : Buffer not found!
03-06 15:31:41.105   213  5390 E QCameraHWI_Mem: int qcamera::QCameraMemoryPool::allocateBuffer(qcamera::QCameraMemory::QCameraMemInfo&, int, int, bool, cam_stream_type_t) : Buffer not found!
03-06 15:31:41.105   213  5390 E QCameraHWI_Mem: int qcamera::QCameraMemoryPool::allocateBuffer(qcamera::QCameraMemory::QCameraMemInfo&, int, int, bool, cam_stream_type_t) : Buffer not found!
03-06 15:31:41.105   213  5390 E QCameraHWI_Mem: int qcamera::QCameraMemoryPool::allocateBuffer(qcamera::QCameraMemory::QCameraMemInfo&, int, int, bool, cam_stream_type_t) : Buffer not found!
03-06 15:31:41.105   213  5390 E QCameraHWI_Mem: int qcamera::QCameraMemoryPool::allocateBuffer(qcamera::QCameraMemory::QCameraMemInfo&, int, int, bool, cam_stream_type_t) : Buffer not found!
03-06 15:31:41.105   294  5400 E mm-camera: mct_pipeline_add_stream_to_linked_streams: linked streams: 0x2
03-06 15:31:41.105   294  5400 E mm-camera: mct_stream_start_link: Starting preview/postview stream linking 
03-06 15:31:41.105   213  5390 E QCameraHWI_Mem: int qcamera::QCameraMemoryPool::allocateBuffer(qcamera::QCameraMemory::QCameraMemInfo&, int, int, bool, cam_stream_type_t) : Buffer not found!
03-06 15:31:41.105   294  5400 E mm-camera-sensor: port_sensor_caps_reserve:126 ide 20002 stream type 1 w*h 2048*2048
03-06 15:31:41.105   294  5400 E mm-camera-sensor: port_sensor_ext_link_func:195 ide 20002
03-06 15:31:41.105   294  5400 E mm-camera: isp_reserve_src_port: Error isp_src_port
03-06 15:31:41.105   213  5390 E QCameraHWI_Mem: int qcamera::QCameraMemoryPool::allocateBuffer(qcamera::QCameraMemory::QCameraMemInfo&, int, int, bool, cam_stream_type_t) : Buffer not found!
03-06 15:31:41.105   294  5400 E mm-camera: isp_util_find_matched_existing_src_port#171: X
03-06 15:31:41.105   294  5400 E mm-camera: isp_reserve_src_port: Error isp_src_port
03-06 15:31:41.105   294  5400 E mm-camera: isp_util_find_matched_existing_src_port#171: X
03-06 15:31:41.105   294  5400 E mm-camera: module_imglib_create_port:1756 portname imglib_d2_i1
03-06 15:31:41.105   294  5400 E mm-camera: module_imglib_port_check_caps_reserve:1493 port already reserved or invalid identity 131074
03-06 15:31:41.105   294  5400 E mm-camera: module_imglib_port_check_caps_reserve:1557] Cap reserve failed 
03-06 15:31:41.105  1640  1640 D wpa_supplicant: RX ctrl_iface - hexdump(len=11): 53 49 47 4e 41 4c 5f 50 4f 4c 4c
03-06 15:31:41.105  1640  1640 D wpa_supplicant: wlan0: Control interface command 'SIGNAL_POLL'
03-06 15:31:41.105   294  5400 E mm-camera: module_faceproc_client_create:968] Face proc feature mask e 0
03-06 15:31:41.105   294  5400 E mm-camera: isp_reserve_src_port: Error isp_src_port
03-06 15:31:41.105   294  5400 E mm-camera: mct_pipeline_send_ctrl_events: Send Set Parm events
03-06 15:31:41.105   294  5400 E mm-camera: mct_pipeline_add_stream_to_linked_streams: linked streams: 0x82
03-06 15:31:41.105   294  5400 E mm-camera: mct_stream_start_link: Starting meta stream linking: do nothing 
03-06 15:31:41.115   213  5389 E mm-camera-intf: mm_stream_get_v4l2_fmt: Unknown fmt=78
03-06 15:31:41.115   213  5389 E QCameraParameters: int qcamera::QCameraParameters::getPreviewHalPixelFormat() const: format 265
03-06 15:31:41.115  1640  1640 D wpa_supplicant: nl80211: survey data missing!
03-06 15:31:41.135   294  5400 E mm-camera-sensor: sensor_set_resolution:1611 set_fps=30.000000 > max_fps=20.000000, capping to max
03-06 15:31:41.165   294  5400 E mm-camera: decide_isp_nums_camif: num_isp = 1
03-06 15:31:41.175   294  5422 E mm-camera-CORE: awb_set_parameters: paramt type =10
03-06 15:31:41.175   294  5422 E mm-camera-CORE: awb_set_parameters current op_mode: 2, previous op_mode: 0
03-06 15:31:41.175   294  5423 E mm-camera: afd_set_parameters: param=0xb7c2d66c afd_obj =0xb7b3b280, type =3
03-06 15:31:41.175   294  5400 E mm-camera-sensor: sensor_get_cur_ir_chromatix_name:2061 res 0 mask 2 preview chromatix libchromatix_ov10823_ir_preview.so
03-06 15:31:41.175   294  5400 E mm-camera-sensor: change_chromatix_library:19 Open /persist/phoneid.bin failed
03-06 15:31:41.175   294  5400 E mm-camera-sensor: 
03-06 15:31:41.175   294  5400 E mm-camera-sensor: change_chromatix_library:19 Open /persist/phoneid.bin failed
03-06 15:31:41.175   294  5400 E mm-camera-sensor: 
03-06 15:31:41.175   294  5400 E mm-camera-sensor: change_chromatix_library:19 Open /persist/phoneid.bin failed
03-06 15:31:41.175   294  5400 E mm-camera-sensor: 
03-06 15:31:41.175   294  5400 E mm-camera-sensor: change_chromatix_library:19 Open /persist/phoneid.bin failed
03-06 15:31:41.175   294  5400 E mm-camera-sensor: 
03-06 15:31:41.175   294  5400 E mm-camera-sensor: change_chromatix_library:19 Open /persist/phoneid.bin failed
03-06 15:31:41.175   294  5400 E mm-camera-sensor: 
03-06 15:31:41.175   294  5400 E mm-camera-sensor: change_chromatix_library:19 Open /persist/phoneid.bin failed
03-06 15:31:41.175   294  5400 E mm-camera-sensor: 
03-06 15:31:41.175   294  5400 E mm-camera-sensor: eeprom_process:796 e_ctrl->eeprom_lib.func_tbl =0xb536b004
03-06 15:31:41.175   294  5423 E mm-camera: afd_set_parameters: param=0xb7c2d5a4 afd_obj =0xb7b3b280, type =1
03-06 15:31:41.175   294  5422 E mm-camera-CORE: awb_set_parameters: paramt type =1
03-06 15:31:41.175   294  5422 E mm-camera-CORE: awb_set_init_chromatix init_param->chromatix=0xb5098e18
03-06 15:31:41.175   294  5422 E mm-camera-CORE: awb_settings_init awb=0xb4d80008,init_param=0xb7bf62dc, chromatix=0xb5098e18, stats type=1
03-06 15:31:41.175   294  5422 E mm-camera-CORE: awb_set_parse_chromatix: awb->stats_type=1
03-06 15:31:41.175   294  5422 E mm-camera-CORE: awb_set_parse_chromatix: X
03-06 15:31:41.175   294  5422 E mm-camera-CORE: AWB awb_bayer_init: Green zone offset: (green_offset_bg,green_offset_rg, top_right)=(0, 0, -30 )
03-06 15:31:41.175   294  5422 E mm-camera-CORE: awb_set_parameters: paramt type =4
03-06 15:31:41.175   294  5422 E mm-camera-CORE: awb_set_parameters: paramt type =2
03-06 15:31:41.175   294  5422 E mm-camera-CORE: awb_set_current_wb: E current awb=0 (rbg)=(1.494550, 1.000000, 2.288746)
03-06 15:31:41.175   294  5422 E mm-camera-CORE: awb_set_current_wb: X current awb=0 (rbg)=(1.494550, 1.000000, 2.288746)
03-06 15:31:41.175   294  5422 E mm-camera-CORE: awb_set_current_wb: new_wb =0
03-06 15:31:41.175   294  5422 E mm-camera-CORE: awb_set_parameters: paramt type =5
03-06 15:31:41.175   294  5423 E mm-camera: afd_set_parameters: param=0xb7bf6214 afd_obj =0xb7b3b280, type =5
03-06 15:31:41.175   294  5423 E mm-camera-CORE: afd_process_pack_output: afd_enable 0, monitor 0, flicker 0, freq 0, afd_state 0, afd_atb 0
03-06 15:31:41.175   294  5423 E mm-camera: afd_set_parameters: param=0xb7bf626c afd_obj =0xb7b3b280, type =0
03-06 15:31:41.175   294  5423 E mm-camera: afd_set_parameters: param=0xb7c2d70c afd_obj =0xb7b3b280, type =0
03-06 15:31:41.175   294  5423 E mm-camera: afd_set_parameters: param=0xb7c2d83c afd_obj =0xb7b3b280, type =0
03-06 15:31:41.175   294  5423 E mm-camera: afd_set_parameters: param=0xb7c2d96c afd_obj =0xb7b3b280, type =0
03-06 15:31:41.175   294  5423 E mm-camera: afd_set_parameters: param=0xb7c2da9c afd_obj =0xb7b3b280, type =0
03-06 15:31:41.175   294  5423 E mm-camera: afd_set_parameters: param=0xb7bf62cc afd_obj =0xb7b3b280, type =0
03-06 15:31:41.175   294  5423 E mm-camera: afd_set_parameters: param=0xb7c2d774 afd_obj =0xb7b3b280, type =0
03-06 15:31:41.175   294  5423 E mm-camera: afd_set_parameters: param=0xb7c2d7dc afd_obj =0xb7b3b280, type =0
03-06 15:31:41.175   294  5423 E mm-camera: afd_set_parameters: param=0xb7c2d9d4 afd_obj =0xb7b3b280, type =0
03-06 15:31:41.175   294  5423 E mm-camera: afd_set_parameters: param=0xb7c2da24 afd_obj =0xb7b3b280, type =0
03-06 15:31:41.175   294  5423 E mm-camera: afd_set_parameters: param=0xb7c2dc6c afd_obj =0xb7b3b280, type =0
03-06 15:31:41.175   294  5423 E mm-camera: afd_set_parameters: param=0xb7c2d8a4 afd_obj =0xb7b3b280, type =0
03-06 15:31:41.175   294  5423 E mm-camera: afd_set_parameters: param=0xb7c2dbbc afd_obj =0xb7b3b280, type =7
03-06 15:31:41.175   294  5400 E mm-camera: isp_tintless_config: tint_correction_strength updated to 4
03-06 15:31:41.175   294  5400 E mm-camera: isp_tintless_update_chromatix_params: lib returned config err=0
03-06 15:31:41.175   294  5422 E mm-camera-CORE: awb_set_parameters: paramt type =12
03-06 15:31:41.175   294  5400 E mm-camera: cpp_hw_params_update_wnr_params:2891 invalid trigger input 0.000000
03-06 15:31:41.175   294  5399 E mm-camera: isp_ch_util_sync_stream_cfg_to_channel: cannot find channel, Adding new channel for stream id 2
03-06 15:31:41.175   294  5431 E mm-camera: isp_axi_stream_set_skip_pattern: cannot find stream, session_id = 0, stream_id = 0
03-06 15:31:41.175   294  5399 E mm-camera: isp_hw_action: first start, hw thread for streamon/ack
03-06 15:31:41.175   294  5399 E mm-camera: isp_ch_util_streamon: session_id = 2, vfe_mask = 0x2, async streamon, rc = 0
03-06 15:31:41.175   294  5399 E mm-camera: isp_hw_action: hw_thread for ack
03-06 15:31:41.175   294  5431 E mm-camera: isp_thread_proc_cmd: start/stop, thread_data = 0xb7c01f84, action_code = 0
03-06 15:31:41.175   294  5431 E mm-camera: isp_tintless_config: cfg: 10x13 mesh, 8x8 subgrid, subgrid sz 26x34
03-06 15:31:41.175   294  5431 E mm-camera: isp_tintless_mesh_config: lib returned mesh config err=0
03-06 15:31:41.175   294  5431 E mm-camera: color_xform_config_601_to_601 for stream Encoder
03-06 15:31:41.175   294  5431 E mm-camera: color_xform_config_601_to_601 for stream Viewfinder
03-06 15:31:41.175   294  5431 E mm-camera: linearization_set_params: param_id is not supported in this module
03-06 15:31:41.175   294  5431 E mm-camera: mesh_rolloff_set_params: param_id is not supported in this module
03-06 15:31:41.175   294  5431 E mm-camera: wb_set_params: param_id is not supported in this module
03-06 15:31:41.175   294  5431 E mm-camera: demosaic_set_params: param_id 7, is not supported in this module
03-06 15:31:41.185   294  5431 E mm-camera: demux_set_params: param_id 7, is not supported in this module
03-06 15:31:41.185   294  5431 E mm-camera: color_correct_set_effect: saturation level = 1.000000, asd_saturae_adjust = 1.000000
03-06 15:31:41.185   294  5431 E mm-camera: mce_set_params: param_id is not supported in this module
03-06 15:31:41.185   294  5431 E mm-camera: sce_set_params: param_id is not supported in this module
03-06 15:31:41.185   294  5431 E mm-camera: la_hist_trigger_update: luma target from AEC = 0! use default LA curve
03-06 15:31:41.185   294  5431 E mm-camera: isp_tintless_stat_config: pointer okay 
03-06 15:31:41.185   294  5431 E mm-camera: isp_tintless_config: cfg: camif 2448x2448, elem sz 76x102, elems 24x32
03-06 15:31:41.185   294  5431 E mm-camera: isp_tintless_stat_config: lib returned config err=0
03-06 15:31:41.185   294  5431 E mm-camera: stats_action_buf_config: cfg = 1, stats_mask = 0x6b8
03-06 15:31:41.195   294  5431 E mm-camera: stats_action: stats mask = 0x6b8
03-06 15:31:41.195   294  5431 E mm-camera: isp_axi_util_subscribe_v4l2_event: event_type = 0x8000100, is_subscribe = 1
03-06 15:31:41.195   294  5431 E mm-camera: isp_thread_proc_cmd: start/stop ack done, thread_data = 0xb7c01f84, action_code = 1, rc = 0
03-06 15:31:41.195   294  5399 E mm-camera: isp_ch_util_streamon: session_id = 2, sync ack done
03-06 15:31:41.195   294  5400 E mm-camera: stream id 2, stream num_meta 0
03-06 15:31:41.195   294  5400 E mm-camera: ispif_streamon: session_id = 2, active_streams = 1
03-06 15:31:41.195   294  5400 E mm-camera-sensor: module_sensor_stream_on:1551 CameraManager start stream with ir file
03-06 15:31:41.195   213  5413 E QCamera2HWI: [KPI Perf] static void qcamera::QCamera2HardwareInterface::preview_stream_cb_routine(mm_camera_super_buf_t*, qcamera::QCameraStream*, void*) : PROFILE_FIRST_PREVIEW_FRAME
03-06 15:31:41.195   294  5418 E mm-camera: la_hist_trigger_update: luma target from AEC = 0! use default LA curve
03-06 15:31:41.205   294  5400 E mm-camera-sensor: module_sensor_stream_on: Sending start bus message
03-06 15:31:41.205   294  5400 E mm-camera: start_sof_check_thread: Starting SOF timeout thread
03-06 15:31:41.205  1716  1716 D streaming: 15:31:41.211 1425.629 [CameraView:surfaceChanged:223]: startPreview 1
03-06 15:31:41.235  1716  5361 D streaming: 15:31:41.239 1425.657 [CameraManager:start:99]: Opened cameras
03-06 15:31:41.255   213  5364 E QCameraParameters: int32_t qcamera::QCameraParameters::setPreviewFpsRange(const qcamera::QCameraParameters&): FpsRange Values:(2000, 30000)
03-06 15:31:41.255   213  5364 E QCameraParameters: int32_t qcamera::QCameraParameters::setPreviewFpsRange(const qcamera::QCameraParameters&): Requested FpsRange Values:(2000, 30000)
03-06 15:31:41.255   213  5364 E QCameraParameters: bool qcamera::QCameraParameters::UpdateHFRFrameRate(const qcamera::QCameraParameters&): CameraParameters - : minFps = 2000, maxFps = 30000 
03-06 15:31:41.255   213  5364 E QCameraParameters: bool qcamera::QCameraParameters::UpdateHFRFrameRate(const qcamera::QCameraParameters&): Requested params - : minFps = 2000, maxFps = 30000 
03-06 15:31:41.255   213  5364 E QCameraParameters: bool qcamera::QCameraParameters::UpdateHFRFrameRate(const qcamera::QCameraParameters&): prevHfrStr - off, hfrStr = off 
03-06 15:31:41.255   213  5364 E QCameraParameters: HFR mode is OFF
03-06 15:31:41.255   213  5364 E QCameraParameters: int32_t qcamera::QCameraParameters::setPreviewFpsRange(const qcamera::QCameraParameters&): UpdateHFRFrameRate 0
03-06 15:31:41.255   213  5364 E QCameraParameters: int32_t qcamera::QCameraParameters::setPreviewFpsRange(const qcamera::QCameraParameters&): No change in FpsRange
03-06 15:31:41.255   213  5364 I QCameraParameters: int32_t qcamera::QCameraParameters::setWBManualCCT(const qcamera::QCameraParameters&), dont set cct to back-end.
03-06 15:31:41.255   213  5364 I QCameraParameters: int32_t qcamera::QCameraParameters::setFocusPosition(const qcamera::QCameraParameters&), dont set focus pos to back-end!
03-06 15:31:41.255   213  5364 I QCameraParameters: int32_t qcamera::QCameraParameters::setLiveSnapshotSize(const qcamera::QCameraParameters&): live snapshot size 1920 x 1080
03-06 15:31:41.255   294  5381 E mm-camera: mct_pipeline_send_ctrl_events: Send Set Parm events
03-06 15:31:41.255   294  5381 E mm-camera-sensor: module_sensor_event_control_set_parm:2597 CameraManager switch to ir file
03-06 15:31:41.255   294  5381 E mm-camera: cpp_module_process_downstream_event:852: MCT_EVENT_MODULE_SET_RELOAD_CHROMATIX: identity=0x10002
03-06 15:31:41.255   294  5418 E mm-camera: isp_tintless_config: same cfg as current
03-06 15:31:41.255   294  5418 E mm-camera: isp_tintless_mesh_config: lib returned mesh config err=0
03-06 15:31:41.255   294  5418 E mm-camera: color_xform_config_601_to_601 for stream Encoder
03-06 15:31:41.255   294  5418 E mm-camera: color_xform_config_601_to_601 for stream Viewfinder
03-06 15:31:41.275   213  5389 E QCameraParameters: int32_t qcamera::QCameraParameters::setPreviewFpsRange(const qcamera::QCameraParameters&): FpsRange Values:(2000, 30000)
03-06 15:31:41.275   213  5389 E QCameraParameters: int32_t qcamera::QCameraParameters::setPreviewFpsRange(const qcamera::QCameraParameters&): Requested FpsRange Values:(2000, 30000)
03-06 15:31:41.275   213  5389 E QCameraParameters: bool qcamera::QCameraParameters::UpdateHFRFrameRate(const qcamera::QCameraParameters&): CameraParameters - : minFps = 2000, maxFps = 30000 
03-06 15:31:41.275   213  5389 E QCameraParameters: bool qcamera::QCameraParameters::UpdateHFRFrameRate(const qcamera::QCameraParameters&): Requested params - : minFps = 2000, maxFps = 30000 
03-06 15:31:41.275   213  5389 E QCameraParameters: bool qcamera::QCameraParameters::UpdateHFRFrameRate(const qcamera::QCameraParameters&): prevHfrStr - off, hfrStr = off 
03-06 15:31:41.275   213  5389 E QCameraParameters: HFR mode is OFF
03-06 15:31:41.275   213  5389 E QCameraParameters: int32_t qcamera::QCameraParameters::setPreviewFpsRange(const qcamera::QCameraParameters&): UpdateHFRFrameRate 0
03-06 15:31:41.275   213  5389 E QCameraParameters: int32_t qcamera::QCameraParameters::setPreviewFpsRange(const qcamera::QCameraParameters&): No change in FpsRange
03-06 15:31:41.275   213  5389 I QCameraParameters: int32_t qcamera::QCameraParameters::setWBManualCCT(const qcamera::QCameraParameters&), dont set cct to back-end.
03-06 15:31:41.275   213  5389 I QCameraParameters: int32_t qcamera::QCameraParameters::setFocusPosition(const qcamera::QCameraParameters&), dont set focus pos to back-end!
03-06 15:31:41.275   213  5389 I QCameraParameters: int32_t qcamera::QCameraParameters::setLiveSnapshotSize(const qcamera::QCameraParameters&): live snapshot size 1920 x 1080
03-06 15:31:41.275   294  5400 E mm-camera: mct_pipeline_send_ctrl_events: Send Set Parm events
03-06 15:31:41.275   294  5400 E mm-camera-sensor: module_sensor_event_control_set_parm:2597 CameraManager switch to ir file
03-06 15:31:41.275   294  5400 E mm-camera: cpp_module_process_downstream_event:852: MCT_EVENT_MODULE_SET_RELOAD_CHROMATIX: identity=0x20002
03-06 15:31:41.275   294  5400 E mm-camera: cpp_hw_params_update_wnr_params:2891 invalid trigger input 0.000000
03-06 15:31:41.275   294  5431 E mm-camera: isp_tintless_config: same cfg as current
03-06 15:31:41.275   294  5431 E mm-camera: isp_tintless_mesh_config: lib returned mesh config err=0
03-06 15:31:41.275   294  5431 E mm-camera: color_xform_config_601_to_601 for stream Encoder
03-06 15:31:41.275   294  5431 E mm-camera: color_xform_config_601_to_601 for stream Viewfinder
03-06 15:31:41.275   294  5400 E mm-camera: cpp_hw_params_update_wnr_params:2891 invalid trigger input 0.000000
03-06 15:31:41.275  1716  5360 D streaming: 15:31:41.281 1425.699 [CameraManager:setIrChromatix:128]: turn on IR chromatix
03-06 15:31:41.345   294  5431 E mm-camera: la_hist_trigger_update: luma target from AEC = 0! use default LA curve
03-06 15:31:41.355   213  5426 E QCamera2HWI: [KPI Perf] static void qcamera::QCamera2HardwareInterface::preview_stream_cb_routine(mm_camera_super_buf_t*, qcamera::QCameraStream*, void*) : PROFILE_FIRST_PREVIEW_FRAME
03-06 15:31:41.745  1000  1000 D StatusBar.NetworkController: refreshViews: Data not connected!! Set no data type icon / Roaming
03-06 15:31:41.745  1000  1000 D StatusBar.NetworkController: refreshViews connected={ wifi } level=0 combinedSignalIconId=0x7f0200a3/com.android.systemui:drawable/stat_sys_wifi_signal_3_fully mobileLabel= wifiLabel="AllieGO 5GHz"xxxxXXXXxxxxXXXX emergencyOnly=false combinedLabel="AllieGO 5GHz"xxxxXXXXxxxxXXXX mAirplaneMode=false mDataActivity=0 mPhoneSignalIconId=0x0 mQSPhoneSignalIconId=0x0 mDataDirectionIconId=0x0 mDataSignalIconId=0x0 mDataTypeIconId=0x0 mQSDataTypeIconId=0x0 mNoSimIconId=0x0 mWifiIconId=0x7f0200a3 mQSWifiIconId=0x7f02005b mBluetoothTetherIconId=0x10805cc
03-06 15:31:42.195  2019  2033 E QcrilMsgTunnelSocket: IOException - java.io.IOException: No such file or directory Reason: No such file or directory
03-06 15:31:42.755  1000  1000 D StatusBar.NetworkController: refreshViews: Data not connected!! Set no data type icon / Roaming
03-06 15:31:42.755  1000  1000 D StatusBar.NetworkController: refreshViews connected={ wifi } level=0 combinedSignalIconId=0x7f0200a3/com.android.systemui:drawable/stat_sys_wifi_signal_3_fully mobileLabel= wifiLabel="AllieGO 5GHz"xxxxXXXXxxxxXXXX emergencyOnly=false combinedLabel="AllieGO 5GHz"xxxxXXXXxxxxXXXX mAirplaneMode=false mDataActivity=0 mPhoneSignalIconId=0x0 mQSPhoneSignalIconId=0x0 mDataDirectionIconId=0x0 mDataSignalIconId=0x0 mDataTypeIconId=0x0 mQSDataTypeIconId=0x0 mNoSimIconId=0x0 mWifiIconId=0x7f0200a3 mQSWifiIconId=0x7f02005b mBluetoothTetherIconId=0x10805cc
03-06 15:31:42.775   213   961 E QCamera2HWI: [KPI Perf] static int qcamera::QCamera2HardwareInterface::take_picture(camera_device*): E PROFILE_TAKE_PICTURE
03-06 15:31:42.775   213  5364 E QCamera2HWI: int qcamera::QCamera2HardwareInterface::takePicture(): numSnapshot = 1
03-06 15:31:42.775   213  5364 E QCameraHWI_Mem: int qcamera::QCameraMemory::alloc(int, int, int) : No memory pool available
03-06 15:31:42.775   213  5364 E QCameraHWI_Mem: int qcamera::QCameraMemory::alloc(int, int, int) : No memory pool available
03-06 15:31:42.775   213  5365 E QCameraHWI_Mem: int qcamera::QCameraMemoryPool::allocateBuffer(qcamera::QCameraMemory::QCameraMemInfo&, int, int, bool, cam_stream_type_t) : Buffer not found!
03-06 15:31:42.785   213  5365 E QCameraHWI_Mem: int qcamera::QCameraMemoryPool::allocateBuffer(qcamera::QCameraMemory::QCameraMemInfo&, int, int, bool, cam_stream_type_t) : Buffer not found!
03-06 15:31:42.785   213  5365 E QCameraHWI_Mem: int qcamera::QCameraMemoryPool::allocateBuffer(qcamera::QCameraMemory::QCameraMemInfo&, int, int, bool, cam_stream_type_t) : Buffer not found!
03-06 15:31:42.785   213  5365 E QCameraHWI_Mem: int qcamera::QCameraMemoryPool::allocateBuffer(qcamera::QCameraMemory::QCameraMemInfo&, int, int, bool, cam_stream_type_t) : Buffer not found!
03-06 15:31:42.785   213  5365 E QCameraHWI_Mem: int qcamera::QCameraMemoryPool::allocateBuffer(qcamera::QCameraMemory::QCameraMemInfo&, int, int, bool, cam_stream_type_t) : Buffer not found!
03-06 15:31:42.785   213  5365 E QCameraHWI_Mem: int qcamera::QCameraMemoryPool::allocateBuffer(qcamera::QCameraMemory::QCameraMemInfo&, int, int, bool, cam_stream_type_t) : Buffer not found!
03-06 15:31:42.785   213  5365 E QCameraHWI_Mem: int qcamera::QCameraMemoryPool::allocateBuffer(qcamera::QCameraMemory::QCameraMemInfo&, int, int, bool, cam_stream_type_t) : Buffer not found!
03-06 15:31:42.785   213  5364 E QCameraHWI_Mem: int qcamera::QCameraMemory::alloc(int, int, int) : No memory pool available
03-06 15:31:42.795   294  5381 E mm-camera: cpp_module_handle_streamoff_event:1973] iden:0x10002, linked_params:0x0
03-06 15:31:42.795   294  5381 E mm-camera: cpp_hardware_process_streamoff:510] skip_iden:0x0, duplicate_stream_status:0x0
03-06 15:31:42.795   294  5375 E mm-camera: isp_hw_action: last pix stop, pix_cnt = 1, cnt = 1
03-06 15:31:42.795   294  5418 E mm-camera: isp_thread_proc_cmd: start/stop, thread_data = 0xb7b9ee84, action_code = 2
03-06 15:31:42.795   294  5418 E mm-camera: isp_axi_util_subscribe_v4l2_event: event_type = 0x8000100, is_subscribe = 0
03-06 15:31:42.795   294  5375 E mm-camera: isp_hw_action: hw_thread for ack
03-06 15:31:42.885  1441  1515 D btif_config_util: btif_config_save_file(L188): in file name:/data/misc/bluedroid/bt_config.new
03-06 15:31:42.945   294  5418 E mm-camera: stats_action_buf_config: cfg = 0, stats_mask = 0x6b8
03-06 15:31:42.945   294  5418 E mm-camera: isp_thread_proc_cmd: start/stop ack done, thread_data = 0xb7b9ee84, action_code = 3, rc = 0
03-06 15:31:42.945   294  5381 E mm-camera: stream id 2, stream num_meta 0
03-06 15:31:43.035   294  5381 E mm-camera: ispif_streamoff: session_id = 1, active_streams = 0
03-06 15:31:43.035   294  5381 E mm-camera-sensor: module_sensor_module_process_event: Sending stop bus message
03-06 15:31:43.035   294  5381 E mm-camera: stop_sof_check_thread: Stopping SOF timeout thread
03-06 15:31:43.045   213  5365 E QCameraHWI_Mem: int qcamera::QCameraMemoryPool::allocateBuffer(qcamera::QCameraMemory::QCameraMemInfo&, int, int, bool, cam_stream_type_t) : Buffer not found!
03-06 15:31:43.045   213  5365 E QCameraHWI_Mem: int qcamera::QCameraMemoryPool::allocateBuffer(qcamera::QCameraMemory::QCameraMemInfo&, int, int, bool, cam_stream_type_t) : Buffer not found!
03-06 15:31:43.045   213  5364 I QCameraHWI_Mem: deallocate: E 
03-06 15:31:43.055   213  5364 I QCameraHWI_Mem:  deallocate : X 
03-06 15:31:43.055   294  5381 E mm-camera: mct_stream_streamoff: Enter
03-06 15:31:43.055   294  5381 E mm-camera: mct_stream_streamoff: Enter
03-06 15:31:43.055   294  5381 E mm-camera: mct_stream_streamoff: Enter
03-06 15:31:43.055   294  5381 E mm-camera: mct_stream_streamoff: Enter
03-06 15:31:43.055   294  5381 E mm-camera-sensor: port_sensor_unlink_func:217 ide 10002
03-06 15:31:43.055   294  5381 E mm-camera-sensor: port_sensor_caps_unreserve:180 ide 10002
03-06 15:31:43.055   294  5381 E mm-camera-img: faceproc_save_album:794] Error No album 
03-06 15:31:43.055   294  5381 E mm-camera-img: faceproc_comp_eng_destroy: Album save failed -1
03-06 15:31:43.055   213  5365 E QCameraParameters: int qcamera::QCameraParameters::getPreviewHalPixelFormat() const: format 265
03-06 15:31:43.085   294  5381 E mm-camera: mct_pipeline_add_stream_to_linked_streams: linked streams: 0x80
03-06 15:31:43.085   294  5381 E mm-camera: mct_stream_start_link: Starting meta stream linking: do nothing 
03-06 15:31:43.085   213  5364 E mm-camera-intf: mm_stream_get_v4l2_fmt: Unknown fmt=78
03-06 15:31:43.085   294  5381 E mm-camera: mct_pipeline_add_stream_to_linked_streams: linked streams: 0x84
03-06 15:31:43.085   294  5381 E mm-camera: mct_stream_start_link: Starting postview stream linking 
03-06 15:31:43.085   294  5381 E mm-camera-sensor: port_sensor_caps_reserve:126 ide 10004 stream type 2 w*h 2048*2048
03-06 15:31:43.085   294  5381 E mm-camera-sensor: port_sensor_ext_link_func:195 ide 10004
03-06 15:31:43.085   294  5381 E mm-camera: isp_reserve_src_port: Error isp_src_port
03-06 15:31:43.085   294  5381 E mm-camera: isp_util_find_matched_existing_src_port#144: X
03-06 15:31:43.085   294  5381 E mm-camera: mct_pipeline_send_ctrl_events: Send Set Parm events
03-06 15:31:43.085   294  5381 E mm-camera: mct_pipeline_add_stream_to_linked_streams: linked streams: 0x8c
03-06 15:31:43.085   294  5381 E mm-camera: mct_stream_start_link: Starting snapshot stream linking 
03-06 15:31:43.085   294  5381 E mm-camera: mct_stream_start_link: Regular snapshot
03-06 15:31:43.085   294  5381 E mm-camera-sensor: port_sensor_caps_reserve:126 ide 10005 stream type 3 w*h 1920*1080
03-06 15:31:43.085   294  5381 E mm-camera-sensor: port_sensor_ext_link_func:195 ide 10005
03-06 15:31:43.085   294  5381 E mm-camera: isp_reserve_src_port: Error given src port cannot be used to reserve
03-06 15:31:43.085   294  5381 E mm-camera: isp_reserve_src_port: Error given src port cannot be used to reserve
03-06 15:31:43.085   294  5381 E mm-camera: isp_reserve_src_port: Error given src port cannot be used to reserve
03-06 15:31:43.085   294  5381 E mm-camera: isp_util_find_matched_existing_src_port#144: X
03-06 15:31:43.085   294  5381 E mm-camera: isp_reserve_src_port: Error isp_src_port
03-06 15:31:43.085   294  5381 E mm-camera: isp_util_find_matched_existing_src_port#144: X
03-06 15:31:43.085   294  5381 E mm-camera: isp_reserve_src_port: Error isp_src_port
03-06 15:31:43.085   294  5381 E mm-camera: isp_util_find_matched_existing_src_port#144: X
03-06 15:31:43.095   294  5381 E mm-camera-sensor: sensor_set_resolution:1584 set_fps=30.000000 > max_fps=20.000000, capping to max
03-06 15:31:43.095   294  5381 E mm-camera: decide_isp_nums_camif: num_isp = 1
03-06 15:31:43.095   294  5381 E mm-camera: decide_isp_nums_camif: num_isp = 1
03-06 15:31:43.095   294  5381 E mm-camera-sensor: sensor_get_cur_ir_chromatix_name:2055 res 0 mask c snapshot chromatix libchromatix_ov10823_ir_preview.so
03-06 15:31:43.095   294  5381 E mm-camera-sensor: change_chromatix_library:19 Open /persist/phoneid.bin failed
03-06 15:31:43.095   294  5381 E mm-camera-sensor: 
03-06 15:31:43.095   294  5381 E mm-camera-sensor: eeprom_process:796 e_ctrl->eeprom_lib.func_tbl =0xb536b004
03-06 15:31:43.095   294  5381 E mm-camera: isp_tintless_config: same cfg as current
03-06 15:31:43.095   294  5381 E mm-camera: isp_tintless_update_chromatix_params: lib returned config err=0
03-06 15:31:43.095   294  5381 E mm-camera-sensor: sensor_set_crop_info:2453 otp center calc is already done,do nothing here
03-06 15:31:43.095   294  5436 E mm-camera-CORE: awb_algo_snapshot: E, stats type=1
03-06 15:31:43.095   294  5375 E mm-camera: isp_util_get_user_streams: bundling use case - bundle mask = 0x3,streamon_bundle = 0x1, nop
03-06 15:31:43.095   294  5381 E mm-camera-sensor: module_sensor_stream_on:1551 CameraManager start stream with ir file
03-06 15:31:43.105   294  5381 E mm-camera-sensor: sensor_set_resolution:1584 set_fps=30.000000 > max_fps=20.000000, capping to max
03-06 15:31:43.105   294  5381 E mm-camera-sensor: sensor_get_cur_ir_chromatix_name:2055 res 0 mask c snapshot chromatix libchromatix_ov10823_ir_preview.so
03-06 15:31:43.105   294  5381 E mm-camera-sensor: eeprom_process:796 e_ctrl->eeprom_lib.func_tbl =0xb536b004
03-06 15:31:43.105   294  5381 E mm-camera: isp_tintless_config: same cfg as current
03-06 15:31:43.105   294  5381 E mm-camera: isp_tintless_update_chromatix_params: lib returned config err=0
03-06 15:31:43.105   294  5381 E mm-camera-sensor: sensor_set_crop_info:2453 otp center calc is already done,do nothing here
03-06 15:31:43.105   294  5436 E mm-camera-CORE: awb_algo_snapshot: E, stats type=1
