03-18 21:27:26.904   213 12343 E MPEG4Writer: timestamp interval = 150104 ,currentTS = 4734936440 ,preTS = 4734786336
03-18 21:27:26.914   213 12312 E QCamera2HWI: mCameraId 0, Send Video frame to services/encoder TimeStamp : 4735136552000, frame_idx 2480, mLastFrameIdx 2479, mLostFrameCnt 2
03-18 21:27:26.954   213 12343 E MPEG4Writer: timestamp interval = 150104 ,currentTS = 4735036510 ,preTS = 4734886406
03-18 21:27:26.964   213 12315 E MPEG4Writer: timestamp interval = 108880 ,currentTS = 4734836344 ,preTS = 4734727464
03-18 21:27:26.964   213 12315 E MPEG4Writer: timestamp interval = 150110 ,currentTS = 4734936415 ,preTS = 4734786305
03-18 21:27:27.014   213 12315 E MPEG4Writer: timestamp interval = 150105 ,currentTS = 4735036482 ,preTS = 4734886377
03-18 21:27:27.064   213 12343 E MPEG4Writer: timestamp interval = 100069 ,currentTS = 4735086545 ,preTS = 4734986476
03-18 21:27:27.074  1724  1914 D streaming: 21:27:27.084 4735.303 [ClientStatistics:calculate:136]: size=22.5MB sec=46.1 up=73 down=41
03-18 21:27:27.164   213 12343 E MPEG4Writer: timestamp interval = 100071 ,currentTS = 4735186616 ,preTS = 4735086545
03-18 21:27:27.204   213 12315 E MPEG4Writer: timestamp interval = 150105 ,currentTS = 4735136552 ,preTS = 4734986447
03-18 21:27:27.214   213 12315 E MPEG4Writer: timestamp interval = 150105 ,currentTS = 4735236622 ,preTS = 4735086517
03-18 21:27:27.254   213 12340 E QCamera2HWI: mCameraId 1, Send Video frame to services/encoder TimeStamp : 4735486824000, frame_idx 2480, mLastFrameIdx 2479, mLostFrameCnt 2
03-18 21:27:27.314   213 12315 E MPEG4Writer: timestamp interval = 150103 ,currentTS = 4735336691 ,preTS = 4735186588
03-18 21:27:27.354   213 12343 E MPEG4Writer: timestamp interval = 150104 ,currentTS = 4735286684 ,preTS = 4735136580
03-18 21:27:27.354   213 12343 E MPEG4Writer: timestamp interval = 150104 ,currentTS = 4735386754 ,preTS = 4735236650
03-18 21:27:27.364   213 12315 E MPEG4Writer: timestamp interval = 150126 ,currentTS = 4735436782 ,preTS = 4735286656
03-18 21:27:27.514   213 12315 E MPEG4Writer: timestamp interval = 150105 ,currentTS = 4735536831 ,preTS = 4735386726
03-18 21:27:27.554   213 12343 E MPEG4Writer: timestamp interval = 150105 ,currentTS = 4735486824 ,preTS = 4735336719
03-18 21:27:27.564   213 12343 E MPEG4Writer: timestamp interval = 150097 ,currentTS = 4735586894 ,preTS = 4735436797
03-18 21:27:27.564   213 12315 E MPEG4Writer: timestamp interval = 150104 ,currentTS = 4735636900 ,preTS = 4735486796
03-18 21:27:27.714   213 12343 E MPEG4Writer: timestamp interval = 150105 ,currentTS = 4735686964 ,preTS = 4735536859
03-18 21:27:27.714   213 12343 E MPEG4Writer: timestamp interval = 150104 ,currentTS = 4735787033 ,preTS = 4735636929
03-18 21:27:27.724   213 12315 E MPEG4Writer: timestamp interval = 100070 ,currentTS = 4735686935 ,preTS = 4735586865
03-18 21:27:27.814   213 12315 E MPEG4Writer: timestamp interval = 100070 ,currentTS = 4735787005 ,preTS = 4735686935
03-18 21:27:27.854   213 12343 E MPEG4Writer: timestamp interval = 150104 ,currentTS = 4735887104 ,preTS = 4735737000
03-18 21:27:27.864   213 12315 E MPEG4Writer: timestamp interval = 150102 ,currentTS = 4735887075 ,preTS = 4735736973
03-18 21:27:27.914   213 12312 E QCamera2HWI: mCameraId 0, Send Video frame to services/encoder TimeStamp : 4736137252000, frame_idx 2500, mLastFrameIdx 2499, mLostFrameCnt 2
03-18 21:27:27.964   213 12315 E MPEG4Writer: timestamp interval = 150105 ,currentTS = 4735987145 ,preTS = 4735837040
03-18 21:27:27.964   213 12343 E MPEG4Writer: timestamp interval = 150105 ,currentTS = 4735987173 ,preTS = 4735837068
03-18 21:27:28.014   213 12343 E MPEG4Writer: timestamp interval = 100069 ,currentTS = 4736037207 ,preTS = 4735937138
03-18 21:27:28.024   213 12315 E MPEG4Writer: timestamp interval = 150104 ,currentTS = 4736087213 ,preTS = 4735937109
03-18 21:27:28.054   213 12343 E MPEG4Writer: timestamp interval = 100073 ,currentTS = 4736137280 ,preTS = 4736037207
03-18 21:27:28.074  1724  1914 D streaming: 21:27:28.087 4736.306 [ClientStatistics:calculate:136]: size=23.1MB sec=47.3 up=72 down=42
03-18 21:27:28.104  2028  2042 E QcrilMsgTunnelSocket: IOException - java.io.IOException: No such file or directory Reason: No such file or directory
03-18 21:27:28.154   213 12343 E MPEG4Writer: timestamp interval = 150101 ,currentTS = 4736237346 ,preTS = 4736087245
03-18 21:27:28.254   213 12340 E QCamera2HWI: mCameraId 1, Send Video frame to services/encoder TimeStamp : 4736487525000, frame_idx 2500, mLastFrameIdx 2499, mLostFrameCnt 2
03-18 21:27:28.274   213 12315 E MPEG4Writer: timestamp interval = 150105 ,currentTS = 4736187284 ,preTS = 4736037179
03-18 21:27:28.274   213 12315 E MPEG4Writer: timestamp interval = 150101 ,currentTS = 4736287353 ,preTS = 4736137252
03-18 21:27:28.314   213 12343 E MPEG4Writer: timestamp interval = 150105 ,currentTS = 4736337417 ,preTS = 4736187312
03-18 21:27:28.314   213 12315 E MPEG4Writer: timestamp interval = 150105 ,currentTS = 4736387425 ,preTS = 4736237320
03-18 21:27:28.414   213 12343 E MPEG4Writer: timestamp interval = 150104 ,currentTS = 4736437487 ,preTS = 4736287383
03-18 21:27:28.414   213 12315 E MPEG4Writer: timestamp interval = 150101 ,currentTS = 4736487489 ,preTS = 4736337388
03-18 21:27:28.454   213 12343 E MPEG4Writer: timestamp interval = 150104 ,currentTS = 4736537556 ,preTS = 4736387452
03-18 21:27:28.564   213 12315 E MPEG4Writer: timestamp interval = 150105 ,currentTS = 4736587563 ,preTS = 4736437458
03-18 21:27:28.614   213 12343 E MPEG4Writer: timestamp interval = 150101 ,currentTS = 4736637626 ,preTS = 4736487525
03-18 21:27:28.614   213 12315 E MPEG4Writer: timestamp interval = 100070 ,currentTS = 4736637598 ,preTS = 4736537528
03-18 21:27:28.664   213 12315 E MPEG4Writer: timestamp interval = 100069 ,currentTS = 4736737667 ,preTS = 4736637598
03-18 21:27:28.714   213 12343 E MPEG4Writer: timestamp interval = 150105 ,currentTS = 4736737696 ,preTS = 4736587591
03-18 21:27:28.764   213 12343 E MPEG4Writer: timestamp interval = 150104 ,currentTS = 4736837765 ,preTS = 4736687661
03-18 21:27:28.764   213 12315 E MPEG4Writer: timestamp interval = 150104 ,currentTS = 4736837737 ,preTS = 4736687633
03-18 21:27:28.834  1646  1646 D wpa_supplicant: RX ctrl_iface - hexdump(len=11): 53 49 47 4e 41 4c 5f 50 4f 4c 4c
03-18 21:27:28.834  1646  1646 D wpa_supplicant: wlan0: Control interface command 'SIGNAL_POLL'
03-18 21:27:28.834  1646  1646 D wpa_supplicant: nl80211: survey data missing!
03-18 21:27:28.864   213 12315 E MPEG4Writer: timestamp interval = 150104 ,currentTS = 4736937807 ,preTS = 4736787703
03-18 21:27:28.914   213 12343 E MPEG4Writer: timestamp interval = 150105 ,currentTS = 4736937835 ,preTS = 4736787730
03-18 21:27:28.914   213 12312 E QCamera2HWI: mCameraId 0, Send Video frame to services/encoder TimeStamp : 4737137947000, frame_idx 2520, mLastFrameIdx 2519, mLostFrameCnt 2
03-18 21:27:28.934   220   220 V WLAN_PSA: NL MSG, len[048], NL type[0x11] WNI type[0x5050] len[028]
03-18 21:27:28.964   213 12343 E MPEG4Writer: timestamp interval = 100054 ,currentTS = 4736987870 ,preTS = 4736887816
03-18 21:27:29.004   213 12343 E MPEG4Writer: timestamp interval = 100070 ,currentTS = 4737087940 ,preTS = 4736987870
03-18 21:27:29.024   213 12315 E MPEG4Writer: timestamp interval = 150103 ,currentTS = 4737037877 ,preTS = 4736887774
03-18 21:27:29.074  1724  1914 D streaming: 21:27:29.089 4737.307 [ClientStatistics:calculate:136]: size=23.5MB sec=48.1 up=71 down=43
03-18 21:27:29.114   213 12315 E MPEG4Writer: timestamp interval = 150108 ,currentTS = 4737137947 ,preTS = 4736987839
03-18 21:27:29.214   213 12343 E MPEG4Writer: timestamp interval = 150104 ,currentTS = 4737188009 ,preTS = 4737037905
03-18 21:27:29.214   213 12343 E MPEG4Writer: timestamp interval = 150104 ,currentTS = 4737288079 ,preTS = 4737137975
03-18 21:27:29.254   213 12340 E QCamera2HWI: mCameraId 1, Send Video frame to services/encoder TimeStamp : 4737488219000, frame_idx 2520, mLastFrameIdx 2519, mLostFrameCnt 2
03-18 21:27:29.364   213 12343 E MPEG4Writer: timestamp interval = 150107 ,currentTS = 4737388151 ,preTS = 4737238044
03-18 21:27:29.374   213 12315 E MPEG4Writer: timestamp interval = 150104 ,currentTS = 4737238016 ,preTS = 4737087912
03-18 21:27:29.374   213 12315 E MPEG4Writer: timestamp interval = 150105 ,currentTS = 4737338086 ,preTS = 4737187981
03-18 21:27:29.414   213 12343 E MPEG4Writer: timestamp interval = 150105 ,currentTS = 4737488219 ,preTS = 4737338114
03-18 21:27:29.414   213 12315 E MPEG4Writer: timestamp interval = 150105 ,currentTS = 4737438156 ,preTS = 4737288051
03-18 21:27:29.514   213 12343 E MPEG4Writer: timestamp interval = 150105 ,currentTS = 4737588289 ,preTS = 4737438184
03-18 21:27:29.614   213 12343 E MPEG4Writer: timestamp interval = 150105 ,currentTS = 4737688358 ,preTS = 4737538253
03-18 21:27:29.624   213 12315 E MPEG4Writer: timestamp interval = 150106 ,currentTS = 4737538225 ,preTS = 4737388119
03-18 21:27:29.624   213 12315 E MPEG4Writer: timestamp interval = 100070 ,currentTS = 4737588260 ,preTS = 4737488190
03-18 21:27:29.684  1724  1728 D dalvikvm: GC_CONCURRENT freed 6764K, 44% free 30389K/53972K, paused 4ms+4ms, total 56ms
03-18 21:27:29.684  1724 12265 D dalvikvm: WAIT_FOR_CONCURRENT_GC blocked 50ms
03-18 21:27:29.714   213 12343 E MPEG4Writer: timestamp interval = 150104 ,currentTS = 4737788428 ,preTS = 4737638324
03-18 21:27:29.814   213 12315 E MPEG4Writer: timestamp interval = 100070 ,currentTS = 4737688330 ,preTS = 4737588260
03-18 21:27:29.814   213 12315 E MPEG4Writer: timestamp interval = 150105 ,currentTS = 4737788400 ,preTS = 4737638295
03-18 21:27:29.914   213 12343 E MPEG4Writer: timestamp interval = 150104 ,currentTS = 4737888497 ,preTS = 4737738393
03-18 21:27:29.914   213 12343 E MPEG4Writer: timestamp interval = 100069 ,currentTS = 4737938532 ,preTS = 4737838463
03-18 21:27:29.924   213 12312 E QCamera2HWI: mCameraId 0, Send Video frame to services/encoder TimeStamp : 4738138644000, frame_idx 2540, mLastFrameIdx 2539, mLostFrameCnt 2
03-18 21:27:29.924   213 12315 E MPEG4Writer: timestamp interval = 150102 ,currentTS = 4737888470 ,preTS = 4737738368
03-18 21:27:29.924   213 12315 E MPEG4Writer: timestamp interval = 150108 ,currentTS = 4737988542 ,preTS = 4737838434
03-18 21:27:30.014   213 12343 E MPEG4Writer: timestamp interval = 100070 ,currentTS = 4738038602 ,preTS = 4737938532
03-18 21:27:30.024   213 12315 E MPEG4Writer: timestamp interval = 150105 ,currentTS = 4738088609 ,preTS = 4737938504
03-18 21:27:30.084  1724  1914 D streaming: 21:27:30.091 4738.309 [ClientStatistics:calculate:136]: size=23.9MB sec=49.0 up=70 down=44
03-18 21:27:30.124   213 12315 E MPEG4Writer: timestamp interval = 150105 ,currentTS = 4738188679 ,preTS = 4738038574
03-18 21:27:30.214   213 12343 E MPEG4Writer: timestamp interval = 150102 ,currentTS = 4738138672 ,preTS = 4737988570
03-18 21:27:30.214   213 12343 E MPEG4Writer: timestamp interval = 150105 ,currentTS = 4738238742 ,preTS = 4738088637
03-18 21:27:30.264   213 12315 E MPEG4Writer: timestamp interval = 150104 ,currentTS = 4738288748 ,preTS = 4738138644
03-18 21:27:30.264   213 12340 E QCamera2HWI: mCameraId 1, Send Video frame to services/encoder TimeStamp : 4738488916000, frame_idx 2540, mLastFrameIdx 2539, mLostFrameCnt 2
03-18 21:27:30.284 12465 12465 D QSEECOMAPI: : QSEECom_get_handle sb_length = 0x2000
03-18 21:27:30.284 12465 12465 D QSEECOMAPI: : App is not loaded in QSEE
03-18 21:27:30.284 12465 12465 E QSEECOMAPI: : Error::Cannot open the file /vendor/firmware/keymaster/keymaster.mdt
03-18 21:27:30.284 12465 12465 E QSEECOMAPI: : Error::Loading image failed with ret = -1
03-18 21:27:30.294 12465 12465 D QSEECOMAPI: : QSEECom_get_handle sb_length = 0x2000
03-18 21:27:30.294 12465 12465 D QSEECOMAPI: : App is not loaded in QSEE
03-18 21:27:30.294 12465 12465 E QSEECOMAPI: : Error::Cannot open the file /firmware/image/keymaste.mdt
03-18 21:27:30.294 12465 12465 E QSEECOMAPI: : Error::Loading image failed with ret = -1
03-18 21:27:30.294 12465 12465 E QCOMKeyMaster: Loading keymaster app failied
03-18 21:27:30.294 12465 12465 E keystore: could not open keymaster device in keystore (Operation not permitted)
03-18 21:27:30.304 12465 12465 E keystore: keystore keymaster could not be initialized; exiting
03-18 21:27:30.314   213 12343 E MPEG4Writer: timestamp interval = 150104 ,currentTS = 4738338811 ,preTS = 4738188707
03-18 21:27:30.364   213 12343 E MPEG4Writer: timestamp interval = 150110 ,currentTS = 4738438887 ,preTS = 4738288777
03-18 21:27:30.514   213 12343 E MPEG4Writer: timestamp interval = 150105 ,currentTS = 4738538952 ,preTS = 4738388847
03-18 21:27:30.524   213 12315 E MPEG4Writer: timestamp interval = 150105 ,currentTS = 4738388818 ,preTS = 4738238713
03-18 21:27:30.524   213 12315 E MPEG4Writer: timestamp interval = 150101 ,currentTS = 4738488884 ,preTS = 4738338783
03-18 21:27:30.554   213 12315 E MPEG4Writer: timestamp interval = 100072 ,currentTS = 4738538923 ,preTS = 4738438851
03-18 21:27:30.564   213 12343 E MPEG4Writer: timestamp interval = 150105 ,currentTS = 4738639021 ,preTS = 4738488916
03-18 21:27:30.674   213 12315 E MPEG4Writer: timestamp interval = 100069 ,currentTS = 4738638992 ,preTS = 4738538923
03-18 21:27:30.674   213 12315 E MPEG4Writer: timestamp interval = 150108 ,currentTS = 4738739065 ,preTS = 4738588957
03-18 21:27:30.714   213 12343 E MPEG4Writer: timestamp interval = 150106 ,currentTS = 4738739091 ,preTS = 4738588985
03-18 21:27:30.774   213 12315 E MPEG4Writer: timestamp interval = 150105 ,currentTS = 4738839132 ,preTS = 4738689027
03-18 21:27:30.794  1724  6904 D WSClientRPC: received {"jsonrpc":"2.0","method":"ping","params":[],"id":"ping"}
03-18 21:27:30.804  1724  6904 D streaming: 21:27:30.811 4739.030 [WSClientRPC:handleString:348]: rcvd {"jsonrpc":"2.0","method":"ping","params":[],"id":"ping"}
03-18 21:27:30.804  1724  6904 D streaming: 21:27:30.818 4739.036 [WSClientRPC:sendString:536]: sending {"id":"ping","result":"OK","jsonrpc":"2.0"}
03-18 21:27:30.804  1724  6904 D WSClientRPC: sending {"id":"ping","result":"OK","jsonrpc":"2.0"}
03-18 21:27:30.814   213 12343 E MPEG4Writer: timestamp interval = 150105 ,currentTS = 4738839160 ,preTS = 4738689055
03-18 21:27:30.814  1724  6904 D WSClientRPC: sent {"id":"ping","result":"OK","jsonrpc":"2.0"}
03-18 21:27:30.914   213 12343 E MPEG4Writer: timestamp interval = 100070 ,currentTS = 4738889195 ,preTS = 4738789125
03-18 21:27:30.914   213 12343 E MPEG4Writer: timestamp interval = 100070 ,currentTS = 4738989265 ,preTS = 4738889195
03-18 21:27:30.924   213 12312 E QCamera2HWI: mCameraId 0, Send Video frame to services/encoder TimeStamp : 4739139341000, frame_idx 2560, mLastFrameIdx 2559, mLostFrameCnt 2
03-18 21:27:30.964   213 12315 E MPEG4Writer: timestamp interval = 150104 ,currentTS = 4738939201 ,preTS = 4738789097
03-18 21:27:30.964   213 12315 E MPEG4Writer: timestamp interval = 150105 ,currentTS = 4739039272 ,preTS = 4738889167
03-18 21:27:31.014   213 12343 E MPEG4Writer: timestamp interval = 150106 ,currentTS = 4739089335 ,preTS = 4738939229
03-18 21:27:31.074   213 12315 E MPEG4Writer: timestamp interval = 150105 ,currentTS = 4739139341 ,preTS = 4738989236
03-18 21:27:31.084  1724  1914 D streaming: 21:27:31.093 4739.311 [ClientStatistics:calculate:136]: size=24.3MB sec=49.9 up=69 down=45
03-18 21:27:31.164   213 12343 E MPEG4Writer: timestamp interval = 150103 ,currentTS = 4739189404 ,preTS = 4739039301
03-18 21:27:31.174   213 12315 E MPEG4Writer: timestamp interval = 150102 ,currentTS = 4739239408 ,preTS = 4739089306
03-18 21:27:31.214   213 12343 E MPEG4Writer: timestamp interval = 150105 ,currentTS = 4739289474 ,preTS = 4739139369
03-18 21:27:31.264   213 12340 E QCamera2HWI: mCameraId 1, Send Video frame to services/encoder TimeStamp : 4739489613000, frame_idx 2560, mLastFrameIdx 2559, mLostFrameCnt 2
03-18 21:27:31.314   213 12343 E MPEG4Writer: timestamp interval = 150104 ,currentTS = 4739389543 ,preTS = 4739239439
03-18 21:27:31.464   213 12343 E MPEG4Writer: timestamp interval = 150104 ,currentTS = 4739489613 ,preTS = 4739339509
03-18 21:27:31.474   213 12315 E MPEG4Writer: timestamp interval = 150101 ,currentTS = 4739339480 ,preTS = 4739189379
03-18 21:27:31.474   213 12315 E MPEG4Writer: timestamp interval = 150102 ,currentTS = 4739439547 ,preTS = 4739289445
03-18 21:27:31.514   213 12315 E MPEG4Writer: timestamp interval = 100070 ,currentTS = 4739489585 ,preTS = 4739389515
03-18 21:27:31.524   213 12315 E MPEG4Writer: timestamp interval = 100070 ,currentTS = 4739589655 ,preTS = 4739489585
03-18 21:27:31.564   213 12343 E MPEG4Writer: timestamp interval = 150093 ,currentTS = 4739589683 ,preTS = 4739439590
03-18 21:27:31.614   213 12343 E MPEG4Writer: timestamp interval = 150103 ,currentTS = 4739689752 ,preTS = 4739539649
03-18 21:27:31.764   213 12343 E MPEG4Writer: timestamp interval = 150105 ,currentTS = 4739789822 ,preTS = 4739639717
03-18 21:27:31.774   213 12315 E MPEG4Writer: timestamp interval = 150104 ,currentTS = 4739689725 ,preTS = 4739539621
03-18 21:27:31.774   213 12315 E MPEG4Writer: timestamp interval = 150105 ,currentTS = 4739789794 ,preTS = 4739639689
03-18 21:27:31.814   213 12343 E MPEG4Writer: timestamp interval = 100070 ,currentTS = 4739839857 ,preTS = 4739739787
03-18 21:27:31.824   213 12315 E MPEG4Writer: timestamp interval = 150104 ,currentTS = 4739889864 ,preTS = 4739739760
03-18 21:27:31.844  1646  1646 D wpa_supplicant: RX ctrl_iface - hexdump(len=11): 53 49 47 4e 41 4c 5f 50 4f 4c 4c
03-18 21:27:31.844  1646  1646 D wpa_supplicant: wlan0: Control interface command 'SIGNAL_POLL'
03-18 21:27:31.844  1646  1646 D wpa_supplicant: nl80211: survey data missing!
03-18 21:27:31.924   213 12312 E QCamera2HWI: mCameraId 0, Send Video frame to services/encoder TimeStamp : 4740140046000, frame_idx 2580, mLastFrameIdx 2579, mLostFrameCnt 2
03-18 21:27:31.924   213 12315 E MPEG4Writer: timestamp interval = 150105 ,currentTS = 4739989934 ,preTS = 4739839829
03-18 21:27:32.014   213 12343 E MPEG4Writer: timestamp interval = 100070 ,currentTS = 4739939927 ,preTS = 4739839857
03-18 21:27:32.014   213 12343 E MPEG4Writer: timestamp interval = 150105 ,currentTS = 4740039997 ,preTS = 4739889892
03-18 21:27:32.024   213 12315 E MPEG4Writer: timestamp interval = 150104 ,currentTS = 4740090003 ,preTS = 4739939899
03-18 21:27:32.064   213 12343 E MPEG4Writer: timestamp interval = 150106 ,currentTS = 4740140068 ,preTS = 4739989962
03-18 21:27:32.084  1724  1914 D streaming: 21:27:32.094 4740.313 [ClientStatistics:calculate:136]: size=24.8MB sec=50.7 up=68 down=46
03-18 21:27:32.114  2028  2042 E QcrilMsgTunnelSocket: IOException - java.io.IOException: No such file or directory Reason: No such file or directory
03-18 21:27:32.174   213 12315 E MPEG4Writer: timestamp interval = 150106 ,currentTS = 4740190074 ,preTS = 4740039968
03-18 21:27:32.214   213 12343 E MPEG4Writer: timestamp interval = 150107 ,currentTS = 4740240139 ,preTS = 4740090032
03-18 21:27:32.224   213 12315 E MPEG4Writer: timestamp interval = 150097 ,currentTS = 4740290143 ,preTS = 4740140046
03-18 21:27:32.274   213 12340 E QCamera2HWI: mCameraId 1, Send Video frame to services/encoder TimeStamp : 4740490317000, frame_idx 2580, mLastFrameIdx 2579, mLostFrameCnt 2
03-18 21:27:32.274   213 12343 E MPEG4Writer: timestamp interval = 150105 ,currentTS = 4740340206 ,preTS = 4740190101
03-18 21:27:32.324   213 12315 E MPEG4Writer: timestamp interval = 150102 ,currentTS = 4740390216 ,preTS = 4740240114
03-18 21:27:32.414   213 12315 E MPEG4Writer: timestamp interval = 100070 ,currentTS = 4740440248 ,preTS = 4740340178
03-18 21:27:32.424   213 12343 E MPEG4Writer: timestamp interval = 150104 ,currentTS = 4740440276 ,preTS = 4740290172
03-18 21:27:32.514   213 12343 E MPEG4Writer: timestamp interval = 150100 ,currentTS = 4740540345 ,preTS = 4740390245
03-18 21:27:32.614   213 12343 E MPEG4Writer: timestamp interval = 150098 ,currentTS = 4740640415 ,preTS = 4740490317
03-18 21:27:32.674   213 12315 E MPEG4Writer: timestamp interval = 100070 ,currentTS = 4740540318 ,preTS = 4740440248
03-18 21:27:32.674   213 12315 E MPEG4Writer: timestamp interval = 150102 ,currentTS = 4740640387 ,preTS = 4740490285
03-18 21:27:32.714   213 12343 E MPEG4Writer: timestamp interval = 150085 ,currentTS = 4740740485 ,preTS = 4740590400
03-18 21:27:32.764   213 12343 E MPEG4Writer: timestamp interval = 100070 ,currentTS = 4740790520 ,preTS = 4740690450
03-18 21:27:32.774   213 12315 E MPEG4Writer: timestamp interval = 150073 ,currentTS = 4740740457 ,preTS = 4740590384
03-18 21:27:32.814   213 12315 E MPEG4Writer: timestamp interval = 150108 ,currentTS = 4740840527 ,preTS = 4740690419
03-18 21:27:32.824   213 12343 E MPEG4Writer: timestamp interval = 100070 ,currentTS = 4740890590 ,preTS = 4740790520
03-18 21:27:32.834  1724  1728 D dalvikvm: GC_CONCURRENT freed 6721K, 42% free 31819K/53972K, paused 6ms+6ms, total 63ms
03-18 21:27:32.834  1724 12267 D dalvikvm: WAIT_FOR_CONCURRENT_GC blocked 57ms
03-18 21:27:32.924   213 12312 E QCamera2HWI: mCameraId 0, Send Video frame to services/encoder TimeStamp : 4741140735000, frame_idx 2600, mLastFrameIdx 2599, mLostFrameCnt 2
03-18 21:27:32.964   213 12343 E MPEG4Writer: timestamp interval = 150105 ,currentTS = 4740990660 ,preTS = 4740840555
03-18 21:27:32.974   213 12315 E MPEG4Writer: timestamp interval = 150104 ,currentTS = 4740940596 ,preTS = 4740790492
03-18 21:27:33.014   213 12343 E MPEG4Writer: timestamp interval = 150105 ,currentTS = 4741090729 ,preTS = 4740940624
03-18 21:27:33.024   213 12315 E MPEG4Writer: timestamp interval = 150099 ,currentTS = 4741040662 ,preTS = 4740890563
03-18 21:27:33.084  1724  1914 D streaming: 21:27:33.096 4741.316 [ClientStatistics:calculate:136]: size=25.2MB sec=51.6 up=67 down=47
03-18 21:27:33.124   213 12315 E MPEG4Writer: timestamp interval = 150102 ,currentTS = 4741140735 ,preTS = 4740990633
03-18 21:27:33.174   213 12315 E MPEG4Writer: timestamp interval = 150104 ,currentTS = 4741240805 ,preTS = 4741090701
03-18 21:27:33.264   213 12340 E QCamera2HWI: mCameraId 1, Send Video frame to services/encoder TimeStamp : 4741491007000, frame_idx 2600, mLastFrameIdx 2599, mLostFrameCnt 2
03-18 21:27:33.264   213 12343 E MPEG4Writer: timestamp interval = 150091 ,currentTS = 4741190799 ,preTS = 4741040708
03-18 21:27:33.324   213 12315 E MPEG4Writer: timestamp interval = 150104 ,currentTS = 4741340875 ,preTS = 4741190771
03-18 21:27:33.364   213 12343 E MPEG4Writer: timestamp interval = 150104 ,currentTS = 4741290869 ,preTS = 4741140765
03-18 21:27:33.364   213 12343 E MPEG4Writer: timestamp interval = 150104 ,currentTS = 4741390938 ,preTS = 4741240834
03-18 21:27:33.374   213 12315 E MPEG4Writer: timestamp interval = 100070 ,currentTS = 4741390910 ,preTS = 4741290840
03-18 21:27:33.464   213 12343 E MPEG4Writer: timestamp interval = 150103 ,currentTS = 4741491007 ,preTS = 4741340904
03-18 21:27:33.514   213 12343 E MPEG4Writer: timestamp interval = 150092 ,currentTS = 4741591078 ,preTS = 4741440986
03-18 21:27:33.524   213 12315 E MPEG4Writer: timestamp interval = 100070 ,currentTS = 4741490980 ,preTS = 4741390910
03-18 21:27:33.524   213 12315 E MPEG4Writer: timestamp interval = 150109 ,currentTS = 4741591050 ,preTS = 4741440941
03-18 21:27:33.624   213 12315 E MPEG4Writer: timestamp interval = 150103 ,currentTS = 4741691119 ,preTS = 4741541016
03-18 21:27:33.664   213 12343 E MPEG4Writer: timestamp interval = 150104 ,currentTS = 4741691147 ,preTS = 4741541043
03-18 21:27:33.764   213 12343 E MPEG4Writer: timestamp interval = 100069 ,currentTS = 4741741182 ,preTS = 4741641113
03-18 21:27:33.814   213 12343 E MPEG4Writer: timestamp interval = 100071 ,currentTS = 4741841253 ,preTS = 4741741182
03-18 21:27:33.914   213 12343 E MPEG4Writer: timestamp interval = 150105 ,currentTS = 4741941322 ,preTS = 4741791217
03-18 21:27:33.924   213 12312 E QCamera2HWI: mCameraId 0, Send Video frame to services/encoder TimeStamp : 4742141436000, frame_idx 2620, mLastFrameIdx 2619, mLostFrameCnt 2
03-18 21:27:33.924   213 12315 E MPEG4Writer: timestamp interval = 150100 ,currentTS = 4741791186 ,preTS = 4741641086
03-18 21:27:33.924   213 12315 E MPEG4Writer: timestamp interval = 150103 ,currentTS = 4741891257 ,preTS = 4741741154
03-18 21:27:33.944   220   220 V WLAN_PSA: NL MSG, len[048], NL type[0x11] WNI type[0x5050] len[028]
03-18 21:27:33.964   213 12343 E MPEG4Writer: timestamp interval = 150096 ,currentTS = 4742041392 ,preTS = 4741891296
03-18 21:27:34.064   213 12343 E MPEG4Writer: timestamp interval = 150107 ,currentTS = 4742141465 ,preTS = 4741991358
03-18 21:27:34.094  1724  1914 D streaming: 21:27:34.100 4742.319 [ClientStatistics:calculate:136]: size=25.7MB sec=52.6 up=66 down=48
03-18 21:27:34.114   213 12315 E MPEG4Writer: timestamp interval = 150103 ,currentTS = 4741991329 ,preTS = 4741841226
03-18 21:27:34.114   213 12315 E MPEG4Writer: timestamp interval = 150104 ,currentTS = 4742091398 ,preTS = 4741941294
03-18 21:27:34.274   213 12340 E QCamera2HWI: mCameraId 1, Send Video frame to services/encoder TimeStamp : 4742491710000, frame_idx 2620, mLastFrameIdx 2619, mLostFrameCnt 2
03-18 21:27:34.324   213 12315 E MPEG4Writer: timestamp interval = 150116 ,currentTS = 4742191479 ,preTS = 4742041363
03-18 21:27:34.324   213 12315 E MPEG4Writer: timestamp interval = 150097 ,currentTS = 4742291533 ,preTS = 4742141436
03-18 21:27:34.364   213 12343 E MPEG4Writer: timestamp interval = 150104 ,currentTS = 4742241531 ,preTS = 4742091427
03-18 21:27:34.374   213 12343 E MPEG4Writer: timestamp interval = 150105 ,currentTS = 4742341601 ,preTS = 4742191496
03-18 21:27:34.414   213 12343 E MPEG4Writer: timestamp interval = 150095 ,currentTS = 4742441670 ,preTS = 4742291575
03-18 21:27:34.514   213 12315 E MPEG4Writer: timestamp interval = 100070 ,currentTS = 4742341572 ,preTS = 4742241502
03-18 21:27:34.514   213 12315 E MPEG4Writer: timestamp interval = 100070 ,currentTS = 4742441642 ,preTS = 4742341572
03-18 21:27:34.514   213 12315 E MPEG4Writer: timestamp interval = 150080 ,currentTS = 4742541711 ,preTS = 4742391631
03-18 21:27:34.564   213 12315 E MPEG4Writer: timestamp interval = 150103 ,currentTS = 4742641783 ,preTS = 4742491680
03-18 21:27:34.664   213 12343 E MPEG4Writer: timestamp interval = 150095 ,currentTS = 4742541740 ,preTS = 4742391645
03-18 21:27:34.664   213 12343 E MPEG4Writer: timestamp interval = 150100 ,currentTS = 4742641810 ,preTS = 4742491710
03-18 21:27:34.674   213 12315 E MPEG4Writer: timestamp interval = 150104 ,currentTS = 4742741851 ,preTS = 4742591747
03-18 21:27:34.714   213 12343 E MPEG4Writer: timestamp interval = 100070 ,currentTS = 4742691845 ,preTS = 4742591775
03-18 21:27:34.714   213 12343 E MPEG4Writer: timestamp interval = 100081 ,currentTS = 4742791926 ,preTS = 4742691845
03-18 21:27:34.814   213 12343 E MPEG4Writer: timestamp interval = 150109 ,currentTS = 4742891988 ,preTS = 4742741879
03-18 21:27:34.824   213 12315 E MPEG4Writer: timestamp interval = 150126 ,currentTS = 4742841940 ,preTS = 4742691814
03-18 21:27:34.844  1646  1646 D wpa_supplicant: RX ctrl_iface - hexdump(len=11): 53 49 47 4e 41 4c 5f 50 4f 4c 4c
03-18 21:27:34.844  1646  1646 D wpa_supplicant: wlan0: Control interface command 'SIGNAL_POLL'
03-18 21:27:34.844  1646  1646 D wpa_supplicant: nl80211: survey data missing!
03-18 21:27:34.914   213 12343 E MPEG4Writer: timestamp interval = 150101 ,currentTS = 4742992054 ,preTS = 4742841953
03-18 21:27:34.924   213 12312 E QCamera2HWI: mCameraId 0, Send Video frame to services/encoder TimeStamp : 4743142130000, frame_idx 2640, mLastFrameIdx 2639, mLostFrameCnt 2
03-18 21:27:35.074   213 12315 E MPEG4Writer: timestamp interval = 150102 ,currentTS = 4742941990 ,preTS = 4742791888
03-18 21:27:35.074   213 12315 E MPEG4Writer: timestamp interval = 150101 ,currentTS = 4743042060 ,preTS = 4742891959
03-18 21:27:35.094  1724  1914 D streaming: 21:27:35.103 4743.322 [ClientStatistics:calculate:136]: size=26.1MB sec=53.5 up=65 down=49
03-18 21:27:35.114   213 12343 E MPEG4Writer: timestamp interval = 150105 ,currentTS = 4743092124 ,preTS = 4742942019
03-18 21:27:35.114   213 12343 E MPEG4Writer: timestamp interval = 150104 ,currentTS = 4743192193 ,preTS = 4743042089
03-18 21:27:35.124   213 12315 E MPEG4Writer: timestamp interval = 150104 ,currentTS = 4743142130 ,preTS = 4742992026
03-18 21:27:35.214   213 12343 E MPEG4Writer: timestamp interval = 150105 ,currentTS = 4743292263 ,preTS = 4743142158
03-18 21:27:35.224   213 12315 E MPEG4Writer: timestamp interval = 150107 ,currentTS = 4743242202 ,preTS = 4743092095
03-18 21:27:35.264   213 12340 E QCamera2HWI: mCameraId 1, Send Video frame to services/encoder TimeStamp : 4743492403000, frame_idx 2640, mLastFrameIdx 2639, mLostFrameCnt 2
03-18 21:27:35.274   213 12315 E MPEG4Writer: timestamp interval = 100073 ,currentTS = 4743292235 ,preTS = 4743192162
03-18 21:27:35.324   213 12343 E MPEG4Writer: timestamp interval = 150103 ,currentTS = 4743392333 ,preTS = 4743242230
03-18 21:27:35.324   213 12315 E MPEG4Writer: timestamp interval = 100070 ,currentTS = 4743392305 ,preTS = 4743292235
03-18 21:27:35.334 12466 12466 D QSEECOMAPI: : QSEECom_get_handle sb_length = 0x2000
03-18 21:27:35.334 12466 12466 D QSEECOMAPI: : App is not loaded in QSEE
03-18 21:27:35.334 12466 12466 E QSEECOMAPI: : Error::Cannot open the file /vendor/firmware/keymaster/keymaster.mdt
03-18 21:27:35.334 12466 12466 E QSEECOMAPI: : Error::Loading image failed with ret = -1
03-18 21:27:35.344 12466 12466 D QSEECOMAPI: : QSEECom_get_handle sb_length = 0x2000
03-18 21:27:35.344 12466 12466 D QSEECOMAPI: : App is not loaded in QSEE
03-18 21:27:35.344 12466 12466 E QSEECOMAPI: : Error::Cannot open the file /firmware/image/keymaste.mdt
03-18 21:27:35.344 12466 12466 E QSEECOMAPI: : Error::Loading image failed with ret = -1
03-18 21:27:35.354 12466 12466 E QCOMKeyMaster: Loading keymaster app failied
03-18 21:27:35.354 12466 12466 E keystore: could not open keymaster device in keystore (Operation not permitted)
03-18 21:27:35.354 12466 12466 E keystore: keystore keymaster could not be initialized; exiting
03-18 21:27:35.464   213 12343 E MPEG4Writer: timestamp interval = 150105 ,currentTS = 4743492403 ,preTS = 4743342298
03-18 21:27:35.484   213 12315 E MPEG4Writer: timestamp interval = 150105 ,currentTS = 4743492374 ,preTS = 4743342269
03-18 21:27:35.564   213 12343 E MPEG4Writer: timestamp interval = 150104 ,currentTS = 4743592472 ,preTS = 4743442368
03-18 21:27:35.574   213 12315 E MPEG4Writer: timestamp interval = 150102 ,currentTS = 4743592442 ,preTS = 4743442340
03-18 21:27:35.614   213 12343 E MPEG4Writer: timestamp interval = 100069 ,currentTS = 4743642507 ,preTS = 4743542438
03-18 21:27:35.674   213 12315 E MPEG4Writer: timestamp interval = 150104 ,currentTS = 4743692513 ,preTS = 4743542409
03-18 21:27:35.724   213 12343 E MPEG4Writer: timestamp interval = 100070 ,currentTS = 4743742577 ,preTS = 4743642507
03-18 21:27:35.724   213 12315 E MPEG4Writer: timestamp interval = 150104 ,currentTS = 4743792583 ,preTS = 4743642479
03-18 21:27:35.814   213 12343 E MPEG4Writer: timestamp interval = 150105 ,currentTS = 4743842647 ,preTS = 4743692542
03-18 21:27:35.824   213 12315 E MPEG4Writer: timestamp interval = 150105 ,currentTS = 4743892653 ,preTS = 4743742548
03-18 21:27:35.874  1724  1728 D dalvikvm: GC_CONCURRENT freed 6638K, 39% free 33293K/53972K, paused 5ms+4ms, total 55ms
03-18 21:27:35.924   213 12312 E QCamera2HWI: mCameraId 0, Send Video frame to services/encoder TimeStamp : 4744142828000, frame_idx 2660, mLastFrameIdx 2659, mLostFrameCnt 2
03-18 21:27:36.014   213 12343 E MPEG4Writer: timestamp interval = 150104 ,currentTS = 4743942716 ,preTS = 4743792612
03-18 21:27:36.014   213 12343 E MPEG4Writer: timestamp interval = 150104 ,currentTS = 4744042786 ,preTS = 4743892682
03-18 21:27:36.074   213 12315 E MPEG4Writer: timestamp interval = 150106 ,currentTS = 4743992722 ,preTS = 4743842616
03-18 21:27:36.074   213 12315 E MPEG4Writer: timestamp interval = 150105 ,currentTS = 4744092793 ,preTS = 4743942688
03-18 21:27:36.094  1724  1914 D streaming: 21:27:36.105 4744.323 [ClientStatistics:calculate:136]: size=26.6MB sec=54.4 up=64 down=50
03-18 21:27:36.114  2028  2042 E QcrilMsgTunnelSocket: IOException - java.io.IOException: No such file or directory Reason: No such file or directory
03-18 21:27:36.124   213 12343 E MPEG4Writer: timestamp interval = 150104 ,currentTS = 4744142856 ,preTS = 4743992752
03-18 21:27:36.164   213 12343 E MPEG4Writer: timestamp interval = 150114 ,currentTS = 4744242935 ,preTS = 4744092821
03-18 21:27:36.274   213 12340 E QCamera2HWI: mCameraId 1, Send Video frame to services/encoder TimeStamp : 4744493100000, frame_idx 2660, mLastFrameIdx 2659, mLostFrameCnt 2
03-18 21:27:36.314   213 12343 E MPEG4Writer: timestamp interval = 150104 ,currentTS = 4744342995 ,preTS = 4744192891
03-18 21:27:36.324   213 12315 E MPEG4Writer: timestamp interval = 150105 ,currentTS = 4744192863 ,preTS = 4744042758
03-18 21:27:36.324   213 12315 E MPEG4Writer: timestamp interval = 100071 ,currentTS = 4744242899 ,preTS = 4744142828
03-18 21:27:36.324   213 12315 E MPEG4Writer: timestamp interval = 100068 ,currentTS = 4744342967 ,preTS = 4744242899
03-18 21:27:36.374   213 12315 E MPEG4Writer: timestamp interval = 150101 ,currentTS = 4744443036 ,preTS = 4744292935
03-18 21:27:36.374   213 12343 E MPEG4Writer: timestamp interval = 150100 ,currentTS = 4744443065 ,preTS = 4744292965
03-18 21:27:36.464   213 12343 E MPEG4Writer: timestamp interval = 150105 ,currentTS = 4744543135 ,preTS = 4744393030
03-18 21:27:36.524   213 12315 E MPEG4Writer: timestamp interval = 150107 ,currentTS = 4744543106 ,preTS = 4744392999
03-18 21:27:36.564   213 12343 E MPEG4Writer: timestamp interval = 100084 ,currentTS = 4744593184 ,preTS = 4744493100
03-18 21:27:36.574   213 12315 E MPEG4Writer: timestamp interval = 150106 ,currentTS = 4744643174 ,preTS = 4744493068
03-18 21:27:36.674   213 12315 E MPEG4Writer: timestamp interval = 150078 ,currentTS = 4744743246 ,preTS = 4744593168
03-18 21:27:36.714   213 12343 E MPEG4Writer: timestamp interval = 100056 ,currentTS = 4744693240 ,preTS = 4744593184
03-18 21:27:36.764   213 12315 E MPEG4Writer: timestamp interval = 150107 ,currentTS = 4744843318 ,preTS = 4744693211
03-18 21:27:36.774   213 12343 E MPEG4Writer: timestamp interval = 150109 ,currentTS = 4744793313 ,preTS = 4744643204
03-18 21:27:36.874   213 12315 E MPEG4Writer: timestamp interval = 150104 ,currentTS = 4744943385 ,preTS = 4744793281
03-18 21:27:36.914   213 12343 E MPEG4Writer: timestamp interval = 150105 ,currentTS = 4744893379 ,preTS = 4744743274
03-18 21:27:36.924   213 12343 E MPEG4Writer: timestamp interval = 150103 ,currentTS = 4744993448 ,preTS = 4744843345
03-18 21:27:36.924   213 12312 E QCamera2HWI: mCameraId 0, Send Video frame to services/encoder TimeStamp : 4745143528000, frame_idx 2680, mLastFrameIdx 2679, mLostFrameCnt 2
03-18 21:27:37.074   213 12315 E MPEG4Writer: timestamp interval = 150109 ,currentTS = 4745043460 ,preTS = 4744893351
03-18 21:27:37.094  1724  1914 D streaming: 21:27:37.107 4745.325 [ClientStatistics:calculate:136]: size=27.0MB sec=55.4 up=63 down=51
03-18 21:27:37.114   213 12315 E MPEG4Writer: timestamp interval = 150107 ,currentTS = 4745143528 ,preTS = 4744993421
03-18 21:27:37.164   213 12343 E MPEG4Writer: timestamp interval = 150105 ,currentTS = 4745093519 ,preTS = 4744943414
03-18 21:27:37.164   213 12343 E MPEG4Writer: timestamp interval = 150102 ,currentTS = 4745193588 ,preTS = 4745043486
03-18 21:27:37.174   213 12315 E MPEG4Writer: timestamp interval = 100070 ,currentTS = 4745193560 ,preTS = 4745093490
03-18 21:27:37.214   213 12315 E MPEG4Writer: timestamp interval = 100069 ,currentTS = 4745293629 ,preTS = 4745193560
03-18 21:27:37.264   213 12340 E QCamera2HWI: mCameraId 1, Send Video frame to services/encoder TimeStamp : 4745493797000, frame_idx 2680, mLastFrameIdx 2679, mLostFrameCnt 2
03-18 21:27:37.364   213 12343 E MPEG4Writer: timestamp interval = 150102 ,currentTS = 4745293658 ,preTS = 4745143556
03-18 21:27:37.364   213 12343 E MPEG4Writer: timestamp interval = 150105 ,currentTS = 4745393727 ,preTS = 4745243622
03-18 21:27:37.464   213 12343 E MPEG4Writer: timestamp interval = 150104 ,currentTS = 4745493797 ,preTS = 4745343693
03-18 21:27:37.524   213 12315 E MPEG4Writer: timestamp interval = 150105 ,currentTS = 4745393700 ,preTS = 4745243595
03-18 21:27:37.524   213 12315 E MPEG4Writer: timestamp interval = 150104 ,currentTS = 4745493769 ,preTS = 4745343665
03-18 21:27:37.564   213 12315 E MPEG4Writer: timestamp interval = 150105 ,currentTS = 4745593839 ,preTS = 4745443734
03-18 21:27:37.614   213 12343 E MPEG4Writer: timestamp interval = 100070 ,currentTS = 4745543832 ,preTS = 4745443762
03-18 21:27:37.614   213 12343 E MPEG4Writer: timestamp interval = 100069 ,currentTS = 4745643901 ,preTS = 4745543832
03-18 21:27:37.814   213 12343 E MPEG4Writer: timestamp interval = 150105 ,currentTS = 4745743973 ,preTS = 4745593868
03-18 21:27:37.814   213 12343 E MPEG4Writer: timestamp interval = 150100 ,currentTS = 4745844042 ,preTS = 4745693942
03-18 21:27:37.824   213 12315 E MPEG4Writer: timestamp interval = 150107 ,currentTS = 4745693911 ,preTS = 4745543804
03-18 21:27:37.824   213 12315 E MPEG4Writer: timestamp interval = 150106 ,currentTS = 4745793979 ,preTS = 4745643873
03-18 21:27:37.854  1646  1646 D wpa_supplicant: RX ctrl_iface - hexdump(len=11): 53 49 47 4e 41 4c 5f 50 4f 4c 4c
03-18 21:27:37.854  1646  1646 D wpa_supplicant: wlan0: Control interface command 'SIGNAL_POLL'
03-18 21:27:37.854  1646  1646 D wpa_supplicant: nl80211: survey data missing!
03-18 21:27:37.884   213 12315 E MPEG4Writer: timestamp interval = 150099 ,currentTS = 4745894044 ,preTS = 4745743945
03-18 21:27:37.914   213 12343 E MPEG4Writer: timestamp interval = 150105 ,currentTS = 4745944111 ,preTS = 4745794006
03-18 21:27:37.924   213 12312 E QCamera2HWI: mCameraId 0, Send Video frame to services/encoder TimeStamp : 4746144222000, frame_idx 2700, mLastFrameIdx 2699, mLostFrameCnt 2
03-18 21:27:37.964   213 12315 E MPEG4Writer: timestamp interval = 150105 ,currentTS = 4745994118 ,preTS = 4745844013
03-18 21:27:38.014   213 12343 E MPEG4Writer: timestamp interval = 150104 ,currentTS = 4746044181 ,preTS = 4745894077
03-18 21:27:38.024   213 12315 E MPEG4Writer: timestamp interval = 150105 ,currentTS = 4746094188 ,preTS = 4745944083
03-18 21:27:38.064   213 12343 E MPEG4Writer: timestamp interval = 150105 ,currentTS = 4746144250 ,preTS = 4745994145
03-18 21:27:38.094  1724  1914 D streaming: 21:27:38.109 4746.327 [ClientStatistics:calculate:136]: size=27.5MB sec=56.4 up=62 down=52
03-18 21:27:38.214   213 12343 E MPEG4Writer: timestamp interval = 150105 ,currentTS = 4746244320 ,preTS = 4746094215
03-18 21:27:38.264   213 12340 E QCamera2HWI: mCameraId 1, Send Video frame to services/encoder TimeStamp : 4746494495000, frame_idx 2700, mLastFrameIdx 2699, mLostFrameCnt 2
03-18 21:27:38.264   213 12343 E MPEG4Writer: timestamp interval = 150129 ,currentTS = 4746344414 ,preTS = 4746194285
03-18 21:27:38.314   213 12315 E MPEG4Writer: timestamp interval = 100069 ,currentTS = 4746144222 ,preTS = 4746044153
03-18 21:27:38.314   213 12315 E MPEG4Writer: timestamp interval = 100070 ,currentTS = 4746244292 ,preTS = 4746144222
03-18 21:27:38.314   213 12315 E MPEG4Writer: timestamp interval = 150144 ,currentTS = 4746344401 ,preTS = 4746194257
03-18 21:27:38.364   213 12343 E MPEG4Writer: timestamp interval = 150106 ,currentTS = 4746444462 ,preTS = 4746294356
03-18 21:27:38.414   213 12315 E MPEG4Writer: timestamp interval = 150121 ,currentTS = 4746444448 ,preTS = 4746294327
03-18 21:27:38.464   213 12343 E MPEG4Writer: timestamp interval = 100070 ,currentTS = 4746494495 ,preTS = 4746394425
03-18 21:27:38.564   213 12343 E MPEG4Writer: timestamp interval = 100069 ,currentTS = 4746594564 ,preTS = 4746494495
03-18 21:27:38.624   213 12315 E MPEG4Writer: timestamp interval = 150110 ,currentTS = 4746544506 ,preTS = 4746394396
03-18 21:27:38.624   213 12315 E MPEG4Writer: timestamp interval = 150110 ,currentTS = 4746644576 ,preTS = 4746494466
03-18 21:27:38.664   213 12343 E MPEG4Writer: timestamp interval = 150106 ,currentTS = 4746694635 ,preTS = 4746544529
03-18 21:27:38.714   213 12343 E MPEG4Writer: timestamp interval = 150102 ,currentTS = 4746794705 ,preTS = 4746644603
03-18 21:27:38.734   213 12315 E MPEG4Writer: timestamp interval = 150106 ,currentTS = 4746744642 ,preTS = 4746594536
03-18 21:27:38.774   213 12315 E MPEG4Writer: timestamp interval = 150106 ,currentTS = 4746844712 ,preTS = 4746694606
03-18 21:27:38.814   213 12343 E MPEG4Writer: timestamp interval = 150105 ,currentTS = 4746894775 ,preTS = 4746744670
03-18 21:27:38.874   213 12315 E MPEG4Writer: timestamp interval = 150105 ,currentTS = 4746944781 ,preTS = 4746794676
03-18 21:27:38.924   213 12312 E QCamera2HWI: mCameraId 0, Send Video frame to services/encoder TimeStamp : 4747144919000, frame_idx 2720, mLastFrameIdx 2719, mLostFrameCnt 2
03-18 21:27:38.954   220   220 V WLAN_PSA: NL MSG, len[048], NL type[0x11] WNI type[0x5050] len[028]
03-18 21:27:38.974   213 12315 E MPEG4Writer: timestamp interval = 150105 ,currentTS = 4747044850 ,preTS = 4746894745
03-18 21:27:39.014   213 12343 E MPEG4Writer: timestamp interval = 150106 ,currentTS = 4746994844 ,preTS = 4746844738
03-18 21:27:39.064   213 12315 E MPEG4Writer: timestamp interval = 100068 ,currentTS = 4747094883 ,preTS = 4746994815
03-18 21:27:39.094  1724  1914 D streaming: 21:27:39.110 4747.329 [ClientStatistics:calculate:136]: size=27.9MB sec=57.1 up=61 down=53
03-18 21:27:39.114   213 12343 E MPEG4Writer: timestamp interval = 150105 ,currentTS = 4747094913 ,preTS = 4746944808
03-18 21:27:39.144  1724  1728 D dalvikvm: GC_CONCURRENT freed 6379K, 35% free 35124K/53972K, paused 6ms+5ms, total 71ms
03-18 21:27:39.144  1724 12265 D dalvikvm: WAIT_FOR_CONCURRENT_GC blocked 61ms
03-18 21:27:39.164   213 12343 E MPEG4Writer: timestamp interval = 150110 ,currentTS = 4747194988 ,preTS = 4747044878
03-18 21:27:39.214   213 12343 E MPEG4Writer: timestamp interval = 150106 ,currentTS = 4747295053 ,preTS = 4747144947
03-18 21:27:39.224   213 12315 E MPEG4Writer: timestamp interval = 100076 ,currentTS = 4747194959 ,preTS = 4747094883
03-18 21:27:39.224   213 12315 E MPEG4Writer: timestamp interval = 150105 ,currentTS = 4747295024 ,preTS = 4747144919
03-18 21:27:39.264   213 12340 E QCamera2HWI: mCameraId 1, Send Video frame to services/encoder TimeStamp : 4747495192000, frame_idx 2720, mLastFrameIdx 2719, mLostFrameCnt 2
03-18 21:27:39.314   213 12343 E MPEG4Writer: timestamp interval = 150105 ,currentTS = 4747395122 ,preTS = 4747245017
03-18 21:27:39.324   213 12315 E MPEG4Writer: timestamp interval = 150105 ,currentTS = 4747395094 ,preTS = 4747244989
03-18 21:27:39.414   213 12343 E MPEG4Writer: timestamp interval = 100070 ,currentTS = 4747445157 ,preTS = 4747345087
03-18 21:27:39.434   213 12315 E MPEG4Writer: timestamp interval = 150107 ,currentTS = 4747495163 ,preTS = 4747345056
03-18 21:27:39.514   213 12343 E MPEG4Writer: timestamp interval = 100070 ,currentTS = 4747545227 ,preTS = 4747445157
03-18 21:27:39.524   213 12315 E MPEG4Writer: timestamp interval = 150103 ,currentTS = 4747595233 ,preTS = 4747445130
03-18 21:27:39.564   213 12343 E MPEG4Writer: timestamp interval = 150107 ,currentTS = 4747645299 ,preTS = 4747495192
03-18 21:27:39.714   213 12343 E MPEG4Writer: timestamp interval = 150104 ,currentTS = 4747745366 ,preTS = 4747595262
03-18 21:27:39.724   213 12315 E MPEG4Writer: timestamp interval = 150104 ,currentTS = 4747695303 ,preTS = 4747545199
03-18 21:27:39.724   213 12315 E MPEG4Writer: timestamp interval = 150104 ,currentTS = 4747795375 ,preTS = 4747645271
03-18 21:27:39.814   213 12343 E MPEG4Writer: timestamp interval = 150105 ,currentTS = 4747845436 ,preTS = 4747695331
03-18 21:27:39.924   213 12343 E MPEG4Writer: timestamp interval = 150105 ,currentTS = 4747945507 ,preTS = 4747795402
03-18 21:27:39.924   213 12312 E QCamera2HWI: mCameraId 0, Send Video frame to services/encoder TimeStamp : 4748145616000, frame_idx 2740, mLastFrameIdx 2739, mLostFrameCnt 2
03-18 21:27:39.984   213 12315 E MPEG4Writer: timestamp interval = 150104 ,currentTS = 4747895442 ,preTS = 4747745338
03-18 21:27:39.984   213 12315 E MPEG4Writer: timestamp interval = 150105 ,currentTS = 4747995513 ,preTS = 4747845408
03-18 21:27:40.024   213 12343 E MPEG4Writer: timestamp interval = 150104 ,currentTS = 4748045575 ,preTS = 4747895471
03-18 21:27:40.074   213 12315 E MPEG4Writer: timestamp interval = 100067 ,currentTS = 4748045547 ,preTS = 4747945480
03-18 21:27:40.074   213 12315 E MPEG4Writer: timestamp interval = 100069 ,currentTS = 4748145616 ,preTS = 4748045547
03-18 21:27:40.104  1724  1914 D streaming: 21:27:40.112 4748.330 [ClientStatistics:calculate:136]: size=28.4MB sec=58.2 up=60 down=54
03-18 21:27:40.114  2028  2042 E QcrilMsgTunnelSocket: IOException - java.io.IOException: No such file or directory Reason: No such file or directory
03-18 21:27:40.164   213 12315 E MPEG4Writer: timestamp interval = 150105 ,currentTS = 4748245687 ,preTS = 4748095582
03-18 21:27:40.214   213 12343 E MPEG4Writer: timestamp interval = 150105 ,currentTS = 4748145645 ,preTS = 4747995540
03-18 21:27:40.224   213 12343 E MPEG4Writer: timestamp interval = 150106 ,currentTS = 4748245716 ,preTS = 4748095610
03-18 21:27:40.264   213 12340 E QCamera2HWI: mCameraId 1, Send Video frame to services/encoder TimeStamp : 4748495889000, frame_idx 2740, mLastFrameIdx 2739, mLostFrameCnt 2
03-18 21:27:40.324   213 12343 E MPEG4Writer: timestamp interval = 150105 ,currentTS = 4748345785 ,preTS = 4748195680
03-18 21:27:40.324   213 12315 E MPEG4Writer: timestamp interval = 150104 ,currentTS = 4748345756 ,preTS = 4748195652
03-18 21:27:40.384 12468 12468 D QSEECOMAPI: : QSEECom_get_handle sb_length = 0x2000
03-18 21:27:40.384 12468 12468 D QSEECOMAPI: : App is not loaded in QSEE
03-18 21:27:40.384 12468 12468 E QSEECOMAPI: : Error::Cannot open the file /vendor/firmware/keymaster/keymaster.mdt
03-18 21:27:40.384 12468 12468 E QSEECOMAPI: : Error::Loading image failed with ret = -1
03-18 21:27:40.394 12468 12468 D QSEECOMAPI: : QSEECom_get_handle sb_length = 0x2000
03-18 21:27:40.3