03-10 19:58:28.235   922   934 I ActivityManager: Start proc com.thunderst.update for broadcast com.thunderst.update/.autoupdate.AutoUpdateReceiver: pid=1900 uid=10061 gids={50061, 3003, 2001, 1028, 1015}
03-10 19:58:28.375   922  1180 I ActivityManager: Start proc com.icrealtech.beam.helper for broadcast com.icrealtech.beam.helper/.RequestReceiver: pid=1926 uid=1000 gids={41000, 1028, 1015, 3003, 3005, 1021, 3004, 1000, 3009, 1023, 1010, 3002, 3001}
03-10 19:58:28.435  1926  1926 E AndroidRuntime: FATAL EXCEPTION: main
03-10 19:58:28.435  1926  1926 E AndroidRuntime: Process: com.icrealtech.beam.helper, PID: 1926
03-10 19:58:28.435  1926  1926 E AndroidRuntime: java.lang.NoClassDefFoundError: android.net.ethernet.EthernetManager
03-10 19:58:28.435  1926  1926 E AndroidRuntime: 	at com.icrealtech.beam.helper.EthernetController.<init>(EthernetController.java:37)
03-10 19:58:28.435  1926  1926 E AndroidRuntime: 	at com.icrealtech.beam.helper.RequestReceiver.onReceive(RequestReceiver.java:38)
03-10 19:58:28.435  1926  1926 E AndroidRuntime: 	at android.app.ActivityThread.handleReceiver(ActivityThread.java:2422)
03-10 19:58:28.435  1926  1926 E AndroidRuntime: 	at android.app.ActivityThread.access$1700(ActivityThread.java:138)
03-10 19:58:28.435  1926  1926 E AndroidRuntime: 	at android.app.ActivityThread$H.handleMessage(ActivityThread.java:1275)
03-10 19:58:28.435  1926  1926 E AndroidRuntime: 	at android.os.Handler.dispatchMessage(Handler.java:102)
03-10 19:58:28.435  1926  1926 E AndroidRuntime: 	at android.os.Looper.loop(Looper.java:136)
03-10 19:58:28.435  1926  1926 E AndroidRuntime: 	at android.app.ActivityThread.main(ActivityThread.java:5050)
03-10 19:58:28.435  1926  1926 E AndroidRuntime: 	at java.lang.reflect.Method.invokeNative(Native Method)
03-10 19:58:28.435  1926  1926 E AndroidRuntime: 	at java.lang.reflect.Method.invoke(Method.java:515)
03-10 19:58:28.435  1926  1926 E AndroidRuntime: 	at com.android.internal.os.ZygoteInit$MethodAndArgsCaller.run(ZygoteInit.java:780)
03-10 19:58:28.435  1926  1926 E AndroidRuntime: 	at com.android.internal.os.ZygoteInit.main(ZygoteInit.java:596)
03-10 19:58:28.435  1926  1926 E AndroidRuntime: 	at dalvik.system.NativeStart.main(Native Method)
03-10 19:58:28.475   922   945 I ActivityManager: Start proc com.qualcomm.atfwd for broadcast com.qualcomm.atfwd/.AtFwdAutoboot: pid=1941 uid=1000 gids={41000, 1028, 1015, 3003, 3005, 1021, 3004, 1000, 3009, 1023, 1010, 3002, 3001}
03-10 19:58:28.475   922  1165 I ActivityManager: Process com.icrealtech.beam.helper (pid 1926) has died.
03-10 19:58:28.515  1941  1941 W ContextImpl: Calling a method in the system process without a qualified user: android.app.ContextImpl.startService:1496 android.content.ContextWrapper.startService:494 android.content.ContextWrapper.startService:494 com.qualcomm.atfwd.AtFwdAutoboot.onReceive:24 android.app.ActivityThread.handleReceiver:2422 
03-10 19:58:28.525   922  1163 I ActivityManager: Delay finish: com.qualcomm.atfwd/.AtFwdAutoboot
03-10 19:58:28.555   922   944 I WindowManager: Screen frozen for +1s877ms due to Window{41c9fbf0 u0 com.splinex.streaming/com.splinex.streaming.TwoCamActivity}
03-10 19:58:29.194   922   945 I ActivityManager: Waited long enough for: ServiceRecord{42117b28 u0 com.android.mms/.transaction.TransactionService}
03-10 19:58:29.194   922   945 I ActivityManager: Resuming delayed broadcast
03-10 19:58:29.224   922   945 I ActivityManager: Start proc com.qualcomm.atuner for broadcast com.qualcomm.atuner/.ATunerAutoboot: pid=1960 uid=10065 gids={50065}
03-10 19:58:29.274   922  1180 I ActivityManager: Killing 1376:com.qti.cbwidget/u0a24 (adj 15): empty #17
03-10 19:58:29.274   922   922 W ContextImpl: Calling a method in the system process without a qualified user: android.app.ContextImpl.startService:1496 android.content.ContextWrapper.startService:494 android.content.ContextWrapper.startService:494 com.qualcomm.location.LocationServiceReceiver.onReceive:37 android.app.ActivityThread.handleReceiver:2422 
03-10 19:58:29.274   922   922 W ContextImpl: Calling a method in the system process without a qualified user: android.app.ContextImpl.startService:1496 android.content.ContextWrapper.startService:494 android.content.ContextWrapper.startService:494 com.qualcomm.location.LocationServiceReceiver.onReceive:41 android.app.ActivityThread.handleReceiver:2422 
03-10 19:58:29.294  1133  1133 W ContextImpl: Calling a method in the system process without a qualified user: android.app.ContextImpl.startService:1496 android.content.ContextWrapper.startService:494 android.content.ContextWrapper.startService:494 com.qualcomm.qti.services.secureui.BootReceiver.onReceive:30 android.app.ActivityThread.handleReceiver:2422 
03-10 19:58:29.334   922  1165 I ActivityManager: Start proc com.qualcomm.embms for broadcast com.qualcomm.embms/.EmbmsBootReceiver: pid=1975 uid=10067 gids={50067, 3003}
03-10 19:58:29.344  1133  1980 W ContextImpl: Calling a method in the system process without a qualified user: android.app.ContextImpl.bindService:1560 android.content.ContextWrapper.bindService:517 com.qualcomm.qti.services.secureui.WfdReceiver.<init>:37 com.qualcomm.qti.services.secureui.SecureUIService.run:91 java.lang.Thread.run:841 
03-10 19:58:29.374   922  1180 I ActivityManager: Start proc com.qualcomm.wfd.service:wfd_service for service com.qualcomm.wfd.service/.WfdService: pid=1990 uid=1000 gids={41000, 1028, 1015, 3003, 3005, 1021, 3004, 1000, 3009, 1023, 1010, 3002, 3001}
03-10 19:58:29.424   922  1040 I ActivityManager: Start proc com.qualcomm.fastdormancy for broadcast com.qualcomm.fastdormancy/.FastDormancyReceiver: pid=2003 uid=10068 gids={50068}
03-10 19:58:29.424   922  1040 I ActivityManager: Killing 1404:com.android.dialer/u0a4 (adj 15): empty #17
03-10 19:58:29.494  1990  1990 W ContextImpl: Calling a method in the system process without a qualified user: android.app.ContextImpl.sendBroadcast:1140 android.content.ContextWrapper.sendBroadcast:365 com.qualcomm.wfd.service.SessionManagerService.broadcastWifiDisplayVideoEnabled:988 com.qualcomm.wfd.service.SessionManagerService.teardown:824 com.qualcomm.wfd.service.SessionManagerService.<init>:138 
03-10 19:58:29.504   922  1163 I ActivityManager: Start proc com.qualcomm.qcrilmsgtunnel for broadcast com.qualcomm.qcrilmsgtunnel/.QcrilMsgTunnelAutoboot: pid=2017 uid=1001 gids={41001, 3004, 3009, 3005, 1006, 3002, 3001, 3003, 1028, 1015}
03-10 19:58:29.504   922  1163 I ActivityManager: Killing 1475:com.android.providers.calendar/u0a1 (adj 15): empty #17
03-10 19:58:29.554   922  1040 I ActivityManager: Delay finish: com.qualcomm.qcrilmsgtunnel/.QcrilMsgTunnelAutoboot
03-10 19:58:33.184   294   294 W EntSec  : [NQS   ] [TQS_FWD    ] "Failed to start TQS application. [Error Code: -1]."
03-10 19:58:33.184   294   294 E EntSec  : [NQS   ] [NQS_Source ] "Failed to start TQS application. Re-try again in 5 second, attampt number 6"
03-10 19:58:33.854   922  1077 D QcConnectivityService: setProvNotificationVisible: E visible=false networkType=1 extraInfo=null url=null
03-10 19:58:33.874   922  1077 W ActivityThread: ClassLoader.loadClass: The class loader returned by Thread.getContextClassLoader() may fail for processes that host multiple applications. You should explicitly specify a context class loader. For example: Thread.setContextClassLoader(getClass().getClassLoader());
03-10 19:58:34.044   922  1077 D QcConnectivityService: captivePortalCheckCompleted: ni=NetworkInfo: type: WIFI[], state: CONNECTED/CONNECTED, reason: (unspecified), extra: "AllieGO 5GHz", roaming: false, failover: false, isAvailable: true, isConnectedToProvisioningNetwork: false captive=false
03-10 19:58:38.244   294   294 W EntSec  : [NQS   ] [TQS_FWD    ] "Failed to start TQS application. [Error Code: -1]."
03-10 19:58:38.244   294   294 E EntSec  : [NQS   ] [NQS_Source ] "Failed to start TQS application. Re-try again in 5 second, attampt number 7"
03-10 19:58:43.214   922   945 I ActivityManager: Waited long enough for: ServiceRecord{42099558 u0 com.qualcomm.svi/.SVIService}
03-10 19:58:43.214   922   945 I ActivityManager: Resuming delayed broadcast
03-10 19:58:43.244   922  1040 I ActivityManager: Delay finish: com.android.mms/.transaction.SmsReceiver
03-10 19:58:43.274   922  1095 I ActivityManager: Resuming delayed broadcast
03-10 19:58:43.274   294   294 W EntSec  : [NQS   ] [TQS_FWD    ] "Failed to start TQS application. [Error Code: -1]."
03-10 19:58:43.274   294   294 E EntSec  : [NQS   ] [NQS_Source ] "Failed to start TQS application. Re-try again in 5 second, attampt number 8"
03-10 19:58:43.314  1142  1142 W ContextImpl: Calling a method in the system process without a qualified user: android.app.ContextImpl.startService:1496 android.content.ContextWrapper.startService:494 android.content.ContextWrapper.startService:494 com.qualcomm.msapm.MSAPMReceiver.onReceive:63 android.app.ActivityThread.handleReceiver:2422 
03-10 19:58:43.414   922   981 I ActivityManager: Start proc com.android.providers.calendar for broadcast com.android.providers.calendar/.CalendarProviderBroadcastReceiver: pid=2060 uid=10001 gids={50001, 3003, 1028, 1015}
03-10 19:58:43.504   922  1096 I ActivityManager: Delay finish: com.android.providers.calendar/.CalendarProviderBroadcastReceiver
03-10 19:58:43.524   922   945 I ActivityManager: Waited long enough for: ServiceRecord{42000ac8 u0 com.qualcomm.atfwd/.AtFwdService}
03-10 19:58:43.564   922   934 I ActivityManager: Resuming delayed broadcast
03-10 19:58:43.614   922  1165 I ActivityManager: Start proc com.qualcomm.timeservice for broadcast com.qualcomm.timeservice/.TimeServiceBroadcastReceiver: pid=2081 uid=10062 gids={50062}
03-10 19:58:43.694   922   934 I ActivityManager: Killing 1194:com.android.printspooler/u0a53 (adj 15): empty #17
03-10 19:58:44.524   922  1179 I ActivityManager: Killing 1696:com.android.onetimeinitializer/u0a11 (adj 15): empty #17
03-10 19:58:44.554   922   945 I ActivityManager: Waited long enough for: ServiceRecord{41f36b90 u0 com.qualcomm.qcrilmsgtunnel/.QcrilMsgTunnelService}
03-10 19:58:48.334   294   294 W EntSec  : [NQS   ] [TQS_FWD    ] "Failed to start TQS application. [Error Code: -1]."
03-10 19:58:48.334   294   294 E EntSec  : [NQS   ] [NQS_Source ] "Failed to start TQS application. Re-try again in 5 second, attampt number 9"
03-10 19:58:53.364   294   294 W EntSec  : [NQS   ] [TQS_FWD    ] "Failed to start TQS application. [Error Code: -1]."
03-10 19:58:53.364   294   294 E EntSec  : [NQS   ] [NQS_Source ] "Failed to start TQS application. Re-try again in 5 second, attampt number 10"
03-10 19:58:58.414   294   294 W EntSec  : [NQS   ] [TQS_FWD    ] "Failed to start TQS application. [Error Code: -1]."
03-10 19:58:58.414   294   294 E EntSec  : [NQS   ] [NQS_Source ] "Failed to start TQS application. Re-try again in 5 second, attampt number 11"
03-10 19:59:03.474   294   294 W EntSec  : [NQS   ] [TQS_FWD    ] "Failed to start TQS application. [Error Code: -1]."
03-10 19:59:03.474   294   294 E EntSec  : [NQS   ] [NQS_Source ] "Failed to start TQS application. Re-try again in 5 second, attampt number 12"
03-10 19:59:08.514   294   294 W EntSec  : [NQS   ] [TQS_FWD    ] "Failed to start TQS application. [Error Code: -1]."
03-10 19:59:08.514   294   294 E EntSec  : [NQS   ] [NQS_Source ] "Failed to start TQS application. Re-try again in 5 second, attampt number 13"
03-10 19:59:09.784   922   986 D QcConnectivityService: Sampling interval elapsed, updating statistics ..
03-10 19:59:09.804   922   986 D QcConnectivityService: Done.
03-10 19:59:09.804   922   986 D QcConnectivityService: Setting timer for 720seconds
03-10 19:59:11.524   922   945 I ActivityManager: Start proc com.android.musicfx for broadcast com.android.musicfx/.ControlPanelReceiver: pid=2143 uid=10010 gids={50010, 3003, 3002}
03-10 19:59:11.534   922  1159 I ActivityManager: Killing 1328:com.android.music/u0a43 (adj 15): empty #17
03-10 19:59:11.584   922   933 I ActivityManager: Killing 1726:com.qualcomm.cabl/1000 (adj 15): empty #17
03-10 19:59:13.554   294   294 W EntSec  : [NQS   ] [TQS_FWD    ] "Failed to start TQS application. [Error Code: -1]."
03-10 19:59:13.554   294   294 E EntSec  : [NQS   ] [NQS_Source ] "Failed to start TQS application. Re-try again in 5 second, attampt number 14"
03-10 19:59:18.604   294   294 W EntSec  : [NQS   ] [TQS_FWD    ] "Failed to start TQS application. [Error Code: -1]."
03-10 19:59:18.604   294   294 E EntSec  : [NQS   ] [NQS_Source ] "Failed to start TQS application. Re-try again in 5 second, attampt number 15"
03-10 19:59:23.654   294   294 W EntSec  : [NQS   ] [TQS_FWD    ] "Failed to start TQS application. [Error Code: -1]."
03-10 19:59:23.654   294   294 E EntSec  : [NQS   ] [NQS_Source ] "Failed to start TQS application. Re-try again in 5 second, attampt number 16"
03-10 19:59:28.704   294   294 W EntSec  : [NQS   ] [TQS_FWD    ] "Failed to start TQS application. [Error Code: -1]."
03-10 19:59:28.704   294   294 E EntSec  : [NQS   ] [NQS_Source ] "Failed to start TQS application. Re-try again in 5 second, attampt number 17"
03-10 19:59:33.744   294   294 W EntSec  : [NQS   ] [TQS_FWD    ] "Failed to start TQS application. [Error Code: -1]."
03-10 19:59:33.744   294   294 E EntSec  : [NQS   ] [NQS_Source ] "Failed to start TQS application. Re-try again in 5 second, attampt number 18"
03-10 19:59:38.784   294   294 W EntSec  : [NQS   ] [TQS_FWD    ] "Failed to start TQS application. [Error Code: -1]."
03-10 19:59:38.784   294   294 E EntSec  : [NQS   ] [NQS_Source ] "Failed to start TQS application. Re-try again in 5 second, attampt number 19"
03-10 19:59:43.844   294   294 W EntSec  : [NQS   ] [TQS_FWD    ] "Failed to start TQS application. [Error Code: -1]."
03-10 19:59:43.844   294   294 D EntSec  : [NQS   ] [NQS_Source ] " ---------------------------------------------------------------"
03-10 19:59:43.844   294   294 I EntSec  : [NQS   ] [NQS_Source ] "Check Is TQS Ready - start"
03-10 19:59:43.844   294   294 I EntSec  : [NQS   ] [NQS_Source ] "attempt number 0: send Is Ready request to TQS"
03-10 19:59:43.844   294   294 I EntSec  : [NQS   ] [TQS_FWD    ] "The message to TQS will not be sent; tqs is down."
03-10 19:59:43.844   294   294 E EntSec  : [NQS   ] [NQS_Source ] "TQS is not ready yet, wait 1 sec and try again"
03-10 19:59:44.844   294   294 I EntSec  : [NQS   ] [NQS_Source ] "attempt number 1: send Is Ready request to TQS"
03-10 19:59:44.844   294   294 I EntSec  : [NQS   ] [TQS_FWD    ] "The message to TQS will not be sent; tqs is down."
03-10 19:59:44.844   294   294 E EntSec  : [NQS   ] [NQS_Source ] "TQS is not ready yet, wait 1 sec and try again"
03-10 19:59:45.844   294   294 I EntSec  : [NQS   ] [NQS_Source ] "attempt number 2: send Is Ready request to TQS"
03-10 19:59:45.844   294   294 I EntSec  : [NQS   ] [TQS_FWD    ] "The message to TQS will not be sent; tqs is down."
03-10 19:59:45.844   294   294 E EntSec  : [NQS   ] [NQS_Source ] "TQS is not ready yet, wait 1 sec and try again"
03-10 19:59:46.834   294   294 I EntSec  : [NQS   ] [NQS_Source ] "attempt number 3: send Is Ready request to TQS"
03-10 19:59:46.834   294   294 I EntSec  : [NQS   ] [TQS_FWD    ] "The message to TQS will not be sent; tqs is down."
03-10 19:59:46.834   294   294 E EntSec  : [NQS   ] [NQS_Source ] "TQS is not ready yet, wait 1 sec and try again"
03-10 19:59:47.844   294   294 I EntSec  : [NQS   ] [NQS_Source ] "attempt number 4: send Is Ready request to TQS"
03-10 19:59:47.844   294   294 I EntSec  : [NQS   ] [TQS_FWD    ] "The message to TQS will not be sent; tqs is down."
03-10 19:59:47.844   294   294 E EntSec  : [NQS   ] [NQS_Source ] "TQS is not ready yet, wait 1 sec and try again"
03-10 19:59:48.844   294   294 I EntSec  : [NQS   ] [NQS_Source ] "attempt number 5: send Is Ready request to TQS"
03-10 19:59:48.844   294   294 I EntSec  : [NQS   ] [TQS_FWD    ] "The message to TQS will not be sent; tqs is down."
03-10 19:59:48.844   294   294 E EntSec  : [NQS   ] [NQS_Source ] "TQS is not ready yet, wait 1 sec and try again"
03-10 19:59:49.844   294   294 I EntSec  : [NQS   ] [NQS_Source ] "attempt number 6: send Is Ready request to TQS"
03-10 19:59:49.844   294   294 I EntSec  : [NQS   ] [TQS_FWD    ] "The message to TQS will not be sent; tqs is down."
03-10 19:59:49.844   294   294 E EntSec  : [NQS   ] [NQS_Source ] "TQS is not ready yet, wait 1 sec and try again"
03-10 19:59:50.834   294   294 I EntSec  : [NQS   ] [NQS_Source ] "attempt number 7: send Is Ready request to TQS"
03-10 19:59:50.834   294   294 I EntSec  : [NQS   ] [TQS_FWD    ] "The message to TQS will not be sent; tqs is down."
03-10 19:59:50.834   294   294 E EntSec  : [NQS   ] [NQS_Source ] "TQS is not ready yet, wait 1 sec and try again"
03-10 19:59:51.834   294   294 I EntSec  : [NQS   ] [NQS_Source ] "attempt number 8: send Is Ready request to TQS"
03-10 19:59:51.834   294   294 I EntSec  : [NQS   ] [TQS_FWD    ] "The message to TQS will not be sent; tqs is down."
03-10 19:59:51.834   294   294 E EntSec  : [NQS   ] [NQS_Source ] "TQS is not ready yet, wait 1 sec and try again"
03-10 19:59:52.834   294   294 I EntSec  : [NQS   ] [NQS_Source ] "attempt number 9: send Is Ready request to TQS"
03-10 19:59:52.834   294   294 I EntSec  : [NQS   ] [TQS_FWD    ] "The message to TQS will not be sent; tqs is down."
03-10 19:59:52.834   294   294 E EntSec  : [NQS   ] [NQS_Source ] "TQS is not ready yet, wait 1 sec and try again"
03-10 19:59:53.844   294   294 I EntSec  : [NQS   ] [NQS_Source ] "attempt number 10: send Is Ready request to TQS"
03-10 19:59:53.844   294   294 I EntSec  : [NQS   ] [TQS_FWD    ] "The message to TQS will not be sent; tqs is down."
03-10 19:59:53.844   294   294 E EntSec  : [NQS   ] [NQS_Source ] "TQS is not ready yet, wait 1 sec and try again"
03-10 19:59:54.844   294   294 I EntSec  : [NQS   ] [NQS_Source ] "attempt number 11: send Is Ready request to TQS"
03-10 19:59:54.844   294   294 I EntSec  : [NQS   ] [TQS_FWD    ] "The message to TQS will not be sent; tqs is down."
03-10 19:59:54.844   294   294 E EntSec  : [NQS   ] [NQS_Source ] "TQS is not ready yet, wait 1 sec and try again"
03-10 19:59:55.844   294   294 I EntSec  : [NQS   ] [NQS_Source ] "attempt number 12: send Is Ready request to TQS"
03-10 19:59:55.844   294   294 I EntSec  : [NQS   ] [TQS_FWD    ] "The message to TQS will not be sent; tqs is down."
03-10 19:59:55.844   294   294 E EntSec  : [NQS   ] [NQS_Source ] "TQS is not ready yet, wait 1 sec and try again"
03-10 19:59:56.844   294   294 I EntSec  : [NQS   ] [NQS_Source ] "attempt number 13: send Is Ready request to TQS"
03-10 19:59:56.844   294   294 I EntSec  : [NQS   ] [TQS_FWD    ] "The message to TQS will not be sent; tqs is down."
03-10 19:59:56.844   294   294 E EntSec  : [NQS   ] [NQS_Source ] "TQS is not ready yet, wait 1 sec and try again"
03-10 19:59:57.844   294   294 I EntSec  : [NQS   ] [NQS_Source ] "attempt number 14: send Is Ready request to TQS"
03-10 19:59:57.844   294   294 I EntSec  : [NQS   ] [TQS_FWD    ] "The message to TQS will not be sent; tqs is down."
03-10 19:59:57.844   294   294 E EntSec  : [NQS   ] [NQS_Source ] "TQS is not ready yet, wait 1 sec and try again"
03-10 19:59:58.844   294   294 I EntSec  : [NQS   ] [NQS_Source ] "attempt number 15: send Is Ready request to TQS"
03-10 19:59:58.844   294   294 I EntSec  : [NQS   ] [TQS_FWD    ] "The message to TQS will not be sent; tqs is down."
03-10 19:59:58.844   294   294 E EntSec  : [NQS   ] [NQS_Source ] "TQS is not ready yet, wait 1 sec and try again"
03-10 19:59:59.844   294   294 I EntSec  : [NQS   ] [NQS_Source ] "attempt number 16: send Is Ready request to TQS"
03-10 19:59:59.844   294   294 I EntSec  : [NQS   ] [TQS_FWD    ] "The message to TQS will not be sent; tqs is down."
03-10 19:59:59.844   294   294 E EntSec  : [NQS   ] [NQS_Source ] "TQS is not ready yet, wait 1 sec and try again"
03-10 20:00:00.844   294   294 I EntSec  : [NQS   ] [NQS_Source ] "attempt number 17: send Is Ready request to TQS"
03-10 20:00:00.844   294   294 I EntSec  : [NQS   ] [TQS_FWD    ] "The message to TQS will not be sent; tqs is down."
03-10 20:00:00.844   294   294 E EntSec  : [NQS   ] [NQS_Source ] "TQS is not ready yet, wait 1 sec and try again"
03-10 20:00:01.844   294   294 I EntSec  : [NQS   ] [NQS_Source ] "attempt number 18: send Is Ready request to TQS"
03-10 20:00:01.844   294   294 I EntSec  : [NQS   ] [TQS_FWD    ] "The message to TQS will not be sent; tqs is down."
03-10 20:00:01.844   294   294 E EntSec  : [NQS   ] [NQS_Source ] "TQS is not ready yet, wait 1 sec and try again"
03-10 20:00:02.844   294   294 I EntSec  : [NQS   ] [NQS_Source ] "attempt number 19: send Is Ready request to TQS"
03-10 20:00:02.844   294   294 I EntSec  : [NQS   ] [TQS_FWD    ] "The message to TQS will not be sent; tqs is down."
03-10 20:00:02.844   294   294 E EntSec  : [NQS   ] [NQS_Source ] "TQS is not ready yet, wait 1 sec and try again"
03-10 20:00:03.834   294   294 I EntSec  : [NQS   ] [NQS_Source ] "attempt number 20: send Is Ready request to TQS"
03-10 20:00:03.834   294   294 I EntSec  : [NQS   ] [TQS_FWD    ] "The message to TQS will not be sent; tqs is down."
03-10 20:00:03.834   294   294 E EntSec  : [NQS   ] [NQS_Source ] "TQS is not ready yet, wait 1 sec and try again"
03-10 20:00:04.844   294   294 I EntSec  : [NQS   ] [NQS_Source ] "attempt number 21: send Is Ready request to TQS"
03-10 20:00:04.844   294   294 I EntSec  : [NQS   ] [TQS_FWD    ] "The message to TQS will not be sent; tqs is down."
03-10 20:00:04.844   294   294 E EntSec  : [NQS   ] [NQS_Source ] "TQS is not ready yet, wait 1 sec and try again"
03-10 20:00:05.844   294   294 I EntSec  : [NQS   ] [NQS_Source ] "attempt number 22: send Is Ready request to TQS"
03-10 20:00:05.844   294   294 I EntSec  : [NQS   ] [TQS_FWD    ] "The message to TQS will not be sent; tqs is down."
03-10 20:00:05.844   294   294 E EntSec  : [NQS   ] [NQS_Source ] "TQS is not ready yet, wait 1 sec and try again"
03-10 20:00:06.834   294   294 I EntSec  : [NQS   ] [NQS_Source ] "attempt number 23: send Is Ready request to TQS"
03-10 20:00:06.834   294   294 I EntSec  : [NQS   ] [TQS_FWD    ] "The message to TQS will not be sent; tqs is down."
03-10 20:00:06.834   294   294 E EntSec  : [NQS   ] [NQS_Source ] "TQS is not ready yet, wait 1 sec and try again"
03-10 20:00:07.844   294   294 I EntSec  : [NQS   ] [NQS_Source ] "attempt number 24: send Is Ready request to TQS"
03-10 20:00:07.844   294   294 I EntSec  : [NQS   ] [TQS_FWD    ] "The message to TQS will not be sent; tqs is down."
03-10 20:00:07.844   294   294 E EntSec  : [NQS   ] [NQS_Source ] "TQS is not ready yet, wait 1 sec and try again"
03-10 20:00:08.834   294   294 I EntSec  : [NQS   ] [NQS_Source ] "attempt number 25: send Is Ready request to TQS"
03-10 20:00:08.834   294   294 I EntSec  : [NQS   ] [TQS_FWD    ] "The message to TQS will not be sent; tqs is down."
03-10 20:00:08.834   294   294 E EntSec  : [NQS   ] [NQS_Source ] "TQS is not ready yet, wait 1 sec and try again"
03-10 20:00:09.834   294   294 I EntSec  : [NQS   ] [NQS_Source ] "attempt number 26: send Is Ready request to TQS"
03-10 20:00:09.834   294   294 I EntSec  : [NQS   ] [TQS_FWD    ] "The message to TQS will not be sent; tqs is down."
03-10 20:00:09.834   294   294 E EntSec  : [NQS   ] [NQS_Source ] "TQS is not ready yet, wait 1 sec and try again"
03-10 20:00:10.834   294   294 I EntSec  : [NQS   ] [NQS_Source ] "attempt number 27: send Is Ready request to TQS"
03-10 20:00:10.834   294   294 I EntSec  : [NQS   ] [TQS_FWD    ] "The message to TQS will not be sent; tqs is down."
03-10 20:00:10.834   294   294 E EntSec  : [NQS   ] [NQS_Source ] "TQS is not ready yet, wait 1 sec and try again"
03-10 20:00:11.834   294   294 I EntSec  : [NQS   ] [NQS_Source ] "attempt number 28: send Is Ready request to TQS"
03-10 20:00:11.834   294   294 I EntSec  : [NQS   ] [TQS_FWD    ] "The message to TQS will not be sent; tqs is down."
03-10 20:00:11.834   294   294 E EntSec  : [NQS   ] [NQS_Source ] "TQS is not ready yet, wait 1 sec and try again"
03-10 20:00:12.844   294   294 I EntSec  : [NQS   ] [NQS_Source ] "attempt number 29: send Is Ready request to TQS"
03-10 20:00:12.844   294   294 I EntSec  : [NQS   ] [TQS_FWD    ] "The message to TQS will not be sent; tqs is down."
03-10 20:00:12.844   294   294 E EntSec  : [NQS   ] [NQS_Source ] "TQS is not ready yet, wait 1 sec and try again"
03-10 20:00:13.844   294   294 I EntSec  : [NQS   ] [NQS_Source ] "attempt number 30: send Is Ready request to TQS"
03-10 20:00:13.844   294   294 I EntSec  : [NQS   ] [TQS_FWD    ] "The message to TQS will not be sent; tqs is down."
03-10 20:00:13.844   294   294 E EntSec  : [NQS   ] [NQS_Source ] "TQS is not ready yet, wait 1 sec and try again"
03-10 20:00:14.844   294   294 I EntSec  : [NQS   ] [NQS_Source ] "attempt number 31: send Is Ready request to TQS"
03-10 20:00:14.844   294   294 I EntSec  : [NQS   ] [TQS_FWD    ] "The message to TQS will not be sent; tqs is down."
03-10 20:00:14.844   294   294 E EntSec  : [NQS   ] [NQS_Source ] "TQS is not ready yet, wait 1 sec and try again"
03-10 20:00:15.844   294   294 I EntSec  : [NQS   ] [NQS_Source ] "attempt number 32: send Is Ready request to TQS"
03-10 20:00:15.844   294   294 I EntSec  : [NQS   ] [TQS_FWD    ] "The message to TQS will not be sent; tqs is down."
03-10 20:00:15.844   294   294 E EntSec  : [NQS   ] [NQS_Source ] "TQS is not ready yet, wait 1 sec and try again"
03-10 20:00:16.844   294   294 I EntSec  : [NQS   ] [NQS_Source ] "attempt number 33: send Is Ready request to TQS"
03-10 20:00:16.844   294   294 I EntSec  : [NQS   ] [TQS_FWD    ] "The message to TQS will not be sent; tqs is down."
03-10 20:00:16.844   294   294 E EntSec  : [NQS   ] [NQS_Source ] "TQS is not ready yet, wait 1 sec and try again"
03-10 20:00:17.844   294   294 I EntSec  : [NQS   ] [NQS_Source ] "attempt number 34: send Is Ready request to TQS"
03-10 20:00:17.844   294   294 I EntSec  : [NQS   ] [TQS_FWD    ] "The message to TQS will not be sent; tqs is down."
03-10 20:00:17.844   294   294 E EntSec  : [NQS   ] [NQS_Source ] "TQS is not ready yet, wait 1 sec and try again"
03-10 20:00:18.844   294   294 I EntSec  : [NQS   ] [NQS_Source ] "attempt number 35: send Is Ready request to TQS"
03-10 20:00:18.844   294   294 I EntSec  : [NQS   ] [TQS_FWD    ] "The message to TQS will not be sent; tqs is down."
03-10 20:00:18.844   294   294 E EntSec  : [NQS   ] [NQS_Source ] "TQS is not ready yet, wait 1 sec and try again"
03-10 20:00:19.844   294   294 I EntSec  : [NQS   ] [NQS_Source ] "attempt number 36: send Is Ready request to TQS"
03-10 20:00:19.844   294   294 I EntSec  : [NQS   ] [TQS_FWD    ] "The message to TQS will not be sent; tqs is down."
03-10 20:00:19.844   294   294 E EntSec  : [NQS   ] [NQS_Source ] "TQS is not ready yet, wait 1 sec and try again"
03-10 20:00:20.844   294   294 I EntSec  : [NQS   ] [NQS_Source ] "attempt number 37: send Is Ready request to TQS"
03-10 20:00:20.844   294   294 I EntSec  : [NQS   ] [TQS_FWD    ] "The message to TQS will not be sent; tqs is down."
03-10 20:00:20.844   294   294 E EntSec  : [NQS   ] [NQS_Source ] "TQS is not ready yet, wait 1 sec and try again"
03-10 20:00:21.844   294   294 I EntSec  : [NQS   ] [NQS_Source ] "attempt number 38: send Is Ready request to TQS"
03-10 20:00:21.844   294   294 I EntSec  : [NQS   ] [TQS_FWD    ] "The message to TQS will not be sent; tqs is down."
03-10 20:00:21.844   294   294 E EntSec  : [NQS   ] [NQS_Source ] "TQS is not ready yet, wait 1 sec and try again"
03-10 20:00:22.844   294   294 I EntSec  : [NQS   ] [NQS_Source ] "attempt number 39: send Is Ready request to TQS"
03-10 20:00:22.844   294   294 I EntSec  : [NQS   ] [TQS_FWD    ] "The message to TQS will not be sent; tqs is down."
03-10 20:00:22.844   294   294 E EntSec  : [NQS   ] [NQS_Source ] "TQS is not ready yet, wait 1 sec and try again"
03-10 20:00:23.844   294   294 I EntSec  : [NQS   ] [NQS_Source ] "attempt number 40: send Is Ready request to TQS"
03-10 20:00:23.844   294   294 I EntSec  : [NQS   ] [TQS_FWD    ] "The message to TQS will not be sent; tqs is down."
03-10 20:00:23.844   294   294 E EntSec  : [NQS   ] [NQS_Source ] "TQS is not ready yet, wait 1 sec and try again"
03-10 20:00:24.844   294   294 I EntSec  : [NQS   ] [NQS_Source ] "attempt number 41: send Is Ready request to TQS"
03-10 20:00:24.844   294   294 I EntSec  : [NQS   ] [TQS_FWD    ] "The message to TQS will not be sent; tqs is down."
03-10 20:00:24.844   294   294 E EntSec  : [NQS   ] [NQS_Source ] "TQS is not ready yet, wait 1 sec and try again"
03-10 20:00:25.854   294   294 I EntSec  : [NQS   ] [NQS_Source ] "attempt number 42: send Is Ready request to TQS"
03-10 20:00:25.854   294   294 I EntSec  : [NQS   ] [TQS_FWD    ] "The message to TQS will not be sent; tqs is down."
03-10 20:00:25.854   294   294 E EntSec  : [NQS   ] [NQS_Source ] "TQS is not ready yet, wait 1 sec and try again"
03-10 20:00:26.844   294   294 I EntSec  : [NQS   ] [NQS_Source ] "attempt number 43: send Is Ready request to TQS"
03-10 20:00:26.844   294   294 I EntSec  : [NQS   ] [TQS_FWD    ] "The message to TQS will not be sent; tqs is down."
03-10 20:00:26.844   294   294 E EntSec  : [NQS   ] [NQS_Source ] "TQS is not ready yet, wait 1 sec and try again"
03-10 20:00:27.854   294   294 I EntSec  : [NQS   ] [NQS_Source ] "attempt number 44: send Is Ready request to TQS"
03-10 20:00:27.854   294   294 I EntSec  : [NQS   ] [TQS_FWD    ] "The message to TQS will not be sent; tqs is down."
03-10 20:00:27.854   294   294 E EntSec  : [NQS   ] [NQS_Source ] "TQS is not ready yet, wait 1 sec and try again"
03-10 20:00:28.844   294   294 I EntSec  : [NQS   ] [NQS_Source ] "attempt number 45: send Is Ready request to TQS"
03-10 20:00:28.844   294   294 I EntSec  : [NQS   ] [TQS_FWD    ] "The message to TQS will not be sent; tqs is down."
03-10 20:00:28.844   294   294 E EntSec  : [NQS   ] [NQS_Source ] "TQS is not ready yet, wait 1 sec and try again"
03-10 20:00:29.844   294   294 I EntSec  : [NQS   ] [NQS_Source ] "attempt number 46: send Is Ready request to TQS"
03-10 20:00:29.844   294   294 I EntSec  : [NQS   ] [TQS_FWD    ] "The message to TQS will not be sent; tqs is down."
03-10 20:00:29.844   294   294 E EntSec  : [NQS   ] [NQS_Source ] "TQS is not ready yet, wait 1 sec and try again"
03-10 20:00:30.854   294   294 I EntSec  : [NQS   ] [NQS_Source ] "attempt number 47: send Is Ready request to TQS"
03-10 20:00:30.854   294   294 I EntSec  : [NQS   ] [TQS_FWD    ] "The message to TQS will not be sent; tqs is down."
03-10 20:00:30.854   294   294 E EntSec  : [NQS   ] [NQS_Source ] "TQS is not ready yet, wait 1 sec and try again"
03-10 20:00:31.854   294   294 I EntSec  : [NQS   ] [NQS_Source ] "attempt number 48: send Is Ready request to TQS"
03-10 20:00:31.854   294   294 I EntSec  : [NQS   ] [TQS_FWD    ] "The message to TQS will not be sent; tqs is down."
03-10 20:00:31.854   294   294 E EntSec  : [NQS   ] [NQS_Source ] "TQS is not ready yet, wait 1 sec and try again"
03-10 20:00:32.854   294   294 I EntSec  : [NQS   ] [NQS_Source ] "attempt number 49: send Is Ready request to TQS"
03-10 20:00:32.854   294   294 I EntSec  : [NQS   ] [TQS_FWD    ] "The message to TQS will not be sent; tqs is down."
03-10 20:00:32.854   294   294 E EntSec  : [NQS   ] [NQS_Source ] "TQS is not ready yet, wait 1 sec and try again"
03-10 20:00:33.844   294   294 I EntSec  : [NQS   ] [NQS_Source ] "attempt number 50: send Is Ready request to TQS"
03-10 20:00:33.844   294   294 I EntSec  : [NQS   ] [TQS_FWD    ] "The message to TQS will not be sent; tqs is down."
03-10 20:00:33.844   294   294 E EntSec  : [NQS   ] [NQS_Source ] "TQS is not ready yet, wait 1 sec and try again"
03-10 20:00:34.854   294   294 I EntSec  : [NQS   ] [NQS_Source ] "attempt number 51: send Is Ready request to TQS"
03-10 20:00:34.854   294   294 I EntSec  : [NQS   ] [TQS_FWD    ] "The message to TQS will not be sent; tqs is down."
03-10 20:00:34.854   294   294 E EntSec  : [NQS   ] [NQS_Source ] "TQS is not ready yet, wait 1 sec and try again"
03-10 20:00:35.854   294   294 I EntSec  : [NQS   ] [NQS_Source ] "attempt number 52: send Is Ready request to TQS"
03-10 20:00:35.854   294   294 I EntSec  : [NQS   ] [TQS_FWD    ] "The message to TQS will not be sent; tqs is down."
03-10 20:00:35.854   294   294 E EntSec  : [NQS   ] [NQS_Source ] "TQS is not ready yet, wait 1 sec and try again"
03-10 20:00:36.854   294   294 I EntSec  : [NQS   ] [NQS_Source ] "attempt number 53: send Is Ready request to TQS"
03-10 20:00:36.854   294   294 I EntSec  : [NQS   ] [TQS_FWD    ] "The message to TQS will not be sent; tqs is down."
03-10 20:00:36.854   294   294 E EntSec  : [NQS   ] [NQS_Source ] "TQS is not ready yet, wait 1 sec and try again"
03-10 20:00:37.854   294   294 I EntSec  : [NQS   ] [NQS_Source ] "attempt number 54: send Is Ready request to TQS"
03-10 20:00:37.854   294   294 I EntSec  : [NQS   ] [TQS_FWD    ] "The message to TQS will not be sent; tqs is down."
03-10 20:00:37.854   294   294 E EntSec  : [NQS   ] [NQS_Source ] "TQS is not ready yet, wait 1 sec and try again"
03-10 20:00:38.844   294   294 I EntSec  : [NQS   ] [NQS_Source ] "attempt number 55: send Is Ready request to TQS"
03-10 20:00:38.844   294   294 I EntSec  : [NQS   ] [TQS_FWD    ] "The message to TQS will not be sent; tqs is down."
03-10 20:00:38.844   294   294 E EntSec  : [NQS   ] [NQS_Source ] "TQS is not ready yet, wait 1 sec and try again"
03-10 20:00:39.854   294   294 I EntSec  : [NQS   ] [NQS_Source ] "attempt number 56: send Is Ready request to TQS"
03-10 20:00:39.854   294   294 I EntSec  : [NQS   ] [TQS_FWD    ] "The message to TQS will not be sent; tqs is down."
03-10 20:00:39.854   294   294 E EntSec  : [NQS   ] [NQS_Source ] "TQS is not ready yet, wait 1 sec and try again"
03-10 20:00:40.844   294   294 I EntSec  : [NQS   ] [NQS_Source ] "attempt number 57: send Is Ready request to TQS"
03-10 20:00:40.844   294   294 I EntSec  : [NQS   ] [TQS_FWD    ] "The message to TQS will not be sent; tqs is down."
03-10 20:00:40.844   294   294 E EntSec  : [NQS   ] [NQS_Source ] "TQS is not ready yet, wait 1 sec and try again"
03-10 20:00:41.844   294   294 I EntSec  : [NQS   ] [NQS_Source ] "attempt number 58: send Is Ready request to TQS"
03-10 20:00:41.844   294   294 I EntSec  : [NQS   ] [TQS_FWD    ] "The message to TQS will not be sent; tqs is down."
03-10 20:00:41.844   294   294 E EntSec  : [NQS   ] [NQS_Source ] "TQS is not ready yet, wait 1 sec and try again"
03-10 20:00:42.854   294   294 I EntSec  : [NQS   ] [NQS_Source ] "attempt number 59: send Is Ready request to TQS"
03-10 20:00:42.854   294   294 I EntSec  : [NQS   ] [TQS_FWD    ] "The message to TQS will not be sent; tqs is down."
03-10 20:00:42.854   294   294 E EntSec  : [NQS   ] [NQS_Source ] "TQS is not ready yet, wait 1 sec and try again"
03-10 20:00:43.854   294   294 I EntSec  : [NQS   ] [NQS_Source ] "Check Is TQS Ready - end"
03-10 20:00:43.854   294   294 D EntSec  : [NQS   ] [NQS_Source ] " ---------------------------------------------------------------"
03-10 20:00:43.854   294   294 D EntSec  : [NQS   ] [NQS_Source ] " ---------------------------------------------------------------"
03-10 20:00:43.854   294   294 I EntSec  : [NQS   ] [NQS_Source ] "Getting Port Name -handling"
03-10 20:00:43.854   294   294 I EntSec  : [NQS   ] [TQS_FWD    ] "The message to TQS will not be sent; tqs is down."
03-10 20:00:43.854   294   294 E EntSec  : [NQS   ] [NQS_Source ] "Failed on getting the port name response from TQS."
03-10 20:00:43.854   294   294 D EntSec  : [NQS   ] [NQS_Source ] "Starting with Default Port"
03-10 20:00:43.854   294   294 I EntSec  : [NQS   ] [MAIN       ] "NQS activated successfully [Compiled on: Apr 29 2014:17:25:27]"
03-10 20:00:43.854   294   294 D EntSec  : [NQS   ] [MAIN       ] "Dealing with fd 10 BEGINS [0xbeec4814]"
03-10 20:00:43.854   294   294 D EntSec  : [NQS   ] [QSB_SOURCE ] "The file descriptor 10 contained in the QsbSource openFds set"
03-10 20:00:43.854   294   294 D EntSec  : [NQS   ] [QSB_SOURCE ] " ---------------------------------------------------------------"
03-10 20:00:43.854   294   294 I EntSec  : [NQS   ] [QSB_SOURCE ] "Loading port -handling"
03-10 20:00:43.854   294   294 D EntSec  : [NQS   ] [ACK_DB     ] "Clearing OutstandingAck DB"
03-10 20:00:43.854   294   294 I EntSec  : [NQS   ] [QSB_SOURCE ] "According to TQS, need to load the default port. Sending a message to QSB"
03-10 20:00:43.854   294   294 I EntSec  : [NQS   ] [QSB_COMM   ] "send load default port command to a QSB."
03-10 20:00:43.854   294   294 I EntSec  : [NQS   ] [QSB_SOURCE ] "Message sent to the QSB; QSB will be initialized with the default port"
03-10 20:00:43.854   294   294 I EntSec  : [NQS   ] [QSB_SOURCE ] "Loading port mechanism - handling completed"
03-10 20:00:43.854   294   294 D EntSec  : [NQS   ] [QSB_SOURCE ] " ---------------------------------------------------------------"
03-10 20:00:43.854   294   294 D EntSec  : [NQS   ] [MAIN       ] "Dealing with fd 10 has Ended [0xbeec4814]"
03-10 20:00:43.854   294   294 D EntSec  : [NQS   ] [MAIN       ] "Dealing with fd 10 BEGINS [0xbeec4814]"
03-10 20:00:43.854   294   294 D EntSec  : [NQS   ] [QSB_SOURCE ] "The file descriptor 10 contained in the QsbSource openFds set"
03-10 20:00:43.854   294   294 D EntSec  : [NQS   ] [QSB_SOURCE ] "Currently reached the limit of pending connections. Will not be accepting new connections from here on"
03-10 20:00:43.854   294   294 D EntSec  : [NQS   ] [QSB_SOURCE ] " ---------------------------------------------------------------"
03-10 20:00:43.854   294   294 I EntSec  : [NQS   ] [QSB_SOURCE ] "Loading port -handling"
03-10 20:00:43.854   294   294 D EntSec  : [NQS   ] [ACK_DB     ] "Clearing OutstandingAck DB"
03-10 20:00:43.854   294   294 I EntSec  : [NQS   ] [QSB_SOURCE ] "According to TQS, need to load the default port. Sending a message to QSB"
03-10 20:00:43.854   294   294 I EntSec  : [NQS   ] [QSB_COMM   ] "send load default port command to a QSB."
03-10 20:00:43.854   294   294 I EntSec  : [NQS   ] [QSB_SOURCE ] "Message sent to the QSB; QSB will be initialized with the default port"
03-10 20:00:43.854   294   294 I EntSec  : [NQS   ] [QSB_SOURCE ] "Loading port mechanism - handling completed"
03-10 20:00:43.854   294   294 D EntSec  : [NQS   ] [QSB_SOURCE ] " ---------------------------------------------------------------"
03-10 20:00:43.854   294   294 D EntSec  : [NQS   ] [MAIN       ] "Setting status to READY"
03-10 20:00:43.854   294   294 D EntSec  : [NQS   ] [MAIN       ] "Dealing with fd 10 has Ended [0xbeec4814]"
03-10 20:03:55.854   922   986 D QcConnectivityService: tryFailover: set mActiveDefaultNetwork=-1, prevNetType=1
03-10 20:03:55.854   922   986 D QcConnectivityService: Attempting to switch to BLUETOOTH_TETHER
03-10 20:03:55.964   922   986 D QcConnectivityService: resetConnections(wlan0, 3)
03-10 20:03:56.164   922   986 D Nat464Xlat: requiresClat: netType=1, hasIPv4Address=false
03-10 20:03:59.174   922  1077 D QcConnectivityService: setProvNotificationVisible: E visible=false networkType=1 extraInfo=null url=null
03-10 20:04:03.974   922   986 D QcConnectivityService: Captive portal check NetworkInfo: type: WIFI[], state: CONNECTING/CAPTIVE_PORTAL_CHECK, reason: (unspecified), extra: "AllieGO 5GHz", roaming: false, failover: false, isAvailable: true, isConnectedToProvisioningNetwork: false
03-10 20:04:03.984   922   986 D QcConnectivityService: handleCaptivePortalTrackerCheck: call captivePortalCheckComplete ni=NetworkInfo: type: WIFI[], state: CONNECTING/CAPTIVE_PORTAL_CHECK, reason: (unspecified), extra: "AllieGO 5GHz", roaming: false, failover: false, isAvailable: true, isConnectedToProvisioningNetwork: false
03-10 20:04:03.984   922   986 D QcConnectivityService: handleInetConditionChange: no active default network - ignore
03-10 20:04:03.994   922   986 E QcConnectivityService: Unexpected mtu value: android.net.wifi.WifiStateTracker@41cc4928
03-10 20:04:04.114   922   986 D Nat464Xlat: requiresClat: netType=1, hasIPv4Address=true
03-10 20:04:05.234   922   986 D QcConnectivityService: handleConnectivityChange: addresses changed linkProperty[1]: resetMask=0
03-10 20:04:05.234   922   986 D QcConnectivityService:    car=removed=[] added=[fe80::ce1b:e0ff:fe61:8a30/64,]
03-10 20:04:05.234   922   986 E QcConnectivityService: Exception while trying to add src route: java.lang.NullPointerException
03-10 20:04:05.234   922   986 D Nat464Xlat: requiresClat: netType=1, hasIPv4Address=true
03-10 20:04:17.144   922  1077 D QcConnectivityService: setProvNotificationVisible: E visible=false networkType=1 extraInfo=null url=null
03-10 20:04:17.294   922  1077 D QcConnectivityService: captivePortalCheckCompleted: ni=NetworkInfo: type: WIFI[], state: CONNECTED/CONNECTED, reason: (unspecified), extra: "AllieGO 5GHz", roaming: false, failover: false, isAvailable: true, isConnectedToProvisioningNetwork: false captive=false
03-10 20:11:09.814   922   986 D QcConnectivityService: Sampling interval elapsed, updating statistics ..
03-10 20:11:09.824   922   986 D QcConnectivityService: Done.
03-10 20:11:09.824   922   986 D QcConnectivityService: Setting timer for 720seconds
03-10 20:13:29.824   922   986 D QcConnectivityService: tryFailover: set mActiveDefaultNetwork=-1, prevNetType=1
03-10 20:13:29.824   922   986 D QcConnectivityService: Attempting to switch to BLUETOOTH_TETHER
03-10 20:13:29.954   922   986 D QcConnectivityService: resetConnections(wlan0, 3)
03-10 20:13:30.154   922   986 D Nat464Xlat: requiresClat: netType=1, hasIPv4Address=false
03-10 20:13:33.164   922  1077 D QcConnectivityService: setProvNotificationVisible: E visible=false networkType=1 extraInfo=null url=null
03-10 20:13:37.974   922   986 D QcConnectivityService: Captive portal check NetworkInfo: type: WIFI[], state: CONNECTING/CAPTIVE_PORTAL_CHECK, reason: (unspecified), extra: "AllieGO 5GHz", roaming: false, failover: false, isAvailable: true, isConnectedToProvisioningNetwork: false
03-10 20:13:37.974   922   986 D QcConnectivityService: handleCaptivePortalTrackerCheck: call captivePortalCheckComplete ni=NetworkInfo: type: WIFI[], state: CONNECTING/CAPTIVE_PORTAL_CHECK, reason: (unspecified), extra: "AllieGO 5GHz", roaming: false, failover: false, isAvailable: true, isConnectedToProvisioningNetwork: false
03-10 20:13:37.974   922   986 D QcConnectivityService: handleInetConditionChange: no active default network - ignore
03-10 20:13:37.994   922   986 E QcConnectivityService: Unexpected mtu value: android.net.wifi.WifiStateTracker@41cc4928
03-10 20:13:38.124   922   986 D Nat464Xlat: requiresClat: netType=1, hasIPv4Address=true
03-10 20:13:39.304   922   986 D QcConnectivityService: handleConnectivityChange: addresses changed linkProperty[1]: resetMask=0
03-10 20:13:39.304   922   986 D QcConnectivityService:    car=removed=[] added=[fe80::ce1b:e0ff:fe61:8a30/64,]
03-10 20:13:39.304   922   986 E QcConnectivityService: Exception while trying to add src route: java.lang.NullPointerException
03-10 20:13:39.304   922   986 D Nat464Xlat: requiresClat: netType=1, hasIPv4Address=true
03-10 20:13:51.144   922  1077 D QcConnectivityService: setProvNotificationVisible: E visible=false networkType=1 extraInfo=null url=null
03-10 20:13:51.334   922  1077 D QcConnectivityService: captivePortalCheckCompleted: ni=NetworkInfo: type: WIFI[], state: CONNECTED/CONNECTED, reason: (unspecified), extra: "AllieGO 5GHz", roaming: false, failover: false, isAvailable: true, isConnectedToProvisioningNetwork: false captive=false
03-10 20:16:19.044   922   945 W ProcessCpuTracker: Skipping unknown process pid 4278
03-10 20:19:50.104   922   945 W ProcessCpuTracker: Skipping unknown process pid 4680
03-10 20:19:56.284   922   945 W ProcessCpuTracker: Skipping unknown process pid 4693
03-10 20:25:09.324   922   945 W ProcessCpuTracker: Skipping unknown process pid 5588
03-10 20:28:10.404   922   986 D QcConnectivityService: Sampling interval elapsed, updating statistics ..
03-10 20:28:10.414   922   945 I ProcessStatsService: Prepared write state in 7ms
03-10 20:28:10.424   922   986 D QcConnectivityService: Done.
03-10 20:28:10.424   922   986 D QcConnectivityService: Setting timer for 720seconds
03-10 20:28:10.434   922   946 I ProcessStatsService: Pruning old procstats: /data/system/procstats/state-2016-03-09-21-08-38.bin
03-10 20:28:55.644   922   945 I ActivityManager: Killing 1960:com.qualcomm.atuner/u0a65 (adj 15): empty for 1826s
03-10 20:28:55.644   922   945 I ActivityManager: Killing 1852:com.qualcomm.rcsbootstraputil/1001 (adj 15): empty for 1827s
03-10 20:28:55.644   922   945 I ActivityManager: Killing 1837:com.qualcomm.display/1000 (adj 15): empty for 1827s
03-10 20:28:55.644   922   945 I ActivityManager: Killing 1820:com.android.exchange/u0a28 (adj 15): empty for 1828s
03-10 20:28:55.644   922   945 I ActivityManager: Killing 1807:com.qualcomm.qct.dlt/u0a45 (adj 15): empty for 1828s
03-10 20:28:55.644   922   945 I ActivityManager: Killing 1745:com.android.cellbroadcastreceiver/u0a23 (adj 15): empty for 1828s
03-10 20:28:55.644   922   945 I ActivityManager: Killing 1066:android.process.acore/u0a2 (adj 15): empty for 1828s
03-10 20:31:08.924   922   945 W ProcessCpuTracker: Skipping unknown process pid 6080
03-10 20:33:10.194   922   945 W ProcessCpuTracker: Skipping unknown process pid 6291
03-10 20:36:30.984   922   945 W ProcessCpuTracker: Skipping unknown process pid 6640
03-10 20:40:10.434   922   986 D QcConnectivityService: Sampling interval elapsed, updating statistics ..
03-10 20:40:10.444   922   986 D QcConnectivityService: Done.
03-10 20:40:10.444   922   986 D QcConnectivityService: Setting timer for 720seconds
03-10 20:43:32.674   922   986 D QcConnectivityService: tryFailover: set mActiveDefaultNetwork=-1, prevNetType=1
03-10 20:43:32.674   922   986 D QcConnectivityService: Attempting to switch to BLUETOOTH_TETHER
03-10 20:43:32.794   922   986 D QcConnectivityService: resetConnections(wlan0, 3)
03-10 20:43:32.984   922   986 D Nat464Xlat: requiresClat: netType=1, hasIPv4Address=false
03-10 20:43:35.994   922  1077 D QcConnectivityService: setProvNotificationVisible: E visible=false networkType=1 extraInfo=null url=null
03-10 20:43:36.204   922   945 W ProcessCpuTracker: Skipping unknown process pid 7150
03-10 20:43:41.164   922   986 D QcConnectivityService: Captive portal check NetworkInfo: type: WIFI[], state: CONNECTING/CAPTIVE_PORTAL_CHECK, reason: (unspecified), extra: "AllieGO 5GHz", roaming: false, failover: false, isAvailable: true, isConnectedToProvisioningNetwork: false
03-10 20:43:41.164   922   986 D QcConnectivityService: handleCaptivePortalTrackerCheck: call captivePortalCheckComplete ni=NetworkInfo: type: WIFI[], state: CONNECTING/CAPTIVE_PORTAL_CHECK, reason: (unspecified), extra: "AllieGO 5GHz", roaming: false, failover: false, isAvailable: true, isConnectedToProvisioningNetwork: false
03-10 20:43:41.164   922   986 D QcConnectivityService: handleInetConditionChange: no active default network - ignore
03-10 20:43:41.184   922   986 E QcConnectivityService: Unexpected mtu value: android.net.wifi.WifiStateTracker@41cc4928
03-10 20:43:41.364   922   986 D Nat464Xlat: requiresClat: netType=1, hasIPv4Address=true
03-10 20:43:42.334   922   986 D QcConnectivityService: handleConnectivityChange: addresses changed linkProperty[1]: resetMask=0
03-10 20:43:42.334   922   986 D QcConnectivityService:    car=removed=[] added=[fe80::ce1b:e0ff:fe61:8a30/64,]
03-10 20:43:42.334   922   986 E QcConnectivityService: Exception while trying to add src route: java.lang.NullPointerException
03-10 20:43:42.334   922   986 D Nat464Xlat: requiresClat: netType=1, hasIPv4Address=true
03-10 20:43:54.394   922  1077 D QcConnectivityService: setProvNotificationVisible: E visible=false networkType=1 extraInfo=null url=null
03-10 20:43:54.514   922  1077 D QcConnectivityService: captivePortalCheckCompleted: ni=NetworkInfo: type: WIFI[], state: CONNECTED/CONNECTED, reason: (unspecified), extra: "AllieGO 5GHz", roaming: false, failover: false, isAvailable: true, isConnectedToProvisioningNetwork: false captive=false
03-10 20:50:06.254   922   945 W ProcessCpuTracker: Skipping unknown process pid 8247
03-10 20:58:10.404   922   986 D QcConnectivityService: Sampling interval elapsed, updating statistics ..
03-10 20:58:10.434   922   986 D QcConnectivityService: Done.
03-10 20:58:10.434   922   986 D QcConnectivityService: Setting timer for 720seconds
03-10 20:58:10.544   922   945 I ProcessStatsService: Prepared write state in 11ms
03-10 20:58:10.564   922   945 I ProcessStatsService: Prepared write state in 16ms
03-10 21:03:25.704   922   986 D QcConnectivityService: tryFailover: set mActiveDefaultNetwork=-1, prevNetType=1
03-10 21:03:25.704   922   986 D QcConnectivityService: Attempting to switch to BLUETOOTH_TETHER
03-10 21:03:25.834   922   986 D QcConnectivityService: resetConnections(wlan0, 3)
03-10 21:03:26.024   922   986 D Nat464Xlat: requiresClat: netType=1, hasIPv4Address=false
03-10 21:03:29.044   922  1077 D QcConnectivityService: setProvNotificationVisible: E visible=false networkType=1 extraInfo=null url=null
03-10 21:03:33.784   922   986 D QcConnectivityService: Captive portal check NetworkInfo: type: WIFI[], state: CONNECTING/CAPTIVE_PORTAL_CHECK, reason: (unspecified), extra: "AllieGO 5GHz", roaming: false, failover: false, isAvailable: true, isConnectedToProvisioningNetwork: false
03-10 21:03:33.784   922   986 D QcConnectivityService: handleCaptivePortalTrackerCheck: call captivePortalCheckComplete ni=NetworkInfo: type: WIFI[], state: CONNECTING/CAPTIVE_PORTAL_CHECK, reason: (unspecified), extra: "AllieGO 5GHz", roaming: false, failover: false, isAvailable: true, isConnectedToProvisioningNetwork: false
03-10 21:03:33.794   922   986 D QcConnectivityService: handleInetConditionChange: no active default network - ignore
