03-06 15:31:31.925  1640  1640 D wpa_supplicant: WPS: attr type=0x1042 len=8
03-06 15:31:31.925  1640  1640 D wpa_supplicant: WPS: attr type=0x1054 len=8
03-06 15:31:31.925  1640  1640 D wpa_supplicant: WPS: attr type=0x1011 len=9
03-06 15:31:31.925  1640  1640 D wpa_supplicant: WPS: attr type=0x1008 len=2
03-06 15:31:31.925  1640  1640 D wpa_supplicant: WPS: attr type=0x103c len=1
03-06 15:31:31.925  1640  1640 D wpa_supplicant: WPS: attr type=0x104a len=1
03-06 15:31:31.925  1640  1640 D wpa_supplicant: WPS: attr type=0x1044 len=1
03-06 15:31:31.925  1640  1640 D wpa_supplicant: WPS: attr type=0x103b len=1
03-06 15:31:31.925  1640  1640 D wpa_supplicant: WPS: attr type=0x1047 len=16
03-06 15:31:31.925  1640  1640 D wpa_supplicant: WPS: attr type=0x1021 len=24
03-06 15:31:31.925  1640  1640 D wpa_supplicant: WPS: attr type=0x1023 len=28
03-06 15:31:31.925  1640  1640 D wpa_supplicant: WPS: attr type=0x1024 len=6
03-06 15:31:31.925  1640  1640 D wpa_supplicant: WPS: attr type=0x1042 len=8
03-06 15:31:31.925  1640  1640 D wpa_supplicant: WPS: attr type=0x1054 len=8
03-06 15:31:31.925  1640  1640 D wpa_supplicant: WPS: attr type=0x1011 len=9
03-06 15:31:31.925  1640  1640 D wpa_supplicant: WPS: attr type=0x1008 len=2
03-06 15:31:31.925  1640  1640 D wpa_supplicant: WPS: attr type=0x103c len=1
03-06 15:31:31.925  1640  1640 D wpa_supplicant: WPS: attr type=0x104a len=1
03-06 15:31:31.925  1640  1640 D wpa_supplicant: WPS: attr type=0x1044 len=1
03-06 15:31:31.925  1640  1640 D wpa_supplicant: WPS: attr type=0x103b len=1
03-06 15:31:31.925  1640  1640 D wpa_supplicant: WPS: attr type=0x1047 len=16
03-06 15:31:31.925  1640  1640 D wpa_supplicant: WPS: attr type=0x1021 len=21
03-06 15:31:31.925  1640  1640 D wpa_supplicant: WPS: attr type=0x1023 len=28
03-06 15:31:31.925  1640  1640 D wpa_supplicant: WPS: attr type=0x1024 len=7
03-06 15:31:31.925  1640  1640 D wpa_supplicant: WPS: attr type=0x1042 len=17
03-06 15:31:31.925  1640  1640 D wpa_supplicant: WPS: attr type=0x1054 len=8
03-06 15:31:31.925  1640  1640 D wpa_supplicant: WPS: attr type=0x1011 len=7
03-06 15:31:31.925  1640  1640 D wpa_supplicant: WPS: attr type=0x1008 len=2
03-06 15:31:31.925  1640  1640 D wpa_supplicant: WPS: attr type=0x103c len=1
03-06 15:31:31.925  1640  1640 D wpa_supplicant: WPS: attr type=0x1049 len=6
03-06 15:31:31.925  1640  1640 D wpa_supplicant: WPS: WFA subelement id=0 len=1
03-06 15:31:31.925  1640  1640 D wpa_supplicant: WPS: attr type=0x104a len=1
03-06 15:31:31.925  1640  1640 D wpa_supplicant: WPS: attr type=0x1044 len=1
03-06 15:31:31.925  1640  1640 D wpa_supplicant: WPS: attr type=0x103b len=1
03-06 15:31:31.925  1640  1640 D wpa_supplicant: WPS: attr type=0x1047 len=16
03-06 15:31:31.925  1640  1640 D wpa_supplicant: WPS: attr type=0x1021 len=21
03-06 15:31:31.925  1640  1640 D wpa_supplicant: WPS: attr type=0x1023 len=28
03-06 15:31:31.925  1640  1640 D wpa_supplicant: WPS: attr type=0x1024 len=7
03-06 15:31:31.925  1640  1640 D wpa_supplicant: WPS: attr type=0x1042 len=17
03-06 15:31:31.925  1640  1640 D wpa_supplicant: WPS: attr type=0x1054 len=8
03-06 15:31:31.925  1640  1640 D wpa_supplicant: WPS: attr type=0x1011 len=7
03-06 15:31:31.925  1640  1640 D wpa_supplicant: WPS: attr type=0x1008 len=2
03-06 15:31:31.925  1640  1640 D wpa_supplicant: WPS: attr type=0x103c len=1
03-06 15:31:31.925  1640  1640 D wpa_supplicant: WPS: attr type=0x1049 len=6
03-06 15:31:31.925  1640  1640 D wpa_supplicant: WPS: WFA subelement id=0 len=1
03-06 15:31:31.925  1640  1640 D wpa_supplicant: WPS: attr type=0x104a len=1
03-06 15:31:31.925  1640  1640 D wpa_supplicant: WPS: attr type=0x1044 len=1
03-06 15:31:31.925  1640  1640 D wpa_supplicant: WPS: attr type=0x103b len=1
03-06 15:31:31.925  1640  1640 D wpa_supplicant: WPS: attr type=0x1047 len=16
03-06 15:31:31.925  1640  1640 D wpa_supplicant: WPS: attr type=0x1021 len=21
03-06 15:31:31.925  1640  1640 D wpa_supplicant: WPS: attr type=0x1023 len=28
03-06 15:31:31.925  1640  1640 D wpa_supplicant: WPS: attr type=0x1024 len=7
03-06 15:31:31.925  1640  1640 D wpa_supplicant: WPS: attr type=0x1042 len=17
03-06 15:31:31.925  1640  1640 D wpa_supplicant: WPS: attr type=0x1054 len=8
03-06 15:31:31.925  1640  1640 D wpa_supplicant: WPS: attr type=0x1011 len=7
03-06 15:31:31.925  1640  1640 D wpa_supplicant: WPS: attr type=0x1008 len=2
03-06 15:31:31.925  1640  1640 D wpa_supplicant: WPS: attr type=0x103c len=1
03-06 15:31:31.925  1640  1640 D wpa_supplicant: WPS: attr type=0x1049 len=6
03-06 15:31:31.925  1640  1640 D wpa_supplicant: WPS: WFA subelement id=0 len=1
03-06 15:31:31.925  1640  1640 D wpa_supplicant: CTRL_IFACE monitor send - hexdump(len=39): 2f 64 61 74 61 2f 6d 69 73 63 2f 77 69 66 69 2f 73 6f 63 6b 65 74 73 2f 77 70 61 5f 63 74 72 6c ...
03-06 15:31:31.925   220   220 V WLAN_PSA: NL MSG, len[048], NL type[0x11] WNI type[0x5050] len[028]
03-06 15:31:31.925  1640  1640 D wpa_supplicant: WPS: attr type=0x104a len=1
03-06 15:31:31.925  1640  1640 D wpa_supplicant: WPS: attr type=0x1044 len=1
03-06 15:31:31.925  1640  1640 D wpa_supplicant: WPS: attr type=0x103b len=1
03-06 15:31:31.925  1640  1640 D wpa_supplicant: WPS: attr type=0x1047 len=16
03-06 15:31:31.925  1640  1640 D wpa_supplicant: WPS: attr type=0x1021 len=13
03-06 15:31:31.925  1640  1640 D wpa_supplicant: WPS: attr type=0x1023 len=5
03-06 15:31:31.925  1640  1640 D wpa_supplicant: WPS: attr type=0x1024 len=5
03-06 15:31:31.925  1640  1640 D wpa_supplicant: WPS: attr type=0x1042 len=2
03-06 15:31:31.925  1640  1640 D wpa_supplicant: WPS: attr type=0x1054 len=8
03-06 15:31:31.925  1640  1640 D wpa_supplicant: WPS: attr type=0x1011 len=5
03-06 15:31:31.925  1640  1640 D wpa_supplicant: WPS: attr type=0x1008 len=2
03-06 15:31:31.925  1640  1640 D wpa_supplicant: WPS: attr type=0x103c len=1
03-06 15:31:31.925  1640  1640 D wpa_supplicant: WPS: attr type=0x1049 len=6
03-06 15:31:31.925  1640  1640 D wpa_supplicant: WPS: WFA subelement id=0 len=1
03-06 15:31:31.925  1640  1640 D wpa_supplicant: WPS: AP e8:fc:af:ff:3a:33 type 0 added
03-06 15:31:31.925  1640  1640 D wpa_supplicant: WPS: attr type=0x104a len=1
03-06 15:31:31.925  1640  1640 D wpa_supplicant: WPS: attr type=0x1044 len=1
03-06 15:31:31.925  1640  1640 D wpa_supplicant: WPS: attr type=0x103b len=1
03-06 15:31:31.925  1640  1640 D wpa_supplicant: WPS: attr type=0x1047 len=16
03-06 15:31:31.925  1640  1640 D wpa_supplicant: WPS: attr type=0x1021 len=9
03-06 15:31:31.925  1640  1640 D wpa_supplicant: WPS: attr type=0x1023 len=5
03-06 15:31:31.925  1640  1640 D wpa_supplicant: WPS: attr type=0x1024 len=9
03-06 15:31:31.925  1640  1640 D wpa_supplicant: WPS: attr type=0x1042 len=15
03-06 15:31:31.925  1640  1640 D wpa_supplicant: WPS: attr type=0x1054 len=8
03-06 15:31:31.925  1640  1640 D wpa_supplicant: WPS: attr type=0x1011 len=8
03-06 15:31:31.925  1640  1640 D wpa_supplicant: WPS: attr type=0x1008 len=2
03-06 15:31:31.925  1640  1640 D wpa_supplicant: WPS: attr type=0x103c len=1
03-06 15:31:31.925  1640  1640 D wpa_supplicant: WPS: attr type=0x1049 len=6
03-06 15:31:31.925  1640  1640 D wpa_supplicant: WPS: WFA subelement id=0 len=1
03-06 15:31:31.925  1640  1640 D wpa_supplicant: WPS: AP d4:bf:7f:50:25:d7 type 0 added
03-06 15:31:31.925  1640  1640 D wpa_supplicant: WPS: attr type=0x104a len=1
03-06 15:31:31.925  1640  1640 D wpa_supplicant: WPS: attr type=0x1044 len=1
03-06 15:31:31.925  1640  1640 D wpa_supplicant: WPS: attr type=0x1047 len=16
03-06 15:31:31.925  1640  1640 D wpa_supplicant: WPS: attr type=0x103c len=1
03-06 15:31:31.925  1640  1640 D wpa_supplicant: WPS: attr type=0x1049 len=6
03-06 15:31:31.925  1640  1640 D wpa_supplicant: WPS: WFA subelement id=0 len=1
03-06 15:31:31.925  1640  1640 D wpa_supplicant: WPS: AP e8:fc:af:ff:3a:34 type 0 added
03-06 15:31:31.925  1640  1640 D wpa_supplicant: WPS: attr type=0x104a len=1
03-06 15:31:31.925  1640  1640 D wpa_supplicant: WPS: attr type=0x1044 len=1
03-06 15:31:31.925  1640  1640 D wpa_supplicant: WPS: attr type=0x103b len=1
03-06 15:31:31.925  1640  1640 D wpa_supplicant: WPS: attr type=0x1047 len=16
03-06 15:31:31.925  1640  1640 D wpa_supplicant: WPS: attr type=0x1021 len=24
03-06 15:31:31.925  1640  1640 D wpa_supplicant: WPS: attr type=0x1023 len=28
03-06 15:31:31.925  1640  1640 D wpa_supplicant: WPS: attr type=0x1024 len=6
03-06 15:31:31.925  1640  1640 D wpa_supplicant: WPS: attr type=0x1042 len=8
03-06 15:31:31.925  1640  1640 D wpa_supplicant: WPS: attr type=0x1054 len=8
03-06 15:31:31.925  1640  1640 D wpa_supplicant: WPS: attr type=0x1011 len=9
03-06 15:31:31.925  1640  1640 D wpa_supplicant: WPS: attr type=0x1008 len=2
03-06 15:31:31.925  1640  1640 D wpa_supplicant: WPS: attr type=0x103c len=1
03-06 15:31:31.935  1640  1640 D wpa_supplicant: WPS: AP ec:43:f6:da:f7:48 type 0 added
03-06 15:31:31.935  1640  1640 D wpa_supplicant: WPS: attr type=0x104a len=1
03-06 15:31:31.935  1640  1640 D wpa_supplicant: WPS: attr type=0x1044 len=1
03-06 15:31:31.935  1640  1640 D wpa_supplicant: WPS: attr type=0x103b len=1
03-06 15:31:31.935  1640  1640 D wpa_supplicant: WPS: attr type=0x1047 len=16
03-06 15:31:31.935  1640  1640 D wpa_supplicant: WPS: attr type=0x1021 len=21
03-06 15:31:31.935  1640  1640 D wpa_supplicant: WPS: attr type=0x1023 len=28
03-06 15:31:31.935  1640  1640 D wpa_supplicant: WPS: attr type=0x1024 len=7
03-06 15:31:31.935  1640  1640 D wpa_supplicant: WPS: attr type=0x1042 len=17
03-06 15:31:31.935  1640  1640 D wpa_supplicant: WPS: attr type=0x1054 len=8
03-06 15:31:31.935  1640  1640 D wpa_supplicant: WPS: attr type=0x1011 len=7
03-06 15:31:31.935  1640  1640 D wpa_supplicant: WPS: attr type=0x1008 len=2
03-06 15:31:31.935  1640  1640 D wpa_supplicant: WPS: attr type=0x103c len=1
03-06 15:31:31.935  1640  1640 D wpa_supplicant: WPS: attr type=0x1049 len=6
03-06 15:31:31.935  1640  1640 D wpa_supplicant: WPS: WFA subelement id=0 len=1
03-06 15:31:31.935  1640  1640 D wpa_supplicant: WPS: AP 1c:87:2c:6c:c3:50 type 0 added
03-06 15:31:31.935  1640  1640 D wpa_supplicant: WPS: AP[0] e8:fc:af:ff:3a:33 type=0 tries=0 last_attempt=-1 sec ago blacklist=1
03-06 15:31:31.935  1640  1640 D wpa_supplicant: WPS: AP[1] d4:bf:7f:50:25:d7 type=0 tries=0 last_attempt=-1 sec ago blacklist=0
03-06 15:31:31.935  1640  1640 D wpa_supplicant: WPS: AP[2] e8:fc:af:ff:3a:34 type=0 tries=0 last_attempt=-1 sec ago blacklist=0
03-06 15:31:31.935  1640  1640 D wpa_supplicant: WPS: AP[3] ec:43:f6:da:f7:48 type=0 tries=0 last_attempt=-1 sec ago blacklist=0
03-06 15:31:31.935  1640  1640 D wpa_supplicant: WPS: AP[4] 1c:87:2c:6c:c3:50 type=0 tries=0 last_attempt=-1 sec ago blacklist=0
03-06 15:31:31.935  1640  1640 D wpa_supplicant: wlan0: Selecting BSS from priority group 0
03-06 15:31:31.935  1640  1640 D wpa_supplicant: wlan0: 0: e8:fc:af:ff:3a:33 ssid='AllieGO 5GHz' wpa_ie_len=0 rsn_ie_len=20 caps=0x1011 level=-52 wps
03-06 15:31:31.935  1640  1640 D wpa_supplicant: wlan0:    skip - blacklisted (count=1 limit=0)
03-06 15:31:31.935  1640  1640 D wpa_supplicant: wlan0: 1: d4:bf:7f:50:25:d7 ssid='max_test' wpa_ie_len=0 rsn_ie_len=20 caps=0x411 level=-52 wps
03-06 15:31:31.935  1640  1640 D wpa_supplicant: wlan0:    skip - SSID mismatch
03-06 15:31:31.935  1640  1640 D wpa_supplicant: wlan0: 2: e8:fc:af:ff:3a:34 ssid='AllieGO' wpa_ie_len=0 rsn_ie_len=20 caps=0x1411 level=-62 wps
03-06 15:31:31.935  1640  1640 D wpa_supplicant: wlan0:    skip - SSID mismatch
03-06 15:31:31.935  1640  1640 D wpa_supplicant: wlan0: 3: ec:43:f6:da:f7:48 ssid='Metro' wpa_ie_len=22 rsn_ie_len=0 caps=0x411 level=-68 wps
03-06 15:31:31.935  1640  1640 D wpa_supplicant: wlan0:    skip - SSID mismatch
03-06 15:31:31.935  1640  1640 D wpa_supplicant: wlan0: 4: 14:d6:4d:78:6b:54 ssid='kitnpf' wpa_ie_len=26 rsn_ie_len=24 caps=0xc31 level=-82
03-06 15:31:31.935  1640  1640 D wpa_supplicant: wlan0:    skip - SSID mismatch
03-06 15:31:31.935  1640  1640 D wpa_supplicant: wlan0: 5: 1c:87:2c:6c:c3:50 ssid='moko' wpa_ie_len=0 rsn_ie_len=20 caps=0x411 level=-85 wps
03-06 15:31:31.935  1640  1640 D wpa_supplicant: wlan0:    skip - SSID mismatch
03-06 15:31:31.935  1640  1640 D wpa_supplicant: wlan0: 6: 00:18:25:00:e2:90 ssid='Utel zvoni 8-800-3000-125' wpa_ie_len=0 rsn_ie_len=0 caps=0x421 level=-83
03-06 15:31:31.935  1640  1640 D wpa_supplicant: wlan0:    skip - SSID mismatch
03-06 15:31:31.935  1640  1640 D wpa_supplicant: wlan0: No APs found - clear blacklist and try again
03-06 15:31:31.935  1640  1640 D wpa_supplicant: Removed BSSID e8:fc:af:ff:3a:33 from blacklist (clear)
03-06 15:31:31.935  1640  1640 D wpa_supplicant: wlan0: Selecting BSS from priority group 0
03-06 15:31:31.935  1640  1640 D wpa_supplicant: wlan0: 0: e8:fc:af:ff:3a:33 ssid='AllieGO 5GHz' wpa_ie_len=0 rsn_ie_len=20 caps=0x1011 level=-52 wps
03-06 15:31:31.935  1640  1640 D wpa_supplicant: wlan0:    selected based on RSN IE
03-06 15:31:31.935  1640  1640 D wpa_supplicant: wlan0:    selected BSS e8:fc:af:ff:3a:33 ssid='AllieGO 5GHz'
03-06 15:31:31.935  1640  1640 D wpa_supplicant: wlan0: Considering connect request: reassociate: 1  selected: e8:fc:af:ff:3a:33  bssid: 00:00:00:00:00:00  pending: 00:00:00:00:00:00  wpa_state: SCANNING  ssid=0xb76934b8  current_ssid=0xb76934b8
03-06 15:31:31.935  1640  1640 D wpa_supplicant: wlan0: Request association with e8:fc:af:ff:3a:33
03-06 15:31:31.935  1640  1640 D wpa_supplicant: WPA: Unrecognized EAPOL-Key Key Data IE - hexdump(len=14): 00 0c 41 6c 6c 69 65 47 4f 20 35 47 48 7a
03-06 15:31:31.935  1640  1640 D wpa_supplicant: WPA: Unrecognized EAPOL-Key Key Data IE - hexdump(len=62): 07 3c 44 45 20 24 01 17 28 01 17 2c 01 17 30 01 17 34 01 17 38 01 17 3c 01 17 40 01 17 64 01 1e ...
03-06 15:31:31.935  1640  1640 D wpa_supplicant: WPA: RSN IE in EAPOL-Key - hexdump(len=22): 30 14 01 00 00 0f ac 04 01 00 00 0f ac 04 01 00 00 0f ac 02 0c 00
03-06 15:31:31.935  1640  1640 D wpa_supplicant: WPA: Unrecognized EAPOL-Key Key Data IE - hexdump(len=7): 0b 05 05 00 04 00 00
03-06 15:31:31.935  1640  1640 D wpa_supplicant: WPA: Unrecognized EAPOL-Key Key Data IE - hexdump(len=24): 3d 16 2c 0d 04 00 00 00 00 00 00 00 00 00 00 00 00 00 00 00 00 00 00 00
03-06 15:31:31.935  1640  1640 D wpa_supplicant: WPA: Unrecognized EAPOL-Key Key Data IE - hexdump(len=7): c0 05 01 2a 00 00 00
03-06 15:31:31.935  1640  1640 D wpa_supplicant: WPA: Unrecognized EAPOL-Key Key Data IE - hexdump(len=6): c3 04 02 02 02 02
03-06 15:31:31.935  1640  1640 D wpa_supplicant: WPA: WMM Parameter Element - hexdump(len=24): 00 50 f2 02 01 01 84 00 03 a4 00 00 27 a4 00 00 42 43 5e 00 62 32 2f 00
03-06 15:31:31.935  1640  1640 D wpa_supplicant: TDLS: TDLS is allowed in the target BSS
03-06 15:31:31.935  1640  1640 I wpa_supplicant: wlan0: Trying to associate with SSID 'AllieGO 5GHz'
03-06 15:31:31.935  1640  1640 D wpa_supplicant: CTRL_IFACE monitor send - hexdump(len=39): 2f 64 61 74 61 2f 6d 69 73 63 2f 77 69 66 69 2f 73 6f 63 6b 65 74 73 2f 77 70 61 5f 63 74 72 6c ...
03-06 15:31:31.935  1640  1640 D wpa_supplicant: wlan0: Cancelling scan request
03-06 15:31:31.935  1640  1640 D wpa_supplicant: wlan0: P2P: Station mode scan operation not pending anymore (sta_scan_pending=0 p2p_cb_on_scan_complete=0)
03-06 15:31:31.935  1640  1640 D wpa_supplicant: wlan0: WPA: clearing own WPA/RSN IE
03-06 15:31:31.935  1640  1640 D wpa_supplicant: wlan0: Automatic auth_alg selection: 0x1
03-06 15:31:31.935  1640  1640 D wpa_supplicant: RSN: PMKSA cache search - network_ctx=0xb76934b8 try_opportunistic=0
03-06 15:31:31.935  1640  1640 D wpa_supplicant: RSN: Search for BSSID e8:fc:af:ff:3a:33
03-06 15:31:31.935  1640  1640 D wpa_supplicant: RSN: No PMKSA cache entry found
03-06 15:31:31.935  1640  1640 D wpa_supplicant: wlan0: RSN: using IEEE 802.11i/D9.0
03-06 15:31:31.935  1640  1640 D wpa_supplicant: wlan0: WPA: Selected cipher suites: group 16 pairwise 16 key_mgmt 2 proto 2
03-06 15:31:31.935  1640  1640 D wpa_supplicant: wlan0: WPA: Selected mgmt group cipher 32
03-06 15:31:31.935  1640  1640 D wpa_supplicant: wlan0: WPA: clearing AP WPA IE
03-06 15:31:31.935  1640  1640 D wpa_supplicant: WPA: set AP RSN IE - hexdump(len=22): 30 14 01 00 00 0f ac 04 01 00 00 0f ac 04 01 00 00 0f ac 02 0c 00
03-06 15:31:31.935  1640  1640 D wpa_supplicant: wlan0: WPA: using GTK CCMP
03-06 15:31:31.935  1640  1640 D wpa_supplicant: wlan0: WPA: using PTK CCMP
03-06 15:31:31.935  1640  1640 D wpa_supplicant: wlan0: WPA: using KEY_MGMT WPA-PSK
03-06 15:31:31.935  1640  1640 D wpa_supplicant: wlan0: WPA: not using MGMT group cipher
03-06 15:31:31.935  1640  1640 D wpa_supplicant: WPA: Set own WPA IE default - hexdump(len=22): 30 14 01 00 00 0f ac 04 01 00 00 0f ac 04 01 00 00 0f ac 02 00 00
03-06 15:31:31.935  1640  1640 D wpa_supplicant: wlan0: No keys have been configured - skip key clearing
03-06 15:31:31.935  1640  1640 D wpa_supplicant: wlan0: State: SCANNING -> ASSOCIATING
03-06 15:31:31.935  1640  1640 D wpa_supplicant: wpa_driver_nl80211_set_operstate: operstate 0->0 (DORMANT)
03-06 15:31:31.935  1640  1640 D wpa_supplicant: netlink: Operstate: linkmode=-1, operstate=5
03-06 15:31:31.935  1640  1640 D wpa_supplicant: CTRL_IFACE monitor send - hexdump(len=39): 2f 64 61 74 61 2f 6d 69 73 63 2f 77 69 66 69 2f 73 6f 63 6b 65 74 73 2f 77 70 61 5f 63 74 72 6c ...
03-06 15:31:31.935  1640  1640 D wpa_supplicant: nl80211: Set mode ifindex 22 iftype 2 (STATION)
03-06 15:31:31.935  1640  1640 D wpa_supplicant: nl80211: Unsubscribe mgmt frames handle 0xb768d090 (mode change)
03-06 15:31:31.935  1640  1640 D wpa_supplicant: nl80211: Subscribe to mgmt frames with non-AP handle 0xb768d090
03-06 15:31:31.935  1640  1640 D wpa_supplicant: nl80211: Register frame type=0xd0 nl_handle=0xb768d090
03-06 15:31:31.935  1640  1640 D wpa_supplicant: nl80211: Register frame match - hexdump(len=2): 04 0a
03-06 15:31:31.935  1640  1640 D wpa_supplicant: nl80211: Register frame type=0xd0 nl_handle=0xb768d090
03-06 15:31:31.935  1640  1640 D wpa_supplicant: nl80211: Register frame match - hexdump(len=2): 04 0b
03-06 15:31:31.935  1640  1640 D wpa_supplicant: nl80211: Register frame type=0xd0 nl_handle=0xb768d090
03-06 15:31:31.935  1640  1640 D wpa_supplicant: nl80211: Register frame match - hexdump(len=2): 04 0c
03-06 15:31:31.935  1640  1640 D wpa_supplicant: nl80211: Register frame type=0xd0 nl_handle=0xb768d090
03-06 15:31:31.935  1640  1640 D wpa_supplicant: nl80211: Register frame match - hexdump(len=2): 04 0d
03-06 15:31:31.935  1640  1640 D wpa_supplicant: nl80211: Register frame type=0xd0 nl_handle=0xb768d090
03-06 15:31:31.935  1640  1640 D wpa_supplicant: nl80211: Register frame match - hexdump(len=6): 04 09 50 6f 9a 09
03-06 15:31:31.935  1640  1640 D wpa_supplicant: nl80211: Register frame type=0xd0 nl_handle=0xb768d090
03-06 15:31:31.935  1640  1640 D wpa_supplicant: nl80211: Register frame match - hexdump(len=5): 7f 50 6f 9a 09
03-06 15:31:31.935  1640  1640 D wpa_supplicant: nl80211: Register frame type=0xd0 nl_handle=0xb768d090
03-06 15:31:31.935  1640  1640 D wpa_supplicant: nl80211: Register frame match - hexdump(len=2): 08 01
03-06 15:31:31.935  1640  1640 D wpa_supplicant: nl80211: Register frame type=0xd0 nl_handle=0xb768d090
03-06 15:31:31.935  1640  1640 D wpa_supplicant: nl80211: Register frame match - hexdump(len=2): 04 0e
03-06 15:31:31.935  1640  1640 D wpa_supplicant: nl80211: Register frame type=0xd0 nl_handle=0xb768d090
03-06 15:31:31.935  1640  1640 D wpa_supplicant: nl80211: Register frame match - hexdump(len=1): 06
03-06 15:31:31.935  1640  1640 D wpa_supplicant: nl80211: Register frame type=0xd0 nl_handle=0xb768d090
03-06 15:31:31.935  1640  1640 D wpa_supplicant: nl80211: Register frame match - hexdump(len=2): 0a 07
03-06 15:31:31.935  1640  1640 D wpa_supplicant: nl80211: Register frame type=0xd0 nl_handle=0xb768d090
03-06 15:31:31.935  1640  1640 D wpa_supplicant: nl80211: Register frame match - hexdump(len=2): 0a 11
03-06 15:31:31.935  1640  1640 D wpa_supplicant: nl80211: Connect (ifindex=22)
03-06 15:31:31.935  1640  1640 D wpa_supplicant:   * SSID - hexdump(len=12): 41 6c 6c 69 65 47 4f 20 35 47 48 7a
03-06 15:31:31.935  1640  1640 D wpa_supplicant:   * IEs - hexdump(len=28): 30 14 01 00 00 0f ac 04 01 00 00 0f ac 04 01 00 00 0f ac 02 00 00 7f 04 00 00 0a 02
03-06 15:31:31.935  1640  1640 D wpa_supplicant:   * Auth Type 0
03-06 15:31:31.935  1640  1640 D wpa_supplicant:   * WPA Versions 0x2
03-06 15:31:31.935   220   220 V WLAN_PSA: NL MSG, len[048], NL type[0x11] WNI type[0x5050] len[028]
03-06 15:31:31.935  1640  1640 D wpa_supplicant: nl80211: Connect request send successfully
03-06 15:31:31.935  1640  1640 D wpa_supplicant: wlan0: Setting authentication timeout: 10 sec 0 usec
03-06 15:31:31.935  1640  1640 D wpa_supplicant: EAPOL: External notification - EAP success=0
03-06 15:31:31.935  1640  1640 D wpa_supplicant: EAPOL: Supplicant port status: Unauthorized
03-06 15:31:31.935  1640  1640 D wpa_supplicant: nl80211: Set supplicant port unauthorized for 00:00:00:00:00:00
03-06 15:31:31.935   220   220 V WLAN_PSA: NL MSG, len[048], NL type[0x11] WNI type[0x5050] len[028]
03-06 15:31:31.935  1640  1640 D wpa_supplicant: EAPOL: External notification - EAP fail=0
03-06 15:31:31.935  1640  1640 D wpa_supplicant: EAPOL: Supplicant port status: Unauthorized
03-06 15:31:31.935  1640  1640 D wpa_supplicant: nl80211: Set supplicant port unauthorized for 00:00:00:00:00:00
03-06 15:31:31.935  1640  1640 D wpa_supplicant: EAPOL: External notification - portControl=Auto
03-06 15:31:31.935  1640  1640 D wpa_supplicant: EAPOL: Supplicant port status: Unauthorized
03-06 15:31:31.935  1640  1640 D wpa_supplicant: nl80211: Set supplicant port unauthorized for 00:00:00:00:00:00
03-06 15:31:31.935  1640  1640 D wpa_supplicant: nl80211: Drv Event 32 (NL80211_CMD_GET_SCAN) received for wlan0
03-06 15:31:31.935  1640  1640 D wpa_supplicant: wlan0: nl80211: Ignored unknown event (cmd=32)
03-06 15:31:31.935  1640  1640 D wpa_supplicant: RX ctrl_iface - hexdump(len=25): 42 53 53 20 52 41 4e 47 45 3d 30 2d 20 4d 41 53 4b 3d 30 78 32 31 39 38 37
03-06 15:31:31.935  1640  1640 D wpa_supplicant: wlan0: Control interface command 'BSS RANGE=0- MASK=0x21987'
03-06 15:31:31.935  1640  1640 D wpa_supplicant: WPS: attr type=0x104a len=1
03-06 15:31:31.935  1640  1640 D wpa_supplicant: WPS: attr type=0x1044 len=1
03-06 15:31:31.935  1640  1640 D wpa_supplicant: WPS: attr type=0x103b len=1
03-06 15:31:31.935  1640  1640 D wpa_supplicant: WPS: attr type=0x1047 len=16
03-06 15:31:31.935  1640  1640 D wpa_supplicant: WPS: attr type=0x1021 len=13
03-06 15:31:31.935  1640  1640 D wpa_supplicant: WPS: attr type=0x1023 len=5
03-06 15:31:31.935  1640  1640 D wpa_supplicant: WPS: attr type=0x1024 len=5
03-06 15:31:31.935  1640  1640 D wpa_supplicant: WPS: attr type=0x1042 len=2
03-06 15:31:31.935  1640  1640 D wpa_supplicant: WPS: attr type=0x1054 len=8
03-06 15:31:31.935  1640  1640 D wpa_supplicant: WPS: attr type=0x1011 len=5
03-06 15:31:31.935  1640  1640 D wpa_supplicant: WPS: attr type=0x1008 len=2
03-06 15:31:31.935  1640  1640 D wpa_supplicant: WPS: attr type=0x103c len=1
03-06 15:31:31.935  1640  1640 D wpa_supplicant: WPS: attr type=0x1049 len=6
03-06 15:31:31.935  1640  1640 D wpa_supplicant: WPS: WFA subelement id=0 len=1
03-06 15:31:31.935  1640  1640 D wpa_supplicant: WPS: attr type=0x104a len=1
03-06 15:31:31.935  1640  1640 D wpa_supplicant: WPS: attr type=0x1044 len=1
03-06 15:31:31.935  1640  1640 D wpa_supplicant: WPS: attr type=0x103b len=1
03-06 15:31:31.935  1640  1640 D wpa_supplicant: WPS: attr type=0x1047 len=16
03-06 15:31:31.935  1640  1640 D wpa_supplicant: WPS: attr type=0x1021 len=13
03-06 15:31:31.935  1640  1640 D wpa_supplicant: WPS: attr type=0x1023 len=5
03-06 15:31:31.935  1640  1640 D wpa_supplicant: WPS: attr type=0x1024 len=5
03-06 15:31:31.935  1640  1640 D wpa_supplicant: WPS: attr type=0x1042 len=2
03-06 15:31:31.935  1640  1640 D wpa_supplicant: WPS: attr type=0x1054 len=8
03-06 15:31:31.935  1640  1640 D wpa_supplicant: WPS: attr type=0x1011 len=5
03-06 15:31:31.935  1640  1640 D wpa_supplicant: WPS: attr type=0x1008 len=2
03-06 15:31:31.935  1640  1640 D wpa_supplicant: WPS: attr type=0x103c len=1
03-06 15:31:31.935  1640  1640 D wpa_supplicant: WPS: attr type=0x1049 len=6
03-06 15:31:31.935  1640  1640 D wpa_supplicant: WPS: WFA subelement id=0 len=1
03-06 15:31:31.935  1640  1640 D wpa_supplicant: WPS: attr type=0x104a len=1
03-06 15:31:31.935  1640  1640 D wpa_supplicant: WPS: attr type=0x1044 len=1
03-06 15:31:31.935  1640  1640 D wpa_supplicant: WPS: attr type=0x103b len=1
03-06 15:31:31.935  1640  1640 D wpa_supplicant: WPS: attr type=0x1047 len=16
03-06 15:31:31.935  1640  1640 D wpa_supplicant: WPS: attr type=0x1021 len=13
03-06 15:31:31.935  1640  1640 D wpa_supplicant: WPS: attr type=0x1023 len=5
03-06 15:31:31.935  1640  1640 D wpa_supplicant: WPS: attr type=0x1024 len=5
03-06 15:31:31.935  1640  1640 D wpa_supplicant: WPS: attr type=0x1042 len=2
03-06 15:31:31.935  1640  1640 D wpa_supplicant: WPS: attr type=0x1054 len=8
03-06 15:31:31.935  1640  1640 D wpa_supplicant: WPS: attr type=0x1011 len=5
03-06 15:31:31.935  1640  1640 D wpa_supplicant: WPS: attr type=0x1008 len=2
03-06 15:31:31.935  1640  1640 D wpa_supplicant: WPS: attr type=0x103c len=1
03-06 15:31:31.935  1640  1640 D wpa_supplicant: WPS: attr type=0x1049 len=6
03-06 15:31:31.935  1640  1640 D wpa_supplicant: WPS: WFA subelement id=0 len=1
03-06 15:31:31.935  1640  1640 D wpa_supplicant: WPS: attr type=0x104a len=1
03-06 15:31:31.935  1640  1640 D wpa_supplicant: WPS: attr type=0x1044 len=1
03-06 15:31:31.935  1640  1640 D wpa_supplicant: WPS: attr type=0x103b len=1
03-06 15:31:31.935  1640  1640 D wpa_supplicant: WPS: attr type=0x1047 len=16
03-06 15:31:31.935  1640  1640 D wpa_supplicant: WPS: attr type=0x1021 len=9
03-06 15:31:31.935  1640  1640 D wpa_supplicant: WPS: attr type=0x1023 len=5
03-06 15:31:31.935  1640  1640 D wpa_supplicant: WPS: attr type=0x1024 len=9
03-06 15:31:31.935  1640  1640 D wpa_supplicant: WPS: attr type=0x1042 len=15
03-06 15:31:31.935  1640  1640 D wpa_supplicant: WPS: attr type=0x1054 len=8
03-06 15:31:31.935  1640  1640 D wpa_supplicant: WPS: attr type=0x1011 len=8
03-06 15:31:31.935  1640  1640 D wpa_supplicant: WPS: attr type=0x1008 len=2
03-06 15:31:31.935  1640  1640 D wpa_supplicant: WPS: attr type=0x103c len=1
03-06 15:31:31.935  1640  1640 D wpa_supplicant: WPS: attr type=0x1049 len=6
03-06 15:31:31.935  1640  1640 D wpa_supplicant: WPS: WFA subelement id=0 len=1
03-06 15:31:31.935  1640  1640 D wpa_supplicant: WPS: attr type=0x104a len=1
03-06 15:31:31.935  1640  1640 D wpa_supplicant: WPS: attr type=0x1044 len=1
03-06 15:31:31.935  1640  1640 D wpa_supplicant: WPS: attr type=0x103b len=1
03-06 15:31:31.935  1640  1640 D wpa_supplicant: WPS: attr type=0x1047 len=16
03-06 15:31:31.935  1640  1640 D wpa_supplicant: WPS: attr type=0x1021 len=9
03-06 15:31:31.935  1640  1640 D wpa_supplicant: WPS: attr type=0x1023 len=5
03-06 15:31:31.935  1640  1640 D wpa_supplicant: WPS: attr type=0x1024 len=9
03-06 15:31:31.935  1640  1640 D wpa_supplicant: WPS: attr type=0x1042 len=15
03-06 15:31:31.935  1640  1640 D wpa_supplicant: WPS: attr type=0x1054 len=8
03-06 15:31:31.935  1640  1640 D wpa_supplicant: WPS: attr type=0x1011 len=8
03-06 15:31:31.935  1640  1640 D wpa_supplicant: WPS: attr type=0x1008 len=2
03-06 15:31:31.935  1640  1640 D wpa_supplicant: WPS: attr type=0x103c len=1
03-06 15:31:31.935  1640  1640 D wpa_supplicant: WPS: attr type=0x1049 len=6
03-06 15:31:31.935  1640  1640 D wpa_supplicant: WPS: WFA subelement id=0 len=1
03-06 15:31:31.935  1640  1640 D wpa_supplicant: WPS: attr type=0x104a len=1
03-06 15:31:31.935  1640  1640 D wpa_supplicant: WPS: attr type=0x1044 len=1
03-06 15:31:31.935  1640  1640 D wpa_supplicant: WPS: attr type=0x103b len=1
03-06 15:31:31.935  1640  1640 D wpa_supplicant: WPS: attr type=0x1047 len=16
03-06 15:31:31.935  1640  1640 D wpa_supplicant: WPS: attr type=0x1021 len=9
03-06 15:31:31.935  1640  1640 D wpa_supplicant: WPS: attr type=0x1023 len=5
03-06 15:31:31.935  1640  1640 D wpa_supplicant: WPS: attr type=0x1024 len=9
03-06 15:31:31.935  1640  1640 D wpa_supplicant: WPS: attr type=0x1042 len=15
03-06 15:31:31.935  1640  1640 D wpa_supplicant: WPS: attr type=0x1054 len=8
03-06 15:31:31.935  1640  1640 D wpa_supplicant: WPS: attr type=0x1011 len=8
03-06 15:31:31.935  1640  1640 D wpa_supplicant: WPS: attr type=0x1008 len=2
03-06 15:31:31.935  1640  1640 D wpa_supplicant: WPS: attr type=0x103c len=1
03-06 15:31:31.935  1640  1640 D wpa_supplicant: WPS: attr type=0x1049 len=6
03-06 15:31:31.935  1640  1640 D wpa_supplicant: WPS: WFA subelement id=0 len=1
03-06 15:31:31.935  1640  1640 D wpa_supplicant: WPS: attr type=0x104a len=1
03-06 15:31:31.935  1640  1640 D wpa_supplicant: WPS: attr type=0x1044 len=1
03-06 15:31:31.935  1640  1640 D wpa_supplicant: WPS: attr type=0x1047 len=16
03-06 15:31:31.935  1640  1640 D wpa_supplicant: WPS: attr type=0x103c len=1
03-06 15:31:31.935  1640  1640 D wpa_supplicant: WPS: attr type=0x1049 len=6
03-06 15:31:31.935  1640  1640 D wpa_supplicant: WPS: WFA subelement id=0 len=1
03-06 15:31:31.935  1640  1640 D wpa_supplicant: WPS: attr type=0x104a len=1
03-06 15:31:31.935  1640  1640 D wpa_supplicant: WPS: attr type=0x1044 len=1
03-06 15:31:31.935  1640  1640 D wpa_supplicant: WPS: attr type=0x1047 len=16
03-06 15:31:31.935  1640  1640 D wpa_supplicant: WPS: attr type=0x103c len=1
03-06 15:31:31.935  1640  1640 D wpa_supplicant: WPS: attr type=0x1049 len=6
03-06 15:31:31.935  1640  1640 D wpa_supplicant: WPS: WFA subelement id=0 len=1
03-06 15:31:31.935  1640  1640 D wpa_supplicant: WPS: attr type=0x104a len=1
03-06 15:31:31.935  1640  1640 D wpa_supplicant: WPS: attr type=0x1044 len=1
03-06 15:31:31.935  1640  1640 D wpa_supplicant: WPS: attr type=0x1047 len=16
03-06 15:31:31.935  1640  1640 D wpa_supplicant: WPS: attr type=0x103c len=1
03-06 15:31:31.935  1640  1640 D wpa_supplicant: WPS: attr type=0x1049 len=6
03-06 15:31:31.935  1640  1640 D wpa_supplicant: WPS: WFA subelement id=0 len=1
03-06 15:31:31.935  1640  1640 D wpa_supplicant: WPS: attr type=0x104a len=1
03-06 15:31:31.935  1640  1640 D wpa_supplicant: WPS: attr type=0x1044 len=1
03-06 15:31:31.935  1640  1640 D wpa_supplicant: WPS: attr type=0x103b len=1
03-06 15:31:31.935  1640  1640 D wpa_supplicant: WPS: attr type=0x1047 len=16
03-06 15:31:31.935  1640  1640 D wpa_supplicant: WPS: attr type=0x1021 len=24
03-06 15:31:31.935  1640  1640 D wpa_supplicant: WPS: attr type=0x1023 len=28
03-06 15:31:31.935  1640  1640 D wpa_supplicant: WPS: attr type=0x1024 len=6
03-06 15:31:31.935  1640  1640 D wpa_supplicant: WPS: attr type=0x1042 len=8
03-06 15:31:31.935  1640  1640 D wpa_supplicant: WPS: attr type=0x1054 len=8
03-06 15:31:31.935  1640  1640 D wpa_supplicant: WPS: attr type=0x1011 len=9
03-06 15:31:31.935  1640  1640 D wpa_supplicant: WPS: attr type=0x1008 len=2
03-06 15:31:31.935  1640  1640 D wpa_supplicant: WPS: attr type=0x103c len=1
03-06 15:31:31.935  1640  1640 D wpa_supplicant: WPS: attr type=0x104a len=1
03-06 15:31:31.935  1640  1640 D wpa_supplicant: WPS: attr type=0x1044 len=1
03-06 15:31:31.935  1640  1640 D wpa_supplicant: WPS: attr type=0x103b len=1
03-06 15:31:31.935  1640  1640 D wpa_supplicant: WPS: attr type=0x1047 len=16
03-06 15:31:31.935  1640  1640 D wpa_supplicant: WPS: attr type=0x1021 len=24
03-06 15:31:31.935  1640  1640 D wpa_supplicant: WPS: attr type=0x1023 len=28
03-06 15:31:31.935  1640  1640 D wpa_supplicant: WPS: attr type=0x1024 len=6
03-06 15:31:31.935  1640  1640 D wpa_supplicant: WPS: attr type=0x1042 len=8
03-06 15:31:31.935  1640  1640 D wpa_supplicant: WPS: attr type=0x1054 len=8
03-06 15:31:31.935  1640  1640 D wpa_supplicant: WPS: attr type=0x1011 len=9
03-06 15:31:31.935  1640  1640 D wpa_supplicant: WPS: attr type=0x1008 len=2
03-06 15:31:31.935  1640  1640 D wpa_supplicant: WPS: attr type=0x103c len=1
03-06 15:31:31.935  1640  1640 D wpa_supplicant: WPS: attr type=0x104a len=1
03-06 15:31:31.935  1640  1640 D wpa_supplicant: WPS: attr type=0x1044 len=1
03-06 15:31:31.935  1640  1640 D wpa_supplicant: WPS: attr type=0x103b len=1
03-06 15:31:31.935  1640  1640 D wpa_supplicant: WPS: attr type=0x1047 len=16
03-06 15:31:31.935  1640  1640 D wpa_supplicant: WPS: attr type=0x1021 len=24
03-06 15:31:31.935  1640  1640 D wpa_supplicant: WPS: attr type=0x1023 len=28
03-06 15:31:31.935  1640  1640 D wpa_supplicant: WPS: attr type=0x1024 len=6
03-06 15:31:31.935  1640  1640 D wpa_supplicant: WPS: attr type=0x1042 len=8
03-06 15:31:31.935  1640  1640 D wpa_supplicant: WPS: attr type=0x1054 len=8
03-06 15:31:31.935  1640  1640 D wpa_supplicant: WPS: attr type=0x1011 len=9
03-06 15:31:31.935  1640  1640 D wpa_supplicant: WPS: attr type=0x1008 len=2
03-06 15:31:31.935  1640  1640 D wpa_supplicant: WPS: attr type=0x103c len=1
03-06 15:31:31.935  1640  1640 D wpa_supplicant: WPS: attr type=0x104a len=1
03-06 15:31:31.935  1640  1640 D wpa_supplicant: WPS: attr type=0x1044 len=1
03-06 15:31:31.935  1640  1640 D wpa_supplicant: WPS: attr type=0x103b len=1
03-06 15:31:31.935  1640  1640 D wpa_supplicant: WPS: attr type=0x1047 len=16
03-06 15:31:31.935  1640  1640 D wpa_supplicant: WPS: attr type=0x1021 len=21
03-06 15:31:31.935  1640  1640 D wpa_supplicant: WPS: attr type=0x1023 len=28
03-06 15:31:31.935  1640  1640 D wpa_supplicant: WPS: attr type=0x1024 len=7
03-06 15:31:31.935  1640  1640 D wpa_supplicant: WPS: attr type=0x1042 len=17
03-06 15:31:31.935  1640  1640 D wpa_supplicant: WPS: attr type=0x1054 len=8
03-06 15:31:31.935  1640  1640 D wpa_supplicant: WPS: attr type=0x1011 len=7
03-06 15:31:31.935  1640  1640 D wpa_supplicant: WPS: attr type=0x1008 len=2
03-06 15:31:31.935  1640  1640 D wpa_supplicant: WPS: attr type=0x103c len=1
03-06 15:31:31.935  1640  1640 D wpa_supplicant: WPS: attr type=0x1049 len=6
03-06 15:31:31.935  1640  1640 D wpa_supplicant: WPS: WFA subelement id=0 len=1
03-06 15:31:31.935  1640  1640 D wpa_supplicant: WPS: attr type=0x104a len=1
03-06 15:31:31.935  1640  1640 D wpa_supplicant: WPS: attr type=0x1044 len=1
03-06 15:31:31.935  1640  1640 D wpa_supplicant: WPS: attr type=0x103b len=1
03-06 15:31:31.935  1640  1640 D wpa_supplicant: WPS: attr type=0x1047 len=16
03-06 15:31:31.935  1640  1640 D wpa_supplicant: WPS: attr type=0x1021 len=21
03-06 15:31:31.935  1640  1640 D wpa_supplicant: WPS: attr type=0x1023 len=28
03-06 15:31:31.935  1640  1640 D wpa_supplicant: WPS: attr type=0x1024 len=7
03-06 15:31:31.935  1640  1640 D wpa_supplicant: WPS: attr type=0x1042 len=17
03-06 15:31:31.935  1640  1640 D wpa_supplicant: WPS: attr type=0x1054 len=8
03-06 15:31:31.935  1640  1640 D wpa_supplicant: WPS: attr type=0x1011 len=7
03-06 15:31:31.935  1640  1640 D wpa_supplicant: WPS: attr type=0x1008 len=2
03-06 15:31:31.935  1640  1640 D wpa_supplicant: WPS: attr type=0x103c len=1
03-06 15:31:31.935  1640  1640 D wpa_supplicant: WPS: attr type=0x1049 len=6
03-06 15:31:31.935  1640  1640 D wpa_supplicant: WPS: WFA subelement id=0 len=1
03-06 15:31:31.935  1640  1640 D wpa_supplicant: WPS: attr type=0x104a len=1
03-06 15:31:31.935  1640  1640 D wpa_supplicant: WPS: attr type=0x1044 len=1
03-06 15:31:31.935  1640  1640 D wpa_supplicant: WPS: attr type=0x103b len=1
03-06 15:31:31.935  1640  1640 D wpa_supplicant: WPS: attr type=0x1047 len=16
03-06 15:31:31.935  1640  1640 D wpa_supplicant: WPS: attr type=0x1021 len=21
03-06 15:31:31.935  1640  1640 D wpa_supplicant: WPS: attr type=0x1023 len=28
03-06 15:31:31.935  1640  1640 D wpa_supplicant: WPS: attr type=0x1024 len=7
03-06 15:31:31.935  1640  1640 D wpa_supplicant: WPS: attr type=0x1042 len=17
03-06 15:31:31.935  1640  1640 D wpa_supplicant: WPS: attr type=0x1054 len=8
03-06 15:31:31.935  1640  1640 D wpa_supplicant: WPS: attr type=0x1011 len=7
03-06 15:31:31.935  1640  1640 D wpa_supplicant: WPS: attr type=0x1008 len=2
03-06 15:31:31.935  1640  1640 D wpa_supplicant: WPS: attr type=0x103c len=1
03-06 15:31:31.935  1640  1640 D wpa_supplicant: WPS: attr type=0x1049 len=6
03-06 15:31:31.935  1640  1640 D wpa_supplicant: WPS: WFA subelement id=0 len=1
03-06 15:31:31.945  1640  1640 D wpa_supplicant: RTM_NEWLINK: operstate=0 ifi_flags=0x1003 ([UP])
03-06 15:31:31.945  1640  1640 D wpa_supplicant: RTM_NEWLINK, IFLA_IFNAME: Interface 'wlan0' added
03-06 15:31:31.945  1640  1640 D wpa_supplicant: nl80211: if_removed already cleared - ignore event
03-06 15:31:31.955   220   220 V WLAN_PSA: NL MSG, len[048], NL type[0x11] WNI type[0x5050] len[028]
03-06 15:31:31.955   220   220 V WLAN_PSA: NL MSG, len[174], NL type[0x11] WNI type[0x5050] len[154]
03-06 15:31:31.955   924  1299 D LBSSystemMonitorService: handleMessage what - 4
03-06 15:31:31.955   924  1299 D Wiper_jni: Send Network Location.
03-06 15:31:31.955   924  1117 E LocSvc_api_v02: I/---> locClientSendReq line 2360 QMI_LOC_INJECT_WIFI_POSITION_REQ_V02
03-06 15:31:31.955   220   220 V WLAN_PSA: NL MSG, len[048], NL type[0x11] WNI type[0x5050] len[028]
03-06 15:31:31.955   924  1152 E LocSvc_ApiV02: I/<--- void globalRespCb(locClientHandleType, uint32_t, locClientRespIndUnionType, void*) line 106 QMI_LOC_INJECT_WIFI_POSITION_REQ_V02
03-06 15:31:32.005   220   220 V WLAN_PSA: NL MSG, len[056], NL type[0x11] WNI type[0x5050] len[036]
03-06 15:31:32.005   220   220 V WLAN_PSA: NL MSG, len[048], NL type[0x11] WNI type[0x5050] len[028]
03-06 15:31:32.025   220   220 V WLAN_PSA: NL MSG, len[056], NL type[0x11] WNI type[0x5050] len[036]
03-06 15:31:32.025   220   220 V WLAN_PSA: NL MSG, len[048], NL type[0x11] WNI type[0x5050] len[028]
03-06 15:31:32.025   220   220 V WLAN_PSA: NL MSG, len[048], NL type[0x11] WNI type[0x5050] len[028]
03-06 15:31:32.055   220   220 V WLAN_PSA: NL MSG, len[048], NL type[0x11] WNI type[0x5050] len[028]
03-06 15:31:32.055   220   220 V WLAN_PSA: NL MSG, len[021], NL type[0x18] WNI type[0x2C00] len[000]
03-06 15:31:32.055  1640  1640 D wpa_supplicant: RTM_NEWLINK: operstate=0 ifi_flags=0x1003 ([UP])
03-06 15:31:32.055  1640  1640 D wpa_supplicant: RTM_NEWLINK, IFLA_IFNAME: Interface 'wlan0' added
03-06 15:31:32.055  1640  1640 D wpa_supplicant: nl80211: if_removed already cleared - ignore event
03-06 15:31:32.055  1640  1640 D wpa_supplicant: RTM_NEWLINK: operstate=0 ifi_flags=0x1003 ([UP])
03-06 15:31:32.055  1640  1640 D wpa_supplicant: RTM_NEWLINK, IFLA_IFNAME: Interface 'wlan0' added
03-06 15:31:32.055  1640  1640 D wpa_supplicant: nl80211: if_removed already cleared - ignore event
03-06 15:31:32.055  1640  1640 D wpa_supplicant: RTM_NEWLINK: operstate=0 ifi_flags=0x1003 ([UP])
03-06 15:31:32.055  1640  1640 D wpa_supplicant: RTM_NEWLINK, IFLA_IFNAME: Interface 'wlan0' added
03-06 15:31:32.055  1640  1640 D wpa_supplicant: nl80211: if_removed already cleared - ignore event
03-06 15:31:32.055  1640  1640 D wpa_supplicant: RTM_NEWLINK: operstate=0 ifi_flags=0x11003 ([UP][LOWER_UP])
03-06 15:31:32.055  1640  1640 D wpa_supplicant: RTM_NEWLINK, IFLA_IFNAME: Interface 'wlan0' added
03-06 15:31:32.055  1640  1640 D wpa_supplicant: nl80211: if_removed already cleared - ignore event
03-06 15:31:32.055   220   220 V WLAN_PSA: NL MSG, len[047], NL type[0x11] WNI type[0x5050] len[027]
03-06 15:31:32.055  1640  1640 D wpa_supplicant: wlan0: RX EAPOL from e8:fc:af:ff:3a:33
03-06 15:31:32.055  1640  1640 D wpa_supplicant: RX EAPOL - hexdump(len=121): 02 03 00 75 02 00 8a 00 10 00 00 00 00 00 00 00 00 bd cb 7e aa 3c 28 1e eb c2 0d ea 9d 47 62 db ...
03-06 15:31:32.055  1640  1640 D wpa_supplicant: wlan0: Not associated - Delay processing of received EAPOL frame (state=ASSOCIATING bssid=00:00:00:00:00:00)
03-06 15:31:32.055  1640  1640 D wpa_supplicant: RTM_NEWLINK: operstate=0 ifi_flags=0x11003 ([UP][LOWER_UP])
03-06 15:31:32.055  1640  1640 D wpa_supplicant: RTM_NEWLINK, IFLA_IFNAME: Interface 'wlan0' added
03-06 15:31:32.055  1640  1640 D wpa_supplicant: nl80211: if_removed already cleared - ignore event
03-06 15:31:32.055  1640  1640 D wpa_supplicant: RTM_NEWLINK: operstate=0 ifi_flags=0x11003 ([UP][LOWER_UP])
03-06 15:31:32.055  1640  1640 D wpa_supplicant: RTM_NEWLINK, IFLA_IFNAME: Interface 'wlan0' added
03-06 15:31:32.055  1640  1640 D wpa_supplicant: nl80211: if_removed already cleared - ignore event
03-06 15:31:32.055  1640  1640 D wpa_supplicant: RTM_NEWLINK: operstate=0 ifi_flags=0x11003 ([UP][LOWER_UP])
03-06 15:31:32.055  1640  1640 D wpa_supplicant: RTM_NEWLINK, IFLA_IFNAME: Interface 'wlan0' added
03-06 15:31:32.055  1640  1640 D wpa_supplicant: nl80211: if_removed already cleared - ignore event
03-06 15:31:32.055  1640  1640 D wpa_supplicant: nl80211: Event message available
03-06 15:31:32.055  1640  1640 D wpa_supplicant: nl80211: Drv Event 46 (NL80211_CMD_CONNECT) received for wlan0
03-06 15:31:32.055  1640  1640 D wpa_supplicant: nl80211: Connect event
03-06 15:31:32.055  1640  1640 D wpa_supplicant: nl80211: Associated on 5220 MHz
03-06 15:31:32.055  1640  1640 D wpa_supplicant: nl80211: Associated with e8:fc:af:ff:3a:33
03-06 15:31:32.055  1640  1640 D wpa_supplicant: nl80211: Operating frequency for the associated BSS from scan results: 5220 MHz
03-06 15:31:32.055  1640  1640 D wpa_supplicant: wlan0: Event ASSOC (0) received
03-06 15:31:32.055  1640  1640 D wpa_supplicant: wlan0: Association info event
03-06 15:31:32.055  1640  1640 D wpa_supplicant: req_ies - hexdump(len=22): 30 14 01 00 00 0f ac 04 01 00 00 0f ac 04 01 00 00 0f ac 02 0c 00
03-06 15:31:32.055  1640  1640 D wpa_supplicant: resp_ies - hexdump(len=22): 30 14 01 00 00 0f ac 04 01 00 00 0f ac 04 01 00 00 0f ac 02 0c 00
03-06 15:31:32.055  1640  1640 D wpa_supplicant: WPA: RSN IE in EAPOL-Key - hexdump(len=22): 30 14 01 00 00 0f ac 04 01 00 00 0f ac 04 01 00 00 0f ac 02 0c 00
03-06 15:31:32.055  1640  1640 D wpa_supplicant: wlan0: freq=5220 MHz
03-06 15:31:32.055  1640  1640 D wpa_supplicant: WPA: set own WPA/RSN IE - hexdump(len=22): 30 14 01 00 00 0f ac 04 01 00 00 0f ac 04 01 00 00 0f ac 02 0c 00
03-06 15:31:32.055  1640  1640 D wpa_supplicant: FT: Stored MDIE and FTIE from (Re)Association Response - hexdump(len=0):
03-06 15:31:32.055  1640  1640 D wpa_supplicant: wlan0: State: ASSOCIATING -> ASSOCIATED
03-06 15:31:32.055  1640  1640 D wpa_supplicant: wpa_driver_nl80211_set_operstate: operstate 0->0 (DORMANT)
03-06 15:31:32.055  1640  1640 D wpa_supplicant: netlink: Operstate: linkmode=-1, operstate=5
03-06 15:31:32.055  1640  1640 D wpa_supplicant: CTRL_IFACE monitor send - hexdump(len=39): 2f 64 61 74 61 2f 6d 69 73 63 2f 77 69 66 69 2f 73 6f 63 6b 65 74 73 2f 77 70 61 5f 63 74 72 6c ...
03-06 15:31:32.055  1640  1640 D wpa_supplicant: wlan0: Associated to a new BSS: BSSID=e8:fc:af:ff:3a:33
03-06 15:31:32.055  1640  1640 D wpa_supplicant: Add randomness: count=218 entropy=148
03-06 15:31:32.055  1640  1640 D wpa_supplicant: random pool - hexdump(len=128): [REMOVED]
03-06 15:31:32.055  1640  1640 D wpa_supplicant: random_mix_pool - hexdump(len=8): [REMOVED]
03-06 15:31:32.055  1640  1640 D wpa_supplicant: random_mix_pool - hexdump(len=6): [REMOVED]
03-06 15:31:32.055  1640  1640 D wpa_supplicant: random pool - hexdump(len=128): [REMOVED]
03-06 15:31:32.055  1640  1640 D wpa_supplicant: wlan0: No keys have been configured - skip key clearing
03-06 15:31:32.055  1640  1640 D wpa_supplicant: wlan0: WPA: clearing AP WPA IE
03-06 15:31:32.055  1640  1640 D wpa_supplicant: WPA: set AP RSN IE - hexdump(len=22): 30 14 01 00 00 0f ac 04 01 00 00 0f ac 04 01 00 00 0f ac 02 0c 00
03-06 15:31:32.055  1640  1640 I wpa_supplicant: wlan0: Associated with e8:fc:af:ff:3a:33
03-06 15:31:32.055   220   220 V WLAN_PSA: NL MSG, len[174], NL type[0x11] WNI type[0x5050] len[154]
03-06 15:31:32.055  1640  1640 D wpa_supplicant: CTRL_IFACE monitor send - hexdump(len=39): 2f 64 61 74 61 2f 6d 69 73 63 2f 77 69 66 69 2f 73 6f 63 6b 65 74 73 2f 77 70 61 5f 63 74 72 6c ...
03-06 15:31:32.055  1640  1640 D wpa_supplicant: wlan0: WPA: Association event - clear replay counter
03-06 15:31:32.055  1640  1640 D wpa_supplicant: wlan0: WPA: Clear old PTK
03-06 15:31:32.055  1640  1640 D wpa_supplicant: TDLS: Remove peers on association
03-06 15:31:32.055  1640  1640 D wpa_supplicant: EAPOL: External notification - portEnabled=0
03-06 15:31:32.055  1640  1640 D wpa_supplicant: EAPOL: Supplicant port status: Unauthorized
03-06 15:31:32.055  1640  1640 D wpa_supplicant: nl80211: Set supplicant port unauthorized for e8:fc:af:ff:3a:33
03-06 15:31:32.055  1640  1640 D wpa_supplicant: EAPOL: External notification - portValid=0
03-06 15:31:32.055  1640  1640 D wpa_supplicant: EAPOL: Supplicant port status: Unauthorized
03-06 15:31:32.055  1640  1640 D wpa_supplicant: nl80211: Set supplicant port unauthorized for e8:fc:af:ff:3a:33
03-06 15:31:32.055  1640  1640 D wpa_supplicant: EAPOL: External notification - EAP success=0
03-06 15:31:32.055  1640  1640 D wpa_supplicant: EAPOL: Supplicant port status: Unauthorized
03-06 15:31:32.055  1640  1640 D wpa_supplicant: nl80211: Set supplicant port unauthorized for e8:fc:af:ff:3a:33
03-06 15:31:32.055  1640  1640 D wpa_supplicant: EAPOL: External notification - portEnabled=1
03-06 15:31:32.055  1640  1640 D wpa_supplicant: EAPOL: SUPP_PAE entering state CONNECTING
03-06 15:31:32.055  1640  1640 D wpa_supplicant: EAPOL: enable timer tick
03-06 15:31:32.055  1640  1640 D wpa_supplicant: EAPOL: SUPP_BE entering state IDLE
03-06 15:31:32.055  1640  1640 D wpa_supplicant: wlan0: Setting authentication timeout: 10 sec 0 usec
03-06 15:31:32.055  1640  1640 D wpa_supplicant: wlan0: Cancelling scan request
03-06 15:31:32.055  1640  1640 D wpa_supplicant: wlan0: P2P: Station mode scan operation not pending anymore (sta_scan_pending=0 p2p_cb_on_scan_complete=0)
03-06 15:31:32.055  1640  1640 D wpa_supplicant: wlan0: Process pending EAPOL frame that was received just before association notification
03-06 15:31:32.055  1640  1640 D wpa_supplicant: wlan0: RX EAPOL from e8:fc:af:ff:3a:33
03-06 15:31:32.055  1640  1640 D wpa_supplicant: RX EAPOL - hexdump(len=121): 02 03 00 75 02 00 8a 00 10 00 00 00 00 00 00 00 00 bd cb 7e aa 3c 28 1e eb c2 0d ea 9d 47 62 db ...
03-06 15:31:32.055  1640  1640 D wpa_supplicant: wlan0: Setting authentication timeout: 10 sec 0 usec
03-06 15:31:32.055  1640  1640 D wpa_supplicant: wlan0: IEEE 802.1X RX: version=2 type=3 length=117
03-06 15:31:32.055  1640  1640 D wpa_supplicant: wlan0:   EAPOL-Key type=2
03-06 15:31:32.055  1640  1640 D wpa_supplicant: wlan0:   key_info 0x8a (ver=2 keyidx=0 rsvd=0 Pairwise Ack)
03-06 15:31:32.055  1640  1640 D wpa_supplicant: wlan0:   key_length=16 key_data_length=22
03-06 15:31:32.055  1640  1640 D wpa_supplicant:   replay_counter - hexdump(len=8): 00 00 00 00 00 00 00 00
03-06 15:31:32.055  1640  1640 D wpa_supplicant:   key_nonce - hexdump(len=32): bd cb 7e aa 3c 28 1e eb c2 0d ea 9d 47 62 db 65 17 1b 7c bb c1 8a a5 9d 99 f6 6c 18 cd df 18 22
03-06 15:31:32.055  1640  1640 D wpa_supplicant:   key_iv - hexdump(len=16): 00 00 00 00 00 00 00 00 00 00 00 00 00 00 00 00
03-06 15:31:32.055  1640  1640 D wpa_supplicant:   key_rsc - hexdump(len=8): 00 00 00 00 00 00 00 00
03-06 15:31:32.055  1640  1640 D wpa_supplicant:   key_id (reserved) - hexdump(len=8): 00 00 00 00 00 00 00 00
03-06 15:31:32.055  1640  1640 D wpa_supplicant:   key_mic - hexdump(len=16): 00 00 00 00 00 00 00 00 00 00 00 00 00 00 00 00
03-06 15:31:32.055  1640  1640 D wpa_supplicant: WPA: RX EAPOL-Key - hexdump(len=121): 02 03 00 75 02 00 8a 00 10 00 00 00 00 00 00 00 00 bd cb 7e aa 3c 28 1e eb c2 0d ea 9d 47 62 db ...
03-06 15:31:32.055  1640  1640 D wpa_supplicant: wlan0: State: ASSOCIATED -> 4WAY_HANDSHAKE
03-06 15:31:32.055  1640  1640 D wpa_supplicant: CTRL_IFACE monitor send - hexdump(len=39): 2f 64 61 74 61 2f 6d 69 73 63 2f 77 69 66 69 2f 73 6f 63 6b 65 74 73 2f 77 70 61 5f 63 74 72 6c ...
03-06 15:31:32.055  1640  1640 D wpa_supplicant: wlan0: WPA: RX message 1 of 4-Way Handshake from e8:fc:af:ff:3a:33 (ver=2)
03-06 15:31:32.055  1640  1640 D wpa_supplicant: RSN: msg 1/4 key data - hexdump(len=22): dd 14 00 0f ac 04 57 2d b3 9a b5 a0 77 5d be 6b 26 98 30 73 45 7f
03-06 15:31:32.055  1640  1640 D wpa_supplicant: WPA: PMKID in EAPOL-Key - hexdump(len=22): dd 14 00 0f ac 04 57 2d b3 9a b5 a0 77 5d be 6b 26 98 30 73 45 7f
03-06 15:31:32.055  1640  1640 D wpa_supplicant: RSN: PMKID from Authenticator - hexdump(len=16): 57 2d b3 9a b5 a0 77 5d be 6b 26 98 30 73 45 7f
03-06 15:31:32.055  1640  1640 D wpa_supplicant: wlan0: RSN: no matching PMKID found
03-06 15:31:32.055  1640  1640 D wpa_supplicant: Get randomness: len=32 entropy=149
03-06 15:31:32.065  1640  1640 D wpa_supplicant: random from os_get_random - hexdump(len=32): [REMOVED]
03-06 15:31:32.065  1640  1640 D wpa_supplicant: random_mix_pool - hexdump(len=20): [REMOVED]
03-06 15:31:32.065  1640  1640 D wpa_supplicant: random from internal pool - hexdump(len=16): [REMOVED]
03-06 15:31:32.065  1640  1640 D wpa_supplicant: random_mix_pool - hexdump(len=20): [REMOVED]
03-06 15:31:32.065  1640  1640 D wpa_supplicant: random from internal pool - hexdump(len=16): [REMOVED]
03-06 15:31:32.065  1640  1640 D wpa_supplicant: mixed random - hexdump(len=32): [REMOVED]
03-06 15:31:32.065  1640  1640 D wpa_supplicant: WPA: Renewed SNonce - hexdump(len=32): 2a 71 9e 1d 0f b4 13 da 3f d1 0a 4b 6c 2c ea 0c d3 94 0b 0a 4b dc ae 73 8a 43 fd 9b 04 37 5e e7
03-06 15:31:32.065  1640  1640 D wpa_supplicant: WPA: PTK derivation - A1=cc:1b:e0:61:8a:30 A2=e8:fc:af:ff:3a:33
03-06 15:31:32.065  1640  1640 D wpa_supplicant: WPA: Nonce1 - hexdump(len=32): 2a 71 9e 1d 0f b4 13 da 3f d1 0a 4b 6c 2c ea 0c d3 94 0b 0a 4b dc ae 73 8a 43 fd 9b 04 37 5e e7
03-06 15:31:32.065  1640  1640 D wpa_supplicant: WPA: Nonce2 - hexdump(len=32): bd cb 7e aa 3c 28 1e eb c2 0d ea 9d 47 62 db 65 17 1b 7c bb c1 8a a5 9d 99 f6 6c 18 cd df 18 22
03-06 15:31:32.065  1640  1640 D wpa_supplicant: WPA: PMK - hexdump(len=32): [REMOVED]
03-06 15:31:32.065  1640  1640 D wpa_supplicant: WPA: PTK - hexdump(len=48): [REMOVED]
03-06 15:31:32.065  1640  1640 D wpa_supplicant: WPA: WPA IE for msg 2/4 - hexdump(len=22): 30 14 01 00 00 0f ac 04 01 00 00 0f ac 04 01 00 00 0f ac 02 0c 00
