03-06 15:31:28.845  1640  1640 D wpa_supplicant: nl80211: if_removed already cleared - ignore event
03-06 15:31:28.845  1640  1640 D wpa_supplicant: RTM_NEWLINK: operstate=0 ifi_flags=0x1043 ([UP][RUNNING])
03-06 15:31:28.845  1640  1640 D wpa_supplicant: RTM_NEWLINK, IFLA_IFNAME: Interface 'wlan0' added
03-06 15:31:28.845  1640  1640 D wpa_supplicant: nl80211: if_removed already cleared - ignore event
03-06 15:31:28.845  1640  1640 D wpa_supplicant: nl80211: Event message available
03-06 15:31:28.845  1640  1640 D wpa_supplicant: nl80211: Drv Event 48 (NL80211_CMD_DISCONNECT) received for wlan0
03-06 15:31:28.845  1640  1640 D wpa_supplicant: nl80211: Ignore disconnect event triggered during reassociation
03-06 15:31:28.845  1640  1640 D wpa_supplicant: nl80211: Drv Event 36 (NL80211_CMD_REG_CHANGE) received for wlan0
03-06 15:31:28.845  1640  1640 D wpa_supplicant: nl80211: Regulatory domain change
03-06 15:31:28.845  1640  1640 D wpa_supplicant: wlan0: Event CHANNEL_LIST_CHANGED (31) received
03-06 15:31:28.845  1640  1640 D wpa_supplicant: nl80211: Regulatory information - country=DE
03-06 15:31:28.845  1640  1640 D wpa_supplicant: nl80211: 2400-2483 @ 40 MHz
03-06 15:31:28.845  1640  1640 D wpa_supplicant: nl80211: 5150-5250 @ 80 MHz
03-06 15:31:28.845  1640  1640 D wpa_supplicant: nl80211: 5250-5350 @ 80 MHz
03-06 15:31:28.845  1640  1640 D wpa_supplicant: nl80211: 5470-5725 @ 80 MHz
03-06 15:31:28.845  1640  1640 D wpa_supplicant: nl80211: 57240-65880 @ 2160 MHz
03-06 15:31:28.845  1640  1640 D wpa_supplicant: nl80211: Added 802.11b mode based on 802.11g information
03-06 15:31:28.845  1640  1640 D wpa_supplicant: P2P: Add operating class 81
03-06 15:31:28.845  1640  1640 D wpa_supplicant: P2P: Channels - hexdump(len=11): 01 02 03 04 05 06 07 08 09 0a 0b
03-06 15:31:28.845  1640  1640 D wpa_supplicant: P2P: Add operating class 115
03-06 15:31:28.845  1640  1640 D wpa_supplicant: P2P: Channels - hexdump(len=4): 24 28 2c 30
03-06 15:31:28.845  1640  1640 D wpa_supplicant: P2P: Add operating class 116
03-06 15:31:28.845  1640  1640 D wpa_supplicant: P2P: Channels - hexdump(len=2): 24 2c
03-06 15:31:28.845  1640  1640 D wpa_supplicant: P2P: Add operating class 117
03-06 15:31:28.845  1640  1640 D wpa_supplicant: P2P: Channels - hexdump(len=2): 28 30
03-06 15:31:28.845  1640  1640 D wpa_supplicant: P2P: Update channel list
03-06 15:31:28.845  1640  1640 D wpa_supplicant: wlan0: Checking for other virtual interfaces sharing same radio (phy0) in event_channel_list_change
03-06 15:31:28.845  1640  1640 D wpa_supplicant: p2p0: Updating hw mode
03-06 15:31:28.845  1640  1640 D wpa_supplicant: nl80211: Regulatory information - country=DE
03-06 15:31:28.845  1640  1640 D wpa_supplicant: nl80211: 2400-2483 @ 40 MHz
03-06 15:31:28.845  1640  1640 D wpa_supplicant: nl80211: 5150-5250 @ 80 MHz
03-06 15:31:28.845  1640  1640 D wpa_supplicant: nl80211: 5250-5350 @ 80 MHz
03-06 15:31:28.845  1640  1640 D wpa_supplicant: nl80211: 5470-5725 @ 80 MHz
03-06 15:31:28.845  1640  1640 D wpa_supplicant: nl80211: 57240-65880 @ 2160 MHz
03-06 15:31:28.845  1640  1640 D wpa_supplicant: nl80211: Added 802.11b mode based on 802.11g information
03-06 15:31:28.845  1640  1640 D wpa_supplicant: nl80211: Drv Event 36 (NL80211_CMD_REG_CHANGE) received for wlan0
03-06 15:31:28.845  1640  1640 D wpa_supplicant: nl80211: Regulatory domain change
03-06 15:31:28.845  1640  1640 D wpa_supplicant: wlan0: Event CHANNEL_LIST_CHANGED (31) received
03-06 15:31:28.845  1640  1640 D wpa_supplicant: nl80211: Regulatory information - country=DE
03-06 15:31:28.845  1640  1640 D wpa_supplicant: nl80211: 2400-2483 @ 40 MHz
03-06 15:31:28.845  1640  1640 D wpa_supplicant: nl80211: 5150-5250 @ 80 MHz
03-06 15:31:28.845  1640  1640 D wpa_supplicant: nl80211: 5250-5350 @ 80 MHz
03-06 15:31:28.845  1640  1640 D wpa_supplicant: nl80211: 5470-5725 @ 80 MHz
03-06 15:31:28.845  1640  1640 D wpa_supplicant: nl80211: 57240-65880 @ 2160 MHz
03-06 15:31:28.845  1640  1640 D wpa_supplicant: nl80211: Added 802.11b mode based on 802.11g information
03-06 15:31:28.845  1640  1640 D wpa_supplicant: P2P: Add operating class 81
03-06 15:31:28.845  1640  1640 D wpa_supplicant: P2P: Channels - hexdump(len=11): 01 02 03 04 05 06 07 08 09 0a 0b
03-06 15:31:28.845  1640  1640 D wpa_supplicant: P2P: Add operating class 115
03-06 15:31:28.845  1640  1640 D wpa_supplicant: P2P: Channels - hexdump(len=4): 24 28 2c 30
03-06 15:31:28.845  1640  1640 D wpa_supplicant: P2P: Add operating class 116
03-06 15:31:28.845  1640  1640 D wpa_supplicant: P2P: Channels - hexdump(len=2): 24 2c
03-06 15:31:28.845  1640  1640 D wpa_supplicant: P2P: Add operating class 117
03-06 15:31:28.845  1640  1640 D wpa_supplicant: P2P: Channels - hexdump(len=2): 28 30
03-06 15:31:28.845  1640  1640 D wpa_supplicant: P2P: Update channel list
03-06 15:31:28.845  1640  1640 D wpa_supplicant: wlan0: Checking for other virtual interfaces sharing same radio (phy0) in event_channel_list_change
03-06 15:31:28.845  1640  1640 D wpa_supplicant: p2p0: Updating hw mode
03-06 15:31:28.845  1640  1640 D wpa_supplicant: nl80211: Regulatory information - country=DE
03-06 15:31:28.845  1640  1640 D wpa_supplicant: nl80211: 2400-2483 @ 40 MHz
03-06 15:31:28.845  1640  1640 D wpa_supplicant: nl80211: 5150-5250 @ 80 MHz
03-06 15:31:28.845  1640  1640 D wpa_supplicant: nl80211: 5250-5350 @ 80 MHz
03-06 15:31:28.845  1640  1640 D wpa_supplicant: nl80211: 5470-5725 @ 80 MHz
03-06 15:31:28.845  1640  1640 D wpa_supplicant: nl80211: 57240-65880 @ 2160 MHz
03-06 15:31:28.845  1640  1640 D wpa_supplicant: nl80211: Added 802.11b mode based on 802.11g information
03-06 15:31:28.845   924   952 D Tethering: InitialState.processMessage what=4
03-06 15:31:28.855   924   952 D Tethering: sendTetherStateChangedBroadcast 0, 0, 0
03-06 15:31:28.865  1640  1640 D wpa_supplicant: RX ctrl_iface - hexdump(len=8): 53 45 54 20 70 73 20 31
03-06 15:31:28.865  1640  1640 D wpa_supplicant: wlan0: Control interface command 'SET ps 1'
03-06 15:31:28.865  1640  1640 D wpa_supplicant: CTRL_IFACE SET 'ps'='1'
03-06 15:31:28.865  1640  1640 D wpa_supplicant: nl80211: set_p2p_powersave (legacy_ps=1 opp_ps=-1 ctwindow=-1)
03-06 15:31:28.865  1640  1640 D wpa_supplicant: RX ctrl_iface - hexdump(len=19): 44 52 49 56 45 52 20 42 54 43 4f 45 58 4d 4f 44 45 20 32
03-06 15:31:28.865  1640  1640 D wpa_supplicant: wlan0: Control interface command 'DRIVER BTCOEXMODE 2'
03-06 15:31:28.865  1640  1640 D wpa_supplicant: wpa_driver_nl80211_driver_cmd BTCOEXMODE 2 len = 0, 4096
03-06 15:31:28.875   205   793 D CommandListener: Clearing all IP addresses on wlan0
03-06 15:31:28.885   924   989 D ConnectivityServiceHSM: Actual State: DefaultConnectivityState, Current State: DefaultConnectivityState.processMessage what=5010
03-06 15:31:28.885   924   989 D ConnectivityServiceHSM: Actual State: DefaultConnectivityState, Current State: DefaultConnectivityState.processMessage what=458752
03-06 15:31:28.885   924   989 D ConnectivityServiceHSM: ConnectivityChange for WIFI: DISCONNECTED/DISCONNECTED
03-06 15:31:28.885   924   989 D ConnectivityServiceHSM: Actual State: DefaultConnectivityState, Current State: DefaultConnectivityState.processMessage what=5002
03-06 15:31:28.885  1716  1716 D WifiDetector: onDisconnected()
03-06 15:31:28.885  1000  1000 D StatusBar.NetworkController: refreshViews: Data not connected!! Set no data type icon / Roaming
03-06 15:31:28.885  1000  1000 D StatusBar.NetworkController: refreshViews connected={ } level=0 combinedSignalIconId=0x7f0200a5/com.android.systemui:drawable/stat_sys_wifi_signal_null mobileLabel= wifiLabel=No Internet connection emergencyOnly=false combinedLabel=No Internet connection mAirplaneMode=false mDataActivity=0 mPhoneSignalIconId=0x0 mQSPhoneSignalIconId=0x0 mDataDirectionIconId=0x0 mDataSignalIconId=0x0 mDataTypeIconId=0x0 mQSDataTypeIconId=0x0 mNoSimIconId=0x0 mWifiIconId=0x7f0200a5 mQSWifiIconId=0x7f020063 mBluetoothTetherIconId=0x10805cc
03-06 15:31:28.885   924   989 D QcConnectivityService: tryFailover: set mActiveDefaultNetwork=-1, prevNetType=1
03-06 15:31:28.885   924   989 D QcConnectivityService: Attempting to switch to BLUETOOTH_TETHER
03-06 15:31:28.895   264  2566 D QCNEA   : |CAC| readCallback: read len:492, ret:0, errno:0
03-06 15:31:28.895   264  2566 D QCNEA   : |CAC| updateWlanNetCfgInfo
03-06 15:31:28.895   264  2566 D QCNEA   : |CAC| updateNetCfgInfo
03-06 15:31:28.895   264  2566 V QCNEA   : |CAC| *********************************************
03-06 15:31:28.895   264  2566 V QCNEA   : |CAC|                   Netconfig               
03-06 15:31:28.895   264  2566 V QCNEA   : |CAC| *********************************************
03-06 15:31:28.895   264  2566 V QCNEA   : |CAC| 	NetConfig: Net type   =3
03-06 15:31:28.895   264  2566 V QCNEA   : |CAC| 	NetConfig: subtype rl =0
03-06 15:31:28.895   264  2566 V QCNEA   : |CAC| 	NetConfig:         fl =0
03-06 15:31:28.895   264  2566 V QCNEA   : |CAC| 	NetConfig: ip4        =0.0.0.0
03-06 15:31:28.895   264  2566 V QCNEA   : |CAC| 	NetConfig: ip6        =::
03-06 15:31:28.895   264  2566 V QCNEA   : |CAC| 	NetConfig: mtu        =0
03-06 15:31:28.895   264  2566 V QCNEA   : |CAC| 	NetConfig: Default    =true
03-06 15:31:28.895   264  2566 V QCNEA   : |CAC| *********************************************
03-06 15:31:28.895   264  2566 D QCNEA   : |CAC| Received bssid= 
03-06 15:31:28.895   264  2566 D QCNEA   : |CAC| net type = 3
03-06 15:31:28.895   264  2566 V QCNEA   : |CAC| 	bssid           =00:00:00:00:00:00
03-06 15:31:28.895   264  2566 D QCNEA   : |CAC| Received ssid= <unknown ssid>
03-06 15:31:28.895   264  2566 V QCNEA   : |CAC| 	ssid           =AllieGO 5GHz
03-06 15:31:28.895   264  2566 V QCNEA   : |CAC| 	DNS v4        =0.0.0.0
03-06 15:31:28.895   264  2566 V QCNEA   : |CAC| 	DNS v4        =0.0.0.0
03-06 15:31:28.895   264  2566 V QCNEA   : |CAC| *********************************************
03-06 15:31:28.895   264  2566 D QCNEA   : |CAC| updateCache: CAS_WLAN_NETCFG_INFO
03-06 15:31:28.895   264  2566 D QCNEA   : |CAC| dispatching netcfgupdate for wlan
03-06 15:31:28.895   264  2566 D QCNEA   : |CAC| dispatchNetCfg: updating:0xb7a3b784
03-06 15:31:28.895   264  2566 D QCNEA   : |CAC| readCallback: read len:0, ret:-1, errno:11
03-06 15:31:28.895  1640  1640 D wpa_supplicant: RX ctrl_iface - hexdump(len=8): 53 45 54 20 70 73 20 31
03-06 15:31:28.895  1640  1640 D wpa_supplicant: wlan0: Control interface command 'SET ps 1'
03-06 15:31:28.895  1640  1640 D wpa_supplicant: CTRL_IFACE SET 'ps'='1'
03-06 15:31:28.895  1640  1640 D wpa_supplicant: nl80211: set_p2p_powersave (legacy_ps=1 opp_ps=-1 ctwindow=-1)
03-06 15:31:28.905  1640  1640 D wpa_supplicant: RX ctrl_iface - hexdump(len=19): 44 52 49 56 45 52 20 42 54 43 4f 45 58 4d 4f 44 45 20 32
03-06 15:31:28.905  1640  1640 D wpa_supplicant: wlan0: Control interface command 'DRIVER BTCOEXMODE 2'
03-06 15:31:28.905  1640  1640 D wpa_supplicant: wpa_driver_nl80211_driver_cmd BTCOEXMODE 2 len = 0, 4096
03-06 15:31:28.915   205   793 D CommandListener: Clearing all IP addresses on wlan0
03-06 15:31:28.925  1000  1000 D StatusBar.NetworkController: refreshViews: Data not connected!! Set no data type icon / Roaming
03-06 15:31:28.925  1000  1000 D StatusBar.NetworkController: refreshViews connected={ } level=0 combinedSignalIconId=0x7f0200a5/com.android.systemui:drawable/stat_sys_wifi_signal_null mobileLabel= wifiLabel=No Internet connection emergencyOnly=false combinedLabel=No Internet connection mAirplaneMode=false mDataActivity=0 mPhoneSignalIconId=0x0 mQSPhoneSignalIconId=0x0 mDataDirectionIconId=0x0 mDataSignalIconId=0x0 mDataTypeIconId=0x0 mQSDataTypeIconId=0x0 mNoSimIconId=0x0 mWifiIconId=0x7f0200a5 mQSWifiIconId=0x7f020063 mBluetoothTetherIconId=0x10805cc
03-06 15:31:28.925  1716  1716 D WifiDetector: onDisconnected()
03-06 15:31:28.935  1640  1640 D wpa_supplicant: wlan0: No enabled networks - do not scan
03-06 15:31:28.935  1640  1640 D wpa_supplicant: wlan0: State: DISCONNECTED -> INACTIVE
03-06 15:31:28.935  1640  1640 D wpa_supplicant: CTRL_IFACE monitor send - hexdump(len=39): 2f 64 61 74 61 2f 6d 69 73 63 2f 77 69 66 69 2f 73 6f 63 6b 65 74 73 2f 77 70 61 5f 63 74 72 6c ...
03-06 15:31:28.935  1640  1640 D wpa_supplicant: wlan0: P2P: Station mode scan operation not pending anymore (sta_scan_pending=0 p2p_cb_on_scan_complete=0)
03-06 15:31:28.935  1640  1640 D wpa_supplicant: RX ctrl_iface - hexdump(len=11): 41 44 44 5f 4e 45 54 57 4f 52 4b
03-06 15:31:28.935  1640  1640 D wpa_supplicant: wlan0: Control interface command 'ADD_NETWORK'
03-06 15:31:28.935  1640  1640 D wpa_supplicant: CTRL_IFACE: ADD_NETWORK
03-06 15:31:28.945   205   793 V         : RouteController
03-06 15:31:28.945  1640  1640 D wpa_supplicant: RX ctrl_iface - hexdump(len=33): [REMOVED]
03-06 15:31:28.945  1640  1640 D wpa_supplicant: CTRL_IFACE: SET_NETWORK id=0 name='ssid'
03-06 15:31:28.945  1640  1640 D wpa_supplicant: CTRL_IFACE: value - hexdump(len=14): [REMOVED]
03-06 15:31:28.945  1640  1640 D wpa_supplicant: ssid - hexdump(len=12): 41 6c 6c 69 65 47 4f 20 35 47 48 7a
03-06 15:31:28.945  1640  1640 D wpa_supplicant: RX ctrl_iface - hexdump(len=30): [REMOVED]
03-06 15:31:28.945  1640  1640 D wpa_supplicant: CTRL_IFACE: SET_NETWORK id=0 name='key_mgmt'
03-06 15:31:28.945  1640  1640 D wpa_supplicant: CTRL_IFACE: value - hexdump(len=7): [REMOVED]
03-06 15:31:28.945  1640  1640 D wpa_supplicant: key_mgmt: 0x2
03-06 15:31:28.945  1640  1640 D wpa_supplicant: RX ctrl_iface - hexdump(len=33): [REMOVED]
03-06 15:31:28.945  1640  1640 D wpa_supplicant: CTRL_IFACE: SET_NETWORK id=0 name='psk'
03-06 15:31:28.945  1640  1640 D wpa_supplicant: CTRL_IFACE: value - hexdump(len=15): [REMOVED]
03-06 15:31:28.945  1640  1640 D wpa_supplicant: PSK (ASCII passphrase) - hexdump(len=13): [REMOVED]
03-06 15:31:28.955   205   793 V         : RouteController
03-06 15:31:28.965   205   793 V         : RouteController
03-06 15:31:28.975   205   793 V         : RouteController
03-06 15:31:28.995   205   793 V         : RouteController
03-06 15:31:29.005   205   793 V         : RouteController
03-06 15:31:29.015   205   793 V         : RouteController
03-06 15:31:29.025   205   793 V         : RouteController
03-06 15:31:29.025   924   989 W NetworkManagementService: route cmd failed: 
03-06 15:31:29.025   924   989 W NetworkManagementService: com.android.server.NativeDaemonConnector$NativeDaemonFailureException: command '431 route del src v6 2' failed with '400 431 -6 rule del table 2: RTNETLINK answers: No such file or directory
03-06 15:31:29.025   924   989 W NetworkManagementService: '
03-06 15:31:29.025   924   989 W NetworkManagementService: 	at com.android.server.NativeDaemonConnector.execute(NativeDaemonConnector.java:391)
03-06 15:31:29.025   924   989 W NetworkManagementService: 	at com.android.server.NativeDaemonConnector.executeForList(NativeDaemonConnector.java:327)
03-06 15:31:29.025   924   989 W NetworkManagementService: 	at com.android.server.NativeDaemonConnector.execute(NativeDaemonConnector.java:292)
03-06 15:31:29.025   924   989 W NetworkManagementService: 	at com.android.server.NativeDaemonConnector.execute(NativeDaemonConnector.java:277)
03-06 15:31:29.025   924   989 W NetworkManagementService: 	at com.android.server.NetworkManagementService.delSrcRoute(NetworkManagementService.java:1898)
03-06 15:31:29.025   924   989 W NetworkManagementService: 	at com.android.server.QcConnectivityService.updateRoutes(QcConnectivityService.java:2758)
03-06 15:31:29.025   924   989 W NetworkManagementService: 	at com.android.server.QcConnectivityService.handleConnectivityChange(QcConnectivityService.java:2595)
03-06 15:31:29.025   924   989 W NetworkManagementService: 	at com.android.server.QcConnectivityService.handleDisconnect(QcConnectivityService.java:2085)
03-06 15:31:29.025   924   989 W NetworkManagementService: 	at com.android.server.QcConnectivityService.access$4900(QcConnectivityService.java:181)
03-06 15:31:29.025   924   989 W NetworkManagementService: 	at com.android.server.QcConnectivityService$ConnectivityServiceHSM$DefaultConnectivityState.processMessage(QcConnectivityService.java:3466)
03-06 15:31:29.025   924   989 W NetworkManagementService: 	at com.android.internal.util.StateMachine$SmHandler.processMsg(StateMachine.java:966)
03-06 15:31:29.025   924   989 W NetworkManagementService: 	at com.android.internal.util.StateMachine$SmHandler.handleMessage(StateMachine.java:789)
03-06 15:31:29.025   924   989 W NetworkManagementService: 	at android.os.Handler.dispatchMessage(Handler.java:102)
03-06 15:31:29.025   924   989 W NetworkManagementService: 	at android.os.Looper.loop(Looper.java:136)
03-06 15:31:29.025   924   989 W NetworkManagementService: 	at android.os.HandlerThread.run(HandlerThread.java:61)
03-06 15:31:29.025   924   989 D NetUtils: android_net_utils_resetConnections in env=0x60a38440 clazz=0xba700001 iface=wlan0 mask=0x3
03-06 15:31:29.025   924   989 D QcConnectivityService: resetConnections(wlan0, 3)
03-06 15:31:29.045  1640  1640 D wpa_supplicant: PSK (from passphrase) - hexdump(len=32): [REMOVED]
03-06 15:31:29.055  1640  1640 D wpa_supplicant: RX ctrl_iface - hexdump(len=24): [REMOVED]
03-06 15:31:29.055  1640  1640 D wpa_supplicant: CTRL_IFACE: SET_NETWORK id=0 name='priority'
03-06 15:31:29.055  1640  1640 D wpa_supplicant: CTRL_IFACE: value - hexdump(len=1): [REMOVED]
03-06 15:31:29.055  1640  1640 D wpa_supplicant: priority=0 (0x0)
03-06 15:31:29.055  1640  1640 D wpa_supplicant: RX ctrl_iface - hexdump(len=25): [REMOVED]
03-06 15:31:29.055  1640  1640 D wpa_supplicant: CTRL_IFACE: SET_NETWORK id=0 name='scan_ssid'
03-06 15:31:29.055  1640  1640 D wpa_supplicant: CTRL_IFACE: value - hexdump(len=1): [REMOVED]
03-06 15:31:29.055  1640  1640 D wpa_supplicant: scan_ssid=1 (0x1)
03-06 15:31:29.055  1640  1640 D wpa_supplicant: RX ctrl_iface - hexdump(len=18): 47 45 54 5f 4e 45 54 57 4f 52 4b 20 30 20 73 73 69 64
03-06 15:31:29.055  1640  1640 D wpa_supplicant: wlan0: Control interface command 'GET_NETWORK 0 ssid'
03-06 15:31:29.055  1640  1640 D wpa_supplicant: CTRL_IFACE: GET_NETWORK id=0 name='ssid'
03-06 15:31:29.055  1640  1640 D wpa_supplicant: RX ctrl_iface - hexdump(len=19): 47 45 54 5f 4e 45 54 57 4f 52 4b 20 30 20 62 73 73 69 64
03-06 15:31:29.055  1640  1640 D wpa_supplicant: wlan0: Control interface command 'GET_NETWORK 0 bssid'
03-06 15:31:29.055  1640  1640 D wpa_supplicant: CTRL_IFACE: GET_NETWORK id=0 name='bssid'
03-06 15:31:29.055  1640  1640 D wpa_supplicant: CTRL_IFACE: Failed to get network variable 'bssid'
03-06 15:31:29.055  1640  1640 D wpa_supplicant: RX ctrl_iface - hexdump(len=22): 47 45 54 5f 4e 45 54 57 4f 52 4b 20 30 20 70 72 69 6f 72 69 74 79
03-06 15:31:29.055  1640  1640 D wpa_supplicant: wlan0: Control interface command 'GET_NETWORK 0 priority'
03-06 15:31:29.055  1640  1640 D wpa_supplicant: CTRL_IFACE: GET_NETWORK id=0 name='priority'
03-06 15:31:29.055  1640  1640 D wpa_supplicant: RX ctrl_iface - hexdump(len=23): 47 45 54 5f 4e 45 54 57 4f 52 4b 20 30 20 73 63 61 6e 5f 73 73 69 64
03-06 15:31:29.055  1640  1640 D wpa_supplicant: wlan0: Control interface command 'GET_NETWORK 0 scan_ssid'
03-06 15:31:29.055  1640  1640 D wpa_supplicant: CTRL_IFACE: GET_NETWORK id=0 name='scan_ssid'
03-06 15:31:29.055  1640  1640 D wpa_supplicant: RX ctrl_iface - hexdump(len=27): 47 45 54 5f 4e 45 54 57 4f 52 4b 20 30 20 77 65 70 5f 74 78 5f 6b 65 79 69 64 78
03-06 15:31:29.055  1640  1640 D wpa_supplicant: wlan0: Control interface command 'GET_NETWORK 0 wep_tx_keyidx'
03-06 15:31:29.055  1640  1640 D wpa_supplicant: CTRL_IFACE: GET_NETWORK id=0 name='wep_tx_keyidx'
03-06 15:31:29.055  1640  1640 D wpa_supplicant: RX ctrl_iface - hexdump(len=22): 47 45 54 5f 4e 45 54 57 4f 52 4b 20 30 20 77 65 70 5f 6b 65 79 30
03-06 15:31:29.055  1640  1640 D wpa_supplicant: wlan0: Control interface command 'GET_NETWORK 0 wep_key0'
03-06 15:31:29.055  1640  1640 D wpa_supplicant: CTRL_IFACE: GET_NETWORK id=0 name='wep_key0'
03-06 15:31:29.055  1640  1640 D wpa_supplicant: CTRL_IFACE: Failed to get network variable 'wep_key0'
03-06 15:31:29.055  1640  1640 D wpa_supplicant: RX ctrl_iface - hexdump(len=22): 47 45 54 5f 4e 45 54 57 4f 52 4b 20 30 20 77 65 70 5f 6b 65 79 31
03-06 15:31:29.055  1640  1640 D wpa_supplicant: wlan0: Control interface command 'GET_NETWORK 0 wep_key1'
03-06 15:31:29.055  1640  1640 D wpa_supplicant: CTRL_IFACE: GET_NETWORK id=0 name='wep_key1'
03-06 15:31:29.055  1640  1640 D wpa_supplicant: CTRL_IFACE: Failed to get network variable 'wep_key1'
03-06 15:31:29.055  1640  1640 D wpa_supplicant: RX ctrl_iface - hexdump(len=22): 47 45 54 5f 4e 45 54 57 4f 52 4b 20 30 20 77 65 70 5f 6b 65 79 32
03-06 15:31:29.055  1640  1640 D wpa_supplicant: wlan0: Control interface command 'GET_NETWORK 0 wep_key2'
03-06 15:31:29.055  1640  1640 D wpa_supplicant: CTRL_IFACE: GET_NETWORK id=0 name='wep_key2'
03-06 15:31:29.055  1640  1640 D wpa_supplicant: CTRL_IFACE: Failed to get network variable 'wep_key2'
03-06 15:31:29.055  1640  1640 D wpa_supplicant: RX ctrl_iface - hexdump(len=22): 47 45 54 5f 4e 45 54 57 4f 52 4b 20 30 20 77 65 70 5f 6b 65 79 33
03-06 15:31:29.055  1640  1640 D wpa_supplicant: wlan0: Control interface command 'GET_NETWORK 0 wep_key3'
03-06 15:31:29.055  1640  1640 D wpa_supplicant: CTRL_IFACE: GET_NETWORK id=0 name='wep_key3'
03-06 15:31:29.055  1640  1640 D wpa_supplicant: CTRL_IFACE: Failed to get network variable 'wep_key3'
03-06 15:31:29.055  1640  1640 D wpa_supplicant: RX ctrl_iface - hexdump(len=17): 47 45 54 5f 4e 45 54 57 4f 52 4b 20 30 20 70 73 6b
03-06 15:31:29.055  1640  1640 D wpa_supplicant: wlan0: Control interface command 'GET_NETWORK 0 psk'
03-06 15:31:29.055  1640  1640 D wpa_supplicant: CTRL_IFACE: GET_NETWORK id=0 name='psk'
03-06 15:31:29.055  1640  1640 D wpa_supplicant: Do not allow key_data field to be exposed
03-06 15:31:29.055  1640  1640 D wpa_supplicant: RX ctrl_iface - hexdump(len=19): 47 45 54 5f 4e 45 54 57 4f 52 4b 20 30 20 70 72 6f 74 6f
03-06 15:31:29.055  1640  1640 D wpa_supplicant: wlan0: Control interface command 'GET_NETWORK 0 proto'
03-06 15:31:29.055  1640  1640 D wpa_supplicant: CTRL_IFACE: GET_NETWORK id=0 name='proto'
03-06 15:31:29.055  1640  1640 D wpa_supplicant: RX ctrl_iface - hexdump(len=22): 47 45 54 5f 4e 45 54 57 4f 52 4b 20 30 20 6b 65 79 5f 6d 67 6d 74
03-06 15:31:29.055  1640  1640 D wpa_supplicant: wlan0: Control interface command 'GET_NETWORK 0 key_mgmt'
03-06 15:31:29.055  1640  1640 D wpa_supplicant: CTRL_IFACE: GET_NETWORK id=0 name='key_mgmt'
03-06 15:31:29.055  1640  1640 D wpa_supplicant: RX ctrl_iface - hexdump(len=22): 47 45 54 5f 4e 45 54 57 4f 52 4b 20 30 20 61 75 74 68 5f 61 6c 67
03-06 15:31:29.055  1640  1640 D wpa_supplicant: wlan0: Control interface command 'GET_NETWORK 0 auth_alg'
03-06 15:31:29.055  1640  1640 D wpa_supplicant: CTRL_IFACE: GET_NETWORK id=0 name='auth_alg'
03-06 15:31:29.055  1640  1640 D wpa_supplicant: RX ctrl_iface - hexdump(len=22): 47 45 54 5f 4e 45 54 57 4f 52 4b 20 30 20 70 61 69 72 77 69 73 65
03-06 15:31:29.055  1640  1640 D wpa_supplicant: wlan0: Control interface command 'GET_NETWORK 0 pairwise'
03-06 15:31:29.055  1640  1640 D wpa_supplicant: CTRL_IFACE: GET_NETWORK id=0 name='pairwise'
03-06 15:31:29.055  1640  1640 D wpa_supplicant: RX ctrl_iface - hexdump(len=19): 47 45 54 5f 4e 45 54 57 4f 52 4b 20 30 20 67 72 6f 75 70
03-06 15:31:29.055  1640  1640 D wpa_supplicant: wlan0: Control interface command 'GET_NETWORK 0 group'
03-06 15:31:29.055  1640  1640 D wpa_supplicant: CTRL_IFACE: GET_NETWORK id=0 name='group'
03-06 15:31:29.055  1640  1640 D wpa_supplicant: RX ctrl_iface - hexdump(len=17): 47 45 54 5f 4e 45 54 57 4f 52 4b 20 30 20 65 61 70
03-06 15:31:29.055  1640  1640 D wpa_supplicant: wlan0: Control interface command 'GET_NETWORK 0 eap'
03-06 15:31:29.055  1640  1640 D wpa_supplicant: CTRL_IFACE: GET_NETWORK id=0 name='eap'
03-06 15:31:29.055  1640  1640 D wpa_supplicant: CTRL_IFACE: Failed to get network variable 'eap'
03-06 15:31:29.055  1640  1640 D wpa_supplicant: RX ctrl_iface - hexdump(len=20): 47 45 54 5f 4e 45 54 57 4f 52 4b 20 30 20 70 68 61 73 65 32
03-06 15:31:29.055  1640  1640 D wpa_supplicant: wlan0: Control interface command 'GET_NETWORK 0 phase2'
03-06 15:31:29.055  1640  1640 D wpa_supplicant: CTRL_IFACE: GET_NETWORK id=0 name='phase2'
03-06 15:31:29.055  1640  1640 D wpa_supplicant: CTRL_IFACE: Failed to get network variable 'phase2'
03-06 15:31:29.055  1640  1640 D wpa_supplicant: RX ctrl_iface - hexdump(len=22): 47 45 54 5f 4e 45 54 57 4f 52 4b 20 30 20 69 64 65 6e 74 69 74 79
03-06 15:31:29.055  1640  1640 D wpa_supplicant: wlan0: Control interface command 'GET_NETWORK 0 identity'
03-06 15:31:29.055  1640  1640 D wpa_supplicant: CTRL_IFACE: GET_NETWORK id=0 name='identity'
03-06 15:31:29.055  1640  1640 D wpa_supplicant: CTRL_IFACE: Failed to get network variable 'identity'
03-06 15:31:29.055  1640  1640 D wpa_supplicant: RX ctrl_iface - hexdump(len=32): 47 45 54 5f 4e 45 54 57 4f 52 4b 20 30 20 61 6e 6f 6e 79 6d 6f 75 73 5f 69 64 65 6e 74 69 74 79
03-06 15:31:29.055  1640  1640 D wpa_supplicant: wlan0: Control interface command 'GET_NETWORK 0 anonymous_identity'
03-06 15:31:29.055  1640  1640 D wpa_supplicant: CTRL_IFACE: GET_NETWORK id=0 name='anonymous_identity'
03-06 15:31:29.055  1640  1640 D wpa_supplicant: CTRL_IFACE: Failed to get network variable 'anonymous_identity'
03-06 15:31:29.055  1640  1640 D wpa_supplicant: RX ctrl_iface - hexdump(len=22): 47 45 54 5f 4e 45 54 57 4f 52 4b 20 30 20 70 61 73 73 77 6f 72 64
03-06 15:31:29.055  1640  1640 D wpa_supplicant: wlan0: Control interface command 'GET_NETWORK 0 password'
03-06 15:31:29.055  1640  1640 D wpa_supplicant: CTRL_IFACE: GET_NETWORK id=0 name='password'
03-06 15:31:29.055  1640  1640 D wpa_supplicant: CTRL_IFACE: Failed to get network variable 'password'
03-06 15:31:29.055  1640  1640 D wpa_supplicant: RX ctrl_iface - hexdump(len=25): 47 45 54 5f 4e 45 54 57 4f 52 4b 20 30 20 63 6c 69 65 6e 74 5f 63 65 72 74
03-06 15:31:29.055  1640  1640 D wpa_supplicant: wlan0: Control interface command 'GET_NETWORK 0 client_cert'
03-06 15:31:29.055  1640  1640 D wpa_supplicant: CTRL_IFACE: GET_NETWORK id=0 name='client_cert'
03-06 15:31:29.055  1640  1640 D wpa_supplicant: CTRL_IFACE: Failed to get network variable 'client_cert'
03-06 15:31:29.055  1640  1640 D wpa_supplicant: RX ctrl_iface - hexdump(len=21): 47 45 54 5f 4e 45 54 57 4f 52 4b 20 30 20 63 61 5f 63 65 72 74
03-06 15:31:29.055  1640  1640 D wpa_supplicant: wlan0: Control interface command 'GET_NETWORK 0 ca_cert'
03-06 15:31:29.055  1640  1640 D wpa_supplicant: CTRL_IFACE: GET_NETWORK id=0 name='ca_cert'
03-06 15:31:29.055  1640  1640 D wpa_supplicant: CTRL_IFACE: Failed to get network variable 'ca_cert'
03-06 15:31:29.055  1640  1640 D wpa_supplicant: RX ctrl_iface - hexdump(len=27): 47 45 54 5f 4e 45 54 57 4f 52 4b 20 30 20 73 75 62 6a 65 63 74 5f 6d 61 74 63 68
03-06 15:31:29.055  1640  1640 D wpa_supplicant: wlan0: Control interface command 'GET_NETWORK 0 subject_match'
03-06 15:31:29.055  1640  1640 D wpa_supplicant: CTRL_IFACE: GET_NETWORK id=0 name='subject_match'
03-06 15:31:29.055  1640  1640 D wpa_supplicant: CTRL_IFACE: Failed to get network variable 'subject_match'
03-06 15:31:29.075  1640  1640 D wpa_supplicant: RX ctrl_iface - hexdump(len=20): 47 45 54 5f 4e 45 54 57 4f 52 4b 20 30 20 65 6e 67 69 6e 65
03-06 15:31:29.075  1640  1640 D wpa_supplicant: wlan0: Control interface command 'GET_NETWORK 0 engine'
03-06 15:31:29.075  1640  1640 D wpa_supplicant: CTRL_IFACE: GET_NETWORK id=0 name='engine'
03-06 15:31:29.075  1640  1640 D wpa_supplicant: RX ctrl_iface - hexdump(len=23): 47 45 54 5f 4e 45 54 57 4f 52 4b 20 30 20 65 6e 67 69 6e 65 5f 69 64
03-06 15:31:29.075  1640  1640 D wpa_supplicant: wlan0: Control interface command 'GET_NETWORK 0 engine_id'
03-06 15:31:29.075  1640  1640 D wpa_supplicant: CTRL_IFACE: GET_NETWORK id=0 name='engine_id'
03-06 15:31:29.075  1640  1640 D wpa_supplicant: CTRL_IFACE: Failed to get network variable 'engine_id'
03-06 15:31:29.075  1640  1640 D wpa_supplicant: RX ctrl_iface - hexdump(len=20): 47 45 54 5f 4e 45 54 57 4f 52 4b 20 30 20 6b 65 79 5f 69 64
03-06 15:31:29.075  1640  1640 D wpa_supplicant: wlan0: Control interface command 'GET_NETWORK 0 key_id'
03-06 15:31:29.075  1640  1640 D wpa_supplicant: CTRL_IFACE: GET_NETWORK id=0 name='key_id'
03-06 15:31:29.075  1640  1640 D wpa_supplicant: CTRL_IFACE: Failed to get network variable 'key_id'
03-06 15:31:29.075  1640  1640 D wpa_supplicant: RX ctrl_iface - hexdump(len=25): 47 45 54 5f 4e 45 54 57 4f 52 4b 20 30 20 70 72 69 76 61 74 65 5f 6b 65 79
03-06 15:31:29.075  1640  1640 D wpa_supplicant: wlan0: Control interface command 'GET_NETWORK 0 private_key'
03-06 15:31:29.075  1640  1640 D wpa_supplicant: CTRL_IFACE: GET_NETWORK id=0 name='private_key'
03-06 15:31:29.075  1640  1640 D wpa_supplicant: CTRL_IFACE: Failed to get network variable 'private_key'
03-06 15:31:29.075  1716  3406 D WiFiConnect: Connect AllieGO 5GHz pass=splinex271813 id=0
03-06 15:31:29.075  1640  1640 D wpa_supplicant: RX ctrl_iface - hexdump(len=16): 53 45 4c 45 43 54 5f 4e 45 54 57 4f 52 4b 20 30
03-06 15:31:29.075  1640  1640 D wpa_supplicant: wlan0: Control interface command 'SELECT_NETWORK 0'
03-06 15:31:29.075  1640  1640 D wpa_supplicant: CTRL_IFACE: SELECT_NETWORK id=0
03-06 15:31:29.075  1640  1640 D wpa_supplicant: Fast associate: Old scan results
03-06 15:31:29.075  1640  1640 D wpa_supplicant: wlan0: Setting scan request: 0 sec 0 usec
03-06 15:31:29.075  1640  1640 D wpa_supplicant: wlan0: State: INACTIVE -> SCANNING
03-06 15:31:29.075  1640  1640 D wpa_supplicant: CTRL_IFACE monitor send - hexdump(len=39): 2f 64 61 74 61 2f 6d 69 73 63 2f 77 69 66 69 2f 73 6f 63 6b 65 74 73 2f 77 70 61 5f 63 74 72 6c ...
03-06 15:31:29.075  1640  1640 D wpa_supplicant: Scan SSID - hexdump(len=12): 41 6c 6c 69 65 47 4f 20 35 47 48 7a
03-06 15:31:29.075  1640  1640 D wpa_supplicant: wlan0: Starting AP scan for wildcard SSID
03-06 15:31:29.075  1640  1640 D wpa_supplicant: wlan0: nl80211: scan request
03-06 15:31:29.075  1640  1640 D wpa_supplicant: nl80211: Scan SSID - hexdump(len=12): 41 6c 6c 69 65 47 4f 20 35 47 48 7a
03-06 15:31:29.075  1640  1640 D wpa_supplicant: nl80211: Scan SSID - hexdump(len=0): [NULL]
03-06 15:31:29.125   924   928 D dalvikvm: GC_CONCURRENT freed 1803K, 32% free 7709K/11204K, paused 4ms+5ms, total 62ms
03-06 15:31:29.125  1640  1640 D wpa_supplicant: Scan requested (ret=0) - scan timeout 30 seconds
03-06 15:31:29.125  1640  1640 D wpa_supplicant: RX ctrl_iface - hexdump(len=11): 53 41 56 45 5f 43 4f 4e 46 49 47
03-06 15:31:29.125  1640  1640 D wpa_supplicant: wlan0: Control interface command 'SAVE_CONFIG'
03-06 15:31:29.125  1640  1640 D wpa_supplicant: Writing configuration file '/data/misc/wifi/wpa_supplicant.conf'
03-06 15:31:29.125  1640  1640 D wpa_supplicant: Configuration file '/data/misc/wifi/wpa_supplicant.conf' written successfully
03-06 15:31:29.125  1640  1640 D wpa_supplicant: CTRL_IFACE: SAVE_CONFIG - Configuration updated
03-06 15:31:29.125  1640  1640 D wpa_supplicant: nl80211: Event message available
03-06 15:31:29.125  1640  1640 D wpa_supplicant: nl80211: Drv Event 33 (NL80211_CMD_TRIGGER_SCAN) received for wlan0
03-06 15:31:29.125  1640  1640 D wpa_supplicant: wlan0: nl80211: Scan trigger
03-06 15:31:29.125  1640  1640 D wpa_supplicant: wlan0: Event SCAN_STARTED (57) received
03-06 15:31:29.125  1640  1640 D wpa_supplicant: wlan0: Own scan request started a scan
03-06 15:31:29.125  1640  1640 I wpa_supplicant: wlan0: CTRL-EVENT-SCAN-STARTED 
03-06 15:31:29.125  1640  1640 D wpa_supplicant: CTRL_IFACE monitor send - hexdump(len=39): 2f 64 61 74 61 2f 6d 69 73 63 2f 77 69 66 69 2f 73 6f 63 6b 65 74 73 2f 77 70 61 5f 63 74 72 6c ...
03-06 15:31:29.125   220   220 V WLAN_PSA: NL MSG, len[048], NL type[0x11] WNI type[0x5050] len[028]
03-06 15:31:29.125   220   220 V WLAN_PSA: NL MSG, len[048], NL type[0x11] WNI type[0x5050] len[028]
03-06 15:31:29.125  1716  3406 D WiFiConnect: connecting
03-06 15:31:29.135   220   220 V WLAN_PSA: NL MSG, len[048], NL type[0x11] WNI type[0x5050] len[028]
03-06 15:31:29.135   220   220 V WLAN_PSA: NL MSG, len[914], NL type[0x11] WNI type[0x5050] len[894]
03-06 15:31:29.135   220   220 V WLAN_PSA: NL MSG, len[048], NL type[0x11] WNI type[0x5050] len[028]
03-06 15:31:29.225   924   924 W QCNEJ   : |CORE| sendDefaultNwMsg: Default network msg not being sent to CND.Value out of range: -1
03-06 15:31:29.225   924   989 D Nat464Xlat: requiresClat: netType=1, hasIPv4Address=false
03-06 15:31:30.195  2019  2033 E QcrilMsgTunnelSocket: IOException - java.io.IOException: No such file or directory Reason: No such file or directory
03-06 15:31:30.595   220   220 V WLAN_PSA: NL MSG, len[048], NL type[0x11] WNI type[0x5050] len[028]
03-06 15:31:30.985  1441  1515 D btif_config_util: btif_config_save_file(L188): in file name:/data/misc/bluedroid/bt_config.new
03-06 15:31:31.925   220   220 V WLAN_PSA: NL MSG, len[914], NL type[0x11] WNI type[0x5050] len[894]
03-06 15:31:31.925  1640  1640 D wpa_supplicant: nl80211: Event message available
03-06 15:31:31.925  1640  1640 D wpa_supplicant: nl80211: Drv Event 34 (NL80211_CMD_NEW_SCAN_RESULTS) received for wlan0
03-06 15:31:31.925  1640  1640 D wpa_supplicant: wlan0: nl80211: New scan results available
03-06 15:31:31.925  1640  1640 D wpa_supplicant: wlan0: Event SCAN_RESULTS (3) received
03-06 15:31:31.925  1640  1640 D wpa_supplicant: nl80211: Received scan results (7 BSSes)
03-06 15:31:31.925  1640  1640 D wpa_supplicant: nl80211: Survey data missing
03-06 15:31:31.925  1640  1640 D wpa_supplicant: Sorted scan results
03-06 15:31:31.925  1640  1640 D wpa_supplicant: e8:fc:af:ff:3a:33 freq=5220 qual=0 noise=0 level=-52 flags=0xb age=0
03-06 15:31:31.925  1640  1640 D wpa_supplicant: IEs - hexdump(len=378): 00 0c 41 6c 6c 69 65 47 4f 20 35 47 48 7a 01 08 8c 12 98 24 b0 48 60 6c 07 3c 44 45 20 24 01 17 ...
03-06 15:31:31.925  1640  1640 D wpa_supplicant: Beacon IEs - hexdump(len=311): 00 0c 41 6c 6c 69 65 47 4f 20 35 47 48 7a 01 08 8c 12 98 24 b0 48 60 6c 05 04 00 02 01 00 07 3c ...
03-06 15:31:31.925  1640  1640 D wpa_supplicant: d4:bf:7f:50:25:d7 freq=2452 qual=0 noise=0 level=-52 flags=0xb age=0
03-06 15:31:31.925  1640  1640 D wpa_supplicant: IEs - hexdump(len=361): 00 08 6d 61 78 5f 74 65 73 74 01 08 82 84 8b 96 0c 12 18 24 03 01 09 2a 01 00 32 04 30 48 60 6c ...
03-06 15:31:31.925  1640  1640 D wpa_supplicant: Beacon IEs - hexdump(len=308): 00 08 6d 61 78 5f 74 65 73 74 01 08 82 84 8b 96 0c 12 18 24 03 01 09 05 04 00 01 00 00 07 06 55 ...
03-06 15:31:31.925  1640  1640 D wpa_supplicant: e8:fc:af:ff:3a:34 freq=2432 qual=0 noise=0 level=-62 flags=0xb age=0
03-06 15:31:31.925  1640  1640 D wpa_supplicant: IEs - hexdump(len=285): 00 07 41 6c 6c 69 65 47 4f 01 08 82 84 0b 16 24 30 48 6c 03 01 05 05 04 00 02 00 00 07 06 44 45 ...
03-06 15:31:31.925  1640  1640 D wpa_supplicant: ec:43:f6:da:f7:48 freq=2412 qual=0 noise=0 level=-68 flags=0xb age=0
03-06 15:31:31.925  1640  1640 D wpa_supplicant: IEs - hexdump(len=275): 00 05 4d 65 74 72 6f 01 08 82 84 8b 96 12 24 48 6c 03 01 01 2a 01 04 32 04 0c 18 30 60 dd 16 00 ...
03-06 15:31:31.925  1640  1640 D wpa_supplicant: 14:d6:4d:78:6b:54 freq=2437 qual=0 noise=0 level=-82 flags=0xb age=0
03-06 15:31:31.925  1640  1640 D wpa_supplicant: IEs - hexdump(len=274): 00 06 6b 69 74 6e 70 66 01 08 82 84 8b 96 12 24 48 6c 03 01 06 2a 01 00 32 04 0c 18 30 60 2d 1a ...
03-06 15:31:31.925  1640  1640 D wpa_supplicant: 1c:87:2c:6c:c3:50 freq=2422 qual=0 noise=0 level=-85 flags=0xb age=0
03-06 15:31:31.925  1640  1640 D wpa_supplicant: IEs - hexdump(len=355): 00 04 6d 6f 6b 6f 01 08 82 84 8b 96 24 30 48 6c 03 01 03 2a 01 00 2f 01 00 30 14 01 00 00 0f ac ...
03-06 15:31:31.925  1640  1640 D wpa_supplicant: 00:18:25:00:e2:90 freq=2437 qual=0 noise=0 level=-83 flags=0xb age=0
03-06 15:31:31.925  1640  1640 D wpa_supplicant: IEs - hexdump(len=172): 00 19 55 74 65 6c 20 7a 76 6f 6e 69 20 38 2d 38 30 30 2d 33 30 30 30 2d 31 32 35 01 08 8c 12 98 ...
03-06 15:31:31.925  1640  1640 D wpa_supplicant: wlan0: BSS: Start scan result update 24
03-06 15:31:31.925  1640  1640 D wpa_supplicant: wlan0: BSS: Add new id 16 BSSID 00:18:25:00:e2:90 SSID 'Utel zvoni 8-800-3000-125'
03-06 15:31:31.925  1640  1640 D wpa_supplicant: CTRL_IFACE monitor send - hexdump(len=39): 2f 64 61 74 61 2f 6d 69 73 63 2f 77 69 66 69 2f 73 6f 63 6b 65 74 73 2f 77 70 61 5f 63 74 72 6c ...
03-06 15:31:31.925  1640  1640 D wpa_supplicant: wlan0: BSS: Remove id 15 BSSID d4:bf:7f:50:25:d2 SSID 'max-test 5G' due to no match in scan
03-06 15:31:31.925  1640  1640 D wpa_supplicant: CTRL_IFACE monitor send - hexdump(len=39): 2f 64 61 74 61 2f 6d 69 73 63 2f 77 69 66 69 2f 73 6f 63 6b 65 74 73 2f 77 70 61 5f 63 74 72 6c ...
03-06 15:31:31.925  1640  1640 D wpa_supplicant: BSS: last_scan_res_used=7/32 last_scan_full=0
03-06 15:31:31.925  1640  1640 D wpa_supplicant: Add randomness: count=211 entropy=141
03-06 15:31:31.925  1640  1640 D wpa_supplicant: random pool - hexdump(len=128): [REMOVED]
03-06 15:31:31.925  1640  1640 D wpa_supplicant: random_mix_pool - hexdump(len=8): [REMOVED]
03-06 15:31:31.925  1640  1640 D wpa_supplicant: random_mix_pool - hexdump(len=5): [REMOVED]
03-06 15:31:31.925  1640  1640 D wpa_supplicant: random pool - hexdump(len=128): [REMOVED]
03-06 15:31:31.925  1640  1640 D wpa_supplicant: Add randomness: count=212 entropy=142
03-06 15:31:31.925  1640  1640 D wpa_supplicant: random pool - hexdump(len=128): [REMOVED]
03-06 15:31:31.925  1640  1640 D wpa_supplicant: random_mix_pool - hexdump(len=8): [REMOVED]
03-06 15:31:31.925  1640  1640 D wpa_supplicant: random_mix_pool - hexdump(len=5): [REMOVED]
03-06 15:31:31.925  1640  1640 D wpa_supplicant: random pool - hexdump(len=128): [REMOVED]
03-06 15:31:31.925  1640  1640 D wpa_supplicant: Add randomness: count=213 entropy=143
03-06 15:31:31.925  1640  1640 D wpa_supplicant: random pool - hexdump(len=128): [REMOVED]
03-06 15:31:31.925  1640  1640 D wpa_supplicant: random_mix_pool - hexdump(len=8): [REMOVED]
03-06 15:31:31.925  1640  1640 D wpa_supplicant: random_mix_pool - hexdump(len=5): [REMOVED]
03-06 15:31:31.925  1640  1640 D wpa_supplicant: random pool - hexdump(len=128): [REMOVED]
03-06 15:31:31.925  1640  1640 D wpa_supplicant: Add randomness: count=214 entropy=144
03-06 15:31:31.925  1640  1640 D wpa_supplicant: random pool - hexdump(len=128): [REMOVED]
03-06 15:31:31.925  1640  1640 D wpa_supplicant: random_mix_pool - hexdump(len=8): [REMOVED]
03-06 15:31:31.925  1640  1640 D wpa_supplicant: random_mix_pool - hexdump(len=5): [REMOVED]
03-06 15:31:31.925  1640  1640 D wpa_supplicant: random pool - hexdump(len=128): [REMOVED]
03-06 15:31:31.925  1640  1640 D wpa_supplicant: Add randomness: count=215 entropy=145
03-06 15:31:31.925  1640  1640 D wpa_supplicant: random pool - hexdump(len=128): [REMOVED]
03-06 15:31:31.925  1640  1640 D wpa_supplicant: random_mix_pool - hexdump(len=8): [REMOVED]
03-06 15:31:31.925  1640  1640 D wpa_supplicant: random_mix_pool - hexdump(len=5): [REMOVED]
03-06 15:31:31.925  1640  1640 D wpa_supplicant: random pool - hexdump(len=128): [REMOVED]
03-06 15:31:31.925  1640  1640 D wpa_supplicant: Add randomness: count=216 entropy=146
03-06 15:31:31.925  1640  1640 D wpa_supplicant: random pool - hexdump(len=128): [REMOVED]
03-06 15:31:31.925  1640  1640 D wpa_supplicant: random_mix_pool - hexdump(len=8): [REMOVED]
03-06 15:31:31.925  1640  1640 D wpa_supplicant: random_mix_pool - hexdump(len=5): [REMOVED]
03-06 15:31:31.925  1640  1640 D wpa_supplicant: random pool - hexdump(len=128): [REMOVED]
03-06 15:31:31.925  1640  1640 D wpa_supplicant: Add randomness: count=217 entropy=147
03-06 15:31:31.925  1640  1640 D wpa_supplicant: random pool - hexdump(len=128): [REMOVED]
03-06 15:31:31.925  1640  1640 D wpa_supplicant: random_mix_pool - hexdump(len=8): [REMOVED]
03-06 15:31:31.925  1640  1640 D wpa_supplicant: random_mix_pool - hexdump(len=5): [REMOVED]
03-06 15:31:31.925  1640  1640 D wpa_supplicant: random pool - hexdump(len=128): [REMOVED]
03-06 15:31:31.925  1640  1640 D wpa_supplicant: wlan0: New scan results available (own=1 ext=0)
03-06 15:31:31.925  1640  1640 D wpa_supplicant: CTRL_IFACE monitor send - hexdump(len=39): 2f 64 61 74 61 2f 6d 69 73 63 2f 77 69 66 69 2f 73 6f 63 6b 65 74 73 2f 77 70 61 5f 63 74 72 6c ...
03-06 15:31:31.925  1640  1640 D wpa_supplicant: WPS: attr type=0x104a len=1
03-06 15:31:31.925  1640  1640 D wpa_supplicant: WPS: attr type=0x1044 len=1
03-06 15:31:31.925  1640  1640 D wpa_supplicant: WPS: attr type=0x103b len=1
03-06 15:31:31.925  1640  1640 D wpa_supplicant: WPS: attr type=0x1047 len=16
03-06 15:31:31.925  1640  1640 D wpa_supplicant: WPS: attr type=0x1021 len=13
03-06 15:31:31.925  1640  1640 D wpa_supplicant: WPS: attr type=0x1023 len=5
03-06 15:31:31.925  1640  1640 D wpa_supplicant: WPS: attr type=0x1024 len=5
03-06 15:31:31.925  1640  1640 D wpa_supplicant: WPS: attr type=0x1042 len=2
03-06 15:31:31.925  1640  1640 D wpa_supplicant: WPS: attr type=0x1054 len=8
03-06 15:31:31.925  1640  1640 D wpa_supplicant: WPS: attr type=0x1011 len=5
03-06 15:31:31.925  1640  1640 D wpa_supplicant: WPS: attr type=0x1008 len=2
03-06 15:31:31.925  1640  1640 D wpa_supplicant: WPS: attr type=0x103c len=1
03-06 15:31:31.925  1640  1640 D wpa_supplicant: WPS: attr type=0x1049 len=6
03-06 15:31:31.925  1640  1640 D wpa_supplicant: WPS: WFA subelement id=0 len=1
03-06 15:31:31.925  1640  1640 D wpa_supplicant: WPS: attr type=0x104a len=1
03-06 15:31:31.925  1640  1640 D wpa_supplicant: WPS: attr type=0x1044 len=1
03-06 15:31:31.925  1640  1640 D wpa_supplicant: WPS: attr type=0x103b len=1
03-06 15:31:31.925  1640  1640 D wpa_supplicant: WPS: attr type=0x1047 len=16
03-06 15:31:31.925  1640  1640 D wpa_supplicant: WPS: attr type=0x1021 len=13
03-06 15:31:31.925  1640  1640 D wpa_supplicant: WPS: attr type=0x1023 len=5
03-06 15:31:31.925  1640  1640 D wpa_supplicant: WPS: attr type=0x1024 len=5
03-06 15:31:31.925  1640  1640 D wpa_supplicant: WPS: attr type=0x1042 len=2
03-06 15:31:31.925  1640  1640 D wpa_supplicant: WPS: attr type=0x1054 len=8
03-06 15:31:31.925  1640  1640 D wpa_supplicant: WPS: attr type=0x1011 len=5
03-06 15:31:31.925  1640  1640 D wpa_supplicant: WPS: attr type=0x1008 len=2
03-06 15:31:31.925  1640  1640 D wpa_supplicant: WPS: attr type=0x103c len=1
03-06 15:31:31.925  1640  1640 D wpa_supplicant: WPS: attr type=0x1049 len=6
03-06 15:31:31.925  1640  1640 D wpa_supplicant: WPS: WFA subelement id=0 len=1
03-06 15:31:31.925  1640  1640 D wpa_supplicant: WPS: attr type=0x104a len=1
03-06 15:31:31.925  1640  1640 D wpa_supplicant: WPS: attr type=0x1044 len=1
03-06 15:31:31.925  1640  1640 D wpa_supplicant: WPS: attr type=0x103b len=1
03-06 15:31:31.925  1640  1640 D wpa_supplicant: WPS: attr type=0x1047 len=16
03-06 15:31:31.925  1640  1640 D wpa_supplicant: WPS: attr type=0x1021 len=13
03-06 15:31:31.925  1640  1640 D wpa_supplicant: WPS: attr type=0x1023 len=5
03-06 15:31:31.925  1640  1640 D wpa_supplicant: WPS: attr type=0x1024 len=5
03-06 15:31:31.925  1640  1640 D wpa_supplicant: WPS: attr type=0x1042 len=2
03-06 15:31:31.925  1640  1640 D wpa_supplicant: WPS: attr type=0x1054 len=8
03-06 15:31:31.925  1640  1640 D wpa_supplicant: WPS: attr type=0x1011 len=5
03-06 15:31:31.925  1640  1640 D wpa_supplicant: WPS: attr type=0x1008 len=2
03-06 15:31:31.925  1640  1640 D wpa_supplicant: WPS: attr type=0x103c len=1
03-06 15:31:31.925  1640  1640 D wpa_supplicant: WPS: attr type=0x1049 len=6
03-06 15:31:31.925  1640  1640 D wpa_supplicant: WPS: WFA subelement id=0 len=1
03-06 15:31:31.925  1640  1640 D wpa_supplicant: WPS: attr type=0x104a len=1
03-06 15:31:31.925  1640  1640 D wpa_supplicant: WPS: attr type=0x1044 len=1
03-06 15:31:31.925  1640  1640 D wpa_supplicant: WPS: attr type=0x103b len=1
03-06 15:31:31.925  1640  1640 D wpa_supplicant: WPS: attr type=0x1047 len=16
03-06 15:31:31.925  1640  1640 D wpa_supplicant: WPS: attr type=0x1021 len=9
03-06 15:31:31.925  1640  1640 D wpa_supplicant: WPS: attr type=0x1023 len=5
03-06 15:31:31.925  1640  1640 D wpa_supplicant: WPS: attr type=0x1024 len=9
03-06 15:31:31.925  1640  1640 D wpa_supplicant: WPS: attr type=0x1042 len=15
03-06 15:31:31.925  1640  1640 D wpa_supplicant: WPS: attr type=0x1054 len=8
03-06 15:31:31.925  1640  1640 D wpa_supplicant: WPS: attr type=0x1011 len=8
03-06 15:31:31.925  1640  1640 D wpa_supplicant: WPS: attr type=0x1008 len=2
03-06 15:31:31.925  1640  1640 D wpa_supplicant: WPS: attr type=0x103c len=1
03-06 15:31:31.925  1640  1640 D wpa_supplicant: WPS: attr type=0x1049 len=6
03-06 15:31:31.925  1640  1640 D wpa_supplicant: WPS: WFA subelement id=0 len=1
03-06 15:31:31.925  1640  1640 D wpa_supplicant: WPS: attr type=0x104a len=1
03-06 15:31:31.925  1640  1640 D wpa_supplicant: WPS: attr type=0x1044 len=1
03-06 15:31:31.925  1640  1640 D wpa_supplicant: WPS: attr type=0x103b len=1
03-06 15:31:31.925  1640  1640 D wpa_supplicant: WPS: attr type=0x1047 len=16
03-06 15:31:31.925  1640  1640 D wpa_supplicant: WPS: attr type=0x1021 len=9
03-06 15:31:31.925  1640  1640 D wpa_supplicant: WPS: attr type=0x1023 len=5
03-06 15:31:31.925  1640  1640 D wpa_supplicant: WPS: attr type=0x1024 len=9
03-06 15:31:31.925  1640  1640 D wpa_supplicant: WPS: attr type=0x1042 len=15
03-06 15:31:31.925  1640  1640 D wpa_supplicant: WPS: attr type=0x1054 len=8
03-06 15:31:31.925  1640  1640 D wpa_supplicant: WPS: attr type=0x1011 len=8
03-06 15:31:31.925  1640  1640 D wpa_supplicant: WPS: attr type=0x1008 len=2
03-06 15:31:31.925  1640  1640 D wpa_supplicant: WPS: attr type=0x103c len=1
03-06 15:31:31.925  1640  1640 D wpa_supplicant: WPS: attr type=0x1049 len=6
03-06 15:31:31.925  1640  1640 D wpa_supplicant: WPS: WFA subelement id=0 len=1
03-06 15:31:31.925  1640  1640 D wpa_supplicant: WPS: attr type=0x104a len=1
03-06 15:31:31.925  1640  1640 D wpa_supplicant: WPS: attr type=0x1044 len=1
03-06 15:31:31.925  1640  1640 D wpa_supplicant: WPS: attr type=0x103b len=1
03-06 15:31:31.925  1640  1640 D wpa_supplicant: WPS: attr type=0x1047 len=16
03-06 15:31:31.925  1640  1640 D wpa_supplicant: WPS: attr type=0x1021 len=9
03-06 15:31:31.925  1640  1640 D wpa_supplicant: WPS: attr type=0x1023 len=5
03-06 15:31:31.925  1640  1640 D wpa_supplicant: WPS: attr type=0x1024 len=9
03-06 15:31:31.925  1640  1640 D wpa_supplicant: WPS: attr type=0x1042 len=15
03-06 15:31:31.925  1640  1640 D wpa_supplicant: WPS: attr type=0x1054 len=8
03-06 15:31:31.925  1640  1640 D wpa_supplicant: WPS: attr type=0x1011 len=8
03-06 15:31:31.925  1640  1640 D wpa_supplicant: WPS: attr type=0x1008 len=2
03-06 15:31:31.925   220   220 V WLAN_PSA: NL MSG, len[048], NL type[0x11] WNI type[0x5050] len[028]
03-06 15:31:31.925  1640  1640 D wpa_supplicant: WPS: attr type=0x103c len=1
03-06 15:31:31.925   220   220 V WLAN_PSA: NL MSG, len[048], NL type[0x11] WNI type[0x5050] len[028]
03-06 15:31:31.925  1640  1640 D wpa_supplicant: WPS: attr type=0x1049 len=6
03-06 15:31:31.925  1640  1640 D wpa_supplicant: WPS: WFA subelement id=0 len=1
03-06 15:31:31.925  1640  1640 D wpa_supplicant: WPS: attr type=0x104a len=1
03-06 15:31:31.925  1640  1640 D wpa_supplicant: WPS: attr type=0x1044 len=1
03-06 15:31:31.925  1640  1640 D wpa_supplicant: WPS: attr type=0x1047 len=16
03-06 15:31:31.925  1640  1640 D wpa_supplicant: WPS: attr type=0x103c len=1
03-06 15:31:31.925  1640  1640 D wpa_supplicant: WPS: attr type=0x1049 len=6
03-06 15:31:31.925  1640  1640 D wpa_supplicant: WPS: WFA subelement id=0 len=1
03-06 15:31:31.925  1640  1640 D wpa_supplicant: WPS: attr type=0x104a len=1
03-06 15:31:31.925  1640  1640 D wpa_supplicant: WPS: attr type=0x1044 len=1
03-06 15:31:31.925  1640  1640 D wpa_supplicant: WPS: attr type=0x1047 len=16
03-06 15:31:31.925  1640  1640 D wpa_supplicant: WPS: attr type=0x103c len=1
03-06 15:31:31.925  1640  1640 D wpa_supplicant: WPS: attr type=0x1049 len=6
03-06 15:31:31.925  1640  1640 D wpa_supplicant: WPS: WFA subelement id=0 len=1
03-06 15:31:31.925  1640  1640 D wpa_supplicant: WPS: attr type=0x104a len=1
03-06 15:31:31.925  1640  1640 D wpa_supplicant: WPS: attr type=0x1044 len=1
03-06 15:31:31.925  1640  1640 D wpa_supplicant: WPS: attr type=0x1047 len=16
03-06 15:31:31.925  1640  1640 D wpa_supplicant: WPS: attr type=0x103c len=1
03-06 15:31:31.925  1640  1640 D wpa_supplicant: WPS: attr type=0x1049 len=6
03-06 15:31:31.925  1640  1640 D wpa_supplicant: WPS: WFA subelement id=0 len=1
03-06 15:31:31.925  1640  1640 D wpa_supplicant: WPS: attr type=0x104a len=1
03-06 15:31:31.925  1640  1640 D wpa_supplicant: WPS: attr type=0x1044 len=1
03-06 15:31:31.925  1640  1640 D wpa_supplicant: WPS: attr type=0x103b len=1
03-06 15:31:31.925  1640  1640 D wpa_supplicant: WPS: attr type=0x1047 len=16
03-06 15:31:31.925  1640  1640 D wpa_supplicant: WPS: attr type=0x1021 len=24
03-06 15:31:31.925  1640  1640 D wpa_supplicant: WPS: attr type=0x1023 len=28
03-06 15:31:31.925  1640  1640 D wpa_supplicant: WPS: attr type=0x1024 len=6
03-06 15:31:31.925  1640  1640 D wpa_supplicant: WPS: attr type=0x1042 len=8
03-06 15:31:31.925  1640  1640 D wpa_supplicant: WPS: attr type=0x1054 len=8
03-06 15:31:31.925  1640  1640 D wpa_supplicant: WPS: attr type=0x1011 len=9
03-06 15:31:31.925  1640  1640 D wpa_supplicant: WPS: attr type=0x1008 len=2
03-06 15:31:31.925  1640  1640 D wpa_supplicant: WPS: attr type=0x103c len=1
03-06 15:31:31.925  1640  1640 D wpa_supplicant: WPS: attr type=0x104a len=1
03-06 15:31:31.925  1640  1640 D wpa_supplicant: WPS: attr type=0x1044 len=1
03-06 15:31:31.925  1640  1640 D wpa_supplicant: WPS: attr type=0x103b len=1
03-06 15:31:31.925  1640  1640 D wpa_supplicant: WPS: attr type=0x1047 len=16
03-06 15:31:31.925  1640  1640 D wpa_supplicant: WPS: attr type=0x1021 len=24
03-06 15:31:31.925  1640  1640 D wpa_supplicant: WPS: attr type=0x1023 len=28
03-06 15:31:31.925  1640  1640 D wpa_supplicant: WPS: attr type=0x1024 len=6
