03-06 15:32:14.515   213   959 E QCameraParameters: int32_t qcamera::QCameraParameters::enableFlash(bool, bool):Wrong saved led mode
03-06 15:32:14.515   213   959 I Thermal-Lib: Thermal-Lib-Client: Registraion successful for camera with handle:1
03-06 15:32:14.515   213   959 I Thermal-Lib: Thermal-Lib-Client: Registraion successful for camcorder with handle:2
03-06 15:32:14.515   223   347 I ThermalEngine: Thermal-Server: Adding thermal event listener on fd 10
03-06 15:32:14.515   213  5506 I Thermal-Lib: Thermal-Lib-Client: Client received msg camera 0
03-06 15:32:14.515   213  5506 I QCamera2HWI: virtual int qcamera::QCamera2HardwareInterface::thermalEvtHandle(qcamera::qcamera_thermal_level_enum_t, void*, void*): level = 0, userdata = 0x0, data = 0x0
03-06 15:32:14.515   213  5506 I Thermal-Lib: Thermal-Lib-Client: Client received msg camcorder 0
03-06 15:32:14.515   213  5506 I QCamera2HWI: virtual int qcamera::QCamera2HardwareInterface::thermalEvtHandle(qcamera::qcamera_thermal_level_enum_t, void*, void*): level = 0, userdata = 0x0, data = 0x0
03-06 15:32:14.525   213  5484 E QCameraParameters: int32_t qcamera::QCameraParameters::setPreviewFpsRange(const qcamera::QCameraParameters&): FpsRange Values:(2000, 30000)
03-06 15:32:14.525   213  5484 E QCameraParameters: int32_t qcamera::QCameraParameters::setPreviewFpsRange(const qcamera::QCameraParameters&): Requested FpsRange Values:(2000, 30000)
03-06 15:32:14.525   213  5484 E QCameraParameters: bool qcamera::QCameraParameters::UpdateHFRFrameRate(const qcamera::QCameraParameters&): CameraParameters - : minFps = 2000, maxFps = 30000 
03-06 15:32:14.525   213  5484 E QCameraParameters: bool qcamera::QCameraParameters::UpdateHFRFrameRate(const qcamera::QCameraParameters&): Requested params - : minFps = 2000, maxFps = 30000 
03-06 15:32:14.525   213  5484 E QCameraParameters: bool qcamera::QCameraParameters::UpdateHFRFrameRate(const qcamera::QCameraParameters&): prevHfrStr - off, hfrStr = off 
03-06 15:32:14.525   213  5484 E QCameraParameters: HFR mode is OFF
03-06 15:32:14.525   213  5484 E QCameraParameters: int32_t qcamera::QCameraParameters::setPreviewFpsRange(const qcamera::QCameraParameters&): UpdateHFRFrameRate 0
03-06 15:32:14.525   213  5484 E QCameraParameters: int32_t qcamera::QCameraParameters::setPreviewFpsRange(const qcamera::QCameraParameters&): No change in FpsRange
03-06 15:32:14.525   213  5484 I QCameraParameters: int32_t qcamera::QCameraParameters::setWBManualCCT(const qcamera::QCameraParameters&), dont set cct to back-end.
03-06 15:32:14.525   213  5484 I QCameraParameters: int32_t qcamera::QCameraParameters::setFocusPosition(const qcamera::QCameraParameters&), dont set focus pos to back-end!
03-06 15:32:14.525   213  5484 I QCameraParameters: int32_t qcamera::QCameraParameters::setLiveSnapshotSize(const qcamera::QCameraParameters&): live snapshot size 1920 x 1080
03-06 15:32:14.535  1716  5481 D streaming: 15:32:14.537 1458.956 [CameraManager:start:82]: open 1
03-06 15:32:14.535   213   959 I CameraClient: Opening camera 1
03-06 15:32:14.535   213  5508 D QCameraStateMachine: static void* qcamera::QCameraStateMachine::smEvtProcRoutine(void*): E
03-06 15:32:14.535   213   959 E QCamera2HWI: [KPI Perf] int qcamera::QCamera2HardwareInterface::openCamera(hw_device_t**): E PROFILE_OPEN_CAMERA camera id 1
03-06 15:32:14.535   213   959 E mm-camera-intf: mm_camera_open: dev name = /dev/video2, cam_idx = 2
03-06 15:32:14.555   294  5512 E mm-camera: isp_tintless_open: E: b6e5de81
03-06 15:32:14.555   294  5512 E mm-camera: isp_tintless_get_version: lib returned version 3.61 err=0
03-06 15:32:14.555   294  5493 E mm-camera-img: img_q_remove:111] Dequeue failed
03-06 15:32:14.565   294  5513 E mm-camera: gyro_port_init: Init DSPS
03-06 15:32:14.565   294  5513 E mm-camera: dsps_proc_init: DSPS has already been initialized
03-06 15:32:14.665   294   294 E mm-camera-sensor: module_sensor_query_mod:3667 led flash is not supported for this sensor.
03-06 15:32:14.665   213   959 E mm-camera-intf: mm_camera_open:  opened, break out while loop
03-06 15:32:14.665   213   959 E QCameraHWI_Mem: int qcamera::QCameraMemory::alloc(int, int, int) : No memory pool available
03-06 15:32:14.665   213   959 I QCameraParameters: int32_t qcamera::QCameraParameters::initDefaultParameters(): supported live snapshot sizes: 2448x2448,2048x2048,2048x1536,1920x1080,1600x1200,1280x768,1280x720,1024x768,800x600,864x480,800x480,720x480,640x480,352x288,320x240,176x144
03-06 15:32:14.665   213   959 E QCameraParameters: int32_t qcamera::QCameraParameters::setPreviewFpsRange(int, int, int, int): E minFps = 2000, maxFps = 30000 , vid minFps = 2000, vid maxFps = 30000
03-06 15:32:14.665   213   959 E QCameraParameters: int32_t qcamera::QCameraParameters::setPreviewFpsRange(int, int, int, int): Setting preview fps range 2000,30000
03-06 15:32:14.665   213   959 E QCameraParameters: int32_t qcamera::QCameraParameters::setPreviewFpsRange(int, int, int, int): Updated: minFps = 2000, maxFps = 30000 , vid minFps = 2000, vid maxFps = 30000
03-06 15:32:14.665   213   959 E QCameraParameters: int32_t qcamera::QCameraParameters::setPreviewFpsRange(int, int, int, int): Thermal adjusted preview fps range 2,30, 2, 30
03-06 15:32:14.665   213   959 E QCameraParameters: int32_t qcamera::QCameraParameters::initDefaultParameters(): supported flash modes cnt is 0!!!
03-06 15:32:14.665   213   959 E QCameraParameters: int32_t qcamera::QCameraParameters::enableFlash(bool, bool):Wrong saved led mode
03-06 15:32:14.685   213  5508 E QCameraParameters: int32_t qcamera::QCameraParameters::setPreviewFpsRange(const qcamera::QCameraParameters&): FpsRange Values:(2000, 30000)
03-06 15:32:14.685   213  5508 E QCameraParameters: int32_t qcamera::QCameraParameters::setPreviewFpsRange(const qcamera::QCameraParameters&): Requested FpsRange Values:(2000, 30000)
03-06 15:32:14.685   213  5508 E QCameraParameters: bool qcamera::QCameraParameters::UpdateHFRFrameRate(const qcamera::QCameraParameters&): CameraParameters - : minFps = 2000, maxFps = 30000 
03-06 15:32:14.685   213  5508 E QCameraParameters: bool qcamera::QCameraParameters::UpdateHFRFrameRate(const qcamera::QCameraParameters&): Requested params - : minFps = 2000, maxFps = 30000 
03-06 15:32:14.685   213  5508 E QCameraParameters: bool qcamera::QCameraParameters::UpdateHFRFrameRate(const qcamera::QCameraParameters&): prevHfrStr - off, hfrStr = off 
03-06 15:32:14.685   213  5508 E QCameraParameters: HFR mode is OFF
03-06 15:32:14.685   213  5508 E QCameraParameters: int32_t qcamera::QCameraParameters::setPreviewFpsRange(const qcamera::QCameraParameters&): UpdateHFRFrameRate 0
03-06 15:32:14.685   213  5508 E QCameraParameters: int32_t qcamera::QCameraParameters::setPreviewFpsRange(const qcamera::QCameraParameters&): No change in FpsRange
03-06 15:32:14.685   213  5508 I QCameraParameters: int32_t qcamera::QCameraParameters::setWBManualCCT(const qcamera::QCameraParameters&), dont set cct to back-end.
03-06 15:32:14.685   213  5508 I QCameraParameters: int32_t qcamera::QCameraParameters::setFocusPosition(const qcamera::QCameraParameters&), dont set focus pos to back-end!
03-06 15:32:14.685   213  5508 I QCameraParameters: int32_t qcamera::QCameraParameters::setLiveSnapshotSize(const qcamera::QCameraParameters&): live snapshot size 1920 x 1080
03-06 15:32:14.715  1716  1716 D Camera-JNI: startPreview
03-06 15:32:14.715   213  2147 E QCamera2HWI: [KPI Perf] static int qcamera::QCamera2HardwareInterface::start_preview(camera_device*): E PROFILE_START_PREVIEW
03-06 15:32:14.715   213  5484 E QCameraHWI_Mem: int qcamera::QCameraMemory::alloc(int, int, int) : No memory pool available
03-06 15:32:14.725   213  5484 E QCameraHWI_Mem: int qcamera::QCameraMemory::alloc(int, int, int) : No memory pool available
03-06 15:32:14.725   213  5485 E QCameraHWI_Mem: int qcamera::QCameraMemoryPool::allocateBuffer(qcamera::QCameraMemory::QCameraMemInfo&, int, int, bool, cam_stream_type_t) : Buffer not found!
03-06 15:32:14.725   213  5485 E QCameraHWI_Mem: int qcamera::QCameraMemoryPool::allocateBuffer(qcamera::QCameraMemory::QCameraMemInfo&, int, int, bool, cam_stream_type_t) : Buffer not found!
03-06 15:32:14.725   213  5485 E QCameraHWI_Mem: int qcamera::QCameraMemoryPool::allocateBuffer(qcamera::QCameraMemory::QCameraMemInfo&, int, int, bool, cam_stream_type_t) : Buffer not found!
03-06 15:32:14.725   213  5485 E QCameraHWI_Mem: int qcamera::QCameraMemoryPool::allocateBuffer(qcamera::QCameraMemory::QCameraMemInfo&, int, int, bool, cam_stream_type_t) : Buffer not found!
03-06 15:32:14.725   213  5485 E QCameraHWI_Mem: int qcamera::QCameraMemoryPool::allocateBuffer(qcamera::QCameraMemory::QCameraMemInfo&, int, int, bool, cam_stream_type_t) : Buffer not found!
03-06 15:32:14.725   294  5500 E mm-camera: mct_pipeline_add_stream_to_linked_streams: linked streams: 0x2
03-06 15:32:14.725   294  5500 E mm-camera: mct_stream_start_link: Starting preview/postview stream linking 
03-06 15:32:14.725   294  5500 E mm-camera-sensor: port_sensor_caps_reserve:126 ide 10002 stream type 1 w*h 2048*2048
03-06 15:32:14.725   294  5500 E mm-camera-sensor: port_sensor_ext_link_func:195 ide 10002
03-06 15:32:14.725   213  5485 E QCameraHWI_Mem: int qcamera::QCameraMemoryPool::allocateBuffer(qcamera::QCameraMemory::QCameraMemInfo&, int, int, bool, cam_stream_type_t) : Buffer not found!
03-06 15:32:14.725   294  5500 E mm-camera: isp_util_find_matched_existing_src_port#171: X
03-06 15:32:14.725   213  5485 E QCameraHWI_Mem: int qcamera::QCameraMemoryPool::allocateBuffer(qcamera::QCameraMemory::QCameraMemInfo&, int, int, bool, cam_stream_type_t) : Buffer not found!
03-06 15:32:14.735   294  5500 E mm-camera: module_faceproc_client_create:968] Face proc feature mask e 0
03-06 15:32:14.735   294  5500 E mm-camera: mct_pipeline_send_ctrl_events: Send Set Parm events
03-06 15:32:14.735   294  5500 E mm-camera-sensor: module_sensor_event_control_set_parm:2518 CAM_INTF_PARM_LED_MODE 0 
03-06 15:32:14.735   294  5500 E mm-camera-sensor: 
03-06 15:32:14.745   294  5500 E mm-camera: mct_pipeline_add_stream_to_linked_streams: linked streams: 0x82
03-06 15:32:14.745   294  5500 E mm-camera: mct_stream_start_link: Starting meta stream linking: do nothing 
03-06 15:32:14.745   213  5484 E mm-camera-intf: mm_stream_get_v4l2_fmt: Unknown fmt=78
03-06 15:32:14.755   213  5484 E QCameraParameters: int qcamera::QCameraParameters::getPreviewHalPixelFormat() const: format 265
03-06 15:32:14.765   294  5500 E mm-camera-sensor: sensor_set_resolution:1611 set_fps=30.000000 > max_fps=20.000000, capping to max
03-06 15:32:14.805   294  5500 E mm-camera: decide_isp_nums_camif: num_isp = 1
03-06 15:32:14.805   294  5527 E mm-camera-CORE: awb_set_parameters: paramt type =10
03-06 15:32:14.805   294  5527 E mm-camera-CORE: awb_set_parameters current op_mode: 2, previous op_mode: 0
03-06 15:32:14.805   294  5528 E mm-camera: afd_set_parameters: param=0xb7c78cac afd_obj =0xb7aacd48, type =3
03-06 15:32:14.805   294  5500 E mm-camera-sensor: sensor_get_cur_ir_chromatix_name:2061 res 0 mask 2 preview chromatix libchromatix_ov10823_ir_preview.so
03-06 15:32:14.805   294  5500 E mm-camera-sensor: change_chromatix_library:19 Open /persist/phoneid.bin failed
03-06 15:32:14.805   294  5500 E mm-camera-sensor: 
03-06 15:32:14.805   294  5500 E mm-camera-sensor: change_chromatix_library:19 Open /persist/phoneid.bin failed
03-06 15:32:14.805   294  5500 E mm-camera-sensor: 
03-06 15:32:14.805   294  5500 E mm-camera-sensor: change_chromatix_library:19 Open /persist/phoneid.bin failed
03-06 15:32:14.805   294  5500 E mm-camera-sensor: 
03-06 15:32:14.805   294  5500 E mm-camera-sensor: change_chromatix_library:19 Open /persist/phoneid.bin failed
03-06 15:32:14.805   294  5500 E mm-camera-sensor: 
03-06 15:32:14.805   294  5500 E mm-camera-sensor: change_chromatix_library:19 Open /persist/phoneid.bin failed
03-06 15:32:14.805   294  5500 E mm-camera-sensor: 
03-06 15:32:14.805   294  5500 E mm-camera-sensor: change_chromatix_library:19 Open /persist/phoneid.bin failed
03-06 15:32:14.805   294  5500 E mm-camera-sensor: 
03-06 15:32:14.805   294  5500 E mm-camera-sensor: eeprom_process:796 e_ctrl->eeprom_lib.func_tbl =0xb538c004
03-06 15:32:14.805   294  5527 E mm-camera-CORE: awb_set_parameters: paramt type =1
03-06 15:32:14.805   294  5527 E mm-camera-CORE: awb_set_init_chromatix init_param->chromatix=0xb7ae15f0
03-06 15:32:14.805   294  5527 E mm-camera-CORE: awb_settings_init awb=0xb5397008,init_param=0xb7c78cbc, chromatix=0xb7ae15f0, stats type=1
03-06 15:32:14.805   294  5527 E mm-camera-CORE: awb_set_parse_chromatix: awb->stats_type=1
03-06 15:32:14.805   294  5527 E mm-camera-CORE: awb_set_parse_chromatix: X
03-06 15:32:14.805   294  5527 E mm-camera-CORE: AWB awb_bayer_init: Green zone offset: (green_offset_bg,green_offset_rg, top_right)=(0, 0, -30 )
03-06 15:32:14.805   294  5528 E mm-camera: afd_set_parameters: param=0xb7c78cac afd_obj =0xb7aacd48, type =1
03-06 15:32:14.805   294  5528 E mm-camera: afd_set_parameters: param=0xb7c78cac afd_obj =0xb7aacd48, type =5
03-06 15:32:14.805   294  5528 E mm-camera-CORE: afd_process_pack_output: afd_enable 0, monitor 0, flicker 0, freq 0, afd_state 0, afd_atb 0
03-06 15:32:14.805   294  5528 E mm-camera: afd_set_parameters: param=0xb7c78cac afd_obj =0xb7aacd48, type =0
03-06 15:32:14.815   294  5528 E mm-camera: afd_set_parameters: param=0xb7c78cac afd_obj =0xb7aacd48, type =0
03-06 15:32:14.815   294  5528 E mm-camera: afd_set_parameters: param=0xb7c78cac afd_obj =0xb7aacd48, type =0
03-06 15:32:14.815   294  5527 E mm-camera-CORE: awb_set_parameters: paramt type =4
03-06 15:32:14.815   294  5528 E mm-camera: afd_set_parameters: param=0xb7c78cac afd_obj =0xb7aacd48, type =0
03-06 15:32:14.815   294  5527 E mm-camera-CORE: awb_set_parameters: paramt type =2
03-06 15:32:14.815   294  5527 E mm-camera-CORE: awb_set_current_wb: E current awb=0 (rbg)=(1.461786, 1.000000, 2.269908)
03-06 15:32:14.815   294  5527 E mm-camera-CORE: awb_set_current_wb: X current awb=0 (rbg)=(1.461786, 1.000000, 2.269908)
03-06 15:32:14.815   294  5527 E mm-camera-CORE: awb_set_current_wb: new_wb =0
03-06 15:32:14.815   294  5528 E mm-camera: afd_set_parameters: param=0xb7c78cac afd_obj =0xb7aacd48, type =0
03-06 15:32:14.815   294  5527 E mm-camera-CORE: awb_set_parameters: paramt type =5
03-06 15:32:14.815   294  5528 E mm-camera: afd_set_parameters: param=0xb7c78cac afd_obj =0xb7aacd48, type =0
03-06 15:32:14.815   294  5528 E mm-camera: afd_set_parameters: param=0xb7c78cac afd_obj =0xb7aacd48, type =0
03-06 15:32:14.815   294  5528 E mm-camera: afd_set_parameters: param=0xb7c78cac afd_obj =0xb7aacd48, type =0
03-06 15:32:14.815   294  5528 E mm-camera: afd_set_parameters: param=0xb7c78cac afd_obj =0xb7aacd48, type =0
03-06 15:32:14.815   294  5528 E mm-camera: afd_set_parameters: param=0xb7c78cac afd_obj =0xb7aacd48, type =0
03-06 15:32:14.815   294  5528 E mm-camera: afd_set_parameters: param=0xb7c78cac afd_obj =0xb7aacd48, type =0
03-06 15:32:14.815   294  5528 E mm-camera: afd_set_parameters: param=0xb7c78cac afd_obj =0xb7aacd48, type =0
03-06 15:32:14.815   294  5528 E mm-camera: afd_set_parameters: param=0xb7c78cac afd_obj =0xb7aacd48, type =0
03-06 15:32:14.815   294  5527 E mm-camera-CORE: awb_set_parameters: paramt type =12
03-06 15:32:14.815   294  5528 E mm-camera: afd_set_parameters: param=0xb7c78cac afd_obj =0xb7aacd48, type =7
03-06 15:32:14.815   294  5500 E mm-camera: isp_tintless_config: tint_correction_strength updated to 4
03-06 15:32:14.815   294  5500 E mm-camera: isp_tintless_update_chromatix_params: lib returned config err=0
03-06 15:32:14.815   294  5500 E mm-camera-img: Face Album FILE EXISTS
03-06 15:32:14.815   294  5500 E mm-camera: cpp_hw_params_update_wnr_params:2891 invalid trigger input 0.000000
03-06 15:32:14.815   294  5494 E mm-camera: isp_ch_util_sync_stream_cfg_to_channel: cannot find channel, Adding new channel for stream id 2
03-06 15:32:14.815   294  5538 E mm-camera: isp_axi_stream_set_skip_pattern: cannot find stream, session_id = 0, stream_id = 0
03-06 15:32:14.815   294  5494 E mm-camera: isp_hw_action: first start, hw thread for streamon/ack
03-06 15:32:14.815   294  5494 E mm-camera: isp_ch_util_streamon: session_id = 1, vfe_mask = 0x1, async streamon, rc = 0
03-06 15:32:14.815   294  5494 E mm-camera: isp_hw_action: hw_thread for ack
03-06 15:32:14.815   294  5538 E mm-camera: isp_thread_proc_cmd: start/stop, thread_data = 0xb7c84a1c, action_code = 0
03-06 15:32:14.815   294  5538 E mm-camera: isp_tintless_config: cfg: 10x13 mesh, 8x8 subgrid, subgrid sz 26x34
03-06 15:32:14.815   294  5538 E mm-camera: isp_tintless_mesh_config: lib returned mesh config err=0
03-06 15:32:14.815   294  5538 E mm-camera: color_xform_config_601_to_601 for stream Encoder
03-06 15:32:14.815   294  5538 E mm-camera: color_xform_config_601_to_601 for stream Viewfinder
03-06 15:32:14.815   294  5538 E mm-camera: linearization_set_params: param_id is not supported in this module
03-06 15:32:14.815   294  5538 E mm-camera: mesh_rolloff_set_params: param_id is not supported in this module
03-06 15:32:14.815   294  5538 E mm-camera: wb_set_params: param_id is not supported in this module
03-06 15:32:14.815   294  5538 E mm-camera: demosaic_set_params: param_id 7, is not supported in this module
03-06 15:32:14.815   294  5538 E mm-camera: demux_set_params: param_id 7, is not supported in this module
03-06 15:32:14.815   294  5538 E mm-camera: color_correct_set_effect: saturation level = 1.000000, asd_saturae_adjust = 1.000000
03-06 15:32:14.815   294  5538 E mm-camera: mce_set_params: param_id is not supported in this module
03-06 15:32:14.815   294  5538 E mm-camera: sce_set_params: param_id is not supported in this module
03-06 15:32:14.815   294  5538 E mm-camera: la_hist_trigger_update: luma target from AEC = 0! use default LA curve
03-06 15:32:14.815   294  5538 E mm-camera: isp_tintless_stat_config: pointer okay 
03-06 15:32:14.815   294  5538 E mm-camera: isp_tintless_config: cfg: camif 2448x2448, elem sz 76x102, elems 24x32
03-06 15:32:14.825   294  5538 E mm-camera: isp_tintless_stat_config: lib returned config err=0
03-06 15:32:14.825   294  5538 E mm-camera: stats_action_buf_config: cfg = 1, stats_mask = 0x6b8
03-06 15:32:14.825   294  5538 E mm-camera: stats_action: stats mask = 0x6b8
03-06 15:32:14.835   294  5538 E mm-camera: isp_axi_util_subscribe_v4l2_event: event_type = 0x8000100, is_subscribe = 1
03-06 15:32:14.835   294  5494 E mm-camera: isp_ch_util_streamon: session_id = 1, sync ack done
03-06 15:32:14.835   294  5538 E mm-camera: isp_thread_proc_cmd: start/stop ack done, thread_data = 0xb7c84a1c, action_code = 1, rc = 0
03-06 15:32:14.835   294  5500 E mm-camera: ispif_proc_streamon: ispif_hw_reset done
03-06 15:32:14.835   294  5500 E mm-camera: stream id 2, stream num_meta 0
03-06 15:32:14.835   294  5500 E mm-camera: ispif_streamon: session_id = 1, active_streams = 1
03-06 15:32:14.835   294  5500 E mm-camera-sensor: module_sensor_stream_on:1551 CameraManager start stream with ir file
03-06 15:32:14.835   294  5500 E mm-camera-sensor: module_sensor_stream_on: Sending start bus message
03-06 15:32:14.835   294  5500 E mm-camera: start_sof_check_thread: Starting SOF timeout thread
03-06 15:32:14.845  1716  1716 D streaming: 15:32:14.845 1459.264 [CameraView:surfaceChanged:223]: startPreview 0
03-06 15:32:14.855  1716  1716 D Camera-JNI: startPreview
03-06 15:32:14.855  1000  1000 D StatusBar.NetworkController: refreshViews: Data not connected!! Set no data type icon / Roaming
03-06 15:32:14.855  1000  1000 D StatusBar.NetworkController: refreshViews connected={ wifi } level=0 combinedSignalIconId=0x7f0200a3/com.android.systemui:drawable/stat_sys_wifi_signal_3_fully mobileLabel= wifiLabel="AllieGO 5GHz"xxxxXXXXxxxxXXXX emergencyOnly=false combinedLabel="AllieGO 5GHz"xxxxXXXXxxxxXXXX mAirplaneMode=false mDataActivity=0 mPhoneSignalIconId=0x0 mQSPhoneSignalIconId=0x0 mDataDirectionIconId=0x0 mDataSignalIconId=0x0 mDataTypeIconId=0x0 mQSDataTypeIconId=0x0 mNoSimIconId=0x0 mWifiIconId=0x7f0200a3 mQSWifiIconId=0x7f02005b mBluetoothTetherIconId=0x10805cc
03-06 15:32:14.855   213   961 E QCamera2HWI: [KPI Perf] static int qcamera::QCamera2HardwareInterface::start_preview(camera_device*): E PROFILE_START_PREVIEW
03-06 15:32:14.855   213  5508 E QCameraHWI_Mem: int qcamera::QCameraMemory::alloc(int, int, int) : No memory pool available
03-06 15:32:14.855   213  5508 E QCameraHWI_Mem: int qcamera::QCameraMemory::alloc(int, int, int) : No memory pool available
03-06 15:32:14.855   213  5509 E QCameraHWI_Mem: int qcamera::QCameraMemoryPool::allocateBuffer(qcamera::QCameraMemory::QCameraMemInfo&, int, int, bool, cam_stream_type_t) : Buffer not found!
03-06 15:32:14.855   213  5509 E QCameraHWI_Mem: int qcamera::QCameraMemoryPool::allocateBuffer(qcamera::QCameraMemory::QCameraMemInfo&, int, int, bool, cam_stream_type_t) : Buffer not found!
03-06 15:32:14.855   213  5509 E QCameraHWI_Mem: int qcamera::QCameraMemoryPool::allocateBuffer(qcamera::QCameraMemory::QCameraMemInfo&, int, int, bool, cam_stream_type_t) : Buffer not found!
03-06 15:32:14.855   213  5509 E QCameraHWI_Mem: int qcamera::QCameraMemoryPool::allocateBuffer(qcamera::QCameraMemory::QCameraMemInfo&, int, int, bool, cam_stream_type_t) : Buffer not found!
03-06 15:32:14.855   213  5509 E QCameraHWI_Mem: int qcamera::QCameraMemoryPool::allocateBuffer(qcamera::QCameraMemory::QCameraMemInfo&, int, int, bool, cam_stream_type_t) : Buffer not found!
03-06 15:32:14.855   213  5509 E QCameraHWI_Mem: int qcamera::QCameraMemoryPool::allocateBuffer(qcamera::QCameraMemory::QCameraMemInfo&, int, int, bool, cam_stream_type_t) : Buffer not found!
03-06 15:32:14.855   213  5509 E QCameraHWI_Mem: int qcamera::QCameraMemoryPool::allocateBuffer(qcamera::QCameraMemory::QCameraMemInfo&, int, int, bool, cam_stream_type_t) : Buffer not found!
03-06 15:32:14.855   294  5519 E mm-camera: mct_pipeline_add_stream_to_linked_streams: linked streams: 0x2
03-06 15:32:14.855   294  5519 E mm-camera: mct_stream_start_link: Starting preview/postview stream linking 
03-06 15:32:14.855   294  5519 E mm-camera-sensor: port_sensor_caps_reserve:126 ide 20002 stream type 1 w*h 2048*2048
03-06 15:32:14.855   294  5519 E mm-camera-sensor: port_sensor_ext_link_func:195 ide 20002
03-06 15:32:14.855   294  5519 E mm-camera: isp_reserve_src_port: Error isp_src_port
03-06 15:32:14.855   294  5519 E mm-camera: isp_util_find_matched_existing_src_port#171: X
03-06 15:32:14.855   294  5519 E mm-camera: isp_reserve_src_port: Error isp_src_port
03-06 15:32:14.855   294  5519 E mm-camera: isp_util_find_matched_existing_src_port#171: X
03-06 15:32:14.865   294  5519 E mm-camera: module_imglib_create_port:1756 portname imglib_d2_i1
03-06 15:32:14.865   294  5519 E mm-camera: module_imglib_port_check_caps_reserve:1493 port already reserved or invalid identity 131074
03-06 15:32:14.865   294  5519 E mm-camera: module_imglib_port_check_caps_reserve:1557] Cap reserve failed 
03-06 15:32:14.865   294  5519 E mm-camera: module_faceproc_client_create:968] Face proc feature mask e 0
03-06 15:32:14.865   294  5519 E mm-camera: isp_reserve_src_port: Error isp_src_port
03-06 15:32:14.865   294  5519 E mm-camera: mct_pipeline_send_ctrl_events: Send Set Parm events
03-06 15:32:14.865   294  5519 E mm-camera: mct_pipeline_add_stream_to_linked_streams: linked streams: 0x82
03-06 15:32:14.865   294  5519 E mm-camera: mct_stream_start_link: Starting meta stream linking: do nothing 
03-06 15:32:14.865   213  5508 E mm-camera-intf: mm_stream_get_v4l2_fmt: Unknown fmt=78
03-06 15:32:14.865   213  5508 E QCameraParameters: int qcamera::QCameraParameters::getPreviewHalPixelFormat() const: format 265
03-06 15:32:14.885   294  5519 E mm-camera-sensor: sensor_set_resolution:1611 set_fps=30.000000 > max_fps=20.000000, capping to max
03-06 15:32:14.925   294  5519 E mm-camera: decide_isp_nums_camif: num_isp = 1
03-06 15:32:14.925   294  5542 E mm-camera-CORE: awb_set_parameters: paramt type =10
03-06 15:32:14.925   294  5542 E mm-camera-CORE: awb_set_parameters current op_mode: 2, previous op_mode: 0
03-06 15:32:14.925   294  5543 E mm-camera: afd_set_parameters: param=0xb7cdbef4 afd_obj =0xb7b3b280, type =3
03-06 15:32:14.925   294  5519 E mm-camera-sensor: sensor_get_cur_ir_chromatix_name:2061 res 0 mask 2 preview chromatix libchromatix_ov10823_ir_preview.so
03-06 15:32:14.925   294  5519 E mm-camera-sensor: change_chromatix_library:19 Open /persist/phoneid.bin failed
03-06 15:32:14.925   294  5519 E mm-camera-sensor: 
03-06 15:32:14.925   294  5519 E mm-camera-sensor: change_chromatix_library:19 Open /persist/phoneid.bin failed
03-06 15:32:14.925   294  5519 E mm-camera-sensor: 
03-06 15:32:14.925   294  5519 E mm-camera-sensor: change_chromatix_library:19 Open /persist/phoneid.bin failed
03-06 15:32:14.925   294  5519 E mm-camera-sensor: 
03-06 15:32:14.925   294  5519 E mm-camera-sensor: change_chromatix_library:19 Open /persist/phoneid.bin failed
03-06 15:32:14.925   294  5519 E mm-camera-sensor: 
03-06 15:32:14.925   294  5519 E mm-camera-sensor: change_chromatix_library:19 Open /persist/phoneid.bin failed
03-06 15:32:14.925   294  5519 E mm-camera-sensor: 
03-06 15:32:14.925   294  5519 E mm-camera-sensor: change_chromatix_library:19 Open /persist/phoneid.bin failed
03-06 15:32:14.925   294  5519 E mm-camera-sensor: 
03-06 15:32:14.925   294  5519 E mm-camera-sensor: eeprom_process:796 e_ctrl->eeprom_lib.func_tbl =0xb538c004
03-06 15:32:14.925   294  5542 E mm-camera-CORE: awb_set_parameters: paramt type =1
03-06 15:32:14.925   294  5542 E mm-camera-CORE: awb_set_init_chromatix init_param->chromatix=0xb506de18
03-06 15:32:14.925   294  5543 E mm-camera: afd_set_parameters: param=0xb7cdbecc afd_obj =0xb7b3b280, type =1
03-06 15:32:14.925   294  5542 E mm-camera-CORE: awb_settings_init awb=0xb445b008,init_param=0xb7d1313c, chromatix=0xb506de18, stats type=1
03-06 15:32:14.925   294  5542 E mm-camera-CORE: awb_set_parse_chromatix: awb->stats_type=1
03-06 15:32:14.925   294  5543 E mm-camera: afd_set_parameters: param=0xb7d13664 afd_obj =0xb7b3b280, type =5
03-06 15:32:14.925   294  5542 E mm-camera-CORE: awb_set_parse_chromatix: X
03-06 15:32:14.925   294  5543 E mm-camera-CORE: afd_process_pack_output: afd_enable 0, monitor 0, flicker 0, freq 0, afd_state 0, afd_atb 0
03-06 15:32:14.925   294  5543 E mm-camera: afd_set_parameters: param=0xb7d136a4 afd_obj =0xb7b3b280, type =0
03-06 15:32:14.925   294  5543 E mm-camera: afd_set_parameters: param=0xb7d13784 afd_obj =0xb7b3b280, type =0
03-06 15:32:14.925   294  5542 E mm-camera-CORE: AWB awb_bayer_init: Green zone offset: (green_offset_bg,green_offset_rg, top_right)=(0, 0, -30 )
03-06 15:32:14.925   294  5542 E mm-camera-CORE: awb_set_parameters: paramt type =4
03-06 15:32:14.925   294  5543 E mm-camera: afd_set_parameters: param=0xb7d132a4 afd_obj =0xb7b3b280, type =0
03-06 15:32:14.925   294  5542 E mm-camera-CORE: awb_set_parameters: paramt type =2
03-06 15:32:14.925   294  5543 E mm-camera: afd_set_parameters: param=0xb7d133d4 afd_obj =0xb7b3b280, type =0
03-06 15:32:14.925   294  5543 E mm-camera: afd_set_parameters: param=0xb7d13504 afd_obj =0xb7b3b280, type =0
03-06 15:32:14.925   294  5543 E mm-camera: afd_set_parameters: param=0xb7d13664 afd_obj =0xb7b3b280, type =0
03-06 15:32:14.925   294  5542 E mm-camera-CORE: awb_set_current_wb: E current awb=0 (rbg)=(1.494550, 1.000000, 2.288746)
03-06 15:32:14.925   294  5543 E mm-camera: afd_set_parameters: param=0xb7d136a4 afd_obj =0xb7b3b280, type =0
03-06 15:32:14.925   294  5542 E mm-camera-CORE: awb_set_current_wb: X current awb=0 (rbg)=(1.494550, 1.000000, 2.288746)
03-06 15:32:14.925   294  5542 E mm-camera-CORE: awb_set_current_wb: new_wb =0
03-06 15:32:14.925   294  5543 E mm-camera: afd_set_parameters: param=0xb7d13fbc afd_obj =0xb7b3b280, type =0
03-06 15:32:14.925   294  5542 E mm-camera-CORE: awb_set_parameters: paramt type =5
03-06 15:32:14.925   294  5543 E mm-camera: afd_set_parameters: param=0xb7d13784 afd_obj =0xb7b3b280, type =0
03-06 15:32:14.925   294  5543 E mm-camera: afd_set_parameters: param=0xb7d13cfc afd_obj =0xb7b3b280, type =0
03-06 15:32:14.925   294  5542 E mm-camera-CORE: awb_set_parameters: paramt type =12
03-06 15:32:14.925   294  5543 E mm-camera: afd_set_parameters: param=0xb7d13664 afd_obj =0xb7b3b280, type =0
03-06 15:32:14.925   294  5543 E mm-camera: afd_set_parameters: param=0xb7d136a4 afd_obj =0xb7b3b280, type =0
03-06 15:32:14.925   294  5543 E mm-camera: afd_set_parameters: param=0xb7d132a4 afd_obj =0xb7b3b280, type =7
03-06 15:32:14.925   294  5519 E mm-camera: isp_tintless_config: tint_correction_strength updated to 4
03-06 15:32:14.925   294  5519 E mm-camera: isp_tintless_update_chromatix_params: lib returned config err=0
03-06 15:32:14.925   294  5519 E mm-camera: cpp_hw_params_update_wnr_params:2891 invalid trigger input 0.000000
03-06 15:32:14.925   294  5518 E mm-camera: isp_ch_util_sync_stream_cfg_to_channel: cannot find channel, Adding new channel for stream id 2
03-06 15:32:14.935   294  5551 E mm-camera: isp_axi_stream_set_skip_pattern: cannot find stream, session_id = 0, stream_id = 0
03-06 15:32:14.935   294  5518 E mm-camera: isp_hw_action: first start, hw thread for streamon/ack
03-06 15:32:14.935   294  5518 E mm-camera: isp_ch_util_streamon: session_id = 2, vfe_mask = 0x2, async streamon, rc = 0
03-06 15:32:14.935   294  5518 E mm-camera: isp_hw_action: hw_thread for ack
03-06 15:32:14.935   294  5551 E mm-camera: isp_thread_proc_cmd: start/stop, thread_data = 0xb7ce7b34, action_code = 0
03-06 15:32:14.935   294  5551 E mm-camera: isp_tintless_config: cfg: 10x13 mesh, 8x8 subgrid, subgrid sz 26x34
03-06 15:32:14.935   294  5551 E mm-camera: isp_tintless_mesh_config: lib returned mesh config err=0
03-06 15:32:14.935   294  5551 E mm-camera: color_xform_config_601_to_601 for stream Encoder
03-06 15:32:14.935   294  5551 E mm-camera: color_xform_config_601_to_601 for stream Viewfinder
03-06 15:32:14.935   294  5551 E mm-camera: linearization_set_params: param_id is not supported in this module
03-06 15:32:14.935   294  5551 E mm-camera: mesh_rolloff_set_params: param_id is not supported in this module
03-06 15:32:14.935   294  5551 E mm-camera: wb_set_params: param_id is not supported in this module
03-06 15:32:14.935   294  5551 E mm-camera: demosaic_set_params: param_id 7, is not supported in this module
03-06 15:32:14.935   294  5551 E mm-camera: demux_set_params: param_id 7, is not supported in this module
03-06 15:32:14.935   294  5551 E mm-camera: color_correct_set_effect: saturation level = 1.000000, asd_saturae_adjust = 1.000000
03-06 15:32:14.935   294  5551 E mm-camera: mce_set_params: param_id is not supported in this module
03-06 15:32:14.935   294  5551 E mm-camera: sce_set_params: param_id is not supported in this module
03-06 15:32:14.935   294  5551 E mm-camera: la_hist_trigger_update: luma target from AEC = 0! use default LA curve
03-06 15:32:14.935   294  5551 E mm-camera: isp_tintless_stat_config: pointer okay 
03-06 15:32:14.935   294  5551 E mm-camera: isp_tintless_config: cfg: camif 2448x2448, elem sz 76x102, elems 24x32
03-06 15:32:14.935   294  5551 E mm-camera: isp_tintless_stat_config: lib returned config err=0
03-06 15:32:14.935   294  5551 E mm-camera: stats_action_buf_config: cfg = 1, stats_mask = 0x6b8
03-06 15:32:14.945   294  5551 E mm-camera: stats_action: stats mask = 0x6b8
03-06 15:32:14.945   294  5551 E mm-camera: isp_axi_util_subscribe_v4l2_event: event_type = 0x8000100, is_subscribe = 1
03-06 15:32:14.945   294  5551 E mm-camera: isp_thread_proc_cmd: start/stop ack done, thread_data = 0xb7ce7b34, action_code = 1, rc = 0
03-06 15:32:14.945   294  5518 E mm-camera: isp_ch_util_streamon: session_id = 2, sync ack done
03-06 15:32:14.945   294  5519 E mm-camera: stream id 2, stream num_meta 0
03-06 15:32:14.945   294  5519 E mm-camera: ispif_streamon: session_id = 2, active_streams = 1
03-06 15:32:14.945   294  5519 E mm-camera-sensor: module_sensor_stream_on:1551 CameraManager start stream with ir file
03-06 15:32:14.955   213  5533 E QCamera2HWI: [KPI Perf] static void qcamera::QCamera2HardwareInterface::preview_stream_cb_routine(mm_camera_super_buf_t*, qcamera::QCameraStream*, void*) : PROFILE_FIRST_PREVIEW_FRAME
03-06 15:32:14.955   294  5538 E mm-camera: la_hist_trigger_update: luma target from AEC = 0! use default LA curve
03-06 15:32:14.955   294  5519 E mm-camera-sensor: module_sensor_stream_on: Sending start bus message
03-06 15:32:14.955   294  5519 E mm-camera: start_sof_check_thread: Starting SOF timeout thread
03-06 15:32:14.955  1716  1716 D streaming: 15:32:14.961 1459.379 [CameraView:surfaceChanged:223]: startPreview 1
03-06 15:32:14.995  1716  5481 D streaming: 15:32:14.997 1459.416 [CameraManager:start:99]: Opened cameras
03-06 15:32:15.005   213  5484 E QCameraParameters: int32_t qcamera::QCameraParameters::setPreviewFpsRange(const qcamera::QCameraParameters&): FpsRange Values:(2000, 30000)
03-06 15:32:15.005   213  5484 E QCameraParameters: int32_t qcamera::QCameraParameters::setPreviewFpsRange(const qcamera::QCameraParameters&): Requested FpsRange Values:(2000, 30000)
03-06 15:32:15.005   213  5484 E QCameraParameters: bool qcamera::QCameraParameters::UpdateHFRFrameRate(const qcamera::QCameraParameters&): CameraParameters - : minFps = 2000, maxFps = 30000 
03-06 15:32:15.005   213  5484 E QCameraParameters: bool qcamera::QCameraParameters::UpdateHFRFrameRate(const qcamera::QCameraParameters&): Requested params - : minFps = 2000, maxFps = 30000 
03-06 15:32:15.005   213  5484 E QCameraParameters: bool qcamera::QCameraParameters::UpdateHFRFrameRate(const qcamera::QCameraParameters&): prevHfrStr - off, hfrStr = off 
03-06 15:32:15.005   213  5484 E QCameraParameters: HFR mode is OFF
03-06 15:32:15.005   213  5484 E QCameraParameters: int32_t qcamera::QCameraParameters::setPreviewFpsRange(const qcamera::QCameraParameters&): UpdateHFRFrameRate 0
03-06 15:32:15.005   213  5484 E QCameraParameters: int32_t qcamera::QCameraParameters::setPreviewFpsRange(const qcamera::QCameraParameters&): No change in FpsRange
03-06 15:32:15.005   213  5484 I QCameraParameters: int32_t qcamera::QCameraParameters::setWBManualCCT(const qcamera::QCameraParameters&), dont set cct to back-end.
03-06 15:32:15.005   213  5484 I QCameraParameters: int32_t qcamera::QCameraParameters::setFocusPosition(const qcamera::QCameraParameters&), dont set focus pos to back-end!
03-06 15:32:15.005   213  5484 I QCameraParameters: int32_t qcamera::QCameraParameters::setLiveSnapshotSize(const qcamera::QCameraParameters&): live snapshot size 1920 x 1080
03-06 15:32:15.005   294  5500 E mm-camera: mct_pipeline_send_ctrl_events: Send Set Parm events
03-06 15:32:15.005   294  5500 E mm-camera-sensor: module_sensor_event_control_set_parm:2597 CameraManager switch to ir file
03-06 15:32:15.005   294  5500 E mm-camera: cpp_module_process_downstream_event:852: MCT_EVENT_MODULE_SET_RELOAD_CHROMATIX: identity=0x10002
03-06 15:32:15.015   294  5538 E mm-camera: isp_tintless_config: same cfg as current
03-06 15:32:15.015   294  5538 E mm-camera: isp_tintless_mesh_config: lib returned mesh config err=0
03-06 15:32:15.015   294  5538 E mm-camera: color_xform_config_601_to_601 for stream Encoder
03-06 15:32:15.015   294  5538 E mm-camera: color_xform_config_601_to_601 for stream Viewfinder
03-06 15:32:15.025   213  5508 E QCameraParameters: int32_t qcamera::QCameraParameters::setPreviewFpsRange(const qcamera::QCameraParameters&): FpsRange Values:(2000, 30000)
03-06 15:32:15.025   213  5508 E QCameraParameters: int32_t qcamera::QCameraParameters::setPreviewFpsRange(const qcamera::QCameraParameters&): Requested FpsRange Values:(2000, 30000)
03-06 15:32:15.025   213  5508 E QCameraParameters: bool qcamera::QCameraParameters::UpdateHFRFrameRate(const qcamera::QCameraParameters&): CameraParameters - : minFps = 2000, maxFps = 30000 
03-06 15:32:15.025   213  5508 E QCameraParameters: bool qcamera::QCameraParameters::UpdateHFRFrameRate(const qcamera::QCameraParameters&): Requested params - : minFps = 2000, maxFps = 30000 
03-06 15:32:15.025   213  5508 E QCameraParameters: bool qcamera::QCameraParameters::UpdateHFRFrameRate(const qcamera::QCameraParameters&): prevHfrStr - off, hfrStr = off 
03-06 15:32:15.025   213  5508 E QCameraParameters: HFR mode is OFF
03-06 15:32:15.025   213  5508 E QCameraParameters: int32_t qcamera::QCameraParameters::setPreviewFpsRange(const qcamera::QCameraParameters&): UpdateHFRFrameRate 0
03-06 15:32:15.025   213  5508 E QCameraParameters: int32_t qcamera::QCameraParameters::setPreviewFpsRange(const qcamera::QCameraParameters&): No change in FpsRange
03-06 15:32:15.025   213  5508 I QCameraParameters: int32_t qcamera::QCameraParameters::setWBManualCCT(const qcamera::QCameraParameters&), dont set cct to back-end.
03-06 15:32:15.025   213  5508 I QCameraParameters: int32_t qcamera::QCameraParameters::setFocusPosition(const qcamera::QCameraParameters&), dont set focus pos to back-end!
03-06 15:32:15.025   213  5508 I QCameraParameters: int32_t qcamera::QCameraParameters::setLiveSnapshotSize(const qcamera::QCameraParameters&): live snapshot size 1920 x 1080
03-06 15:32:15.025   294  5519 E mm-camera: mct_pipeline_send_ctrl_events: Send Set Parm events
03-06 15:32:15.025   294  5519 E mm-camera-sensor: module_sensor_event_control_set_parm:2597 CameraManager switch to ir file
03-06 15:32:15.025   294  5519 E mm-camera: cpp_module_process_downstream_event:852: MCT_EVENT_MODULE_SET_RELOAD_CHROMATIX: identity=0x20002
03-06 15:32:15.025   294  5519 E mm-camera: cpp_hw_params_update_wnr_params:2891 invalid trigger input 0.000000
03-06 15:32:15.025   294  5551 E mm-camera: isp_tintless_config: same cfg as current
03-06 15:32:15.025   294  5551 E mm-camera: isp_tintless_mesh_config: lib returned mesh config err=0
03-06 15:32:15.025   294  5551 E mm-camera: color_xform_config_601_to_601 for stream Encoder
03-06 15:32:15.025   294  5551 E mm-camera: color_xform_config_601_to_601 for stream Viewfinder
03-06 15:32:15.025   294  5519 E mm-camera: cpp_hw_params_update_wnr_params:2891 invalid trigger input 0.000000
03-06 15:32:15.025  1716  5360 D streaming: 15:32:15.031 1459.449 [CameraManager:setIrChromatix:128]: turn on IR chromatix
03-06 15:32:15.105   294  5551 E mm-camera: la_hist_trigger_update: luma target from AEC = 0! use default LA curve
03-06 15:32:15.105   213  5546 E QCamera2HWI: [KPI Perf] static void qcamera::QCamera2HardwareInterface::preview_stream_cb_routine(mm_camera_super_buf_t*, qcamera::QCameraStream*, void*) : PROFILE_FIRST_PREVIEW_FRAME
03-06 15:32:15.685   220   220 V WLAN_PSA: NL MSG, len[048], NL type[0x11] WNI type[0x5050] len[028]
03-06 15:32:15.855  1000  1000 D StatusBar.NetworkController: refreshViews: Data not connected!! Set no data type icon / Roaming
03-06 15:32:15.855  1000  1000 D StatusBar.NetworkController: refreshViews connected={ wifi } level=0 combinedSignalIconId=0x7f0200a3/com.android.systemui:drawable/stat_sys_wifi_signal_3_fully mobileLabel= wifiLabel="AllieGO 5GHz"xxxxXXXXxxxxXXXX emergencyOnly=false combinedLabel="AllieGO 5GHz"xxxxXXXXxxxxXXXX mAirplaneMode=false mDataActivity=0 mPhoneSignalIconId=0x0 mQSPhoneSignalIconId=0x0 mDataDirectionIconId=0x0 mDataSignalIconId=0x0 mDataTypeIconId=0x0 mQSDataTypeIconId=0x0 mNoSimIconId=0x0 mWifiIconId=0x7f0200a3 mQSWifiIconId=0x7f02005b mBluetoothTetherIconId=0x10805cc
03-06 15:32:16.525   213   959 E QCamera2HWI: [KPI Perf] static int qcamera::QCamera2HardwareInterface::take_picture(camera_device*): E PROFILE_TAKE_PICTURE
03-06 15:32:16.525   213  5484 E QCamera2HWI: int qcamera::QCamera2HardwareInterface::takePicture(): numSnapshot = 1
03-06 15:32:16.525   213  5484 E QCameraHWI_Mem: int qcamera::QCameraMemory::alloc(int, int, int) : No memory pool available
03-06 15:32:16.535   213  5484 E QCameraHWI_Mem: int qcamera::QCameraMemory::alloc(int, int, int) : No memory pool available
03-06 15:32:16.535   213  5485 E QCameraHWI_Mem: int qcamera::QCameraMemoryPool::allocateBuffer(qcamera::QCameraMemory::QCameraMemInfo&, int, int, bool, cam_stream_type_t) : Buffer not found!
03-06 15:32:16.535   213  5485 E QCameraHWI_Mem: int qcamera::QCameraMemoryPool::allocateBuffer(qcamera::QCameraMemory::QCameraMemInfo&, int, int, bool, cam_stream_type_t) : Buffer not found!
03-06 15:32:16.535   213  5485 E QCameraHWI_Mem: int qcamera::QCameraMemoryPool::allocateBuffer(qcamera::QCameraMemory::QCameraMemInfo&, int, int, bool, cam_stream_type_t) : Buffer not found!
03-06 15:32:16.535   213  5485 E QCameraHWI_Mem: int qcamera::QCameraMemoryPool::allocateBuffer(qcamera::QCameraMemory::QCameraMemInfo&, int, int, bool, cam_stream_type_t) : Buffer not found!
03-06 15:32:16.535   213  5485 E QCameraHWI_Mem: int qcamera::QCameraMemoryPool::allocateBuffer(qcamera::QCameraMemory::QCameraMemInfo&, int, int, bool, cam_stream_type_t) : Buffer not found!
03-06 15:32:16.535   213  5485 E QCameraHWI_Mem: int qcamera::QCameraMemoryPool::allocateBuffer(qcamera::QCameraMemory::QCameraMemInfo&, int, int, bool, cam_stream_type_t) : Buffer not found!
03-06 15:32:16.535   213  5485 E QCameraHWI_Mem: int qcamera::QCameraMemoryPool::allocateBuffer(qcamera::QCameraMemory::QCameraMemInfo&, int, int, bool, cam_stream_type_t) : Buffer not found!
03-06 15:32:16.535   213  5484 E QCameraHWI_Mem: int qcamera::QCameraMemory::alloc(int, int, int) : No memory pool available
03-06 15:32:16.535   213  5485 E QCameraHWI_Mem: int qcamera::QCameraMemoryPool::allocateBuffer(qcamera::QCameraMemory::QCameraMemInfo&, int, int, bool, cam_stream_type_t) : Buffer not found!
03-06 15:32:16.545   294  5500 E mm-camera: cpp_module_handle_streamoff_event:1973] iden:0x10002, linked_params:0x0
03-06 15:32:16.545   294  5500 E mm-camera: cpp_hardware_process_streamoff:510] skip_iden:0x0, duplicate_stream_status:0x0
03-06 15:32:16.545   213  5485 E QCameraHWI_Mem: int qcamera::QCameraMemoryPool::allocateBuffer(qcamera::QCameraMemory::QCameraMemInfo&, int, int, bool, cam_stream_type_t) : Buffer not found!
03-06 15:32:16.545   294  5494 E mm-camera: isp_hw_action: last pix stop, pix_cnt = 1, cnt = 1
03-06 15:32:16.545   294  5538 E mm-camera: isp_thread_proc_cmd: start/stop, thread_data = 0xb7c84a1c, action_code = 2
03-06 15:32:16.545   294  5538 E mm-camera: isp_axi_util_subscribe_v4l2_event: event_type = 0x8000100, is_subscribe = 0
03-06 15:32:16.545   294  5494 E mm-camera: isp_hw_action: hw_thread for ack
03-06 15:32:16.655   294  5538 E mm-camera: stats_action_buf_config: cfg = 0, stats_mask = 0x6b8
03-06 15:32:16.655   294  5538 E mm-camera: isp_thread_proc_cmd: start/stop ack done, thread_data = 0xb7c84a1c, action_code = 3, rc = 0
03-06 15:32:16.655   294  5500 E mm-camera: stream id 2, stream num_meta 0
03-06 15:32:16.745   294  5500 E mm-camera: ispif_streamoff: session_id = 1, active_streams = 0
03-06 15:32:16.745   294  5500 E mm-camera-sensor: module_sensor_module_process_event: Sending stop bus message
03-06 15:32:16.745   294  5500 E mm-camera: stop_sof_check_thread: Stopping SOF timeout thread
03-06 15:32:16.755   213  5484 I QCameraHWI_Mem: deallocate: E 
03-06 15:32:16.765   213  5484 I QCameraHWI_Mem:  deallocate : X 
03-06 15:32:16.775   294  5500 E mm-camera: mct_stream_streamoff: Enter
03-06 15:32:16.775   294  5500 E mm-camera: mct_stream_streamoff: Enter
03-06 15:32:16.775   294  5500 E mm-camera: mct_stream_streamoff: Enter
03-06 15:32:16.775   294  5500 E mm-camera: mct_stream_streamoff: Enter
03-06 15:32:16.775   294  5500 E mm-camera-sensor: port_sensor_unlink_func:217 ide 10002
03-06 15:32:16.775   294  5500 E mm-camera-sensor: port_sensor_caps_unreserve:180 ide 10002
03-06 15:32:16.775   294  5500 E mm-camera-img: faceproc_save_album:794] Error No album 
03-06 15:32:16.775   294  5500 E mm-camera-img: faceproc_comp_eng_destroy: Album save failed -1
03-06 15:32:16.775   213  5485 E QCameraParameters: int qcamera::QCameraParameters::getPreviewHalPixelFormat() const: format 265
03-06 15:32:16.805   294  5500 E mm-camera: mct_pipeline_add_stream_to_linked_streams: linked streams: 0x80
03-06 15:32:16.805   294  5500 E mm-camera: mct_stream_start_link: Starting meta stream linking: do nothing 
03-06 15:32:16.805   213  5484 E mm-camera-intf: mm_stream_get_v4l2_fmt: Unknown fmt=78
03-06 15:32:16.805   294  5500 E mm-camera: mct_pipeline_add_stream_to_linked_streams: linked streams: 0x84
03-06 15:32:16.805   294  5500 E mm-camera: mct_stream_start_link: Starting postview stream linking 
03-06 15:32:16.805   294  5500 E mm-camera-sensor: port_sensor_caps_reserve:126 ide 10004 stream type 2 w*h 2048*2048
03-06 15:32:16.805   294  5500 E mm-camera-sensor: port_sensor_ext_link_func:195 ide 10004
03-06 15:32:16.805   294  5500 E mm-camera: isp_reserve_src_port: Error isp_src_port
03-06 15:32:16.805   294  5500 E mm-camera: isp_util_find_matched_existing_src_port#144: X
03-06 15:32:16.815   294  5500 E mm-camera: mct_pipeline_send_ctrl_events: Send Set Parm events
03-06 15:32:16.815   294  5500 E mm-camera: mct_pipeline_add_stream_to_linked_streams: linked streams: 0x8c
03-06 15:32:16.815   294  5500 E mm-camera: mct_stream_start_link: Starting snapshot stream linking 
03-06 15:32:16.815   294  5500 E mm-camera: mct_stream_start_link: Regular snapshot
03-06 15:32:16.815   294  5500 E mm-camera-sensor: port_sensor_caps_reserve:126 ide 10005 stream type 3 w*h 1920*1080
03-06 15:32:16.815   294  5500 E mm-camera-sensor: port_sensor_ext_link_func:195 ide 10005
03-06 15:32:16.815   294  5500 E mm-camera: isp_reserve_src_port: Error given src port cannot be used to reserve
03-06 15:32:16.815   294  5500 E mm-camera: isp_reserve_src_port: Error given src port cannot be used to reserve
03-06 15:32:16.815   294  5500 E mm-camera: isp_reserve_src_port: Error given src port cannot be used to reserve
03-06 15:32:16.815   294  5500 E mm-camera: isp_util_find_matched_existing_src_port#144: X
03-06 15:32:16.815   294  5500 E mm-camera: isp_reserve_src_port: Error isp_src_port
03-06 15:32:16.815   294  5500 E mm-camera: isp_util_find_matched_existing_src_port#144: X
03-06 15:32:16.815   294  5500 E mm-camera: isp_reserve_src_port: Error isp_src_port
03-06 15:32:16.815   294  5500 E mm-camera: isp_util_find_matched_existing_src_port#144: X
03-06 15:32:16.825   294  5500 E mm-camera-sensor: sensor_set_resolution:1584 set_fps=30.000000 > max_fps=20.000000, capping to max
03-06 15:32:16.825   294  5500 E mm-camera: decide_isp_nums_camif: num_isp = 1
03-06 15:32:16.825   294  5500 E mm-camera: decide_isp_nums_camif: num_isp = 1
03-06 15:32:16.825   294  5500 E mm-camera-sensor: sensor_get_cur_ir_chromatix_name:2055 res 0 mask c snapshot chromatix libchromatix_ov10823_ir_preview.so
03-06 15:32:16.825   294  5500 E mm-camera-sensor: change_chromatix_library:19 Open /persist/phoneid.bin failed
03-06 15:32:16.825   294  5500 E mm-camera-sensor: 
03-06 15:32:16.825   294  5500 E mm-camera-sensor: eeprom_process:796 e_ctrl->eeprom_lib.func_tbl =0xb538c004
03-06 15:32:16.825   294  5500 E mm-camera: isp_tintless_config: same cfg as current
03-06 15:32:16.825   294  5500 E mm-camera: isp_tintless_update_chromatix_params: lib returned config err=0
03-06 15:32:16.825   294  5500 E mm-camera-sensor: sensor_set_crop_info:2453 otp center calc is already done,do nothing here
03-06 15:32:16.825   294  5554 E mm-camera-CORE: awb_algo_snapshot: E, stats type=1
03-06 15:32:16.825   294  5494 E mm-camera: isp_util_get_user_streams: bundling use case - bundle mask = 0x3,streamon_bundle = 0x1, nop
03-06 15:32:16.825   294  5500 E mm-camera-sensor: module_sensor_stream_on:1551 CameraManager start stream with ir file
03-06 15:32:16.835   294  5500 E mm-camera-sensor: sensor_set_resolution:1584 set_fps=30.000000 > max_fps=20.000000, capping to max
03-06 15:32:16.835   294  5500 E mm-camera-sensor: sensor_get_cur_ir_chromatix_name:2055 res 0 mask c snapshot chromatix libchromatix_ov10823_ir_preview.so
03-06 15:32:16.835   294  5500 E mm-camera-sensor: eeprom_process:796 e_ctrl->eeprom_lib.func_tbl =0xb538c004
03-06 15:32:16.835   294  5500 E mm-camera: isp_tintless_config: same cfg as current
03-06 15:32:16.835   294  5500 E mm-camera: isp_tintless_update_chromatix_params: lib returned config err=0
03-06 15:32:16.835   294  5500 E mm-camera-sensor: sensor_set_crop_info:2453 otp center calc is already done,do nothing here
03-06 15:32:16.835   294  5554 E mm-camera-CORE: awb_algo_snapshot: E, stats type=1
03-06 15:32:16.835   294  5494 E mm-camera: isp_ch_util_sync_stream_cfg_to_channel: cannot find channel, Adding new channel for stream id 4
03-06 15:32:16.835   294  5494 E mm-camera: isp_ch_util_sync_stream_cfg_to_channel: cannot find channel, Adding new channel for stream id 5
03-06 15:32:16.835   294  5494 E mm-camera: isp_ch_util_check_rotation: sessioN_id = 1, stream_type = 2, channel_id = 4, no swap, width = 2048, height = 2048, rotation = 0x0
03-06 15:32:16.835   294  5494 E mm-camera: isp_ch_util_check_rotation: sessioN_id = 1, stream_type = 3, channel_id = 5, no swap, width = 1920, height = 1080, rotation = 0x0
03-06 15:32:16.835   294  5538 E mm-camera: isp_axi_stream_set_skip_pattern: cannot find stream, session_id = 0, stream_id = 0
03-06 15:32:16.835   294  5538 E mm-camera: linearization_set_params: param_id is not supported in this module
03-06 15:32:16.835   294  5538 E mm-camera: mesh_rolloff_set_params: param_id is not supported in this module
03-06 15:32:16.835   294  5538 E mm-camera: wb_set_params: param_id is not supported in this module
03-06 15:32:16.835   294  5538 E mm-camera: demosaic_set_params: param_id 7, is not supported in this module
03-06 15:32:16.835   294  5538 E mm-camera: demux_set_params: param_id 7, is not supported in this module
03-06 15:32:16.835   294  5538 E mm-camera: mce_set_params: param_id is not supported in this module
03-06 15:32:16.835   294  5538 E mm-camera: sce_set_params: param_id is not supported in this module
