03-25 13:51:07.562 10330 10566 I ActivityManager: Start proc com.android.smspush for service com.android.smspush/.WapPushManager: pid=10687 uid=10064 gids={50064}
03-25 13:51:07.632 10330 10566 I PackageManager: Adding preferred activity ComponentInfo{com.android.mms/com.android.mms.ui.ComposeMessageActivity} for user 0 :
03-25 13:51:07.652 10330 10341 I PackageManager: Adding preferred activity ComponentInfo{com.android.mms/com.android.mms.ui.ComposeMessageActivity} for user 0 :
03-25 13:51:07.672 10330 10405 I PackageManager: Adding preferred activity ComponentInfo{com.android.mms/com.android.mms.ui.ComposeMessageActivity} for user 0 :
03-25 13:51:07.682 10330 10405 I PackageManager: Adding preferred activity ComponentInfo{com.android.mms/com.android.mms.ui.ComposeMessageActivity} for user 0 :
03-25 13:51:07.702 10330 10593 I ActivityManager: Start proc com.android.settings for broadcast com.android.settings/.widget.SettingsAppWidgetProvider: pid=10711 uid=1000 gids={41000, 1028, 1015, 3003, 3005, 1021, 3004, 1000, 3009, 1023, 1010, 3002, 3001}
03-25 13:51:07.832 10330 10330 W ContextImpl: Calling a method in the system process without a qualified user: android.app.ContextImpl.bindService:1560 android.content.ContextWrapper.bindService:517 com.qualcomm.location.nlp.NlpProxyProvider.bindPackage:556 com.qualcomm.location.nlp.NlpProxyProvider.bind:525 com.qualcomm.location.nlp.NlpProxyProvider.<init>:335 
03-25 13:51:07.842 10330 10330 W ContextImpl: Calling a method in the system process without a qualified user: android.app.ContextImpl.startService:1496 android.content.ContextWrapper.startService:494 com.qualcomm.location.ulp.UlpService.startAdditionalServices:55 com.qualcomm.location.ulp.UlpService.onBind:28 android.app.ActivityThread.handleBindService:2601 
03-25 13:51:07.842 10330 10330 W ContextImpl: Calling a method in the system process without a qualified user: android.app.ContextImpl.startService:1496 android.content.ContextWrapper.startService:494 com.qualcomm.location.ulp.UlpService.startAdditionalServices:59 com.qualcomm.location.ulp.UlpService.onBind:28 android.app.ActivityThread.handleBindService:2601 
03-25 13:51:07.842 10330 10330 W ContextImpl: Calling a method in the system process without a qualified user: android.app.ContextImpl.startService:1496 android.content.ContextWrapper.startService:494 com.qualcomm.location.ulp.UlpService.startAdditionalServices:63 com.qualcomm.location.ulp.UlpService.onBind:28 android.app.ActivityThread.handleBindService:2601 
03-25 13:51:07.852 10330 10330 W ContextImpl: Calling a method in the system process without a qualified user: android.app.ContextImpl.startService:1496 android.content.ContextWrapper.startService:494 com.qualcomm.location.ulp.UlpService.startAdditionalServices:67 com.qualcomm.location.ulp.UlpService.onBind:28 android.app.ActivityThread.handleBindService:2601 
03-25 13:51:07.852 10330 10330 W ContextImpl: Calling a method in the system process without a qualified user: android.app.ContextImpl.startService:1496 android.content.ContextWrapper.startService:494 com.qualcomm.location.ulp.UlpService.startAdditionalServices:71 com.qualcomm.location.ulp.UlpService.onBind:28 android.app.ActivityThread.handleBindService:2601 
03-25 13:51:08.012 10711 10711 W ContextImpl: Calling a method in the system process without a qualified user: android.app.ContextImpl.bindService:1560 android.content.ContextWrapper.bindService:517 android.bluetooth.BluetoothInputDevice.doBind:256 android.bluetooth.BluetoothInputDevice.<init>:249 android.bluetooth.BluetoothAdapter.getProfileProxy:1189 
03-25 13:51:08.022 10711 10711 W ContextImpl: Calling a method in the system process without a qualified user: android.app.ContextImpl.bindService:1560 android.content.ContextWrapper.bindService:517 android.bluetooth.BluetoothPan.doBind:148 android.bluetooth.BluetoothPan.<init>:141 android.bluetooth.BluetoothAdapter.getProfileProxy:1192 
03-25 13:51:08.032 10711 10711 W ContextImpl: Calling a method in the system process without a qualified user: android.app.ContextImpl.bindService:1560 android.content.ContextWrapper.bindService:517 android.bluetooth.BluetoothMap.doBind:109 android.bluetooth.BluetoothMap.<init>:102 android.bluetooth.BluetoothAdapter.getProfileProxy:1204 
03-25 13:51:08.052 10711 10711 W ContextImpl: Calling a method in the system process without a qualified user: android.app.ContextImpl.bindService:1560 android.content.ContextWrapper.bindService:517 android.bluetooth.BluetoothPbap.doBind:164 android.bluetooth.BluetoothPbap.<init>:157 com.android.settings.bluetooth.PbapServerProfile.<init>:68 
03-25 13:51:08.102 10330 10330 I ActivityManager: Start proc com.android.music for broadcast com.android.music/.MediaButtonIntentReceiver: pid=10764 uid=10043 gids={50043, 3003, 1028, 1015, 3002}
03-25 13:51:08.212 10330 10342 I ActivityManager: Start proc com.qualcomm.simcontacts for broadcast com.qualcomm.simcontacts/.SimStateReceiver: pid=10782 uid=10059 gids={50059}
03-25 13:51:08.312 10330 10500 I ActivityManager: Start proc com.qti.cbwidget for broadcast com.qti.cbwidget/.CBWidgetProvider: pid=10815 uid=10024 gids={50024}
03-25 13:51:08.682 10330 10500 I ActivityManager: Start proc com.android.dialer for broadcast com.android.dialer/.calllog.CallLogReceiver: pid=10836 uid=10004 gids={50004, 3003, 1028, 1015, 3009, 3010}
03-25 13:51:08.782 10330 10358 I ActivityManager: Start proc com.android.bluetooth for service com.android.bluetooth/.btservice.AdapterService: pid=10866 uid=1002 gids={41002, 3003, 3002, 3001, 1028, 1015, 3005, 1016, 3008, 1023}
03-25 13:51:08.792 10330 10330 W ContextImpl: Calling a method in the system process without a qualified user: android.app.ContextImpl.bindService:1560 android.bluetooth.BluetoothHeadset.doBind:283 android.bluetooth.BluetoothHeadset.<init>:276 android.bluetooth.BluetoothAdapter.getProfileProxy:1183 android.media.AudioService.getBluetoothHeadset:2253 
03-25 13:51:08.792 10330 10330 W ContextImpl: Calling a method in the system process without a qualified user: android.app.ContextImpl.bindService:1560 android.bluetooth.BluetoothA2dp.doBind:165 android.bluetooth.BluetoothA2dp.<init>:158 android.bluetooth.BluetoothAdapter.getProfileProxy:1186 android.media.AudioService$AudioServiceBroadcastReceiver.onReceive:4167 
03-25 13:51:08.802 10330 10330 V WiredAccessoryManager: notifyWiredAccessoryChanged: when=0 bits= mask=14
03-25 13:51:08.802 10330 10330 V WiredAccessoryManager: newName=h2w newState=0 headsetState=0 prev headsetState=0
03-25 13:51:08.802 10330 10330 V WiredAccessoryManager: init()
03-25 13:51:08.832 10330 10369 I PowerManagerService: Boot animation finished.
03-25 13:51:08.882 10330 10330 I ActivityManager: Start proc com.android.providers.calendar for broadcast com.android.providers.calendar/.CalendarReceiver: pid=10908 uid=10001 gids={50001, 3003, 1028, 1015}
03-25 13:51:09.092 10330 10342 I ActivityManager: Delay finish: com.android.providers.calendar/.CalendarReceiver
03-25 13:51:09.532 10711 10726 W ContextImpl: Calling a method in the system process without a qualified user: android.app.ContextImpl.bindService:1560 android.content.ContextWrapper.bindService:517 android.bluetooth.BluetoothPbap.doBind:164 android.bluetooth.BluetoothPbap$1.onBluetoothStateChange:132 android.bluetooth.IBluetoothStateChangeCallback$Stub.onTransact:55 
03-25 13:51:09.552 10711 10711 W ContextImpl: Calling a method in the system process without a qualified user: android.app.ContextImpl.bindService:1560 android.content.ContextWrapper.bindService:517 android.bluetooth.BluetoothA2dp.doBind:165 android.bluetooth.BluetoothA2dp.<init>:158 android.bluetooth.BluetoothAdapter.getProfileProxy:1186 
03-25 13:51:09.552 10711 10711 W ContextImpl: Calling a method in the system process without a qualified user: android.app.ContextImpl.bindService:1560 android.content.ContextWrapper.bindService:517 android.bluetooth.BluetoothHeadset.doBind:283 android.bluetooth.BluetoothHeadset.<init>:276 android.bluetooth.BluetoothAdapter.getProfileProxy:1183 
03-25 13:51:09.562 10711 10711 W ContextImpl: Calling a method in the system process without a qualified user: android.app.ContextImpl.startService:1496 android.content.ContextWrapper.startService:494 android.content.ContextWrapper.startService:494 com.android.settings.bluetooth.DockEventReceiver.beginStartingService:134 com.android.settings.bluetooth.DockEventReceiver.onReceive:115 
03-25 13:51:10.102 10330 10342 I ActivityManager: Resuming delayed broadcast
03-25 13:51:10.102 10330 10593 I ActivityManager: Delay finish: com.android.providers.downloads/.DownloadReceiver
03-25 13:51:10.122 10330 10405 I ActivityManager: Resuming delayed broadcast
03-25 13:51:10.132 10330 10342 I ActivityManager: Delay finish: com.android.providers.media/.MediaScannerReceiver
03-25 13:51:10.252 10055 11033 W SocketClient: write error (Broken pipe)
03-25 13:51:10.862 10330 10500 I ActivityManager: Resuming delayed broadcast
03-25 13:51:10.892 10330 10594 I ActivityManager: Start proc com.android.mms for broadcast com.android.mms/.transaction.MmsSystemEventReceiver: pid=11041 uid=10009 gids={50009, 3003, 1028, 1015}
03-25 13:51:10.952 10330 10566 D CountryDetector: The first listener is added
03-25 13:51:11.002 10330 10593 I ActivityManager: Delay finish: com.android.mms/.transaction.MmsSystemEventReceiver
03-25 13:51:12.272 10330 10395 D QcConnectivityService: Captive portal check NetworkInfo: type: WIFI[], state: CONNECTING/CAPTIVE_PORTAL_CHECK, reason: (unspecified), extra: "1503-5G", roaming: false, failover: false, isAvailable: true, isConnectedToProvisioningNetwork: false
03-25 13:51:12.272 10330 10395 D QcConnectivityService: handleCaptivePortalTrackerCheck: call captivePortalCheckComplete ni=NetworkInfo: type: WIFI[], state: CONNECTING/CAPTIVE_PORTAL_CHECK, reason: (unspecified), extra: "1503-5G", roaming: false, failover: false, isAvailable: true, isConnectedToProvisioningNetwork: false
03-25 13:51:12.272 10330 10395 D QcConnectivityService: handleInetConditionChange: no active default network - ignore
03-25 13:51:12.282 10330 10395 E QcConnectivityService: Unexpected mtu value: android.net.wifi.WifiStateTracker@4221bf20
03-25 13:51:12.412 10330 10395 D Nat464Xlat: requiresClat: netType=1, hasIPv4Address=true
03-25 13:51:13.442 10330 10395 D QcConnectivityService: handleConnectivityChange: addresses changed linkProperty[1]: resetMask=0
03-25 13:51:13.442 10330 10395 D QcConnectivityService:    car=removed=[] added=[fe80::ce1b:e0ff:fe60:dc7/64,]
03-25 13:51:13.442 10330 10395 E QcConnectivityService: Exception while trying to add src route: java.lang.NullPointerException
03-25 13:51:13.442 10330 10395 D Nat464Xlat: requiresClat: netType=1, hasIPv4Address=true
03-25 13:51:23.192 10330 10353 I ActivityManager: Waited long enough for: ServiceRecord{42332898 u0 com.android.music/.MediaPlaybackService}
03-25 13:51:23.192 10330 10353 I ActivityManager: Resuming delayed broadcast
03-25 13:51:23.202 10330 10500 I ActivityManager: Delay finish: com.android.mms/.transaction.SmsReceiver
03-25 13:51:23.272 10330 10353 I ActivityManager: Waited long enough for: ServiceRecord{426c4638 u0 com.qualcomm.simcontacts/.SimContactsService}
03-25 13:51:23.272 10330 10353 I ActivityManager: Resuming delayed broadcast
03-25 13:51:23.292 10330 10353 I ActivityManager: Start proc com.android.onetimeinitializer for broadcast com.android.onetimeinitializer/.OneTimeInitializerReceiver: pid=11131 uid=10011 gids={50011}
03-25 13:51:23.352 10330 10330 W ContextImpl: Calling a method in the system process without a qualified user: android.app.ContextImpl.startService:1496 android.content.ContextWrapper.startService:494 android.content.ContextWrapper.startService:494 com.dsi.ant.server.AntService.startService:125 com.dsi.ant.server.startup.BootCompletedReceiver.onReceive:41 
03-25 13:51:23.382 10330 10330 I ActivityManager: Start proc com.qualcomm.cabl for broadcast com.qualcomm.cabl/.CABLReceiver: pid=11146 uid=1000 gids={41000, 1028, 1015, 3003, 3005, 1021, 3004, 1000, 3009, 1023, 1010, 3002, 3001}
03-25 13:51:23.422 11146 11146 W ContextImpl: Calling a method in the system process without a qualified user: android.app.ContextImpl.startService:1496 android.content.ContextWrapper.startService:494 android.content.ContextWrapper.startService:494 com.qualcomm.cabl.CABLReceiver.onReceive:30 android.app.ActivityThread.handleReceiver:2422 
03-25 13:51:23.442 10330 10500 I ActivityManager: Start proc com.android.cellbroadcastreceiver for broadcast com.android.cellbroadcastreceiver/.CellBroadcastReceiver: pid=11162 uid=10023 gids={50023}
03-25 13:51:23.532 10330 10405 I ActivityManager: Start proc com.android.email for broadcast com.android.email/.service.EmailBroadcastReceiver: pid=11178 uid=10027 gids={50027, 3003, 1028, 1015}
03-25 13:51:23.602 11178 11192 D ActivityThread: Loading provider com.android.email.provider;com.android.email.notifier: com.android.email.provider.EmailProvider
03-25 13:51:23.622 11178 11193 D ActivityThread: Loading provider com.android.email.provider;com.android.email.notifier: com.android.email.provider.EmailProvider
03-25 13:51:23.682 10330 10594 I ActivityManager: Start proc com.qualcomm.agent for service com.qualcomm.agent/.SystemAgent: pid=11198 uid=1000 gids={41000, 1028, 1015, 3003, 3005, 1021, 3004, 1000, 3009, 1023, 1010, 3002, 3001}
03-25 13:51:23.772 10330 10500 W ActivityManager: Unable to start service Intent { cmp=com.android.email/.service.AttachmentDownloadService } U=0: not found
03-25 13:51:23.822 10330 10500 I ActivityManager: Start proc com.android.exchange for service com.android.exchange/.service.EmailSyncAdapterService: pid=11214 uid=10028 gids={50028, 3003, 1028, 1015}
03-25 13:51:23.852 10330 10594 I ActivityManager: Start proc com.qualcomm.qct.dlt for broadcast com.qualcomm.qct.dlt/.proximity.ProximityBroadcastReceiver: pid=11227 uid=10045 gids={50045, 1028, 1015, 3003, 1021, 3004, 3005, 1000, 3009, 1023, 1010}
03-25 13:51:23.882 10330 10593 W ActivityManager: Unable to start service Intent { cmp=com.android.email/.service.AttachmentDownloadService } U=0: not found
03-25 13:51:23.882 10330 10566 W ActivityManager: Unable to start service Intent { cmp=com.android.email/.service.AttachmentDownloadService } U=0: not found
03-25 13:51:24.272 10330 10594 I ActivityManager: Start proc com.qualcomm.display for broadcast com.qualcomm.display/.PPReceiver: pid=11242 uid=1000 gids={41000, 1028, 1015, 3003, 3005, 1021, 3004, 1000, 3009, 1023, 1010, 3002, 3001}
03-25 13:51:24.322 11242 11242 W ContextImpl: Calling a method in the system process without a qualified user: android.app.ContextImpl.startService:1496 android.content.ContextWrapper.startService:494 android.content.ContextWrapper.startService:494 com.qualcomm.display.PPReceiver.onReceive:33 android.app.ActivityThread.handleReceiver:2422 
03-25 13:51:24.352 10330 10405 I ActivityManager: Start proc com.qualcomm.rcsbootstraputil for broadcast com.qualcomm.rcsbootstraputil/.RCSReceiver: pid=11260 uid=1001 gids={41001, 3004, 3009, 3005, 1006, 3002, 3001, 3003, 1028, 1015}
03-25 13:51:24.442 10330 10566 I ActivityManager: Start proc com.qualcomm.svi for broadcast com.qualcomm.svi/.SVIReceiver: pid=11275 uid=1000 gids={41000, 1028, 1015, 3003, 3005, 1021, 3004, 1000, 3009, 1023, 1010, 3002, 3001}
03-25 13:51:24.482 11275 11275 W ContextImpl: Calling a method in the system process without a qualified user: android.app.ContextImpl.startService:1496 android.content.ContextWrapper.startService:494 android.content.ContextWrapper.startService:494 com.qualcomm.svi.SVIReceiver.onReceive:30 android.app.ActivityThread.handleReceiver:2422 
03-25 13:51:24.522 10330 10405 I ActivityManager: Start proc com.thunderst.update for broadcast com.thunderst.update/.autoupdate.AutoUpdateReceiver: pid=11288 uid=10061 gids={50061, 3003, 2001, 1028, 1015}
03-25 13:51:24.602 10330 10566 I ActivityManager: Start proc com.icrealtech.beam.helper for broadcast com.icrealtech.beam.helper/.RequestReceiver: pid=11302 uid=1000 gids={41000, 1028, 1015, 3003, 3005, 1021, 3004, 1000, 3009, 1023, 1010, 3002, 3001}
03-25 13:51:24.642 11302 11302 E AndroidRuntime: FATAL EXCEPTION: main
03-25 13:51:24.642 11302 11302 E AndroidRuntime: Process: com.icrealtech.beam.helper, PID: 11302
03-25 13:51:24.642 11302 11302 E AndroidRuntime: java.lang.NoClassDefFoundError: android.net.ethernet.EthernetManager
03-25 13:51:24.642 11302 11302 E AndroidRuntime: 	at com.icrealtech.beam.helper.EthernetController.<init>(EthernetController.java:37)
03-25 13:51:24.642 11302 11302 E AndroidRuntime: 	at com.icrealtech.beam.helper.RequestReceiver.onReceive(RequestReceiver.java:38)
03-25 13:51:24.642 11302 11302 E AndroidRuntime: 	at android.app.ActivityThread.handleReceiver(ActivityThread.java:2422)
03-25 13:51:24.642 11302 11302 E AndroidRuntime: 	at android.app.ActivityThread.access$1700(ActivityThread.java:138)
03-25 13:51:24.642 11302 11302 E AndroidRuntime: 	at android.app.ActivityThread$H.handleMessage(ActivityThread.java:1275)
03-25 13:51:24.642 11302 11302 E AndroidRuntime: 	at android.os.Handler.dispatchMessage(Handler.java:102)
03-25 13:51:24.642 11302 11302 E AndroidRuntime: 	at android.os.Looper.loop(Looper.java:136)
03-25 13:51:24.642 11302 11302 E AndroidRuntime: 	at android.app.ActivityThread.main(ActivityThread.java:5050)
03-25 13:51:24.642 11302 11302 E AndroidRuntime: 	at java.lang.reflect.Method.invokeNative(Native Method)
03-25 13:51:24.642 11302 11302 E AndroidRuntime: 	at java.lang.reflect.Method.invoke(Method.java:515)
03-25 13:51:24.642 11302 11302 E AndroidRuntime: 	at com.android.internal.os.ZygoteInit$MethodAndArgsCaller.run(ZygoteInit.java:780)
03-25 13:51:24.642 11302 11302 E AndroidRuntime: 	at com.android.internal.os.ZygoteInit.main(ZygoteInit.java:596)
03-25 13:51:24.642 11302 11302 E AndroidRuntime: 	at dalvik.system.NativeStart.main(Native Method)
03-25 13:51:24.692 10330 10353 I ActivityManager: Start proc com.qualcomm.atfwd for broadcast com.qualcomm.atfwd/.AtFwdAutoboot: pid=11316 uid=1000 gids={41000, 1028, 1015, 3003, 3005, 1021, 3004, 1000, 3009, 1023, 1010, 3002, 3001}
03-25 13:51:24.692 10330 10341 I ActivityManager: Process com.icrealtech.beam.helper (pid 11302) has died.
03-25 13:51:24.722 11316 11316 W ContextImpl: Calling a method in the system process without a qualified user: android.app.ContextImpl.startService:1496 android.content.ContextWrapper.startService:494 android.content.ContextWrapper.startService:494 com.qualcomm.atfwd.AtFwdAutoboot.onReceive:24 android.app.ActivityThread.handleReceiver:2422 
03-25 13:51:24.732 10330 10405 I ActivityManager: Delay finish: com.qualcomm.atfwd/.AtFwdAutoboot
03-25 13:51:25.442 10330 10499 D QcConnectivityService: setProvNotificationVisible: E visible=false networkType=1 extraInfo=null url=null
03-25 13:51:25.482 10330 10499 W ActivityThread: ClassLoader.loadClass: The class loader returned by Thread.getContextClassLoader() may fail for processes that host multiple applications. You should explicitly specify a context class loader. For example: Thread.setContextClassLoader(getClass().getClassLoader());
03-25 13:51:25.492 10330 10594 I ActivityManager: Process com.android.bluetooth (pid 10866) has died.
03-25 13:51:25.502 10711 10711 W ContextImpl: Calling a method in the system process without a qualified user: android.app.ContextImpl.startService:1496 android.content.ContextWrapper.startService:494 android.content.ContextWrapper.startService:494 com.android.settings.bluetooth.DockEventReceiver.beginStartingService:134 com.android.settings.bluetooth.DockEventReceiver.onReceive:115 
03-25 13:51:25.532 10330 10342 I ActivityManager: Start proc com.android.bluetooth for broadcast com.android.bluetooth/.pbap.BluetoothPbapReceiver: pid=11337 uid=1002 gids={41002, 3003, 3002, 3001, 1028, 1015, 3005, 1016, 3008, 1023}
03-25 13:51:25.572 10330 10499 D QcConnectivityService: captivePortalCheckCompleted: ni=NetworkInfo: type: WIFI[], state: CONNECTED/CONNECTED, reason: (unspecified), extra: "1503-5G", roaming: false, failover: false, isAvailable: true, isConnectedToProvisioningNetwork: false captive=false
03-25 13:51:25.662 10711 10711 W ContextImpl: Calling a method in the system process without a qualified user: android.app.ContextImpl.startService:1496 android.content.ContextWrapper.startService:494 android.content.ContextWrapper.startService:494 com.android.settings.bluetooth.DockEventReceiver.beginStartingService:134 com.android.settings.bluetooth.DockEventReceiver.onReceive:115 
03-25 13:51:25.992 10330 10353 I ActivityManager: Waited long enough for: ServiceRecord{422edfc0 u0 com.android.mms/.transaction.TransactionService}
03-25 13:51:25.992 10330 10353 I ActivityManager: Resuming delayed broadcast
03-25 13:51:26.022 10330 10353 I ActivityManager: Start proc com.qualcomm.atuner for broadcast com.qualcomm.atuner/.ATunerAutoboot: pid=11382 uid=10065 gids={50065}
03-25 13:51:26.072 10330 10500 I ActivityManager: Killing 10484:android.process.acore/u0a2 (adj 15): empty #17
03-25 13:51:26.072 10330 10330 W ContextImpl: Calling a method in the system process without a qualified user: android.app.ContextImpl.startService:1496 android.content.ContextWrapper.startService:494 android.content.ContextWrapper.startService:494 com.qualcomm.location.LocationServiceReceiver.onReceive:37 android.app.ActivityThread.handleReceiver:2422 
03-25 13:51:26.072 10330 10330 W ContextImpl: Calling a method in the system process without a qualified user: android.app.ContextImpl.startService:1496 android.content.ContextWrapper.startService:494 android.content.ContextWrapper.startService:494 com.qualcomm.location.LocationServiceReceiver.onReceive:41 android.app.ActivityThread.handleReceiver:2422 
03-25 13:51:26.092 10557 10557 W ContextImpl: Calling a method in the system process without a qualified user: android.app.ContextImpl.startService:1496 android.content.ContextWrapper.startService:494 android.content.ContextWrapper.startService:494 com.qualcomm.qti.services.secureui.BootReceiver.onReceive:30 android.app.ActivityThread.handleReceiver:2422 
03-25 13:51:26.112 10330 10594 I ActivityManager: Start proc com.qualcomm.embms for broadcast com.qualcomm.embms/.EmbmsBootReceiver: pid=11399 uid=10067 gids={50067, 3003}
03-25 13:51:26.112 10557 11403 W ContextImpl: Calling a method in the system process without a qualified user: android.app.ContextImpl.bindService:1560 android.content.ContextWrapper.bindService:517 com.qualcomm.qti.services.secureui.WfdReceiver.<init>:37 com.qualcomm.qti.services.secureui.SecureUIService.run:91 java.lang.Thread.run:841 
03-25 13:51:26.142 10330 10566 I ActivityManager: Start proc com.qualcomm.wfd.service:wfd_service for service com.qualcomm.wfd.service/.WfdService: pid=11417 uid=1000 gids={41000, 1028, 1015, 3003, 3005, 1021, 3004, 1000, 3009, 1023, 1010, 3002, 3001}
03-25 13:51:26.202 10330 10593 I ActivityManager: Start proc com.qualcomm.fastdormancy for broadcast com.qualcomm.fastdormancy/.FastDormancyReceiver: pid=11435 uid=10068 gids={50068}
03-25 13:51:26.202 10330 10593 I ActivityManager: Killing 10815:com.qti.cbwidget/u0a24 (adj 15): empty #17
03-25 13:51:26.252 10330 10358 W ContextImpl: Calling a method in the system process without a qualified user: android.app.ContextImpl.bindService:1560 android.bluetooth.BluetoothPan.doBind:148 android.bluetooth.BluetoothPan$1.onBluetoothStateChange:194 com.android.server.BluetoothManagerService.sendBluetoothStateCallback:530 com.android.server.BluetoothManagerService.bluetoothStateChangeHandler:1248 
03-25 13:51:26.272 10330 10500 I ActivityManager: Start proc com.qualcomm.qcrilmsgtunnel for broadcast com.qualcomm.qcrilmsgtunnel/.QcrilMsgTunnelAutoboot: pid=11452 uid=1001 gids={41001, 3004, 3009, 3005, 1006, 3002, 3001, 3003, 1028, 1015}
03-25 13:51:26.272 10330 10500 I ActivityManager: Killing 10836:com.android.dialer/u0a4 (adj 15): empty #17
03-25 13:51:26.282 10711 10727 W ContextImpl: Calling a method in the system process without a qualified user: android.app.ContextImpl.bindService:1560 android.content.ContextWrapper.bindService:517 android.bluetooth.BluetoothPbap.doBind:164 android.bluetooth.BluetoothPbap$1.onBluetoothStateChange:132 android.bluetooth.IBluetoothStateChangeCallback$Stub.onTransact:55 
03-25 13:51:26.312 11417 11417 W ContextImpl: Calling a method in the system process without a qualified user: android.app.ContextImpl.sendBroadcast:1140 android.content.ContextWrapper.sendBroadcast:365 com.qualcomm.wfd.service.SessionManagerService.broadcastWifiDisplayVideoEnabled:988 com.qualcomm.wfd.service.SessionManagerService.teardown:824 com.qualcomm.wfd.service.SessionManagerService.<init>:138 
03-25 13:51:26.362 10711 10726 W ContextImpl: Calling a method in the system process without a qualified user: android.app.ContextImpl.bindService:1560 android.content.ContextWrapper.bindService:517 android.bluetooth.BluetoothPan.doBind:148 android.bluetooth.BluetoothPan$1.onBluetoothStateChange:194 android.bluetooth.IBluetoothStateChangeCallback$Stub.onTransact:55 
03-25 13:51:26.362 10711 11334 W ContextImpl: Calling a method in the system process without a qualified user: android.app.ContextImpl.bindService:1560 android.content.ContextWrapper.bindService:517 android.bluetooth.BluetoothMap.doBind:109 android.bluetooth.BluetoothMap$1.onBluetoothStateChange:76 android.bluetooth.IBluetoothStateChangeCallback$Stub.onTransact:55 
03-25 13:51:26.372 10711 11333 W ContextImpl: Calling a method in the system process without a qualified user: android.app.ContextImpl.bindService:1560 android.content.ContextWrapper.bindService:517 android.bluetooth.BluetoothInputDevice.doBind:256 android.bluetooth.BluetoothInputDevice$1.onBluetoothStateChange:220 android.bluetooth.IBluetoothStateChangeCallback$Stub.onTransact:55 
03-25 13:51:26.372 10711 11334 W ContextImpl: Calling a method in the system process without a qualified user: android.app.ContextImpl.bindService:1560 android.content.ContextWrapper.bindService:517 android.bluetooth.BluetoothA2dp.doBind:165 android.bluetooth.BluetoothA2dp$1.onBluetoothStateChange:131 android.bluetooth.IBluetoothStateChangeCallback$Stub.onTransact:55 
03-25 13:51:26.382 10330 10358 W ContextImpl: Calling a method in the system process without a qualified user: android.app.ContextImpl.bindService:1560 android.bluetooth.BluetoothA2dp.doBind:165 android.bluetooth.BluetoothA2dp$1.onBluetoothStateChange:131 com.android.server.BluetoothManagerService.sendBluetoothStateCallback:530 com.android.server.BluetoothManagerService.bluetoothStateChangeHandler:1248 
03-25 13:51:26.382 10330 10358 W ContextImpl: Calling a method in the system process without a qualified user: android.app.ContextImpl.bindService:1560 android.bluetooth.BluetoothHeadset.doBind:283 android.bluetooth.BluetoothHeadset$1.onBluetoothStateChange:249 com.android.server.BluetoothManagerService.sendBluetoothStateCallback:530 com.android.server.BluetoothManagerService.bluetoothStateChangeHandler:1248 
03-25 13:51:26.382 10711 11333 W ContextImpl: Calling a method in the system process without a qualified user: android.app.ContextImpl.bindService:1560 android.content.ContextWrapper.bindService:517 android.bluetooth.BluetoothHeadset.doBind:283 android.bluetooth.BluetoothHeadset$1.onBluetoothStateChange:249 android.bluetooth.IBluetoothStateChangeCallback$Stub.onTransact:55 
03-25 13:51:26.412 10330 10500 I ActivityManager: Delay finish: com.qualcomm.qcrilmsgtunnel/.QcrilMsgTunnelAutoboot
03-25 13:51:26.412 10711 10711 W ContextImpl: Calling a method in the system process without a qualified user: android.app.ContextImpl.startService:1496 android.content.ContextWrapper.startService:494 android.content.ContextWrapper.startService:494 com.android.settings.bluetooth.DockEventReceiver.beginStartingService:134 com.android.settings.bluetooth.DockEventReceiver.onReceive:115 
03-25 13:51:39.492 10330 10353 I ActivityManager: Waited long enough for: ServiceRecord{4248a410 u0 com.qualcomm.svi/.SVIService}
03-25 13:51:39.492 10330 10353 I ActivityManager: Resuming delayed broadcast
03-25 13:51:39.522 10330 10353 I ActivityManager: Start proc com.splinex.streaming for broadcast com.splinex.streaming/.RequestReceiver: pid=11490 uid=10016 gids={50016, 1028, 1015, 3003, 3002, 3001}
03-25 13:51:39.572 10330 10594 I ActivityManager: START u0 {flg=0x10000000 cmp=com.splinex.streaming/.TwoCamActivity} from pid 11490
03-25 13:51:39.632 10330 10341 I ActivityManager: Config changes=480 {1.0 ?mcc?mnc en_US ldltr sw360dp w640dp h335dp 320dpi nrml long land -touch -keyb/v/h -nav/h s.5}
03-25 13:51:39.732 10330 10353 I ActivityManager: Waited long enough for: ServiceRecord{421feef8 u0 com.qualcomm.atfwd/.AtFwdService}
03-25 13:51:39.832 10570 10570 W ContextImpl: Calling a method in the system process without a qualified user: android.app.ContextImpl.startService:1496 android.content.ContextWrapper.startService:494 android.content.ContextWrapper.startService:494 com.qualcomm.msapm.MSAPMReceiver.onReceive:63 android.app.ActivityThread.handleReceiver:2422 
03-25 13:51:39.892 10330 11503 I ActivityManager: Start proc android.process.acore for content provider com.android.providers.contacts/.ContactsProvider2: pid=11516 uid=10002 gids={50002, 3003, 1028, 1015}
03-25 13:51:40.002 10330 11504 I ActivityManager: Start proc com.qualcomm.timeservice for broadcast com.qualcomm.timeservice/.TimeServiceBroadcastReceiver: pid=11542 uid=10062 gids={50062}
03-25 13:51:40.072 10330 10341 I ActivityManager: Killing 10616:com.android.printspooler/u0a53 (adj 15): empty #17
03-25 13:51:40.362 10330 10594 I ActivityManager: Killing 11131:com.android.onetimeinitializer/u0a11 (adj 15): empty #17
03-25 13:51:40.582 10330 11504 D WifiService: setWifiEnabled: true pid=11490, uid=10016
03-25 13:51:40.872 10330 10342 I ActivityManager: Start proc com.thunderst.update:remote for service com.thunderst.update/.autoupdate.AutoUpdate: pid=11562 uid=10061 gids={50061, 3003, 2001, 1028, 1015}
03-25 13:51:41.212 10330 10352 I WindowManager: Screen frozen for +1s609ms due to Window{423ba7f0 u0 com.splinex.streaming/com.splinex.streaming.TwoCamActivity}
03-25 13:51:41.412 10330 10353 I ActivityManager: Waited long enough for: ServiceRecord{426aee50 u0 com.qualcomm.qcrilmsgtunnel/.QcrilMsgTunnelService}
03-25 13:52:05.862 10330 10395 D QcConnectivityService: Sampling interval elapsed, updating statistics ..
03-25 13:52:05.882 10330 10395 D QcConnectivityService: Done.
03-25 13:52:05.882 10330 10395 D QcConnectivityService: Setting timer for 720seconds
03-25 13:52:08.352 10330 10353 I ActivityManager: Start proc com.android.musicfx for broadcast com.android.musicfx/.ControlPanelReceiver: pid=11612 uid=10010 gids={50010, 3003, 3002}
03-25 13:52:08.352 10330 10500 I ActivityManager: Killing 10764:com.android.music/u0a43 (adj 15): empty #17
03-25 13:52:08.412 10330 11504 I ActivityManager: Killing 11146:com.qualcomm.cabl/1000 (adj 15): empty #17
03-25 14:04:05.882 10330 10395 D QcConnectivityService: Sampling interval elapsed, updating statistics ..
03-25 14:04:05.902 10330 10395 D QcConnectivityService: Done.
03-25 14:04:05.902 10330 10395 D QcConnectivityService: Setting timer for 720seconds
03-25 14:05:27.472 10330 11503 W ActivityManager: Invalid packageName: com.splinex.streaming/.TwoCamActivity
03-25 14:05:28.512 10330 10594 I ActivityManager: Force stopping com.splinex.streaming appid=10016 user=0: clear data
03-25 14:05:28.512 10330 10594 I ActivityManager: Killing 11490:com.splinex.streaming/u0a16 (adj 0): stop com.splinex.streaming
03-25 14:05:28.512 10330 10594 W ActivityManager: Force removing ActivityRecord{42294848 u0 com.splinex.streaming/.TwoCamActivity t2}: app died, no saved state
03-25 14:05:28.532 10330 10594 I ActivityManager:   Force stopping service ServiceRecord{42675360 u0 com.splinex.streaming/com.splinex.audio.receiver.PlaybackService}
03-25 14:05:28.562 10330 10594 I ActivityManager: Config changes=480 {1.0 ?mcc?mnc en_US ldltr sw360dp w360dp h615dp 320dpi nrml long port -touch -keyb/v/h -nav/h s.6}
03-25 14:05:28.562 10330 10342 I WindowState: WIN DEATH: Window{423ba7f0 u0 com.splinex.streaming/com.splinex.streaming.TwoCamActivity}
03-25 14:05:28.622 10330 10341 I ActivityManager: Killing 11162:com.android.cellbroadcastreceiver/u0a23 (adj 15): empty #17
03-25 14:05:28.632 10330 10364 E AndroidRuntime: *** FATAL EXCEPTION IN SYSTEM PROCESS: PackageManager
03-25 14:05:28.632 10330 10364 E AndroidRuntime: java.lang.NullPointerException
03-25 14:05:28.632 10330 10364 E AndroidRuntime: 	at android.security.KeyStore.clearUid(KeyStore.java:327)
03-25 14:05:28.632 10330 10364 E AndroidRuntime: 	at com.android.server.pm.PackageManagerService.removeKeystoreDataIfNeeded(PackageManagerService.java:9866)
03-25 14:05:28.632 10330 10364 E AndroidRuntime: 	at com.android.server.pm.PackageManagerService.clearApplicationUserDataLI(PackageManagerService.java:9846)
03-25 14:05:28.632 10330 10364 E AndroidRuntime: 	at com.android.server.pm.PackageManagerService.access$4300(PackageManagerService.java:182)
03-25 14:05:28.632 10330 10364 E AndroidRuntime: 	at com.android.server.pm.PackageManagerService$8.run(PackageManagerService.java:9781)
03-25 14:05:28.632 10330 10364 E AndroidRuntime: 	at android.os.Handler.handleCallback(Handler.java:765)
03-25 14:05:28.632 10330 10364 E AndroidRuntime: 	at android.os.Handler.dispatchMessage(Handler.java:95)
03-25 14:05:28.632 10330 10364 E AndroidRuntime: 	at android.os.Looper.loop(Looper.java:136)
03-25 14:05:28.632 10330 10364 E AndroidRuntime: 	at android.os.HandlerThread.run(HandlerThread.java:61)
03-25 14:05:28.652 10330 10353 I ActivityManager: Start proc com.android.documentsui for broadcast com.android.documentsui/.PackageReceiver: pid=12026 uid=10026 gids={50026}
03-25 14:05:28.692 10330 12020 W InputMethodManagerService: Got RemoteException sending setActive(false) notification to pid 11490 uid 10016
03-25 14:05:28.782 12026 12026 E AndroidRuntime: FATAL EXCEPTION: main
03-25 14:05:28.782 12026 12026 E AndroidRuntime: Process: com.android.documentsui, PID: 12026
03-25 14:05:28.782 12026 12026 E AndroidRuntime: java.lang.RuntimeException: Unable to instantiate application com.android.documentsui.DocumentsApplication: java.lang.IllegalStateException: Unable to get package info for com.android.documentsui; is system dying?
03-25 14:05:28.782 12026 12026 E AndroidRuntime: 	at android.app.LoadedApk.makeApplication(LoadedApk.java:516)
03-25 14:05:28.782 12026 12026 E AndroidRuntime: 	at android.app.ActivityThread.handleBindApplication(ActivityThread.java:4350)
03-25 14:05:28.782 12026 12026 E AndroidRuntime: 	at android.app.ActivityThread.access$1500(ActivityThread.java:138)
03-25 14:05:28.782 12026 12026 E AndroidRuntime: 	at android.app.ActivityThread$H.handleMessage(ActivityThread.java:1259)
03-25 14:05:28.782 12026 12026 E AndroidRuntime: 	at android.os.Handler.dispatchMessage(Handler.java:102)
03-25 14:05:28.782 12026 12026 E AndroidRuntime: 	at android.os.Looper.loop(Looper.java:136)
03-25 14:05:28.782 12026 12026 E AndroidRuntime: 	at android.app.ActivityThread.main(ActivityThread.java:5050)
03-25 14:05:28.782 12026 12026 E AndroidRuntime: 	at java.lang.reflect.Method.invokeNative(Native Method)
03-25 14:05:28.782 12026 12026 E AndroidRuntime: 	at java.lang.reflect.Method.invoke(Method.java:515)
03-25 14:05:28.782 12026 12026 E AndroidRuntime: 	at com.android.internal.os.ZygoteInit$MethodAndArgsCaller.run(ZygoteInit.java:780)
03-25 14:05:28.782 12026 12026 E AndroidRuntime: 	at com.android.internal.os.ZygoteInit.main(ZygoteInit.java:596)
03-25 14:05:28.782 12026 12026 E AndroidRuntime: 	at dalvik.system.NativeStart.main(Native Method)
03-25 14:05:28.782 12026 12026 E AndroidRuntime: Caused by: java.lang.IllegalStateException: Unable to get package info for com.android.documentsui; is system dying?
03-25 14:05:28.782 12026 12026 E AndroidRuntime: 	at android.app.LoadedApk.initializeJavaContextClassLoader(LoadedApk.java:372)
03-25 14:05:28.782 12026 12026 E AndroidRuntime: 	at android.app.LoadedApk.getClassLoader(LoadedApk.java:329)
03-25 14:05:28.782 12026 12026 E AndroidRuntime: 	at android.app.LoadedApk.makeApplication(LoadedApk.java:508)
03-25 14:05:28.782 12026 12026 E AndroidRuntime: 	... 11 more
03-25 14:05:28.782 12026 12026 E AndroidRuntime: Caused by: android.os.DeadObjectException
03-25 14:05:28.782 12026 12026 E AndroidRuntime: 	at android.os.BinderProxy.transact(Native Method)
03-25 14:05:28.782 12026 12026 E AndroidRuntime: 	at android.content.pm.IPackageManager$Stub$Proxy.getPackageInfo(IPackageManager.java:1557)
03-25 14:05:28.782 12026 12026 E AndroidRuntime: 	at android.app.LoadedApk.initializeJavaContextClassLoader(LoadedApk.java:370)
03-25 14:05:28.782 12026 12026 E AndroidRuntime: 	... 13 more
03-25 14:05:28.782 12026 12026 E AndroidRuntime: Error reporting crash
03-25 14:05:28.782 12026 12026 E AndroidRuntime: android.os.DeadObjectException
03-25 14:05:28.782 12026 12026 E AndroidRuntime: 	at android.os.BinderProxy.transact(Native Method)
03-25 14:05:28.782 12026 12026 E AndroidRuntime: 	at android.app.ActivityManagerProxy.handleApplicationCrash(ActivityManagerNative.java:3715)
03-25 14:05:28.782 12026 12026 E AndroidRuntime: 	at com.android.internal.os.RuntimeInit$UncaughtHandler.uncaughtException(RuntimeInit.java:84)
03-25 14:05:28.782 12026 12026 E AndroidRuntime: 	at java.lang.ThreadGroup.uncaughtException(ThreadGroup.java:693)
03-25 14:05:28.782 12026 12026 E AndroidRuntime: 	at java.lang.ThreadGroup.uncaughtException(ThreadGroup.java:690)
03-25 14:05:28.782 12026 12026 E AndroidRuntime: 	at dalvik.system.NativeStart.main(Native Method)
03-25 14:05:28.832   247   247 D EntSec  : [NQS   ] [MAIN       ] "Dealing with fd 11 BEGINS [0xbee85814]"
03-25 14:05:28.832   247   247 D EntSec  : [NQS   ] [QSB_SOURCE ] "The file descriptor 11 contained in the QsbSource openFds set"
03-25 14:05:28.832   247   247 E EntSec  : [NQS   ] [QSB_SOURCE ] "Socket 11 hung up, it is closed and removed"
03-25 14:05:28.832   247   247 E EntSec  : [NQS   ] [QSB_SOURCE ] "Failed to receive the message id from the QSB"
03-25 14:05:28.832   247   247 W EntSec  : [NQS   ] [ACK_DB     ] "EraseOutstandingAck: FD [11] was never marked as outstanding. Ignoring"
03-25 14:05:28.832   247   247 D EntSec  : [NQS   ] [MAIN       ] "Setting status to PENDING"
03-25 14:05:28.832   247   247 D EntSec  : [NQS   ] [MAIN       ] "Dealing with fd 11 has Ended [0xbee85814]"
03-25 14:05:29.052   247   247 D EntSec  : [NQS   ] [MAIN       ] "Dealing with fd 12 BEGINS [0xbee85814]"
03-25 14:05:29.052   247   247 D EntSec  : [NQS   ] [QSB_SOURCE ] "The file descriptor 12 contained in the QsbSource openFds set"
03-25 14:05:29.052   247   247 E EntSec  : [NQS   ] [QSB_SOURCE ] "Socket 12 hung up, it is closed and removed"
03-25 14:05:29.052   247   247 E EntSec  : [NQS   ] [QSB_SOURCE ] "Failed to receive the message id from the QSB"
03-25 14:05:29.052   247   247 W EntSec  : [NQS   ] [ACK_DB     ] "EraseOutstandingAck: FD [12] was never marked as outstanding. Ignoring"
03-25 14:05:29.052   247   247 D EntSec  : [NQS   ] [MAIN       ] "Setting status to PENDING"
03-25 14:05:29.052   247   247 D EntSec  : [NQS   ] [MAIN       ] "Dealing with fd 12 has Ended [0xbee85814]"
03-25 14:05:34.692 12332 12332 I SystemServer: Entered the Android system server!
03-25 14:05:34.722 12332 12332 I SystemServer: Waiting for installd to be ready.
03-25 14:05:34.722 12332 12332 I Installer: connecting...
03-25 14:05:34.722 12332 12354 I SystemServer: Enabled StrictMode logging for WM Looper
03-25 14:05:34.732 12332 12332 I SystemServer: Power Manager
03-25 14:05:34.732 12332 12332 I SystemServer: Activity Manager
03-25 14:05:34.742 12332 12355 I ActivityManager: Memory class: 96
03-25 14:05:34.782 12332 12355 W UsageStats: Usage stats version changed; dropping
03-25 14:05:34.902 12332 12359 I UiThread: Enabled StrictMode logging for UI thread
03-25 14:05:34.912 12332 12332 I IntentFirewall: Read new rules (A:0 B:0 S:0)
03-25 14:05:34.922 12332 12355 I ActivityManager: Enabled StrictMode logging for AThread's Looper
03-25 14:05:34.922 12332 12332 I SystemServer: Display Manager
03-25 14:05:34.922 12332 12332 I SystemServer: Telephony Registry
03-25 14:05:34.922 12332 12354 I DisplayManagerService: Display device added: DisplayDeviceInfo{"Built-in Screen": 720 x 1280, 60.0 fps, density 320, 160.421 x 160.157 dpi, touch INTERNAL, rotation 0, type BUILT_IN, FLAG_DEFAULT_DISPLAY, FLAG_ROTATES_WITH_CONTENT, FLAG_SECURE, FLAG_SUPPORTS_PROTECTED_BUFFERS}
03-25 14:05:34.932 12332 12332 I SystemServer: Scheduling Policy
03-25 14:05:34.932 12332 12332 I SystemServer: Package Manager
03-25 14:05:34.932   247   247 D EntSec  : [NQS   ] [MAIN       ] "Dealing with fd 9 BEGINS [0xbee85814]"
03-25 14:05:34.932   247   247 D EntSec  : [NQS   ] [QSB_SOURCE ] "The file descriptor 9 contained in the QsbSource openFds set"
03-25 14:05:34.932   247   247 D EntSec  : [NQS   ] [QSB_SOURCE ] " ---------------------------------------------------------------"
03-25 14:05:34.932   247   247 I EntSec  : [NQS   ] [QSB_SOURCE ] "Loading port -handling"
03-25 14:05:34.932   247   247 D EntSec  : [NQS   ] [ACK_DB     ] "Clearing OutstandingAck DB"
03-25 14:05:34.932   247   247 I EntSec  : [NQS   ] [QSB_SOURCE ] "According to TQS, need to load the default port. Sending a message to QSB"
03-25 14:05:34.932   247   247 I EntSec  : [NQS   ] [QSB_COMM   ] "send load default port command to a QSB."
03-25 14:05:34.932   247   247 I EntSec  : [NQS   ] [QSB_SOURCE ] "Message sent to the QSB; QSB will be initialized with the default port"
03-25 14:05:34.932   247   247 I EntSec  : [NQS   ] [QSB_SOURCE ] "Loading port mechanism - handling completed"
03-25 14:05:34.932   247   247 D EntSec  : [NQS   ] [QSB_SOURCE ] " ---------------------------------------------------------------"
03-25 14:05:34.932   247   247 D EntSec  : [NQS   ] [MAIN       ] "Dealing with fd 9 has Ended [0xbee85814]"
03-25 14:05:35.022 12332 12332 D SELinuxMMAC: Couldn't find install policy /data/security/mac_permissions.xml
03-25 14:05:35.022 12332 12332 D SELinuxMMAC: Using install policy file /system/etc/security/mac_permissions.xml
03-25 14:05:35.262 12332 12332 W PackageManager: Library not found: /system/framework/com.android.future.usb.accessory.jar
03-25 14:05:35.352 12332 12332 W PackageParser: No actions in intent filter at /system/priv-app/Contacts.apk Binary XML file line #375
03-25 14:05:35.382 12332 12332 W PackageParser: No actions in intent filter at /system/priv-app/Dialer.apk Binary XML file line #165
03-25 14:05:35.552 12332 12332 W PackageParser: No actions in intent filter at /system/app/BTTestApp.apk Binary XML file line #61
03-25 14:05:35.572 12332 12332 W PackageParser: No actions in intent filter at /system/app/Bluetooth.apk Binary XML file line #226
03-25 14:05:35.572 12332 12332 W PackageParser: Unknown element under <application>: uses-feature at /system/app/BluetoothExt.apk Binary XML file line #55
03-25 14:05:35.572 12332 12332 W PackageParser: No actions in intent filter at /system/app/BluetoothExt.apk Binary XML file line #82
03-25 14:05:35.572 12332 12332 W PackageParser: No actions in intent filter at /system/app/BluetoothExt.apk Binary XML file line #106
03-25 14:05:35.572 12332 12332 W PackageParser: No actions in intent filter at /system/app/BluetoothExt.apk Binary XML file line #130
03-25 14:05:35.582 12332 12332 W PackageParser: No actions in intent filter at /system/app/BluetoothExt.apk Binary XML file line #157
03-25 14:05:35.692 12332 12332 W PackageParser: Unknown element under <application>: permission at /system/app/Gallery2.apk Binary XML file line #248
03-25 14:05:35.692 12332 12332 W PackageParser: Unknown element under <application>: permission at /system/app/Gallery2.apk Binary XML file line #251
03-25 14:05:35.712 12332 12332 I PackageParser: com.qualcomm.interfacepermissions: compat added android.permission.WRITE_EXTERNAL_STORAGE android.permission.READ_PHONE_STATE
03-25 14:05:35.812 12332 12332 I PackageParser: com.qualcomm.qcom_qmi: compat added android.permission.WRITE_EXTERNAL_STORAGE android.permission.READ_PHONE_STATE
03-25 14:05:35.952 12332 12332 W PackageManager: Package com.android.gallery3d desires unavailable shared library com.google.android.media.effects; ignoring!
03-25 14:05:35.952 12332 12332 I PackageManager: Time to scan packages: 0.696 seconds
03-25 14:05:35.952 12332 12332 W PackageManager: Removing dangling permission: com.qualcomm.permission.READ_DHCP_INFO from package null
03-25 14:05:35.962 12332 12332 W PackageManager: Unknown permission android.permission.ADD_SYSTEM_SERVICE in package com.hip.cqa
03-25 14:05:35.962 12332 12332 W PackageManager: Unknown permission android.permission.RECORD_VIDEO in package com.hip.cqa
03-25 14:05:35.962 12332 12332 W PackageManager: Unknown permission anroid.permission.FLASHLIGHT in package com.hip.cqa
03-25 14:05:35.962 12332 12332 W PackageManager: Unknown permission android.permission.cts.DebuggableTest in package com.hip.cqa
03-25 14:05:35.962 12332 12332 W PackageManager: Unknown permission com.google.android.gallery3d.permission.GALLERY_PROVIDER in package com.android.bluetooth
03-25 14:05:35.962 12332 12332 W PackageManager: Unknown permission com.google.android.googleapps.permission.GOOGLE_AUTH in package com.android.providers.calendar
03-25 14:05:35.962 12332 12332 W PackageManager: Unknown permission com.google.android.googleapps.permission.GOOGLE_AUTH.cl in package com.android.providers.calendar
03-25 14:05:35.962 12332 12332 W PackageManager: Not granting permission android.permission.ACCESS_DOWNLOAD_MANAGER to package com.android.browser (protectionLevel=18 flags=0x9be45)
03-25 14:05:35.962 12332 12332 W PackageManager: Not granting permission android.permission.SEND_DOWNLOAD_COMPLETED_INTENTS to package com.android.browser (protectionLevel=2 flags=0x9be45)
03-25 14:05:35.962 12332 12332 W PackageManager: Not granting permission android.permission.BIND_WALLPAPER to package com.android.camera2 (protectionLevel=18 flags=0x58bc45)
03-25 14:05:35.962 12332 12332 W PackageManager: Not granting permission android.permission.WRITE_MEDIA_STORAGE to package com.android.camera2 (protectionLevel=18 flags=0x58bc45)
03-25 14:05:35.962 12332 12332 W PackageManager: Unknown permission android.permission.INSTALL_DRM in package com.android.mms
03-25 14:05:35.962 12332 12332 W PackageManager: Unknown permission com.google.android.gallery3d.permission.PICASA_STORE in package com.android.dreams.phototable
03-25 14:05:35.962 12332 12332 W PackageManager: Unknown permission com.google.android.googleapps.permission.GOOGLE_AUTH in package com.android.settings
03-25 14:05:35.972 12332 12332 W PackageManager: Not granting permission android.permission.DELETE_PACKAGES to package com.svox.pico (protectionLevel=18 flags=0x8be45)
03-25 14:05:35.972 12332 12332 W PackageManager: Unknown permission com.qualcomm.permission.ACCESS_LOCATION_API in package com.qualcomm.qct.dlt
03-25 14:05:35.972 12332 12332 W PackageManager: Unknown permission android.permission.SET_PROCESS_FOREGROUND in package com.qualcomm.logkit
03-25 14:05:35.972 12332 12332 W PackageManager: Unknown permission android.permission.MMS_PUSH in package org.codeaurora.bluetooth
03-25 14:05:35.972 12332 12332 W PackageManager: Unknown permission com.qualcomm.permission.ACCESS_LOCATION_API in package com.qualcomm.location
03-25 14:05:36.132 12332 12332 I SystemServer: Entropy Mixer
03-25 14:05:36.132 12332 12332 I EntropyMixer: Writing entropy...
03-25 14:05:36.152 12332 12332 I SystemServer: User Service
03-25 14:05:36.152 12332 12332 I SystemServer: Account Manager
03-25 14:05:36.162 12332 12332 I SystemServer: Content Manager
03-25 14:05:36.162 12332 12332 I SystemServer: System Content Providers
03-25 14:05:36.182 12332 12332 I SystemServer: Lights Service
03-25 14:05:36.182 12332 12332 I SystemServer: Battery Service
03-25 14:05:36.202 12332 12332 I SystemServer: Vibrator Service
03-25 14:05:36.202 12332 12332 I SystemServer: Consumer IR Service
03-25 14:05:36.202 12332 12332 I SystemServer: Alarm Manager
03-25 14:05:36.212 12332 12332 I SystemServer: Init Watchdog
03-25 14:05:36.212 12332 12332 I SystemServer: Input Manager
03-25 14:05:36.212 12332 12332 I InputManager: Initializing input manager, mUseDevInputEventForAudioJack=true
03-25 14:05:36.212 12332 12332 I SystemServer: Window Manager
03-25 14:05:36.212 12332 12354 I WindowManager: No existing display settings /data/system/display_settings.xml; starting empty
03-25 14:05:36.242 12332 12359 I WindowManager: No keyguard interface!
03-25 14:05:36.252 12332 12332 I InputManager: Starting input manager
03-25 14:05:36.252 12332 12332 I SystemServer: Bluetooth Manager Service
03-25 14:05:36.252 12332 12332 I SystemServer: Input Method Service
03-25 14:05:36.262 12332 12332 W InputMethodManagerService: Couldn't create dir.: /data/system/inputmethod
03-25 14:05:36.282 12332 12332 I SystemServer: Accessibility Manager
03-25 14:05:36.292 12332 12332 I ActivityManager: Config changes=1df8 {1.0 ?mcc?mnc en_US ldltr sw360dp w360dp h640dp 320dpi nrml long port ?uimode ?night -touch -keyb/v/h -nav/h s.2}
03-25 14:05:36.292 12332 12332 I ActivityManager: Config changes=400 {1.0 ?mcc?mnc en_US ldltr sw360dp w360dp h615dp 320dpi nrml long port ?uimode ?night -touch -keyb/v/h -nav/h s.3}
03-25 14:05:36.292 12332 12332 I SystemServer: Mount Service
03-25 14:05:36.302 12332 12332 D MountService: got storage path: /storage/sdcard0 description: Internal storage primary: true removable: false emulated: true mtpReserve: 100 allowMassStorage: false maxFileSize: 0
03-25 14:05:36.302 12332 12332 D MountService: addVolumeLocked() StorageVolume:
03-25 14:05:36.302 12332 12332 D MountService:     mStorageId=65537 mPath=/storage/emulated/0 mDescriptionId=17040669 
03-25 14:05:36.302 12332 12332 D MountService:     mPrimary=true mRemovable=false mEmulated=true mMtpReserveSpace=100 
