05-04 19:53:29.635  3256  5293 D BatteryService: level:60, scale:100, status:3, health:2, present:true, voltage: 3859, temperature: 388, technology: Li-ion, AC powered:false, USB powered:true, POGO powered:false, Wireless powered:false, icon:17303382, invalid charger:0
05-04 19:53:29.635  3256  5293 D BatteryService: online:4, current avg:-324, charge type:2, power sharing:false, high voltage charger:false, capacity:280000, current_now:-324
05-04 19:53:29.635  3256  3256 D BatteryService: Sending ACTION_BATTERY_CHANGED.
05-04 19:53:29.640  3672  3672 V EmergencyMode: [EmergencyStateReceiver] onReceive : android.intent.action.BATTERY_CHANGED
05-04 19:53:29.640  3672  3672 V EmergencyMode: [EmergencyStateReceiver] ACTION_BATTERY_CHANGED mBatteryLevelForLogging = 60
05-04 19:53:29.650  3421  3421 D BatteryMeterView: ACTION_BATTERY_CHANGED : level:60 status:3 health:2
05-04 19:53:29.665  3421  3421 D BatteryMeterView: ACTION_BATTERY_CHANGED : level:60 status:3 health:2
05-04 19:53:29.665  3421  3421 D BatteryMeterView: ACTION_BATTERY_CHANGED : level:60 status:3 health:2
05-04 19:53:30.710  3256  5014 D SSRM:n  : SIOP:: AP = 480, PST = 478 (W:20), CUR = -324, LCD = 147
05-04 19:53:30.760  3256  3268 D ActivityManager: retrieveServiceLocked(): component = null; callingUser = 0; userId(target) = 0
05-04 19:53:34.140  3256  6911 D ActivityManager: retrieveServiceLocked(): component = null; callingUser = 0; userId(target) = 0
05-04 19:53:35.060  3256  3585 D ActivityManager: retrieveServiceLocked(): component = null; callingUser = 0; userId(target) = 0
05-04 19:53:38.135  3256  3268 D ActivityManager: retrieveServiceLocked(): component = null; callingUser = 0; userId(target) = 0
05-04 19:53:39.645  3256  6922 D BatteryService: !@BatteryListener : batteryPropertiesChanged!
05-04 19:53:39.645  3256  6922 D BatteryService: level:60, scale:100, status:3, health:2, present:true, voltage: 3871, temperature: 387, technology: Li-ion, AC powered:false, USB powered:true, POGO powered:false, Wireless powered:false, icon:17303382, invalid charger:0
05-04 19:53:39.645  3256  6922 D BatteryService: online:4, current avg:-96, charge type:2, power sharing:false, high voltage charger:false, capacity:280000, current_now:-97
05-04 19:53:39.645  3256  3256 D BatteryService: Sending ACTION_BATTERY_CHANGED.
05-04 19:53:39.655  3672  3672 V EmergencyMode: [EmergencyStateReceiver] onReceive : android.intent.action.BATTERY_CHANGED
05-04 19:53:39.655  3672  3672 V EmergencyMode: [EmergencyStateReceiver] ACTION_BATTERY_CHANGED mBatteryLevelForLogging = 60
05-04 19:53:39.675  3421  3421 D BatteryMeterView: ACTION_BATTERY_CHANGED : level:60 status:3 health:2
05-04 19:53:39.675  3421  3421 D BatteryMeterView: ACTION_BATTERY_CHANGED : level:60 status:3 health:2
05-04 19:53:39.675  3421  3421 D BatteryMeterView: ACTION_BATTERY_CHANGED : level:60 status:3 health:2
05-04 19:53:40.715  3256  5014 D SSRM:n  : SIOP:: AP = 490, PST = 473 (W:18), CUR = -96, LCD = 147
05-04 19:53:45.640  3256  3566 E Watchdog: !@Sync 950 [05-04 19:53:45.649]
05-04 19:53:46.735  3256  3269 D ActivityManager: retrieveServiceLocked(): component = null; callingUser = 0; userId(target) = 0
05-04 19:53:47.965  3256  5292 D ActivityManager: retrieveServiceLocked(): component = null; callingUser = 0; userId(target) = 0
05-04 19:53:48.290  3256  3316 D TimaService: TIMA: TimaService scheduler is intialized. 
05-04 19:53:48.290  3256  3316 D TimaService: TIMA: checkEvent, operation: 50000 subject: 10000
05-04 19:53:48.290  3256  3315 D TimaService: TimaServiceHandler.handleMessage what =1
05-04 19:53:49.650  3256  5293 D BatteryService: !@BatteryListener : batteryPropertiesChanged!
05-04 19:53:49.650  3256  5293 D BatteryService: level:60, scale:100, status:3, health:2, present:true, voltage: 3859, temperature: 386, technology: Li-ion, AC powered:false, USB powered:true, POGO powered:false, Wireless powered:false, icon:17303382, invalid charger:0
05-04 19:53:49.650  3256  5293 D BatteryService: online:4, current avg:-242, charge type:2, power sharing:false, high voltage charger:false, capacity:280000, current_now:-242
05-04 19:53:49.650  3256  3256 D BatteryService: Sending ACTION_BATTERY_CHANGED.
05-04 19:53:49.660  3672  3672 V EmergencyMode: [EmergencyStateReceiver] onReceive : android.intent.action.BATTERY_CHANGED
05-04 19:53:49.660  3672  3672 V EmergencyMode: [EmergencyStateReceiver] ACTION_BATTERY_CHANGED mBatteryLevelForLogging = 60
05-04 19:53:49.665  3421  3421 D BatteryMeterView: ACTION_BATTERY_CHANGED : level:60 status:3 health:2
05-04 19:53:49.685  3421  3421 D BatteryMeterView: ACTION_BATTERY_CHANGED : level:60 status:3 health:2
05-04 19:53:49.685  3421  3421 D BatteryMeterView: ACTION_BATTERY_CHANGED : level:60 status:3 health:2
05-04 19:53:50.725  3256  5014 D SSRM:n  : SIOP:: AP = 490, PST = 471 (W:18), CUR = -242, LCD = 147
05-04 19:53:52.645  3256  3316 D TimaService: TIMA MEASUREMENT Result: TIMA_STATUS=0;MSG=Kernel Verification Success;
05-04 19:53:52.650  3256  3316 D TimaService: TIMA MEASUREMENT success status: TIMA_STATUS=0;MSG=Kernel Verification Success;
05-04 19:53:53.035  3256  3327 V AlarmManager: waitForAlarm result :4
05-04 19:53:55.030  3256  3524 D ActivityManager: retrieveServiceLocked(): component = null; callingUser = 0; userId(target) = 0
05-04 19:53:56.260  3256  6937 D ActivityManager: retrieveServiceLocked(): component = null; callingUser = 0; userId(target) = 0
05-04 19:53:57.875  3256  5292 D ActivityManager: retrieveServiceLocked(): component = null; callingUser = 0; userId(target) = 0
05-04 19:53:58.715  3256  3586 D ActivityManager: retrieveServiceLocked(): component = null; callingUser = 0; userId(target) = 0
05-04 19:53:59.660  3256  3586 D BatteryService: !@BatteryListener : batteryPropertiesChanged!
05-04 19:53:59.660  3256  3586 D BatteryService: level:60, scale:100, status:3, health:2, present:true, voltage: 3878, temperature: 385, technology: Li-ion, AC powered:false, USB powered:true, POGO powered:false, Wireless powered:false, icon:17303382, invalid charger:0
05-04 19:53:59.660  3256  3586 D BatteryService: online:4, current avg:-460, charge type:2, power sharing:false, high voltage charger:false, capacity:280000, current_now:-460
05-04 19:53:59.660  3256  3256 D BatteryService: Sending ACTION_BATTERY_CHANGED.
05-04 19:53:59.670  3672  3672 V EmergencyMode: [EmergencyStateReceiver] onReceive : android.intent.action.BATTERY_CHANGED
05-04 19:53:59.670  3672  3672 V EmergencyMode: [EmergencyStateReceiver] ACTION_BATTERY_CHANGED mBatteryLevelForLogging = 60
05-04 19:53:59.675  3421  3421 D BatteryMeterView: ACTION_BATTERY_CHANGED : level:60 status:3 health:2
05-04 19:53:59.680  3421  3421 D BatteryMeterView: ACTION_BATTERY_CHANGED : level:60 status:3 health:2
05-04 19:53:59.680  3421  3421 D BatteryMeterView: ACTION_BATTERY_CHANGED : level:60 status:3 health:2
05-04 19:53:59.995  3256  3327 V AlarmManager: waitForAlarm result :8
05-04 19:54:00.735  3256  5014 D SSRM:n  : SIOP:: AP = 490, PST = 471 (W:18), CUR = -460, LCD = 147
05-04 19:54:01.790  3256  6922 D ActivityManager: retrieveServiceLocked(): component = null; callingUser = 0; userId(target) = 0
05-04 19:54:03.030  3256  3739 E ActivityManager: failed to get LpnetManagerService instance or Pkg was null 
05-04 19:54:03.040  3256  6922 D ActivityManager: startService callerProcessName:com.google.android.gsf, calleePkgName: com.google.android.gsf
05-04 19:54:03.040  3256  6922 D ActivityManager: retrieveServiceLocked(): component = com.google.android.gsf/com.google.android.gsf.subscribedfeeds.GCMIntentService; callingUser = 0; userId(target) = 0
05-04 19:54:03.070  3256  3279 D ActivityManager: bindService callerProcessName:android, calleePkgName: com.google.android.gm, action: android.content.SyncAdapter
05-04 19:54:03.070  3256  3279 D ActivityManager: retrieveServiceLocked(): component = com.google.android.gm/com.google.android.gm.provider.MailSyncAdapterService; callingUser = 0; userId(target) = 0
05-04 19:54:03.100  3256  3268 D ActivityManager: bindService callerProcessName:android, calleePkgName: com.google.android.gms, action: android.accounts.AccountAuthenticator
05-04 19:54:03.100  3256  3268 D ActivityManager: retrieveServiceLocked(): component = com.google.android.gms/com.google.android.gms.auth.GoogleAccountAuthenticatorService; callingUser = 0; userId(target) = 0
05-04 19:54:03.110  3256  3524 D ActivityManager: bindService callerProcessName:com.google.android.gm, calleePkgName: com.google.android.gms, action: null
05-04 19:54:03.110  3256  3524 D ActivityManager: retrieveServiceLocked(): component = com.google.android.gms/com.google.android.gms.auth.GetToken; callingUser = 0; userId(target) = 0
05-04 19:54:03.120  3256  6922 D ActivityManager: retrieveServiceLocked(): component = null; callingUser = 0; userId(target) = 0
05-04 19:54:03.140 10330 23304 W ResourcesManager: Asset path '/system/framework/com.android.media.remotedisplay.jar' does not exist or contains no resources.
05-04 19:54:03.140 10330 23304 W ResourcesManager: Asset path '/system/framework/com.android.location.provider.jar' does not exist or contains no resources.
05-04 19:54:03.140  3256  6922 D ActivityManager: bindService callerProcessName:android, calleePkgName: com.google.android.gms, action: android.accounts.AccountAuthenticator
05-04 19:54:03.140  3256  6922 D ActivityManager: retrieveServiceLocked(): component = com.google.android.gms/com.google.android.gms.auth.GoogleAccountAuthenticatorService; callingUser = 0; userId(target) = 0
05-04 19:54:03.150  3256  6937 D ActivityManager: bindService callerProcessName:com.google.android.gms, calleePkgName: com.google.android.gms, action: null
05-04 19:54:03.150  3256  6937 D ActivityManager: retrieveServiceLocked(): component = com.google.android.gms/com.google.android.gms.auth.GetToken; callingUser = 0; userId(target) = 0
05-04 19:54:03.500  3256  3524 D ActivityManager: bindService callerProcessName:android, calleePkgName: com.google.android.gms, action: android.accounts.AccountAuthenticator
05-04 19:54:03.500  3256  3524 D ActivityManager: retrieveServiceLocked(): component = com.google.android.gms/com.google.android.gms.auth.GoogleAccountAuthenticatorService; callingUser = 0; userId(target) = 0
05-04 19:54:03.605  3256  6911 D ActivityManager: startService callerProcessName:com.google.android.gm, calleePkgName: com.google.android.gm
05-04 19:54:03.605  3256  6911 D ActivityManager: retrieveServiceLocked(): component = com.google.android.gm/com.android.mail.widget.BaseGmailWidgetProviderService; callingUser = 0; userId(target) = 0
05-04 19:54:03.630  3256  3585 D ActivityManager: retrieveServiceLocked(): component = null; callingUser = 0; userId(target) = 0
05-04 19:54:03.635  3256  3524 D ActivityManager: retrieveServiceLocked(): component = null; callingUser = 0; userId(target) = 0
05-04 19:54:03.640  3256  3268 D ActivityManager: startService callerProcessName:com.google.android.gms, calleePkgName: com.google.android.gms
05-04 19:54:03.640  3256  3268 D ActivityManager: retrieveServiceLocked(): component = com.google.android.gms/com.google.android.gms.icing.service.IndexWorkerService; callingUser = 0; userId(target) = 0
05-04 19:54:03.670  3256  6922 D ActivityManager: retrieveServiceLocked(): component = null; callingUser = 0; userId(target) = 0
05-04 19:54:03.685  3256  6911 D ActivityManager: retrieveServiceLocked(): component = null; callingUser = 0; userId(target) = 0
05-04 19:54:03.700  3256  3739 D ActivityManager: retrieveServiceLocked(): component = null; callingUser = 0; userId(target) = 0
05-04 19:54:03.720  3256  3585 D ActivityManager: bindService callerProcessName:android, calleePkgName: com.google.android.gms, action: android.accounts.AccountAuthenticator
05-04 19:54:03.720  3256  3585 D ActivityManager: retrieveServiceLocked(): component = com.google.android.gms/com.google.android.gms.auth.GoogleAccountAuthenticatorService; callingUser = 0; userId(target) = 0
05-04 19:54:04.840  3256  3586 D ActivityManager: retrieveServiceLocked(): component = com.google.android.gms/com.google.android.gms.icing.service.IndexWorkerService; callingUser = 0; userId(target) = 0
05-04 19:54:07.740  3256  3739 D ActivityManager: startService callerProcessName:com.google.android.gm, calleePkgName: com.google.android.gm
05-04 19:54:07.740  3256  3739 D ActivityManager: retrieveServiceLocked(): component = com.google.android.gm/com.android.mail.widget.BaseGmailWidgetProviderService; callingUser = 0; userId(target) = 0
05-04 19:54:09.675  3256  3524 D BatteryService: !@BatteryListener : batteryPropertiesChanged!
05-04 19:54:09.675  3256  3524 D BatteryService: level:60, scale:100, status:3, health:2, present:true, voltage: 3871, temperature: 385, technology: Li-ion, AC powered:false, USB powered:true, POGO powered:false, Wireless powered:false, icon:17303382, invalid charger:0
05-04 19:54:09.675  3256  3524 D BatteryService: online:4, current avg:-604, charge type:2, power sharing:false, high voltage charger:false, capacity:280000, current_now:-605
05-04 19:54:09.675  3256  3256 D BatteryService: Sending ACTION_BATTERY_CHANGED.
05-04 19:54:09.690  3672  3672 V EmergencyMode: [EmergencyStateReceiver] onReceive : android.intent.action.BATTERY_CHANGED
05-04 19:54:09.690  3672  3672 V EmergencyMode: [EmergencyStateReceiver] ACTION_BATTERY_CHANGED mBatteryLevelForLogging = 60
05-04 19:54:09.710  3421  3421 D BatteryMeterView: ACTION_BATTERY_CHANGED : level:60 status:3 health:2
05-04 19:54:09.710  3421  3421 D BatteryMeterView: ACTION_BATTERY_CHANGED : level:60 status:3 health:2
05-04 19:54:09.710  3421  3421 D BatteryMeterView: ACTION_BATTERY_CHANGED : level:60 status:3 health:2
05-04 19:54:10.745  3256  5014 D SSRM:n  : SIOP:: AP = 500, PST = 472 (W:16), CUR = -604, LCD = 147
05-04 19:54:12.045  3256  3524 E ActivityManager: failed to get LpnetManagerService instance or Pkg was null 
05-04 19:54:12.050  3256  3586 D ActivityManager: startService callerProcessName:com.google.android.gsf, calleePkgName: com.google.android.gsf
05-04 19:54:12.050  3256  3586 D ActivityManager: retrieveServiceLocked(): component = com.google.android.gsf/com.google.android.gsf.subscribedfeeds.GCMIntentService; callingUser = 0; userId(target) = 0
05-04 19:54:12.080  3256  3279 D ActivityManager: bindService callerProcessName:android, calleePkgName: com.google.android.gm, action: android.content.SyncAdapter
05-04 19:54:12.080  3256  3279 D ActivityManager: retrieveServiceLocked(): component = com.google.android.gm/com.google.android.gm.provider.MailSyncAdapterService; callingUser = 0; userId(target) = 0
05-04 19:54:12.110  3256  3586 D ActivityManager: bindService callerProcessName:android, calleePkgName: com.google.android.gms, action: android.accounts.AccountAuthenticator
05-04 19:54:12.110  3256  3586 D ActivityManager: retrieveServiceLocked(): component = com.google.android.gms/com.google.android.gms.auth.GoogleAccountAuthenticatorService; callingUser = 0; userId(target) = 0
05-04 19:54:12.120  3256  6911 D ActivityManager: bindService callerProcessName:com.google.android.gm, calleePkgName: com.google.android.gms, action: null
05-04 19:54:12.120  3256  6911 D ActivityManager: retrieveServiceLocked(): component = com.google.android.gms/com.google.android.gms.auth.GetToken; callingUser = 0; userId(target) = 0
05-04 19:54:12.135  3256  7218 D ActivityManager: retrieveServiceLocked(): component = null; callingUser = 0; userId(target) = 0
05-04 19:54:12.145  3256  3586 D ActivityManager: bindService callerProcessName:android, calleePkgName: com.google.android.gms, action: android.accounts.AccountAuthenticator
05-04 19:54:12.145  3256  3586 D ActivityManager: retrieveServiceLocked(): component = com.google.android.gms/com.google.android.gms.auth.GoogleAccountAuthenticatorService; callingUser = 0; userId(target) = 0
05-04 19:54:12.155  3256  6937 D ActivityManager: bindService callerProcessName:com.google.android.gms, calleePkgName: com.google.android.gms, action: null
05-04 19:54:12.155  3256  6937 D ActivityManager: retrieveServiceLocked(): component = com.google.android.gms/com.google.android.gms.auth.GetToken; callingUser = 0; userId(target) = 0
05-04 19:54:12.400  3256  3585 D ActivityManager: bindService callerProcessName:android, calleePkgName: com.google.android.gms, action: android.accounts.AccountAuthenticator
05-04 19:54:12.400  3256  3585 D ActivityManager: retrieveServiceLocked(): component = com.google.android.gms/com.google.android.gms.auth.GoogleAccountAuthenticatorService; callingUser = 0; userId(target) = 0
05-04 19:54:12.605  3256  6911 D ActivityManager: startService callerProcessName:com.google.android.gm, calleePkgName: com.google.android.gm
05-04 19:54:12.605  3256  6911 D ActivityManager: retrieveServiceLocked(): component = com.google.android.gm/com.android.mail.widget.BaseGmailWidgetProviderService; callingUser = 0; userId(target) = 0
05-04 19:54:12.635  3256  6911 D ActivityManager: retrieveServiceLocked(): component = null; callingUser = 0; userId(target) = 0
05-04 19:54:12.645  3256  3586 D ActivityManager: startService callerProcessName:com.google.android.gms, calleePkgName: com.google.android.gms
05-04 19:54:12.645  3256  3586 D ActivityManager: retrieveServiceLocked(): component = com.google.android.gms/com.google.android.gms.icing.service.IndexWorkerService; callingUser = 0; userId(target) = 0
05-04 19:54:12.670  3256  6937 D ActivityManager: retrieveServiceLocked(): component = null; callingUser = 0; userId(target) = 0
05-04 19:54:12.690  3256  3268 D ActivityManager: retrieveServiceLocked(): component = null; callingUser = 0; userId(target) = 0
05-04 19:54:12.710  3256  5292 D ActivityManager: retrieveServiceLocked(): component = null; callingUser = 0; userId(target) = 0
05-04 19:54:12.710  3256  3739 D ActivityManager: startService callerProcessName:com.google.android.gm, calleePkgName: com.google.android.gm
05-04 19:54:12.710  3256  3739 D ActivityManager: retrieveServiceLocked(): component = com.google.android.gm/com.google.android.gm.GmailIntentService; callingUser = 0; userId(target) = 0
05-04 19:54:12.740  3256  3526 D ActivityManager: startService callerProcessName:com.google.android.gm, calleePkgName: com.google.android.gm
05-04 19:54:12.740  3256  3526 D ActivityManager: retrieveServiceLocked(): component = com.google.android.gm/com.google.android.gm.GmailIntentService; callingUser = 0; userId(target) = 0
05-04 19:54:12.750  3256  6911 D ActivityManager: bindService callerProcessName:android, calleePkgName: com.google.android.gms, action: android.accounts.AccountAuthenticator
05-04 19:54:12.750  3256  6911 D ActivityManager: retrieveServiceLocked(): component = com.google.android.gms/com.google.android.gms.auth.GoogleAccountAuthenticatorService; callingUser = 0; userId(target) = 0
05-04 19:54:13.095  3256  3739 D ActivityManager: retrieveServiceLocked(): component = null; callingUser = 0; userId(target) = 0
05-04 19:54:13.115  3256  5293 D ActivityManager: startService callerProcessName:com.google.android.gms, calleePkgName: com.google.android.gms
05-04 19:54:13.115  3256  5293 D ActivityManager: retrieveServiceLocked(): component = com.google.android.gms/com.google.android.gms.people.service.PeopleRequestProcessor; callingUser = 0; userId(target) = 0
05-04 19:54:13.310  3256  3739 D ActivityManager: startService callerProcessName:com.google.android.gms, calleePkgName: com.google.android.gms
05-04 19:54:13.310  3256  3739 D ActivityManager: retrieveServiceLocked(): component = com.google.android.gms/com.google.android.gms.people.service.PeopleRequestProcessor; callingUser = 0; userId(target) = 0
05-04 19:54:13.405  3256  6922 D ActivityManager: startService callerProcessName:com.google.android.gms, calleePkgName: com.google.android.gms
05-04 19:54:13.405  3256  6922 D ActivityManager: retrieveServiceLocked(): component = com.google.android.gms/com.google.android.gms.people.service.PeopleRequestProcessor; callingUser = 0; userId(target) = 0
05-04 19:54:13.545  3256  6911 D ActivityManager: startService callerProcessName:com.google.android.gms, calleePkgName: com.google.android.gms
05-04 19:54:13.545  3256  6911 D ActivityManager: retrieveServiceLocked(): component = com.google.android.gms/com.google.android.gms.people.service.PeopleRequestProcessor; callingUser = 0; userId(target) = 0
05-04 19:54:13.670  3256  7218 D ActivityManager: startService callerProcessName:com.google.android.gms, calleePkgName: com.google.android.gms
05-04 19:54:13.670  3256  7218 D ActivityManager: retrieveServiceLocked(): component = com.google.android.gms/com.google.android.gms.people.service.PeopleRequestProcessor; callingUser = 0; userId(target) = 0
05-04 19:54:13.795  3256  7219 D ActivityManager: retrieveServiceLocked(): component = com.google.android.gms/com.google.android.gms.icing.service.IndexWorkerService; callingUser = 0; userId(target) = 0
05-04 19:54:13.885  3256  3351 D ActivityManager: startService callerProcessName:com.google.android.gms, calleePkgName: com.google.android.gms
05-04 19:54:13.885  3256  3351 D ActivityManager: retrieveServiceLocked(): component = com.google.android.gms/com.google.android.gms.people.service.PeopleRequestProcessor; callingUser = 0; userId(target) = 0
05-04 19:54:14.050  3256  5292 D ActivityManager: startService callerProcessName:com.google.android.gms, calleePkgName: com.google.android.gms
05-04 19:54:14.050  3256  5292 D ActivityManager: retrieveServiceLocked(): component = com.google.android.gms/com.google.android.gms.people.service.PeopleRequestProcessor; callingUser = 0; userId(target) = 0
05-04 19:54:14.135  3256  6937 D ActivityManager: startService callerProcessName:com.google.android.gms, calleePkgName: com.google.android.gms
05-04 19:54:14.135  3256  6937 D ActivityManager: retrieveServiceLocked(): component = com.google.android.gms/com.google.android.gms.people.service.PeopleRequestProcessor; callingUser = 0; userId(target) = 0
05-04 19:54:14.290  3256  3723 D ActivityManager: startService callerProcessName:com.google.android.gms, calleePkgName: com.google.android.gms
05-04 19:54:14.290  3256  3723 D ActivityManager: retrieveServiceLocked(): component = com.google.android.gms/com.google.android.gms.people.service.PeopleRequestProcessor; callingUser = 0; userId(target) = 0
05-04 19:54:14.435  3256  7218 D ActivityManager: startService callerProcessName:com.google.android.gms, calleePkgName: com.google.android.gms
05-04 19:54:14.435  3256  7218 D ActivityManager: retrieveServiceLocked(): component = com.google.android.gms/com.google.android.gms.people.service.PeopleRequestProcessor; callingUser = 0; userId(target) = 0
05-04 19:54:14.585  3256  3268 D ActivityManager: startService callerProcessName:com.google.android.gms, calleePkgName: com.google.android.gms
05-04 19:54:14.585  3256  3268 D ActivityManager: retrieveServiceLocked(): component = com.google.android.gms/com.google.android.gms.people.service.PeopleRequestProcessor; callingUser = 0; userId(target) = 0
05-04 19:54:14.710  3256  3256 I ValidateNoPeople: Validating: 0|com.google.android.gm|2146459274|null|10087
05-04 19:54:14.710  3256  3256 I ValidateNoPeople: final affinity: 0.5
05-04 19:54:14.710  3256  3256 D LightsService: [api] [SvcLED] turnOff:: id = 4 (uid: 1000 pid: 3256) 
05-04 19:54:14.715  3256  3256 D LightsService: [SvcLED] setSvcLedStateLocked:: SvcLEDState : 0x0 -> 0x0 | SvcLED(id=4) set Off
05-04 19:54:14.715  3256  3307 D LightsService: [SvcLED] Lux failed to be updated in 0ms. -> handleForcedSvcLEDTasK
05-04 19:54:14.715  3256  3307 D LightsService: [SvcLED]  setSvcLedLightLocked :: Current SvcLED(id=3) maintains its priority right
05-04 19:54:14.715  3256  3256 W NotificationService: Pray mode not found android.content.pm.PackageManager$NameNotFoundException: Application package com.sec.android.settings.praymodewidget not found
05-04 19:54:14.715  3256  3256 D LightsService: [api] [SvcLED] turnOff:: id = 4 (uid: 1000 pid: 3256) 
05-04 19:54:14.715  3256  3256 D LightsService: [SvcLED] setSvcLedStateLocked:: SvcLEDState : 0x0 -> 0x0 | SvcLED(id=4) set Off
05-04 19:54:14.715  3256  3307 D LightsService: [SvcLED] Lux failed to be updated in 0ms. -> handleForcedSvcLEDTasK
05-04 19:54:14.715  3256  3307 D LightsService: [SvcLED]  setSvcLedLightLocked :: Current SvcLED(id=3) maintains its priority right
05-04 19:54:14.730  3256  3256 I ValidateNoPeople: Validating: 0|com.google.android.gm|523157394|null|10087
05-04 19:54:14.730  3256  3256 I ValidateNoPeople: final affinity: 0.5
05-04 19:54:14.730  3256  3256 D WindowManager: showStatusBarByNotification() mOpenByNotification=false
05-04 19:54:14.740  3256  3256 W NotificationService: Pray mode not found android.content.pm.PackageManager$NameNotFoundException: Application package com.sec.android.settings.praymodewidget not found
05-04 19:54:14.995  3256  6937 D ActivityManager: retrieveServiceLocked(): component = null; callingUser = 0; userId(target) = 0
05-04 19:54:15.645  3256  3566 E Watchdog: !@Sync 951 [05-04 19:54:15.649]
05-04 19:54:16.770  3256  5293 D ActivityManager: startService callerProcessName:com.google.android.gm, calleePkgName: com.google.android.gm
05-04 19:54:16.770  3256  5293 D ActivityManager: retrieveServiceLocked(): component = com.google.android.gm/com.android.mail.widget.BaseGmailWidgetProviderService; callingUser = 0; userId(target) = 0
05-04 19:54:19.240  3256  5292 D CustomFrequencyManagerService: acquireDVFSLockLocked : type : DVFS_MIN_LIMIT  frequency : 1800000  uid : 1000  pid : 3256  pkgName : ACTIVITY_RESUME_BOOSTER@2
05-04 19:54:19.245  3256  5292 W ActivityManager: mDVFSHelper.acquire()
05-04 19:54:19.245  3256  5292 D MultiWindowConverter: dismissGuide() : Before attaching the guide view, mForceDismissGuide : false
05-04 19:54:19.310  3256  5292 W ActivityManager: Permission Denial: getCurrentUser() from pid=23086, uid=10360 requires android.permission.INTERACT_ACROSS_USERS
05-04 19:54:19.315  3256  3739 D ActivityManager: startService callerProcessName:com.icrealtime.allie, calleePkgName: com.icrealtime.allie
05-04 19:54:19.315  3256  3739 D ActivityManager: retrieveServiceLocked(): component = com.icrealtime.allie/com.icrealtime.allie.service.BackgroundService; callingUser = 0; userId(target) = 0
05-04 19:54:19.330  3256  3268 D ActivityManager: bindService callerProcessName:com.icrealtime.allie, calleePkgName: com.icrealtime.allie, action: null
05-04 19:54:19.330  3256  3268 D ActivityManager: retrieveServiceLocked(): component = com.icrealtime.allie/com.icrealtime.allie.service.BackgroundService; callingUser = 0; userId(target) = 0
05-04 19:54:19.335  3256  3256 D PersonaManagerService: getPersonasForUser(): returning null!
05-04 19:54:19.350  3256  3524 D MultiWindowConverter: dismissGuide() : Before attaching the guide view, mForceDismissGuide : false
05-04 19:54:19.350  3256  3291 D StatusBarManagerService: manageDisableList userId=0 what=0x0 pkg=WindowManager.LayoutParams
05-04 19:54:19.380  3256  7219 I MultiPhoneWindowManager: Changed -> mCurrentInputMethodTarget : Window{268328e0 u0 com.icrealtime.allie/com.icrealtime.allie.ui.activities.AuthActivity}
05-04 19:54:19.385  3256 23334 W ContextImpl: Calling a method in the system process without a qualified user: android.app.ContextImpl.sendBroadcast:1698 com.android.server.InputMethodManagerService$6.run:2786 java.lang.Thread.run:818 <bottom of call stack> <bottom of call stack> 
05-04 19:54:19.665  3256  3293 D CustomFrequencyManagerService: releaseDVFSLockLocked : Getting Lock type frm List : DVFS_MIN_LIMIT  frequency : 1800000  uid : 1000  pid : 3256  tag : ACTIVITY_RESUME_BOOSTER@2
05-04 19:54:19.665  3256  3293 W ActivityManager: mDVFSHelper.release()
05-04 19:54:19.680  3256  3287 D CustomFrequencyManagerService: acquireDVFSLockLocked : type : DVFS_MIN_LIMIT  frequency : 1800000  uid : 1000  pid : 3256  pkgName : ACTIVITY_RESUME_BOOSTER@6
05-04 19:54:19.685 23086 23086 V ActivityThread: updateVisibility : ActivityRecord{1be2c89c token=android.os.BinderProxy@2d0908fa {com.icrealtime.allie/com.icrealtime.allie.ui.activities.AfterSplashActivity}} show : false
05-04 19:54:19.685  3256  3268 D BatteryService: !@BatteryListener : batteryPropertiesChanged!
05-04 19:54:19.685  3256  3268 D BatteryService: level:60, scale:100, status:3, health:2, present:true, voltage: 3835, temperature: 384, technology: Li-ion, AC powered:false, USB powered:true, POGO powered:false, Wireless powered:false, icon:17303382, invalid charger:0
05-04 19:54:19.685  3256  3268 D BatteryService: online:4, current avg:-182, charge type:2, power sharing:false, high voltage charger:false, capacity:280000, current_now:-183
05-04 19:54:19.685  3256  3256 D BatteryService: Sending ACTION_BATTERY_CHANGED.
05-04 19:54:19.690  3672  3672 V EmergencyMode: [EmergencyStateReceiver] onReceive : android.intent.action.BATTERY_CHANGED
05-04 19:54:19.690  3672  3672 V EmergencyMode: [EmergencyStateReceiver] ACTION_BATTERY_CHANGED mBatteryLevelForLogging = 60
05-04 19:54:19.700  3421  3421 D BatteryMeterView: ACTION_BATTERY_CHANGED : level:60 status:3 health:2
05-04 19:54:19.700  3421  3421 D BatteryMeterView: ACTION_BATTERY_CHANGED : level:60 status:3 health:2
05-04 19:54:19.700  3421  3421 D BatteryMeterView: ACTION_BATTERY_CHANGED : level:60 status:3 health:2
05-04 19:54:19.910  3256  6911 D ActivityManager: retrieveServiceLocked(): component = null; callingUser = 0; userId(target) = 0
05-04 19:54:19.985  3256  3256 D CustomFrequencyManagerService: releaseDVFSLockLocked : Getting Lock type frm List : DVFS_MIN_LIMIT  frequency : 1800000  uid : 1000  pid : 3256  tag : ACTIVITY_RESUME_BOOSTER@6
05-04 19:54:20.755  3256  5014 D SSRM:n  : SIOP:: AP = 500, PST = 473 (W:16), CUR = -182, LCD = 147
05-04 19:54:21.055  3256  6922 D ActivityManager: bindService callerProcessName:android, calleePkgName: com.sec.android.inputmethod, action: android.view.InputMethod
05-04 19:54:21.055  3256  6922 D ActivityManager: retrieveServiceLocked(): component = com.sec.android.inputmethod/com.sec.android.inputmethod.SamsungKeypad; callingUser = 0; userId(target) = 0
05-04 19:54:21.055  3256  6911 D CustomFrequencyManagerService: acquireDVFSLockLocked : type : DVFS_MIN_LIMIT  frequency : 1700000  uid : 1000  pid : 3256  pkgName : com.sec.android.inputmethod@1
05-04 19:54:21.080  4053  4053 W ContextImpl: Calling a method in the system process without a qualified user: android.app.ContextImpl.sendBroadcast:1698 android.content.ContextWrapper.sendBroadcast:391 com.ime.framework.common.InputManagerImpl.sendBroadcaseSIPShown:9947 com.ime.framework.common.InputManagerImpl.startInputView:3692 com.sec.android.inputmethod.SamsungKeypad.onStartInputView:445 
05-04 19:54:21.085  4053  4053 W ContextImpl: Calling a method in the system process without a qualified user: android.app.ContextImpl.sendBroadcast:1698 android.content.ContextWrapper.sendBroadcast:391 android.inputmethodservice.InputMethodService.sendInputViewShownState:424 android.inputmethodservice.InputMethodService.showWindow:2021 android.inputmethodservice.InputMethodService$InputMethodImpl.showSoftInput:648 
05-04 19:54:21.085  4053 23340 W ContextImpl: Calling a method in the system process without a qualified user: android.app.ContextImpl.sendBroadcast:1698 android.content.ContextWrapper.sendBroadcast:391 android.inputmethodservice.InputMethodService$4.run:3277 java.lang.Thread.run:818 <bottom of call stack> 
05-04 19:54:21.085  3256  5014 D SSRM:a  : DeviceInfo:: 000000000000
05-04 19:54:21.085  3256  5014 D SSRM:a  : SettingsAirViewInfo:: 000000000
05-04 19:54:21.090  3256  3256 I ValidateNoPeople: skipping global notification
05-04 19:54:21.090  3256  3256 W NotificationService: Pray mode not found android.content.pm.PackageManager$NameNotFoundException: Application package com.sec.android.settings.praymodewidget not found
05-04 19:54:21.465  3256  5293 D CustomFrequencyManagerService: releaseDVFSLockLocked : Getting Lock type frm List : DVFS_MIN_LIMIT  frequency : 1700000  uid : 1000  pid : 3256  tag : com.sec.android.inputmethod@1
05-04 19:54:24.310  4053  4053 W ContextImpl: Calling a method in the system process without a qualified user: android.app.ContextImpl.sendBroadcast:1698 android.content.ContextWrapper.sendBroadcast:391 android.inputmethodservice.InputMethodService.sendInputViewShownState:424 android.inputmethodservice.InputMethodService.showWindow:2021 android.inputmethodservice.InputMethodService$InputMethodImpl.showSoftInput:648 
05-04 19:54:24.310  3256  5014 D SSRM:a  : DeviceInfo:: 000000000000
05-04 19:54:24.310  3256  5014 D SSRM:a  : SettingsAirViewInfo:: 000000000
05-04 19:54:24.310  4053 23342 W ContextImpl: Calling a method in the system process without a qualified user: android.app.ContextImpl.sendBroadcast:1698 android.content.ContextWrapper.sendBroadcast:391 android.inputmethodservice.InputMethodService$4.run:3277 java.lang.Thread.run:818 <bottom of call stack> 
05-04 19:54:24.320  3256  3256 I ValidateNoPeople: skipping global notification
05-04 19:54:24.320  3256  3256 W NotificationService: Pray mode not found android.content.pm.PackageManager$NameNotFoundException: Application package com.sec.android.settings.praymodewidget not found
05-04 19:54:26.545  3256  3328 D PowerManagerService: [api] userActivityFromNative : 4110 (event: 1 flags: 0) eventTime = 28555250
05-04 19:54:29.700  3256  3739 D BatteryService: !@BatteryListener : batteryPropertiesChanged!
05-04 19:54:29.700  3256  3739 D BatteryService: level:60, scale:100, status:3, health:2, present:true, voltage: 3894, temperature: 383, technology: Li-ion, AC powered:false, USB powered:true, POGO powered:false, Wireless powered:false, icon:17303382, invalid charger:0
05-04 19:54:29.700  3256  3739 D BatteryService: online:4, current avg:108, charge type:2, power sharing:false, high voltage charger:false, capacity:280000, current_now:109
05-04 19:54:29.700  3256  3256 D BatteryService: Sending ACTION_BATTERY_CHANGED.
05-04 19:54:29.710  3672  3672 V EmergencyMode: [EmergencyStateReceiver] onReceive : android.intent.action.BATTERY_CHANGED
05-04 19:54:29.710  3672  3672 V EmergencyMode: [EmergencyStateReceiver] ACTION_BATTERY_CHANGED mBatteryLevelForLogging = 60
05-04 19:54:29.730  3421  3421 D BatteryMeterView: ACTION_BATTERY_CHANGED : level:60 status:3 health:2
05-04 19:54:29.730  3421  3421 D BatteryMeterView: ACTION_BATTERY_CHANGED : level:60 status:3 health:2
05-04 19:54:29.730  3421  3421 D BatteryMeterView: ACTION_BATTERY_CHANGED : level:60 status:3 health:2
05-04 19:54:30.765  3256  5014 D SSRM:n  : SIOP:: AP = 480, PST = 475 (W:20), CUR = 108, LCD = 147
05-04 19:54:31.295  4053  4053 W ContextImpl: Calling a method in the system process without a qualified user: android.app.ContextImpl.sendBroadcast:1698 android.content.ContextWrapper.sendBroadcast:391 com.ime.framework.common.InputManagerImpl.sendBroadcaseSIPShown:9947 com.ime.framework.common.InputManagerImpl.startInputView:3692 com.sec.android.inputmethod.SamsungKeypad.onStartInputView:445 
05-04 19:54:31.295  4053  4053 W ContextImpl: Calling a method in the system process without a qualified user: android.app.ContextImpl.sendBroadcast:1698 android.content.ContextWrapper.sendBroadcast:391 android.inputmethodservice.InputMethodService.sendInputViewShownState:424 android.inputmethodservice.InputMethodService.showWindow:2021 android.inputmethodservice.InputMethodService$InputMethodImpl.showSoftInput:648 
05-04 19:54:31.300  4053 23348 W ContextImpl: Calling a method in the system process without a qualified user: android.app.ContextImpl.sendBroadcast:1698 android.content.ContextWrapper.sendBroadcast:391 android.inputmethodservice.InputMethodService$4.run:3277 java.lang.Thread.run:818 <bottom of call stack> 
05-04 19:54:31.300  3256  5014 D SSRM:a  : DeviceInfo:: 000000000000
05-04 19:54:31.300  3256  5014 D SSRM:a  : SettingsAirViewInfo:: 000000000
05-04 19:54:31.305  3256  3256 I ValidateNoPeople: skipping global notification
05-04 19:54:31.305  4053  4053 W ContextImpl: Calling a method in the system process without a qualified user: android.app.ContextImpl.sendBroadcast:1698 android.content.ContextWrapper.sendBroadcast:391 android.inputmethodservice.InputMethodService.sendInputViewShownState:424 android.inputmethodservice.InputMethodService.showWindow:2021 android.inputmethodservice.InputMethodService$InputMethodImpl.showSoftInput:648 
05-04 19:54:31.310  4053 23350 W ContextImpl: Calling a method in the system process without a qualified user: android.app.ContextImpl.sendBroadcast:1698 android.content.ContextWrapper.sendBroadcast:391 android.inputmethodservice.InputMethodService$4.run:3277 java.lang.Thread.run:818 <bottom of call stack> 
05-04 19:54:31.310  3256  3256 W NotificationService: Pray mode not found android.content.pm.PackageManager$NameNotFoundException: Application package com.sec.android.settings.praymodewidget not found
05-04 19:54:31.315  3256  5014 D SSRM:a  : DeviceInfo:: 000000000000
05-04 19:54:31.315  3256  5014 D SSRM:a  : SettingsAirViewInfo:: 000000000
05-04 19:54:31.315  3256  3256 I ValidateNoPeople: skipping global notification
05-04 19:54:31.320  3256  3256 W NotificationService: Pray mode not found android.content.pm.PackageManager$NameNotFoundException: Application package com.sec.android.settings.praymodewidget not found
05-04 19:54:33.080  3256  3327 V AlarmManager: waitForAlarm result :4
05-04 19:54:34.230  3256  3739 V VibratorService: hasVibrator - useVibetonz: false
05-04 19:54:34.230  4053  4053 W ContextImpl: Calling a method in the system process without a qualified user: android.app.ContextImpl.sendBroadcast:1698 android.content.ContextWrapper.sendBroadcast:391 android.inputmethodservice.InputMethodService.sendInputViewShownState:424 android.inputmethodservice.InputMethodService.showWindow:2021 android.inputmethodservice.InputMethodService$InputMethodImpl.showSoftInput:648 
05-04 19:54:34.235  3256  5014 D SSRM:a  : DeviceInfo:: 000000000000
05-04 19:54:34.235  3256  5014 D SSRM:a  : SettingsAirViewInfo:: 000000000
05-04 19:54:34.235  4053 23351 W ContextImpl: Calling a method in the system process without a qualified user: android.app.ContextImpl.sendBroadcast:1698 android.content.ContextWrapper.sendBroadcast:391 android.inputmethodservice.InputMethodService$4.run:3277 java.lang.Thread.run:818 <bottom of call stack> 
05-04 19:54:34.240  3256  3256 I ValidateNoPeople: skipping global notification
05-04 19:54:34.245  3256  3256 W NotificationService: Pray mode not found android.content.pm.PackageManager$NameNotFoundException: Application package com.sec.android.settings.praymodewidget not found
05-04 19:54:34.970  3256  6937 D ActivityManager: retrieveServiceLocked(): component = null; callingUser = 0; userId(target) = 0
05-04 19:54:34.985  3256  3585 D ActivityManager: retrieveServiceLocked(): component = null; callingUser = 0; userId(target) = 0
05-04 19:54:34.985  3256  3269 D ActivityManager: retrieveServiceLocked(): component = null; callingUser = 0; userId(target) = 0
05-04 19:54:35.270  3256  5293 D ActivityManager: retrieveServiceLocked(): component = null; callingUser = 0; userId(target) = 0
05-04 19:54:36.505  3256  3585 D ActivityManager: retrieveServiceLocked(): component = null; callingUser = 0; userId(target) = 0
05-04 19:54:37.360  3256  3328 D PowerManagerService: [api] userActivityFromNative : 4120 (event: 2 flags: 0) eventTime = 28566067
05-04 19:54:38.350  3256  3526 D MultiWindowConverter: dismissGuide() : Before attaching the guide view, mForceDismissGuide : false
05-04 19:54:38.350  3256  3291 D StatusBarManagerService: manageDisableList userId=0 what=0x0 pkg=WindowManager.LayoutParams
05-04 19:54:39.580  3256  7219 D ActivityManager: retrieveServiceLocked(): component = null; callingUser = 0; userId(target) = 0
05-04 19:54:39.705  3256  3739 D BatteryService: !@BatteryListener : batteryPropertiesChanged!
05-04 19:54:39.705  3256  3739 D BatteryService: level:60, scale:100, status:3, health:2, present:true, voltage: 3894, temperature: 382, technology: Li-ion, AC powered:false, USB powered:true, POGO powered:false, Wireless powered:false, icon:17303382, invalid charger:0
05-04 19:54:39.705  3256  3739 D BatteryService: online:4, current avg:-34, charge type:2, power sharing:false, high voltage charger:false, capacity:280000, current_now:-35
05-04 19:54:39.705  3256  3256 D BatteryService: Sending ACTION_BATTERY_CHANGED.
05-04 19:54:39.715  3672  3672 V EmergencyMode: [EmergencyStateReceiver] onReceive : android.intent.action.BATTERY_CHANGED
05-04 19:54:39.715  3672  3672 V EmergencyMode: [EmergencyStateReceiver] ACTION_BATTERY_CHANGED mBatteryLevelForLogging = 60
05-04 19:54:39.730  3421  3421 D BatteryMeterView: ACTION_BATTERY_CHANGED : level:60 status:3 health:2
05-04 19:54:39.730  3421  3421 D BatteryMeterView: ACTION_BATTERY_CHANGED : level:60 status:3 health:2
05-04 19:54:39.730  3421  3421 D BatteryMeterView: ACTION_BATTERY_CHANGED : level:60 status:3 health:2
05-04 19:54:40.770  3256  5014 D SSRM:n  : SIOP:: AP = 470, PST = 476 (W:20), CUR = -34, LCD = 147
05-04 19:54:41.160  3256  5293 D MultiWindowConverter: dismissGuide() : Before attaching the guide view, mForceDismissGuide : false
05-04 19:54:41.165  3256  3291 D StatusBarManagerService: manageDisableList userId=0 what=0x0 pkg=WindowManager.LayoutParams
05-04 19:54:41.195  3256  6911 D CustomFrequencyManagerService: acquireDVFSLockLocked : type : DVFS_MIN_LIMIT  frequency : 1800000  uid : 1000  pid : 3256  pkgName : ACTIVITY_RESUME_BOOSTER@2
05-04 19:54:41.200  3256  6911 W ActivityManager: mDVFSHelper.acquire()
05-04 19:54:41.200  3256  6911 W ActivityManager: startActivity called from finishing ActivityRecord{26fe0086 u0 com.icrealtime.allie/.ui.activities.AuthActivity t711 f}; forcing Intent.FLAG_ACTIVITY_NEW_TASK for: Intent { flg=0x4000000 cmp=com.icrealtime.allie/.ui.activities.MainActivity (has extras) }
05-04 19:54:41.200  3256  6911 D MultiWindowConverter: dismissGuide() : Before attaching the guide view, mForceDismissGuide : false
05-04 19:54:41.200  3256  7218 W InputMethodManagerService: Window already focused, ignoring focus gain of: com.android.internal.view.IInputMethodClient$Stub$Proxy@6cf12c3 attribute=null, token = android.os.BinderProxy@1e9c66e3
05-04 19:54:41.225  3256  3269 D PowerManagerService: [api] acquire WakeLock flags=0x2000000a tag=WindowManager uid=1000 pid=3256
05-04 19:54:41.230  3256  5293 W ActivityManager: Permission Denial: getCurrentUser() from pid=23086, uid=10360 requires android.permission.INTERACT_ACROSS_USERS
05-04 19:54:41.235  3256  3524 D ActivityManager: startService callerProcessName:com.icrealtime.allie, calleePkgName: com.icrealtime.allie
05-04 19:54:41.235  3256  3524 D ActivityManager: retrieveServiceLocked(): component = com.icrealtime.allie/com.icrealtime.allie.service.BackgroundService; callingUser = 0; userId(target) = 0
05-04 19:54:41.310  3256  7219 D ActivityManager: bindService callerProcessName:com.icrealtime.allie, calleePkgName: com.icrealtime.allie, action: null
05-04 19:54:41.310  3256  7219 D ActivityManager: retrieveServiceLocked(): component = com.icrealtime.allie/com.icrealtime.allie.service.BackgroundService; callingUser = 0; userId(target) = 0
05-04 19:54:41.325  3256  3256 D PersonaManagerService: getPersonasForUser(): returning null!
05-04 19:54:41.350  3256  7218 D MultiWindowConverter: dismissGuide() : Before attaching the guide view, mForceDismissGuide : false
05-04 19:54:41.350  3256  3291 D StatusBarManagerService: manageDisableList userId=0 what=0x0 pkg=WindowManager.LayoutParams
05-04 19:54:41.350  3256  3291 D StatusBarManagerService: manageDisableList userId=0 what=0x0 pkg=WindowManager.LayoutParams
05-04 19:54:41.400  3256 23360 W ContextImpl: Calling a method in the system process without a qualified user: android.app.ContextImpl.sendBroadcast:1698 com.android.server.InputMethodManagerService$6.run:2786 java.lang.Thread.run:818 <bottom of call stack> <bottom of call stack> 
05-04 19:54:41.410  3256  3723 I MultiPhoneWindowManager: Changed -> mCurrentInputMethodTarget : null
05-04 19:54:41.415  3256  3256 D LightsService: [api] [SvcLED] turnOff:: id = 4 (uid: 1000 pid: 3256) 
05-04 19:54:41.415  3256  3256 D LightsService: [SvcLED] setSvcLedStateLocked:: SvcLEDState : 0x0 -> 0x0 | SvcLED(id=4) set Off
05-04 19:54:41.415  3256  3307 D LightsService: [SvcLED] Lux failed to be updated in 0ms. -> handleForcedSvcLEDTasK
05-04 19:54:41.415  3256  3307 D LightsService: [SvcLED]  setSvcLedLightLocked :: Current SvcLED(id=3) maintains its priority right
05-04 19:54:41.415  4053  4053 W ContextImpl: Calling a method in the system process without a qualified user: android.app.ContextImpl.sendBroadcast:1698 android.content.ContextWrapper.sendBroadcast:391 android.inputmethodservice.InputMethodService.sendInputViewShownState:424 android.inputmethodservice.InputMethodService.hideWindow:2193 android.inputmethodservice.InputMethodService.doHideWindow:2171 
05-04 19:54:41.415  4053 23361 W ContextImpl: Calling a method in the system process without a qualified user: android.app.ContextImpl.sendBroadcast:1698 android.content.ContextWrapper.sendBroadcast:391 android.inputmethodservice.InputMethodService$4.run:3277 java.lang.Thread.run:818 <bottom of call stack> 
05-04 19:54:41.415  3256  5014 D SSRM:a  : DeviceInfo:: 000000000000
05-04 19:54:41.415  3256  5014 D SSRM:a  : SettingsAirViewInfo:: 000000000
05-04 19:54:41.685  3256  3293 D CustomFrequencyManagerService: releaseDVFSLockLocked : Getting Lock type frm List : DVFS_MIN_LIMIT  frequency : 1800000  uid : 1000  pid : 3256  tag : ACTIVITY_RESUME_BOOSTER@2
05-04 19:54:41.685  3256  3293 W ActivityManager: mDVFSHelper.release()
05-04 19:54:41.685  3256  3287 D CustomFrequencyManagerService: acquireDVFSLockLocked : type : DVFS_MIN_LIMIT  frequency : 1800000  uid : 1000  pid : 3256  pkgName : ACTIVITY_RESUME_BOOSTER@6
05-04 19:54:41.990  3256  3256 D CustomFrequencyManagerService: releaseDVFSLockLocked : Getting Lock type frm List : DVFS_MIN_LIMIT  frequency : 1800000  uid : 1000  pid : 3256  tag : ACTIVITY_RESUME_BOOSTER@6
05-04 19:54:43.200  3256  7218 D PowerManagerService: [api] [s] userActivity : event: 0 flags: 0 (uid: 1000 pid: 3256) eventTime = 28571908
05-04 19:54:43.200  3256  7218 D PowerManagerService: [api] release WakeLock flags=0x2000000a tag=WindowManager uid=1000 pid=3256 (0x0)
05-04 19:54:43.200  3256  7218 D PowerManagerService: [api] applyWakeLockFlagsOnReleaseLocked : userActivityNoUpdateLocked is called : SCREEN_BRIGHT_WAKE_LOCK        'WindowManager' ON_AFTER_RELEASE (uid=1000, pid=3256, ws=WorkSource{10360}) (elapsedTime=1976)
05-04 19:54:45.645  3256  3566 E Watchdog: !@Sync 952 [05-04 19:54:45.650]
05-04 19:54:47.535  3256 23364 W ContextImpl: Calling a method in the system process without a qualified user: android.app.ContextImpl.sendBroadcast:1698 com.android.server.InputMethodManagerService$6.run:2786 java.lang.Thread.run:818 <bottom of call stack> <bottom of call stack> 
05-04 19:54:47.585  3256  5293 D MotionRecognitionService:  ssp status : false
05-04 19:54:49.720  3256  6922 D BatteryService: !@BatteryListener : batteryPropertiesChanged!
05-04 19:54:49.720  3256  6922 D BatteryService: level:60, scale:100, status:3, health:2, present:true, voltage: 3855, temperature: 383, technology: Li-ion, AC powered:false, USB powered:true, POGO powered:false, Wireless powered:false, icon:17303382, invalid charger:0
05-04 19:54:49.720  3256  6922 D BatteryService: online:4, current avg:-62, charge type:2, power sharing:false, high voltage charger:false, capacity:280000, current_now:-62
05-04 19:54:49.720  3256  3256 D BatteryService: Sending ACTION_BATTERY_CHANGED.
05-04 19:54:49.730  3672  3672 V EmergencyMode: [EmergencyStateReceiver] onReceive : android.intent.action.BATTERY_CHANGED
05-04 19:54:49.730  3672  3672 V EmergencyMode: [EmergencyStateReceiver] ACTION_BATTERY_CHANGED mBatteryLevelForLogging = 60
05-04 19:54:49.740  3421  3421 D BatteryMeterView: ACTION_BATTERY_CHANGED : level:60 status:3 health:2
05-04 19:54:49.740  3421  3421 D BatteryMeterView: ACTION_BATTERY_CHANGED : level:60 status:3 health:2
05-04 19:54:49.740  3421  3421 D BatteryMeterView: ACTION_BATTERY_CHANGED : level:60 status:3 health:2
05-04 19:54:50.780  3256  5014 D SSRM:n  : SIOP:: AP = 470, PST = 477 (W:20), CUR = -62, LCD = 147
05-04 19:54:51.060  3256  6922 D ActivityManager: bindService callerProcessName:android, calleePkgName: com.sec.android.inputmethod, action: android.view.InputMethod
05-04 19:54:51.060  3256  6922 D ActivityManager: retrieveServiceLocked(): component = com.sec.android.inputmethod/com.sec.android.inputmethod.SamsungKeypad; callingUser = 0; userId(target) = 0
05-04 19:54:51.065  3256  6922 I MultiPhoneWindowManager: Changed -> mCurrentInputMethodTarget : Window{197ca135 u0 com.icrealtime.allie/com.icrealtime.allie.ui.activities.MainActivity}
05-04 19:54:51.065  3256  5293 D CustomFrequencyManagerService: acquireDVFSLockLocked : type : DVFS_MIN_LIMIT  frequency : 1700000  uid : 1000  pid : 3256  pkgName : com.sec.android.inputmethod@1
05-04 19:54:51.065  3256  3723 V VibratorService: hasVibrator - useVibetonz: false
05-04 19:54:51.155  4053  4053 W ContextImpl: Calling a method in the system process without a qualified user: android.app.ContextImpl.sendBroadcast:1698 android.content.ContextWrapper.sendBroadcast:391 com.ime.framework.common.InputManagerImpl.sendBroadcaseSIPShown:9947 com.ime.framework.common.InputManagerImpl.startInputView:3692 com.sec.android.inputmethod.SamsungKeypad.onStartInputView:445 
05-04 19:54:51.155  4053  4053 W ContextImpl: Calling a method in the system process without a qualified user: android.app.ContextImpl.sendBroadcast:1698 android.content.ContextWrapper.sendBroadcast:391 android.inputmethodservice.InputMethodService.sendInputViewShownState:424 android.inputmethodservice.InputMethodService.showWindow:2021 android.inputmethodservice.InputMethodService$InputMethodImpl.showSoftInput:648 
