03-25 13:48:25.372   925  1019 D QcConnectivityService: Sampling interval elapsed, updating statistics ..
03-25 13:48:25.392   925  1019 D QcConnectivityService: Done.
03-25 13:48:25.392   925  1019 D QcConnectivityService: Setting timer for 720seconds
03-25 13:50:21.022   925  1019 D QcConnectivityService: tryFailover: set mActiveDefaultNetwork=-1, prevNetType=1
03-25 13:50:21.022   925  1019 D QcConnectivityService: Attempting to switch to BLUETOOTH_TETHER
03-25 13:50:21.112   925  1019 D QcConnectivityService: resetConnections(wlan0, 3)
03-25 13:50:21.312   925  1019 D Nat464Xlat: requiresClat: netType=1, hasIPv4Address=false
03-25 13:50:24.312   925  1110 D QcConnectivityService: setProvNotificationVisible: E visible=false networkType=1 extraInfo=null url=null
03-25 13:50:25.042   925  1019 D QcConnectivityService: Captive portal check NetworkInfo: type: WIFI[], state: CONNECTING/CAPTIVE_PORTAL_CHECK, reason: (unspecified), extra: "1503-5G", roaming: false, failover: false, isAvailable: true, isConnectedToProvisioningNetwork: false
03-25 13:50:25.042   925  1019 D QcConnectivityService: handleCaptivePortalTrackerCheck: call captivePortalCheckComplete ni=NetworkInfo: type: WIFI[], state: CONNECTING/CAPTIVE_PORTAL_CHECK, reason: (unspecified), extra: "1503-5G", roaming: false, failover: false, isAvailable: true, isConnectedToProvisioningNetwork: false
03-25 13:50:25.042   925  1019 D QcConnectivityService: handleInetConditionChange: no active default network - ignore
03-25 13:50:25.052   925  1019 E QcConnectivityService: Unexpected mtu value: android.net.wifi.WifiStateTracker@41c2cc80
03-25 13:50:25.192   925  1019 D Nat464Xlat: requiresClat: netType=1, hasIPv4Address=true
03-25 13:50:26.552   925  1019 D QcConnectivityService: handleConnectivityChange: addresses changed linkProperty[1]: resetMask=0
03-25 13:50:26.552   925  1019 D QcConnectivityService:    car=removed=[] added=[fe80::ce1b:e0ff:fe60:dc7/64,]
03-25 13:50:26.552   925  1019 E QcConnectivityService: Exception while trying to add src route: java.lang.NullPointerException
03-25 13:50:26.552   925  1019 D Nat464Xlat: requiresClat: netType=1, hasIPv4Address=true
03-25 13:50:38.212   925  1110 D QcConnectivityService: setProvNotificationVisible: E visible=false networkType=1 extraInfo=null url=null
03-25 13:50:38.312   925  1110 D QcConnectivityService: captivePortalCheckCompleted: ni=NetworkInfo: type: WIFI[], state: CONNECTED/CONNECTED, reason: (unspecified), extra: "1503-5G", roaming: false, failover: false, isAvailable: true, isConnectedToProvisioningNetwork: false captive=false
03-25 13:50:56.702   925  1207 W ActivityManager: Invalid packageName: com.splinex.streaming/.TwoCamActivity
03-25 13:50:57.742   925  1186 I ActivityManager: Force stopping com.splinex.streaming appid=10016 user=0: clear data
03-25 13:50:57.742   925  1186 I ActivityManager: Killing 2022:com.splinex.streaming/u0a16 (adj 0): stop com.splinex.streaming
03-25 13:50:57.752   925  1186 W ActivityManager: Force removing ActivityRecord{41e41430 u0 com.splinex.streaming/.TwoCamActivity t3}: app died, no saved state
03-25 13:50:57.762   925  1186 I ActivityManager:   Force stopping service ServiceRecord{41cb7d20 u0 com.splinex.streaming/com.splinex.audio.receiver.PlaybackService}
03-25 13:50:57.802   925  1186 I ActivityManager: Config changes=480 {1.0 ?mcc?mnc en_US ldltr sw360dp w360dp h615dp 320dpi nrml long port -touch -keyb/v/h -nav/h s.8}
03-25 13:50:57.832   925  1186 W WindowManager: Rebuild removed 2 windows but added 1
03-25 13:50:57.832   925  1186 W WindowManager: java.lang.RuntimeException: here
03-25 13:50:57.832   925  1186 W WindowManager: 	at com.android.server.wm.WindowManagerService.rebuildAppWindowListLocked(WindowManagerService.java:8026)
03-25 13:50:57.832   925  1186 W WindowManager: 	at com.android.server.wm.WindowManagerService.rebuildAppWindowListLocked(WindowManagerService.java:7962)
03-25 13:50:57.832   925  1186 W WindowManager: 	at com.android.server.wm.WindowManagerService.handleAppTransitionReadyLocked(WindowManagerService.java:8445)
03-25 13:50:57.832   925  1186 W WindowManager: 	at com.android.server.wm.WindowManagerService.performLayoutAndPlaceSurfacesLockedInner(WindowManagerService.java:9208)
03-25 13:50:57.832   925  1186 W WindowManager: 	at com.android.server.wm.WindowManagerService.performLayoutAndPlaceSurfacesLockedLoop(WindowManagerService.java:8178)
03-25 13:50:57.832   925  1186 W WindowManager: 	at com.android.server.wm.WindowManagerService.performLayoutAndPlaceSurfacesLocked(WindowManagerService.java:8120)
03-25 13:50:57.832   925  1186 W WindowManager: 	at com.android.server.wm.WindowManagerService.setNewConfiguration(WindowManagerService.java:3715)
03-25 13:50:57.832   925  1186 W WindowManager: 	at com.android.server.am.ActivityManagerService.updateConfigurationLocked(ActivityManagerService.java:14203)
03-25 13:50:57.832   925  1186 W WindowManager: 	at com.android.server.am.ActivityStack.resumeTopActivityLocked(ActivityStack.java:1546)
03-25 13:50:57.832   925  1186 W WindowManager: 	at com.android.server.am.ActivityStackSupervisor.resumeTopActivitiesLocked(ActivityStackSupervisor.java:2027)
03-25 13:50:57.832   925  1186 W WindowManager: 	at com.android.server.am.ActivityStackSupervisor.resumeTopActivitiesLocked(ActivityStackSupervisor.java:2014)
03-25 13:50:57.832   925  1186 W WindowManager: 	at com.android.server.am.ActivityManagerService.forceStopPackageLocked(ActivityManagerService.java:4772)
03-25 13:50:57.832   925  1186 W WindowManager: 	at com.android.server.am.ActivityManagerService.forceStopPackageLocked(ActivityManagerService.java:4518)
03-25 13:50:57.832   925  1186 W WindowManager: 	at com.android.server.am.ActivityManagerService.clearApplicationUserData(ActivityManagerService.java:4198)
03-25 13:50:57.832   925  1186 W WindowManager: 	at android.app.ActivityManagerNative.onTransact(ActivityManagerNative.java:1115)
03-25 13:50:57.832   925  1186 W WindowManager: 	at com.android.server.am.ActivityManagerService.onTransact(ActivityManagerService.java:2076)
03-25 13:50:57.832   925  1186 W WindowManager: 	at android.os.Binder.execTransact(Binder.java:404)
03-25 13:50:57.832   925  1186 W WindowManager: 	at dalvik.system.NativeStart.run(Native Method)
03-25 13:50:57.842   925  1186 W WindowManager: This window was lost: Window{41967808 u0 com.splinex.streaming/com.splinex.streaming.TwoCamActivity}
03-25 13:50:57.842   925  1186 W WindowManager: mDisplayId=0 mSession=Session{41979a18 2022:u0a10016} mClient=android.os.BinderProxy@4193a398
03-25 13:50:57.842   925  1186 W WindowManager: mOwnerUid=10016 mShowToOwnerOnly=true package=com.splinex.streaming appop=NONE
03-25 13:50:57.842   925  1186 W WindowManager: mAttrs=WM.LayoutParams{(0,0)(fillxfill) sim=#20 ty=1 fl=#1810580 pfl=0x8 fmt=-3 wanim=0x10302f5}
03-25 13:50:57.842   925  1186 W WindowManager: Requested w=1280 h=720 mLayoutSeq=548
03-25 13:50:57.842   925  1186 W WindowManager: mBaseLayer=21000 mSubLayer=0 mAnimLayer=21010+0=21010 mLastLayer=21010
03-25 13:50:57.842   925  1186 W WindowManager: mToken=AppWindowToken{41aa93b8 token=Token{41d576c8 ActivityRecord{41e41430 u0 com.splinex.streaming/.TwoCamActivity t3}}}
03-25 13:50:57.842   925  1186 W WindowManager: mRootToken=AppWindowToken{41aa93b8 token=Token{41d576c8 ActivityRecord{41e41430 u0 com.splinex.streaming/.TwoCamActivity t3}}}
03-25 13:50:57.842   925  1186 W WindowManager: mAppToken=AppWindowToken{41aa93b8 token=Token{41d576c8 ActivityRecord{41e41430 u0 com.splinex.streaming/.TwoCamActivity t3}}}
03-25 13:50:57.842   925  1186 W WindowManager: mViewVisibility=0x0 mHaveFrame=true mObscured=false
03-25 13:50:57.842   925  1186 W WindowManager: mSeq=0 mSystemUiVisibility=0x0
03-25 13:50:57.842   925  1186 W WindowManager: mGivenContentInsets=[0,0][0,0] mGivenVisibleInsets=[0,0][0,0]
03-25 13:50:57.842   925  1186 W WindowManager: mConfiguration={1.0 ?mcc?mnc en_US ldltr sw360dp w640dp h335dp 320dpi nrml long land -touch -keyb/v/h -nav/h s.7}
03-25 13:50:57.842   925  1186 W WindowManager: mHasSurface=true mShownFrame=[0.0,0.0][1280.0,720.0] isReadyForDisplay()=false
03-25 13:50:57.842   925  1186 W WindowManager: mFrame=[0,0][1280,720] last=[0,0][1280,720]
03-25 13:50:57.842   925  1186 W WindowManager: mSystemDecorRect=[0,0][1280,720] last=[0,0][1280,720]
03-25 13:50:57.842   925  1186 W WindowManager: Frames: containing=[0,0][1280,720] parent=[0,0][1280,720]
03-25 13:50:57.842   925  1186 W WindowManager:     display=[0,0][1280,720] overscan=[0,0][1280,720]
03-25 13:50:57.842   925  1186 W WindowManager:     content=[0,0][1280,720] visible=[0,0][1280,720]
03-25 13:50:57.842   925  1186 W WindowManager:     decor=[0,0][1280,720]
03-25 13:50:57.842   925  1186 W WindowManager: Cur insets: overscan=[0,0][0,0] content=[0,0][0,0] visible=[0,0][0,0]
03-25 13:50:57.842   925  1186 W WindowManager: Lst insets: overscan=[0,0][0,0] content=[0,0][0,0] visible=[0,0][0,0]
03-25 13:50:57.842   925  1186 W WindowManager: WindowStateAnimator{41968bc0 com.splinex.streaming/com.splinex.streaming.TwoCamActivity}:
03-25 13:50:57.842   925  1186 W WindowManager:   mSurface=Surface(name=com.splinex.streaming/com.splinex.streaming.TwoCamActivity)
03-25 13:50:57.842   925  1186 W WindowManager:   mDrawState=HAS_DRAWN mLastHidden=true
03-25 13:50:57.842   925  1186 W WindowManager:   Surface: shown=false layer=21010 alpha=1.0 rect=(0.0,0.0) 1280.0 x 720.0
03-25 13:50:57.842   925  1186 W WindowManager: Current app token list:
03-25 13:50:57.842   925  1186 V WindowManager:   Display 0
03-25 13:50:57.842   925  1186 V WindowManager:   #0: Token{41c1c7c0 ActivityRecord{41937138 u0 com.android.launcher/com.android.launcher2.Launcher t1}}
03-25 13:50:57.842   925  1186 W WindowManager: Final window list:
03-25 13:50:57.842   925  1186 V WindowManager:   #0: Window{41981b18 u0 StatusBar}
03-25 13:50:57.842   925  1186 V WindowManager:   #1: Window{41c8e0e8 u0 KeyguardScrim}
03-25 13:50:57.842   925  1186 V WindowManager:   #2: Window{41bed360 u0 com.android.launcher/com.android.launcher2.Launcher}
03-25 13:50:57.842   925  1186 V WindowManager:   #3: Window{419d0188 u0 com.android.systemui.ImageWallpaper}
03-25 13:50:57.862   925  1226 I ActivityManager: Killing 1900:com.qualcomm.fastdormancy/u0a68 (adj 15): empty for 4519s
03-25 13:50:57.872   925   958 E AndroidRuntime: *** FATAL EXCEPTION IN SYSTEM PROCESS: PackageManager
03-25 13:50:57.872   925   958 E AndroidRuntime: java.lang.NullPointerException
03-25 13:50:57.872   925   958 E AndroidRuntime: 	at android.security.KeyStore.clearUid(KeyStore.java:327)
03-25 13:50:57.872   925   958 E AndroidRuntime: 	at com.android.server.pm.PackageManagerService.removeKeystoreDataIfNeeded(PackageManagerService.java:9866)
03-25 13:50:57.872   925   958 E AndroidRuntime: 	at com.android.server.pm.PackageManagerService.clearApplicationUserDataLI(PackageManagerService.java:9846)
03-25 13:50:57.872   925   958 E AndroidRuntime: 	at com.android.server.pm.PackageManagerService.access$4300(PackageManagerService.java:182)
03-25 13:50:57.872   925   958 E AndroidRuntime: 	at com.android.server.pm.PackageManagerService$8.run(PackageManagerService.java:9781)
03-25 13:50:57.872   925   958 E AndroidRuntime: 	at android.os.Handler.handleCallback(Handler.java:765)
03-25 13:50:57.872   925   958 E AndroidRuntime: 	at android.os.Handler.dispatchMessage(Handler.java:95)
03-25 13:50:57.872   925   958 E AndroidRuntime: 	at android.os.Looper.loop(Looper.java:136)
03-25 13:50:57.872   925   958 E AndroidRuntime: 	at android.os.HandlerThread.run(HandlerThread.java:61)
03-25 13:50:57.892   925  1208 I WindowState: WIN DEATH: Window{41967808 u0 com.splinex.streaming/com.splinex.streaming.TwoCamActivity}
03-25 13:50:57.902   925  1227 W InputMethodManagerService: Got RemoteException sending setActive(false) notification to pid 2022 uid 10016
03-25 13:50:57.912   925  1958 I ActivityManager: Start proc com.android.documentsui for broadcast com.android.documentsui/.PackageReceiver: pid=10029 uid=10026 gids={50026}
03-25 13:50:58.012  1030  1345 E AndroidRuntime: FATAL EXCEPTION: AsyncTask #4
03-25 13:50:58.012  1030  1345 E AndroidRuntime: Process: com.android.systemui, PID: 1030
03-25 13:50:58.012  1030  1345 E AndroidRuntime: java.lang.RuntimeException: An error occured while executing doInBackground()
03-25 13:50:58.012  1030  1345 E AndroidRuntime: 	at android.os.AsyncTask$3.done(AsyncTask.java:300)
03-25 13:50:58.012  1030  1345 E AndroidRuntime: 	at java.util.concurrent.FutureTask.finishCompletion(FutureTask.java:355)
03-25 13:50:58.012  1030  1345 E AndroidRuntime: 	at java.util.concurrent.FutureTask.setException(FutureTask.java:222)
03-25 13:50:58.012  1030  1345 E AndroidRuntime: 	at java.util.concurrent.FutureTask.run(FutureTask.java:242)
03-25 13:50:58.012  1030  1345 E AndroidRuntime: 	at android.os.AsyncTask$SerialExecutor$1.run(AsyncTask.java:231)
03-25 13:50:58.012  1030  1345 E AndroidRuntime: 	at java.util.concurrent.ThreadPoolExecutor.runWorker(ThreadPoolExecutor.java:1112)
03-25 13:50:58.012  1030  1345 E AndroidRuntime: 	at java.util.concurrent.ThreadPoolExecutor$Worker.run(ThreadPoolExecutor.java:587)
03-25 13:50:58.012  1030  1345 E AndroidRuntime: 	at java.lang.Thread.run(Thread.java:841)
03-25 13:50:58.012  1030  1345 E AndroidRuntime: Caused by: java.lang.NullPointerException
03-25 13:50:58.012  1030  1345 E AndroidRuntime: 	at com.android.systemui.statusbar.phone.QuickSettings$2.doInBackground(QuickSettings.java:236)
03-25 13:50:58.012  1030  1345 E AndroidRuntime: 	at com.android.systemui.statusbar.phone.QuickSettings$2.doInBackground(QuickSettings.java:217)
03-25 13:50:58.012  1030  1345 E AndroidRuntime: 	at android.os.AsyncTask$2.call(AsyncTask.java:288)
03-25 13:50:58.012  1030  1345 E AndroidRuntime: 	at java.util.concurrent.FutureTask.run(FutureTask.java:237)
03-25 13:50:58.012  1030  1345 E AndroidRuntime: 	... 4 more
03-25 13:50:58.012  1030  1345 E AndroidRuntime: Error reporting crash
03-25 13:50:58.012  1030  1345 E AndroidRuntime: android.os.DeadObjectException
03-25 13:50:58.012  1030  1345 E AndroidRuntime: 	at android.os.BinderProxy.transact(Native Method)
03-25 13:50:58.012  1030  1345 E AndroidRuntime: 	at android.app.ActivityManagerProxy.handleApplicationCrash(ActivityManagerNative.java:3715)
03-25 13:50:58.012  1030  1345 E AndroidRuntime: 	at com.android.internal.os.RuntimeInit$UncaughtHandler.uncaughtException(RuntimeInit.java:84)
03-25 13:50:58.012  1030  1345 E AndroidRuntime: 	at java.lang.ThreadGroup.uncaughtException(ThreadGroup.java:693)
03-25 13:50:58.012  1030  1345 E AndroidRuntime: 	at java.lang.ThreadGroup.uncaughtException(ThreadGroup.java:690)
03-25 13:50:58.162   247   247 D EntSec  : [NQS   ] [MAIN       ] "Dealing with fd 11 BEGINS [0xbee85814]"
03-25 13:50:58.162   247   247 D EntSec  : [NQS   ] [QSB_SOURCE ] "The file descriptor 11 contained in the QsbSource openFds set"
03-25 13:50:58.162   247   247 E EntSec  : [NQS   ] [QSB_SOURCE ] "Socket 11 hung up, it is closed and removed"
03-25 13:50:58.162   247   247 E EntSec  : [NQS   ] [QSB_SOURCE ] "Failed to receive the message id from the QSB"
03-25 13:50:58.162   247   247 W EntSec  : [NQS   ] [ACK_DB     ] "EraseOutstandingAck: FD [11] was never marked as outstanding. Ignoring"
03-25 13:50:58.162   247   247 D EntSec  : [NQS   ] [MAIN       ] "Setting status to PENDING"
03-25 13:50:58.162   247   247 D EntSec  : [NQS   ] [MAIN       ] "Dealing with fd 11 has Ended [0xbee85814]"
03-25 13:50:58.292   247   247 D EntSec  : [NQS   ] [MAIN       ] "Dealing with fd 12 BEGINS [0xbee85814]"
03-25 13:50:58.292   247   247 D EntSec  : [NQS   ] [QSB_SOURCE ] "The file descriptor 12 contained in the QsbSource openFds set"
03-25 13:50:58.292   247   247 E EntSec  : [NQS   ] [QSB_SOURCE ] "Socket 12 hung up, it is closed and removed"
03-25 13:50:58.292   247   247 E EntSec  : [NQS   ] [QSB_SOURCE ] "Failed to receive the message id from the QSB"
03-25 13:50:58.292   247   247 W EntSec  : [NQS   ] [ACK_DB     ] "EraseOutstandingAck: FD [12] was never marked as outstanding. Ignoring"
03-25 13:50:58.292   247   247 D EntSec  : [NQS   ] [MAIN       ] "Setting status to PENDING"
03-25 13:50:58.292   247   247 D EntSec  : [NQS   ] [MAIN       ] "Dealing with fd 12 has Ended [0xbee85814]"
03-25 13:51:03.872 10330 10330 I SystemServer: Entered the Android system server!
03-25 13:51:03.902 10330 10330 I SystemServer: Waiting for installd to be ready.
03-25 13:51:03.902 10330 10330 I Installer: connecting...
03-25 13:51:03.902 10330 10352 I SystemServer: Enabled StrictMode logging for WM Looper
03-25 13:51:03.902 10330 10330 I SystemServer: Power Manager
03-25 13:51:03.902 10330 10330 I SystemServer: Activity Manager
03-25 13:51:03.912 10330 10353 I ActivityManager: Memory class: 96
03-25 13:51:04.082 10330 10357 I UiThread: Enabled StrictMode logging for UI thread
03-25 13:51:04.092 10330 10330 I IntentFirewall: Read new rules (A:0 B:0 S:0)
03-25 13:51:04.102 10330 10330 I SystemServer: Display Manager
03-25 13:51:04.102 10330 10353 I ActivityManager: Enabled StrictMode logging for AThread's Looper
03-25 13:51:04.102 10330 10330 I SystemServer: Telephony Registry
03-25 13:51:04.102 10330 10352 I DisplayManagerService: Display device added: DisplayDeviceInfo{"Built-in Screen": 720 x 1280, 60.0 fps, density 320, 160.421 x 160.157 dpi, touch INTERNAL, rotation 0, type BUILT_IN, FLAG_DEFAULT_DISPLAY, FLAG_ROTATES_WITH_CONTENT, FLAG_SECURE, FLAG_SUPPORTS_PROTECTED_BUFFERS}
03-25 13:51:04.112 10330 10330 I SystemServer: Scheduling Policy
03-25 13:51:04.112 10330 10330 I SystemServer: Package Manager
03-25 13:51:04.122   247   247 D EntSec  : [NQS   ] [MAIN       ] "Dealing with fd 9 BEGINS [0xbee85814]"
03-25 13:51:04.122   247   247 D EntSec  : [NQS   ] [QSB_SOURCE ] "The file descriptor 9 contained in the QsbSource openFds set"
03-25 13:51:04.122   247   247 D EntSec  : [NQS   ] [QSB_SOURCE ] " ---------------------------------------------------------------"
03-25 13:51:04.122   247   247 I EntSec  : [NQS   ] [QSB_SOURCE ] "Loading port -handling"
03-25 13:51:04.122   247   247 D EntSec  : [NQS   ] [ACK_DB     ] "Clearing OutstandingAck DB"
03-25 13:51:04.122   247   247 I EntSec  : [NQS   ] [QSB_SOURCE ] "According to TQS, need to load the default port. Sending a message to QSB"
03-25 13:51:04.122   247   247 I EntSec  : [NQS   ] [QSB_COMM   ] "send load default port command to a QSB."
03-25 13:51:04.122   247   247 I EntSec  : [NQS   ] [QSB_SOURCE ] "Message sent to the QSB; QSB will be initialized with the default port"
03-25 13:51:04.122   247   247 I EntSec  : [NQS   ] [QSB_SOURCE ] "Loading port mechanism - handling completed"
03-25 13:51:04.122   247   247 D EntSec  : [NQS   ] [QSB_SOURCE ] " ---------------------------------------------------------------"
03-25 13:51:04.122   247   247 D EntSec  : [NQS   ] [MAIN       ] "Dealing with fd 9 has Ended [0xbee85814]"
03-25 13:51:04.222 10330 10330 D SELinuxMMAC: Couldn't find install policy /data/security/mac_permissions.xml
03-25 13:51:04.222 10330 10330 D SELinuxMMAC: Using install policy file /system/etc/security/mac_permissions.xml
03-25 13:51:04.472 10330 10330 W PackageManager: Library not found: /system/framework/com.android.future.usb.accessory.jar
03-25 13:51:04.562 10330 10330 W PackageParser: No actions in intent filter at /system/priv-app/Contacts.apk Binary XML file line #375
03-25 13:51:04.582 10330 10330 W PackageParser: No actions in intent filter at /system/priv-app/Dialer.apk Binary XML file line #165
03-25 13:51:04.762 10330 10330 W PackageParser: No actions in intent filter at /system/app/BTTestApp.apk Binary XML file line #61
03-25 13:51:04.772 10330 10330 W PackageParser: No actions in intent filter at /system/app/Bluetooth.apk Binary XML file line #226
03-25 13:51:04.782 10330 10330 W PackageParser: Unknown element under <application>: uses-feature at /system/app/BluetoothExt.apk Binary XML file line #55
03-25 13:51:04.782 10330 10330 W PackageParser: No actions in intent filter at /system/app/BluetoothExt.apk Binary XML file line #82
03-25 13:51:04.782 10330 10330 W PackageParser: No actions in intent filter at /system/app/BluetoothExt.apk Binary XML file line #106
03-25 13:51:04.782 10330 10330 W PackageParser: No actions in intent filter at /system/app/BluetoothExt.apk Binary XML file line #130
03-25 13:51:04.782 10330 10330 W PackageParser: No actions in intent filter at /system/app/BluetoothExt.apk Binary XML file line #157
03-25 13:51:04.902 10330 10330 W PackageParser: Unknown element under <application>: permission at /system/app/Gallery2.apk Binary XML file line #248
03-25 13:51:04.902 10330 10330 W PackageParser: Unknown element under <application>: permission at /system/app/Gallery2.apk Binary XML file line #251
03-25 13:51:04.932 10330 10330 I PackageParser: com.qualcomm.interfacepermissions: compat added android.permission.WRITE_EXTERNAL_STORAGE android.permission.READ_PHONE_STATE
03-25 13:51:05.032 10330 10330 I PackageParser: com.qualcomm.qcom_qmi: compat added android.permission.WRITE_EXTERNAL_STORAGE android.permission.READ_PHONE_STATE
03-25 13:51:05.182 10330 10330 W PackageManager: Package com.android.gallery3d desires unavailable shared library com.google.android.media.effects; ignoring!
03-25 13:51:05.192 10330 10330 I PackageManager: Time to scan packages: 0.721 seconds
03-25 13:51:05.192 10330 10330 W PackageManager: Removing dangling permission: com.qualcomm.permission.READ_DHCP_INFO from package null
03-25 13:51:05.192 10330 10330 W PackageManager: Unknown permission android.permission.ADD_SYSTEM_SERVICE in package com.hip.cqa
03-25 13:51:05.192 10330 10330 W PackageManager: Unknown permission android.permission.RECORD_VIDEO in package com.hip.cqa
03-25 13:51:05.192 10330 10330 W PackageManager: Unknown permission anroid.permission.FLASHLIGHT in package com.hip.cqa
03-25 13:51:05.192 10330 10330 W PackageManager: Unknown permission android.permission.cts.DebuggableTest in package com.hip.cqa
03-25 13:51:05.192 10330 10330 W PackageManager: Unknown permission com.google.android.gallery3d.permission.GALLERY_PROVIDER in package com.android.bluetooth
03-25 13:51:05.192 10330 10330 W PackageManager: Unknown permission com.google.android.googleapps.permission.GOOGLE_AUTH in package com.android.providers.calendar
03-25 13:51:05.192 10330 10330 W PackageManager: Unknown permission com.google.android.googleapps.permission.GOOGLE_AUTH.cl in package com.android.providers.calendar
03-25 13:51:05.192 10330 10330 W PackageManager: Not granting permission android.permission.ACCESS_DOWNLOAD_MANAGER to package com.android.browser (protectionLevel=18 flags=0x9be45)
03-25 13:51:05.192 10330 10330 W PackageManager: Not granting permission android.permission.SEND_DOWNLOAD_COMPLETED_INTENTS to package com.android.browser (protectionLevel=2 flags=0x9be45)
03-25 13:51:05.192 10330 10330 W PackageManager: Not granting permission android.permission.BIND_WALLPAPER to package com.android.camera2 (protectionLevel=18 flags=0x58bc45)
03-25 13:51:05.192 10330 10330 W PackageManager: Not granting permission android.permission.WRITE_MEDIA_STORAGE to package com.android.camera2 (protectionLevel=18 flags=0x58bc45)
03-25 13:51:05.192 10330 10330 W PackageManager: Unknown permission android.permission.INSTALL_DRM in package com.android.mms
03-25 13:51:05.192 10330 10330 W PackageManager: Unknown permission com.google.android.gallery3d.permission.PICASA_STORE in package com.android.dreams.phototable
03-25 13:51:05.192 10330 10330 W PackageManager: Unknown permission com.google.android.googleapps.permission.GOOGLE_AUTH in package com.android.settings
03-25 13:51:05.202 10330 10330 W PackageManager: Not granting permission android.permission.DELETE_PACKAGES to package com.svox.pico (protectionLevel=18 flags=0x8be45)
03-25 13:51:05.202 10330 10330 W PackageManager: Unknown permission com.qualcomm.permission.ACCESS_LOCATION_API in package com.qualcomm.qct.dlt
03-25 13:51:05.202 10330 10330 W PackageManager: Unknown permission android.permission.SET_PROCESS_FOREGROUND in package com.qualcomm.logkit
03-25 13:51:05.202 10330 10330 W PackageManager: Unknown permission android.permission.MMS_PUSH in package org.codeaurora.bluetooth
03-25 13:51:05.202 10330 10330 W PackageManager: Unknown permission com.qualcomm.permission.ACCESS_LOCATION_API in package com.qualcomm.location
03-25 13:51:05.362 10330 10330 I SystemServer: Entropy Mixer
03-25 13:51:05.372 10330 10330 I EntropyMixer: Writing entropy...
03-25 13:51:05.382 10330 10330 I SystemServer: User Service
03-25 13:51:05.382 10330 10330 I SystemServer: Account Manager
03-25 13:51:05.392 10330 10330 I SystemServer: Content Manager
03-25 13:51:05.392 10330 10330 I SystemServer: System Content Providers
03-25 13:51:05.412 10330 10330 I SystemServer: Lights Service
03-25 13:51:05.412 10330 10330 I SystemServer: Battery Service
03-25 13:51:05.432 10330 10330 I SystemServer: Vibrator Service
03-25 13:51:05.432 10330 10330 I SystemServer: Consumer IR Service
03-25 13:51:05.442 10330 10330 I SystemServer: Alarm Manager
03-25 13:51:05.442 10330 10330 I SystemServer: Init Watchdog
03-25 13:51:05.442 10330 10330 I SystemServer: Input Manager
03-25 13:51:05.442 10330 10330 I InputManager: Initializing input manager, mUseDevInputEventForAudioJack=true
03-25 13:51:05.442 10330 10330 I SystemServer: Window Manager
03-25 13:51:05.452 10330 10352 I WindowManager: No existing display settings /data/system/display_settings.xml; starting empty
03-25 13:51:05.482 10330 10357 I WindowManager: No keyguard interface!
03-25 13:51:05.492 10330 10330 I InputManager: Starting input manager
03-25 13:51:05.492 10330 10330 I SystemServer: Bluetooth Manager Service
03-25 13:51:05.492 10330 10330 I SystemServer: Input Method Service
03-25 13:51:05.502 10330 10330 W InputMethodManagerService: Couldn't create dir.: /data/system/inputmethod
03-25 13:51:05.532 10330 10330 I SystemServer: Accessibility Manager
03-25 13:51:05.532 10330 10330 I ActivityManager: Config changes=1df8 {1.0 ?mcc?mnc en_US ldltr sw360dp w360dp h640dp 320dpi nrml long port ?uimode ?night -touch -keyb/v/h -nav/h s.2}
03-25 13:51:05.542 10330 10330 I ActivityManager: Config changes=400 {1.0 ?mcc?mnc en_US ldltr sw360dp w360dp h615dp 320dpi nrml long port ?uimode ?night -touch -keyb/v/h -nav/h s.3}
03-25 13:51:05.542 10330 10330 I SystemServer: Mount Service
03-25 13:51:05.542 10330 10330 D MountService: got storage path: /storage/sdcard0 description: Internal storage primary: true removable: false emulated: true mtpReserve: 100 allowMassStorage: false maxFileSize: 0
03-25 13:51:05.542 10330 10330 D MountService: addVolumeLocked() StorageVolume:
03-25 13:51:05.542 10330 10330 D MountService:     mStorageId=65537 mPath=/storage/emulated/0 mDescriptionId=17040669 
03-25 13:51:05.542 10330 10330 D MountService:     mPrimary=true mRemovable=false mEmulated=true mMtpReserveSpace=100 
03-25 13:51:05.542 10330 10330 D MountService:     mAllowMassStorage=false mMaxFileSize=0 mOwner=UserHandle{0} mUuid=null 
03-25 13:51:05.542 10330 10330 D MountService:     mUserLabel=null mState=null 
03-25 13:51:05.542 10330 10330 D MountService: got storage path: /storage/sdcard1 description: SD card primary: false removable: true emulated: false mtpReserve: 0 allowMassStorage: true maxFileSize: 0
03-25 13:51:05.542 10330 10330 D MountService: addVolumeLocked() StorageVolume:
03-25 13:51:05.542 10330 10330 D MountService:     mStorageId=0 mPath=/storage/sdcard1 mDescriptionId=17040670 mPrimary=false 
03-25 13:51:05.542 10330 10330 D MountService:     mRemovable=true mEmulated=false mMtpReserveSpace=0 mAllowMassStorage=true 
03-25 13:51:05.542 10330 10330 D MountService:     mMaxFileSize=0 mOwner=null mUuid=null mUserLabel=null mState=null 
03-25 13:51:05.542 10330 10330 D MountService: got storage path: /storage/uicc0 description: UICC storage primary: false removable: true emulated: false mtpReserve: 0 allowMassStorage: true maxFileSize: 0
03-25 13:51:05.542 10330 10330 D MountService: addVolumeLocked() StorageVolume:
03-25 13:51:05.542 10330 10330 D MountService:     mStorageId=0 mPath=/storage/uicc0 mDescriptionId=17040672 mPrimary=false 
03-25 13:51:05.542 10330 10330 D MountService:     mRemovable=true mEmulated=false mMtpReserveSpace=0 mAllowMassStorage=true 
03-25 13:51:05.542 10330 10330 D MountService:     mMaxFileSize=0 mOwner=null mUuid=null mUserLabel=null mState=null 
03-25 13:51:05.542 10330 10330 D MountService: got storage path: /storage/uicc1 description: UICC storage primary: false removable: true emulated: false mtpReserve: 0 allowMassStorage: false maxFileSize: 0
03-25 13:51:05.542 10330 10330 D MountService: addVolumeLocked() StorageVolume:
03-25 13:51:05.542 10330 10330 D MountService:     mStorageId=0 mPath=/storage/uicc1 mDescriptionId=17040672 mPrimary=false 
03-25 13:51:05.542 10330 10330 D MountService:     mRemovable=true mEmulated=false mMtpReserveSpace=0 mAllowMassStorage=false 
03-25 13:51:05.542 10330 10330 D MountService:     mMaxFileSize=0 mOwner=null mUuid=null mUserLabel=null mState=null 
03-25 13:51:05.542 10330 10330 D MountService: got storage path: /storage/usbotg description: USB storage primary: false removable: true emulated: false mtpReserve: 0 allowMassStorage: false maxFileSize: 0
03-25 13:51:05.542 10330 10330 D MountService: addVolumeLocked() StorageVolume:
03-25 13:51:05.542 10330 10330 D MountService:     mStorageId=0 mPath=/storage/usbotg mDescriptionId=17040671 mPrimary=false 
03-25 13:51:05.542 10330 10330 D MountService:     mRemovable=true mEmulated=false mMtpReserveSpace=0 mAllowMassStorage=false 
03-25 13:51:05.542 10330 10330 D MountService:     mMaxFileSize=0 mOwner=null mUuid=null mUserLabel=null mState=null 
03-25 13:51:05.552 10330 10330 I SystemServer: LockSettingsService
03-25 13:51:05.552 10330 10330 I SystemServer: Device Policy
03-25 13:51:05.552 10330 10330 I SystemServer: Status Bar
03-25 13:51:05.552 10330 10330 I SystemServer: Clipboard Service
03-25 13:51:05.552   247   247 D EntSec  : [NQS   ] [MAIN       ] "Dealing with fd 9 BEGINS [0xbee85814]"
03-25 13:51:05.552   247   247 D EntSec  : [NQS   ] [QSB_SOURCE ] "The file descriptor 9 contained in the QsbSource openFds set"
03-25 13:51:05.552   247   247 D EntSec  : [NQS   ] [QSB_SOURCE ] "Currently reached the limit of pending connections. Will not be accepting new connections from here on"
03-25 13:51:05.552   247   247 D EntSec  : [NQS   ] [QSB_SOURCE ] " ---------------------------------------------------------------"
03-25 13:51:05.552   247   247 I EntSec  : [NQS   ] [QSB_SOURCE ] "Loading port -handling"
03-25 13:51:05.552   247   247 D EntSec  : [NQS   ] [ACK_DB     ] "Clearing OutstandingAck DB"
03-25 13:51:05.552   247   247 I EntSec  : [NQS   ] [QSB_SOURCE ] "According to TQS, need to load the default port. Sending a message to QSB"
03-25 13:51:05.552   247   247 I EntSec  : [NQS   ] [QSB_COMM   ] "send load default port command to a QSB."
03-25 13:51:05.552   247   247 I EntSec  : [NQS   ] [QSB_SOURCE ] "Message sent to the QSB; QSB will be initialized with the default port"
03-25 13:51:05.552   247   247 I EntSec  : [NQS   ] [QSB_SOURCE ] "Loading port mechanism - handling completed"
03-25 13:51:05.552   247   247 D EntSec  : [NQS   ] [QSB_SOURCE ] " ---------------------------------------------------------------"
03-25 13:51:05.552   247   247 D EntSec  : [NQS   ] [MAIN       ] "Setting status to READY"
03-25 13:51:05.552   247   247 D EntSec  : [NQS   ] [MAIN       ] "Dealing with fd 9 has Ended [0xbee85814]"
03-25 13:51:05.552 10330 10330 I SystemServer: NetworkManagement Service
03-25 13:51:05.562 10330 10330 I SystemServer: Text Service Manager Service
03-25 13:51:05.562 10330 10386 D MountService: volume state changed for /storage/sdcard1 (unmounted -> removed)
03-25 13:51:05.562 10330 10330 I SystemServer: NetworkStats Service
03-25 13:51:05.572 10330 10386 W PackageManager: Unknown permission android.permission.ADD_SYSTEM_SERVICE in package com.hip.cqa
03-25 13:51:05.572 10330 10386 W PackageManager: Unknown permission android.permission.RECORD_VIDEO in package com.hip.cqa
03-25 13:51:05.572 10330 10386 W PackageManager: Unknown permission anroid.permission.FLASHLIGHT in package com.hip.cqa
03-25 13:51:05.572 10330 10386 W PackageManager: Unknown permission android.permission.cts.DebuggableTest in package com.hip.cqa
03-25 13:51:05.572 10330 10386 W PackageManager: Unknown permission com.google.android.gallery3d.permission.GALLERY_PROVIDER in package com.android.bluetooth
03-25 13:51:05.572 10330 10386 W PackageManager: Unknown permission com.google.android.googleapps.permission.GOOGLE_AUTH in package com.android.providers.calendar
03-25 13:51:05.572 10330 10386 W PackageManager: Unknown permission com.google.android.googleapps.permission.GOOGLE_AUTH.cl in package com.android.providers.calendar
03-25 13:51:05.572 10330 10330 I SystemServer: NetworkPolicy Service
03-25 13:51:05.572 10330 10386 W PackageManager: Not granting permission android.permission.ACCESS_DOWNLOAD_MANAGER to package com.android.browser (protectionLevel=18 flags=0x9be45)
03-25 13:51:05.572 10330 10386 W PackageManager: Not granting permission android.permission.SEND_DOWNLOAD_COMPLETED_INTENTS to package com.android.browser (protectionLevel=2 flags=0x9be45)
03-25 13:51:05.572 10330 10386 W PackageManager: Not granting permission android.permission.BIND_WALLPAPER to package com.android.camera2 (protectionLevel=18 flags=0x58bc45)
03-25 13:51:05.572 10330 10386 W PackageManager: Not granting permission android.permission.WRITE_MEDIA_STORAGE to package com.android.camera2 (protectionLevel=18 flags=0x58bc45)
03-25 13:51:05.572 10330 10386 W PackageManager: Unknown permission android.permission.INSTALL_DRM in package com.android.mms
03-25 13:51:05.572 10330 10330 I SystemServer: Wi-Fi P2pService
03-25 13:51:05.572 10330 10386 W PackageManager: Unknown permission com.google.android.gallery3d.permission.PICASA_STORE in package com.android.dreams.phototable
03-25 13:51:05.572 10330 10386 W PackageManager: Unknown permission com.google.android.googleapps.permission.GOOGLE_AUTH in package com.android.settings
03-25 13:51:05.572 10330 10386 W PackageManager: Not granting permission android.permission.DELETE_PACKAGES to package com.svox.pico (protectionLevel=18 flags=0x8be45)
03-25 13:51:05.572 10330 10386 W PackageManager: Unknown permission com.qualcomm.permission.ACCESS_LOCATION_API in package com.qualcomm.qct.dlt
03-25 13:51:05.582 10330 10386 W PackageManager: Unknown permission android.permission.SET_PROCESS_FOREGROUND in package com.qualcomm.logkit
03-25 13:51:05.582 10330 10386 W PackageManager: Unknown permission android.permission.MMS_PUSH in package org.codeaurora.bluetooth
03-25 13:51:05.582 10330 10386 W PackageManager: Unknown permission com.qualcomm.permission.ACCESS_LOCATION_API in package com.qualcomm.location
03-25 13:51:05.742 10330 10330 I SystemServer: Wi-Fi Service
03-25 13:51:05.822 10330 10330 I SystemServer: QcConnectivity Service
03-25 13:51:05.832 10330 10330 D QcConnectivityService: QcConnectivityService starting up
03-25 13:51:05.842 10330 10330 D QcConnectivityService: wifiOnly=true
03-25 13:51:05.842 10330 10330 D QcConnectivityService: networkAttributes - ignoring mobile as this dev is wifiOnly 0
03-25 13:51:05.842 10330 10330 D QcConnectivityService: networkAttributes - ignoring mobile as this dev is wifiOnly 2
03-25 13:51:05.842 10330 10330 D QcConnectivityService: networkAttributes - ignoring mobile as this dev is wifiOnly 3
03-25 13:51:05.842 10330 10330 D QcConnectivityService: networkAttributes - ignoring mobile as this dev is wifiOnly 4
03-25 13:51:05.842 10330 10330 D QcConnectivityService: networkAttributes - ignoring mobile as this dev is wifiOnly 5
03-25 13:51:05.842 10330 10330 D QcConnectivityService: networkAttributes - ignoring mobile as this dev is wifiOnly 10
03-25 13:51:05.842 10330 10330 D QcConnectivityService: networkAttributes - ignoring mobile as this dev is wifiOnly 11
03-25 13:51:05.842 10330 10330 D QcConnectivityService: networkAttributes - ignoring mobile as this dev is wifiOnly 12
03-25 13:51:05.842 10330 10330 E QcConnectivityService: Ignoring protectedNetwork 10
03-25 13:51:05.842 10330 10330 E QcConnectivityService: Ignoring protectedNetwork 11
03-25 13:51:05.842 10330 10330 E QcConnectivityService: Ignoring protectedNetwork 12
03-25 13:51:05.842 10330 10330 E QcConnectivityService: Ignoring protectedNetwork 14
03-25 13:51:05.852 10330 10330 W ContextImpl: Calling a method in the system process without a qualified user: android.app.ContextImpl.bindService:1560 android.bluetooth.BluetoothPan.doBind:148 android.bluetooth.BluetoothPan.<init>:141 android.bluetooth.BluetoothAdapter.getProfileProxy:1192 android.bluetooth.BluetoothTetheringDataTracker.startMonitoring:116 
03-25 13:51:05.862 10330 10330 W QcConnectivityService: Created CNE Service
03-25 13:51:05.872 10330 10330 I WifiService: WifiService starting up with Wi-Fi enabled
03-25 13:51:05.872 10330 10330 D WifiService: setWifiEnabled: true pid=10330, uid=1000
03-25 13:51:05.882 10330 10330 I SystemServer: Network Service Discovery Service
03-25 13:51:05.882 10330 10330 D NsdService: Network service discovery enabled true
03-25 13:51:05.882 10330 10330 I SystemServer: UpdateLock Service
03-25 13:51:05.922 10330 10330 I SystemServer: Notification Manager
03-25 13:51:05.922 10330 10330 I SystemServer: Device Storage Monitor
03-25 13:51:05.932 10330 10330 I SystemServer: Location Manager
03-25 13:51:05.932 10330 10330 I SystemServer: Country Detector
03-25 13:51:05.932 10330 10330 I SystemServer: Search Service
03-25 13:51:05.932 10330 10330 I SystemServer: DropBox Service
03-25 13:51:05.932 10330 10330 I SystemServer: Wallpaper Service
03-25 13:51:05.942 10330 10330 I SystemServer: Audio Service
03-25 13:51:06.032 10330 10330 I SystemServer: Dock Observer
03-25 13:51:06.032 10330 10330 W DockObserver: This kernel does not have dock station support
03-25 13:51:06.032 10330 10330 I SystemServer: Wired Accessory Manager
03-25 13:51:06.042 10330 10330 I SystemServer: USB Service
03-25 13:51:06.052 10330 10330 I SystemServer: Serial Service
03-25 13:51:06.052 10330 10330 I SystemServer: Twilight Service
03-25 13:51:06.052 10330 10330 I SystemServer: UI Mode Manager Service
03-25 13:51:06.052 10330 10330 I SystemServer: Backup Service
03-25 13:51:06.052 10330 10330 V BackupManagerService: Initializing package tracking
03-25 13:51:06.052 10330 10330 V BackupManagerService: No ancestral data
03-25 13:51:06.062 10330 10330 V BackupManagerService: addPackageParticipantsLocked: all
03-25 13:51:06.062 10330 10330 I BackupManagerService: Scheduling backup for new app com.android.browser
03-25 13:51:06.062 10330 10330 D BackupManagerService: Now staging backup of com.android.browser
03-25 13:51:06.082 10330 10330 I BackupManagerService: Scheduling backup for new app com.android.sharedstoragebackup
03-25 13:51:06.082 10330 10330 D BackupManagerService: Now staging backup of com.android.sharedstoragebackup
03-25 13:51:06.082 10330 10330 I BackupManagerService: Scheduling backup for new app com.android.mms
03-25 13:51:06.082 10330 10330 D BackupManagerService: Now staging backup of com.android.mms
03-25 13:51:06.092 10330 10330 I BackupManagerService: Scheduling backup for new app com.android.dialer
03-25 13:51:06.092 10330 10330 D BackupManagerService: Now staging backup of com.android.dialer
03-25 13:51:06.092 10330 10330 I BackupManagerService: Scheduling backup for new app com.android.providers.settings
03-25 13:51:06.092 10330 10330 D BackupManagerService: Now staging backup of com.android.providers.settings
03-25 13:51:06.092 10330 10330 I BackupManagerService: Scheduling backup for new app com.android.providers.userdictionary
03-25 13:51:06.092 10330 10330 D BackupManagerService: Now staging backup of com.android.providers.userdictionary
03-25 13:51:06.102 10330 10330 I BackupManagerService: Scheduling backup for new app android
03-25 13:51:06.102 10330 10330 D BackupManagerService: Now staging backup of android
03-25 13:51:06.102 10330 10330 V BackupManagerService: Starting with transport android/com.android.internal.backup.LocalTransport
03-25 13:51:06.102 10330 10330 V BackupManagerService: Found transports: 1
03-25 13:51:06.102 10330 10330 I BackupManagerService: Binding to transport host ComponentInfo{android/com.android.internal.backup.LocalTransportService}
03-25 13:51:06.112 10330 10330 I BackupManagerService: Found stale backup journal, scheduling
03-25 13:51:06.112 10330 10330 I BackupManagerService:   com.android.browser
03-25 13:51:06.112 10330 10330 I BackupManagerService:   com.android.sharedstoragebackup
03-25 13:51:06.112 10330 10330 I BackupManagerService:   com.android.mms
03-25 13:51:06.112 10330 10330 I BackupManagerService:   com.android.dialer
03-25 13:51:06.112 10330 10330 I BackupManagerService:   com.android.providers.settings
03-25 13:51:06.112 10330 10330 I BackupManagerService:   com.android.providers.userdictionary
03-25 13:51:06.112 10330 10330 I BackupManagerService:   android
03-25 13:51:06.112 10330 10330 I BackupManagerService: Backup enabled => false
03-25 13:51:06.112 10330 10330 I BackupManagerService: Opting out of backup
03-25 13:51:06.112 10330 10330 I SystemServer: AppWidget Service
03-25 13:51:06.112 10330 10330 I SystemServer: Recognition Service
03-25 13:51:06.112 10330 10330 I SystemServer: DiskStats Service
03-25 13:51:06.112 10330 10330 I SystemServer: SamplingProfiler Service
03-25 13:51:06.112 10330 10330 I SystemServer: NetworkTimeUpdateService
03-25 13:51:06.112 10330 10330 I SystemServer: CommonTimeManagementService
03-25 13:51:06.112 10330 10330 I SystemServer: CertBlacklister
03-25 13:51:06.112 10330 10330 I SystemServer: Dreams Service
03-25 13:51:06.122 10330 10330 I SystemServer: Assets Atlas Service
03-25 13:51:06.122 10330 10330 I SystemServer: IdleMaintenanceService
03-25 13:51:06.122 10330 10330 I SystemServer: Print Service
03-25 13:51:06.132 10330 10330 I SystemServer: Media Router Service
03-25 13:51:06.132 10330 10330 I SystemServer: IrManager Service
03-25 13:51:06.222 10330 10330 I ActivityManager: Start proc com.android.systemui for service com.android.keyguard/.KeyguardService: pid=10408 uid=10007 gids={50007, 1028, 1015, 1035, 3002, 3001}
03-25 13:51:06.232 10055 10324 E NetlinkEvent: Unknown ifindex 22 in RTM_DELADDR
03-25 13:51:06.232 10055 10324 D NetlinkEvent: Unexpected netlink message. type=0x11
03-25 13:51:06.262 10330 10330 I AppOps  : Pruning old package media/1013: new uid=-1
03-25 13:51:06.262 10330 10330 I ActivityManager: System now ready
03-25 13:51:06.272 10330 10330 I SystemServer: Making services ready
03-25 13:51:06.272 10330 10330 D NetworkManagementService: enabling bandwidth control
03-25 13:51:06.272 10330 10384 E MountService: Boot-time mount failed (-1)
03-25 13:51:06.272 10330 10384 E MountService: Boot-time mount failed (-1)
03-25 13:51:06.282 10330 10384 E MountService: Boot-time mount failed (-1)
03-25 13:51:06.282 10330 10384 W MountService: Duplicate state transition (mounted -> mounted) for /storage/emulated/0
03-25 13:51:06.292 10055 10324 D NetlinkEvent: Unexpected netlink message. type=0x11
03-25 13:51:06.412 10330 10342 I StatusBarManagerService: registerStatusBar bar=com.android.internal.statusbar.IStatusBar$Stub$Proxy@4247f800
03-25 13:51:06.632 10330 10330 W SystemServer: ***********************************************
03-25 13:51:06.712 10330 10341 I ActivityManager: Start proc android.process.acore for content provider com.android.providers.contacts/.ContactsProvider2: pid=10484 uid=10002 gids={50002, 3003, 1028, 1015}
03-25 13:51:06.752 10330 10330 W SystemServer: ***********************************************
03-25 13:51:06.802 10330 10353 I ActivityManager: Start proc android.process.media for broadcast com.android.providers.media/.MtpReceiver: pid=10502 uid=10005 gids={50005, 1028, 1015, 1023, 1024, 2001, 3003, 3007}
03-25 13:51:06.802 10330 10330 I ActivityManager: Config changes=200 {1.0 ?mcc?mnc en_US ldltr sw360dp w360dp h615dp 320dpi nrml long port -touch -keyb/v/h -nav/h s.4}
03-25 13:51:06.802 10330 10330 W RecognitionManagerService: no available voice recognition services found for user 0
03-25 13:51:06.832 10330 10330 W InputMethodManagerService: Ignoring setImeWindowStatus of uid 1000 token: null
03-25 13:51:06.902 10330 10330 I ActivityManager: Start proc com.android.inputmethod.latin for service com.android.inputmethod.latin/.LatinIME: pid=10516 uid=10037 gids={50037, 1028, 1015}
03-25 13:51:06.902 10330 10330 V InputMethodManagerService: Adding window token: android.os.Binder@425d9e08
03-25 13:51:06.962 10330 10330 E LocationManagerService: no geocoder provider found
03-25 13:51:06.962 10330 10330 E LocationManagerService: No FusedProvider found.
03-25 13:51:06.972 10330 10330 E LocationManagerService: no geofence provider found
03-25 13:51:06.972 10330 10330 W ContextImpl: Calling a method in the system process without a qualified user: android.app.ContextImpl.bindService:1560 com.android.server.location.GeoFencerProxy.<init>:85 com.android.server.location.GeoFencerProxy.getGeoFencerProxy:77 com.android.server.LocationManagerService.loadProvidersLocked:463 com.android.server.LocationManagerService.systemRunning:250 
03-25 13:51:07.012 10330 10330 I ActivityManager: Start proc com.android.phone for added application com.android.phone: pid=10543 uid=1001 gids={41001, 3004, 3009, 3005, 1006, 3002, 3001, 3003, 1028, 1015}
03-25 13:51:07.042 10330 10330 I ActivityManager: Start proc com.qualcomm.qti.services.secureui:sui_service for added application com.qualcomm.qti.services.secureui:sui_service: pid=10557 uid=1000 gids={41000, 1028, 1015, 3003, 3005, 1021, 3004, 1000, 3009, 1023, 1010, 3002, 3001}
03-25 13:51:07.072 10330 10330 I ActivityManager: Start proc com.qualcomm.services.location for added application com.qualcomm.services.location: pid=10570 uid=1000 gids={41000, 1028, 1015, 3003, 3005, 1021, 3004, 1000, 3009, 1023, 1010, 3002, 3001}
03-25 13:51:07.092 10330 10330 I ActivityManager: Start proc com.qualcomm.logkit for added application com.qualcomm.logkit: pid=10587 uid=10040 gids={50040, 1028, 1015, 1023, 1007, 3003, 3002}
03-25 13:51:07.102 10330 10330 I ActivityManager: START u0 {act=android.intent.action.MAIN cat=[android.intent.category.HOME] flg=0x10000000 cmp=com.android.launcher/com.android.launcher2.Launcher} from pid 0
03-25 13:51:07.142 10330 10330 I ActivityManager: Start proc com.android.launcher for activity com.android.launcher/com.android.launcher2.Launcher: pid=10602 uid=10008 gids={50008}
03-25 13:51:07.142 10330 10330 I SystemServer: Enabled StrictMode for system server main thread.
03-25 13:51:07.172 10330 10330 W InputMethodManagerService: Focus gain on non-focused client android.view.inputmethod.InputMethodManager$1@4254d4e0 (uid=1000 pid=10330)
03-25 13:51:07.222 10330 10354 I ActivityManager: Start proc com.android.printspooler for service com.android.printspooler/.PrintSpoolerService: pid=10616 uid=10053 gids={50053}
03-25 13:51:07.312 10330 10330 W ContextImpl: Calling a method in the system process without a qualified user: android.app.ContextImpl.bindService:1560 android.content.ContextWrapper.bindService:517 com.qualcomm.location.nlp.NlpProxyProvider.bindPackage:556 com.qualcomm.location.nlp.NlpProxyProvider.bind:525 com.qualcomm.location.nlp.NlpProxyProvider.<init>:335 
03-25 13:51:07.322 10330 10330 W ContextImpl: Calling a method in the system process without a qualified user: android.app.ContextImpl.startService:1496 android.content.ContextWrapper.startService:494 com.qualcomm.location.ulp.UlpService.startAdditionalServices:55 com.qualcomm.location.ulp.UlpService.onBind:28 android.app.ActivityThread.handleBindService:2601 
03-25 13:51:07.322 10330 10330 W ContextImpl: Calling a method in the system process without a qualified user: android.app.ContextImpl.startService:1496 android.content.ContextWrapper.startService:494 com.qualcomm.location.ulp.UlpService.startAdditionalServices:59 com.qualcomm.location.ulp.UlpService.onBind:28 android.app.ActivityThread.handleBindService:2601 
03-25 13:51:07.322 10330 10330 W ContextImpl: Calling a method in the system process without a qualified user: android.app.ContextImpl.startService:1496 android.content.ContextWrapper.startService:494 com.qualcomm.location.ulp.UlpService.startAdditionalServices:63 com.qualcomm.location.ulp.UlpService.onBind:28 android.app.ActivityThread.handleBindService:2601 
03-25 13:51:07.352 10330 10330 I ActivityManager: Start proc com.qualcomm.location.XT for service com.qualcomm.location.XT/.XTSrv: pid=10643 uid=1000 gids={41000, 1028, 1015, 3003, 3005, 1021, 3004, 1000, 3009, 1023, 1010, 3002, 3001}
03-25 13:51:07.352 10330 10330 W ContextImpl: Calling a method in the system process without a qualified user: android.app.ContextImpl.startService:1496 android.content.ContextWrapper.startService:494 com.qualcomm.location.ulp.UlpService.startAdditionalServices:67 com.qualcomm.location.ulp.UlpService.onBind:28 android.app.ActivityThread.handleBindService:2601 
03-25 13:51:07.362 10330 10330 W ContextImpl: Calling a method in the system process without a qualified user: android.app.ContextImpl.startService:1496 android.content.ContextWrapper.startService:494 com.qualcomm.location.ulp.UlpService.startAdditionalServices:71 com.qualcomm.location.ulp.UlpService.onBind:28 android.app.ActivityThread.handleBindService:2601 
03-25 13:51:07.472 10330 10330 V BackupManagerService: Connected to transport ComponentInfo{android/com.android.internal.backup.LocalTransportService}
03-25 13:51:07.472 10330 10330 V BackupManagerService: Registering transport android/com.android.internal.backup.LocalTransportService::android/com.android.internal.backup.LocalTransport = com.android.internal.backup.LocalTransport@425b8f48
