03-22 18:19:33.470  1895  1895 W ContextImpl: Calling a method in the system process without a qualified user: android.app.ContextImpl.startService:1496 android.content.ContextWrapper.startService:494 android.content.ContextWrapper.startService:494 com.qualcomm.svi.SVIReceiver.onReceive:30 android.app.ActivityThread.handleReceiver:2422 
03-22 18:19:33.510   924  1168 I ActivityManager: Start proc com.thunderst.update for broadcast com.thunderst.update/.autoupdate.AutoUpdateReceiver: pid=1933 uid=10061 gids={50061, 3003, 2001, 1028, 1015}
03-22 18:19:33.620   924  1152 I ActivityManager: Start proc com.icrealtech.beam.helper for broadcast com.icrealtech.beam.helper/.RequestReceiver: pid=1953 uid=1000 gids={41000, 1028, 1015, 3003, 3005, 1021, 3004, 1000, 3009, 1023, 1010, 3002, 3001}
03-22 18:19:33.670  1953  1953 E AndroidRuntime: FATAL EXCEPTION: main
03-22 18:19:33.670  1953  1953 E AndroidRuntime: Process: com.icrealtech.beam.helper, PID: 1953
03-22 18:19:33.670  1953  1953 E AndroidRuntime: java.lang.NoClassDefFoundError: android.net.ethernet.EthernetManager
03-22 18:19:33.670  1953  1953 E AndroidRuntime: 	at com.icrealtech.beam.helper.EthernetController.<init>(EthernetController.java:37)
03-22 18:19:33.670  1953  1953 E AndroidRuntime: 	at com.icrealtech.beam.helper.RequestReceiver.onReceive(RequestReceiver.java:38)
03-22 18:19:33.670  1953  1953 E AndroidRuntime: 	at android.app.ActivityThread.handleReceiver(ActivityThread.java:2422)
03-22 18:19:33.670  1953  1953 E AndroidRuntime: 	at android.app.ActivityThread.access$1700(ActivityThread.java:138)
03-22 18:19:33.670  1953  1953 E AndroidRuntime: 	at android.app.ActivityThread$H.handleMessage(ActivityThread.java:1275)
03-22 18:19:33.670  1953  1953 E AndroidRuntime: 	at android.os.Handler.dispatchMessage(Handler.java:102)
03-22 18:19:33.670  1953  1953 E AndroidRuntime: 	at android.os.Looper.loop(Looper.java:136)
03-22 18:19:33.670  1953  1953 E AndroidRuntime: 	at android.app.ActivityThread.main(ActivityThread.java:5050)
03-22 18:19:33.670  1953  1953 E AndroidRuntime: 	at java.lang.reflect.Method.invokeNative(Native Method)
03-22 18:19:33.670  1953  1953 E AndroidRuntime: 	at java.lang.reflect.Method.invoke(Method.java:515)
03-22 18:19:33.670  1953  1953 E AndroidRuntime: 	at com.android.internal.os.ZygoteInit$MethodAndArgsCaller.run(ZygoteInit.java:780)
03-22 18:19:33.670  1953  1953 E AndroidRuntime: 	at com.android.internal.os.ZygoteInit.main(ZygoteInit.java:596)
03-22 18:19:33.670  1953  1953 E AndroidRuntime: 	at dalvik.system.NativeStart.main(Native Method)
03-22 18:19:33.710   924   947 I ActivityManager: Start proc com.qualcomm.atfwd for broadcast com.qualcomm.atfwd/.AtFwdAutoboot: pid=1968 uid=1000 gids={41000, 1028, 1015, 3003, 3005, 1021, 3004, 1000, 3009, 1023, 1010, 3002, 3001}
03-22 18:19:33.710   924  1153 I ActivityManager: Process com.icrealtech.beam.helper (pid 1953) has died.
03-22 18:19:33.720   924   947 I ActivityManager: Waited long enough for: ServiceRecord{42850660 u0 com.android.mms/.transaction.TransactionService}
03-22 18:19:33.780  1968  1968 W ContextImpl: Calling a method in the system process without a qualified user: android.app.ContextImpl.startService:1496 android.content.ContextWrapper.startService:494 android.content.ContextWrapper.startService:494 com.qualcomm.atfwd.AtFwdAutoboot.onReceive:24 android.app.ActivityThread.handleReceiver:2422 
03-22 18:19:33.800   924  1140 I ActivityManager: Start proc com.qualcomm.atuner for broadcast com.qualcomm.atuner/.ATunerAutoboot: pid=1983 uid=10065 gids={50065}
03-22 18:19:33.860   924  1153 I ActivityManager: Killing 1380:com.qti.cbwidget/u0a24 (adj 15): empty #17
03-22 18:19:33.860   924   924 W ContextImpl: Calling a method in the system process without a qualified user: android.app.ContextImpl.startService:1496 android.content.ContextWrapper.startService:494 android.content.ContextWrapper.startService:494 com.qualcomm.location.LocationServiceReceiver.onReceive:37 android.app.ActivityThread.handleReceiver:2422 
03-22 18:19:33.860   924   924 W ContextImpl: Calling a method in the system process without a qualified user: android.app.ContextImpl.startService:1496 android.content.ContextWrapper.startService:494 android.content.ContextWrapper.startService:494 com.qualcomm.location.LocationServiceReceiver.onReceive:41 android.app.ActivityThread.handleReceiver:2422 
03-22 18:19:33.890  1134  1134 W ContextImpl: Calling a method in the system process without a qualified user: android.app.ContextImpl.startService:1496 android.content.ContextWrapper.startService:494 android.content.ContextWrapper.startService:494 com.qualcomm.qti.services.secureui.BootReceiver.onReceive:30 android.app.ActivityThread.handleReceiver:2422 
03-22 18:19:33.920   924  1142 I ActivityManager: Start proc com.qualcomm.embms for broadcast com.qualcomm.embms/.EmbmsBootReceiver: pid=2000 uid=10067 gids={50067, 3003}
03-22 18:19:33.920   924   946 I WindowManager: Screen frozen for +1s971ms due to Window{424bdc60 u0 com.splinex.streaming/com.splinex.streaming.TwoCamActivity}
03-22 18:19:33.960  1134  2011 W ContextImpl: Calling a method in the system process without a qualified user: android.app.ContextImpl.bindService:1560 android.content.ContextWrapper.bindService:517 com.qualcomm.qti.services.secureui.WfdReceiver.<init>:37 com.qualcomm.qti.services.secureui.SecureUIService.run:91 java.lang.Thread.run:841 
03-22 18:19:33.980   924  1168 I ActivityManager: Start proc com.qualcomm.wfd.service:wfd_service for service com.qualcomm.wfd.service/.WfdService: pid=2018 uid=1000 gids={41000, 1028, 1015, 3003, 3005, 1021, 3004, 1000, 3009, 1023, 1010, 3002, 3001}
03-22 18:19:34.020   924   936 I ActivityManager: Start proc com.qualcomm.fastdormancy for broadcast com.qualcomm.fastdormancy/.FastDormancyReceiver: pid=2031 uid=10068 gids={50068}
03-22 18:19:34.020   924   936 I ActivityManager: Killing 1406:com.android.dialer/u0a4 (adj 15): empty #17
03-22 18:19:34.100   924   936 I ActivityManager: Start proc com.qualcomm.qcrilmsgtunnel for broadcast com.qualcomm.qcrilmsgtunnel/.QcrilMsgTunnelAutoboot: pid=2045 uid=1001 gids={41001, 3004, 3009, 3005, 1006, 3002, 3001, 3003, 1028, 1015}
03-22 18:19:34.100   924   936 I ActivityManager: Killing 1493:com.android.providers.calendar/u0a1 (adj 15): empty #17
03-22 18:19:34.160  2018  2018 W ContextImpl: Calling a method in the system process without a qualified user: android.app.ContextImpl.sendBroadcast:1140 android.content.ContextWrapper.sendBroadcast:365 com.qualcomm.wfd.service.SessionManagerService.broadcastWifiDisplayVideoEnabled:988 com.qualcomm.wfd.service.SessionManagerService.teardown:824 com.qualcomm.wfd.service.SessionManagerService.<init>:138 
03-22 18:19:34.180   924   935 I ActivityManager: Delay finish: com.qualcomm.qcrilmsgtunnel/.QcrilMsgTunnelAutoboot
03-22 18:19:34.680   924  1075 D QcConnectivityService: setProvNotificationVisible: E visible=false networkType=1 extraInfo=null url=null
03-22 18:19:34.860   924  1075 W ActivityThread: ClassLoader.loadClass: The class loader returned by Thread.getContextClassLoader() may fail for processes that host multiple applications. You should explicitly specify a context class loader. For example: Thread.setContextClassLoader(getClass().getClassLoader());
03-22 18:19:34.920   924  1075 D QcConnectivityService: captivePortalCheckCompleted: ni=NetworkInfo: type: WIFI[], state: CONNECTED/CONNECTED, reason: (unspecified), extra: "1503", roaming: false, failover: false, isAvailable: true, isConnectedToProvisioningNetwork: false captive=false
03-22 18:19:38.490   269   269 W EntSec  : [NQS   ] [TQS_FWD    ] "Failed to start TQS application. [Error Code: -1]."
03-22 18:19:38.490   269   269 E EntSec  : [NQS   ] [NQS_Source ] "Failed to start TQS application. Re-try again in 5 second, attampt number 6"
03-22 18:19:43.540   269   269 W EntSec  : [NQS   ] [TQS_FWD    ] "Failed to start TQS application. [Error Code: -1]."
03-22 18:19:43.540   269   269 E EntSec  : [NQS   ] [NQS_Source ] "Failed to start TQS application. Re-try again in 5 second, attampt number 7"
03-22 18:19:48.480   924   947 I ActivityManager: Waited long enough for: ServiceRecord{428199b0 u0 com.qualcomm.svi/.SVIService}
03-22 18:19:48.480   924   947 I ActivityManager: Resuming delayed broadcast
03-22 18:19:48.520   924  1140 I ActivityManager: Delay finish: com.android.mms/.transaction.SmsReceiver
03-22 18:19:48.550   924   997 I ActivityManager: Resuming delayed broadcast
03-22 18:19:48.580   269   269 W EntSec  : [NQS   ] [TQS_FWD    ] "Failed to start TQS application. [Error Code: -1]."
03-22 18:19:48.580   269   269 E EntSec  : [NQS   ] [NQS_Source ] "Failed to start TQS application. Re-try again in 5 second, attampt number 8"
03-22 18:19:48.600  1154  1154 W ContextImpl: Calling a method in the system process without a qualified user: android.app.ContextImpl.startService:1496 android.content.ContextWrapper.startService:494 android.content.ContextWrapper.startService:494 com.qualcomm.msapm.MSAPMReceiver.onReceive:63 android.app.ActivityThread.handleReceiver:2422 
03-22 18:19:48.700   924   983 I ActivityManager: Start proc com.android.providers.calendar for broadcast com.android.providers.calendar/.CalendarProviderBroadcastReceiver: pid=2191 uid=10001 gids={50001, 3003, 1028, 1015}
03-22 18:19:48.780   924   947 I ActivityManager: Waited long enough for: ServiceRecord{42810018 u0 com.qualcomm.atfwd/.AtFwdService}
03-22 18:19:48.830   924   936 I ActivityManager: Start proc com.qualcomm.timeservice for broadcast com.qualcomm.timeservice/.TimeServiceBroadcastReceiver: pid=2211 uid=10062 gids={50062}
03-22 18:19:48.920   924   936 I ActivityManager: Killing 1196:com.android.printspooler/u0a53 (adj 15): empty #17
03-22 18:19:49.180   924   947 I ActivityManager: Waited long enough for: ServiceRecord{42877240 u0 com.qualcomm.qcrilmsgtunnel/.QcrilMsgTunnelService}
03-22 18:19:49.800   924  1072 I ActivityManager: Killing 1722:com.android.onetimeinitializer/u0a11 (adj 15): empty #17
03-22 18:19:53.630   269   269 W EntSec  : [NQS   ] [TQS_FWD    ] "Failed to start TQS application. [Error Code: -1]."
03-22 18:19:53.630   269   269 E EntSec  : [NQS   ] [NQS_Source ] "Failed to start TQS application. Re-try again in 5 second, attampt number 9"
03-22 18:19:58.680   269   269 W EntSec  : [NQS   ] [TQS_FWD    ] "Failed to start TQS application. [Error Code: -1]."
03-22 18:19:58.680   269   269 E EntSec  : [NQS   ] [NQS_Source ] "Failed to start TQS application. Re-try again in 5 second, attampt number 10"
03-22 18:20:03.720   269   269 W EntSec  : [NQS   ] [TQS_FWD    ] "Failed to start TQS application. [Error Code: -1]."
03-22 18:20:03.720   269   269 E EntSec  : [NQS   ] [NQS_Source ] "Failed to start TQS application. Re-try again in 5 second, attampt number 11"
03-22 18:20:08.770   269   269 W EntSec  : [NQS   ] [TQS_FWD    ] "Failed to start TQS application. [Error Code: -1]."
03-22 18:20:08.770   269   269 E EntSec  : [NQS   ] [NQS_Source ] "Failed to start TQS application. Re-try again in 5 second, attampt number 12"
03-22 18:20:13.820   269   269 W EntSec  : [NQS   ] [TQS_FWD    ] "Failed to start TQS application. [Error Code: -1]."
03-22 18:20:13.820   269   269 E EntSec  : [NQS   ] [NQS_Source ] "Failed to start TQS application. Re-try again in 5 second, attampt number 13"
03-22 18:20:15.010   924   988 D QcConnectivityService: Sampling interval elapsed, updating statistics ..
03-22 18:20:15.030   924   988 D QcConnectivityService: Done.
03-22 18:20:15.030   924   988 D QcConnectivityService: Setting timer for 720seconds
03-22 18:20:16.770   924   947 I ActivityManager: Start proc com.android.musicfx for broadcast com.android.musicfx/.ControlPanelReceiver: pid=2333 uid=10010 gids={50010, 3003, 3002}
03-22 18:20:16.780   924   936 I ActivityManager: Killing 1335:com.android.music/u0a43 (adj 15): empty #17
03-22 18:20:16.830   924  1167 I ActivityManager: Killing 1751:com.qualcomm.cabl/1000 (adj 15): empty #17
03-22 18:20:18.870   269   269 W EntSec  : [NQS   ] [TQS_FWD    ] "Failed to start TQS application. [Error Code: -1]."
03-22 18:20:18.870   269   269 E EntSec  : [NQS   ] [NQS_Source ] "Failed to start TQS application. Re-try again in 5 second, attampt number 14"
03-22 18:20:23.920   269   269 W EntSec  : [NQS   ] [TQS_FWD    ] "Failed to start TQS application. [Error Code: -1]."
03-22 18:20:23.920   269   269 E EntSec  : [NQS   ] [NQS_Source ] "Failed to start TQS application. Re-try again in 5 second, attampt number 15"
03-22 18:20:28.970   269   269 W EntSec  : [NQS   ] [TQS_FWD    ] "Failed to start TQS application. [Error Code: -1]."
03-22 18:20:28.970   269   269 E EntSec  : [NQS   ] [NQS_Source ] "Failed to start TQS application. Re-try again in 5 second, attampt number 16"
03-22 18:20:34.010   269   269 W EntSec  : [NQS   ] [TQS_FWD    ] "Failed to start TQS application. [Error Code: -1]."
03-22 18:20:34.010   269   269 E EntSec  : [NQS   ] [NQS_Source ] "Failed to start TQS application. Re-try again in 5 second, attampt number 17"
03-22 18:20:39.060   269   269 W EntSec  : [NQS   ] [TQS_FWD    ] "Failed to start TQS application. [Error Code: -1]."
03-22 18:20:39.060   269   269 E EntSec  : [NQS   ] [NQS_Source ] "Failed to start TQS application. Re-try again in 5 second, attampt number 18"
03-22 18:20:44.100   269   269 W EntSec  : [NQS   ] [TQS_FWD    ] "Failed to start TQS application. [Error Code: -1]."
03-22 18:20:44.100   269   269 E EntSec  : [NQS   ] [NQS_Source ] "Failed to start TQS application. Re-try again in 5 second, attampt number 19"
03-22 18:20:49.150   269   269 W EntSec  : [NQS   ] [TQS_FWD    ] "Failed to start TQS application. [Error Code: -1]."
03-22 18:20:49.150   269   269 D EntSec  : [NQS   ] [NQS_Source ] " ---------------------------------------------------------------"
03-22 18:20:49.150   269   269 I EntSec  : [NQS   ] [NQS_Source ] "Check Is TQS Ready - start"
03-22 18:20:49.150   269   269 I EntSec  : [NQS   ] [NQS_Source ] "attempt number 0: send Is Ready request to TQS"
03-22 18:20:49.150   269   269 I EntSec  : [NQS   ] [TQS_FWD    ] "The message to TQS will not be sent; tqs is down."
03-22 18:20:49.150   269   269 E EntSec  : [NQS   ] [NQS_Source ] "TQS is not ready yet, wait 1 sec and try again"
03-22 18:20:50.150   269   269 I EntSec  : [NQS   ] [NQS_Source ] "attempt number 1: send Is Ready request to TQS"
03-22 18:20:50.150   269   269 I EntSec  : [NQS   ] [TQS_FWD    ] "The message to TQS will not be sent; tqs is down."
03-22 18:20:50.150   269   269 E EntSec  : [NQS   ] [NQS_Source ] "TQS is not ready yet, wait 1 sec and try again"
03-22 18:20:51.150   269   269 I EntSec  : [NQS   ] [NQS_Source ] "attempt number 2: send Is Ready request to TQS"
03-22 18:20:51.150   269   269 I EntSec  : [NQS   ] [TQS_FWD    ] "The message to TQS will not be sent; tqs is down."
03-22 18:20:51.150   269   269 E EntSec  : [NQS   ] [NQS_Source ] "TQS is not ready yet, wait 1 sec and try again"
03-22 18:20:52.150   269   269 I EntSec  : [NQS   ] [NQS_Source ] "attempt number 3: send Is Ready request to TQS"
03-22 18:20:52.150   269   269 I EntSec  : [NQS   ] [TQS_FWD    ] "The message to TQS will not be sent; tqs is down."
03-22 18:20:52.150   269   269 E EntSec  : [NQS   ] [NQS_Source ] "TQS is not ready yet, wait 1 sec and try again"
03-22 18:20:53.150   269   269 I EntSec  : [NQS   ] [NQS_Source ] "attempt number 4: send Is Ready request to TQS"
03-22 18:20:53.150   269   269 I EntSec  : [NQS   ] [TQS_FWD    ] "The message to TQS will not be sent; tqs is down."
03-22 18:20:53.150   269   269 E EntSec  : [NQS   ] [NQS_Source ] "TQS is not ready yet, wait 1 sec and try again"
03-22 18:20:54.150   269   269 I EntSec  : [NQS   ] [NQS_Source ] "attempt number 5: send Is Ready request to TQS"
03-22 18:20:54.150   269   269 I EntSec  : [NQS   ] [TQS_FWD    ] "The message to TQS will not be sent; tqs is down."
03-22 18:20:54.150   269   269 E EntSec  : [NQS   ] [NQS_Source ] "TQS is not ready yet, wait 1 sec and try again"
03-22 18:20:55.150   269   269 I EntSec  : [NQS   ] [NQS_Source ] "attempt number 6: send Is Ready request to TQS"
03-22 18:20:55.150   269   269 I EntSec  : [NQS   ] [TQS_FWD    ] "The message to TQS will not be sent; tqs is down."
03-22 18:20:55.150   269   269 E EntSec  : [NQS   ] [NQS_Source ] "TQS is not ready yet, wait 1 sec and try again"
03-22 18:20:56.150   269   269 I EntSec  : [NQS   ] [NQS_Source ] "attempt number 7: send Is Ready request to TQS"
03-22 18:20:56.150   269   269 I EntSec  : [NQS   ] [TQS_FWD    ] "The message to TQS will not be sent; tqs is down."
03-22 18:20:56.150   269   269 E EntSec  : [NQS   ] [NQS_Source ] "TQS is not ready yet, wait 1 sec and try again"
03-22 18:20:57.150   269   269 I EntSec  : [NQS   ] [NQS_Source ] "attempt number 8: send Is Ready request to TQS"
03-22 18:20:57.150   269   269 I EntSec  : [NQS   ] [TQS_FWD    ] "The message to TQS will not be sent; tqs is down."
03-22 18:20:57.150   269   269 E EntSec  : [NQS   ] [NQS_Source ] "TQS is not ready yet, wait 1 sec and try again"
03-22 18:20:58.150   269   269 I EntSec  : [NQS   ] [NQS_Source ] "attempt number 9: send Is Ready request to TQS"
03-22 18:20:58.150   269   269 I EntSec  : [NQS   ] [TQS_FWD    ] "The message to TQS will not be sent; tqs is down."
03-22 18:20:58.150   269   269 E EntSec  : [NQS   ] [NQS_Source ] "TQS is not ready yet, wait 1 sec and try again"
03-22 18:20:59.150   269   269 I EntSec  : [NQS   ] [NQS_Source ] "attempt number 10: send Is Ready request to TQS"
03-22 18:20:59.150   269   269 I EntSec  : [NQS   ] [TQS_FWD    ] "The message to TQS will not be sent; tqs is down."
03-22 18:20:59.150   269   269 E EntSec  : [NQS   ] [NQS_Source ] "TQS is not ready yet, wait 1 sec and try again"
03-22 18:21:00.150   269   269 I EntSec  : [NQS   ] [NQS_Source ] "attempt number 11: send Is Ready request to TQS"
03-22 18:21:00.150   269   269 I EntSec  : [NQS   ] [TQS_FWD    ] "The message to TQS will not be sent; tqs is down."
03-22 18:21:00.150   269   269 E EntSec  : [NQS   ] [NQS_Source ] "TQS is not ready yet, wait 1 sec and try again"
03-22 18:21:01.150   269   269 I EntSec  : [NQS   ] [NQS_Source ] "attempt number 12: send Is Ready request to TQS"
03-22 18:21:01.150   269   269 I EntSec  : [NQS   ] [TQS_FWD    ] "The message to TQS will not be sent; tqs is down."
03-22 18:21:01.150   269   269 E EntSec  : [NQS   ] [NQS_Source ] "TQS is not ready yet, wait 1 sec and try again"
03-22 18:21:02.150   269   269 I EntSec  : [NQS   ] [NQS_Source ] "attempt number 13: send Is Ready request to TQS"
03-22 18:21:02.150   269   269 I EntSec  : [NQS   ] [TQS_FWD    ] "The message to TQS will not be sent; tqs is down."
03-22 18:21:02.150   269   269 E EntSec  : [NQS   ] [NQS_Source ] "TQS is not ready yet, wait 1 sec and try again"
03-22 18:21:03.150   269   269 I EntSec  : [NQS   ] [NQS_Source ] "attempt number 14: send Is Ready request to TQS"
03-22 18:21:03.150   269   269 I EntSec  : [NQS   ] [TQS_FWD    ] "The message to TQS will not be sent; tqs is down."
03-22 18:21:03.150   269   269 E EntSec  : [NQS   ] [NQS_Source ] "TQS is not ready yet, wait 1 sec and try again"
03-22 18:21:04.150   269   269 I EntSec  : [NQS   ] [NQS_Source ] "attempt number 15: send Is Ready request to TQS"
03-22 18:21:04.150   269   269 I EntSec  : [NQS   ] [TQS_FWD    ] "The message to TQS will not be sent; tqs is down."
03-22 18:21:04.150   269   269 E EntSec  : [NQS   ] [NQS_Source ] "TQS is not ready yet, wait 1 sec and try again"
03-22 18:21:05.150   269   269 I EntSec  : [NQS   ] [NQS_Source ] "attempt number 16: send Is Ready request to TQS"
03-22 18:21:05.150   269   269 I EntSec  : [NQS   ] [TQS_FWD    ] "The message to TQS will not be sent; tqs is down."
03-22 18:21:05.150   269   269 E EntSec  : [NQS   ] [NQS_Source ] "TQS is not ready yet, wait 1 sec and try again"
03-22 18:21:06.150   269   269 I EntSec  : [NQS   ] [NQS_Source ] "attempt number 17: send Is Ready request to TQS"
03-22 18:21:06.150   269   269 I EntSec  : [NQS   ] [TQS_FWD    ] "The message to TQS will not be sent; tqs is down."
03-22 18:21:06.150   269   269 E EntSec  : [NQS   ] [NQS_Source ] "TQS is not ready yet, wait 1 sec and try again"
03-22 18:21:07.150   269   269 I EntSec  : [NQS   ] [NQS_Source ] "attempt number 18: send Is Ready request to TQS"
03-22 18:21:07.150   269   269 I EntSec  : [NQS   ] [TQS_FWD    ] "The message to TQS will not be sent; tqs is down."
03-22 18:21:07.150   269   269 E EntSec  : [NQS   ] [NQS_Source ] "TQS is not ready yet, wait 1 sec and try again"
03-22 18:21:08.150   269   269 I EntSec  : [NQS   ] [NQS_Source ] "attempt number 19: send Is Ready request to TQS"
03-22 18:21:08.150   269   269 I EntSec  : [NQS   ] [TQS_FWD    ] "The message to TQS will not be sent; tqs is down."
03-22 18:21:08.150   269   269 E EntSec  : [NQS   ] [NQS_Source ] "TQS is not ready yet, wait 1 sec and try again"
03-22 18:21:09.150   269   269 I EntSec  : [NQS   ] [NQS_Source ] "attempt number 20: send Is Ready request to TQS"
03-22 18:21:09.150   269   269 I EntSec  : [NQS   ] [TQS_FWD    ] "The message to TQS will not be sent; tqs is down."
03-22 18:21:09.150   269   269 E EntSec  : [NQS   ] [NQS_Source ] "TQS is not ready yet, wait 1 sec and try again"
03-22 18:21:10.150   269   269 I EntSec  : [NQS   ] [NQS_Source ] "attempt number 21: send Is Ready request to TQS"
03-22 18:21:10.150   269   269 I EntSec  : [NQS   ] [TQS_FWD    ] "The message to TQS will not be sent; tqs is down."
03-22 18:21:10.150   269   269 E EntSec  : [NQS   ] [NQS_Source ] "TQS is not ready yet, wait 1 sec and try again"
03-22 18:21:11.150   269   269 I EntSec  : [NQS   ] [NQS_Source ] "attempt number 22: send Is Ready request to TQS"
03-22 18:21:11.150   269   269 I EntSec  : [NQS   ] [TQS_FWD    ] "The message to TQS will not be sent; tqs is down."
03-22 18:21:11.150   269   269 E EntSec  : [NQS   ] [NQS_Source ] "TQS is not ready yet, wait 1 sec and try again"
03-22 18:21:12.150   269   269 I EntSec  : [NQS   ] [NQS_Source ] "attempt number 23: send Is Ready request to TQS"
03-22 18:21:12.150   269   269 I EntSec  : [NQS   ] [TQS_FWD    ] "The message to TQS will not be sent; tqs is down."
03-22 18:21:12.150   269   269 E EntSec  : [NQS   ] [NQS_Source ] "TQS is not ready yet, wait 1 sec and try again"
03-22 18:21:13.160   269   269 I EntSec  : [NQS   ] [NQS_Source ] "attempt number 24: send Is Ready request to TQS"
03-22 18:21:13.160   269   269 I EntSec  : [NQS   ] [TQS_FWD    ] "The message to TQS will not be sent; tqs is down."
03-22 18:21:13.160   269   269 E EntSec  : [NQS   ] [NQS_Source ] "TQS is not ready yet, wait 1 sec and try again"
03-22 18:21:14.150   269   269 I EntSec  : [NQS   ] [NQS_Source ] "attempt number 25: send Is Ready request to TQS"
03-22 18:21:14.150   269   269 I EntSec  : [NQS   ] [TQS_FWD    ] "The message to TQS will not be sent; tqs is down."
03-22 18:21:14.150   269   269 E EntSec  : [NQS   ] [NQS_Source ] "TQS is not ready yet, wait 1 sec and try again"
03-22 18:21:15.150   269   269 I EntSec  : [NQS   ] [NQS_Source ] "attempt number 26: send Is Ready request to TQS"
03-22 18:21:15.150   269   269 I EntSec  : [NQS   ] [TQS_FWD    ] "The message to TQS will not be sent; tqs is down."
03-22 18:21:15.150   269   269 E EntSec  : [NQS   ] [NQS_Source ] "TQS is not ready yet, wait 1 sec and try again"
03-22 18:21:16.160   269   269 I EntSec  : [NQS   ] [NQS_Source ] "attempt number 27: send Is Ready request to TQS"
03-22 18:21:16.160   269   269 I EntSec  : [NQS   ] [TQS_FWD    ] "The message to TQS will not be sent; tqs is down."
03-22 18:21:16.160   269   269 E EntSec  : [NQS   ] [NQS_Source ] "TQS is not ready yet, wait 1 sec and try again"
03-22 18:21:17.160   269   269 I EntSec  : [NQS   ] [NQS_Source ] "attempt number 28: send Is Ready request to TQS"
03-22 18:21:17.160   269   269 I EntSec  : [NQS   ] [TQS_FWD    ] "The message to TQS will not be sent; tqs is down."
03-22 18:21:17.160   269   269 E EntSec  : [NQS   ] [NQS_Source ] "TQS is not ready yet, wait 1 sec and try again"
03-22 18:21:18.160   269   269 I EntSec  : [NQS   ] [NQS_Source ] "attempt number 29: send Is Ready request to TQS"
03-22 18:21:18.160   269   269 I EntSec  : [NQS   ] [TQS_FWD    ] "The message to TQS will not be sent; tqs is down."
03-22 18:21:18.160   269   269 E EntSec  : [NQS   ] [NQS_Source ] "TQS is not ready yet, wait 1 sec and try again"
03-22 18:21:19.160   269   269 I EntSec  : [NQS   ] [NQS_Source ] "attempt number 30: send Is Ready request to TQS"
03-22 18:21:19.160   269   269 I EntSec  : [NQS   ] [TQS_FWD    ] "The message to TQS will not be sent; tqs is down."
03-22 18:21:19.160   269   269 E EntSec  : [NQS   ] [NQS_Source ] "TQS is not ready yet, wait 1 sec and try again"
03-22 18:21:20.160   269   269 I EntSec  : [NQS   ] [NQS_Source ] "attempt number 31: send Is Ready request to TQS"
03-22 18:21:20.160   269   269 I EntSec  : [NQS   ] [TQS_FWD    ] "The message to TQS will not be sent; tqs is down."
03-22 18:21:20.160   269   269 E EntSec  : [NQS   ] [NQS_Source ] "TQS is not ready yet, wait 1 sec and try again"
03-22 18:21:21.160   269   269 I EntSec  : [NQS   ] [NQS_Source ] "attempt number 32: send Is Ready request to TQS"
03-22 18:21:21.160   269   269 I EntSec  : [NQS   ] [TQS_FWD    ] "The message to TQS will not be sent; tqs is down."
03-22 18:21:21.160   269   269 E EntSec  : [NQS   ] [NQS_Source ] "TQS is not ready yet, wait 1 sec and try again"
03-22 18:21:22.160   269   269 I EntSec  : [NQS   ] [NQS_Source ] "attempt number 33: send Is Ready request to TQS"
03-22 18:21:22.160   269   269 I EntSec  : [NQS   ] [TQS_FWD    ] "The message to TQS will not be sent; tqs is down."
03-22 18:21:22.160   269   269 E EntSec  : [NQS   ] [NQS_Source ] "TQS is not ready yet, wait 1 sec and try again"
03-22 18:21:23.160   269   269 I EntSec  : [NQS   ] [NQS_Source ] "attempt number 34: send Is Ready request to TQS"
03-22 18:21:23.160   269   269 I EntSec  : [NQS   ] [TQS_FWD    ] "The message to TQS will not be sent; tqs is down."
03-22 18:21:23.160   269   269 E EntSec  : [NQS   ] [NQS_Source ] "TQS is not ready yet, wait 1 sec and try again"
03-22 18:21:24.160   269   269 I EntSec  : [NQS   ] [NQS_Source ] "attempt number 35: send Is Ready request to TQS"
03-22 18:21:24.160   269   269 I EntSec  : [NQS   ] [TQS_FWD    ] "The message to TQS will not be sent; tqs is down."
03-22 18:21:24.160   269   269 E EntSec  : [NQS   ] [NQS_Source ] "TQS is not ready yet, wait 1 sec and try again"
03-22 18:21:25.160   269   269 I EntSec  : [NQS   ] [NQS_Source ] "attempt number 36: send Is Ready request to TQS"
03-22 18:21:25.160   269   269 I EntSec  : [NQS   ] [TQS_FWD    ] "The message to TQS will not be sent; tqs is down."
03-22 18:21:25.160   269   269 E EntSec  : [NQS   ] [NQS_Source ] "TQS is not ready yet, wait 1 sec and try again"
03-22 18:21:26.160   269   269 I EntSec  : [NQS   ] [NQS_Source ] "attempt number 37: send Is Ready request to TQS"
03-22 18:21:26.160   269   269 I EntSec  : [NQS   ] [TQS_FWD    ] "The message to TQS will not be sent; tqs is down."
03-22 18:21:26.160   269   269 E EntSec  : [NQS   ] [NQS_Source ] "TQS is not ready yet, wait 1 sec and try again"
03-22 18:21:27.160   269   269 I EntSec  : [NQS   ] [NQS_Source ] "attempt number 38: send Is Ready request to TQS"
03-22 18:21:27.160   269   269 I EntSec  : [NQS   ] [TQS_FWD    ] "The message to TQS will not be sent; tqs is down."
03-22 18:21:27.160   269   269 E EntSec  : [NQS   ] [NQS_Source ] "TQS is not ready yet, wait 1 sec and try again"
03-22 18:21:28.160   269   269 I EntSec  : [NQS   ] [NQS_Source ] "attempt number 39: send Is Ready request to TQS"
03-22 18:21:28.160   269   269 I EntSec  : [NQS   ] [TQS_FWD    ] "The message to TQS will not be sent; tqs is down."
03-22 18:21:28.160   269   269 E EntSec  : [NQS   ] [NQS_Source ] "TQS is not ready yet, wait 1 sec and try again"
03-22 18:21:29.160   269   269 I EntSec  : [NQS   ] [NQS_Source ] "attempt number 40: send Is Ready request to TQS"
03-22 18:21:29.160   269   269 I EntSec  : [NQS   ] [TQS_FWD    ] "The message to TQS will not be sent; tqs is down."
03-22 18:21:29.160   269   269 E EntSec  : [NQS   ] [NQS_Source ] "TQS is not ready yet, wait 1 sec and try again"
03-22 18:21:30.160   269   269 I EntSec  : [NQS   ] [NQS_Source ] "attempt number 41: send Is Ready request to TQS"
03-22 18:21:30.160   269   269 I EntSec  : [NQS   ] [TQS_FWD    ] "The message to TQS will not be sent; tqs is down."
03-22 18:21:30.160   269   269 E EntSec  : [NQS   ] [NQS_Source ] "TQS is not ready yet, wait 1 sec and try again"
03-22 18:21:31.160   269   269 I EntSec  : [NQS   ] [NQS_Source ] "attempt number 42: send Is Ready request to TQS"
03-22 18:21:31.160   269   269 I EntSec  : [NQS   ] [TQS_FWD    ] "The message to TQS will not be sent; tqs is down."
03-22 18:21:31.160   269   269 E EntSec  : [NQS   ] [NQS_Source ] "TQS is not ready yet, wait 1 sec and try again"
03-22 18:21:32.160   269   269 I EntSec  : [NQS   ] [NQS_Source ] "attempt number 43: send Is Ready request to TQS"
03-22 18:21:32.160   269   269 I EntSec  : [NQS   ] [TQS_FWD    ] "The message to TQS will not be sent; tqs is down."
03-22 18:21:32.160   269   269 E EntSec  : [NQS   ] [NQS_Source ] "TQS is not ready yet, wait 1 sec and try again"
03-22 18:21:33.160   269   269 I EntSec  : [NQS   ] [NQS_Source ] "attempt number 44: send Is Ready request to TQS"
03-22 18:21:33.160   269   269 I EntSec  : [NQS   ] [TQS_FWD    ] "The message to TQS will not be sent; tqs is down."
03-22 18:21:33.160   269   269 E EntSec  : [NQS   ] [NQS_Source ] "TQS is not ready yet, wait 1 sec and try again"
03-22 18:21:34.160   269   269 I EntSec  : [NQS   ] [NQS_Source ] "attempt number 45: send Is Ready request to TQS"
03-22 18:21:34.160   269   269 I EntSec  : [NQS   ] [TQS_FWD    ] "The message to TQS will not be sent; tqs is down."
03-22 18:21:34.160   269   269 E EntSec  : [NQS   ] [NQS_Source ] "TQS is not ready yet, wait 1 sec and try again"
03-22 18:21:35.160   269   269 I EntSec  : [NQS   ] [NQS_Source ] "attempt number 46: send Is Ready request to TQS"
03-22 18:21:35.160   269   269 I EntSec  : [NQS   ] [TQS_FWD    ] "The message to TQS will not be sent; tqs is down."
03-22 18:21:35.160   269   269 E EntSec  : [NQS   ] [NQS_Source ] "TQS is not ready yet, wait 1 sec and try again"
03-22 18:21:36.160   269   269 I EntSec  : [NQS   ] [NQS_Source ] "attempt number 47: send Is Ready request to TQS"
03-22 18:21:36.160   269   269 I EntSec  : [NQS   ] [TQS_FWD    ] "The message to TQS will not be sent; tqs is down."
03-22 18:21:36.160   269   269 E EntSec  : [NQS   ] [NQS_Source ] "TQS is not ready yet, wait 1 sec and try again"
03-22 18:21:37.160   269   269 I EntSec  : [NQS   ] [NQS_Source ] "attempt number 48: send Is Ready request to TQS"
03-22 18:21:37.160   269   269 I EntSec  : [NQS   ] [TQS_FWD    ] "The message to TQS will not be sent; tqs is down."
03-22 18:21:37.160   269   269 E EntSec  : [NQS   ] [NQS_Source ] "TQS is not ready yet, wait 1 sec and try again"
03-22 18:21:38.160   269   269 I EntSec  : [NQS   ] [NQS_Source ] "attempt number 49: send Is Ready request to TQS"
03-22 18:21:38.160   269   269 I EntSec  : [NQS   ] [TQS_FWD    ] "The message to TQS will not be sent; tqs is down."
03-22 18:21:38.160   269   269 E EntSec  : [NQS   ] [NQS_Source ] "TQS is not ready yet, wait 1 sec and try again"
03-22 18:21:39.160   269   269 I EntSec  : [NQS   ] [NQS_Source ] "attempt number 50: send Is Ready request to TQS"
03-22 18:21:39.160   269   269 I EntSec  : [NQS   ] [TQS_FWD    ] "The message to TQS will not be sent; tqs is down."
03-22 18:21:39.160   269   269 E EntSec  : [NQS   ] [NQS_Source ] "TQS is not ready yet, wait 1 sec and try again"
03-22 18:21:40.160   269   269 I EntSec  : [NQS   ] [NQS_Source ] "attempt number 51: send Is Ready request to TQS"
03-22 18:21:40.160   269   269 I EntSec  : [NQS   ] [TQS_FWD    ] "The message to TQS will not be sent; tqs is down."
03-22 18:21:40.160   269   269 E EntSec  : [NQS   ] [NQS_Source ] "TQS is not ready yet, wait 1 sec and try again"
03-22 18:21:41.160   269   269 I EntSec  : [NQS   ] [NQS_Source ] "attempt number 52: send Is Ready request to TQS"
03-22 18:21:41.160   269   269 I EntSec  : [NQS   ] [TQS_FWD    ] "The message to TQS will not be sent; tqs is down."
03-22 18:21:41.160   269   269 E EntSec  : [NQS   ] [NQS_Source ] "TQS is not ready yet, wait 1 sec and try again"
03-22 18:21:42.160   269   269 I EntSec  : [NQS   ] [NQS_Source ] "attempt number 53: send Is Ready request to TQS"
03-22 18:21:42.160   269   269 I EntSec  : [NQS   ] [TQS_FWD    ] "The message to TQS will not be sent; tqs is down."
03-22 18:21:42.160   269   269 E EntSec  : [NQS   ] [NQS_Source ] "TQS is not ready yet, wait 1 sec and try again"
03-22 18:21:43.160   269   269 I EntSec  : [NQS   ] [NQS_Source ] "attempt number 54: send Is Ready request to TQS"
03-22 18:21:43.160   269   269 I EntSec  : [NQS   ] [TQS_FWD    ] "The message to TQS will not be sent; tqs is down."
03-22 18:21:43.160   269   269 E EntSec  : [NQS   ] [NQS_Source ] "TQS is not ready yet, wait 1 sec and try again"
03-22 18:21:44.160   269   269 I EntSec  : [NQS   ] [NQS_Source ] "attempt number 55: send Is Ready request to TQS"
03-22 18:21:44.160   269   269 I EntSec  : [NQS   ] [TQS_FWD    ] "The message to TQS will not be sent; tqs is down."
03-22 18:21:44.160   269   269 E EntSec  : [NQS   ] [NQS_Source ] "TQS is not ready yet, wait 1 sec and try again"
03-22 18:21:45.160   269   269 I EntSec  : [NQS   ] [NQS_Source ] "attempt number 56: send Is Ready request to TQS"
03-22 18:21:45.160   269   269 I EntSec  : [NQS   ] [TQS_FWD    ] "The message to TQS will not be sent; tqs is down."
03-22 18:21:45.160   269   269 E EntSec  : [NQS   ] [NQS_Source ] "TQS is not ready yet, wait 1 sec and try again"
03-22 18:21:46.160   269   269 I EntSec  : [NQS   ] [NQS_Source ] "attempt number 57: send Is Ready request to TQS"
03-22 18:21:46.160   269   269 I EntSec  : [NQS   ] [TQS_FWD    ] "The message to TQS will not be sent; tqs is down."
03-22 18:21:46.160   269   269 E EntSec  : [NQS   ] [NQS_Source ] "TQS is not ready yet, wait 1 sec and try again"
03-22 18:21:47.160   269   269 I EntSec  : [NQS   ] [NQS_Source ] "attempt number 58: send Is Ready request to TQS"
03-22 18:21:47.160   269   269 I EntSec  : [NQS   ] [TQS_FWD    ] "The message to TQS will not be sent; tqs is down."
03-22 18:21:47.160   269   269 E EntSec  : [NQS   ] [NQS_Source ] "TQS is not ready yet, wait 1 sec and try again"
03-22 18:21:48.160   269   269 I EntSec  : [NQS   ] [NQS_Source ] "attempt number 59: send Is Ready request to TQS"
03-22 18:21:48.160   269   269 I EntSec  : [NQS   ] [TQS_FWD    ] "The message to TQS will not be sent; tqs is down."
03-22 18:21:48.160   269   269 E EntSec  : [NQS   ] [NQS_Source ] "TQS is not ready yet, wait 1 sec and try again"
03-22 18:21:49.160   269   269 I EntSec  : [NQS   ] [NQS_Source ] "Check Is TQS Ready - end"
03-22 18:21:49.160   269   269 D EntSec  : [NQS   ] [NQS_Source ] " ---------------------------------------------------------------"
03-22 18:21:49.160   269   269 D EntSec  : [NQS   ] [NQS_Source ] " ---------------------------------------------------------------"
03-22 18:21:49.160   269   269 I EntSec  : [NQS   ] [NQS_Source ] "Getting Port Name -handling"
03-22 18:21:49.160   269   269 I EntSec  : [NQS   ] [TQS_FWD    ] "The message to TQS will not be sent; tqs is down."
03-22 18:21:49.160   269   269 E EntSec  : [NQS   ] [NQS_Source ] "Failed on getting the port name response from TQS."
03-22 18:21:49.160   269   269 D EntSec  : [NQS   ] [NQS_Source ] "Starting with Default Port"
03-22 18:21:49.160   269   269 I EntSec  : [NQS   ] [MAIN       ] "NQS activated successfully [Compiled on: Apr 29 2014:17:25:27]"
03-22 18:21:49.160   269   269 D EntSec  : [NQS   ] [MAIN       ] "Dealing with fd 9 BEGINS [0xbeec4814]"
03-22 18:21:49.160   269   269 D EntSec  : [NQS   ] [QSB_SOURCE ] "The file descriptor 9 contained in the QsbSource openFds set"
03-22 18:21:49.160   269   269 D EntSec  : [NQS   ] [QSB_SOURCE ] " ---------------------------------------------------------------"
03-22 18:21:49.160   269   269 I EntSec  : [NQS   ] [QSB_SOURCE ] "Loading port -handling"
03-22 18:21:49.160   269   269 D EntSec  : [NQS   ] [ACK_DB     ] "Clearing OutstandingAck DB"
03-22 18:21:49.160   269   269 I EntSec  : [NQS   ] [QSB_SOURCE ] "According to TQS, need to load the default port. Sending a message to QSB"
03-22 18:21:49.160   269   269 I EntSec  : [NQS   ] [QSB_COMM   ] "send load default port command to a QSB."
03-22 18:21:49.160   269   269 I EntSec  : [NQS   ] [QSB_SOURCE ] "Message sent to the QSB; QSB will be initialized with the default port"
03-22 18:21:49.160   269   269 I EntSec  : [NQS   ] [QSB_SOURCE ] "Loading port mechanism - handling completed"
03-22 18:21:49.160   269   269 D EntSec  : [NQS   ] [QSB_SOURCE ] " ---------------------------------------------------------------"
03-22 18:21:49.160   269   269 D EntSec  : [NQS   ] [MAIN       ] "Dealing with fd 9 has Ended [0xbeec4814]"
03-22 18:21:49.160   269   269 D EntSec  : [NQS   ] [MAIN       ] "Dealing with fd 9 BEGINS [0xbeec4814]"
03-22 18:21:49.160   269   269 D EntSec  : [NQS   ] [QSB_SOURCE ] "The file descriptor 9 contained in the QsbSource openFds set"
03-22 18:21:49.160   269   269 D EntSec  : [NQS   ] [QSB_SOURCE ] "Currently reached the limit of pending connections. Will not be accepting new connections from here on"
03-22 18:21:49.160   269   269 D EntSec  : [NQS   ] [QSB_SOURCE ] " ---------------------------------------------------------------"
03-22 18:21:49.160   269   269 I EntSec  : [NQS   ] [QSB_SOURCE ] "Loading port -handling"
03-22 18:21:49.160   269   269 D EntSec  : [NQS   ] [ACK_DB     ] "Clearing OutstandingAck DB"
03-22 18:21:49.160   269   269 I EntSec  : [NQS   ] [QSB_SOURCE ] "According to TQS, need to load the default port. Sending a message to QSB"
03-22 18:21:49.160   269   269 I EntSec  : [NQS   ] [QSB_COMM   ] "send load default port command to a QSB."
03-22 18:21:49.160   269   269 I EntSec  : [NQS   ] [QSB_SOURCE ] "Message sent to the QSB; QSB will be initialized with the default port"
03-22 18:21:49.160   269   269 I EntSec  : [NQS   ] [QSB_SOURCE ] "Loading port mechanism - handling completed"
03-22 18:21:49.160   269   269 D EntSec  : [NQS   ] [QSB_SOURCE ] " ---------------------------------------------------------------"
03-22 18:21:49.160   269   269 D EntSec  : [NQS   ] [MAIN       ] "Setting status to READY"
03-22 18:21:49.160   269   269 D EntSec  : [NQS   ] [MAIN       ] "Dealing with fd 9 has Ended [0xbeec4814]"
03-22 18:32:15.030   924   988 D QcConnectivityService: Sampling interval elapsed, updating statistics ..
03-22 18:32:15.050   924   988 D QcConnectivityService: Done.
03-22 18:32:15.050   924   988 D QcConnectivityService: Setting timer for 720seconds
03-22 18:33:12.280   924   988 D QcConnectivityService: tryFailover: set mActiveDefaultNetwork=-1, prevNetType=1
03-22 18:33:12.280   924   988 D QcConnectivityService: Attempting to switch to BLUETOOTH_TETHER
03-22 18:33:12.410   924   988 D QcConnectivityService: resetConnections(wlan0, 3)
03-22 18:33:12.610   924   988 D Nat464Xlat: requiresClat: netType=1, hasIPv4Address=false
03-22 18:33:15.620   924  1075 D QcConnectivityService: setProvNotificationVisible: E visible=false networkType=1 extraInfo=null url=null
03-22 18:33:15.660   924   988 D QcConnectivityService: Captive portal check NetworkInfo: type: WIFI[], state: CONNECTING/CAPTIVE_PORTAL_CHECK, reason: (unspecified), extra: "1503", roaming: false, failover: false, isAvailable: true, isConnectedToProvisioningNetwork: false
03-22 18:33:15.660   924   988 D QcConnectivityService: handleCaptivePortalTrackerCheck: call captivePortalCheckComplete ni=NetworkInfo: type: WIFI[], state: CONNECTING/CAPTIVE_PORTAL_CHECK, reason: (unspecified), extra: "1503", roaming: false, failover: false, isAvailable: true, isConnectedToProvisioningNetwork: false
03-22 18:33:15.660   924   988 D QcConnectivityService: handleInetConditionChange: no active default network - ignore
03-22 18:33:15.680   924   988 E QcConnectivityService: Unexpected mtu value: android.net.wifi.WifiStateTracker@4240d2f0
03-22 18:33:15.810   924   988 D Nat464Xlat: requiresClat: netType=1, hasIPv4Address=true
03-22 18:33:16.760   924   988 D QcConnectivityService: handleConnectivityChange: addresses changed linkProperty[1]: resetMask=0
03-22 18:33:16.760   924   988 D QcConnectivityService:    car=removed=[] added=[fe80::ce1b:e0ff:fe60:dc7/64,]
03-22 18:33:16.760   924   988 E QcConnectivityService: Exception while trying to add src route: java.lang.NullPointerException
03-22 18:33:16.760   924   988 D Nat464Xlat: requiresClat: netType=1, hasIPv4Address=true
03-22 18:33:28.830   924  1075 D QcConnectivityService: setProvNotificationVisible: E visible=false networkType=1 extraInfo=null url=null
03-22 18:33:29.330   924  1075 D QcConnectivityService: captivePortalCheckCompleted: ni=NetworkInfo: type: WIFI[], state: CONNECTED/CONNECTED, reason: (unspecified), extra: "1503", roaming: false, failover: false, isAvailable: true, isConnectedToProvisioningNetwork: false captive=false
03-22 18:49:15.610   924   988 D QcConnectivityService: Sampling interval elapsed, updating statistics ..
03-22 18:49:15.630   924   947 I ProcessStatsService: Prepared write state in 12ms
03-22 18:49:15.630   924   988 D QcConnectivityService: Done.
03-22 18:49:15.630   924   988 D QcConnectivityService: Setting timer for 720seconds
03-22 18:49:15.640   924   948 I ProcessStatsService: Pruning old procstats: /data/system/procstats/state-2016-03-21-21-39-01.bin
03-22 18:49:15.650   924   947 I ProcessStatsService: Prepared write state in 19ms
03-22 18:49:58.410   924   947 I ActivityManager: Killing 1983:com.qualcomm.atuner/u0a65 (adj 15): empty for 1824s
03-22 18:49:58.410   924   947 I ActivityManager: Killing 1880:com.qualcomm.rcsbootstraputil/1001 (adj 15): empty for 1825s
03-22 18:49:58.410   924   947 I ActivityManager: Killing 1863:com.qualcomm.display/1000 (adj 15): empty for 1825s
03-22 18:49:58.410   924   947 I ActivityManager: Killing 1846:com.qualcomm.qct.dlt/u0a45 (adj 15): empty for 1825s
03-22 18:49:58.410   924   947 I ActivityManager: Killing 1833:com.android.exchange/u0a28 (adj 15): empty for 1825s
03-22 18:49:58.410   924   947 I ActivityManager: Killing 1770:com.android.cellbroadcastreceiver/u0a23 (adj 15): empty for 1826s
03-22 18:49:58.410   924   947 I ActivityManager: Killing 1068:android.process.acore/u0a2 (adj 15): empty for 1826s
03-22 18:52:39.120   924   988 D QcConnectivityService: tryFailover: set mActiveDefaultNetwork=-1, prevNetType=1
03-22 18:52:39.120   924   988 D QcConnectivityService: Attempting to switch to BLUETOOTH_TETHER
03-22 18:52:39.240   924   988 D QcConnectivityService: resetConnections(wlan0, 3)
03-22 18:52:39.430   924   988 D Nat464Xlat: requiresClat: netType=1, hasIPv4Address=false
03-22 18:52:42.430   924  1075 D QcConnectivityService: setProvNotificationVisible: E visible=false networkType=1 extraInfo=null url=null
03-22 18:52:42.900   924   988 D QcConnectivityService: Captive portal check NetworkInfo: type: WIFI[], state: CONNECTING/CAPTIVE_PORTAL_CHECK, reason: (unspecified), extra: "1503", roaming: false, failover: false, isAvailable: true, isConnectedToProvisioningNetwork: false
03-22 18:52:42.900   924   988 D QcConnectivityService: handleCaptivePortalTrackerCheck: call captivePortalCheckComplete ni=NetworkInfo: type: WIFI[], state: CONNECTING/CAPTIVE_PORTAL_CHECK, reason: (unspecified), extra: "1503", roaming: false, failover: false, isAvailable: true, isConnectedToProvisioningNetwork: false
03-22 18:52:42.900   924   988 D QcConnectivityService: handleInetConditionChange: no active default network - ignore
03-22 18:52:42.920   924   988 E QcConnectivityService: Unexpected mtu value: android.net.wifi.WifiStateTracker@4240d2f0
03-22 18:52:43.000   924   947 W ProcessCpuTracker: Skipping unknown process pid 7079
03-22 18:52:43.040   924   988 D Nat464Xlat: requiresClat: netType=1, hasIPv4Address=true
03-22 18:52:44.060   924   988 D QcConnectivityService: handleConnectivityChange: addresses changed linkProperty[1]: resetMask=0
03-22 18:52:44.060   924   988 D QcConnectivityService:    car=removed=[] added=[fe80::ce1b:e0ff:fe60:dc7/64,]
03-22 18:52:44.060   924   988 E QcConnectivityService: Exception while trying to add src route: java.lang.NullPointerException
03-22 18:52:44.060   924   988 D Nat464Xlat: requiresClat: netType=1, hasIPv4Address=true
03-22 18:52:56.060   924  1075 D QcConnectivityService: setProvNotificationVisible: E visible=false networkType=1 extraInfo=null url=null
03-22 18:52:56.120   924  1075 D QcConnectivityService: captivePortalCheckCompleted: ni=NetworkInfo: type: WIFI[], state: CONNECTED/CONNECTED, reason: (unspecified), extra: "1503", roaming: false, failover: false, isAvailable: true, isConnectedToProvisioningNetwork: false captive=false
03-22 19:01:15.630   924   988 D QcConnectivityService: Sampling interval elapsed, updating statistics ..
03-22 19:01:15.650   924   988 D QcConnectivityService: Done.
03-22 19:01:15.650   924   988 D QcConnectivityService: Setting timer for 720seconds
03-22 19:11:23.690   924   988 D QcConnectivityService: tryFailover: set mActiveDefaultNetwork=-1, prevNetType=1
03-22 19:11:23.690   924   988 D QcConnectivityService: Attempting to switch to BLUETOOTH_TETHER
03-22 19:11:23.810   924   988 D QcConnectivityService: resetConnections(wlan0, 3)
03-22 19:11:24.010   924   988 D Nat464Xlat: requiresClat: netType=1, hasIPv4Address=false
03-22 19:11:27.020   924  1075 D QcConnectivityService: setProvNotificationVisible: E visible=false networkType=1 extraInfo=null url=null
03-22 19:11:27.200   924   947 W ProcessCpuTracker: Skipping unknown process pid 8415
03-22 19:11:27.200   924   947 W ProcessCpuTracker: Skipping unknown process pid 8418
03-22 19:11:27.550   924   988 D QcConnectivityService: Captive portal check NetworkInfo: type: WIFI[], state: CONNECTING/CAPTIVE_PORTAL_CHECK, reason: (unspecified), extra: "1503", roaming: false, failover: false, isAvailable: true, isConnectedToProvisioningNetwork: false
03-22 19:11:27.550   924   988 D QcConnectivityService: handleCaptivePortalTrackerCheck: call captivePortalCheckComplete ni=NetworkInfo: type: WIFI[], state: CONNECTING/CAPTIVE_PORTAL_CHECK, reason: (unspecified), extra: "1503", roaming: false, failover: false, isAvailable: true, isConnectedToProvisioningNetwork: false
03-22 19:11:27.550   924   988 D QcConnectivityService: handleInetConditionChange: no active default network - ignore
03-22 19:11:27.570   924   988 E QcConnectivityService: Unexpected mtu value: android.net.wifi.WifiStateTracker@4240d2f0
03-22 19:11:27.690   924   988 D Nat464Xlat: requiresClat: netType=1, hasIPv4Address=true
03-22 19:11:29.350   924   988 D QcConnectivityService: handleConnectivityChange: addresses changed linkProperty[1]: resetMask=0
03-22 19:11:29.350   924   988 D QcConnectivityService:    car=removed=[] added=[fe80::ce1b:e0ff:fe60:dc7/64,]
03-22 19:11:29.350   924   988 E QcConnectivityService: Exception while trying to add src route: java.lang.NullPointerException
03-22 19:11:29.350   924   988 D Nat464Xlat: requiresClat: netType=1, hasIPv4Address=true
03-22 19:11:40.710   924  1075 D QcConnectivityService: setProvNotificationVisible: E visible=false networkType=1 extraInfo=null url=null
03-22 19:11:43.340   924  1075 D QcConnectivityService: captivePortalCheckCompleted: ni=NetworkInfo: type: WIFI[], state: CONNECTED/CONNECTED, reason: (unspecified), extra: "1503", roaming: false, failover: false, isAvailable: true, isConnectedToProvisioningNetwork: false captive=false
03-22 19:13:15.650   924   988 D QcConnectivityService: Sampling interval elapsed, updating statistics ..
03-22 19:13:15.660   924   988 D QcConnectivityService: Done.
03-22 19:13:15.660   924   988 D QcConnectivityService: Setting timer for 720seconds
03-22 19:14:40.030   924   947 W ProcessCpuTracker: Skipping unknown process pid 9169
03-22 19:16:35.880   924   947 W ProcessCpuTracker: Skipping unknown process pid 9346
03-22 19:20:00.010   924   947 I ProcessStatsService: Prepared write state in 15ms
03-22 19:25:15.830   924   988 D QcConnectivityService: Sampling interval elapsed, updating statistics ..
03-22 19:25:15.850   924   988 D QcConnectivityService: Done.
03-22 19:25:15.850   924   988 D QcConnectivityService: Setting timer for 720seconds
03-22 19:26:46.630   924   988 D QcConnectivityService: tryFailover: set mActiveDefaultNetwork=-1, prevNetType=1
03-22 19:26:46.630   924   988 D QcConnectivityService: Attempting to switch to BLUETOOTH_TETHER
03-22 19:26:46.770   924   988 D QcConnectivityService: resetConnections(wlan0, 3)
03-22 19:26:46.960   924   988 D Nat464Xlat: requiresClat: netType=1, hasIPv4Address=false
03-22 19:26:49.970   924  1075 D QcConnectivityService: setProvNotificationVisible: E visible=false networkType=1 extraInfo=null url=null
03-22 19:26:50.760   924   988 D QcConnectivityService: Captive portal check NetworkInfo: type: WIFI[], state: CONNECTING/CAPTIVE_PORTAL_CHECK, reason: (unspecified), extra: "1503", roaming: false, failover: false, isAvailable: true, isConnectedToProvisioningNetwork: false
03-22 19:26:50.760   924   988 D QcConnectivityService: handleCaptivePortalTrackerCheck: call captivePortalCheckComplete ni=NetworkInfo: type: WIFI[], state: CONNECTING/CAPTIVE_PORTAL_CHECK, reason: (unspecified), extra: "1503", roaming: false, failover: false, isAvailable: true, isConnectedToProvisioningNetwork: false
03-22 19:26:50.760   924   988 D QcConnectivityService: handleInetConditionChange: no active default network - ignore
03-22 19:26:50.780   924   988 E QcConnectivityService: Unexpected mtu value: android.net.wifi.WifiStateTracker@4240d2f0
03-22 19:26:50.900   924   988 D Nat464Xlat: requiresClat: netType=1, hasIPv4Address=true
