03-23 01:11:20.400   210 28856 E mm-still: OMX_ERRORTYPE OMXJpegEncoder::startThumbnailEncode():827] lThumbSize 221184
03-23 01:11:20.400   210 28856 E mm-still: virtual int QImageSWEncoder::SetOutputMode(QImageEncoderInterface::QIOutputMode):356] state 0
03-23 01:11:20.400   210 28856 E mm-still: virtual int QImageSWEncoder::setEncodeParams(QIEncodeParams&):554] state 0
03-23 01:11:20.400   210 28856 E mm-still: virtual int QImageSWEncoder::addInputImage(QImage&):682] state 0
03-23 01:11:20.400   210 28856 E mm-still: void QImageSWEncoder::ConfigureDimensions():639] dim pad 2048x2048 orig 2048x2048
03-23 01:11:20.400   210 28856 E mm-still: void QImageSWEncoder::ConfigureDimensions():660] input 2048x2048 crop (0, 0) output 512x288
03-23 01:11:20.400   210 28856 E mm-still: virtual int QImageSWEncoder::addInputImage(QImage&):726] Y addr 0xb040d000 len 4194304 fd 155
03-23 01:11:20.400   210 28856 E mm-still: virtual int QImageSWEncoder::addInputImage(QImage&):744] CbCr addr 0xb080d000 len 2097152 fd 155
03-23 01:11:20.400   210 28856 E mm-still: virtual int QImageSWEncoder::addOutputImage(QImage&):775] state 0
03-23 01:11:20.400   210 28856 E mm-still: virtual int QImageSWEncoder::addObserver(QImageEncoderObserver&):804] state 0 0xb858d91c
03-23 01:11:20.400   210 28856 E mm-still: OMX_ERRORTYPE OMXJpegEncoder::startThumbnailEncode():880] startThumbnailEncode()
03-23 01:11:20.400   210 28856 E mm-still: virtual int QImageSWEncoder::Start():393] E state 0
03-23 01:11:20.400   210 28856 E mm-still: jpege_engine_sw_configure luma_start_offset 0 chroma_start_offset 0
03-23 01:11:20.400   210 28856 E mm-still: int QIThread::StartThread(QThreadObject*, bool): before wait
03-23 01:11:20.400   210 28858 E mm-still: void QImageSWEncoder::Encode():1977] 
03-23 01:11:20.400   210 28856 E mm-still: int QIThread::StartThread(QThreadObject*, bool): after wait
03-23 01:11:20.400   210 28856 E mm-still: virtual int QImageSWEncoder::Start():452] X
03-23 01:11:20.400   210 28856 E mm-still: OMX_ERRORTYPE OMXJpegEncoder::startThumbnailEncode():889] Started Thumbnail encoding
03-23 01:11:20.400   210 28856 E mm-still: virtual OMX_ERRORTYPE QOMXImageCodec::handleMessage():451] before wait
03-23 01:11:20.410   210 28857 E jpeg_hw : jpege_lib_get_event:137] MSM_JPEG_IOCTL_EVT_GET rc = 0
03-23 01:11:20.410   210 28857 E mm-still: int QImageHW10Encoder::EventHandler(int):467] type 1
03-23 01:11:20.410   210 28857 E mm-still: int QImageHW10Encoder::EventHandler(int) 471: JPEG_EVT_SESSION_DONE
03-23 01:11:20.410   210 28857 E jpeg_hw : jpege_lib_get_input:158] MSM_JPEG_IOCTL_INPUT_GET rc = 0
03-23 01:11:20.410   210 28857 E mm-still: int QImageHW10Encoder::InputHandler(jpege_hw_buf*):415] type 0
03-23 01:11:20.410   210 28857 E jpeg_hw : jpege_lib_get_output:185] MSM_JPEG_IOCTL_OUTPUT_GET rc = 0
03-23 01:11:20.410   210 28857 E mm-still: int QImageHW10Encoder::OutputHandler(jpege_hw_buf*):347] type 1
03-23 01:11:20.410   210 28857 E mm-still: int QImageHW10Encoder::OutputHandler(jpege_hw_buf*) 352:Frame done length 191088
03-23 01:11:20.410   210 28857 E mm-still: virtual int OMXJpegEncoder::EncodeComplete(QImage*):524] 
03-23 01:11:20.410   210 28857 E mm-still: virtual int OMXJpegEncoder::EncodeComplete(QImage*):582] MainImage Encoding complete. Filled Length = 191088 m_thumbEncodingComplete 0
03-23 01:11:20.430   246 28789 E mm-camera: ispif_streamoff: session_id = 1, active_streams = 0
03-23 01:11:20.440   246 28789 E mm-camera: cpp_module_handle_streamoff_event:1973] iden:0x10004, linked_params:0x0
03-23 01:11:20.440   246 28789 E mm-camera: cpp_hardware_process_streamoff:510] skip_iden:0x0, duplicate_stream_status:0x0
03-23 01:11:20.440   246 28789 E mm-camera-sensor: module_sensor_module_process_event: Sending stop bus message
03-23 01:11:20.440   246 28789 E mm-camera: stop_sof_check_thread: Stopping SOF timeout thread
03-23 01:11:20.470   210 28858 E mm-still: void QImageSWEncoder::Encode():2085] 
03-23 01:11:20.470   210 28858 E mm-still: void QImageSWEncoder::Encode():2126] size 16212
03-23 01:11:20.470   210 28858 E mm-still: virtual int OMXJpegEncoder::EncodeComplete(QImage*):524] 
03-23 01:11:20.470   210 28858 E mm-still: virtual int OMXJpegEncoder::EncodeComplete(QImage*):532] Thumbnail Encoding complete.
03-23 01:11:20.470   210 28858 E mm-still: virtual OMX_ERRORTYPE QOMXImageCodec::postMessage(QIBase*):427] Message addr = 0xb858c660
03-23 01:11:20.470   210 28858 E mm-still: virtual int OMXJpegEncoder::EncodeComplete(QImage*):568] parallel encoding m_mainEncodingComplete 1
03-23 01:11:20.470   210 28858 D QCameraPostProc: static int qcamera::QCameraPostProcessor::getJpegMemory(omx_jpeg_ouput_buf_t*): Allocating jpeg out buffer of size: 387696
03-23 01:11:20.470   210 28856 E mm-still: virtual OMX_ERRORTYPE QOMXImageCodec::handleMessage():455] after cond wait
03-23 01:11:20.470   210 28856 E mm-still: virtual OMX_ERRORTYPE QOMXImageCodec::handleMessage():458] after wait
03-23 01:11:20.470   210 28856 E mm-still: virtual OMX_ERRORTYPE QOMXImageCodec::handleMessage():469] Message addr = 0xb858c660
03-23 01:11:20.470   210 28856 E mm-still: virtual OMX_ERRORTYPE OMXImageEncoder::processMessage(QIMessage*):1252] E
03-23 01:11:20.470   210 28856 E mm-still: virtual OMX_ERRORTYPE OMXImageEncoder::processMessage(QIMessage*):1311] OMX_MESSAGE_ETB_DONE
03-23 01:11:20.470   210 28856 E mm-still: virtual void QOMXImageCodec::emptyBufferDone(OMX_BUFFERHEADERTYPE*) 684]
03-23 01:11:20.470   210 28856 E mm-jpeg-intf: mm_jpeg_ebd:2541] count 0 
03-23 01:11:20.470   210 28856 E mm-still: virtual OMX_ERRORTYPE QOMXImageCodec::handleMessage():451] before wait
03-23 01:11:20.470   210 28858 E mm-still: virtual void OMXJpegEncoder::WriteComplete(QIBuffer&):684] 
03-23 01:11:20.470   210 28858 E mm-still: int OMXJpegEncoder::CompleteMainImage():472] Encoded image length 209094
03-23 01:11:20.470   210 28858 E mm-still: virtual OMX_ERRORTYPE QOMXImageCodec::postMessage(QIBase*):427] Message addr = 0xb8549190
03-23 01:11:20.470   210 28858 E mm-still: virtual OMX_ERRORTYPE QOMXImageCodec::postMessage(QIBase*):427] Message addr = 0xb85936f8
03-23 01:11:20.470   210 28856 E mm-still: virtual OMX_ERRORTYPE QOMXImageCodec::handleMessage():455] after cond wait
03-23 01:11:20.470   210 28856 E mm-still: virtual OMX_ERRORTYPE QOMXImageCodec::handleMessage():458] after wait
03-23 01:11:20.470   210 28856 E mm-still: virtual OMX_ERRORTYPE QOMXImageCodec::handleMessage():469] Message addr = 0xb8549190
03-23 01:11:20.470   210 28856 E mm-still: virtual OMX_ERRORTYPE OMXImageEncoder::processMessage(QIMessage*):1252] E
03-23 01:11:20.470   210 28856 E mm-still: virtual OMX_ERRORTYPE OMXImageEncoder::processMessage(QIMessage*):1311] OMX_MESSAGE_ETB_DONE
03-23 01:11:20.470   210 28856 E mm-still: virtual void QOMXImageCodec::emptyBufferDone(OMX_BUFFERHEADERTYPE*) 684]
03-23 01:11:20.470   210 28858 E mm-still: virtual OMX_ERRORTYPE QOMXImageCodec::postMessage(QIBase*):427] Message addr = 0xb8581e50
03-23 01:11:20.470   210 28856 E mm-jpeg-intf: mm_jpeg_ebd:2541] count 1 
03-23 01:11:20.470   210 28856 E mm-still: virtual OMX_ERRORTYPE QOMXImageCodec::handleMessage():451] before wait
03-23 01:11:20.470   210 28856 E mm-still: virtual OMX_ERRORTYPE QOMXImageCodec::handleMessage():458] after wait
03-23 01:11:20.470   210 28856 E mm-still: virtual OMX_ERRORTYPE QOMXImageCodec::handleMessage():469] Message addr = 0xb85936f8
03-23 01:11:20.470   210 28856 E mm-still: virtual OMX_ERRORTYPE OMXImageEncoder::processMessage(QIMessage*):1252] E
03-23 01:11:20.470   210 28856 E mm-still: virtual OMX_ERRORTYPE OMXImageEncoder::processMessage(QIMessage*):1323] OMX_MESSAGE_FTB_DONE
03-23 01:11:20.470   210 28856 E mm-still: virtual OMX_ERRORTYPE OMXJpegEncoder::releaseCurrentSession():1188] E
03-23 01:11:20.470   210 28856 E mm-still: virtual int QImageHW10Encoder::Stop():1110] mState 0
03-23 01:11:20.470   210 28856 E mm-still: void QIThread::JoinThread():76] thread id b857de40 b858d928
03-23 01:11:20.470   210 28856 E mm-still: virtual QImageSWEncoder::~QImageSWEncoder():298] state 0
03-23 01:11:20.470   210 28856 E mm-still: virtual int QImageSWEncoder::Stop():838] mState 0
03-23 01:11:20.470   210 28856 E mm-still: void QIThread::JoinThread():76] thread id b85787d0 b858d928
03-23 01:11:20.470   210 28856 E mm-still: virtual QImageSWEncoder::~QImageSWEncoder():335] X
03-23 01:11:20.470   210 28856 E mm-still: virtual OMX_ERRORTYPE OMXJpegEncoder::releaseCurrentSession():1255] X
03-23 01:11:20.470   210 28856 E mm-still: virtual void QOMXImageCodec::fillBufferDone(OMX_BUFFERHEADERTYPE*) 702]
03-23 01:11:20.470   210 28856 E mm-jpeg-intf: mm_jpeg_fbd:2557] count 0 
03-23 01:11:20.470   210 28856 E mm-jpeg-intf: [KPI Perf] : PROFILE_JPEG_FBD
03-23 01:11:20.470   210 28856 E mm-jpeg-intf: mm_jpeg_fbd:2575] send jpeg callback 0 buf 0x0xb85856e0 len 209094 JobID 16777216
03-23 01:11:20.470   210 28856 E mm-jpeg-intf: mm_jpegenc_destroy_job:2261] Exif entry count 5 9
03-23 01:11:20.470   210 28856 E mm-jpeg-intf: mm_jpeg_queue_remove_job_by_job_id:2742] found matching job id
03-23 01:11:20.470   210 28773 E mm-camera-intf: mm_stream_fsm_cfg: invalid state (3) for evt (9), in(0xb85854d0), out(0x0)
03-23 01:11:20.470   210 28856 E mm-jpeg-intf: mm_jpeg_fbd:2586] 
03-23 01:11:20.470   210 28773 E mm-camera-intf: mm_stream_fsm_cfg: invalid state (3) for evt (9), in(0xb858cafc), out(0x0)
03-23 01:11:20.470   210 28856 E mm-still: virtual OMX_ERRORTYPE QOMXImageCodec::handleMessage():451] before wait
03-23 01:11:20.470   210 28856 E mm-still: virtual OMX_ERRORTYPE QOMXImageCodec::handleMessage():458] after wait
03-23 01:11:20.470   210 28773 D QCameraPostProc: static void qcamera::QCameraPostProcessor::releaseJpegData(void*, void*) : Rleased job ID 16777216
03-23 01:11:20.470   210 28856 E mm-still: virtual OMX_ERRORTYPE QOMXImageCodec::handleMessage():469] Message addr = 0xb8581e50
03-23 01:11:20.470   210 28773 D QCameraPostProc: [KPI Perf] int32_t qcamera::QCameraPostProcessor::processJpegEvt(qcamera::qcamera_jpeg_evt_payload_t*) : jpeg job 16777216
03-23 01:11:20.470   210 28856 E mm-still: virtual OMX_ERRORTYPE OMXImageEncoder::processMessage(QIMessage*):1252] E
03-23 01:11:20.470   210 28856 E mm-still: virtual OMX_ERRORTYPE OMXImageEncoder::processMessage(QIMessage*):1357] OMX_MESSAGE_START_NEW_ENCODE
03-23 01:11:20.470   210 28773 D QCameraPostProc: int32_t qcamera::QCameraPostProcessor::processJpegEvt(qcamera::qcamera_jpeg_evt_payload_t*): Dump jpeg_size=209094
03-23 01:11:20.470   210 28773 E QCameraPostProc: int32_t qcamera::QCameraPostProcessor::processJpegEvt(qcamera::qcamera_jpeg_evt_payload_t*) : Calling upperlayer callback to store JPEG image
03-23 01:11:20.470   210 28856 E mm-still: virtual OMX_ERRORTYPE QOMXImageCodec::handleMessage():451] before wait
03-23 01:11:20.470   210 28773 E QCameraPostProc: [KPI Perf] int32_t qcamera::QCameraPostProcessor::processJpegEvt(qcamera::qcamera_jpeg_evt_payload_t*): PROFILE_JPEG_CB 
03-23 01:11:20.470   210 28793 E mm-jpeg-intf: mm_jpeg_get_session:55] client_idx 0 session_idx 0
03-23 01:11:20.470   210 28793 E mm-jpeg-intf: mm_jpeg_destroy_session:2346] abort todo jobs
03-23 01:11:20.470   210 28793 E mm-jpeg-intf: mm_jpeg_destroy_session:2354] abort ongoing jobs
03-23 01:11:20.470   210 28793 E mm-jpeg-intf: mm_jpeg_session_abort:1192] E
03-23 01:11:20.470   210 28793 E mm-jpeg-intf: mm_jpeg_session_abort:1234] X
03-23 01:11:20.470   210 28793 E mm-jpeg-intf: mm_jpeg_session_destroy:331] E
03-23 01:11:20.470   210 28793 E mm-jpeg-intf: mm_jpeg_session_change_state:209] new_state 2 p_exec 0x0
03-23 01:11:20.470   210 28793 E mm-still: virtual OMX_ERRORTYPE QOMXImageCodec::postMessage(QIBase*):427] Message addr = 0xb8581e50
03-23 01:11:20.470   210 28856 E mm-still: virtual OMX_ERRORTYPE QOMXImageCodec::handleMessage():455] after cond wait
03-23 01:11:20.470   210 28856 E mm-still: virtual OMX_ERRORTYPE QOMXImageCodec::handleMessage():458] after wait
03-23 01:11:20.470   210 28856 E mm-still: virtual OMX_ERRORTYPE QOMXImageCodec::handleMessage():469] Message addr = 0xb8581e50
03-23 01:11:20.470   210 28856 E mm-still: virtual OMX_ERRORTYPE OMXImageEncoder::processMessage(QIMessage*):1252] E
03-23 01:11:20.470   210 28856 E mm-still: virtual OMX_ERRORTYPE OMXImageEncoder::processMessage(QIMessage*):1266] OMX_MESSAGE_CHANGE_STATE
03-23 01:11:20.470   210 28856 E mm-still: virtual void QOMXImageCodec::changeState(OMX_STATETYPE):186] From Current State: 3 To New state: 2
03-23 01:11:20.470   210 28856 E mm-still: virtual OMX_ERRORTYPE OMXJpegEncoder::releaseCurrentSession():1188] E
03-23 01:11:20.470   210 28856 E mm-still: virtual int QImageHW10Encoder::Stop():1110] mState 0
03-23 01:11:20.470   210 28856 E mm-still: virtual OMX_ERRORTYPE OMXJpegEncoder::releaseCurrentSession():1255] X
03-23 01:11:20.470   210 28856 E mm-still: virtual void QOMXImageCodec::changeState(OMX_STATETYPE): 299] State change from OMX_StateExecuting to OMX_StateIdle
03-23 01:11:20.470   210 28856 E mm-jpeg-intf: mm_jpeg_event_handler:2603] 0 0 2 state 2
03-23 01:11:20.470   210 28793 E mm-jpeg-intf: mm_jpeg_session_change_state:234] 
03-23 01:11:20.470   210 28793 E mm-jpeg-intf: mm_jpeg_session_change_state:249] 
03-23 01:11:20.470   210 28793 E mm-jpeg-intf: mm_jpeg_session_change_state:251] before wait
03-23 01:11:20.470   210 28856 E mm-jpeg-intf: mm_jpeg_event_handler:2643]
03-23 01:11:20.470   210 28856 E mm-still: virtual OMX_ERRORTYPE QOMXImageCodec::handleMessage():451] before wait
03-23 01:11:20.470   210 28793 E mm-jpeg-intf: mm_jpeg_session_change_state:253] after wait
03-23 01:11:20.470   210 28793 E mm-jpeg-intf: mm_jpeg_session_change_state:256] 
03-23 01:11:20.470   210 28793 E mm-jpeg-intf: mm_jpeg_session_change_state:209] new_state 1 p_exec 0xb627b219
03-23 01:11:20.470   210 28793 E mm-still: virtual OMX_ERRORTYPE QOMXImageCodec::postMessage(QIBase*):427] Message addr = 0xb8581e50
03-23 01:11:20.470   210 28856 E mm-still: virtual OMX_ERRORTYPE QOMXImageCodec::handleMessage():455] after cond wait
03-23 01:11:20.470   210 28856 E mm-still: virtual OMX_ERRORTYPE QOMXImageCodec::handleMessage():458] after wait
03-23 01:11:20.470   210 28856 E mm-still: virtual OMX_ERRORTYPE QOMXImageCodec::handleMessage():469] Message addr = 0xb8581e50
03-23 01:11:20.470   210 28856 E mm-still: virtual OMX_ERRORTYPE OMXImageEncoder::processMessage(QIMessage*):1252] E
03-23 01:11:20.470   210 28856 E mm-still: virtual OMX_ERRORTYPE OMXImageEncoder::processMessage(QIMessage*):1266] OMX_MESSAGE_CHANGE_STATE
03-23 01:11:20.470   210 28856 E mm-still: virtual void QOMXImageCodec::changeState(OMX_STATETYPE):186] From Current State: 2 To New state: 1
03-23 01:11:20.470   210 28856 E mm-still: virtual void QOMXImageCodec::changeState(OMX_STATETYPE):219] State change from OMX_StateIdle to OMX_StateLoaded Pending
03-23 01:11:20.470   210 28856 E mm-still: virtual OMX_ERRORTYPE QOMXImageCodec::handleMessage():451] before wait
03-23 01:11:20.470   210 28793 E mm-jpeg-intf: mm_jpeg_session_change_state:234] 
03-23 01:11:20.470   210 28793 E mm-jpeg-intf: mm_jpeg_session_free_buffers:156] Source buffer 0
03-23 01:11:20.470   210 28793 E mm-still: virtual OMX_ERRORTYPE OMXImageEncoder::omx_component_free_buffer(OMX_HANDLETYPE, OMX_U32, OMX_BUFFERHEADERTYPE*):1895] state 2
03-23 01:11:20.470   210 28793 E mm-jpeg-intf: mm_jpeg_session_free_buffers:156] Source buffer 1
03-23 01:11:20.470   210 28793 E mm-still: virtual OMX_ERRORTYPE OMXImageEncoder::omx_component_free_buffer(OMX_HANDLETYPE, OMX_U32, OMX_BUFFERHEADERTYPE*):1895] state 2
03-23 01:11:20.470   210 28793 E mm-still: virtual OMX_ERRORTYPE OMXImageEncoder::omx_component_free_buffer(OMX_HANDLETYPE, OMX_U32, OMX_BUFFERHEADERTYPE*):1911] Releasing 2 input bufferheaders
03-23 01:11:20.470   210 28793 E mm-jpeg-intf: mm_jpeg_session_free_buffers:165] Source buffer 0
03-23 01:11:20.470   210 28793 E mm-still: virtual OMX_ERRORTYPE OMXImageEncoder::omx_component_free_buffer(OMX_HANDLETYPE, OMX_U32, OMX_BUFFERHEADERTYPE*):1895] state 2
03-23 01:11:20.470   210 28793 E mm-jpeg-intf: mm_jpeg_session_free_buffers:165] Source buffer 1
03-23 01:11:20.470   210 28793 E mm-still: virtual OMX_ERRORTYPE OMXImageEncoder::omx_component_free_buffer(OMX_HANDLETYPE, OMX_U32, OMX_BUFFERHEADERTYPE*):1895] state 2
03-23 01:11:20.470   210 28793 E mm-jpeg-intf: mm_jpeg_session_free_buffers:165] Source buffer 2
03-23 01:11:20.470   210 28793 E mm-still: virtual OMX_ERRORTYPE OMXImageEncoder::omx_component_free_buffer(OMX_HANDLETYPE, OMX_U32, OMX_BUFFERHEADERTYPE*):1895] state 2
03-23 01:11:20.470   210 28793 E mm-still: virtual OMX_ERRORTYPE OMXImageEncoder::omx_component_free_buffer(OMX_HANDLETYPE, OMX_U32, OMX_BUFFERHEADERTYPE*):1923]: Releasing 3 input Tmb bufferheaders
03-23 01:11:20.470   210 28793 E mm-jpeg-intf: mm_jpeg_session_free_buffers:174] Dest buffer 0
03-23 01:11:20.470   210 28793 E mm-still: virtual OMX_ERRORTYPE OMXImageEncoder::omx_component_free_buffer(OMX_HANDLETYPE, OMX_U32, OMX_BUFFERHEADERTYPE*):1895] state 2
03-23 01:11:20.470   210 28793 E mm-jpeg-intf: mm_jpeg_session_free_buffers:174] Dest buffer 1
03-23 01:11:20.470   210 28793 E mm-still: virtual OMX_ERRORTYPE OMXImageEncoder::omx_component_free_buffer(OMX_HANDLETYPE, OMX_U32, OMX_BUFFERHEADERTYPE*):1895] state 2
03-23 01:11:20.470   210 28793 E mm-still: virtual OMX_ERRORTYPE OMXImageEncoder::omx_component_free_buffer(OMX_HANDLETYPE, OMX_U32, OMX_BUFFERHEADERTYPE*):1935]: Releasing 2 output bufferheaders
03-23 01:11:20.470   210 28793 E mm-still: virtual OMX_ERRORTYPE OMXJpegEncoder::releaseCodecLibs():1161] E
03-23 01:11:20.470   210 28793 E mm-still: virtual int QImageHW10Encoder::Stop():1110] mState 0
03-23 01:11:20.470   210 28793 E jpeg_hw : jpege_lib_release:496] closed /dev/jpeg0
03-23 01:11:20.470   210 28793 E mm-still: void QImageHW10Encoder::UnLoad():1429: ptr 0xb2c2f5b8
03-23 01:11:20.470   210 28793 E mm-still: virtual OMX_ERRORTYPE OMXJpegEncoder::releaseCodecLibs():1172] X
03-23 01:11:20.470   210 28793 E mm-still: virtual OMX_ERRORTYPE QOMXImageCodec::postMessage(QIBase*):427] Message addr = 0xb8581e50
03-23 01:11:20.470   210 28793 E mm-still: virtual OMX_ERRORTYPE OMXImageEncoder::omx_component_free_buffer(OMX_HANDLETYPE, OMX_U32, OMX_BUFFERHEADERTYPE*):1965: Free Buffer complete: State change fromOMX_StateLoadedPending to OMX_StateLoaded
03-23 01:11:20.470   210 28793 E mm-jpeg-intf: mm_jpeg_session_free_buffers:181]
03-23 01:11:20.470   210 28793 E mm-jpeg-intf: mm_jpeg_session_change_state:249] 
03-23 01:11:20.470   210 28793 E mm-jpeg-intf: mm_jpeg_session_change_state:251] before wait
03-23 01:11:20.470   210 28856 E mm-still: virtual OMX_ERRORTYPE QOMXImageCodec::handleMessage():455] after cond wait
03-23 01:11:20.470   210 28856 E mm-still: virtual OMX_ERRORTYPE QOMXImageCodec::handleMessage():458] after wait
03-23 01:11:20.470   210 28856 E mm-still: virtual OMX_ERRORTYPE QOMXImageCodec::handleMessage():469] Message addr = 0xb8581e50
03-23 01:11:20.470   210 28856 E mm-still: virtual OMX_ERRORTYPE OMXImageEncoder::processMessage(QIMessage*):1252] E
03-23 01:11:20.470   210 28856 E mm-still: virtual OMX_ERRORTYPE OMXImageEncoder::processMessage(QIMessage*):1349] OMX_MESSAGE_CHANGE_STATE_DONE
03-23 01:11:20.470   210 28856 E mm-jpeg-intf: mm_jpeg_event_handler:2603] 0 0 1 state 2
03-23 01:11:20.470   210 28856 E mm-jpeg-intf: mm_jpeg_event_handler:2643]
03-23 01:11:20.470   210 28856 E mm-still: virtual OMX_ERRORTYPE QOMXImageCodec::handleMessage():451] before wait
03-23 01:11:20.470   210 28793 E mm-jpeg-intf: mm_jpeg_session_change_state:253] after wait
03-23 01:11:20.470   210 28793 E mm-jpeg-intf: mm_jpeg_session_change_state:256] 
03-23 01:11:20.470   210 28793 E qomx_image_core: OMX_FreeHandle:331] 
03-23 01:11:20.470   210 28793 E qomx_image_core: get_idx_from_handle:290] comp_idx 0 inst_idx 0
03-23 01:11:20.470   210 28793 E mm-still: OMX_ERRORTYPE qomx_component_deinit(OMX_HANDLETYPE) 206: Component State: 1 Calling Deinit
03-23 01:11:20.470   210 28793 E mm-still: virtual OMX_ERRORTYPE OMXImageEncoder::omx_component_deinit(OMX_HANDLETYPE) 2016]: 
03-23 01:11:20.470   210 28793 E mm-still: virtual OMX_ERRORTYPE OMXImageEncoder::omx_component_deinit(OMX_HANDLETYPE) 2032]: 
03-23 01:11:20.470   210 28793 E mm-still: void OMXImageEncoder::abortMessageThread() 1996]: mState 1
03-23 01:11:20.470   210 28793 E mm-still: void QIThread::JoinThread():76] thread id b858d928 b8548100
03-23 01:11:20.470   210 28856 E mm-still: virtual OMX_ERRORTYPE QOMXImageCodec::handleMessage():455] after cond wait
03-23 01:11:20.470   210 28856 E mm-still: virtual OMX_ERRORTYPE QOMXImageCodec::handleMessage():458] after wait
03-23 01:11:20.470   210 28793 E mm-still: virtual OMX_ERRORTYPE OMXImageEncoder::omx_component_deinit(OMX_HANDLETYPE) 2035]: m_state 1
03-23 01:11:20.470   210 28793 E qomx_image_core: OMX_FreeHandle:366] Success
03-23 01:11:20.470   210 28793 E mm-jpeg-intf: mm_jpeg_session_destroy:378] X
03-23 01:11:20.470   210 28793 E mm-jpeg-intf: mm_jpeg_remove_session_idx:118] client_idx 0 session_idx 0
03-23 01:11:20.470   210 28793 E mm-jpeg-intf: mm_jpeg_destroy_session:2390] X
03-23 01:11:20.470   210 28773 E mm-camera-intf: mm_channel_fsm_fn_stopped: invalid state (1) for evt (5)
03-23 01:11:20.480   210 28773 I QCameraHWI_Mem: deallocate: E 
03-23 01:11:20.480   210 28773 I QCameraHWI_Mem:  deallocate : X 
03-23 01:11:20.480   246 28789 E mm-camera: mct_stream_streamoff: Enter
03-23 01:11:20.480   246 28789 E mm-camera: mct_stream_streamoff: Enter
03-23 01:11:20.480   246 28789 E mm-camera-sensor: port_sensor_unlink_func:217 ide 10004
03-23 01:11:20.480   246 28789 E mm-camera-sensor: port_sensor_caps_unreserve:180 ide 10004
03-23 01:11:20.480   246 28789 E mm-camera: mct_stream_streamoff: Enter
03-23 01:11:20.480   246 28789 E mm-camera-sensor: port_sensor_unlink_func:217 ide 10005
03-23 01:11:20.480   246 28789 E mm-camera-sensor: port_sensor_caps_unreserve:180 ide 10005
03-23 01:11:20.490  1737 28859 D Camera-JNI: stopPreview
03-23 01:11:20.490   210   996 I CameraClient: stopPreview: Disable picture related messages
03-23 01:11:20.490   210   996 E QCamera2HWI: [KPI Perf] static void qcamera::QCamera2HardwareInterface::stop_preview(camera_device*): E PROFILE_STOP_PREVIEW
03-23 01:11:20.490   246 28809 E mm-camera: cpp_module_handle_streamoff_event:1973] iden:0x20002, linked_params:0x0
03-23 01:11:20.490   246 28809 E mm-camera: cpp_hardware_process_streamoff:510] skip_iden:0x0, duplicate_stream_status:0x0
03-23 01:11:20.500   246 28807 E mm-camera: isp_hw_action: last pix stop, pix_cnt = 1, cnt = 1
03-23 01:11:20.500   246 28839 E mm-camera: isp_thread_proc_cmd: start/stop, thread_data = 0xb8968a24, action_code = 2
03-23 01:11:20.500   246 28839 E mm-camera: isp_axi_util_subscribe_v4l2_event: event_type = 0x8000100, is_subscribe = 0
03-23 01:11:20.500   246 28807 E mm-camera: isp_hw_action: hw_thread for ack
03-23 01:11:20.590   246 28839 E mm-camera: stats_action_buf_config: cfg = 0, stats_mask = 0x6b8
03-23 01:11:20.590   246 28839 E mm-camera: isp_thread_proc_cmd: start/stop ack done, thread_data = 0xb8968a24, action_code = 3, rc = 0
03-23 01:11:20.590   246 28809 E mm-camera: stream id 2, stream num_meta 0
03-23 01:11:20.630   246 28809 E mm-camera: ispif_streamoff: session_id = 2, active_streams = 0
03-23 01:11:20.630   246 28809 E mm-camera-sensor: module_sensor_module_process_event: Sending stop bus message
03-23 01:11:20.630   246 28809 E mm-camera: stop_sof_check_thread: Stopping SOF timeout thread
03-23 01:11:20.640   210 28798 I QCameraHWI_Mem: deallocate: E 
03-23 01:11:20.650   210 28798 I QCameraHWI_Mem:  deallocate : X 
03-23 01:11:20.650   246 28809 E mm-camera: mct_stream_streamoff: Enter
03-23 01:11:20.650   246 28809 E mm-camera-sensor: port_sensor_unlink_func:217 ide 20002
03-23 01:11:20.650   246 28809 E mm-camera-sensor: port_sensor_caps_unreserve:180 ide 20002
03-23 01:11:20.660   246 28809 E mm-camera-img: faceproc_save_album:794] Error No album 
03-23 01:11:20.660   246 28809 E mm-camera-img: faceproc_comp_eng_destroy: Album save failed -1
03-23 01:11:20.660   210   210 E QCamera2HWI: [KPI Perf] static void qcamera::QCamera2HardwareInterface::stop_preview(camera_device*): E PROFILE_STOP_PREVIEW
03-23 01:11:20.660   210 28798 D QCameraStateMachine: int32_t qcamera::QCameraStateMachine::procEvtPreviewStoppedState(qcamera::qcamera_sm_evt_enum_t, void*): already in preview stopped state, do nothing
03-23 01:11:20.660   210 28798 D QCameraStateMachine: int32_t qcamera::QCameraStateMachine::procEvtPreviewStoppedState(qcamera::qcamera_sm_evt_enum_t, void*): No ops for evt(20) in state(0)
03-23 01:11:20.670   210   210 I CameraClient: Destroying camera 1
03-23 01:11:20.680   210   210 E mm-jpeg-intf: mm_jpeg_close:2500] E
03-23 01:11:20.680   210   210 E mm-jpeg-intf: mm_jpeg_close:2505] 
03-23 01:11:20.680   210   210 E mm-jpeg-intf: mm_jpeg_close:2513] 
03-23 01:11:20.680   210   210 E mm-jpeg-intf: mm_jpeg_close:2523] 
03-23 01:11:20.680   210   210 E mm-jpeg-intf: mm_jpeg_close:2530] X
03-23 01:11:20.680   210   210 E QCameraPostProc: int32_t qcamera::QCameraPostProcessor::deinit(): Jpeg closed, rc = 0, mJpegClientHandle = 31201
03-23 01:11:20.680   210   210 I Thermal-Lib: Thermal-Lib-Client: Unregisteration is successfull for handle:1
03-23 01:11:20.680   219   377 I ThermalEngine: Thermal-Server: removing client on fd 10
03-23 01:11:20.680   210   210 I Thermal-Lib: Thermal-Lib-Client: Unregisteration is successfull for handle:2
03-23 01:11:20.680   246 28809 E mm-camera: mct_pipeline_get_stream: no children
03-23 01:11:20.680   246 28809 E mm-camera: mct_pipeline_process_set:1402: Couldn't find stream
03-23 01:11:20.680   246 28863 E mm-camera: gyro_port_deinit: Deinit DSPS
03-23 01:11:20.690   246 28865 E mm-camera: module_imglib_free_port:1667 port 0xb8314800 p_mct_mod 0xb7ffa7c8
03-23 01:11:20.690   210 28798 D QCameraStateMachine: static void* qcamera::QCameraStateMachine::smEvtProcRoutine(void*): X
03-23 01:11:20.690  1737 28859 D Camera  : release camera success!
03-23 01:11:20.690  1737 28859 D Camera-JNI: stopPreview
03-23 01:11:20.690   210   996 I CameraClient: stopPreview: Disable picture related messages
03-23 01:11:20.690   210   996 E QCamera2HWI: [KPI Perf] static void qcamera::QCamera2HardwareInterface::stop_preview(camera_device*): E PROFILE_STOP_PREVIEW
03-23 01:11:20.690   210 28773 D QCameraStateMachine: int32_t qcamera::QCameraStateMachine::procEvtPreviewStoppedState(qcamera::qcamera_sm_evt_enum_t, void*): already in preview stopped state, do nothing
03-23 01:11:20.700   210   210 E QCamera2HWI: [KPI Perf] static void qcamera::QCamera2HardwareInterface::stop_preview(camera_device*): E PROFILE_STOP_PREVIEW
03-23 01:11:20.700   210 28773 D QCameraStateMachine: int32_t qcamera::QCameraStateMachine::procEvtPreviewStoppedState(qcamera::qcamera_sm_evt_enum_t, void*): already in preview stopped state, do nothing
03-23 01:11:20.700   210 28773 D QCameraStateMachine: int32_t qcamera::QCameraStateMachine::procEvtPreviewStoppedState(qcamera::qcamera_sm_evt_enum_t, void*): No ops for evt(20) in state(0)
03-23 01:11:20.700   210   210 I CameraClient: Destroying camera 0
03-23 01:11:20.710   246 28788 E mm-camera-sensor: Got some events
03-23 01:11:20.710   246 28788 E mm-camera-sensor: sensor_thread_func:152 sensor_thread_func:Sensor thread is exiting
03-23 01:11:20.730  1652  1652 D wpa_supplicant: RX ctrl_iface - hexdump(len=11): 53 49 47 4e 41 4c 5f 50 4f 4c 4c
03-23 01:11:20.730  1652  1652 D wpa_supplicant: wlan0: Control interface command 'SIGNAL_POLL'
03-23 01:11:20.740  1652  1652 D wpa_supplicant: nl80211: survey data missing!
03-23 01:11:21.010  2045  2059 E QcrilMsgTunnelSocket: IOException - java.io.IOException: No such file or directory Reason: No such file or directory
03-23 01:11:21.180   210   210 E mm-jpeg-intf: mm_jpeg_close:2500] E
03-23 01:11:21.180   210   210 E mm-jpeg-intf: mm_jpeg_close:2505] 
03-23 01:11:21.180   210   210 E mm-jpeg-intf: mm_jpeg_close:2513] 
03-23 01:11:21.180   210   210 E mm-jpeg-intf: mm_jpeg_close:2523] 
03-23 01:11:21.180   210   210 E mm-jpeg-intf: mm_jpeg_close:2530] X
03-23 01:11:21.180   210   210 E qomx_image_core: OMX_Deinit:118] Complete
03-23 01:11:21.200   210   210 E QCameraPostProc: int32_t qcamera::QCameraPostProcessor::deinit(): Jpeg closed, rc = 0, mJpegClientHandle = 31100
03-23 01:11:21.200   246 28789 E mm-camera: mct_pipeline_get_stream: no children
03-23 01:11:21.200   246 28789 E mm-camera: mct_pipeline_process_set:1402: Couldn't find stream
03-23 01:11:21.200   246 28870 E mm-camera: gyro_port_deinit: Deinit DSPS
03-23 01:11:21.200   246 28870 E mm-camera: gyro_port_deinit: DSPS deinited
03-23 01:11:21.200   246 28787 E mm-camera: c2d_thread_process_pipe_message:697, C2D_THREAD_MSG_ABORT: c2d_thread exiting..
03-23 01:11:21.200   210 28773 D QCameraStateMachine: static void* qcamera::QCameraStateMachine::smEvtProcRoutine(void*): X
03-23 01:11:21.200  1737 28859 D Camera  : release camera success!
03-23 01:11:21.210  1737 28859 D streaming: 01:11:21.212 24745.414 [CameraManager:run:153]: Stop cameras
03-23 01:11:22.800  1737 26357 D SystemInfo: Testing network interface: [rmnet1][4]
03-23 01:11:22.800  1737 26357 D SystemInfo: Testing network interface: [rmnet0][3]
03-23 01:11:22.800  1737 26357 D SystemInfo: Testing network interface: [rmnet7][10]
03-23 01:11:22.800  1737 26357 D SystemInfo: Testing network interface: [rmnet6][9]
03-23 01:11:22.800  1737 26357 D SystemInfo: Testing network interface: [rmnet5][8]
03-23 01:11:22.800  1737 26357 D SystemInfo: Testing network interface: [rmnet4][7]
03-23 01:11:22.800  1737 26357 D SystemInfo: Testing network interface: [rmnet3][6]
03-23 01:11:22.800  1737 26357 D SystemInfo: Testing network interface: [rmnet2][5]
03-23 01:11:22.800  1737 26357 D SystemInfo: Testing network interface: [rev_rmnet1][13]
03-23 01:11:22.800  1737 26357 D SystemInfo: Testing network interface: [rev_rmnet0][12]
03-23 01:11:22.800  1737 26357 D SystemInfo: Testing network interface: [rev_rmnet8][20]
03-23 01:11:22.800  1737 26357 D SystemInfo: Testing network interface: [rev_rmnet7][19]
03-23 01:11:22.800  1737 26357 D SystemInfo: Testing network interface: [rev_rmnet6][18]
03-23 01:11:22.800  1737 26357 D SystemInfo: Testing network interface: [rev_rmnet5][17]
03-23 01:11:22.800  1737 26357 D SystemInfo: Testing network interface: [rev_rmnet4][16]
03-23 01:11:22.800  1737 26357 D SystemInfo: Testing network interface: [rev_rmnet3][15]
03-23 01:11:22.800  1737 26357 D SystemInfo: Testing network interface: [rev_rmnet2][14]
03-23 01:11:22.800  1737 26357 D SystemInfo: Testing network interface: [dummy0][2]
03-23 01:11:22.800  1737 26357 D SystemInfo: Testing network interface: [wlan0][22][/fe80::ce1b:e0ff:fe60:dc7%wlan0%22][/192.168.7.66]
03-23 01:11:22.800  1737 26357 D SystemInfo: Testing address: /fe80::ce1b:e0ff:fe60:dc7%wlan0%22, host: fe80::ce1b:e0ff:fe60:dc7%wlan0
03-23 01:11:22.800  1737 26357 D SystemInfo: host rejected
03-23 01:11:22.810  1737 26357 D SystemInfo: Testing address: /192.168.7.66, host: 192.168.7.66
03-23 01:11:22.810  1737 26357 D SystemInfo: host approved
03-23 01:11:22.810  1737 26357 D SystemInfo: Testing network interface: [rmnet_usb0][11]
03-23 01:11:22.810  1737 26357 D SystemInfo: Testing network interface: [sit0][21]
03-23 01:11:22.810  1737 26357 D SystemInfo: Testing network interface: [p2p0][23]
03-23 01:11:22.810  1737 26357 D SystemInfo: Testing network interface: [lo][1][/::1%1%1][/127.0.0.1]
03-23 01:11:22.810  1737 26357 D SystemInfo: Testing address: /::1%1%1, host: ::1%1
03-23 01:11:22.810  1737 26357 D SystemInfo: host rejected
03-23 01:11:22.810  1737 26357 D SystemInfo: Testing address: /127.0.0.1, host: 127.0.0.1
03-23 01:11:22.810  1737 26357 D SystemInfo: host rejected
03-23 01:11:23.260 28873 28873 D QSEECOMAPI: : QSEECom_get_handle sb_length = 0x2000
03-23 01:11:23.260 28873 28873 D QSEECOMAPI: : App is not loaded in QSEE
03-23 01:11:23.260 28873 28873 E QSEECOMAPI: : Error::Cannot open the file /vendor/firmware/keymaster/keymaster.mdt
03-23 01:11:23.260 28873 28873 E QSEECOMAPI: : Error::Loading image failed with ret = -1
03-23 01:11:23.270 28873 28873 D QSEECOMAPI: : QSEECom_get_handle sb_length = 0x2000
03-23 01:11:23.270 28873 28873 D QSEECOMAPI: : App is not loaded in QSEE
03-23 01:11:23.270 28873 28873 E QSEECOMAPI: : Error::Cannot open the file /firmware/image/keymaste.mdt
03-23 01:11:23.270 28873 28873 E QSEECOMAPI: : Error::Loading image failed with ret = -1
03-23 01:11:23.280 28873 28873 E QCOMKeyMaster: Loading keymaster app failied
03-23 01:11:23.280 28873 28873 E keystore: could not open keymaster device in keystore (Operation not permitted)
03-23 01:11:23.280 28873 28873 E keystore: keystore keymaster could not be initialized; exiting
03-23 01:11:23.750  1652  1652 D wpa_supplicant: RX ctrl_iface - hexdump(len=11): 53 49 47 4e 41 4c 5f 50 4f 4c 4c
03-23 01:11:23.750  1652  1652 D wpa_supplicant: wlan0: Control interface command 'SIGNAL_POLL'
03-23 01:11:23.760  1652  1652 D wpa_supplicant: nl80211: survey data missing!
03-23 01:11:24.120   216   216 V WLAN_PSA: NL MSG, len[048], NL type[0x11] WNI type[0x5050] len[028]
03-23 01:11:24.500  1737  1741 D dalvikvm: GC_CONCURRENT freed 5389K, 66% free 18926K/55132K, paused 7ms+4ms, total 61ms
03-23 01:11:24.500  1737 28874 D dalvikvm: WAIT_FOR_CONCURRENT_GC blocked 44ms
03-23 01:11:24.500  1737  1746 D Camera  : release camera success!
03-23 01:11:24.500  1737  1746 D Camera  : release camera success!
03-23 01:11:24.830  1737 27626 D SystemInfo: Testing network interface: [rmnet1][4]
03-23 01:11:24.830  1737 27626 D SystemInfo: Testing network interface: [rmnet0][3]
03-23 01:11:24.830  1737 27626 D SystemInfo: Testing network interface: [rmnet7][10]
03-23 01:11:24.830  1737 27626 D SystemInfo: Testing network interface: [rmnet6][9]
03-23 01:11:24.830  1737 27626 D SystemInfo: Testing network interface: [rmnet5][8]
03-23 01:11:24.830  1737 27626 D SystemInfo: Testing network interface: [rmnet4][7]
03-23 01:11:24.830  1737 27626 D SystemInfo: Testing network interface: [rmnet3][6]
03-23 01:11:24.830  1737 27626 D SystemInfo: Testing network interface: [rmnet2][5]
03-23 01:11:24.830  1737 27626 D SystemInfo: Testing network interface: [rev_rmnet1][13]
03-23 01:11:24.830  1737 27626 D SystemInfo: Testing network interface: [rev_rmnet0][12]
03-23 01:11:24.830  1737 27626 D SystemInfo: Testing network interface: [rev_rmnet8][20]
03-23 01:11:24.830  1737 27626 D SystemInfo: Testing network interface: [rev_rmnet7][19]
03-23 01:11:24.830  1737 27626 D SystemInfo: Testing network interface: [rev_rmnet6][18]
03-23 01:11:24.830  1737 27626 D SystemInfo: Testing network interface: [rev_rmnet5][17]
03-23 01:11:24.830  1737 27626 D SystemInfo: Testing network interface: [rev_rmnet4][16]
03-23 01:11:24.830  1737 27626 D SystemInfo: Testing network interface: [rev_rmnet3][15]
03-23 01:11:24.830  1737 27626 D SystemInfo: Testing network interface: [rev_rmnet2][14]
03-23 01:11:24.830  1737 27626 D SystemInfo: Testing network interface: [dummy0][2]
03-23 01:11:24.830  1737 27626 D SystemInfo: Testing network interface: [wlan0][22][/fe80::ce1b:e0ff:fe60:dc7%wlan0%22][/192.168.7.66]
03-23 01:11:24.830  1737 27626 D SystemInfo: Testing address: /fe80::ce1b:e0ff:fe60:dc7%wlan0%22, host: fe80::ce1b:e0ff:fe60:dc7%wlan0
03-23 01:11:24.830  1737 27626 D SystemInfo: host rejected
03-23 01:11:24.830  1737 27626 D SystemInfo: Testing address: /192.168.7.66, host: 192.168.7.66
03-23 01:11:24.830  1737 27626 D SystemInfo: host approved
03-23 01:11:24.830  1737 27626 D SystemInfo: Testing network interface: [rmnet_usb0][11]
03-23 01:11:24.830  1737 27626 D SystemInfo: Testing network interface: [sit0][21]
03-23 01:11:24.840  1737 27626 D SystemInfo: Testing network interface: [p2p0][23]
03-23 01:11:24.840  1737 27626 D SystemInfo: Testing network interface: [lo][1][/::1%1%1][/127.0.0.1]
03-23 01:11:24.840  1737 27626 D SystemInfo: Testing address: /::1%1%1, host: ::1%1
03-23 01:11:24.840  1737 27626 D SystemInfo: host rejected
03-23 01:11:24.840  1737 27626 D SystemInfo: Testing address: /127.0.0.1, host: 127.0.0.1
03-23 01:11:24.840  1737 27626 D SystemInfo: host rejected
03-23 01:11:25.020  2045  2059 E QcrilMsgTunnelSocket: IOException - java.io.IOException: No such file or directory Reason: No such file or directory
03-23 01:11:26.720  1000  1000 D StatusBar.NetworkController: refreshViews: Data not connected!! Set no data type icon / Roaming
03-23 01:11:26.720  1000  1000 D StatusBar.NetworkController: refreshViews connected={ wifi } level=0 combinedSignalIconId=0x7f0200a4/com.android.systemui:drawable/stat_sys_wifi_signal_4_fully mobileLabel= wifiLabel="1503"xxxxXXXXxxxxXXXX emergencyOnly=false combinedLabel="1503"xxxxXXXXxxxxXXXX mAirplaneMode=false mDataActivity=0 mPhoneSignalIconId=0x0 mQSPhoneSignalIconId=0x0 mDataDirectionIconId=0x0 mDataSignalIconId=0x0 mDataTypeIconId=0x0 mQSDataTypeIconId=0x0 mNoSimIconId=0x0 mWifiIconId=0x7f0200a4 mQSWifiIconId=0x7f02005c mBluetoothTetherIconId=0x10805cc
03-23 01:11:26.760  1652  1652 D wpa_supplicant: RX ctrl_iface - hexdump(len=11): 53 49 47 4e 41 4c 5f 50 4f 4c 4c
03-23 01:11:26.760  1652  1652 D wpa_supplicant: wlan0: Control interface command 'SIGNAL_POLL'
03-23 01:11:26.770  1652  1652 D wpa_supplicant: nl80211: survey data missing!
03-23 01:11:27.720  1000  1000 D StatusBar.NetworkController: refreshViews: Data not connected!! Set no data type icon / Roaming
03-23 01:11:27.720  1000  1000 D StatusBar.NetworkController: refreshViews connected={ wifi } level=0 combinedSignalIconId=0x7f0200a4/com.android.systemui:drawable/stat_sys_wifi_signal_4_fully mobileLabel= wifiLabel="1503"xxxxXXXXxxxxXXXX emergencyOnly=false combinedLabel="1503"xxxxXXXXxxxxXXXX mAirplaneMode=false mDataActivity=0 mPhoneSignalIconId=0x0 mQSPhoneSignalIconId=0x0 mDataDirectionIconId=0x0 mDataSignalIconId=0x0 mDataTypeIconId=0x0 mQSDataTypeIconId=0x0 mNoSimIconId=0x0 mWifiIconId=0x7f0200a4 mQSWifiIconId=0x7f02005c mBluetoothTetherIconId=0x10805cc
03-23 01:11:27.800  1737 26357 D SystemInfo: Testing network interface: [rmnet1][4]
03-23 01:11:27.800  1737 26357 D SystemInfo: Testing network interface: [rmnet0][3]
03-23 01:11:27.800  1737 26357 D SystemInfo: Testing network interface: [rmnet7][10]
03-23 01:11:27.800  1737 26357 D SystemInfo: Testing network interface: [rmnet6][9]
03-23 01:11:27.800  1737 26357 D SystemInfo: Testing network interface: [rmnet5][8]
03-23 01:11:27.800  1737 26357 D SystemInfo: Testing network interface: [rmnet4][7]
03-23 01:11:27.800  1737 26357 D SystemInfo: Testing network interface: [rmnet3][6]
03-23 01:11:27.800  1737 26357 D SystemInfo: Testing network interface: [rmnet2][5]
03-23 01:11:27.810  1737 26357 D SystemInfo: Testing network interface: [rev_rmnet1][13]
03-23 01:11:27.810  1737 26357 D SystemInfo: Testing network interface: [rev_rmnet0][12]
03-23 01:11:27.810  1737 26357 D SystemInfo: Testing network interface: [rev_rmnet8][20]
03-23 01:11:27.810  1737 26357 D SystemInfo: Testing network interface: [rev_rmnet7][19]
03-23 01:11:27.810  1737 26357 D SystemInfo: Testing network interface: [rev_rmnet6][18]
03-23 01:11:27.810  1737 26357 D SystemInfo: Testing network interface: [rev_rmnet5][17]
03-23 01:11:27.810  1737 26357 D SystemInfo: Testing network interface: [rev_rmnet4][16]
03-23 01:11:27.810  1737 26357 D SystemInfo: Testing network interface: [rev_rmnet3][15]
03-23 01:11:27.810  1737 26357 D SystemInfo: Testing network interface: [rev_rmnet2][14]
03-23 01:11:27.810  1737 26357 D SystemInfo: Testing network interface: [dummy0][2]
03-23 01:11:27.810  1737 26357 D SystemInfo: Testing network interface: [wlan0][22][/fe80::ce1b:e0ff:fe60:dc7%wlan0%22][/192.168.7.66]
03-23 01:11:27.810  1737 26357 D SystemInfo: Testing address: /fe80::ce1b:e0ff:fe60:dc7%wlan0%22, host: fe80::ce1b:e0ff:fe60:dc7%wlan0
03-23 01:11:27.810  1737 26357 D SystemInfo: host rejected
03-23 01:11:27.810  1737 26357 D SystemInfo: Testing address: /192.168.7.66, host: 192.168.7.66
03-23 01:11:27.810  1737 26357 D SystemInfo: host approved
03-23 01:11:27.810  1737 26357 D SystemInfo: Testing network interface: [rmnet_usb0][11]
03-23 01:11:27.810  1737 26357 D SystemInfo: Testing network interface: [sit0][21]
03-23 01:11:27.810  1737 26357 D SystemInfo: Testing network interface: [p2p0][23]
03-23 01:11:27.810  1737 26357 D SystemInfo: Testing network interface: [lo][1][/::1%1%1][/127.0.0.1]
03-23 01:11:27.810  1737 26357 D SystemInfo: Testing address: /::1%1%1, host: ::1%1
03-23 01:11:27.810  1737 26357 D SystemInfo: host rejected
03-23 01:11:27.810  1737 26357 D SystemInfo: Testing address: /127.0.0.1, host: 127.0.0.1
03-23 01:11:27.810  1737 26357 D SystemInfo: host rejected
03-23 01:11:28.310 28876 28876 D QSEECOMAPI: : QSEECom_get_handle sb_length = 0x2000
03-23 01:11:28.310 28876 28876 D QSEECOMAPI: : App is not loaded in QSEE
03-23 01:11:28.310 28876 28876 E QSEECOMAPI: : Error::Cannot open the file /vendor/firmware/keymaster/keymaster.mdt
03-23 01:11:28.310 28876 28876 E QSEECOMAPI: : Error::Loading image failed with ret = -1
03-23 01:11:28.320 28876 28876 D QSEECOMAPI: : QSEECom_get_handle sb_length = 0x2000
03-23 01:11:28.320 28876 28876 D QSEECOMAPI: : App is not loaded in QSEE
03-23 01:11:28.320 28876 28876 E QSEECOMAPI: : Error::Cannot open the file /firmware/image/keymaste.mdt
03-23 01:11:28.320 28876 28876 E QSEECOMAPI: : Error::Loading image failed with ret = -1
03-23 01:11:28.330 28876 28876 E QCOMKeyMaster: Loading keymaster app failied
03-23 01:11:28.330 28876 28876 E keystore: could not open keymaster device in keystore (Operation not permitted)
03-23 01:11:28.330 28876 28876 E keystore: keystore keymaster could not be initialized; exiting
03-23 01:11:29.020  2045  2059 E QcrilMsgTunnelSocket: IOException - java.io.IOException: No such file or directory Reason: No such file or directory
03-23 01:11:29.130   216   216 V WLAN_PSA: NL MSG, len[048], NL type[0x11] WNI type[0x5050] len[028]
03-23 01:11:29.750  1737 27626 D SystemInfo: Testing network interface: [rmnet1][4]
03-23 01:11:29.750  1737 27626 D SystemInfo: Testing network interface: [rmnet0][3]
03-23 01:11:29.750  1737 27626 D SystemInfo: Testing network interface: [rmnet7][10]
03-23 01:11:29.750  1737 27626 D SystemInfo: Testing network interface: [rmnet6][9]
03-23 01:11:29.750  1737 27626 D SystemInfo: Testing network interface: [rmnet5][8]
03-23 01:11:29.750  1737 27626 D SystemInfo: Testing network interface: [rmnet4][7]
03-23 01:11:29.750  1737 27626 D SystemInfo: Testing network interface: [rmnet3][6]
03-23 01:11:29.750  1737 27626 D SystemInfo: Testing network interface: [rmnet2][5]
03-23 01:11:29.750  1737 27626 D SystemInfo: Testing network interface: [rev_rmnet1][13]
03-23 01:11:29.750  1737 27626 D SystemInfo: Testing network interface: [rev_rmnet0][12]
03-23 01:11:29.750  1737 27626 D SystemInfo: Testing network interface: [rev_rmnet8][20]
03-23 01:11:29.750  1737 27626 D SystemInfo: Testing network interface: [rev_rmnet7][19]
03-23 01:11:29.750  1737 27626 D SystemInfo: Testing network interface: [rev_rmnet6][18]
03-23 01:11:29.750  1737 27626 D SystemInfo: Testing network interface: [rev_rmnet5][17]
03-23 01:11:29.750  1737 27626 D SystemInfo: Testing network interface: [rev_rmnet4][16]
03-23 01:11:29.750  1737 27626 D SystemInfo: Testing network interface: [rev_rmnet3][15]
03-23 01:11:29.750  1737 27626 D SystemInfo: Testing network interface: [rev_rmnet2][14]
03-23 01:11:29.750  1737 27626 D SystemInfo: Testing network interface: [dummy0][2]
03-23 01:11:29.750  1737 27626 D SystemInfo: Testing network interface: [wlan0][22][/fe80::ce1b:e0ff:fe60:dc7%wlan0%22][/192.168.7.66]
03-23 01:11:29.750  1737 27626 D SystemInfo: Testing address: /fe80::ce1b:e0ff:fe60:dc7%wlan0%22, host: fe80::ce1b:e0ff:fe60:dc7%wlan0
03-23 01:11:29.750  1737 27626 D SystemInfo: host rejected
03-23 01:11:29.750  1737 27626 D SystemInfo: Testing address: /192.168.7.66, host: 192.168.7.66
03-23 01:11:29.750  1737 27626 D SystemInfo: host approved
03-23 01:11:29.760  1737 27626 D SystemInfo: Testing network interface: [rmnet_usb0][11]
03-23 01:11:29.760  1737 27626 D SystemInfo: Testing network interface: [sit0][21]
03-23 01:11:29.760  1737 27626 D SystemInfo: Testing network interface: [p2p0][23]
03-23 01:11:29.760  1737 27626 D SystemInfo: Testing network interface: [lo][1][/::1%1%1][/127.0.0.1]
03-23 01:11:29.760  1737 27626 D SystemInfo: Testing address: /::1%1%1, host: ::1%1
03-23 01:11:29.760  1737 27626 D SystemInfo: host rejected
03-23 01:11:29.760  1737 27626 D SystemInfo: Testing address: /127.0.0.1, host: 127.0.0.1
03-23 01:11:29.760  1737 27626 D SystemInfo: host rejected
03-23 01:11:29.780  1652  1652 D wpa_supplicant: RX ctrl_iface - hexdump(len=11): 53 49 47 4e 41 4c 5f 50 4f 4c 4c
03-23 01:11:29.780  1652  1652 D wpa_supplicant: wlan0: Control interface command 'SIGNAL_POLL'
03-23 01:11:29.780  1652  1652 D wpa_supplicant: nl80211: survey data missing!
03-23 01:11:31.730  1000  1000 D StatusBar.NetworkController: refreshViews: Data not connected!! Set no data type icon / Roaming
03-23 01:11:31.730  1000  1000 D StatusBar.NetworkController: refreshViews connected={ wifi } level=0 combinedSignalIconId=0x7f0200a4/com.android.systemui:drawable/stat_sys_wifi_signal_4_fully mobileLabel= wifiLabel="1503"xxxxXXXXxxxxXXXX emergencyOnly=false combinedLabel="1503"xxxxXXXXxxxxXXXX mAirplaneMode=false mDataActivity=0 mPhoneSignalIconId=0x0 mQSPhoneSignalIconId=0x0 mDataDirectionIconId=0x0 mDataSignalIconId=0x0 mDataTypeIconId=0x0 mQSDataTypeIconId=0x0 mNoSimIconId=0x0 mWifiIconId=0x7f0200a4 mQSWifiIconId=0x7f02005c mBluetoothTetherIconId=0x10805cc
03-23 01:11:32.740  1000  1000 D StatusBar.NetworkController: refreshViews: Data not connected!! Set no data type icon / Roaming
03-23 01:11:32.740  1000  1000 D StatusBar.NetworkController: refreshViews connected={ wifi } level=0 combinedSignalIconId=0x7f0200a4/com.android.systemui:drawable/stat_sys_wifi_signal_4_fully mobileLabel= wifiLabel="1503"xxxxXXXXxxxxXXXX emergencyOnly=false combinedLabel="1503"xxxxXXXXxxxxXXXX mAirplaneMode=false mDataActivity=0 mPhoneSignalIconId=0x0 mQSPhoneSignalIconId=0x0 mDataDirectionIconId=0x0 mDataSignalIconId=0x0 mDataTypeIconId=0x0 mQSDataTypeIconId=0x0 mNoSimIconId=0x0 mWifiIconId=0x7f0200a4 mQSWifiIconId=0x7f02005c mBluetoothTetherIconId=0x10805cc
03-23 01:11:32.780  1652  1652 D wpa_supplicant: RX ctrl_iface - hexdump(len=11): 53 49 47 4e 41 4c 5f 50 4f 4c 4c
03-23 01:11:32.780  1652  1652 D wpa_supplicant: wlan0: Control interface command 'SIGNAL_POLL'
03-23 01:11:32.790  1652  1652 D wpa_supplicant: nl80211: survey data missing!
03-23 01:11:32.820  1737 26357 D SystemInfo: Testing network interface: [rmnet1][4]
03-23 01:11:32.820  1737 26357 D SystemInfo: Testing network interface: [rmnet0][3]
03-23 01:11:32.820  1737 26357 D SystemInfo: Testing network interface: [rmnet7][10]
03-23 01:11:32.820  1737 26357 D SystemInfo: Testing network interface: [rmnet6][9]
03-23 01:11:32.820  1737 26357 D SystemInfo: Testing network interface: [rmnet5][8]
03-23 01:11:32.820  1737 26357 D SystemInfo: Testing network interface: [rmnet4][7]
03-23 01:11:32.820  1737 26357 D SystemInfo: Testing network interface: [rmnet3][6]
03-23 01:11:32.820  1737 26357 D SystemInfo: Testing network interface: [rmnet2][5]
03-23 01:11:32.820  1737 26357 D SystemInfo: Testing network interface: [rev_rmnet1][13]
03-23 01:11:32.820  1737 26357 D SystemInfo: Testing network interface: [rev_rmnet0][12]
03-23 01:11:32.820  1737 26357 D SystemInfo: Testing network interface: [rev_rmnet8][20]
03-23 01:11:32.820  1737 26357 D SystemInfo: Testing network interface: [rev_rmnet7][19]
03-23 01:11:32.820  1737 26357 D SystemInfo: Testing network interface: [rev_rmnet6][18]
03-23 01:11:32.820  1737 26357 D SystemInfo: Testing network interface: [rev_rmnet5][17]
03-23 01:11:32.820  1737 26357 D SystemInfo: Testing network interface: [rev_rmnet4][16]
03-23 01:11:32.820  1737 26357 D SystemInfo: Testing network interface: [rev_rmnet3][15]
03-23 01:11:32.820  1737 26357 D SystemInfo: Testing network interface: [rev_rmnet2][14]
03-23 01:11:32.820  1737 26357 D SystemInfo: Testing network interface: [dummy0][2]
03-23 01:11:32.820  1737 26357 D SystemInfo: Testing network interface: [wlan0][22][/fe80::ce1b:e0ff:fe60:dc7%wlan0%22][/192.168.7.66]
03-23 01:11:32.820  1737 26357 D SystemInfo: Testing address: /fe80::ce1b:e0ff:fe60:dc7%wlan0%22, host: fe80::ce1b:e0ff:fe60:dc7%wlan0
03-23 01:11:32.820  1737 26357 D SystemInfo: host rejected
03-23 01:11:32.820  1737 26357 D SystemInfo: Testing address: /192.168.7.66, host: 192.168.7.66
03-23 01:11:32.820  1737 26357 D SystemInfo: host approved
03-23 01:11:32.820  1737 26357 D SystemInfo: Testing network interface: [rmnet_usb0][11]
03-23 01:11:32.820  1737 26357 D SystemInfo: Testing network interface: [sit0][21]
03-23 01:11:32.820  1737 26357 D SystemInfo: Testing network interface: [p2p0][23]
03-23 01:11:32.820  1737 26357 D SystemInfo: Testing network interface: [lo][1][/::1%1%1][/127.0.0.1]
03-23 01:11:32.820  1737 26357 D SystemInfo: Testing address: /::1%1%1, host: ::1%1
03-23 01:11:32.820  1737 26357 D SystemInfo: host rejected
03-23 01:11:32.820  1737 26357 D SystemInfo: Testing address: /127.0.0.1, host: 127.0.0.1
03-23 01:11:32.820  1737 26357 D SystemInfo: host rejected
03-23 01:11:33.020  2045  2059 E QcrilMsgTunnelSocket: IOException - java.io.IOException: No such file or directory Reason: No such file or directory
03-23 01:11:33.360 28880 28880 D QSEECOMAPI: : QSEECom_get_handle sb_length = 0x2000
03-23 01:11:33.360 28880 28880 D QSEECOMAPI: : App is not loaded in QSEE
03-23 01:11:33.360 28880 28880 E QSEECOMAPI: : Error::Cannot open the file /vendor/firmware/keymaster/keymaster.mdt
03-23 01:11:33.360 28880 28880 E QSEECOMAPI: : Error::Loading image failed with ret = -1
03-23 01:11:33.370 28880 28880 D QSEECOMAPI: : QSEECom_get_handle sb_length = 0x2000
