--------- beginning of system
05-04 19:49:15.610 15011 15011 V ActivityThread: updateVisibility : ActivityRecord{56cbdd9 token=android.os.BinderProxy@baface9 {com.icrealtime.allie/com.icrealtime.allie.ui.activities.FoundCamerasActivity}} show : false
05-04 19:49:15.630  3256  3566 E Watchdog: !@Sync 941 [05-04 19:49:15.637]
05-04 19:49:15.790  3256  3256 D CustomFrequencyManagerService: releaseDVFSLockLocked : Getting Lock type frm List : DVFS_MIN_LIMIT  frequency : 1800000  uid : 1000  pid : 3256  tag : ACTIVITY_RESUME_BOOSTER@6
05-04 19:49:19.355  3256  3268 D BatteryService: !@BatteryListener : batteryPropertiesChanged!
05-04 19:49:19.355  3256  3268 D BatteryService: level:60, scale:100, status:3, health:2, present:true, voltage: 3867, temperature: 396, technology: Li-ion, AC powered:false, USB powered:true, POGO powered:false, Wireless powered:false, icon:17303382, invalid charger:0
05-04 19:49:19.355  3256  3268 D BatteryService: online:4, current avg:-210, charge type:2, power sharing:false, high voltage charger:false, capacity:280000, current_now:-210
05-04 19:49:19.355  3256  3256 D BatteryService: Sending ACTION_BATTERY_CHANGED.
05-04 19:49:19.360  3672  3672 V EmergencyMode: [EmergencyStateReceiver] onReceive : android.intent.action.BATTERY_CHANGED
05-04 19:49:19.360  3672  3672 V EmergencyMode: [EmergencyStateReceiver] ACTION_BATTERY_CHANGED mBatteryLevelForLogging = 60
05-04 19:49:19.375  3421  3421 D BatteryMeterView: ACTION_BATTERY_CHANGED : level:60 status:3 health:2
05-04 19:49:19.375  3421  3421 D BatteryMeterView: ACTION_BATTERY_CHANGED : level:60 status:3 health:2
05-04 19:49:19.375  3421  3421 D BatteryMeterView: ACTION_BATTERY_CHANGED : level:60 status:3 health:2
05-04 19:49:20.265  3256  5014 D SSRM:n  : SIOP:: AP = 480, PST = 503 (W:22), CUR = -210, LCD = 147
05-04 19:49:29.365  3256  3739 D BatteryService: !@BatteryListener : batteryPropertiesChanged!
05-04 19:49:29.365  3256  3739 D BatteryService: level:60, scale:100, status:3, health:2, present:true, voltage: 3878, temperature: 394, technology: Li-ion, AC powered:false, USB powered:true, POGO powered:false, Wireless powered:false, icon:17303382, invalid charger:0
05-04 19:49:29.365  3256  3739 D BatteryService: online:4, current avg:-82, charge type:2, power sharing:false, high voltage charger:false, capacity:280000, current_now:-82
05-04 19:49:29.365  3256  3256 D BatteryService: Sending ACTION_BATTERY_CHANGED.
05-04 19:49:29.370  3672  3672 V EmergencyMode: [EmergencyStateReceiver] onReceive : android.intent.action.BATTERY_CHANGED
05-04 19:49:29.370  3672  3672 V EmergencyMode: [EmergencyStateReceiver] ACTION_BATTERY_CHANGED mBatteryLevelForLogging = 60
05-04 19:49:29.385  3421  3421 D BatteryMeterView: ACTION_BATTERY_CHANGED : level:60 status:3 health:2
05-04 19:49:29.385  3421  3421 D BatteryMeterView: ACTION_BATTERY_CHANGED : level:60 status:3 health:2
05-04 19:49:29.385  3421  3421 D BatteryMeterView: ACTION_BATTERY_CHANGED : level:60 status:3 health:2
05-04 19:49:30.275  3256  5014 D SSRM:n  : SIOP:: AP = 470, PST = 499 (W:22), CUR = -82, LCD = 147
05-04 19:49:34.830  3256  6937 D ActivityManager: retrieveServiceLocked(): component = null; callingUser = 0; userId(target) = 0
05-04 19:49:37.900  3256  3269 D ActivityManager: retrieveServiceLocked(): component = null; callingUser = 0; userId(target) = 0
05-04 19:49:38.380  3256  3269 D ActivityManager: bindService callerProcessName:android, calleePkgName: com.sec.android.inputmethod, action: android.view.InputMethod
05-04 19:49:38.380  3256  3269 D ActivityManager: retrieveServiceLocked(): component = com.sec.android.inputmethod/com.sec.android.inputmethod.SamsungKeypad; callingUser = 0; userId(target) = 0
05-04 19:49:38.385  3256  3269 I MultiPhoneWindowManager: Changed -> mCurrentInputMethodTarget : Window{3f3525cd u0 com.icrealtime.allie/com.icrealtime.allie.ui.activities.WiFiNetworksActivity}
05-04 19:49:38.385  3256  3723 D CustomFrequencyManagerService: acquireDVFSLockLocked : type : DVFS_MIN_LIMIT  frequency : 1700000  uid : 1000  pid : 3256  pkgName : com.sec.android.inputmethod@1
05-04 19:49:38.385  3256  5293 V VibratorService: hasVibrator - useVibetonz: false
05-04 19:49:38.455  4053  4053 W ContextImpl: Calling a method in the system process without a qualified user: android.app.ContextImpl.sendBroadcast:1698 android.content.ContextWrapper.sendBroadcast:391 com.ime.framework.common.InputManagerImpl.sendBroadcaseSIPShown:9947 com.ime.framework.common.InputManagerImpl.startInputView:3692 com.sec.android.inputmethod.SamsungKeypad.onStartInputView:445 
05-04 19:49:38.455  4053  4053 W ContextImpl: Calling a method in the system process without a qualified user: android.app.ContextImpl.sendBroadcast:1698 android.content.ContextWrapper.sendBroadcast:391 android.inputmethodservice.InputMethodService.sendInputViewShownState:424 android.inputmethodservice.InputMethodService.showWindow:2021 android.inputmethodservice.InputMethodService$InputMethodImpl.showSoftInput:648 
05-04 19:49:38.455  4053 22012 W ContextImpl: Calling a method in the system process without a qualified user: android.app.ContextImpl.sendBroadcast:1698 android.content.ContextWrapper.sendBroadcast:391 android.inputmethodservice.InputMethodService$4.run:3277 java.lang.Thread.run:818 <bottom of call stack> 
05-04 19:49:38.460  3256  5014 D SSRM:a  : DeviceInfo:: 000000000000
05-04 19:49:38.460  3256  5014 D SSRM:a  : SettingsAirViewInfo:: 000000000
05-04 19:49:38.460  3256  3256 I ValidateNoPeople: skipping global notification
05-04 19:49:38.465  3256  3256 W NotificationService: Pray mode not found android.content.pm.PackageManager$NameNotFoundException: Application package com.sec.android.settings.praymodewidget not found
05-04 19:49:38.785  3256  3524 D CustomFrequencyManagerService: releaseDVFSLockLocked : Getting Lock type frm List : DVFS_MIN_LIMIT  frequency : 1700000  uid : 1000  pid : 3256  tag : com.sec.android.inputmethod@1
05-04 19:49:39.375  3256  6911 D BatteryService: !@BatteryListener : batteryPropertiesChanged!
05-04 19:49:39.375  3256  6911 D BatteryService: level:60, scale:100, status:3, health:2, present:true, voltage: 3878, temperature: 393, technology: Li-ion, AC powered:false, USB powered:true, POGO powered:false, Wireless powered:false, icon:17303382, invalid charger:0
05-04 19:49:39.375  3256  6911 D BatteryService: online:4, current avg:-132, charge type:2, power sharing:false, high voltage charger:false, capacity:280000, current_now:-132
05-04 19:49:39.375  3256  3256 D BatteryService: Sending ACTION_BATTERY_CHANGED.
05-04 19:49:39.380  3672  3672 V EmergencyMode: [EmergencyStateReceiver] onReceive : android.intent.action.BATTERY_CHANGED
05-04 19:49:39.380  3672  3672 V EmergencyMode: [EmergencyStateReceiver] ACTION_BATTERY_CHANGED mBatteryLevelForLogging = 60
05-04 19:49:39.385  3421  3421 D BatteryMeterView: ACTION_BATTERY_CHANGED : level:60 status:3 health:2
05-04 19:49:39.390  3421  3421 D BatteryMeterView: ACTION_BATTERY_CHANGED : level:60 status:3 health:2
05-04 19:49:39.390  3421  3421 D BatteryMeterView: ACTION_BATTERY_CHANGED : level:60 status:3 health:2
05-04 19:49:40.285  3256  5014 D SSRM:n  : SIOP:: AP = 470, PST = 496 (W:22), CUR = -132, LCD = 147
05-04 19:49:41.070  3256  3351 V VibratorService: hasVibrator - useVibetonz: false
05-04 19:49:41.070  4053  4053 W ContextImpl: Calling a method in the system process without a qualified user: android.app.ContextImpl.sendBroadcast:1698 android.content.ContextWrapper.sendBroadcast:391 android.inputmethodservice.InputMethodService.sendInputViewShownState:424 android.inputmethodservice.InputMethodService.showWindow:2021 android.inputmethodservice.InputMethodService$InputMethodImpl.showSoftInput:648 
05-04 19:49:41.075  3256  5014 D SSRM:a  : DeviceInfo:: 000000000000
05-04 19:49:41.075  3256  5014 D SSRM:a  : SettingsAirViewInfo:: 000000000
05-04 19:49:41.075  4053 22015 W ContextImpl: Calling a method in the system process without a qualified user: android.app.ContextImpl.sendBroadcast:1698 android.content.ContextWrapper.sendBroadcast:391 android.inputmethodservice.InputMethodService$4.run:3277 java.lang.Thread.run:818 <bottom of call stack> 
05-04 19:49:41.080  3256  3256 I ValidateNoPeople: skipping global notification
05-04 19:49:41.085  3256  3256 W NotificationService: Pray mode not found android.content.pm.PackageManager$NameNotFoundException: Application package com.sec.android.settings.praymodewidget not found
05-04 19:49:44.085  3256  3328 D PowerManagerService: [api] userActivityFromNative : 4040 (event: 2 flags: 0) eventTime = 28272792
05-04 19:49:45.630  3256  3566 E Watchdog: !@Sync 942 [05-04 19:49:45.638]
05-04 19:49:49.265  3256  3268 D ActivityManager: retrieveServiceLocked(): component = null; callingUser = 0; userId(target) = 0
05-04 19:49:49.270  3256  3269 D ActivityManager: retrieveServiceLocked(): component = null; callingUser = 0; userId(target) = 0
05-04 19:49:49.385  3256  3268 D BatteryService: !@BatteryListener : batteryPropertiesChanged!
05-04 19:49:49.385  3256  3268 D BatteryService: level:60, scale:100, status:3, health:2, present:true, voltage: 3871, temperature: 393, technology: Li-ion, AC powered:false, USB powered:true, POGO powered:false, Wireless powered:false, icon:17303382, invalid charger:0
05-04 19:49:49.385  3256  3268 D BatteryService: online:4, current avg:-288, charge type:2, power sharing:false, high voltage charger:false, capacity:280000, current_now:-289
05-04 19:49:49.385  3256  3256 D BatteryService: Sending ACTION_BATTERY_CHANGED.
05-04 19:49:49.390  3672  3672 V EmergencyMode: [EmergencyStateReceiver] onReceive : android.intent.action.BATTERY_CHANGED
05-04 19:49:49.390  3672  3672 V EmergencyMode: [EmergencyStateReceiver] ACTION_BATTERY_CHANGED mBatteryLevelForLogging = 60
05-04 19:49:49.405  3421  3421 D BatteryMeterView: ACTION_BATTERY_CHANGED : level:60 status:3 health:2
05-04 19:49:49.410  3421  3421 D BatteryMeterView: ACTION_BATTERY_CHANGED : level:60 status:3 health:2
05-04 19:49:49.410  3421  3421 D BatteryMeterView: ACTION_BATTERY_CHANGED : level:60 status:3 health:2
05-04 19:49:50.185  3256  3586 D ActivityManager: retrieveServiceLocked(): component = null; callingUser = 0; userId(target) = 0
05-04 19:49:50.190  3256  3268 D ActivityManager: retrieveServiceLocked(): component = null; callingUser = 0; userId(target) = 0
05-04 19:49:50.290  3256  5014 D SSRM:n  : SIOP:: AP = 470, PST = 493 (W:22), CUR = -288, LCD = 147
05-04 19:49:52.645  3256  3524 D CustomFrequencyManagerService: acquireDVFSLockLocked : type : DVFS_MIN_LIMIT  frequency : 1800000  uid : 1000  pid : 3256  pkgName : ACTIVITY_RESUME_BOOSTER@2
05-04 19:49:52.650  3256  3524 W ActivityManager: mDVFSHelper.acquire()
05-04 19:49:52.655  3256  3351 D MultiWindowConverter: dismissGuide() : Before attaching the guide view, mForceDismissGuide : false
05-04 19:49:52.665  3256  3351 D PowerManagerService: [api] acquire WakeLock flags=0x2000000a tag=WindowManager uid=1000 pid=3256
05-04 19:49:52.670  3256  5293 D ActivityManager: bindService callerProcessName:com.icrealtime.allie, calleePkgName: com.icrealtime.allie, action: null
05-04 19:49:52.670  3256  5293 D ActivityManager: retrieveServiceLocked(): component = com.icrealtime.allie/com.icrealtime.allie.service.BackgroundService; callingUser = 0; userId(target) = 0
05-04 19:49:52.670  3256  3256 D PersonaManagerService: getPersonasForUser(): returning null!
05-04 19:49:52.690  3256  6911 D MultiWindowConverter: dismissGuide() : Before attaching the guide view, mForceDismissGuide : false
05-04 19:49:52.690  3256  3291 D StatusBarManagerService: manageDisableList userId=0 what=0x0 pkg=WindowManager.LayoutParams
05-04 19:49:52.695  3256 22037 W ContextImpl: Calling a method in the system process without a qualified user: android.app.ContextImpl.sendBroadcast:1698 com.android.server.InputMethodManagerService$6.run:2786 java.lang.Thread.run:818 <bottom of call stack> <bottom of call stack> 
05-04 19:49:52.695  3256  5292 I MultiPhoneWindowManager: Changed -> mCurrentInputMethodTarget : null
05-04 19:49:52.695  3256  3256 D LightsService: [api] [SvcLED] turnOff:: id = 4 (uid: 1000 pid: 3256) 
05-04 19:49:52.695  3256  3256 D LightsService: [SvcLED] setSvcLedStateLocked:: SvcLEDState : 0x0 -> 0x0 | SvcLED(id=4) set Off
05-04 19:49:52.700  3256  3307 D LightsService: [SvcLED] Lux failed to be updated in 0ms. -> handleForcedSvcLEDTasK
05-04 19:49:52.700  3256  3307 D LightsService: [SvcLED]  setSvcLedLightLocked :: Current SvcLED(id=3) maintains its priority right
05-04 19:49:52.700  4053  4053 W ContextImpl: Calling a method in the system process without a qualified user: android.app.ContextImpl.sendBroadcast:1698 android.content.ContextWrapper.sendBroadcast:391 android.inputmethodservice.InputMethodService.sendInputViewShownState:424 android.inputmethodservice.InputMethodService.hideWindow:2193 android.inputmethodservice.InputMethodService.doHideWindow:2171 
05-04 19:49:52.700  4053 22038 W ContextImpl: Calling a method in the system process without a qualified user: android.app.ContextImpl.sendBroadcast:1698 android.content.ContextWrapper.sendBroadcast:391 android.inputmethodservice.InputMethodService$4.run:3277 java.lang.Thread.run:818 <bottom of call stack> 
05-04 19:49:52.700  3256  5014 D SSRM:a  : DeviceInfo:: 000000000000
05-04 19:49:52.700  3256  5014 D SSRM:a  : SettingsAirViewInfo:: 000000000
05-04 19:49:52.730  3256  7219 D MultiWindowConverter: dismissGuide() : Before attaching the guide view, mForceDismissGuide : false
05-04 19:49:52.730  3256  3291 D StatusBarManagerService: manageDisableList userId=0 what=0x0 pkg=WindowManager.LayoutParams
05-04 19:49:52.990  3256  3293 D CustomFrequencyManagerService: releaseDVFSLockLocked : Getting Lock type frm List : DVFS_MIN_LIMIT  frequency : 1800000  uid : 1000  pid : 3256  tag : ACTIVITY_RESUME_BOOSTER@2
05-04 19:49:52.990  3256  3293 W ActivityManager: mDVFSHelper.release()
05-04 19:49:52.990  3256  3287 D CustomFrequencyManagerService: acquireDVFSLockLocked : type : DVFS_MIN_LIMIT  frequency : 1800000  uid : 1000  pid : 3256  pkgName : ACTIVITY_RESUME_BOOSTER@6
05-04 19:49:53.255  3256  3268 D ActivityManager: retrieveServiceLocked(): component = null; callingUser = 0; userId(target) = 0
05-04 19:49:53.260  3256  7219 D ActivityManager: retrieveServiceLocked(): component = null; callingUser = 0; userId(target) = 0
05-04 19:49:53.295  3256  3256 D CustomFrequencyManagerService: releaseDVFSLockLocked : Getting Lock type frm List : DVFS_MIN_LIMIT  frequency : 1800000  uid : 1000  pid : 3256  tag : ACTIVITY_RESUME_BOOSTER@6
05-04 19:49:54.655  3256  5293 D PowerManagerService: [api] [s] userActivity : event: 0 flags: 0 (uid: 1000 pid: 3256) eventTime = 28283362
05-04 19:49:54.655  3256  5293 D PowerManagerService: [api] release WakeLock flags=0x2000000a tag=WindowManager uid=1000 pid=3256 (0x0)
05-04 19:49:54.655  3256  5293 D PowerManagerService: [api] applyWakeLockFlagsOnReleaseLocked : userActivityNoUpdateLocked is called : SCREEN_BRIGHT_WAKE_LOCK        'WindowManager' ON_AFTER_RELEASE (uid=1000, pid=3256, ws=WorkSource{10360}) (elapsedTime=1991)
05-04 19:49:54.800  3256  7218 D ActivityManager: retrieveServiceLocked(): component = null; callingUser = 0; userId(target) = 0
05-04 19:49:56.150  3256  3739 D MultiWindowConverter: dismissGuide() : Before attaching the guide view, mForceDismissGuide : false
05-04 19:49:56.150  3256  3291 D StatusBarManagerService: manageDisableList userId=0 what=0x0 pkg=WindowManager.LayoutParams
05-04 19:49:56.165  3256  6911 W InputMethodManagerService: Window already focused, ignoring focus gain of: com.android.internal.view.IInputMethodClient$Stub$Proxy@38d168a9 attribute=null, token = android.os.BinderProxy@2c40fc07
05-04 19:49:56.170  3256  6911 D InputMethodManagerService: [HARDWARE_KEYBOARD] (refreshImeWindowVis) mImeWindowVis= 0 inputVisible = falsehaveHardKeyboard = false hardKeyShown = false
05-04 19:49:56.210  3256  3351 D MultiWindowConverter: dismissGuide() : Before attaching the guide view, mForceDismissGuide : false
05-04 19:49:56.210  3256  3291 D StatusBarManagerService: manageDisableList userId=0 what=0x0 pkg=WindowManager.LayoutParams
05-04 19:49:56.265  3256  3351 D ActivityManager: bindService callerProcessName:android, calleePkgName: com.sec.android.inputmethod, action: android.view.InputMethod
05-04 19:49:56.265  3256  3351 D ActivityManager: retrieveServiceLocked(): component = com.sec.android.inputmethod/com.sec.android.inputmethod.SamsungKeypad; callingUser = 0; userId(target) = 0
05-04 19:49:56.270  3256  3351 I MultiPhoneWindowManager: Changed -> mCurrentInputMethodTarget : Window{27a7adcf u0 com.icrealtime.allie/com.icrealtime.allie.ui.activities.FoundCamerasActivity}
05-04 19:49:56.270  3256  3585 D CustomFrequencyManagerService: acquireDVFSLockLocked : type : DVFS_MIN_LIMIT  frequency : 1700000  uid : 1000  pid : 3256  pkgName : com.sec.android.inputmethod@1
05-04 19:49:56.300  4053  4053 W ContextImpl: Calling a method in the system process without a qualified user: android.app.ContextImpl.sendBroadcast:1698 android.content.ContextWrapper.sendBroadcast:391 com.ime.framework.common.InputManagerImpl.sendBroadcaseSIPShown:9947 com.ime.framework.common.InputManagerImpl.startInputView:3692 com.sec.android.inputmethod.SamsungKeypad.onStartInputView:445 
05-04 19:49:56.305  4053  4053 W ContextImpl: Calling a method in the system process without a qualified user: android.app.ContextImpl.sendBroadcast:1698 android.content.ContextWrapper.sendBroadcast:391 android.inputmethodservice.InputMethodService.sendInputViewShownState:424 android.inputmethodservice.InputMethodService.showWindow:2021 android.inputmethodservice.InputMethodService$InputMethodImpl.showSoftInput:648 
05-04 19:49:56.305  4053 22045 W ContextImpl: Calling a method in the system process without a qualified user: android.app.ContextImpl.sendBroadcast:1698 android.content.ContextWrapper.sendBroadcast:391 android.inputmethodservice.InputMethodService$4.run:3277 java.lang.Thread.run:818 <bottom of call stack> 
05-04 19:49:56.305  3256  5014 D SSRM:a  : DeviceInfo:: 000000000000
05-04 19:49:56.305  3256  5014 D SSRM:a  : SettingsAirViewInfo:: 000000000
05-04 19:49:56.305  3256  3256 I ValidateNoPeople: skipping global notification
05-04 19:49:56.310  3256  3256 W NotificationService: Pray mode not found android.content.pm.PackageManager$NameNotFoundException: Application package com.sec.android.settings.praymodewidget not found
05-04 19:49:56.675  3256  6911 D CustomFrequencyManagerService: releaseDVFSLockLocked : Getting Lock type frm List : DVFS_MIN_LIMIT  frequency : 1700000  uid : 1000  pid : 3256  tag : com.sec.android.inputmethod@1
05-04 19:49:59.395  3256  7218 D BatteryService: !@BatteryListener : batteryPropertiesChanged!
05-04 19:49:59.395  3256  7218 D BatteryService: level:60, scale:100, status:3, health:2, present:true, voltage: 3882, temperature: 390, technology: Li-ion, AC powered:false, USB powered:true, POGO powered:false, Wireless powered:false, icon:17303382, invalid charger:0
05-04 19:49:59.395  3256  7218 D BatteryService: online:4, current avg:42, charge type:2, power sharing:false, high voltage charger:false, capacity:280000, current_now:42
05-04 19:49:59.395  3256  3256 D BatteryService: Sending ACTION_BATTERY_CHANGED.
05-04 19:49:59.405  3672  3672 V EmergencyMode: [EmergencyStateReceiver] onReceive : android.intent.action.BATTERY_CHANGED
05-04 19:49:59.405  3672  3672 V EmergencyMode: [EmergencyStateReceiver] ACTION_BATTERY_CHANGED mBatteryLevelForLogging = 60
05-04 19:49:59.425  3421  3421 D BatteryMeterView: ACTION_BATTERY_CHANGED : level:60 status:3 health:2
05-04 19:49:59.425  3421  3421 D BatteryMeterView: ACTION_BATTERY_CHANGED : level:60 status:3 health:2
05-04 19:49:59.425  3421  3421 D BatteryMeterView: ACTION_BATTERY_CHANGED : level:60 status:3 health:2
05-04 19:49:59.995  3256  3327 V AlarmManager: waitForAlarm result :8
05-04 19:50:00.000  3256  3256 V AlarmManager: ___SyncScheduler (v3) ACTIVATED___
05-04 19:50:00.000  3256  3256 V AlarmManagerEXT: <AppSync3 Whitelist>
05-04 19:50:00.000  3256  3256 V AlarmManagerEXT: (AppSync) com.google.android.gms : 1800(720)
05-04 19:50:00.000  3256  3256 V AlarmManagerEXT: (AppSync) com.google.android.gms : 7200(7140)
05-04 19:50:00.000  3256  3256 V AlarmManagerEXT: (AppSync) ### 2 added ###
05-04 19:50:00.300  3256  5014 D SSRM:n  : SIOP:: AP = 470, PST = 491 (W:24), CUR = 42, LCD = 147
05-04 19:50:08.630  3256  3351 D MultiWindowConverter: dismissGuide() : Before attaching the guide view, mForceDismissGuide : false
05-04 19:50:08.630  3256  3291 D StatusBarManagerService: manageDisableList userId=0 what=0x0 pkg=WindowManager.LayoutParams
05-04 19:50:08.665  3256  3269 D MultiWindowConverter: dismissGuide() : Before attaching the guide view, mForceDismissGuide : false
05-04 19:50:08.665  3256  3291 D StatusBarManagerService: manageDisableList userId=0 what=0x0 pkg=WindowManager.LayoutParams
05-04 19:50:08.690  3256 22050 W ContextImpl: Calling a method in the system process without a qualified user: android.app.ContextImpl.sendBroadcast:1698 com.android.server.InputMethodManagerService$6.run:2786 java.lang.Thread.run:818 <bottom of call stack> <bottom of call stack> 
05-04 19:50:08.695  3256  3526 I MultiPhoneWindowManager: Changed -> mCurrentInputMethodTarget : null
05-04 19:50:08.695  3256  3256 D LightsService: [api] [SvcLED] turnOff:: id = 4 (uid: 1000 pid: 3256) 
05-04 19:50:08.695  3256  3256 D LightsService: [SvcLED] setSvcLedStateLocked:: SvcLEDState : 0x0 -> 0x0 | SvcLED(id=4) set Off
05-04 19:50:08.695  3256  3307 D LightsService: [SvcLED] Lux failed to be updated in 0ms. -> handleForcedSvcLEDTasK
05-04 19:50:08.695  3256  3307 D LightsService: [SvcLED]  setSvcLedLightLocked :: Current SvcLED(id=3) maintains its priority right
05-04 19:50:08.700  4053  4053 W ContextImpl: Calling a method in the system process without a qualified user: android.app.ContextImpl.sendBroadcast:1698 android.content.ContextWrapper.sendBroadcast:391 android.inputmethodservice.InputMethodService.sendInputViewShownState:424 android.inputmethodservice.InputMethodService.hideWindow:2193 android.inputmethodservice.InputMethodService.doHideWindow:2171 
05-04 19:50:08.700  3256  5014 D SSRM:a  : DeviceInfo:: 000000000000
05-04 19:50:08.705  3256  5014 D SSRM:a  : SettingsAirViewInfo:: 000000000
05-04 19:50:08.710  4053 22051 W ContextImpl: Calling a method in the system process without a qualified user: android.app.ContextImpl.sendBroadcast:1698 android.content.ContextWrapper.sendBroadcast:391 android.inputmethodservice.InputMethodService$4.run:3277 java.lang.Thread.run:818 <bottom of call stack> 
05-04 19:50:09.410  3256  3524 D BatteryService: !@BatteryListener : batteryPropertiesChanged!
05-04 19:50:09.410  3256  3524 D BatteryService: level:60, scale:100, status:3, health:2, present:true, voltage: 3898, temperature: 389, technology: Li-ion, AC powered:false, USB powered:true, POGO powered:false, Wireless powered:false, icon:17303382, invalid charger:0
05-04 19:50:09.410  3256  3524 D BatteryService: online:4, current avg:70, charge type:2, power sharing:false, high voltage charger:false, capacity:280000, current_now:70
05-04 19:50:09.410  3256  3256 D BatteryService: Sending ACTION_BATTERY_CHANGED.
05-04 19:50:09.420  3672  3672 V EmergencyMode: [EmergencyStateReceiver] onReceive : android.intent.action.BATTERY_CHANGED
05-04 19:50:09.420  3672  3672 V EmergencyMode: [EmergencyStateReceiver] ACTION_BATTERY_CHANGED mBatteryLevelForLogging = 60
05-04 19:50:09.425  3421  3421 D BatteryMeterView: ACTION_BATTERY_CHANGED : level:60 status:3 health:2
05-04 19:50:09.425  3421  3421 D BatteryMeterView: ACTION_BATTERY_CHANGED : level:60 status:3 health:2
05-04 19:50:09.425  3421  3421 D BatteryMeterView: ACTION_BATTERY_CHANGED : level:60 status:3 health:2
05-04 19:50:10.310  3256  5014 D SSRM:n  : SIOP:: AP = 460, PST = 487 (W:24), CUR = 70, LCD = 147
05-04 19:50:10.310  3256  5014 D U       : limitCPUFreq:: freq = 1700000
05-04 19:50:10.310  3256  5014 D CustomFrequencyManagerService: releaseDVFSLockLocked : Getting Lock type frm List : DVFS_MAX_LIMIT  frequency : 1500000  uid : 1000  pid : 3256  tag : SIOP_ARM_MAX@15
05-04 19:50:10.310  3256  5014 D CustomFrequencyManagerService: acquireDVFSLockLocked : type : DVFS_MAX_LIMIT  frequency : 1700000  uid : 1000  pid : 3256  pkgName : SIOP_ARM_MAX@15
05-04 19:50:10.310  3256  5014 D U       : limitGPUFreq:: freq = -1
05-04 19:50:10.315  3256  5014 D U       : limitSmartBonding:: limit = false
05-04 19:50:10.315  3256  5014 D U       : broadcastSiopChangedIntent:: FLASH = false, CAMERA = false, RECORDING = false, RECORDING_FPS = false, SMARTBONDING = false, LIVETHUMBNAIL = false
05-04 19:50:10.315  3256  5014 W ContextImpl: Calling a method in the system process without a qualified user: android.app.ContextImpl.sendStickyBroadcast:1865 com.android.server.ssrm.U.cn:-1 g.t.p:-1 g.t.c:-1 g.e.ge:-1 
05-04 19:50:10.315  3256  5014 D U       : broadcastSiopLevelIntent:: currentSiopLevel = 2
05-04 19:50:12.615  3256  7218 D ActivityManager: retrieveServiceLocked(): component = null; callingUser = 0; userId(target) = 0
05-04 19:50:14.765  3256  3723 D ActivityManager: retrieveServiceLocked(): component = null; callingUser = 0; userId(target) = 0
05-04 19:50:15.120  3256  5293 D MultiWindowConverter: dismissGuide() : Before attaching the guide view, mForceDismissGuide : false
05-04 19:50:15.120  3256  3291 D StatusBarManagerService: manageDisableList userId=0 what=0x0 pkg=WindowManager.LayoutParams
05-04 19:50:15.155  3256  6922 W InputMethodManagerService: Window already focused, ignoring focus gain of: com.android.internal.view.IInputMethodClient$Stub$Proxy@15118ede attribute=null, token = android.os.BinderProxy@2c40fc07
05-04 19:50:15.155  3256  6922 D InputMethodManagerService: [HARDWARE_KEYBOARD] (refreshImeWindowVis) mImeWindowVis= 0 inputVisible = falsehaveHardKeyboard = false hardKeyShown = false
05-04 19:50:15.155  3256  3268 D CustomFrequencyManagerService: acquireDVFSLockLocked : type : DVFS_MIN_LIMIT  frequency : 1800000  uid : 1000  pid : 3256  pkgName : ACTIVITY_RESUME_BOOSTER@2
05-04 19:50:15.160  3256  3268 W ActivityManager: mDVFSHelper.acquire()
05-04 19:50:15.175  3256  3524 D ActivityManager: bindService callerProcessName:com.icrealtime.allie, calleePkgName: com.icrealtime.allie, action: null
05-04 19:50:15.175  3256  3524 D ActivityManager: retrieveServiceLocked(): component = com.icrealtime.allie/com.icrealtime.allie.service.BackgroundService; callingUser = 0; userId(target) = 0
05-04 19:50:15.185  3256  3256 D PersonaManagerService: getPersonasForUser(): returning null!
05-04 19:50:15.190  3256  5293 D MultiWindowConverter: dismissGuide() : Before attaching the guide view, mForceDismissGuide : false
05-04 19:50:15.190  3256  3291 D StatusBarManagerService: manageDisableList userId=0 what=0x0 pkg=WindowManager.LayoutParams
05-04 19:50:15.190  3256  3291 D StatusBarManagerService: manageDisableList userId=0 what=0x0 pkg=WindowManager.LayoutParams
05-04 19:50:15.220  3256 22059 W ContextImpl: Calling a method in the system process without a qualified user: android.app.ContextImpl.sendBroadcast:1698 com.android.server.InputMethodManagerService$6.run:2786 java.lang.Thread.run:818 <bottom of call stack> <bottom of call stack> 
05-04 19:50:15.510  3256  3293 D CustomFrequencyManagerService: releaseDVFSLockLocked : Getting Lock type frm List : DVFS_MIN_LIMIT  frequency : 1800000  uid : 1000  pid : 3256  tag : ACTIVITY_RESUME_BOOSTER@2
05-04 19:50:15.510  3256  3293 W ActivityManager: mDVFSHelper.release()
05-04 19:50:15.510  3256  3287 D CustomFrequencyManagerService: acquireDVFSLockLocked : type : DVFS_MIN_LIMIT  frequency : 1800000  uid : 1000  pid : 3256  pkgName : ACTIVITY_RESUME_BOOSTER@6
05-04 19:50:15.630  3256  3566 E Watchdog: !@Sync 943 [05-04 19:50:15.638]
05-04 19:50:15.815  3256  3256 D CustomFrequencyManagerService: releaseDVFSLockLocked : Getting Lock type frm List : DVFS_MIN_LIMIT  frequency : 1800000  uid : 1000  pid : 3256  tag : ACTIVITY_RESUME_BOOSTER@6
05-04 19:50:15.995  3256  3585 D ActivityManager: retrieveServiceLocked(): component = null; callingUser = 0; userId(target) = 0
05-04 19:50:18.540  3256  7219 D CustomFrequencyManagerService: acquireDVFSLockLocked : type : DVFS_MIN_LIMIT  frequency : 1800000  uid : 1000  pid : 3256  pkgName : ACTIVITY_RESUME_BOOSTER@2
05-04 19:50:18.545  3256  7219 W ActivityManager: mDVFSHelper.acquire()
05-04 19:50:18.545  3256  7219 D MultiWindowConverter: dismissGuide() : Before attaching the guide view, mForceDismissGuide : false
05-04 19:50:18.560  3256  3526 W ActivityManager: Permission Denial: getCurrentUser() from pid=15011, uid=10360 requires android.permission.INTERACT_ACROSS_USERS
05-04 19:50:18.565  3256  5293 D ActivityManager: startService callerProcessName:com.icrealtime.allie, calleePkgName: com.icrealtime.allie
05-04 19:50:18.565  3256  5293 D ActivityManager: retrieveServiceLocked(): component = com.icrealtime.allie/com.icrealtime.allie.service.BackgroundService; callingUser = 0; userId(target) = 0
05-04 19:50:18.605  3256  5292 D ActivityManager: bindService callerProcessName:com.icrealtime.allie, calleePkgName: com.icrealtime.allie, action: null
05-04 19:50:18.605  3256  5292 D ActivityManager: retrieveServiceLocked(): component = com.icrealtime.allie/com.icrealtime.allie.service.BackgroundService; callingUser = 0; userId(target) = 0
05-04 19:50:18.610  3256  3256 D PersonaManagerService: getPersonasForUser(): returning null!
05-04 19:50:18.620  3256  3526 D MultiWindowConverter: dismissGuide() : Before attaching the guide view, mForceDismissGuide : false
05-04 19:50:18.620  3256  3291 D StatusBarManagerService: manageDisableList userId=0 what=0x0 pkg=WindowManager.LayoutParams
05-04 19:50:18.620  3256  3291 D StatusBarManagerService: manageDisableList userId=0 what=0x0 pkg=WindowManager.LayoutParams
05-04 19:50:18.665  3256  3293 D PowerManagerService: [api] acquire WakeLock flags=0x2000000a tag=WindowManager uid=1000 pid=3256
05-04 19:50:18.680  3256 22063 W ContextImpl: Calling a method in the system process without a qualified user: android.app.ContextImpl.sendBroadcast:1698 com.android.server.InputMethodManagerService$6.run:2786 java.lang.Thread.run:818 <bottom of call stack> <bottom of call stack> 
05-04 19:50:18.965  3256  3293 D CustomFrequencyManagerService: releaseDVFSLockLocked : Getting Lock type frm List : DVFS_MIN_LIMIT  frequency : 1800000  uid : 1000  pid : 3256  tag : ACTIVITY_RESUME_BOOSTER@2
05-04 19:50:18.970  3256  3293 W ActivityManager: mDVFSHelper.release()
05-04 19:50:18.990  3256  3287 D CustomFrequencyManagerService: acquireDVFSLockLocked : type : DVFS_MIN_LIMIT  frequency : 1800000  uid : 1000  pid : 3256  pkgName : ACTIVITY_RESUME_BOOSTER@6
05-04 19:50:18.990 15011 15011 V ActivityThread: updateVisibility : ActivityRecord{342b6a0b token=android.os.BinderProxy@f7af9f2 {com.icrealtime.allie/com.icrealtime.allie.ui.activities.MainActivity}} show : false
05-04 19:50:19.290  3256  3256 D CustomFrequencyManagerService: releaseDVFSLockLocked : Getting Lock type frm List : DVFS_MIN_LIMIT  frequency : 1800000  uid : 1000  pid : 3256  tag : ACTIVITY_RESUME_BOOSTER@6
05-04 19:50:19.415  3256  7219 D BatteryService: !@BatteryListener : batteryPropertiesChanged!
05-04 19:50:19.415  3256  7219 D BatteryService: level:60, scale:100, status:3, health:2, present:true, voltage: 3871, temperature: 388, technology: Li-ion, AC powered:false, USB powered:true, POGO powered:false, Wireless powered:false, icon:17303382, invalid charger:0
05-04 19:50:19.415  3256  7219 D BatteryService: online:4, current avg:-186, charge type:2, power sharing:false, high voltage charger:false, capacity:280000, current_now:-187
05-04 19:50:19.420  3256  3256 D BatteryService: Sending ACTION_BATTERY_CHANGED.
05-04 19:50:19.420  3672  3672 V EmergencyMode: [EmergencyStateReceiver] onReceive : android.intent.action.BATTERY_CHANGED
05-04 19:50:19.425  3672  3672 V EmergencyMode: [EmergencyStateReceiver] ACTION_BATTERY_CHANGED mBatteryLevelForLogging = 60
05-04 19:50:19.445  3421  3421 D BatteryMeterView: ACTION_BATTERY_CHANGED : level:60 status:3 health:2
05-04 19:50:19.445  3421  3421 D BatteryMeterView: ACTION_BATTERY_CHANGED : level:60 status:3 health:2
05-04 19:50:19.445  3421  3421 D BatteryMeterView: ACTION_BATTERY_CHANGED : level:60 status:3 health:2
05-04 19:50:20.345  3256  5014 D SSRM:n  : SIOP:: AP = 470, PST = 485 (W:22), CUR = -186, LCD = 147
05-04 19:50:21.220  3256  6911 D ActivityManager: retrieveServiceLocked(): component = null; callingUser = 0; userId(target) = 0
05-04 19:50:21.855  3256  3353 V NetworkStats: performPollLocked(flags=0x1)
05-04 19:50:21.865  3256  3353 V NetworkStats: performPollLocked() took 9ms
05-04 19:50:24.830  3256  3353 V NetworkStats: performPollLocked(flags=0x1)
05-04 19:50:24.880  3256  3353 V NetworkStats: performPollLocked() took 50ms
05-04 19:50:26.130  3256  7219 D ActivityManager: retrieveServiceLocked(): component = null; callingUser = 0; userId(target) = 0
05-04 19:50:27.360  3256  3739 D ActivityManager: retrieveServiceLocked(): component = null; callingUser = 0; userId(target) = 0
05-04 19:50:28.050  3256  3353 V NetworkStats: performPollLocked(flags=0x1)
05-04 19:50:28.080  3256  3353 V NetworkStats: performPollLocked() took 27ms
05-04 19:50:29.425  3256  3723 D BatteryService: !@BatteryListener : batteryPropertiesChanged!
05-04 19:50:29.425  3256  3723 D BatteryService: level:60, scale:100, status:3, health:2, present:true, voltage: 3816, temperature: 394, technology: Li-ion, AC powered:false, USB powered:true, POGO powered:false, Wireless powered:false, icon:17303382, invalid charger:0
05-04 19:50:29.425  3256  3723 D BatteryService: online:4, current avg:-772, charge type:2, power sharing:false, high voltage charger:false, capacity:280000, current_now:-773
05-04 19:50:29.425  3256  3256 D BatteryService: Sending ACTION_BATTERY_CHANGED.
05-04 19:50:29.430  3672  3672 V EmergencyMode: [EmergencyStateReceiver] onReceive : android.intent.action.BATTERY_CHANGED
05-04 19:50:29.430  3672  3672 V EmergencyMode: [EmergencyStateReceiver] ACTION_BATTERY_CHANGED mBatteryLevelForLogging = 60
05-04 19:50:29.440  3421  3421 D BatteryMeterView: ACTION_BATTERY_CHANGED : level:60 status:3 health:2
05-04 19:50:29.440  3421  3421 D BatteryMeterView: ACTION_BATTERY_CHANGED : level:60 status:3 health:2
05-04 19:50:29.440  3421  3421 D BatteryMeterView: ACTION_BATTERY_CHANGED : level:60 status:3 health:2
05-04 19:50:30.125  3256  7218 D ActivityManager: retrieveServiceLocked(): component = null; callingUser = 0; userId(target) = 0
05-04 19:50:30.135  3256  3585 D ActivityManager: retrieveServiceLocked(): component = null; callingUser = 0; userId(target) = 0
05-04 19:50:30.355  3256  5014 D SSRM:n  : SIOP:: AP = 490, PST = 482 (W:18), CUR = -772, LCD = 147
05-04 19:50:30.430  3256  5293 D ActivityManager: retrieveServiceLocked(): component = null; callingUser = 0; userId(target) = 0
05-04 19:50:30.430  3256  3269 D ActivityManager: retrieveServiceLocked(): component = null; callingUser = 0; userId(target) = 0
05-04 19:50:30.435  3256  3268 D ActivityManager: retrieveServiceLocked(): component = null; callingUser = 0; userId(target) = 0
05-04 19:50:30.735  3256  5292 D ActivityManager: retrieveServiceLocked(): component = null; callingUser = 0; userId(target) = 0
05-04 19:50:30.740  3256  3526 D ActivityManager: retrieveServiceLocked(): component = null; callingUser = 0; userId(target) = 0
05-04 19:50:30.945  3256  3353 V NetworkStats: performPollLocked(flags=0x1)
05-04 19:50:30.970  3256  3353 V NetworkStats: performPollLocked() took 24ms
05-04 19:50:31.050  3256  6937 D ActivityManager: retrieveServiceLocked(): component = null; callingUser = 0; userId(target) = 0
05-04 19:50:31.050  3256  3269 D ActivityManager: retrieveServiceLocked(): component = null; callingUser = 0; userId(target) = 0
05-04 19:50:31.050  3256  3268 D ActivityManager: retrieveServiceLocked(): component = null; callingUser = 0; userId(target) = 0
05-04 19:50:31.255  2588  2833 E Vold    : Failed to find mounted volume for /storage/extSdCard/Android/data/com.icrealtime.allie/files/
05-04 19:50:31.255  2588  2833 W Vold    : Returning OperationFailed - no handler for errno 0
05-04 19:50:31.260  2588  2833 E Vold    : Failed to find mounted volume for /storage/extSdCard/Android/data/com.icrealtime.allie/files/
05-04 19:50:31.260  2588  2833 W Vold    : Returning OperationFailed - no handler for errno 0
05-04 19:50:33.505  3256  7219 D ActivityManager: retrieveServiceLocked(): component = null; callingUser = 0; userId(target) = 0
05-04 19:50:33.915  3256  3353 V NetworkStats: performPollLocked(flags=0x1)
05-04 19:50:33.940  3256  3353 V NetworkStats: performPollLocked() took 25ms
05-04 19:50:34.120  3256  5293 D ActivityManager: retrieveServiceLocked(): component = null; callingUser = 0; userId(target) = 0
05-04 19:50:35.040  3256  6937 D ActivityManager: retrieveServiceLocked(): component = null; callingUser = 0; userId(target) = 0
05-04 19:50:37.005  3256  3353 V NetworkStats: performPollLocked(flags=0x1)
05-04 19:50:37.030  3256  3353 V NetworkStats: performPollLocked() took 24ms
05-04 19:50:39.435  3256  7218 D BatteryService: !@BatteryListener : batteryPropertiesChanged!
05-04 19:50:39.435  3256  7218 D BatteryService: level:60, scale:100, status:3, health:2, present:true, voltage: 3843, temperature: 396, technology: Li-ion, AC powered:false, USB powered:true, POGO powered:false, Wireless powered:false, icon:17303382, invalid charger:0
05-04 19:50:39.440  3256  7218 D BatteryService: online:4, current avg:-660, charge type:2, power sharing:false, high voltage charger:false, capacity:280000, current_now:-660
05-04 19:50:39.440  3256  3256 D BatteryService: Sending ACTION_BATTERY_CHANGED.
05-04 19:50:39.450  3672  3672 V EmergencyMode: [EmergencyStateReceiver] onReceive : android.intent.action.BATTERY_CHANGED
05-04 19:50:39.450  3672  3672 V EmergencyMode: [EmergencyStateReceiver] ACTION_BATTERY_CHANGED mBatteryLevelForLogging = 60
05-04 19:50:39.475  3421  3421 D BatteryMeterView: ACTION_BATTERY_CHANGED : level:60 status:3 health:2
05-04 19:50:39.475  3421  3421 D BatteryMeterView: ACTION_BATTERY_CHANGED : level:60 status:3 health:2
05-04 19:50:39.475  3421  3421 D BatteryMeterView: ACTION_BATTERY_CHANGED : level:60 status:3 health:2
05-04 19:50:40.065  3256  3353 V NetworkStats: performPollLocked(flags=0x1)
05-04 19:50:40.100  3256  3353 V NetworkStats: performPollLocked() took 32ms
05-04 19:50:40.365  3256  5014 D SSRM:n  : SIOP:: AP = 520, PST = 479 (W:12), CUR = -660, LCD = 147
05-04 19:50:42.720  3256  3526 D ActivityManager: retrieveServiceLocked(): component = null; callingUser = 0; userId(target) = 0
05-04 19:50:43.105  3256  3353 V NetworkStats: performPollLocked(flags=0x1)
05-04 19:50:43.130  3256  3353 V NetworkStats: performPollLocked() took 22ms
05-04 19:50:43.330  3256  5293 D ActivityManager: retrieveServiceLocked(): component = null; callingUser = 0; userId(target) = 0
05-04 19:50:45.630  3256  3566 E Watchdog: !@Sync 944 [05-04 19:50:45.639]
05-04 19:50:46.305  3256  3353 V NetworkStats: performPollLocked(flags=0x1)
05-04 19:50:46.340  3256  3353 V NetworkStats: performPollLocked() took 35ms
05-04 19:50:49.305  3256  3353 V NetworkStats: performPollLocked(flags=0x1)
05-04 19:50:49.330  3256  3353 V NetworkStats: performPollLocked() took 23ms
05-04 19:50:49.445  3256  3269 D BatteryService: !@BatteryListener : batteryPropertiesChanged!
05-04 19:50:49.445  3256  3269 D BatteryService: level:60, scale:100, status:3, health:2, present:true, voltage: 3847, temperature: 404, technology: Li-ion, AC powered:false, USB powered:true, POGO powered:false, Wireless powered:false, icon:17303382, invalid charger:0
05-04 19:50:49.445  3256  3269 D BatteryService: online:4, current avg:-706, charge type:2, power sharing:false, high voltage charger:false, capacity:280000, current_now:-707
05-04 19:50:49.445  3256  3256 D BatteryService: Sending ACTION_BATTERY_CHANGED.
05-04 19:50:49.460  3672  3672 V EmergencyMode: [EmergencyStateReceiver] onReceive : android.intent.action.BATTERY_CHANGED
05-04 19:50:49.460  3672  3672 V EmergencyMode: [EmergencyStateReceiver] ACTION_BATTERY_CHANGED mBatteryLevelForLogging = 60
05-04 19:50:49.465  3421  3421 D BatteryMeterView: ACTION_BATTERY_CHANGED : level:60 status:3 health:2
05-04 19:50:49.475  3421  3421 D BatteryMeterView: ACTION_BATTERY_CHANGED : level:60 status:3 health:2
05-04 19:50:49.475  3421  3421 D BatteryMeterView: ACTION_BATTERY_CHANGED : level:60 status:3 health:2
05-04 19:50:49.985  3256  3524 V WindowManager: rotationForOrientationLw(orient=-1, last=0); user=0 USER_ROTATION_LOCKED sensorRotation=-1 mLidState=-1 mDockMode=0 mHdmiPlugged=false
05-04 19:50:49.995  3256  3291 V WindowManager: rotationForOrientationLw(orient=-1, last=0); user=3 USER_ROTATION_LOCKED sensorRotation=-1 mLidState=-1 mDockMode=0 mHdmiPlugged=false
05-04 19:50:49.995  3256  3291 D SamsungWindowManager: setRotationLw() : rotation=3
05-04 19:50:49.995  3256  3291 D CustomFrequencyManagerService: acquireDVFSLockLocked : type : DVFS_MIN_LIMIT  frequency : 1900000  uid : 1000  pid : 3256  pkgName : ROTATION_BOOSTER@30
05-04 19:50:50.035  3256  3291 I ActivityManager: Config changes=480 {0 1.0 ?mcc?mnc en_US ldltr sw768dp w1024dp h743dp 320dpi xlrg land finger -keyb/v/h -nav/h s.28}
05-04 19:50:50.035  3256  3256 V ActivityManager: Display changed displayId=0
05-04 19:50:50.035  3256  3291 W WindowManager: prepareMultiWindowTransitionLocked : Other window animation is already running.. skip 
05-04 19:50:50.075  3421  3421 D Recents_AlternateRecentsComponent: reloadHeaderBarLayout is getting called
05-04 19:50:50.090  3256  3323 E SmartFaceService: onReceive: android.intent.action.CONFIGURATION_CHANGED
05-04 19:50:50.090  3256  3323 E SmartFaceService: mFolderCoverOpened: (true, true) -> true
05-04 19:50:50.090  3421  3421 D Recents_TaskViewHeader: onFinishInflate
05-04 19:50:50.100  3256  3291 V WindowManager: rotationForOrientationLw(orient=-1, last=3); user=3 USER_ROTATION_LOCKED sensorRotation=-1 mLidState=-1 mDockMode=0 mHdmiPlugged=false
05-04 19:50:50.145  3421  3421 D STATUSBAR-QSTileView: dynamicallyReduceTextSize: 148
05-04 19:50:50.145  3421  3421 D STATUSBAR-QSTileView: dynamicallyReduceTextSize: 148
05-04 19:50:50.145  3421  3421 D STATUSBAR-QSTileView: dynamicallyCutandReduceTextSize: 148
05-04 19:50:50.145  3421  3421 D STATUSBAR-QSTileView: text: Sound
05-04 19:50:50.145  3421  3421 D STATUSBAR-QSTileView: dynamicallyReduceTextSize: 148
05-04 19:50:50.145  3421  3421 D STATUSBAR-QSTileView: dynamicallyReduceTextSize: 148
05-04 19:50:50.145  3421  3421 D STATUSBAR-QSTileView: dynamicallyReduceTextSize: 148
05-04 19:50:50.145  3421  3421 D STATUSBAR-QSTileView: dynamicallyReduceTextSize: 148
05-04 19:50:50.145  3421  3421 D STATUSBAR-QSTileView: dynamicallyReduceTextSize: 148
05-04 19:50:50.145  3421  3421 D STATUSBAR-QSTileView: dynamicallyReduceTextSize: 148
05-04 19:50:50.145  3421  3421 D STATUSBAR-QSTileView: dynamicallyReduceTextSize: 148
05-04 19:50:50.145  3421  3421 D STATUSBAR-QSTileView: dynamicallyReduceTextSize: 148
05-04 19:50:50.145  3421  3421 D STATUSBAR-QSTileView: dynamicallyReduceTextSize: 148
05-04 19:50:50.145  3421  3421 D STATUSBAR-QSTileView: dynamicallyReduceTextSize: 148
05-04 19:50:50.145  3421  3421 D STATUSBAR-QSTileView: dynamicallyReduceTextSize: 148
05-04 19:50:50.145  3421  3929 D BluetoothTile:  handleUpdatestate:false name:null
05-04 19:50:50.370  3256  5014 D SSRM:n  : SIOP:: AP = 530, PST = 480 (W:10), CUR = -706, LCD = 147
05-04 19:50:50.405  3256  3586 D ActivityManager: retrieveServiceLocked(): component = null; callingUser = 0; userId(target) = 0
05-04 19:50:50.450  3421  3421 D STATUSBAR-QSTileView: dynamicallyReduceTextSize: 148
05-04 19:50:50.450  3421  3421 D STATUSBAR-QSTileView: dynamicallyReduceTextSize: 148
05-04 19:50:50.450  3421  3421 D STATUSBAR-QSTileView: dynamicallyCutandReduceTextSize: 148
05-04 19:50:50.450  3421  3421 D STATUSBAR-QSTileView: text: Sound
05-04 19:50:50.450  3421  3421 D STATUSBAR-QSTileView: dynamicallyReduceTextSize: 148
05-04 19:50:50.450  3421  3421 D STATUSBAR-QSTileView: dynamicallyReduceTextSize: 148
05-04 19:50:50.450  3421  3421 D STATUSBAR-QSTileView: dynamicallyReduceTextSize: 148
05-04 19:50:50.450  3421  3421 D STATUSBAR-QSTileView: dynamicallyReduceTextSize: 148
05-04 19:50:50.450  3421  3421 D STATUSBAR-QSTileView: dynamicallyReduceTextSize: 148
05-04 19:50:50.450  3421  3421 D STATUSBAR-QSTileView: dynamicallyReduceTextSize: 148
05-04 19:50:50.450  3421  3421 D STATUSBAR-QSTileView: dynamicallyReduceTextSize: 148
05-04 19:50:50.450  3421  3421 D STATUSBAR-QSTileView: dynamicallyReduceTextSize: 148
05-04 19:50:50.450  3421  3421 D STATUSBAR-QSTileView: dynamicallyReduceTextSize: 148
05-04 19:50:50.450  3421  3421 D STATUSBAR-QSTileView: dynamicallyReduceTextSize: 148
05-04 19:50:50.450  3421  3421 D STATUSBAR-QSTileView: dynamicallyReduceTextSize: 148
05-04 19:50:50.470  3421  3421 D STATUSBAR-QSTileView: dynamicallyReduceTextSize: 0
05-04 19:50:50.470  3421  3421 D STATUSBAR-QSTileView: dynamicallyReduceTextSize: 0
05-04 19:50:50.475  3421  3421 D STATUSBAR-QSTileView: dynamicallyReduceTextSize: 0
05-04 19:50:50.475  3421  3421 D STATUSBAR-QSTileView: dynamicallyReduceTextSize: 0
05-04 19:50:50.480  3421  3421 D STATUSBAR-QSTileView: dynamicallyReduceTextSize: 0
05-04 19:50:50.480  3421  3421 D STATUSBAR-QSTileView: dynamicallyReduceTextSize: 0
05-04 19:50:50.480  3421  3421 D STATUSBAR-QSTileView: dynamicallyReduceTextSize: 0
05-04 19:50:50.485  3421  3421 D STATUSBAR-QSTileView: dynamicallyReduceTextSize: 0
05-04 19:50:50.490  3421  3421 D STATUSBAR-QSTileView: dynamicallyReduceTextSize: 0
05-04 19:50:50.490  3421  3421 D STATUSBAR-QSTileView: dynamicallyReduceTextSize: 0
05-04 19:50:50.490  3421  3421 D STATUSBAR-QSTileView: dynamicallyReduceTextSize: 0
05-04 19:50:50.495  3421  3421 D STATUSBAR-QSTileView: dynamicallyReduceTextSize: 0
05-04 19:50:50.495  3421  3421 D STATUSBAR-QSTileView: dynamicallyReduceTextSize: 0
05-04 19:50:50.500  3421  3421 D STATUSBAR-QSTileView: dynamicallyReduceTextSize: 0
05-04 19:50:50.590  3256  3293 I WindowManager: Screen frozen for +591ms due to Window{36c5fbb2 u0 StatusBar}
05-04 19:50:51.035  3256  3293 V WindowManager: rotationForOrientationLw(orient=-1, last=3); user=3 USER_ROTATION_LOCKED sensorRotation=-1 mLidState=-1 mDockMode=0 mHdmiPlugged=false
05-04 19:50:52.000  3256  3256 D CustomFrequencyManagerService: releaseDVFSLockLocked : Getting Lock type frm List : DVFS_MIN_LIMIT  frequency : 1900000  uid : 1000  pid : 3256  tag : ROTATION_BOOSTER@30
05-04 19:50:52.465  3256  3353 V NetworkStats: performPollLocked(flags=0x1)
05-04 19:50:52.495  3256  3353 V NetworkStats: performPollLocked() took 30ms
05-04 19:50:55.005  3256  3586 D ActivityManager: retrieveServiceLocked(): component = null; callingUser = 0; userId(target) = 0
05-04 19:50:55.605  3256  3353 V NetworkStats: performPollLocked(flags=0x1)
05-04 19:50:55.640  3256  3353 V NetworkStats: performPollLocked() took 33ms
05-04 19:50:55.950  3256  3291 V WindowManager: rotationForOrientationLw(orient=-1, last=3); user=0 USER_ROTATION_LOCKED sensorRotation=-1 mLidState=-1 mDockMode=0 mHdmiPlugged=false
05-04 19:50:55.950  3256  3291 D SamsungWindowManager: setRotationLw() : rotation=0
05-04 19:50:55.950  3256  3291 D CustomFrequencyManagerService: acquireDVFSLockLocked : type : DVFS_MIN_LIMIT  frequency : 1900000  uid : 1000  pid : 3256  pkgName : ROTATION_BOOSTER@30
05-04 19:50:55.975  3256  3256 V ActivityManager: Display changed displayId=0
05-04 19:50:55.990  3256  3585 V WindowManager: rotationForOrientationLw(orient=-1, last=0); user=0 USER_ROTATION_LOCKED sensorRotation=-1 mLidState=-1 mDockMode=0 mHdmiPlugged=false
05-04 19:50:55.990  3256  3291 I ActivityManager: Config changes=480 {0 1.0 ?mcc?mnc en_US ldltr sw768dp w768dp h999dp 320dpi xlrg port finger -keyb/v/h -nav/h s.29}
05-04 19:50:56.015  3421  3421 D Recents_AlternateRecentsComponent: reloadHeaderBarLayout is getting called
05-04 19:50:56.020  3421  3421 D Recents_TaskViewHeader: onFinishInflate
05-04 19:50:56.030  3421  3421 D STATUSBAR-QSTileView: dynamicallyReduceTextSize: 148
05-04 19:50:56.030  3421  3421 D STATUSBAR-QSTileView: dynamicallyReduceTextSize: 148
05-04 19:50:56.030  3421  3421 D STATUSBAR-QSTileView: dynamicallyCutandReduceTextSize: 148
05-04 19:50:56.030  3421  3421 D STATUSBAR-QSTileView: text: Sound
05-04 19:50:56.030  3421  3421 D STATUSBAR-QSTileView: dynamicallyReduceTextSize: 148
05-04 19:50:56.030  3421  3421 D STATUSBAR-QSTileView: dynamicallyReduceTextSize: 148
05-04 19:50:56.030  3421  3421 D STATUSBAR-QSTileView: dynamicallyReduceTextSize: 148
05-04 19:50:56.030  3421  3421 D STATUSBAR-QSTileView: dynamicallyReduceTextSize: 148
05-04 19:50:56.030  3421  3421 D STATUSBAR-QSTileView: dynamicallyReduceTextSize: 148
05-04 19:50:56.030  3421  3421 D STATUSBAR-QSTileView: dynamicallyReduceTextSize: 148
05-04 19:50:56.030  3421  3421 D STATUSBAR-QSTileView: dynamicallyReduceTextSize: 148
05-04 19:50:56.030  3421  3421 D STATUSBAR-QSTileView: dynamicallyReduceTextSize: 148
05-04 19:50:56.030  3421  3421 D STATUSBAR-QSTileView: dynamicallyReduceTextSize: 148
05-04 19:50:56.030  3421  3421 D STATUSBAR-QSTileView: dynamicallyReduceTextSize: 148
05-04 19:50:56.030  3421  3421 D STATUSBAR-QSTileView: dynamicallyReduceTextSize: 148
05-04 19:50:56.035  3256  3291 V WindowManager: rotationForOrientationLw(orient=-1, last=0); user=0 USER_ROTATION_LOCKED sensorRotation=-1 mLidState=-1 mDockMode=0 mHdmiPlugged=false
05-04 19:50:56.035  3421  3929 D BluetoothTile:  handleUpdatestate:false name:null
05-04 19:50:56.035  3256  3323 E SmartFaceService: onReceive: android.intent.action.CONFIGURATION_CHANGED
