03-10 21:11:32.084  1882  1882 I thundersoftfota:AutoUpdate: onReceive all action====android.intent.action.BATTERY_CHANGED
03-10 21:11:32.084  1882  1882 I thundersoftfota:AutoUpdate: power level50%
03-10 21:11:32.124  1882  1882 I thundersoftfota:AutoUpdate: onReceive all action====android.intent.action.BATTERY_CHANGED
03-10 21:11:32.124  1882  1882 I thundersoftfota:AutoUpdate: power level50%
03-10 21:11:32.154  1882  1882 I thundersoftfota:AutoUpdate: onReceive all action====android.intent.action.BATTERY_CHANGED
03-10 21:11:32.154  1882  1882 I thundersoftfota:AutoUpdate: power level50%
03-10 21:11:32.234   219   219 V WLAN_PSA: NL MSG, len[914], NL type[0x11] WNI type[0x5050] len[894]
03-10 21:11:32.324   922   929 I dalvikvm: Jit: resizing JitTable from 8192 to 16384
03-10 21:11:32.334   219   219 V WLAN_PSA: NL MSG, len[914], NL type[0x11] WNI type[0x5050] len[894]
03-10 21:11:32.334   219   219 V WLAN_PSA: NL MSG, len[048], NL type[0x11] WNI type[0x5050] len[028]
03-10 21:11:32.334  1882  1882 I thundersoftfota:AutoUpdate: onReceive all action====android.intent.action.BATTERY_CHANGED
03-10 21:11:32.334  1882  1882 I thundersoftfota:AutoUpdate: power level50%
03-10 21:11:32.344   922   922 I EntropyMixer: Writing entropy...
03-10 21:11:32.384   922  1299 D LBSSystemMonitorService: handleMessage what - 14
03-10 21:11:32.384   922   922 D Ulp_jni : JNI:system_update. Event-2
03-10 21:11:32.384   922  1299 D DeviceContext: handleMessage what - 1
03-10 21:11:32.384   922  1113 E LocSvc_api_v02: I/---> locClientSendReq line 2360 QMI_LOC_SET_EXTERNAL_POWER_CONFIG_REQ_V02
03-10 21:11:32.384   922  1320 E LocSvc_libulp: I/===> int ulp_msg_process_system_update(UlpSystemEvent) line 1429 
03-10 21:11:32.384   922  1320 E LocSvc_libulp: I/int ulp_msg_process_system_update(UlpSystemEvent): systemEvent:2 
03-10 21:11:32.384   922  1320 E LocSvc_libulp: I/===> int ulp_brain_process_system_update(UlpSystemEvent) line 2322 
03-10 21:11:32.384   922  1320 E LocSvc_libulp: I/===> int ulp_brain_select_providers() line 333 
03-10 21:11:32.384   922  1320 E LocSvc_libulp: W/int ulp_brain_select_providers(), return when ulp_started = 0, phone context_type = 0x0
03-10 21:11:32.384   922  1320 E LocSvc_libulp: ,
03-10 21:11:32.394   922  1162 E LocSvc_ApiV02: I/<--- void globalRespCb(locClientHandleType, uint32_t, locClientRespIndUnionType, void*) line 106 QMI_LOC_SET_EXTERNAL_POWER_CONFIG_REQ_V02
03-10 21:11:32.394  1882  1882 I thundersoftfota:AutoUpdate: onReceive all action====android.intent.action.BATTERY_CHANGED
03-10 21:11:32.394  1882  1882 I thundersoftfota:AutoUpdate: power level50%
03-10 21:11:32.504  9449  9449 D QSEECOMAPI: : QSEECom_get_handle sb_length = 0x2000
03-10 21:11:32.514  9449  9449 D QSEECOMAPI: : App is not loaded in QSEE
03-10 21:11:32.514  9449  9449 E QSEECOMAPI: : Error::Cannot open the file /vendor/firmware/keymaster/keymaster.mdt
03-10 21:11:32.514  9449  9449 E QSEECOMAPI: : Error::Loading image failed with ret = -1
03-10 21:11:32.514   219   219 V WLAN_PSA: NL MSG, len[914], NL type[0x11] WNI type[0x5050] len[894]
03-10 21:11:32.514  9449  9449 D QSEECOMAPI: : QSEECom_get_handle sb_length = 0x2000
03-10 21:11:32.514  9449  9449 D QSEECOMAPI: : App is not loaded in QSEE
03-10 21:11:32.514  9449  9449 E QSEECOMAPI: : Error::Cannot open the file /firmware/image/keymaste.mdt
03-10 21:11:32.514  9449  9449 E QSEECOMAPI: : Error::Loading image failed with ret = -1
03-10 21:11:32.534  9449  9449 E QCOMKeyMaster: Loading keymaster app failied
03-10 21:11:32.534  9449  9449 E keystore: could not open keymaster device in keystore (Operation not permitted)
03-10 21:11:32.534  9449  9449 E keystore: keystore keymaster could not be initialized; exiting
03-10 21:11:32.584  1638  1638 D wpa_supplicant: RX ctrl_iface - hexdump(len=11): 53 49 47 4e 41 4c 5f 50 4f 4c 4c
03-10 21:11:32.584  1638  1638 D wpa_supplicant: wlan0: Control interface command 'SIGNAL_POLL'
03-10 21:11:32.584  1638  1638 D wpa_supplicant: nl80211: survey data missing!
03-10 21:11:32.614   219   219 V WLAN_PSA: NL MSG, len[914], NL type[0x11] WNI type[0x5050] len[894]
03-10 21:11:32.614   219   219 V WLAN_PSA: NL MSG, len[048], NL type[0x11] WNI type[0x5050] len[028]
03-10 21:11:32.724   219   219 V WLAN_PSA: NL MSG, len[914], NL type[0x11] WNI type[0x5050] len[894]
03-10 21:11:32.824   219   219 V WLAN_PSA: NL MSG, len[914], NL type[0x11] WNI type[0x5050] len[894]
03-10 21:11:32.824   219   219 V WLAN_PSA: NL MSG, len[048], NL type[0x11] WNI type[0x5050] len[028]
03-10 21:11:32.964   219   219 V WLAN_PSA: NL MSG, len[914], NL type[0x11] WNI type[0x5050] len[894]
03-10 21:11:32.964   997   997 D StatusBar.NetworkController: refreshViews: Data not connected!! Set no data type icon / Roaming
03-10 21:11:32.964   997   997 D StatusBar.NetworkController: refreshViews connected={ wifi } level=0 combinedSignalIconId=0x7f0200a2/com.android.systemui:drawable/stat_sys_wifi_signal_2_fully mobileLabel= wifiLabel="AllieGO 5GHz"xxxxXXXXxxxxXXXX emergencyOnly=false combinedLabel="AllieGO 5GHz"xxxxXXXXxxxxXXXX mAirplaneMode=false mDataActivity=0 mPhoneSignalIconId=0x0 mQSPhoneSignalIconId=0x0 mDataDirectionIconId=0x0 mDataSignalIconId=0x0 mDataTypeIconId=0x0 mQSDataTypeIconId=0x0 mNoSimIconId=0x0 mWifiIconId=0x7f0200a2 mQSWifiIconId=0x7f02005a mBluetoothTetherIconId=0x10805cc
03-10 21:11:33.064   219   219 V WLAN_PSA: NL MSG, len[914], NL type[0x11] WNI type[0x5050] len[894]
03-10 21:11:33.064   219   219 V WLAN_PSA: NL MSG, len[048], NL type[0x11] WNI type[0x5050] len[028]
03-10 21:11:33.194   219   219 V WLAN_PSA: NL MSG, len[914], NL type[0x11] WNI type[0x5050] len[894]
03-10 21:11:33.294   219   219 V WLAN_PSA: NL MSG, len[914], NL type[0x11] WNI type[0x5050] len[894]
03-10 21:11:33.294   219   219 V WLAN_PSA: NL MSG, len[048], NL type[0x11] WNI type[0x5050] len[028]
03-10 21:11:33.324   219   219 V WLAN_PSA: NL MSG, len[048], NL type[0x11] WNI type[0x5050] len[028]
03-10 21:11:33.654   219   219 V WLAN_PSA: NL MSG, len[048], NL type[0x11] WNI type[0x5050] len[028]
03-10 21:11:33.654   219   219 V WLAN_PSA: NL MSG, len[914], NL type[0x11] WNI type[0x5050] len[894]
03-10 21:11:33.754   219   219 V WLAN_PSA: NL MSG, len[914], NL type[0x11] WNI type[0x5050] len[894]
03-10 21:11:33.754   219   219 V WLAN_PSA: NL MSG, len[048], NL type[0x11] WNI type[0x5050] len[028]
03-10 21:11:33.964   997   997 D StatusBar.NetworkController: refreshViews: Data not connected!! Set no data type icon / Roaming
03-10 21:11:33.964   997   997 D StatusBar.NetworkController: refreshViews connected={ wifi } level=0 combinedSignalIconId=0x7f0200a2/com.android.systemui:drawable/stat_sys_wifi_signal_2_fully mobileLabel= wifiLabel="AllieGO 5GHz"xxxxXXXXxxxxXXXX emergencyOnly=false combinedLabel="AllieGO 5GHz"xxxxXXXXxxxxXXXX mAirplaneMode=false mDataActivity=0 mPhoneSignalIconId=0x0 mQSPhoneSignalIconId=0x0 mDataDirectionIconId=0x0 mDataSignalIconId=0x0 mDataTypeIconId=0x0 mQSDataTypeIconId=0x0 mNoSimIconId=0x0 mWifiIconId=0x7f0200a2 mQSWifiIconId=0x7f02005a mBluetoothTetherIconId=0x10805cc
03-10 21:11:34.114   219   219 V WLAN_PSA: NL MSG, len[048], NL type[0x11] WNI type[0x5050] len[028]
03-10 21:11:34.114   219   219 V WLAN_PSA: NL MSG, len[914], NL type[0x11] WNI type[0x5050] len[894]
03-10 21:11:34.214   219   219 V WLAN_PSA: NL MSG, len[914], NL type[0x11] WNI type[0x5050] len[894]
03-10 21:11:34.214   219   219 V WLAN_PSA: NL MSG, len[048], NL type[0x11] WNI type[0x5050] len[028]
03-10 21:11:34.574   219   219 V WLAN_PSA: NL MSG, len[048], NL type[0x11] WNI type[0x5050] len[028]
03-10 21:11:34.574   219   219 V WLAN_PSA: NL MSG, len[914], NL type[0x11] WNI type[0x5050] len[894]
03-10 21:11:34.674   219   219 V WLAN_PSA: NL MSG, len[914], NL type[0x11] WNI type[0x5050] len[894]
03-10 21:11:34.674   219   219 V WLAN_PSA: NL MSG, len[048], NL type[0x11] WNI type[0x5050] len[028]
03-10 21:11:34.984   997   997 D StatusBar.NetworkController: refreshViews: Data not connected!! Set no data type icon / Roaming
03-10 21:11:34.984   997   997 D StatusBar.NetworkController: refreshViews connected={ wifi } level=0 combinedSignalIconId=0x7f0200a2/com.android.systemui:drawable/stat_sys_wifi_signal_2_fully mobileLabel= wifiLabel="AllieGO 5GHz"xxxxXXXXxxxxXXXX emergencyOnly=false combinedLabel="AllieGO 5GHz"xxxxXXXXxxxxXXXX mAirplaneMode=false mDataActivity=0 mPhoneSignalIconId=0x0 mQSPhoneSignalIconId=0x0 mDataDirectionIconId=0x0 mDataSignalIconId=0x0 mDataTypeIconId=0x0 mQSDataTypeIconId=0x0 mNoSimIconId=0x0 mWifiIconId=0x7f0200a2 mQSWifiIconId=0x7f02005a mBluetoothTetherIconId=0x10805cc
03-10 21:11:35.034   219   219 V WLAN_PSA: NL MSG, len[048], NL type[0x11] WNI type[0x5050] len[028]
03-10 21:11:35.034   219   219 V WLAN_PSA: NL MSG, len[914], NL type[0x11] WNI type[0x5050] len[894]
03-10 21:11:35.034  1638  1638 D wpa_supplicant: nl80211: Event message available
03-10 21:11:35.034  1638  1638 D wpa_supplicant: nl80211: Drv Event 34 (NL80211_CMD_NEW_SCAN_RESULTS) received for wlan0
03-10 21:11:35.034  1638  1638 D wpa_supplicant: wlan0: nl80211: New scan results available
03-10 21:11:35.034  1638  1638 D wpa_supplicant: wlan0: Event SCAN_RESULTS (3) received
03-10 21:11:35.034  1638  1638 D wpa_supplicant: nl80211: Associated on 5220 MHz
03-10 21:11:35.034  1638  1638 D wpa_supplicant: nl80211: Associated with e8:fc:af:ff:3a:33
03-10 21:11:35.034  1638  1638 D wpa_supplicant: nl80211: Received scan results (8 BSSes)
03-10 21:11:35.034  1638  1638 D wpa_supplicant: nl80211: Survey data missing
03-10 21:11:35.034  1638  1638 D wpa_supplicant: nl80211: Scan results indicate BSS status with e8:fc:af:ff:3a:33 as associated
03-10 21:11:35.034  1638  1638 D wpa_supplicant: Sorted scan results
03-10 21:11:35.034  1638  1638 D wpa_supplicant: d4:bf:7f:50:25:d7 freq=2452 qual=0 noise=0 level=-62 flags=0xb age=0
03-10 21:11:35.034  1638  1638 D wpa_supplicant: IEs - hexdump(len=361): 00 08 6d 61 78 5f 74 65 73 74 01 08 82 84 8b 96 0c 12 18 24 03 01 09 2a 01 00 32 04 30 48 60 6c ...
03-10 21:11:35.034  1638  1638 D wpa_supplicant: Beacon IEs - hexdump(len=308): 00 08 6d 61 78 5f 74 65 73 74 01 08 82 84 8b 96 0c 12 18 24 03 01 09 05 04 00 01 00 00 07 06 55 ...
03-10 21:11:35.034  1638  1638 D wpa_supplicant: e8:fc:af:ff:3a:33 freq=5220 qual=0 noise=0 level=-69 flags=0x2b age=0
03-10 21:11:35.034  1638  1638 D wpa_supplicant: IEs - hexdump(len=378): 00 0c 41 6c 6c 69 65 47 4f 20 35 47 48 7a 01 08 8c 12 98 24 b0 48 60 6c 07 3c 44 45 20 24 01 17 ...
03-10 21:11:35.034  1638  1638 D wpa_supplicant: Beacon IEs - hexdump(len=312): 00 0c 41 6c 6c 69 65 47 4f 20 35 47 48 7a 01 08 8c 12 98 24 b0 48 60 6c 05 05 01 02 00 d8 08 07 ...
03-10 21:11:35.034  1638  1638 D wpa_supplicant: 24:a4:3c:1a:db:20 freq=2412 qual=0 noise=0 level=-66 flags=0xb age=0
03-10 21:11:35.034  1638  1638 D wpa_supplicant: IEs - hexdump(len=190): 00 04 31 35 30 32 01 08 82 84 8b 96 24 b0 48 6c 03 01 01 2a 01 00 2f 01 00 30 18 01 00 00 0f ac ...
03-10 21:11:35.034  1638  1638 D wpa_supplicant: d4:bf:7f:50:25:d2 freq=5240 qual=0 noise=0 level=-73 flags=0xb age=0
03-10 21:11:35.034  1638  1638 D wpa_supplicant: IEs - hexdump(len=384): 00 0b 6d 61 78 2d 74 65 73 74 20 35 47 01 08 8c 12 98 24 b0 48 60 6c 2d 1a ef 19 1f ff ff 00 00 ...
03-10 21:11:35.034  1638  1638 D wpa_supplicant: e8:fc:af:ff:3a:34 freq=2432 qual=0 noise=0 level=-69 flags=0xb age=0
03-10 21:11:35.034  1638  1638 D wpa_supplicant: IEs - hexdump(len=352): 00 07 41 6c 6c 69 65 47 4f 01 08 82 84 0b 16 24 30 48 6c 03 01 05 07 06 44 45 20 01 0d 14 2a 01 ...
03-10 21:11:35.034  1638  1638 D wpa_supplicant: 14:d6:4d:78:6b:54 freq=2437 qual=0 noise=0 level=-73 flags=0xb age=0
03-10 21:11:35.034  1638  1638 D wpa_supplicant: IEs - hexdump(len=274): 00 06 6b 69 74 6e 70 66 01 08 82 84 8b 96 12 24 48 6c 03 01 06 2a 01 00 32 04 0c 18 30 60 2d 1a ...
03-10 21:11:35.034  1638  1638 D wpa_supplicant: ec:43:f6:da:f7:48 freq=2412 qual=0 noise=0 level=-77 flags=0xb age=0
03-10 21:11:35.034  1638  1638 D wpa_supplicant: IEs - hexdump(len=275): 00 05 4d 65 74 72 6f 01 08 82 84 8b 96 12 24 48 6c 03 01 01 2a 01 04 32 04 0c 18 30 60 dd 16 00 ...
03-10 21:11:35.034  1638  1638 D wpa_supplicant: ea:28:5d:6b:09:e8 freq=2457 qual=0 noise=0 level=-36 flags=0xb age=0
03-10 21:11:35.034  1638  1638 D wpa_supplicant: IEs - hexdump(len=330): 00 04 5a 35 31 30 01 08 82 84 8b 96 12 24 48 6c 03 01 0a 2a 01 04 32 04 0c 18 30 60 2d 1a 6e 11 ...
03-10 21:11:35.034  1638  1638 D wpa_supplicant: wlan0: BSS: Start scan result update 66
03-10 21:11:35.034  1638  1638 D wpa_supplicant: wlan0: BSS: Add new id 19 BSSID d4:bf:7f:50:25:d2 SSID 'max-test 5G'
03-10 21:11:35.034  1638  1638 D wpa_supplicant: CTRL_IFACE monitor send - hexdump(len=39): 2f 64 61 74 61 2f 6d 69 73 63 2f 77 69 66 69 2f 73 6f 63 6b 65 74 73 2f 77 70 61 5f 63 74 72 6c ...
03-10 21:11:35.034  1638  1638 D wpa_supplicant: BSS: last_scan_res_used=8/32 last_scan_full=0
03-10 21:11:35.034  1638  1638 D wpa_supplicant: Add randomness: count=715 entropy=576
03-10 21:11:35.034  1638  1638 D wpa_supplicant: random pool - hexdump(len=128): [REMOVED]
03-10 21:11:35.034  1638  1638 D wpa_supplicant: random_mix_pool - hexdump(len=8): [REMOVED]
03-10 21:11:35.034  1638  1638 D wpa_supplicant: random_mix_pool - hexdump(len=5): [REMOVED]
03-10 21:11:35.034  1638  1638 D wpa_supplicant: random pool - hexdump(len=128): [REMOVED]
03-10 21:11:35.034  1638  1638 D wpa_supplicant: Add randomness: count=716 entropy=577
03-10 21:11:35.034  1638  1638 D wpa_supplicant: random pool - hexdump(len=128): [REMOVED]
03-10 21:11:35.034  1638  1638 D wpa_supplicant: random_mix_pool - hexdump(len=8): [REMOVED]
03-10 21:11:35.034  1638  1638 D wpa_supplicant: random_mix_pool - hexdump(len=5): [REMOVED]
03-10 21:11:35.034  1638  1638 D wpa_supplicant: random pool - hexdump(len=128): [REMOVED]
03-10 21:11:35.034  1638  1638 D wpa_supplicant: Add randomness: count=717 entropy=578
03-10 21:11:35.034  1638  1638 D wpa_supplicant: random pool - hexdump(len=128): [REMOVED]
03-10 21:11:35.034  1638  1638 D wpa_supplicant: random_mix_pool - hexdump(len=8): [REMOVED]
03-10 21:11:35.034  1638  1638 D wpa_supplicant: random_mix_pool - hexdump(len=5): [REMOVED]
03-10 21:11:35.034  1638  1638 D wpa_supplicant: random pool - hexdump(len=128): [REMOVED]
03-10 21:11:35.034  1638  1638 D wpa_supplicant: Add randomness: count=718 entropy=579
03-10 21:11:35.034  1638  1638 D wpa_supplicant: random pool - hexdump(len=128): [REMOVED]
03-10 21:11:35.034  1638  1638 D wpa_supplicant: random_mix_pool - hexdump(len=8): [REMOVED]
03-10 21:11:35.034  1638  1638 D wpa_supplicant: random_mix_pool - hexdump(len=5): [REMOVED]
03-10 21:11:35.034  1638  1638 D wpa_supplicant: random pool - hexdump(len=128): [REMOVED]
03-10 21:11:35.034  1638  1638 D wpa_supplicant: Add randomness: count=719 entropy=580
03-10 21:11:35.034  1638  1638 D wpa_supplicant: random pool - hexdump(len=128): [REMOVED]
03-10 21:11:35.034  1638  1638 D wpa_supplicant: random_mix_pool - hexdump(len=8): [REMOVED]
03-10 21:11:35.034  1638  1638 D wpa_supplicant: random_mix_pool - hexdump(len=5): [REMOVED]
03-10 21:11:35.034  1638  1638 D wpa_supplicant: random pool - hexdump(len=128): [REMOVED]
03-10 21:11:35.034  1638  1638 D wpa_supplicant: Add randomness: count=720 entropy=581
03-10 21:11:35.034  1638  1638 D wpa_supplicant: random pool - hexdump(len=128): [REMOVED]
03-10 21:11:35.034  1638  1638 D wpa_supplicant: random_mix_pool - hexdump(len=8): [REMOVED]
03-10 21:11:35.034  1638  1638 D wpa_supplicant: random_mix_pool - hexdump(len=5): [REMOVED]
03-10 21:11:35.034  1638  1638 D wpa_supplicant: random pool - hexdump(len=128): [REMOVED]
03-10 21:11:35.034  1638  1638 D wpa_supplicant: Add randomness: count=721 entropy=582
03-10 21:11:35.034  1638  1638 D wpa_supplicant: random pool - hexdump(len=128): [REMOVED]
03-10 21:11:35.034  1638  1638 D wpa_supplicant: random_mix_pool - hexdump(len=8): [REMOVED]
03-10 21:11:35.034  1638  1638 D wpa_supplicant: random_mix_pool - hexdump(len=5): [REMOVED]
03-10 21:11:35.034  1638  1638 D wpa_supplicant: random pool - hexdump(len=128): [REMOVED]
03-10 21:11:35.034  1638  1638 D wpa_supplicant: Add randomness: count=722 entropy=583
03-10 21:11:35.034  1638  1638 D wpa_supplicant: random pool - hexdump(len=128): [REMOVED]
03-10 21:11:35.034  1638  1638 D wpa_supplicant: random_mix_pool - hexdump(len=8): [REMOVED]
03-10 21:11:35.034  1638  1638 D wpa_supplicant: random_mix_pool - hexdump(len=5): [REMOVED]
03-10 21:11:35.034  1638  1638 D wpa_supplicant: random pool - hexdump(len=128): [REMOVED]
03-10 21:11:35.034  1638  1638 D wpa_supplicant: wlan0: Scan-only results received
03-10 21:11:35.034  1638  1638 D wpa_supplicant: CTRL_IFACE monitor send - hexdump(len=39): 2f 64 61 74 61 2f 6d 69 73 63 2f 77 69 66 69 2f 73 6f 63 6b 65 74 73 2f 77 70 61 5f 63 74 72 6c ...
03-10 21:11:35.034  1638  1638 D wpa_supplicant: wlan0: P2P: Station mode scan operation not pending anymore (sta_scan_pending=0 p2p_cb_on_scan_complete=0)
03-10 21:11:35.034  1638  1638 D wpa_supplicant: nl80211: Drv Event 32 (NL80211_CMD_GET_SCAN) received for wlan0
03-10 21:11:35.034  1638  1638 D wpa_supplicant: wlan0: nl80211: Ignored unknown event (cmd=32)
03-10 21:11:35.034  1638  1638 D wpa_supplicant: RTM_NEWLINK: operstate=1 ifi_flags=0x11043 ([UP][RUNNING][LOWER_UP])
03-10 21:11:35.034  1638  1638 D wpa_supplicant: RTM_NEWLINK, IFLA_IFNAME: Interface 'wlan0' added
03-10 21:11:35.034  1638  1638 D wpa_supplicant: nl80211: if_removed already cleared - ignore event
03-10 21:11:35.034  1638  1638 D wpa_supplicant: RX ctrl_iface - hexdump(len=25): 42 53 53 20 52 41 4e 47 45 3d 30 2d 20 4d 41 53 4b 3d 30 78 32 31 39 38 37
03-10 21:11:35.034  1638  1638 D wpa_supplicant: wlan0: Control interface command 'BSS RANGE=0- MASK=0x21987'
03-10 21:11:35.034  1638  1638 D wpa_supplicant: WPS: attr type=0x104a len=1
03-10 21:11:35.034  1638  1638 D wpa_supplicant: WPS: attr type=0x1044 len=1
03-10 21:11:35.034  1638  1638 D wpa_supplicant: WPS: attr type=0x103b len=1
03-10 21:11:35.034  1638  1638 D wpa_supplicant: WPS: attr type=0x1047 len=16
03-10 21:11:35.034  1638  1638 D wpa_supplicant: WPS: attr type=0x1021 len=13
03-10 21:11:35.034  1638  1638 D wpa_supplicant: WPS: attr type=0x1023 len=5
03-10 21:11:35.034  1638  1638 D wpa_supplicant: WPS: attr type=0x1024 len=5
03-10 21:11:35.034  1638  1638 D wpa_supplicant: WPS: attr type=0x1042 len=2
03-10 21:11:35.034  1638  1638 D wpa_supplicant: WPS: attr type=0x1054 len=8
03-10 21:11:35.034  1638  1638 D wpa_supplicant: WPS: attr type=0x1011 len=5
03-10 21:11:35.034  1638  1638 D wpa_supplicant: WPS: attr type=0x1008 len=2
03-10 21:11:35.034  1638  1638 D wpa_supplicant: WPS: attr type=0x103c len=1
03-10 21:11:35.034  1638  1638 D wpa_supplicant: WPS: attr type=0x1049 len=6
03-10 21:11:35.034  1638  1638 D wpa_supplicant: WPS: WFA subelement id=0 len=1
03-10 21:11:35.034  1638  1638 D wpa_supplicant: WPS: attr type=0x104a len=1
03-10 21:11:35.034  1638  1638 D wpa_supplicant: WPS: attr type=0x1044 len=1
03-10 21:11:35.034  1638  1638 D wpa_supplicant: WPS: attr type=0x103b len=1
03-10 21:11:35.034  1638  1638 D wpa_supplicant: WPS: attr type=0x1047 len=16
03-10 21:11:35.034  1638  1638 D wpa_supplicant: WPS: attr type=0x1021 len=13
03-10 21:11:35.034  1638  1638 D wpa_supplicant: WPS: attr type=0x1023 len=5
03-10 21:11:35.034  1638  1638 D wpa_supplicant: WPS: attr type=0x1024 len=5
03-10 21:11:35.034  1638  1638 D wpa_supplicant: WPS: attr type=0x1042 len=2
03-10 21:11:35.034  1638  1638 D wpa_supplicant: WPS: attr type=0x1054 len=8
03-10 21:11:35.034  1638  1638 D wpa_supplicant: WPS: attr type=0x1011 len=5
03-10 21:11:35.034  1638  1638 D wpa_supplicant: WPS: attr type=0x1008 len=2
03-10 21:11:35.034  1638  1638 D wpa_supplicant: WPS: attr type=0x103c len=1
03-10 21:11:35.034  1638  1638 D wpa_supplicant: WPS: attr type=0x1049 len=6
03-10 21:11:35.034  1638  1638 D wpa_supplicant: WPS: WFA subelement id=0 len=1
03-10 21:11:35.034  1638  1638 D wpa_supplicant: WPS: attr type=0x104a len=1
03-10 21:11:35.034  1638  1638 D wpa_supplicant: WPS: attr type=0x1044 len=1
03-10 21:11:35.034  1638  1638 D wpa_supplicant: WPS: attr type=0x103b len=1
03-10 21:11:35.034  1638  1638 D wpa_supplicant: WPS: attr type=0x1047 len=16
03-10 21:11:35.034  1638  1638 D wpa_supplicant: WPS: attr type=0x1021 len=13
03-10 21:11:35.034  1638  1638 D wpa_supplicant: WPS: attr type=0x1023 len=5
03-10 21:11:35.034  1638  1638 D wpa_supplicant: WPS: attr type=0x1024 len=5
03-10 21:11:35.034  1638  1638 D wpa_supplicant: WPS: attr type=0x1042 len=2
03-10 21:11:35.034  1638  1638 D wpa_supplicant: WPS: attr type=0x1054 len=8
03-10 21:11:35.034  1638  1638 D wpa_supplicant: WPS: attr type=0x1011 len=5
03-10 21:11:35.034  1638  1638 D wpa_supplicant: WPS: attr type=0x1008 len=2
03-10 21:11:35.034  1638  1638 D wpa_supplicant: WPS: attr type=0x103c len=1
03-10 21:11:35.034  1638  1638 D wpa_supplicant: WPS: attr type=0x1049 len=6
03-10 21:11:35.034  1638  1638 D wpa_supplicant: WPS: WFA subelement id=0 len=1
03-10 21:11:35.034  1638  1638 D wpa_supplicant: WPS: attr type=0x104a len=1
03-10 21:11:35.034  1638  1638 D wpa_supplicant: WPS: attr type=0x1044 len=1
03-10 21:11:35.034  1638  1638 D wpa_supplicant: WPS: attr type=0x103b len=1
03-10 21:11:35.034  1638  1638 D wpa_supplicant: WPS: attr type=0x1047 len=16
03-10 21:11:35.034  1638  1638 D wpa_supplicant: WPS: attr type=0x1021 len=24
03-10 21:11:35.034  1638  1638 D wpa_supplicant: WPS: attr type=0x1023 len=28
03-10 21:11:35.034  1638  1638 D wpa_supplicant: WPS: attr type=0x1024 len=6
03-10 21:11:35.034  1638  1638 D wpa_supplicant: WPS: attr type=0x1042 len=8
03-10 21:11:35.034  1638  1638 D wpa_supplicant: WPS: attr type=0x1054 len=8
03-10 21:11:35.034  1638  1638 D wpa_supplicant: WPS: attr type=0x1011 len=9
03-10 21:11:35.034  1638  1638 D wpa_supplicant: WPS: attr type=0x1008 len=2
03-10 21:11:35.034  1638  1638 D wpa_supplicant: WPS: attr type=0x103c len=1
03-10 21:11:35.034  1638  1638 D wpa_supplicant: WPS: attr type=0x104a len=1
03-10 21:11:35.034  1638  1638 D wpa_supplicant: WPS: attr type=0x1044 len=1
03-10 21:11:35.034  1638  1638 D wpa_supplicant: WPS: attr type=0x103b len=1
03-10 21:11:35.034  1638  1638 D wpa_supplicant: WPS: attr type=0x1047 len=16
03-10 21:11:35.034  1638  1638 D wpa_supplicant: WPS: attr type=0x1021 len=24
03-10 21:11:35.034  1638  1638 D wpa_supplicant: WPS: attr type=0x1023 len=28
03-10 21:11:35.034  1638  1638 D wpa_supplicant: WPS: attr type=0x1024 len=6
03-10 21:11:35.034  1638  1638 D wpa_supplicant: WPS: attr type=0x1042 len=8
03-10 21:11:35.034  1638  1638 D wpa_supplicant: WPS: attr type=0x1054 len=8
03-10 21:11:35.034  1638  1638 D wpa_supplicant: WPS: attr type=0x1011 len=9
03-10 21:11:35.034  1638  1638 D wpa_supplicant: WPS: attr type=0x1008 len=2
03-10 21:11:35.034  1638  1638 D wpa_supplicant: WPS: attr type=0x103c len=1
03-10 21:11:35.034  1638  1638 D wpa_supplicant: WPS: attr type=0x104a len=1
03-10 21:11:35.034  1638  1638 D wpa_supplicant: WPS: attr type=0x1044 len=1
03-10 21:11:35.034  1638  1638 D wpa_supplicant: WPS: attr type=0x103b len=1
03-10 21:11:35.034  1638  1638 D wpa_supplicant: WPS: attr type=0x1047 len=16
03-10 21:11:35.034  1638  1638 D wpa_supplicant: WPS: attr type=0x1021 len=24
03-10 21:11:35.034  1638  1638 D wpa_supplicant: WPS: attr type=0x1023 len=28
03-10 21:11:35.034  1638  1638 D wpa_supplicant: WPS: attr type=0x1024 len=6
03-10 21:11:35.034  1638  1638 D wpa_supplicant: WPS: attr type=0x1042 len=8
03-10 21:11:35.034  1638  1638 D wpa_supplicant: WPS: attr type=0x1054 len=8
03-10 21:11:35.034  1638  1638 D wpa_supplicant: WPS: attr type=0x1011 len=9
03-10 21:11:35.034  1638  1638 D wpa_supplicant: WPS: attr type=0x1008 len=2
03-10 21:11:35.034  1638  1638 D wpa_supplicant: WPS: attr type=0x103c len=1
03-10 21:11:35.034  1638  1638 D wpa_supplicant: WPS: attr type=0x104a len=1
03-10 21:11:35.034  1638  1638 D wpa_supplicant: WPS: attr type=0x1044 len=1
03-10 21:11:35.034  1638  1638 D wpa_supplicant: WPS: attr type=0x1041 len=1
03-10 21:11:35.034  1638  1638 D wpa_supplicant: WPS: attr type=0x1012 len=2
03-10 21:11:35.034  1638  1638 D wpa_supplicant: WPS: attr type=0x1053 len=2
03-10 21:11:35.034  1638  1638 D wpa_supplicant: WPS: attr type=0x103b len=1
03-10 21:11:35.034  1638  1638 D wpa_supplicant: WPS: attr type=0x1047 len=16
03-10 21:11:35.034  1638  1638 D wpa_supplicant: WPS: attr type=0x1021 len=26
03-10 21:11:35.034  1638  1638 D wpa_supplicant: WPS: attr type=0x1023 len=20
03-10 21:11:35.034  1638  1638 D wpa_supplicant: WPS: attr type=0x1024 len=15
03-10 21:11:35.034  1638  1638 D wpa_supplicant: WPS: attr type=0x1042 len=4
03-10 21:11:35.034  1638  1638 D wpa_supplicant: WPS: attr type=0x1054 len=8
03-10 21:11:35.034  1638  1638 D wpa_supplicant: WPS: attr type=0x1011 len=21
03-10 21:11:35.034  1638  1638 D wpa_supplicant: WPS: attr type=0x1008 len=2
03-10 21:11:35.034  1638  1638 D wpa_supplicant: WPS: attr type=0x103c len=1
03-10 21:11:35.034  1638  1638 D wpa_supplicant: WPS: attr type=0x104a len=1
03-10 21:11:35.034  1638  1638 D wpa_supplicant: WPS: attr type=0x1044 len=1
03-10 21:11:35.034  1638  1638 D wpa_supplicant: WPS: attr type=0x1041 len=1
03-10 21:11:35.034  1638  1638 D wpa_supplicant: WPS: attr type=0x1012 len=2
03-10 21:11:35.034  1638  1638 D wpa_supplicant: WPS: attr type=0x1053 len=2
03-10 21:11:35.034  1638  1638 D wpa_supplicant: WPS: attr type=0x103b len=1
03-10 21:11:35.034  1638  1638 D wpa_supplicant: WPS: attr type=0x1047 len=16
03-10 21:11:35.034  1638  1638 D wpa_supplicant: WPS: attr type=0x1021 len=26
03-10 21:11:35.034  1638  1638 D wpa_supplicant: WPS: attr type=0x1023 len=20
03-10 21:11:35.034  1638  1638 D wpa_supplicant: WPS: attr type=0x1024 len=15
03-10 21:11:35.034  1638  1638 D wpa_supplicant: WPS: attr type=0x1042 len=4
03-10 21:11:35.034  1638  1638 D wpa_supplicant: WPS: attr type=0x1054 len=8
03-10 21:11:35.044  1638  1638 D wpa_supplicant: WPS: attr type=0x1011 len=21
03-10 21:11:35.044  1638  1638 D wpa_supplicant: WPS: attr type=0x1008 len=2
03-10 21:11:35.044  1638  1638 D wpa_supplicant: WPS: attr type=0x103c len=1
03-10 21:11:35.044  1638  1638 D wpa_supplicant: WPS: attr type=0x104a len=1
03-10 21:11:35.044  1638  1638 D wpa_supplicant: WPS: attr type=0x1044 len=1
03-10 21:11:35.044  1638  1638 D wpa_supplicant: WPS: attr type=0x1041 len=1
03-10 21:11:35.044  1638  1638 D wpa_supplicant: WPS: attr type=0x1012 len=2
03-10 21:11:35.044  1638  1638 D wpa_supplicant: WPS: attr type=0x1053 len=2
03-10 21:11:35.044  1638  1638 D wpa_supplicant: WPS: attr type=0x103b len=1
03-10 21:11:35.044  1638  1638 D wpa_supplicant: WPS: attr type=0x1047 len=16
03-10 21:11:35.044  1638  1638 D wpa_supplicant: WPS: attr type=0x1021 len=26
03-10 21:11:35.044  1638  1638 D wpa_supplicant: WPS: attr type=0x1023 len=20
03-10 21:11:35.044  1638  1638 D wpa_supplicant: WPS: attr type=0x1024 len=15
03-10 21:11:35.044  1638  1638 D wpa_supplicant: WPS: attr type=0x1042 len=4
03-10 21:11:35.044  1638  1638 D wpa_supplicant: WPS: attr type=0x1054 len=8
03-10 21:11:35.044  1638  1638 D wpa_supplicant: WPS: attr type=0x1011 len=21
03-10 21:11:35.044  1638  1638 D wpa_supplicant: WPS: attr type=0x1008 len=2
03-10 21:11:35.044  1638  1638 D wpa_supplicant: WPS: attr type=0x103c len=1
03-10 21:11:35.044  1638  1638 D wpa_supplicant: WPS: attr type=0x104a len=1
03-10 21:11:35.044  1638  1638 D wpa_supplicant: WPS: attr type=0x1044 len=1
03-10 21:11:35.044  1638  1638 D wpa_supplicant: WPS: attr type=0x103b len=1
03-10 21:11:35.044  1638  1638 D wpa_supplicant: WPS: attr type=0x1047 len=16
03-10 21:11:35.044  1638  1638 D wpa_supplicant: WPS: attr type=0x1021 len=9
03-10 21:11:35.044  1638  1638 D wpa_supplicant: WPS: attr type=0x1023 len=5
03-10 21:11:35.044  1638  1638 D wpa_supplicant: WPS: attr type=0x1024 len=9
03-10 21:11:35.044  1638  1638 D wpa_supplicant: WPS: attr type=0x1042 len=15
03-10 21:11:35.044  1638  1638 D wpa_supplicant: WPS: attr type=0x1054 len=8
03-10 21:11:35.044  1638  1638 D wpa_supplicant: WPS: attr type=0x1011 len=8
03-10 21:11:35.044  1638  1638 D wpa_supplicant: WPS: attr type=0x1008 len=2
03-10 21:11:35.044  1638  1638 D wpa_supplicant: WPS: attr type=0x103c len=1
03-10 21:11:35.044  1638  1638 D wpa_supplicant: WPS: attr type=0x1049 len=6
03-10 21:11:35.044  1638  1638 D wpa_supplicant: WPS: WFA subelement id=0 len=1
03-10 21:11:35.044  1638  1638 D wpa_supplicant: WPS: attr type=0x104a len=1
03-10 21:11:35.044  1638  1638 D wpa_supplicant: WPS: attr type=0x1044 len=1
03-10 21:11:35.044  1638  1638 D wpa_supplicant: WPS: attr type=0x103b len=1
03-10 21:11:35.044  1638  1638 D wpa_supplicant: WPS: attr type=0x1047 len=16
03-10 21:11:35.044  1638  1638 D wpa_supplicant: WPS: attr type=0x1021 len=9
03-10 21:11:35.044  1638  1638 D wpa_supplicant: WPS: attr type=0x1023 len=5
03-10 21:11:35.044  1638  1638 D wpa_supplicant: WPS: attr type=0x1024 len=9
03-10 21:11:35.044  1638  1638 D wpa_supplicant: WPS: attr type=0x1042 len=15
03-10 21:11:35.044  1638  1638 D wpa_supplicant: WPS: attr type=0x1054 len=8
03-10 21:11:35.044  1638  1638 D wpa_supplicant: WPS: attr type=0x1011 len=8
03-10 21:11:35.044  1638  1638 D wpa_supplicant: WPS: attr type=0x1008 len=2
03-10 21:11:35.044  1638  1638 D wpa_supplicant: WPS: attr type=0x103c len=1
03-10 21:11:35.044  1638  1638 D wpa_supplicant: WPS: attr type=0x1049 len=6
03-10 21:11:35.044  1638  1638 D wpa_supplicant: WPS: WFA subelement id=0 len=1
03-10 21:11:35.044  1638  1638 D wpa_supplicant: WPS: attr type=0x104a len=1
03-10 21:11:35.044  1638  1638 D wpa_supplicant: WPS: attr type=0x1044 len=1
03-10 21:11:35.044  1638  1638 D wpa_supplicant: WPS: attr type=0x103b len=1
03-10 21:11:35.044  1638  1638 D wpa_supplicant: WPS: attr type=0x1047 len=16
03-10 21:11:35.044  1638  1638 D wpa_supplicant: WPS: attr type=0x1021 len=9
03-10 21:11:35.044  1638  1638 D wpa_supplicant: WPS: attr type=0x1023 len=5
03-10 21:11:35.044  1638  1638 D wpa_supplicant: WPS: attr type=0x1024 len=9
03-10 21:11:35.044  1638  1638 D wpa_supplicant: WPS: attr type=0x1042 len=15
03-10 21:11:35.044  1638  1638 D wpa_supplicant: WPS: attr type=0x1054 len=8
03-10 21:11:35.044  1638  1638 D wpa_supplicant: WPS: attr type=0x1011 len=8
03-10 21:11:35.044  1638  1638 D wpa_supplicant: WPS: attr type=0x1008 len=2
03-10 21:11:35.044  1638  1638 D wpa_supplicant: WPS: attr type=0x103c len=1
03-10 21:11:35.044  1638  1638 D wpa_supplicant: WPS: attr type=0x1049 len=6
03-10 21:11:35.044  1638  1638 D wpa_supplicant: WPS: WFA subelement id=0 len=1
03-10 21:11:35.044  1638  1638 D wpa_supplicant: WPS: attr type=0x104a len=1
03-10 21:11:35.044  1638  1638 D wpa_supplicant: WPS: attr type=0x1044 len=1
03-10 21:11:35.044  1638  1638 D wpa_supplicant: WPS: attr type=0x103b len=1
03-10 21:11:35.044  1638  1638 D wpa_supplicant: WPS: attr type=0x1047 len=16
03-10 21:11:35.044  1638  1638 D wpa_supplicant: WPS: attr type=0x1021 len=13
03-10 21:11:35.044  1638  1638 D wpa_supplicant: WPS: attr type=0x1023 len=5
03-10 21:11:35.044  1638  1638 D wpa_supplicant: WPS: attr type=0x1024 len=5
03-10 21:11:35.044  1638  1638 D wpa_supplicant: WPS: attr type=0x1042 len=2
03-10 21:11:35.044  1638  1638 D wpa_supplicant: WPS: attr type=0x1054 len=8
03-10 21:11:35.044  1638  1638 D wpa_supplicant: WPS: attr type=0x1011 len=5
03-10 21:11:35.044  1638  1638 D wpa_supplicant: WPS: attr type=0x1008 len=2
03-10 21:11:35.044  1638  1638 D wpa_supplicant: WPS: attr type=0x103c len=1
03-10 21:11:35.044  1638  1638 D wpa_supplicant: WPS: attr type=0x1049 len=6
03-10 21:11:35.044  1638  1638 D wpa_supplicant: WPS: WFA subelement id=0 len=1
03-10 21:11:35.044  1638  1638 D wpa_supplicant: WPS: attr type=0x104a len=1
03-10 21:11:35.044  1638  1638 D wpa_supplicant: WPS: attr type=0x1044 len=1
03-10 21:11:35.044  1638  1638 D wpa_supplicant: WPS: attr type=0x103b len=1
03-10 21:11:35.044  1638  1638 D wpa_supplicant: WPS: attr type=0x1047 len=16
03-10 21:11:35.044  1638  1638 D wpa_supplicant: WPS: attr type=0x1021 len=13
03-10 21:11:35.044  1638  1638 D wpa_supplicant: WPS: attr type=0x1023 len=5
03-10 21:11:35.044  1638  1638 D wpa_supplicant: WPS: attr type=0x1024 len=5
03-10 21:11:35.044  1638  1638 D wpa_supplicant: WPS: attr type=0x1042 len=2
03-10 21:11:35.044  1638  1638 D wpa_supplicant: WPS: attr type=0x1054 len=8
03-10 21:11:35.044  1638  1638 D wpa_supplicant: WPS: attr type=0x1011 len=5
03-10 21:11:35.044  1638  1638 D wpa_supplicant: WPS: attr type=0x1008 len=2
03-10 21:11:35.044  1638  1638 D wpa_supplicant: WPS: attr type=0x103c len=1
03-10 21:11:35.044  1638  1638 D wpa_supplicant: WPS: attr type=0x1049 len=6
03-10 21:11:35.044  1638  1638 D wpa_supplicant: WPS: WFA subelement id=0 len=1
03-10 21:11:35.044  1638  1638 D wpa_supplicant: WPS: attr type=0x104a len=1
03-10 21:11:35.044  1638  1638 D wpa_supplicant: WPS: attr type=0x1044 len=1
03-10 21:11:35.044  1638  1638 D wpa_supplicant: WPS: attr type=0x103b len=1
03-10 21:11:35.044  1638  1638 D wpa_supplicant: WPS: attr type=0x1047 len=16
03-10 21:11:35.044  1638  1638 D wpa_supplicant: WPS: attr type=0x1021 len=13
03-10 21:11:35.044  1638  1638 D wpa_supplicant: WPS: attr type=0x1023 len=5
03-10 21:11:35.044  1638  1638 D wpa_supplicant: WPS: attr type=0x1024 len=5
03-10 21:11:35.044  1638  1638 D wpa_supplicant: WPS: attr type=0x1042 len=2
03-10 21:11:35.044  1638  1638 D wpa_supplicant: WPS: attr type=0x1054 len=8
03-10 21:11:35.044  1638  1638 D wpa_supplicant: WPS: attr type=0x1011 len=5
03-10 21:11:35.044  1638  1638 D wpa_supplicant: WPS: attr type=0x1008 len=2
03-10 21:11:35.044  1638  1638 D wpa_supplicant: WPS: attr type=0x103c len=1
03-10 21:11:35.044  1638  1638 D wpa_supplicant: WPS: attr type=0x1049 len=6
03-10 21:11:35.044  1638  1638 D wpa_supplicant: WPS: WFA subelement id=0 len=1
03-10 21:11:35.044  1638  1638 D wpa_supplicant: WPS: attr type=0x104a len=1
03-10 21:11:35.044  1638  1638 D wpa_supplicant: WPS: attr type=0x1044 len=1
03-10 21:11:35.044  1638  1638 D wpa_supplicant: WPS: attr type=0x103b len=1
03-10 21:11:35.044  1638  1638 D wpa_supplicant: WPS: attr type=0x1047 len=16
03-10 21:11:35.044  1638  1638 D wpa_supplicant: WPS: attr type=0x1021 len=9
03-10 21:11:35.044  1638  1638 D wpa_supplicant: WPS: attr type=0x1023 len=5
03-10 21:11:35.044  1638  1638 D wpa_supplicant: WPS: attr type=0x1024 len=9
03-10 21:11:35.044  1638  1638 D wpa_supplicant: WPS: attr type=0x1042 len=15
03-10 21:11:35.044  1638  1638 D wpa_supplicant: WPS: attr type=0x1054 len=8
03-10 21:11:35.044  1638  1638 D wpa_supplicant: WPS: attr type=0x1011 len=8
03-10 21:11:35.044  1638  1638 D wpa_supplicant: WPS: attr type=0x1008 len=2
03-10 21:11:35.044  1638  1638 D wpa_supplicant: WPS: attr type=0x103c len=1
03-10 21:11:35.044  1638  1638 D wpa_supplicant: WPS: attr type=0x1049 len=6
03-10 21:11:35.044  1638  1638 D wpa_supplicant: WPS: WFA subelement id=0 len=1
03-10 21:11:35.044  1638  1638 D wpa_supplicant: WPS: attr type=0x104a len=1
03-10 21:11:35.044  1638  1638 D wpa_supplicant: WPS: attr type=0x1044 len=1
03-10 21:11:35.044  1638  1638 D wpa_supplicant: WPS: attr type=0x103b len=1
03-10 21:11:35.044  1638  1638 D wpa_supplicant: WPS: attr type=0x1047 len=16
03-10 21:11:35.044  1638  1638 D wpa_supplicant: WPS: attr type=0x1021 len=9
03-10 21:11:35.044  1638  1638 D wpa_supplicant: WPS: attr type=0x1023 len=5
03-10 21:11:35.044  1638  1638 D wpa_supplicant: WPS: attr type=0x1024 len=9
03-10 21:11:35.044  1638  1638 D wpa_supplicant: WPS: attr type=0x1042 len=15
03-10 21:11:35.044  1638  1638 D wpa_supplicant: WPS: attr type=0x1054 len=8
03-10 21:11:35.044  1638  1638 D wpa_supplicant: WPS: attr type=0x1011 len=8
03-10 21:11:35.044  1638  1638 D wpa_supplicant: WPS: attr type=0x1008 len=2
03-10 21:11:35.044  1638  1638 D wpa_supplicant: WPS: attr type=0x103c len=1
03-10 21:11:35.044  1638  1638 D wpa_supplicant: WPS: attr type=0x1049 len=6
03-10 21:11:35.044  1638  1638 D wpa_supplicant: WPS: WFA subelement id=0 len=1
03-10 21:11:35.044  1638  1638 D wpa_supplicant: WPS: attr type=0x104a len=1
03-10 21:11:35.044  1638  1638 D wpa_supplicant: WPS: attr type=0x1044 len=1
03-10 21:11:35.044  1638  1638 D wpa_supplicant: WPS: attr type=0x103b len=1
03-10 21:11:35.044  1638  1638 D wpa_supplicant: WPS: attr type=0x1047 len=16
03-10 21:11:35.044  1638  1638 D wpa_supplicant: WPS: attr type=0x1021 len=9
03-10 21:11:35.044  1638  1638 D wpa_supplicant: WPS: attr type=0x1023 len=5
03-10 21:11:35.044  1638  1638 D wpa_supplicant: WPS: attr type=0x1024 len=9
03-10 21:11:35.044  1638  1638 D wpa_supplicant: WPS: attr type=0x1042 len=15
03-10 21:11:35.044  1638  1638 D wpa_supplicant: WPS: attr type=0x1054 len=8
03-10 21:11:35.044  1638  1638 D wpa_supplicant: WPS: attr type=0x1011 len=8
03-10 21:11:35.044  1638  1638 D wpa_supplicant: WPS: attr type=0x1008 len=2
03-10 21:11:35.044  1638  1638 D wpa_supplicant: WPS: attr type=0x103c len=1
03-10 21:11:35.044  1638  1638 D wpa_supplicant: WPS: attr type=0x1049 len=6
03-10 21:11:35.044  1638  1638 D wpa_supplicant: WPS: WFA subelement id=0 len=1
03-10 21:11:35.054  1711  1711 D WifiHelper: wifi networks discovery succeed
03-10 21:11:35.054  1142  1318 W XTWiFiLP: No fix from XTWiFi-PE
03-10 21:11:35.054  1142  1318 W XTWiFiLP: No WiFi scan result from XTWiFi-PE
03-10 21:11:35.064   922  1299 D LBSSystemMonitorService: handleMessage what - 4
03-10 21:11:35.064   922  1299 D Wiper_jni: Send Network Location.
03-10 21:11:35.064   922  1113 E LocSvc_api_v02: I/---> locClientSendReq line 2360 QMI_LOC_INJECT_WIFI_POSITION_REQ_V02
03-10 21:11:35.064   922  1162 E LocSvc_ApiV02: I/<--- void globalRespCb(locClientHandleType, uint32_t, locClientRespIndUnionType, void*) line 106 QMI_LOC_INJECT_WIFI_POSITION_REQ_V02
03-10 21:11:35.064  1711  1711 D WifiServiceImpl: current wifi-networks:
03-10 21:11:35.064  1711  1711 D WifiServiceImpl: networks {
03-10 21:11:35.064  1711  1711 D WifiServiceImpl:   SSID: "AllieGO 5GHz"
03-10 21:11:35.064  1711  1711 D WifiServiceImpl:   BSSID: "e8:fc:af:ff:3a:33"
03-10 21:11:35.064  1711  1711 D WifiServiceImpl:   capabilities: "[WPA2-PSK-CCMP][WPS][ESS]"
03-10 21:11:35.064  1711  1711 D WifiServiceImpl:   level: -69
03-10 21:11:35.064  1711  1711 D WifiServiceImpl:   frequency: 5220
03-10 21:11:35.064  1711  1711 D WifiServiceImpl:   timestamp: 4447841339
03-10 21:11:35.064  1711  1711 D WifiServiceImpl: }
03-10 21:11:35.064  1711  1711 D WifiServiceImpl: networks {
03-10 21:11:35.064  1711  1711 D WifiServiceImpl:   SSID: "1502"
03-10 21:11:35.064  1711  1711 D WifiServiceImpl:   BSSID: "24:a4:3c:1a:db:20"
03-10 21:11:35.064  1711  1711 D WifiServiceImpl:   capabilities: "[WPA2-PSK-CCMP+TKIP][ESS]"
03-10 21:11:35.064  1711  1711 D WifiServiceImpl:   level: -66
03-10 21:11:35.064  1711  1711 D WifiServiceImpl:   frequency: 2412
03-10 21:11:35.064  1711  1711 D WifiServiceImpl:   timestamp: 4447841376
03-10 21:11:35.064  1711  1711 D WifiServiceImpl: }
03-10 21:11:35.064  1711  1711 D WifiServiceImpl: networks {
03-10 21:11:35.064  1711  1711 D WifiServiceImpl:   SSID: "Metro"
03-10 21:11:35.064  1711  1711 D WifiServiceImpl:   BSSID: "ec:43:f6:da:f7:48"
03-10 21:11:35.064  1711  1711 D WifiServiceImpl:   capabilities: "[WPA-PSK-TKIP][WPS][ESS]"
03-10 21:11:35.064  1711  1711 D WifiServiceImpl:   level: -77
03-10 21:11:35.064  1711  1711 D WifiServiceImpl:   frequency: 2412
03-10 21:11:35.064  1711  1711 D WifiServiceImpl:   timestamp: 4447841447
03-10 21:11:35.064  1711  1711 D WifiServiceImpl: }
03-10 21:11:35.064  1711  1711 D WifiServiceImpl: networks {
03-10 21:11:35.064  1711  1711 D WifiServiceImpl:   SSID: "Z510"
03-10 21:11:35.064  1711  1711 D WifiServiceImpl:   BSSID: "ea:28:5d:6b:09:e8"
03-10 21:11:35.064  1711  1711 D WifiServiceImpl:   capabilities: "[WPS-PIN][ESS]"
03-10 21:11:35.064  1711  1711 D WifiServiceImpl:   level: -36
03-10 21:11:35.064  1711  1711 D WifiServiceImpl:   frequency: 2457
03-10 21:11:35.064  1711  1711 D WifiServiceImpl:   timestamp: 4447841289
03-10 21:11:35.064  1711  1711 D WifiServiceImpl: }
03-10 21:11:35.064  1711  1711 D WifiServiceImpl: networks {
03-10 21:11:35.064  1711  1711 D WifiServiceImpl:   SSID: "kitnpf"
03-10 21:11:35.064  1711  1711 D WifiServiceImpl:   BSSID: "14:d6:4d:78:6b:54"
03-10 21:11:35.064  1711  1711 D WifiServiceImpl:   capabilities: "[WPA-PSK-CCMP+TKIP][WPA2-PSK-CCMP+TKIP][ESS]"
03-10 21:11:35.064  1711  1711 D WifiServiceImpl:   level: -73
03-10 21:11:35.064  1711  1711 D WifiServiceImpl:   frequency: 2437
03-10 21:11:35.064  1711  1711 D WifiServiceImpl:   timestamp: 4447841392
03-10 21:11:35.064  1711  1711 D WifiServiceImpl: }
03-10 21:11:35.064  1711  1711 D WifiServiceImpl: networks {
03-10 21:11:35.064  1711  1711 D WifiServiceImpl:   SSID: "max_test"
03-10 21:11:35.064  1711  1711 D WifiServiceImpl:   BSSID: "d4:bf:7f:50:25:d7"
03-10 21:11:35.064  1711  1711 D WifiServiceImpl:   capabilities: "[WPA2-PSK-CCMP][WPS][ESS]"
03-10 21:11:35.064  1711  1711 D WifiServiceImpl:   level: -62
03-10 21:11:35.064  1711  1711 D WifiServiceImpl:   frequency: 2452
03-10 21:11:35.064  1711  1711 D WifiServiceImpl:   timestamp: 4447841318
03-10 21:11:35.064  1711  1711 D WifiServiceImpl: }
03-10 21:11:35.064  1711  1711 D WifiServiceImpl: networks {
03-10 21:11:35.064  1711  1711 D WifiServiceImpl:   SSID: "AllieGO"
03-10 21:11:35.064  1711  1711 D WifiServiceImpl:   BSSID: "e8:fc:af:ff:3a:34"
03-10 21:11:35.064  1711  1711 D WifiServiceImpl:   capabilities: "[WPA2-PSK-CCMP][WPS][ESS]"
03-10 21:11:35.064  1711  1711 D WifiServiceImpl:   level: -69
03-10 21:11:35.064  1711  1711 D WifiServiceImpl:   frequency: 2432
03-10 21:11:35.064  1711  1711 D WifiServiceImpl:   timestamp: 4447841359
03-10 21:11:35.064  1711  1711 D WifiServiceImpl: }
03-10 21:11:35.064  1711  1711 D WifiServiceImpl: networks {
03-10 21:11:35.064  1711  1711 D WifiServiceImpl:   SSID: "max-test 5G"
03-10 21:11:35.064  1711  1711 D WifiServiceImpl:   BSSID: "d4:bf:7f:50:25:d2"
03-10 21:11:35.064  1711  1711 D WifiServiceImpl:   capabilities: "[WPA2-PSK-CCMP][WPS][ESS]"
03-10 21:11:35.064  1711  1711 D WifiServiceImpl:   level: -73
03-10 21:11:35.064  1711  1711 D WifiServiceImpl:   frequency: 5240
03-10 21:11:35.064  1711  1711 D WifiServiceImpl:   timestamp: 4447841408
03-10 21:11:35.064  1711  1711 D WifiServiceImpl: }
03-10 21:11:35.064  1711  1711 D WifiServiceImpl: apMode: false
03-10 21:11:35.064  1711  1711 D WifiServiceImpl: Schedule getWifiNetworks in 180000
03-10 21:11:35.124  2017  2032 E QcrilMsgTunnelSocket: IOException - java.io.IOException: No such file or directory Reason: No such file or directory
03-10 21:11:35.584  1638  1638 D wpa_supplicant: RX ctrl_iface - hexdump(len=11): 53 49 47 4e 41 4c 5f 50 4f 4c 4c
03-10 21:11:35.584  1638  1638 D wpa_supplicant: wlan0: Control interface command 'SIGNAL_POLL'
03-10 21:11:35.594  1638  1638 D wpa_supplicant: nl80211: survey data missing!
03-10 21:11:35.984   997   997 D StatusBar.NetworkController: refreshViews: Data not connected!! Set no data type icon / Roaming
03-10 21:11:35.984   997   997 D StatusBar.NetworkController: refreshViews connected={ wifi } level=0 combinedSignalIconId=0x7f0200a2/com.android.systemui:drawable/stat_sys_wifi_signal_2_fully mobileLabel= wifiLabel="AllieGO 5GHz"xxxxXXXXxxxxXXXX emergencyOnly=false combinedLabel="AllieGO 5GHz"xxxxXXXXxxxxXXXX mAirplaneMode=false mDataActivity=0 mPhoneSignalIconId=0x0 mQSPhoneSignalIconId=0x0 mDataDirectionIconId=0x0 mDataSignalIconId=0x0 mDataTypeIconId=0x0 mQSDataTypeIconId=0x0 mNoSimIconId=0x0 mWifiIconId=0x7f0200a2 mQSWifiIconId=0x7f02005a mBluetoothTetherIconId=0x10805cc
03-10 21:11:37.574  9467  9467 D QSEECOMAPI: : QSEECom_get_handle sb_length = 0x2000
03-10 21:11:37.574  9467  9467 D QSEECOMAPI: : App is not loaded in QSEE
03-10 21:11:37.574  9467  9467 E QSEECOMAPI: : Error::Cannot open the file /vendor/firmware/keymaster/keymaster.mdt
03-10 21:11:37.574  9467  9467 E QSEECOMAPI: : Error::Loading image failed with ret = -1
03-10 21:11:37.574  9467  9467 D QSEECOMAPI: : QSEECom_get_handle sb_length = 0x2000
03-10 21:11:37.574  9467  9467 D QSEECOMAPI: : App is not loaded in QSEE
03-10 21:11:37.574  9467  9467 E QSEECOMAPI: : Error::Cannot open the file /firmware/image/keymaste.mdt
03-10 21:11:37.574  9467  9467 E QSEECOMAPI: : Error::Loading image failed with ret = -1
03-10 21:11:37.594  9467  9467 E QCOMKeyMaster: Loading keymaster app failied
03-10 21:11:37.594  9467  9467 E keystore: could not open keymaster device in keystore (Operation not permitted)
03-10 21:11:37.594  9467  9467 E keystore: keystore keymaster could not be initialized; exiting
03-10 21:11:38.334   219   219 V WLAN_PSA: NL MSG, len[048], NL type[0x11] WNI type[0x5050] len[028]
03-10 21:11:38.594  1638  1638 D wpa_supplicant: RX ctrl_iface - hexdump(len=11): 53 49 47 4e 41 4c 5f 50 4f 4c 4c
03-10 21:11:38.594  1638  1638 D wpa_supplicant: wlan0: Control interface command 'SIGNAL_POLL'
03-10 21:11:38.604  1638  1638 D wpa_supplicant: nl80211: survey data missing!
03-10 21:11:39.124  2017  2032 E QcrilMsgTunnelSocket: IOException - java.io.IOException: No such file or directory Reason: No such file or directory
03-10 21:11:40.814  1882  1882 I thundersoftfota:AutoUpdate: onReceive all action====android.intent.action.BATTERY_CHANGED
03-10 21:11:40.814   922  1299 D LBSSystemMonitorService: handleMessage what - 14
03-10 21:11:40.814   922  1299 D DeviceContext: handleMessage what - 1
03-10 21:11:40.814   922  1113 E LocSvc_api_v02: I/---> locClientSendReq line 2360 QMI_LOC_SET_EXTERNAL_POWER_CONFIG_REQ_V02
03-10 21:11:40.814  1882  1882 I thundersoftfota:AutoUpdate: power level50%
03-10 21:11:40.814   922   922 D Ulp_jni : JNI:system_update. Event-3
03-10 21:11:40.814   922  1320 E LocSvc_libulp: I/===> int ulp_msg_process_system_update(UlpSystemEvent) line 1429 
03-10 21:11:40.814   922  1320 E LocSvc_libulp: I/int ulp_msg_process_system_update(UlpSystemEvent): systemEvent:3 
03-10 21:11:40.814   922  1320 E LocSvc_libulp: I/===> int ulp_brain_process_system_update(UlpSystemEvent) line 2322 
03-10 21:11:40.814   922  1320 E LocSvc_libulp: I/===> int ulp_brain_select_providers() line 333 
03-10 21:11:40.814   922  1320 E LocSvc_libulp: W/int ulp_brain_select_providers(), return when ulp_started = 0, phone context_type = 0x0
03-10 21:11:40.814   922  1320 E LocSvc_libulp: ,
03-10 21:11:40.814   922  1162 E LocSvc_ApiV02: I/<--- void globalRespCb(locClientHandleType, uint32_t, locClientRespIndUnionType, void*) line 106 QMI_LOC_SET_EXTERNAL_POWER_CONFIG_REQ_V02
03-10 21:11:40.874  1882  1882 I thundersoftfota:AutoUpdate: onReceive all action====android.intent.action.BATTERY_CHANGED
03-10 21:11:40.874  1882  1882 I thundersoftfota:AutoUpdate: power level50%
03-10 21:11:40.894  1882  1882 I thundersoftfota:AutoUpdate: onReceive all action====android.intent.action.BATTERY_CHANGED
03-10 21:11:40.894  1882  1882 I thundersoftfota:AutoUpdate: power level50%
03-10 21:11:40.964  1882  1882 I thundersoftfota:AutoUpdate: onReceive all action====android.intent.action.BATTERY_CHANGED
03-10 21:11:40.964  1882  1882 I thundersoftfota:AutoUpdate: power level50%
03-10 21:11:40.964   922   922 I EntropyMixer: Writing entropy...
03-10 21:11:41.004   922  1299 D LBSSystemMonitorService: handleMessage what - 14
03-10 21:11:41.004   922   922 D Ulp_jni : JNI:system_update. Event-2
03-10 21:11:41.004   922  1299 D DeviceContext: handleMessage what - 1
03-10 21:11:41.004   922  1320 E LocSvc_libulp: I/===> int ulp_msg_process_system_update(UlpSystemEvent) line 1429 
03-10 21:11:41.004   922  1320 E LocSvc_libulp: I/int ulp_msg_process_system_update(UlpSystemEvent): systemEvent:2 
03-10 21:11:41.004   922  1320 E LocSvc_libulp: I/===> int ulp_brain_process_system_update(UlpSystemEvent) line 2322 
03-10 21:11:41.004   922  1320 E LocSvc_libulp: I/===> int ulp_brain_select_providers() line 333 
03-10 21:11:41.004   922  1320 E LocSvc_libulp: W/int ulp_brain_select_providers(), return when ulp_started = 0, phone context_type = 0x0
03-10 21:11:41.004   922  1320 E LocSvc_libulp: ,
03-10 21:11:41.004   922  1113 E LocSvc_api_v02: I/---> locClientSendReq line 2360 QMI_LOC_SET_EXTERNAL_POWER_CONFIG_REQ_V02
03-10 21:11:41.014   922  1162 E LocSvc_ApiV02: I/<--- void globalRespCb(locClientHandleType, uint32_t, locClientRespIndUnionType, void*) line 106 QMI_LOC_SET_EXTERNAL_POWER_CONFIG_REQ_V02
03-10 21:11:41.014  1882  1882 I thundersoftfota:AutoUpdate: onReceive all action====android.intent.action.BATTERY_CHANGED
03-10 21:11:41.014  1882  1882 I thundersoftfota:AutoUpdate: power level50%
03-10 21:11:41.014   997   997 D StatusBar.NetworkController: refreshViews: Data not connected!! Set no data type icon / Roaming
03-10 21:11:41.014   997   997 D StatusBar.NetworkController: refreshViews connected={ wifi } level=0 combinedSignalIconId=0x7f0200a2/com.android.systemui:drawable/stat_sys_wifi_signal_2_fully mobileLabel= wifiLabel="AllieGO 5GHz"xxxxXXXXxxxxXXXX emergencyOnly=false combinedLabel="AllieGO 5GHz"xxxxXXXXxxxxXXXX mAirplaneMode=false mDataActivity=0 mPhoneSignalIconId=0x0 mQSPhoneSignalIconId=0x0 mDataDirectionIconId=0x0 mDataSignalIconId=0x0 mDataTypeIconId=0x0 mQSDataTypeIconId=0x0 mNoSimIconId=0x0 mWifiIconId=0x7f0200a2 mQSWifiIconId=0x7f02005a mBluetoothTetherIconId=0x10805cc
03-10 21:11:41.604  1638  1638 D wpa_supplicant: RX ctrl_iface - hexdump(len=11): 53 49 47 4e 41 4c 5f 50 4f 4c 4c
03-10 21:11:41.604  1638  1638 D wpa_supplicant: wlan0: Control interface command 'SIGNAL_POLL'
03-10 21:11:41.614  1638  1638 D wpa_supplicant: nl80211: survey data missing!
03-10 21:11:42.654  9479  9479 D QSEECOMAPI: : QSEECom_get_handle sb_length = 0x2000
03-10 21:11:42.654  9479  9479 D QSEECOMAPI: : App is not loaded in QSEE
03-10 21:11:42.654  9479  9479 E QSEECOMAPI: : Error::Cannot open the file /vendor/firmware/keymaster/keymaster.mdt
03-10 21:11:42.654  9479  9479 E QSEECOMAPI: : Error::Loading image failed with ret = -1
03-10 21:11:42.664  9479  9479 D QSEECOMAPI: : QSEECom_get_handle sb_length = 0x2000
03-10 21:11:42.664  9479  9479 D QSEECOMAPI: : App is not loaded in QSEE
