03-23 01:11:52.100   246 28936 E mm-camera-sensor: module_sensor_event_control_set_parm:2597 CameraManager switch to ir file
03-23 01:11:52.100   246 28936 E mm-camera: cpp_module_process_downstream_event:852: MCT_EVENT_MODULE_SET_RELOAD_CHROMATIX: identity=0x20002
03-23 01:11:52.100   246 28936 E mm-camera: cpp_hw_params_update_wnr_params:2891 invalid trigger input 0.000000
03-23 01:11:52.100   246 28966 E mm-camera: isp_tintless_config: same cfg as current
03-23 01:11:52.100   246 28966 E mm-camera: isp_tintless_mesh_config: lib returned mesh config err=0
03-23 01:11:52.100   246 28966 E mm-camera: color_xform_config_601_to_601 for stream Encoder
03-23 01:11:52.100   246 28966 E mm-camera: color_xform_config_601_to_601 for stream Viewfinder
03-23 01:11:52.100   246 28936 E mm-camera: cpp_hw_params_update_wnr_params:2891 invalid trigger input 0.000000
03-23 01:11:52.100  1737  7186 D streaming: 01:11:52.109 24776.311 [CameraManager:setIrChromatix:128]: turn on IR chromatix
03-23 01:11:52.170   246 28966 E mm-camera: la_hist_trigger_update: luma target from AEC = 0! use default LA curve
03-23 01:11:52.170   210 28961 E QCamera2HWI: [KPI Perf] static void qcamera::QCamera2HardwareInterface::preview_stream_cb_routine(mm_camera_super_buf_t*, qcamera::QCameraStream*, void*) : PROFILE_FIRST_PREVIEW_FRAME
03-23 01:11:52.790  1000  1000 D StatusBar.NetworkController: refreshViews: Data not connected!! Set no data type icon / Roaming
03-23 01:11:52.790  1000  1000 D StatusBar.NetworkController: refreshViews connected={ wifi } level=0 combinedSignalIconId=0x7f0200a4/com.android.systemui:drawable/stat_sys_wifi_signal_4_fully mobileLabel= wifiLabel="1503"xxxxXXXXxxxxXXXX emergencyOnly=false combinedLabel="1503"xxxxXXXXxxxxXXXX mAirplaneMode=false mDataActivity=0 mPhoneSignalIconId=0x0 mQSPhoneSignalIconId=0x0 mDataDirectionIconId=0x0 mDataSignalIconId=0x0 mDataTypeIconId=0x0 mQSDataTypeIconId=0x0 mNoSimIconId=0x0 mWifiIconId=0x7f0200a4 mQSWifiIconId=0x7f02005c mBluetoothTetherIconId=0x10805cc
03-23 01:11:52.890  1737 26357 D SystemInfo: Testing network interface: [rmnet1][4]
03-23 01:11:52.890  1737 26357 D SystemInfo: Testing network interface: [rmnet0][3]
03-23 01:11:52.890  1737 26357 D SystemInfo: Testing network interface: [rmnet7][10]
03-23 01:11:52.890  1737 26357 D SystemInfo: Testing network interface: [rmnet6][9]
03-23 01:11:52.890  1737 26357 D SystemInfo: Testing network interface: [rmnet5][8]
03-23 01:11:52.890  1737 26357 D SystemInfo: Testing network interface: [rmnet4][7]
03-23 01:11:52.890  1737 26357 D SystemInfo: Testing network interface: [rmnet3][6]
03-23 01:11:52.890  1737 26357 D SystemInfo: Testing network interface: [rmnet2][5]
03-23 01:11:52.890  1737 26357 D SystemInfo: Testing network interface: [rev_rmnet1][13]
03-23 01:11:52.890  1737 26357 D SystemInfo: Testing network interface: [rev_rmnet0][12]
03-23 01:11:52.890  1737 26357 D SystemInfo: Testing network interface: [rev_rmnet8][20]
03-23 01:11:52.890  1737 26357 D SystemInfo: Testing network interface: [rev_rmnet7][19]
03-23 01:11:52.890  1737 26357 D SystemInfo: Testing network interface: [rev_rmnet6][18]
03-23 01:11:52.890  1737 26357 D SystemInfo: Testing network interface: [rev_rmnet5][17]
03-23 01:11:52.890  1737 26357 D SystemInfo: Testing network interface: [rev_rmnet4][16]
03-23 01:11:52.890  1737 26357 D SystemInfo: Testing network interface: [rev_rmnet3][15]
03-23 01:11:52.890  1737 26357 D SystemInfo: Testing network interface: [rev_rmnet2][14]
03-23 01:11:52.890  1737 26357 D SystemInfo: Testing network interface: [dummy0][2]
03-23 01:11:52.890  1737 26357 D SystemInfo: Testing network interface: [wlan0][22][/fe80::ce1b:e0ff:fe60:dc7%wlan0%22][/192.168.7.66]
03-23 01:11:52.890  1737 26357 D SystemInfo: Testing address: /fe80::ce1b:e0ff:fe60:dc7%wlan0%22, host: fe80::ce1b:e0ff:fe60:dc7%wlan0
03-23 01:11:52.890  1737 26357 D SystemInfo: host rejected
03-23 01:11:52.890  1737 26357 D SystemInfo: Testing address: /192.168.7.66, host: 192.168.7.66
03-23 01:11:52.890  1737 26357 D SystemInfo: host approved
03-23 01:11:52.890  1737 26357 D SystemInfo: Testing network interface: [rmnet_usb0][11]
03-23 01:11:52.890  1737 26357 D SystemInfo: Testing network interface: [sit0][21]
03-23 01:11:52.890  1737 26357 D SystemInfo: Testing network interface: [p2p0][23]
03-23 01:11:52.890  1737 26357 D SystemInfo: Testing network interface: [lo][1][/::1%1%1][/127.0.0.1]
03-23 01:11:52.890  1737 26357 D SystemInfo: Testing address: /::1%1%1, host: ::1%1
03-23 01:11:52.890  1737 26357 D SystemInfo: host rejected
03-23 01:11:52.890  1737 26357 D SystemInfo: Testing address: /127.0.0.1, host: 127.0.0.1
03-23 01:11:52.890  1737 26357 D SystemInfo: host rejected
03-23 01:11:53.020  2045  2059 E QcrilMsgTunnelSocket: IOException - java.io.IOException: No such file or directory Reason: No such file or directory
03-23 01:11:53.090 28968 28968 D QSEECOMAPI: : QSEECom_get_handle sb_length = 0x2000
03-23 01:11:53.090 28968 28968 D QSEECOMAPI: : App is not loaded in QSEE
03-23 01:11:53.090 28968 28968 E QSEECOMAPI: : Error::Cannot open the file /vendor/firmware/keymaster/keymaster.mdt
03-23 01:11:53.090 28968 28968 E QSEECOMAPI: : Error::Loading image failed with ret = -1
03-23 01:11:53.100 28968 28968 D QSEECOMAPI: : QSEECom_get_handle sb_length = 0x2000
03-23 01:11:53.100 28968 28968 D QSEECOMAPI: : App is not loaded in QSEE
03-23 01:11:53.100 28968 28968 E QSEECOMAPI: : Error::Cannot open the file /firmware/image/keymaste.mdt
03-23 01:11:53.100 28968 28968 E QSEECOMAPI: : Error::Loading image failed with ret = -1
03-23 01:11:53.100 28968 28968 E QCOMKeyMaster: Loading keymaster app failied
03-23 01:11:53.100 28968 28968 E keystore: could not open keymaster device in keystore (Operation not permitted)
03-23 01:11:53.100 28968 28968 E keystore: keystore keymaster could not be initialized; exiting
03-23 01:11:53.600   210   996 E QCamera2HWI: [KPI Perf] static int qcamera::QCamera2HardwareInterface::take_picture(camera_device*): E PROFILE_TAKE_PICTURE
03-23 01:11:53.600   210 28901 E QCamera2HWI: int qcamera::QCamera2HardwareInterface::takePicture(): numSnapshot = 1
03-23 01:11:53.600   210 28901 E QCameraHWI_Mem: int qcamera::QCameraMemory::alloc(int, int, int) : No memory pool available
03-23 01:11:53.610   210 28901 E QCameraHWI_Mem: int qcamera::QCameraMemory::alloc(int, int, int) : No memory pool available
03-23 01:11:53.610   210 28902 E QCameraHWI_Mem: int qcamera::QCameraMemoryPool::allocateBuffer(qcamera::QCameraMemory::QCameraMemInfo&, int, int, bool, cam_stream_type_t) : Buffer not found!
03-23 01:11:53.610   210 28902 E QCameraHWI_Mem: int qcamera::QCameraMemoryPool::allocateBuffer(qcamera::QCameraMemory::QCameraMemInfo&, int, int, bool, cam_stream_type_t) : Buffer not found!
03-23 01:11:53.610   210 28902 E QCameraHWI_Mem: int qcamera::QCameraMemoryPool::allocateBuffer(qcamera::QCameraMemory::QCameraMemInfo&, int, int, bool, cam_stream_type_t) : Buffer not found!
03-23 01:11:53.610   210 28902 E QCameraHWI_Mem: int qcamera::QCameraMemoryPool::allocateBuffer(qcamera::QCameraMemory::QCameraMemInfo&, int, int, bool, cam_stream_type_t) : Buffer not found!
03-23 01:11:53.610   210 28902 E QCameraHWI_Mem: int qcamera::QCameraMemoryPool::allocateBuffer(qcamera::QCameraMemory::QCameraMemInfo&, int, int, bool, cam_stream_type_t) : Buffer not found!
03-23 01:11:53.610   210 28902 E QCameraHWI_Mem: int qcamera::QCameraMemoryPool::allocateBuffer(qcamera::QCameraMemory::QCameraMemInfo&, int, int, bool, cam_stream_type_t) : Buffer not found!
03-23 01:11:53.610   210 28902 E QCameraHWI_Mem: int qcamera::QCameraMemoryPool::allocateBuffer(qcamera::QCameraMemory::QCameraMemInfo&, int, int, bool, cam_stream_type_t) : Buffer not found!
03-23 01:11:53.610   210 28901 E QCameraHWI_Mem: int qcamera::QCameraMemory::alloc(int, int, int) : No memory pool available
03-23 01:11:53.620   246 28917 E mm-camera: cpp_module_handle_streamoff_event:1973] iden:0x10002, linked_params:0x0
03-23 01:11:53.620   246 28917 E mm-camera: cpp_hardware_process_streamoff:510] skip_iden:0x0, duplicate_stream_status:0x0
03-23 01:11:53.620   246 28912 E mm-camera: isp_hw_action: last pix stop, pix_cnt = 1, cnt = 1
03-23 01:11:53.620   246 28953 E mm-camera: isp_thread_proc_cmd: start/stop, thread_data = 0xb8180cf4, action_code = 2
03-23 01:11:53.620   246 28912 E mm-camera: isp_hw_action: hw_thread for ack
03-23 01:11:53.620   246 28953 E mm-camera: isp_axi_util_subscribe_v4l2_event: event_type = 0x8000100, is_subscribe = 0
03-23 01:11:53.720   246 28953 E mm-camera: stats_action_buf_config: cfg = 0, stats_mask = 0x6b8
03-23 01:11:53.720   246 28953 E mm-camera: isp_thread_proc_cmd: start/stop ack done, thread_data = 0xb8180cf4, action_code = 3, rc = 0
03-23 01:11:53.720   246 28917 E mm-camera: stream id 2, stream num_meta 0
03-23 01:11:53.770   246 28917 E mm-camera: ispif_streamoff: session_id = 1, active_streams = 0
03-23 01:11:53.770   246 28917 E mm-camera-sensor: module_sensor_module_process_event: Sending stop bus message
03-23 01:11:53.770   246 28917 E mm-camera: stop_sof_check_thread: Stopping SOF timeout thread
03-23 01:11:53.770   210 28902 E QCameraHWI_Mem: int qcamera::QCameraMemoryPool::allocateBuffer(qcamera::QCameraMemory::QCameraMemInfo&, int, int, bool, cam_stream_type_t) : Buffer not found!
03-23 01:11:53.770   210 28902 E QCameraHWI_Mem: int qcamera::QCameraMemoryPool::allocateBuffer(qcamera::QCameraMemory::QCameraMemInfo&, int, int, bool, cam_stream_type_t) : Buffer not found!
03-23 01:11:53.780   210 28901 I QCameraHWI_Mem: deallocate: E 
03-23 01:11:53.780   210 28901 I QCameraHWI_Mem:  deallocate : X 
03-23 01:11:53.790   246 28917 E mm-camera: mct_stream_streamoff: Enter
03-23 01:11:53.790   246 28917 E mm-camera: mct_stream_streamoff: Enter
03-23 01:11:53.790   246 28917 E mm-camera: mct_stream_streamoff: Enter
03-23 01:11:53.790   246 28917 E mm-camera: mct_stream_streamoff: Enter
03-23 01:11:53.790   246 28917 E mm-camera-sensor: port_sensor_unlink_func:217 ide 10002
03-23 01:11:53.790   246 28917 E mm-camera-sensor: port_sensor_caps_unreserve:180 ide 10002
03-23 01:11:53.790   246 28917 E mm-camera-img: faceproc_save_album:794] Error No album 
03-23 01:11:53.790   246 28917 E mm-camera-img: faceproc_comp_eng_destroy: Album save failed -1
03-23 01:11:53.790   210 28902 E QCameraParameters: int qcamera::QCameraParameters::getPreviewHalPixelFormat() const: format 265
03-23 01:11:53.800   246 28917 E mm-camera: mct_pipeline_add_stream_to_linked_streams: linked streams: 0x80
03-23 01:11:53.800   246 28917 E mm-camera: mct_stream_start_link: Starting meta stream linking: do nothing 
03-23 01:11:53.800   210 28901 E mm-camera-intf: mm_stream_get_v4l2_fmt: Unknown fmt=78
03-23 01:11:53.800   246 28917 E mm-camera: mct_pipeline_add_stream_to_linked_streams: linked streams: 0x84
03-23 01:11:53.800   246 28917 E mm-camera: mct_stream_start_link: Starting postview stream linking 
03-23 01:11:53.800   246 28917 E mm-camera-sensor: port_sensor_caps_reserve:126 ide 10004 stream type 2 w*h 2048*2048
03-23 01:11:53.800   246 28917 E mm-camera-sensor: port_sensor_ext_link_func:195 ide 10004
03-23 01:11:53.800   246 28917 E mm-camera: isp_reserve_src_port: Error isp_src_port
03-23 01:11:53.800   246 28917 E mm-camera: isp_util_find_matched_existing_src_port#144: X
03-23 01:11:53.800   246 28917 E mm-camera: mct_pipeline_send_ctrl_events: Send Set Parm events
03-23 01:11:53.800   246 28917 E mm-camera: mct_pipeline_add_stream_to_linked_streams: linked streams: 0x8c
03-23 01:11:53.800   246 28917 E mm-camera: mct_stream_start_link: Starting snapshot stream linking 
03-23 01:11:53.800   246 28917 E mm-camera: mct_stream_start_link: Regular snapshot
03-23 01:11:53.800   246 28917 E mm-camera-sensor: port_sensor_caps_reserve:126 ide 10005 stream type 3 w*h 1920*1080
03-23 01:11:53.800   246 28917 E mm-camera-sensor: port_sensor_ext_link_func:195 ide 10005
03-23 01:11:53.800   246 28917 E mm-camera: isp_reserve_src_port: Error given src port cannot be used to reserve
03-23 01:11:53.800   246 28917 E mm-camera: isp_reserve_src_port: Error given src port cannot be used to reserve
03-23 01:11:53.800   246 28917 E mm-camera: isp_reserve_src_port: Error given src port cannot be used to reserve
03-23 01:11:53.800   246 28917 E mm-camera: isp_util_find_matched_existing_src_port#144: X
03-23 01:11:53.800   246 28917 E mm-camera: isp_reserve_src_port: Error isp_src_port
03-23 01:11:53.800   246 28917 E mm-camera: isp_util_find_matched_existing_src_port#144: X
03-23 01:11:53.800   246 28917 E mm-camera: isp_reserve_src_port: Error isp_src_port
03-23 01:11:53.800   246 28917 E mm-camera: isp_util_find_matched_existing_src_port#144: X
03-23 01:11:53.820   246 28917 E mm-camera-sensor: sensor_set_resolution:1584 set_fps=30.000000 > max_fps=20.000000, capping to max
03-23 01:11:53.820   246 28917 E mm-camera: decide_isp_nums_camif: num_isp = 1
03-23 01:11:53.820   246 28917 E mm-camera: decide_isp_nums_camif: num_isp = 1
03-23 01:11:53.820   246 28917 E mm-camera-sensor: sensor_get_cur_ir_chromatix_name:2055 res 0 mask c snapshot chromatix libchromatix_ov10823_ir_preview.so
03-23 01:11:53.820   246 28917 E mm-camera-sensor: change_chromatix_library:19 Open /persist/phoneid.bin failed
03-23 01:11:53.820   246 28917 E mm-camera-sensor: 
03-23 01:11:53.820   246 28917 E mm-camera-sensor: eeprom_process:796 e_ctrl->eeprom_lib.func_tbl =0xb55f2004
03-23 01:11:53.820   246 28917 E mm-camera: isp_tintless_config: same cfg as current
03-23 01:11:53.820   246 28917 E mm-camera: isp_tintless_update_chromatix_params: lib returned config err=0
03-23 01:11:53.820   246 28917 E mm-camera-sensor: sensor_set_crop_info:2453 otp center calc is already done,do nothing here
03-23 01:11:53.820   246 28970 E mm-camera-CORE: awb_algo_snapshot: E, stats type=1
03-23 01:11:53.820   246 28912 E mm-camera: isp_util_get_user_streams: bundling use case - bundle mask = 0x3,streamon_bundle = 0x1, nop
03-23 01:11:53.820   246 28917 E mm-camera-sensor: module_sensor_stream_on:1551 CameraManager start stream with ir file
03-23 01:11:53.830   246 28917 E mm-camera-sensor: sensor_set_resolution:1584 set_fps=30.000000 > max_fps=20.000000, capping to max
03-23 01:11:53.830   246 28917 E mm-camera-sensor: sensor_get_cur_ir_chromatix_name:2055 res 0 mask c snapshot chromatix libchromatix_ov10823_ir_preview.so
03-23 01:11:53.830   246 28917 E mm-camera-sensor: eeprom_process:796 e_ctrl->eeprom_lib.func_tbl =0xb55f2004
03-23 01:11:53.830   246 28917 E mm-camera: isp_tintless_config: same cfg as current
03-23 01:11:53.830   246 28917 E mm-camera: isp_tintless_update_chromatix_params: lib returned config err=0
03-23 01:11:53.830   246 28917 E mm-camera-sensor: sensor_set_crop_info:2453 otp center calc is already done,do nothing here
03-23 01:11:53.830   246 28970 E mm-camera-CORE: awb_algo_snapshot: E, stats type=1
03-23 01:11:53.830   246 28912 E mm-camera: isp_ch_util_sync_stream_cfg_to_channel: cannot find channel, Adding new channel for stream id 4
03-23 01:11:53.830   246 28912 E mm-camera: isp_ch_util_sync_stream_cfg_to_channel: cannot find channel, Adding new channel for stream id 5
03-23 01:11:53.830   246 28912 E mm-camera: isp_ch_util_check_rotation: sessioN_id = 1, stream_type = 2, channel_id = 4, no swap, width = 2048, height = 2048, rotation = 0x0
03-23 01:11:53.830   246 28912 E mm-camera: isp_ch_util_check_rotation: sessioN_id = 1, stream_type = 3, channel_id = 5, no swap, width = 1920, height = 1080, rotation = 0x0
03-23 01:11:53.830   246 28953 E mm-camera: isp_axi_stream_set_skip_pattern: cannot find stream, session_id = 0, stream_id = 0
03-23 01:11:53.830   246 28953 E mm-camera: linearization_set_params: param_id is not supported in this module
03-23 01:11:53.830   246 28953 E mm-camera: mesh_rolloff_set_params: param_id is not supported in this module
03-23 01:11:53.830   246 28953 E mm-camera: wb_set_params: param_id is not supported in this module
03-23 01:11:53.830   246 28953 E mm-camera: demosaic_set_params: param_id 7, is not supported in this module
03-23 01:11:53.830   246 28953 E mm-camera: demux_set_params: param_id 7, is not supported in this module
03-23 01:11:53.830   246 28953 E mm-camera: mce_set_params: param_id is not supported in this module
03-23 01:11:53.830   246 28953 E mm-camera: sce_set_params: param_id is not supported in this module
03-23 01:11:53.830   246 28953 E mm-camera: linearization_set_params: param_id is not supported in this module
03-23 01:11:53.830   246 28953 E mm-camera: mesh_rolloff_set_params: param_id is not supported in this module
03-23 01:11:53.830   246 28953 E mm-camera: wb_set_params: param_id is not supported in this module
03-23 01:11:53.830   246 28953 E mm-camera: demosaic_set_params: param_id 7, is not supported in this module
03-23 01:11:53.830   246 28953 E mm-camera: demux_set_params: param_id 7, is not supported in this module
03-23 01:11:53.830   246 28953 E mm-camera: mce_set_params: param_id is not supported in this module
03-23 01:11:53.830   246 28953 E mm-camera: sce_set_params: param_id is not supported in this module
03-23 01:11:53.830   246 28953 E mm-camera: linearization_set_params: param_id is not supported in this module
03-23 01:11:53.830   246 28953 E mm-camera: mesh_rolloff_set_params: param_id is not supported in this module
03-23 01:11:53.830   246 28953 E mm-camera: wb_set_params: param_id is not supported in this module
03-23 01:11:53.830   246 28953 E mm-camera: demosaic_set_params: param_id 7, is not supported in this module
03-23 01:11:53.830   246 28953 E mm-camera: demux_set_params: param_id 7, is not supported in this module
03-23 01:11:53.830   246 28953 E mm-camera: mce_set_params: param_id is not supported in this module
03-23 01:11:53.830   246 28953 E mm-camera: sce_set_params: param_id is not supported in this module
03-23 01:11:53.830   246 28912 E mm-camera: isp_hw_action: first start, hw thread for streamon/ack
03-23 01:11:53.830   246 28953 E mm-camera: isp_thread_proc_cmd: start/stop, thread_data = 0xb8180cf4, action_code = 0
03-23 01:11:53.830   246 28953 E mm-camera: isp_tintless_config: same cfg as current
03-23 01:11:53.830   246 28953 E mm-camera: isp_tintless_mesh_config: lib returned mesh config err=0
03-23 01:11:53.830   246 28953 E mm-camera: linearization_set_params: param_id is not supported in this module
03-23 01:11:53.830   246 28953 E mm-camera: mesh_rolloff_set_params: param_id is not supported in this module
03-23 01:11:53.830   246 28953 E mm-camera: wb_set_params: param_id is not supported in this module
03-23 01:11:53.830   246 28953 E mm-camera: demosaic_set_params: param_id 7, is not supported in this module
03-23 01:11:53.830   246 28953 E mm-camera: demux_set_params: param_id 7, is not supported in this module
03-23 01:11:53.830   246 28953 E mm-camera: color_correct_set_effect: saturation level = 1.000000, asd_saturae_adjust = 1.000000
03-23 01:11:53.830   246 28953 E mm-camera: mce_set_params: param_id is not supported in this module
03-23 01:11:53.830   246 28953 E mm-camera: sce_set_params: param_id is not supported in this module
03-23 01:11:53.840   246 28912 E mm-camera: isp_ch_util_streamon: session_id = 1, vfe_mask = 0x1, async streamon, rc = 0
03-23 01:11:53.840   246 28912 E mm-camera: isp_hw_action: hw_thread for ack
03-23 01:11:53.840   246 28953 E mm-camera: isp_axi_util_subscribe_v4l2_event: event_type = 0x8000100, is_subscribe = 1
03-23 01:11:53.840   246 28953 E mm-camera: isp_axi_util_subscribe_v4l2_event: event_type = 0x8000101, is_subscribe = 1
03-23 01:11:53.840   246 28953 E mm-camera: isp_thread_proc_cmd: start/stop ack done, thread_data = 0xb8180cf4, action_code = 1, rc = 0
03-23 01:11:53.840   246 28912 E mm-camera: isp_ch_util_streamon: session_id = 1, sync ack done
03-23 01:11:53.840   246 28917 E mm-camera: stream id 4, stream num_meta 0
03-23 01:11:53.840   246 28917 E mm-camera: ispif_streamon: session_id = 1, active_streams = 2
03-23 01:11:53.840   246 28917 E mm-camera-sensor: module_sensor_stream_on:1551 CameraManager start stream with ir file
03-23 01:11:53.840   246 28917 E mm-camera-sensor: module_sensor_stream_on: Sending start bus message
03-23 01:11:53.840   246 28917 E mm-camera: start_sof_check_thread: Starting SOF timeout thread
03-23 01:11:53.840   210 28902 D QCameraPostProc: [KPI Perf] int32_t qcamera::QCameraPostProcessor::start(qcamera::QCameraChannel*) : call jpeg create_session
03-23 01:11:53.840   210 28902 E mm-jpeg-intf: mm_jpeg_create_session:2125] >>>> Work bufs need 1
03-23 01:11:53.850   210 28902 W linker  : libmmjpeg.so has text relocations. This is wasting memory and is a security risk. Please fix.
03-23 01:11:53.850   210 28902 E mm-still: void* getInstance():17] Component ptr is 0xb85850b8
03-23 01:11:53.850   210 28902 E qomx_image_core: OMX_GetHandle:236] get instance pts is 0xb85850b8
03-23 01:11:53.850   210 28902 E mm-still: void* create_component_fns(OMX_PTR) 20:] Component ptr is 0xb85850b8
03-23 01:11:53.850   210 28902 E mm-still: int QIThread::StartThread(QThreadObject*, bool): before wait
03-23 01:11:53.850   210 28902 E mm-still: int QIThread::StartThread(QThreadObject*, bool): after wait
03-23 01:11:53.850   210 28902 D qomx_image_core: OMX_GetHandle:256] handle = b85850bc Instanceindex = 0,comp_idx 0 g_ptr 0xb8589ea8
03-23 01:11:53.850   210 28902 E mm-still: OMX_ERRORTYPE qomx_component_set_callbacks(OMX_HANDLETYPE, OMX_CALLBACKTYPE*, OMX_PTR): 181: This ptr addr 0xb85850b8
03-23 01:11:53.850   210 28902 E qomx_image_core: OMX_GetHandle:260] Success
03-23 01:11:53.850   210 28902 E mm-jpeg-intf: mm_jpeg_session_configure:1347] E 
03-23 01:11:53.850   210 28902 E mm-jpeg-intf: mm_jpeg_session_config_main:1048] config port
03-23 01:11:53.850   210 28902 E mm-still: virtual OMX_ERRORTYPE OMXImageEncoder::omx_component_set_parameter(OMX_HANDLETYPE, OMX_INDEXTYPE, OMX_PTR) 429:] ParamIndex: 33554433
03-23 01:11:53.850   210 28902 E mm-still: virtual OMX_ERRORTYPE OMXImageEncoder::omx_component_set_parameter(OMX_HANDLETYPE, OMX_INDEXTYPE, OMX_PTR):465]: buffer size id 0
03-23 01:11:53.850   210 28902 E mm-still: virtual OMX_ERRORTYPE OMXImageEncoder::omx_component_set_parameter(OMX_HANDLETYPE, OMX_INDEXTYPE, OMX_PTR) 429:] ParamIndex: 33554433
03-23 01:11:53.850   210 28902 E mm-still: virtual OMX_ERRORTYPE QOMXImageCodec::postMessage(QIBase*):427] Message addr = 0xb8574270
03-23 01:11:53.850   210 28982 E mm-still: virtual OMX_ERRORTYPE QOMXImageCodec::handleMessage(): E
03-23 01:11:53.850   210 28982 E mm-still: virtual OMX_ERRORTYPE QOMXImageCodec::handleMessage():451] before wait
03-23 01:11:53.850   210 28982 E mm-still: virtual OMX_ERRORTYPE QOMXImageCodec::handleMessage():458] after wait
03-23 01:11:53.850   210 28982 E mm-still: virtual OMX_ERRORTYPE QOMXImageCodec::handleMessage():469] Message addr = 0xb8574270
03-23 01:11:53.850   210 28982 E mm-still: virtual OMX_ERRORTYPE OMXImageEncoder::processMessage(QIMessage*):1252] E
03-23 01:11:53.850   210 28982 E mm-still: virtual OMX_ERRORTYPE OMXImageEncoder::processMessage(QIMessage*):1272] OMX_MESSAGE_PORT_ENABLE
03-23 01:11:53.850   210 28982 E mm-jpeg-intf: mm_jpeg_event_handler:2603] 0 3 0 state 0
03-23 01:11:53.850   210 28982 E mm-jpeg-intf: mm_jpeg_event_handler:2643]
03-23 01:11:53.850   210 28902 E mm-still: virtual OMX_ERRORTYPE OMXImageEncoder::omx_component_set_parameter(OMX_HANDLETYPE, OMX_INDEXTYPE, OMX_PTR) 429:] ParamIndex: 33554433
03-23 01:11:53.850   210 28902 E mm-jpeg-intf: mm_jpeg_session_config_ports:828] Set rotation to 0 at port_idx = 1
03-23 01:11:53.850   210 28902 E mm-jpeg-intf: mm_jpeg_session_config_main:1056] config main buf offset
03-23 01:11:53.850   210 28902 E mm-still: virtual OMX_ERRORTYPE QOMXImageCodec::omx_component_get_extension_index(OMX_HANDLETYPE, OMX_STRING, OMX_INDEXTYPE*): 599] Extension Name: OMX.QCOM.image.exttype.bufferOffset
03-23 01:11:53.850   210 28902 E mm-jpeg-intf: mm_jpeg_session_config_main_buffer_offset:431] yOffset = 0, cbcrOffset = (0 0), totalSize = 3133440,cbcrStartOffset = (2088960 1044480)
03-23 01:11:53.850   210 28902 E mm-still: virtual OMX_ERRORTYPE OMXImageEncoder::omx_component_set_parameter(OMX_HANDLETYPE, OMX_INDEXTYPE, OMX_PTR) 429:] ParamIndex: 133169154
03-23 01:11:53.850   210 28902 E mm-still: virtual OMX_ERRORTYPE QOMXImageCodec::omx_component_get_extension_index(OMX_HANDLETYPE, OMX_STRING, OMX_INDEXTYPE*): 599] Extension Name: OMX.QCOM.image.encoding.mode
03-23 01:11:53.850   210 28902 E mm-jpeg-intf: mm_jpeg_encoding_mode:478] encoding mode = 1 
03-23 01:11:53.850   210 28902 E mm-still: virtual OMX_ERRORTYPE OMXImageEncoder::omx_component_set_parameter(OMX_HANDLETYPE, OMX_INDEXTYPE, OMX_PTR) 429:] ParamIndex: 133169156
03-23 01:11:53.850   210 28902 E mm-jpeg-intf: mm_jpeg_meta_enc_key:639] Key is invalid
03-23 01:11:53.850   210 28902 E mm-still: virtual OMX_ERRORTYPE QOMXImageCodec::omx_component_get_extension_index(OMX_HANDLETYPE, OMX_STRING, OMX_INDEXTYPE*): 599] Extension Name: OMX.QCOM.image.exttype.mem_ops
03-23 01:11:53.850   210 28902 E mm-still: virtual OMX_ERRORTYPE OMXImageEncoder::omx_component_set_parameter(OMX_HANDLETYPE, OMX_INDEXTYPE, OMX_PTR) 429:] ParamIndex: 133169162
03-23 01:11:53.850   210 28902 E mm-still: virtual OMX_ERRORTYPE QOMXImageCodec::omx_component_get_extension_index(OMX_HANDLETYPE, OMX_STRING, OMX_INDEXTYPE*): 599] Extension Name: OMX.QCOM.image.exttype.jpeg.speed
03-23 01:11:53.850   210 28902 E mm-still: virtual OMX_ERRORTYPE OMXImageEncoder::omx_component_set_parameter(OMX_HANDLETYPE, OMX_INDEXTYPE, OMX_PTR) 429:] ParamIndex: 8323083
03-23 01:11:53.850   210 28902 E mm-jpeg-intf: mm_jpeg_session_change_state:209] new_state 2 p_exec 0xb627b511
03-23 01:11:53.850   210 28902 E mm-still: virtual OMX_ERRORTYPE QOMXImageCodec::postMessage(QIBase*):427] Message addr = 0xb8584b48
03-23 01:11:53.850   210 28982 E mm-still: virtual OMX_ERRORTYPE QOMXImageCodec::handleMessage():451] before wait
03-23 01:11:53.850   210 28982 E mm-still: virtual OMX_ERRORTYPE QOMXImageCodec::handleMessage():458] after wait
03-23 01:11:53.850   210 28982 E mm-still: virtual OMX_ERRORTYPE QOMXImageCodec::handleMessage():469] Message addr = 0xb8584b48
03-23 01:11:53.850   210 28982 E mm-still: virtual OMX_ERRORTYPE OMXImageEncoder::processMessage(QIMessage*):1252] E
03-23 01:11:53.850   210 28982 E mm-still: virtual OMX_ERRORTYPE OMXImageEncoder::processMessage(QIMessage*):1266] OMX_MESSAGE_CHANGE_STATE
03-23 01:11:53.850   210 28982 E mm-still: virtual void QOMXImageCodec::changeState(OMX_STATETYPE):186] From Current State: 1 To New state: 2
03-23 01:11:53.850   210 28982 E mm-still: virtual void QOMXImageCodec::changeState(OMX_STATETYPE):268] State  change incomplete.. Moving to OMX_StateIdle_Pending
03-23 01:11:53.850   210 28902 E mm-jpeg-intf: mm_jpeg_session_change_state:234] 
03-23 01:11:53.850   210 28902 E mm-jpeg-intf: mm_jpeg_session_send_buffers:96] Source buffer 0
03-23 01:11:53.850   210 28902 E mm-still: virtual OMX_ERRORTYPE OMXImageEncoder::use_input_buffer(OMX_BUFFERHEADERTYPE**, OMX_U32, OMX_U8*, OMX_PTR, OMX_U32): Port Index = 0
03-23 01:11:53.850   210 28902 E mm-still: virtual OMX_ERRORTYPE OMXImageEncoder::use_input_buffer(OMX_BUFFERHEADERTYPE**, OMX_U32, OMX_U8*, OMX_PTR, OMX_U32):893] buffer fd 362 offset 0
03-23 01:11:53.850   210 28902 E mm-still: virtual OMX_ERRORTYPE OMXImageEncoder::use_input_buffer(OMX_BUFFERHEADERTYPE**, OMX_U32, OMX_U8*, OMX_PTR, OMX_U32):906] BufferCountActual = 2, inBuffAllocCount = 1
03-23 01:11:53.850   210 28902 E mm-still: virtual OMX_ERRORTYPE OMXImageEncoder::omx_component_use_buffer(OMX_HANDLETYPE, OMX_BUFFERHEADERTYPE**, OMX_U32, OMX_PTR, OMX_U32, OMX_U8*) 1069: Inport populated = 0, Outport populated = 0
03-23 01:11:53.850   210 28902 E mm-still: virtual OMX_ERRORTYPE OMXImageEncoder::omx_component_use_buffer(OMX_HANDLETYPE, OMX_BUFFERHEADERTYPE**, OMX_U32, OMX_PTR, OMX_U32, OMX_U8*):1075] All Data Allocated = 0
03-23 01:11:53.850   210 28902 E mm-jpeg-intf: mm_jpeg_session_send_buffers:96] Source buffer 1
03-23 01:11:53.850   210 28902 E mm-still: virtual OMX_ERRORTYPE OMXImageEncoder::use_input_buffer(OMX_BUFFERHEADERTYPE**, OMX_U32, OMX_U8*, OMX_PTR, OMX_U32): Port Index = 0
03-23 01:11:53.850   210 28902 E mm-still: virtual OMX_ERRORTYPE OMXImageEncoder::use_input_buffer(OMX_BUFFERHEADERTYPE**, OMX_U32, OMX_U8*, OMX_PTR, OMX_U32):893] buffer fd 364 offset 0
03-23 01:11:53.850   210 28902 E mm-still: virtual OMX_ERRORTYPE OMXImageEncoder::use_input_buffer(OMX_BUFFERHEADERTYPE**, OMX_U32, OMX_U8*, OMX_PTR, OMX_U32):906] BufferCountActual = 2, inBuffAllocCount = 2
03-23 01:11:53.850   210 28902 E mm-still: virtual OMX_ERRORTYPE OMXImageEncoder::omx_component_use_buffer(OMX_HANDLETYPE, OMX_BUFFERHEADERTYPE**, OMX_U32, OMX_PTR, OMX_U32, OMX_U8*) 1069: Inport populated = 1, Outport populated = 0
03-23 01:11:53.850   210 28902 E mm-still: virtual OMX_ERRORTYPE OMXImageEncoder::omx_component_use_buffer(OMX_HANDLETYPE, OMX_BUFFERHEADERTYPE**, OMX_U32, OMX_PTR, OMX_U32, OMX_U8*):1075] All Data Allocated = 0
03-23 01:11:53.850   210 28902 E mm-jpeg-intf: mm_jpeg_session_send_buffers:108] Source buffer 0
03-23 01:11:53.850   210 28902 E mm-still: virtual OMX_ERRORTYPE OMXImageEncoder::use_input_buffer(OMX_BUFFERHEADERTYPE**, OMX_U32, OMX_U8*, OMX_PTR, OMX_U32): Port Index = 2
03-23 01:11:53.850   210 28902 E mm-still: virtual OMX_ERRORTYPE OMXImageEncoder::use_input_buffer(OMX_BUFFERHEADERTYPE**, OMX_U32, OMX_U8*, OMX_PTR, OMX_U32):893] buffer fd 48 offset 0
03-23 01:11:53.850   210 28902 E mm-still: virtual OMX_ERRORTYPE OMXImageEncoder::use_input_buffer(OMX_BUFFERHEADERTYPE**, OMX_U32, OMX_U8*, OMX_PTR, OMX_U32):906] BufferCountActual = 3, inBuffAllocCount = 1
03-23 01:11:53.850   210 28902 E mm-still: virtual OMX_ERRORTYPE OMXImageEncoder::omx_component_use_buffer(OMX_HANDLETYPE, OMX_BUFFERHEADERTYPE**, OMX_U32, OMX_PTR, OMX_U32, OMX_U8*) 1069: Inport populated = 1, Outport populated = 0
03-23 01:11:53.850   210 28902 E mm-still: virtual OMX_ERRORTYPE OMXImageEncoder::omx_component_use_buffer(OMX_HANDLETYPE, OMX_BUFFERHEADERTYPE**, OMX_U32, OMX_PTR, OMX_U32, OMX_U8*):1075] All Data Allocated = 0
03-23 01:11:53.850   210 28902 E mm-jpeg-intf: mm_jpeg_session_send_buffers:108] Source buffer 1
03-23 01:11:53.850   210 28902 E mm-still: virtual OMX_ERRORTYPE OMXImageEncoder::use_input_buffer(OMX_BUFFERHEADERTYPE**, OMX_U32, OMX_U8*, OMX_PTR, OMX_U32): Port Index = 2
03-23 01:11:53.850   210 28902 E mm-still: virtual OMX_ERRORTYPE OMXImageEncoder::use_input_buffer(OMX_BUFFERHEADERTYPE**, OMX_U32, OMX_U8*, OMX_PTR, OMX_U32):893] buffer fd 139 offset 0
03-23 01:11:53.850   210 28902 E mm-still: virtual OMX_ERRORTYPE OMXImageEncoder::use_input_buffer(OMX_BUFFERHEADERTYPE**, OMX_U32, OMX_U8*, OMX_PTR, OMX_U32):906] BufferCountActual = 3, inBuffAllocCount = 2
03-23 01:11:53.850   210 28902 E mm-still: virtual OMX_ERRORTYPE OMXImageEncoder::omx_component_use_buffer(OMX_HANDLETYPE, OMX_BUFFERHEADERTYPE**, OMX_U32, OMX_PTR, OMX_U32, OMX_U8*) 1069: Inport populated = 1, Outport populated = 0
03-23 01:11:53.850   210 28902 E mm-still: virtual OMX_ERRORTYPE OMXImageEncoder::omx_component_use_buffer(OMX_HANDLETYPE, OMX_BUFFERHEADERTYPE**, OMX_U32, OMX_PTR, OMX_U32, OMX_U8*):1075] All Data Allocated = 0
03-23 01:11:53.850   210 28902 E mm-jpeg-intf: mm_jpeg_session_send_buffers:108] Source buffer 2
03-23 01:11:53.850   210 28902 E mm-still: virtual OMX_ERRORTYPE OMXImageEncoder::use_input_buffer(OMX_BUFFERHEADERTYPE**, OMX_U32, OMX_U8*, OMX_PTR, OMX_U32): Port Index = 2
03-23 01:11:53.850   210 28902 E mm-still: virtual OMX_ERRORTYPE OMXImageEncoder::use_input_buffer(OMX_BUFFERHEADERTYPE**, OMX_U32, OMX_U8*, OMX_PTR, OMX_U32):893] buffer fd 155 offset 0
03-23 01:11:53.850   210 28902 E mm-still: virtual OMX_ERRORTYPE OMXImageEncoder::use_input_buffer(OMX_BUFFERHEADERTYPE**, OMX_U32, OMX_U8*, OMX_PTR, OMX_U32):906] BufferCountActual = 3, inBuffAllocCount = 3
03-23 01:11:53.850   210 28902 E mm-still: virtual OMX_ERRORTYPE OMXImageEncoder::omx_component_use_buffer(OMX_HANDLETYPE, OMX_BUFFERHEADERTYPE**, OMX_U32, OMX_PTR, OMX_U32, OMX_U8*) 1069: Inport populated = 1, Outport populated = 0
03-23 01:11:53.850   210 28902 E mm-still: virtual OMX_ERRORTYPE OMXImageEncoder::omx_component_use_buffer(OMX_HANDLETYPE, OMX_BUFFERHEADERTYPE**, OMX_U32, OMX_PTR, OMX_U32, OMX_U8*):1075] All Data Allocated = 0
03-23 01:11:53.850   210 28902 E mm-jpeg-intf: mm_jpeg_session_send_buffers:121] Dest buffer 0
03-23 01:11:53.850   210 28902 E mm-still: virtual OMX_ERRORTYPE OMXImageEncoder::use_output_buffer(OMX_BUFFERHEADERTYPE**, OMX_U32, OMX_U8*, OMX_PTR, OMX_U32): Port Index = 1
03-23 01:11:53.850   210 28902 E mm-still: virtual OMX_ERRORTYPE OMXImageEncoder::use_output_buffer(OMX_BUFFERHEADERTYPE**, OMX_U32, OMX_U8*, OMX_PTR, OMX_U32) 968: BufferCountActual = 2, outBuffAllocCount = 1
03-23 01:11:53.850   210 28902 E mm-still: virtual OMX_ERRORTYPE OMXImageEncoder::omx_component_use_buffer(OMX_HANDLETYPE, OMX_BUFFERHEADERTYPE**, OMX_U32, OMX_PTR, OMX_U32, OMX_U8*) 1069: Inport populated = 1, Outport populated = 0
03-23 01:11:53.850   210 28902 E mm-still: virtual OMX_ERRORTYPE OMXImageEncoder::omx_component_use_buffer(OMX_HANDLETYPE, OMX_BUFFERHEADERTYPE**, OMX_U32, OMX_PTR, OMX_U32, OMX_U8*):1075] All Data Allocated = 0
03-23 01:11:53.850   210 28902 E mm-jpeg-intf: mm_jpeg_session_send_buffers:121] Dest buffer 1
03-23 01:11:53.850   210 28902 E mm-still: virtual OMX_ERRORTYPE OMXImageEncoder::use_output_buffer(OMX_BUFFERHEADERTYPE**, OMX_U32, OMX_U8*, OMX_PTR, OMX_U32): Port Index = 1
03-23 01:11:53.850   210 28902 E mm-still: virtual OMX_ERRORTYPE OMXImageEncoder::use_output_buffer(OMX_BUFFERHEADERTYPE**, OMX_U32, OMX_U8*, OMX_PTR, OMX_U32) 968: BufferCountActual = 2, outBuffAllocCount = 2
03-23 01:11:53.850   210 28902 E mm-still: virtual OMX_ERRORTYPE OMXImageEncoder::omx_component_use_buffer(OMX_HANDLETYPE, OMX_BUFFERHEADERTYPE**, OMX_U32, OMX_PTR, OMX_U32, OMX_U8*) 1069: Inport populated = 1, Outport populated = 1
03-23 01:11:53.850   210 28902 E mm-still: virtual OMX_ERRORTYPE OMXImageEncoder::omx_component_use_buffer(OMX_HANDLETYPE, OMX_BUFFERHEADERTYPE**, OMX_U32, OMX_PTR, OMX_U32, OMX_U8*):1075] All Data Allocated = 1
03-23 01:11:53.850   210 28902 E mm-still: virtual OMX_ERRORTYPE OMXJpegEncoder::preloadCodecLibs():902] E
03-23 01:11:53.850   210 28902 E mm-still: virtual OMX_ERRORTYPE OMXJpegEncoder::configureEncodedata():49] size 1920x1080 pad 1920x1088 subsampling 0 format 0
03-23 01:11:53.850   210 28902 E mm-still: virtual OMX_ERRORTYPE OMXJpegEncoder::configureEncodedata():56] ImageSize 3110400 2073600
03-23 01:11:53.850   210 28902 E mm-still: virtual OMX_ERRORTYPE OMXJpegEncoder::configureEncodedata():85] Scaling not enabled width: 1920 height:1080
03-23 01:11:53.850   210 28902 E mm-still: virtual OMX_ERRORTYPE OMXJpegEncoder::configureEncodedata():106] 
03-23 01:11:53.850   210 28902 E mm-still: int QImageHW10Encoder::Load():1409] JpegE library loaded successfully
03-23 01:11:53.850   210 28982 E mm-still: virtual OMX_ERRORTYPE QOMXImageCodec::handleMessage():451] before wait
03-23 01:11:53.860   210 28902 E jpeg_hw : open /dev/jpeg0: fd = 157
03-23 01:11:53.860   210 28902 E jpeg_hw : jpege_lib_init:390] handler 0x0 0x0 0x0
03-23 01:11:53.860   210 28902 E jpeg_hw : jpege_lib_init:430] Successful
03-23 01:11:53.860   210 28902 E mm-still: virtual OMX_ERRORTYPE OMXJpegEncoder::preloadCodecLibs():918] X
03-23 01:11:53.860   210 28902 E mm-still: virtual OMX_ERRORTYPE QOMXImageCodec::postMessage(QIBase*):427] Message addr = 0xb8582ef8
03-23 01:11:53.860   210 28982 E mm-still: virtual OMX_ERRORTYPE QOMXImageCodec::handleMessage():455] after cond wait
03-23 01:11:53.860   210 28982 E mm-still: virtual OMX_ERRORTYPE QOMXImageCodec::handleMessage():458] after wait
03-23 01:11:53.860   210 28982 E mm-still: virtual OMX_ERRORTYPE QOMXImageCodec::handleMessage():469] Message addr = 0xb8582ef8
03-23 01:11:53.860   210 28982 E mm-still: virtual OMX_ERRORTYPE OMXImageEncoder::processMessage(QIMessage*):1252] E
03-23 01:11:53.860   210 28982 E mm-still: virtual OMX_ERRORTYPE OMXImageEncoder::processMessage(QIMessage*):1349] OMX_MESSAGE_CHANGE_STATE_DONE
03-23 01:11:53.860   210 28982 E mm-jpeg-intf: mm_jpeg_event_handler:2603] 0 0 2 state 0
03-23 01:11:53.860   210 28902 E mm-jpeg-intf: mm_jpeg_session_send_buffers:130]
03-23 01:11:53.860   210 28902 E mm-jpeg-intf: mm_jpeg_session_change_state:249] 
03-23 01:11:53.860   210 28902 E mm-jpeg-intf: mm_jpeg_session_change_state:251] before wait
03-23 01:11:53.860   210 28982 E mm-jpeg-intf: mm_jpeg_event_handler:2643]
03-23 01:11:53.860   210 28982 E mm-still: virtual OMX_ERRORTYPE QOMXImageCodec::handleMessage():451] before wait
03-23 01:11:53.860   210 28902 E mm-jpeg-intf: mm_jpeg_session_change_state:253] after wait
03-23 01:11:53.860   210 28902 E mm-jpeg-intf: mm_jpeg_session_change_state:256] 
03-23 01:11:53.860   210 28902 E mm-jpeg-intf: mm_jpeg_session_change_state:209] new_state 3 p_exec 0x0
03-23 01:11:53.860   210 28902 E mm-still: virtual OMX_ERRORTYPE QOMXImageCodec::postMessage(QIBase*):427] Message addr = 0xb8582ef8
03-23 01:11:53.860   210 28982 E mm-still: virtual OMX_ERRORTYPE QOMXImageCodec::handleMessage():455] after cond wait
03-23 01:11:53.860   210 28982 E mm-still: virtual OMX_ERRORTYPE QOMXImageCodec::handleMessage():458] after wait
03-23 01:11:53.860   210 28982 E mm-still: virtual OMX_ERRORTYPE QOMXImageCodec::handleMessage():469] Message addr = 0xb8582ef8
03-23 01:11:53.860   210 28982 E mm-still: virtual OMX_ERRORTYPE OMXImageEncoder::processMessage(QIMessage*):1252] E
03-23 01:11:53.860   210 28982 E mm-still: virtual OMX_ERRORTYPE OMXImageEncoder::processMessage(QIMessage*):1266] OMX_MESSAGE_CHANGE_STATE
03-23 01:11:53.860   210 28982 E mm-still: virtual void QOMXImageCodec::changeState(OMX_STATETYPE):186] From Current State: 2 To New state: 3
03-23 01:11:53.860   210 28982 E mm-still: virtual void QOMXImageCodec::changeState(OMX_STATETYPE):339] State change from OMX_StateIdle to OMX_StateExecuting
03-23 01:11:53.860   210 28982 E mm-jpeg-intf: mm_jpeg_event_handler:2603] 0 0 3 state 0
03-23 01:11:53.860   210 28902 E mm-jpeg-intf: mm_jpeg_session_change_state:234] 
03-23 01:11:53.860   210 28902 E mm-jpeg-intf: mm_jpeg_session_change_state:249] 
03-23 01:11:53.860   210 28902 E mm-jpeg-intf: mm_jpeg_session_change_state:251] before wait
03-23 01:11:53.860   210 28982 E mm-jpeg-intf: mm_jpeg_event_handler:2643]
03-23 01:11:53.860   210 28982 E mm-still: virtual OMX_ERRORTYPE QOMXImageCodec::handleMessage():451] before wait
03-23 01:11:53.860   210 28902 E mm-jpeg-intf: mm_jpeg_session_change_state:253] after wait
03-23 01:11:53.860   210 28902 E mm-jpeg-intf: mm_jpeg_session_change_state:256] 
03-23 01:11:53.860   210 28902 E mm-jpeg-intf: mm_jpeg_session_configure:1374] X ret 0
03-23 01:11:53.860   210 28902 E mm-jpeg-intf: mm_jpeg_create_session:2224] session id 1000000
03-23 01:11:53.860  1652  1652 D wpa_supplicant: RX ctrl_iface - hexdump(len=11): 53 49 47 4e 41 4c 5f 50 4f 4c 4c
03-23 01:11:53.860  1652  1652 D wpa_supplicant: wlan0: Control interface command 'SIGNAL_POLL'
03-23 01:11:53.870  1652  1652 D wpa_supplicant: nl80211: survey data missing!
03-23 01:11:53.960   210 28976 E QCamera2HWI: [KPI Perf] static void qcamera::QCamera2HardwareInterface::capture_channel_cb_routine(mm_camera_super_buf_t*, void*): E PROFILE_YUV_CB_TO_HAL
03-23 01:11:53.960   210 28976 D QCameraPostProc: int32_t qcamera::QCameraPostProcessor::processData(mm_camera_super_buf_t*): no need offline reprocess, sending to jpeg encoding
03-23 01:11:53.960   210 28921 D QCameraPostProc: int32_t qcamera::QCameraPostProcessor::encodeData(qcamera::qcamera_jpeg_data_t*, uint8_t&):1572] Crop needed 0
03-23 01:11:53.960   210 28921 E QCamera2HWI: qcamera::QCameraExif* qcamera::QCamera2HardwareInterface::getExifData(): getExifGpsDataTimeStamp failed
03-23 01:11:53.960   210 28921 D QCameraPostProc: int32_t qcamera::QCameraPostProcessor::encodeData(qcamera::qcamera_jpeg_data_t*, uint8_t&): jpeg rotation is set to 0
03-23 01:11:53.960   210 28921 D QCameraPostProc: int32_t qcamera::QCameraPostProcessor::encodeData(qcamera::qcamera_jpeg_data_t*, uint8_t&), thumbnail src w/h (2048x2048), dst w/h (512x288)
03-23 01:11:53.960   210 28921 E QCameraPostProc: [KPI Perf] int32_t qcamera::QCameraPostProcessor::encodeData(qcamera::qcamera_jpeg_data_t*, uint8_t&) : PROFILE_JPEG_JOB_START
03-23 01:11:53.960   210 28921 E mm-jpeg-intf: mm_jpeg_start_job:1934] session_idx 0 client idx 0
03-23 01:11:53.960   210 28921 E mm-jpeg-intf: mm_jpeg_start_job:1979] X
03-23 01:11:53.960   210 28920 E mm-jpeg-intf: mm_jpeg_get_session:55] client_idx 0 session_idx 0
03-23 01:11:53.960   210 28920 E mm-jpeg-intf: mm_jpeg_process_encoding_job:1506] before dequeue session 0
03-23 01:11:53.960   210 28920 E mm-jpeg-intf: mm_jpeg_session_config_common:1126] Set rotation to 0 at port_idx = 1
03-23 01:11:53.960   210 28920 E mm-still: virtual OMX_ERRORTYPE QOMXImageCodec::omx_component_get_extension_index(OMX_HANDLETYPE, OMX_STRING, OMX_INDEXTYPE*): 599] Extension Name: OMX.QCOM.image.exttype.exif
03-23 01:11:53.960   210 28920 E mm-jpeg-intf: mm_jpeg_session_config_common:1138] Num of exif entries passed from HAL: 5
03-23 01:11:53.960   210 28920 E mm-still: virtual OMX_ERRORTYPE OMXImageEncoder::omx_component_set_config(OMX_HANDLETYPE, OMX_INDEXTYPE, OMX_PTR): 743]: Num of exif entries = 5
03-23 01:11:53.970   246 28917 E mm-camera: cpp_module_handle_streamoff_event:1973] iden:0x10005, linked_params:0x0
03-23 01:11:53.970   246 28917 E mm-camera: cpp_hardware_process_streamoff:510] skip_iden:0x0, duplicate_stream_status:0x0
03-23 01:11:53.970   246 28912 E mm-camera: isp_hw_action: last pix stop, pix_cnt = 2, cnt = 2
03-23 01:11:53.970   246 28953 E mm-camera: isp_thread_proc_cmd: start/stop, thread_data = 0xb8180cf4, action_code = 2
03-23 01:11:53.970   246 28953 E mm-camera: isp_axi_util_subscribe_v4l2_event: event_type = 0x8000100, is_subscribe = 0
03-23 01:11:53.970   246 28953 E mm-camera: isp_axi_util_subscribe_v4l2_event: event_type = 0x8000101, is_subscribe = 0
03-23 01:11:53.970   246 28912 E mm-camera: isp_hw_action: hw_thread for ack
03-23 01:11:53.970   210 28920 E mm-jpeg-intf: process_3a_data:410] exp_time 0.050000, iso_value 156 exp idx: 287, lc: 3033, gain: 1.562500
03-23 01:11:53.970   210 28920 D mm-jpeg-intf: process_3a_data: numer 1 denom 20
03-23 01:11:53.970   210 28920 D mm-jpeg-intf: process_3a_data: numer 287 denom 1
03-23 01:11:53.970   210 28920 D mm-jpeg-intf: process_sensor_data:310] From metadata aperture = 2.200000 
03-23 01:11:53.970   210 28920 D mm-jpeg-intf: process_sensor_data 337: flashmode from ui: 0
03-23 01:11:53.970   210 28920 D mm-jpeg-intf: process_sensor_data 363: flash_tag: 0x10
03-23 01:11:53.970   210 28920 E mm-jpeg-intf: mm_jpeg_session_config_common:1158] exif tags from metadata count 9
03-23 01:11:53.970   210 28920 E mm-still: virtual OMX_ERRORTYPE OMXImageEncoder::omx_component_set_config(OMX_HANDLETYPE, OMX_INDEXTYPE, OMX_PTR): 743]: Num of exif entries = 9
03-23 01:11:53.970   210 28920 E mm-jpeg-intf: mm_jpeg_configure_job_params:1269] config main crop
03-23 01:11:53.970   210 28920 E mm-jpeg-intf: mm_jpeg_session_config_main_crop:1015] OMX_IndexConfigCommonInputCrop w = 0, h = 0, l = 0, t = 0, port_idx = 0
03-23 01:11:53.970   210 28920 E mm-jpeg-intf: mm_jpeg_session_config_main_crop:1026] OMX_IndexConfigCommonOutputCrop w = 0, h = 0, port_idx = 0
03-23 01:11:53.970   210 28920 E mm-jpeg-intf: mm_jpeg_configure_job_params:1281] config QFactor: 85
03-23 01:11:53.970   210 28920 E mm-jpeg-intf: mm_jpeg_session_config_thumbnail:859] encode_thumbnail 1
03-23 01:11:53.970   210 28920 E mm-still: virtual OMX_ERRORTYPE QOMXImageCodec::omx_component_get_extension_index(OMX_HANDLETYPE, OMX_STRING, OMX_INDEXTYPE*): 599] Extension Name: OMX.QCOM.image.exttype.thumbnail
03-23 01:11:53.970   210 28920 E mm-still: virtual OMX_ERRORTYPE QOMXImageCodec::omx_component_get_extension_index(OMX_HANDLETYPE, OMX_STRING, OMX_INDEXTYPE*): 599] Extension Name: OMX.QCOM.image.exttype.workbuffer
03-23 01:11:53.970   210 28920 E mm-jpeg-intf: mm_jpeg_configure_job_params:1308] Work buffer 34 0xb3b3b000 WorkBufSize: 9345024
03-23 01:11:53.970   210 28920 E mm-still: virtual OMX_ERRORTYPE QOMXImageCodec::omx_component_get_extension_index(OMX_HANDLETYPE, OMX_STRING, OMX_INDEXTYPE*): 599] Extension Name: OMX.QCOM.image.exttype.metadata
03-23 01:11:53.970   210 28920 E mm-jpeg-intf: mm_jpeg_configure_job_params: config makernote data failed
03-23 01:11:53.970   210 28920 E mm-still: virtual OMX_ERRORTYPE OMXImageEncoder::omx_component_empty_this_buffer(OMX_HANDLETYPE, OMX_BUFFERHEADERTYPE*) 1538: ETB Queue count = 1, Expected number of buffers = 2 
03-23 01:11:53.970   210 28920 E mm-still: virtual OMX_ERRORTYPE OMXImageEncoder::omx_component_empty_this_buffer(OMX_HANDLETYPE, OMX_BUFFERHEADERTYPE*):1545] state 3 etb_flag 0 ftb_flag 0
03-23 01:11:53.970   210 28920 E mm-still: virtual OMX_ERRORTYPE OMXImageEncoder::omx_component_empty_this_buffer(OMX_HANDLETYPE, OMX_BUFFERHEADERTYPE*) 1538: ETB Queue count = 1, Expected number of buffers = 3 
03-23 01:11:53.970   210 28920 E mm-still: virtual OMX_ERRORTYPE OMXImageEncoder::omx_component_empty_this_buffer(OMX_HANDLETYPE, OMX_BUFFERHEADERTYPE*):1545] state 3 etb_flag 1 ftb_flag 0
03-23 01:11:53.970   210 28920 E mm-still: virtual OMX_ERRORTYPE OMXImageEncoder::omx_component_fill_this_buffer(OMX_HANDLETYPE, OMX_BUFFERHEADERTYPE*) 1634: FTB Queue count = 1, Expected number of buffers = 2 
03-23 01:11:53.970   210 28920 E mm-still: virtual OMX_ERRORTYPE OMXImageEncoder::omx_component_fill_this_buffer(OMX_HANDLETYPE, OMX_BUFFERHEADERTYPE*):1641] state 3 etb_flag 1 ftb_flag 1
03-23 01:11:53.970   210 28920 E mm-still: virtual OMX_ERRORTYPE OMXImageEncoder::omx_component_fill_this_buffer(OMX_HANDLETYPE, OMX_BUFFERHEADERTYPE*) 1644: Going to Start Encoding. Etb and ftb flags are set
03-23 01:11:53.970   210 28920 E mm-still: virtual OMX_ERRORTYPE QOMXImageCodec::postMessage(QIBase*):427] Message addr = 0xb8582ef8
03-23 01:11:53.970   246 28953 E mm-camera: isp_thread_proc_cmd: start/stop ack done, thread_data = 0xb8180cf4, action_code = 3, rc = 0
03-23 01:11:53.970   210 28982 E mm-still: virtual OMX_ERRORTYPE QOMXImageCodec::handleMessage():455] after cond wait
03-23 01:11:53.970   210 28982 E mm-still: virtual OMX_ERRORTYPE QOMXImageCodec::handleMessage():458] after wait
03-23 01:11:53.970   210 28982 E mm-still: virtual OMX_ERRORTYPE QOMXImageCodec::handleMessage():469] Message addr = 0xb8582ef8
03-23 01:11:53.970   210 28982 E mm-still: virtual OMX_ERRORTYPE OMXImageEncoder::processMessage(QIMessage*):1252] E
03-23 01:11:53.970   210 28982 E mm-still: virtual OMX_ERRORTYPE OMXImageEncoder::processMessage(QIMessage*):1357] OMX_MESSAGE_START_NEW_ENCODE
03-23 01:11:53.970   210 28982 E mm-still: virtual OMX_ERRORTYPE OMXJpegEncoder::configureEncodedata():49] size 1920x1080 pad 1920x1088 subsampling 0 format 0
03-23 01:11:53.970   210 28982 E mm-still: virtual OMX_ERRORTYPE OMXJpegEncoder::configureEncodedata():56] ImageSize 3110400 2073600
03-23 01:11:53.970   210 28982 E mm-still: virtual OMX_ERRORTYPE OMXJpegEncoder::configureEncodedata():85] Scaling not enabled width: 1920 height:1080
03-23 01:11:53.970   210 28982 E mm-still: virtual OMX_ERRORTYPE OMXJpegEncoder::configureEncodedata():106] 
03-23 01:11:53.970   210 28982 E mm-still: virtual OMX_ERRORTYPE OMXJpegEncoder::configureBuffers(OMX_BUFFERHEADERTYPE*, OMX_BUFFERHEADERTYPE*): 140: O/p buffer address is 0xb8571fc0, size: 3133440
03-23 01:11:53.970   210 28982 E mm-still: virtual OMX_ERRORTYPE OMXJpegEncoder::configureBuffers(OMX_BUFFERHEADERTYPE*, OMX_BUFFERHEADERTYPE*):155] MAIN buf=0xa6c1f000, fd=364, offset=0 filled=2048
03-23 01:11:53.970   210 28982 E mm-still: OMX_ERRORTYPE OMXJpegEncoder::configureTmbBuffer(OMX_BUFFERHEADERTYPE*):190] TMB buf=0xb040d000, fd=155, offset=0, filled=200
03-23 01:11:53.970   210 28982 E mm-still: OMX_ERRORTYPE OMXJpegEncoder::configureThumbnailData():720] size 2048x2048 pad 2048x2048 subsampling 0
03-23 01:11:53.970   246 28917 E mm-camera: stream id 5, stream num_meta 0
03-23 01:11:53.970   210 28982 E mm-still: OMX_ERRORTYPE OMXJpegEncoder::configureThumbnailData():749] Thumbnail Scaling enabled o/p width: 512 o/p height:288
03-23 01:11:53.970   210 28982 E mm-still: virtual int QImageHW10Encoder::SetOutputMode(QImageEncoderInterface::QIOutputMode):307] state 0
03-23 01:11:53.970   210 28982 E mm-still: virtual int QImageHW10Encoder::setEncodeParams(QIEncodeParams&):277] state 0
03-23 01:11:53.970   210 28982 E mm-still: virtual int QImageHW10Encoder::addInputImage(QImage&):185] state 0
03-23 01:11:53.970   210 28982 E mm-still: virtual int QImageHW10Encoder::addOutputImage(QImage&):248] state 0
03-23 01:11:53.970   210 28982 E mm-still: virtual int QImageHW10Encoder::addObserver(QImageEncoderObserver&):214] state 0 0xb85855b4
03-23 01:11:53.970   210 28982 E mm-still: virtual OMX_ERRORTYPE OMXJpegEncoder::startEncode():380] startEncode()
03-23 01:11:53.970   210 28982 E mm-still: virtual int QImageHW10Encoder::Start():1057] E state 0
03-23 01:11:53.970   210 28982 E mm-still: int QImageHW10Encoder::populatePlaneAddr():628] plane address 0xa6c1f000 0xa6e1d000 0x0
03-23 01:11:53.970   210 28982 E mm-still: int QImageHW10Encoder::SetHWConfig() 962: Scale enabled = 0, crop enabled = 0, crop width = 1920,crop height = 1080, output width = 1920 output height = 1080
03-23 01:11:53.970   210 28982 E mm-still: int QImageHW10Encoder::SetHWConfig() 966: WorkBufSize = 9345024
03-23 01:11:53.970   210 28982 E mm-still: int QImageHW10Encoder::ConfigureInputParams() 829: Width = 1920, Height = 1080, cbcr order = 1, format = 3,num_of_input_plns = 2
