03-10 21:03:33.814   922   986 E QcConnectivityService: Unexpected mtu value: android.net.wifi.WifiStateTracker@41cc4928
03-10 21:03:33.934   922   986 D Nat464Xlat: requiresClat: netType=1, hasIPv4Address=true
03-10 21:03:35.574   922   986 D QcConnectivityService: handleConnectivityChange: addresses changed linkProperty[1]: resetMask=0
03-10 21:03:35.574   922   986 D QcConnectivityService:    car=removed=[] added=[fe80::ce1b:e0ff:fe61:8a30/64,]
03-10 21:03:35.574   922   986 E QcConnectivityService: Exception while trying to add src route: java.lang.NullPointerException
03-10 21:03:35.574   922   986 D Nat464Xlat: requiresClat: netType=1, hasIPv4Address=true
03-10 21:03:46.954   922  1077 D QcConnectivityService: setProvNotificationVisible: E visible=false networkType=1 extraInfo=null url=null
03-10 21:03:47.304   922  1077 D QcConnectivityService: captivePortalCheckCompleted: ni=NetworkInfo: type: WIFI[], state: CONNECTED/CONNECTED, reason: (unspecified), extra: "AllieGO 5GHz", roaming: false, failover: false, isAvailable: true, isConnectedToProvisioningNetwork: false captive=false
--------- beginning of /dev/log/main
03-10 21:08:21.914  1638  1638 D wpa_supplicant: RX ctrl_iface - hexdump(len=11): 53 49 47 4e 41 4c 5f 50 4f 4c 4c
03-10 21:08:21.914  1638  1638 D wpa_supplicant: wlan0: Control interface command 'SIGNAL_POLL'
03-10 21:08:21.914  1638  1638 D wpa_supplicant: nl80211: survey data missing!
03-10 21:08:22.514   997   997 D StatusBar.NetworkController: refreshViews: Data not connected!! Set no data type icon / Roaming
03-10 21:08:22.514   997   997 D StatusBar.NetworkController: refreshViews connected={ wifi } level=0 combinedSignalIconId=0x7f0200a3/com.android.systemui:drawable/stat_sys_wifi_signal_3_fully mobileLabel= wifiLabel="AllieGO 5GHz"xxxxXXXXxxxxXXXX emergencyOnly=false combinedLabel="AllieGO 5GHz"xxxxXXXXxxxxXXXX mAirplaneMode=false mDataActivity=0 mPhoneSignalIconId=0x0 mQSPhoneSignalIconId=0x0 mDataDirectionIconId=0x0 mDataSignalIconId=0x0 mDataTypeIconId=0x0 mQSDataTypeIconId=0x0 mNoSimIconId=0x0 mWifiIconId=0x7f0200a3 mQSWifiIconId=0x7f02005b mBluetoothTetherIconId=0x10805cc
03-10 21:08:22.544  9379  9379 D QSEECOMAPI: : QSEECom_get_handle sb_length = 0x2000
03-10 21:08:22.544  9379  9379 D QSEECOMAPI: : App is not loaded in QSEE
03-10 21:08:22.544  9379  9379 E QSEECOMAPI: : Error::Cannot open the file /vendor/firmware/keymaster/keymaster.mdt
03-10 21:08:22.544  9379  9379 E QSEECOMAPI: : Error::Loading image failed with ret = -1
03-10 21:08:22.564  9379  9379 D QSEECOMAPI: : QSEECom_get_handle sb_length = 0x2000
03-10 21:08:22.564  9379  9379 D QSEECOMAPI: : App is not loaded in QSEE
03-10 21:08:22.564  9379  9379 E QSEECOMAPI: : Error::Cannot open the file /firmware/image/keymaste.mdt
03-10 21:08:22.564  9379  9379 E QSEECOMAPI: : Error::Loading image failed with ret = -1
03-10 21:08:22.564  9379  9379 E QCOMKeyMaster: Loading keymaster app failied
03-10 21:08:22.564  9379  9379 E keystore: could not open keymaster device in keystore (Operation not permitted)
03-10 21:08:22.564  9379  9379 E keystore: keystore keymaster could not be initialized; exiting
03-10 21:08:22.944   219   219 V WLAN_PSA: NL MSG, len[048], NL type[0x11] WNI type[0x5050] len[028]
03-10 21:08:23.084  2017  2032 E QcrilMsgTunnelSocket: IOException - java.io.IOException: No such file or directory Reason: No such file or directory
03-10 21:08:23.514   997   997 D StatusBar.NetworkController: refreshViews: Data not connected!! Set no data type icon / Roaming
03-10 21:08:23.514   997   997 D StatusBar.NetworkController: refreshViews connected={ wifi } level=0 combinedSignalIconId=0x7f0200a3/com.android.systemui:drawable/stat_sys_wifi_signal_3_fully mobileLabel= wifiLabel="AllieGO 5GHz"xxxxXXXXxxxxXXXX emergencyOnly=false combinedLabel="AllieGO 5GHz"xxxxXXXXxxxxXXXX mAirplaneMode=false mDataActivity=0 mPhoneSignalIconId=0x0 mQSPhoneSignalIconId=0x0 mDataDirectionIconId=0x0 mDataSignalIconId=0x0 mDataTypeIconId=0x0 mQSDataTypeIconId=0x0 mNoSimIconId=0x0 mWifiIconId=0x7f0200a3 mQSWifiIconId=0x7f02005b mBluetoothTetherIconId=0x10805cc
03-10 21:08:24.514   997   997 D StatusBar.NetworkController: refreshViews: Data not connected!! Set no data type icon / Roaming
03-10 21:08:24.524   997   997 D StatusBar.NetworkController: refreshViews connected={ wifi } level=0 combinedSignalIconId=0x7f0200a3/com.android.systemui:drawable/stat_sys_wifi_signal_3_fully mobileLabel= wifiLabel="AllieGO 5GHz"xxxxXXXXxxxxXXXX emergencyOnly=false combinedLabel="AllieGO 5GHz"xxxxXXXXxxxxXXXX mAirplaneMode=false mDataActivity=0 mPhoneSignalIconId=0x0 mQSPhoneSignalIconId=0x0 mDataDirectionIconId=0x0 mDataSignalIconId=0x0 mDataTypeIconId=0x0 mQSDataTypeIconId=0x0 mNoSimIconId=0x0 mWifiIconId=0x7f0200a3 mQSWifiIconId=0x7f02005b mBluetoothTetherIconId=0x10805cc
03-10 21:08:24.864   922  2235 E GpsXtraDownloader: No XTRA servers were specified in the GPS configuration
03-10 21:08:24.914  1638  1638 D wpa_supplicant: RX ctrl_iface - hexdump(len=11): 53 49 47 4e 41 4c 5f 50 4f 4c 4c
03-10 21:08:24.914  1638  1638 D wpa_supplicant: wlan0: Control interface command 'SIGNAL_POLL'
03-10 21:08:24.934  1638  1638 D wpa_supplicant: nl80211: survey data missing!
03-10 21:08:24.934   997   997 D StatusBar.NetworkController: refreshViews: Data not connected!! Set no data type icon / Roaming
03-10 21:08:24.934   997   997 D StatusBar.NetworkController: refreshViews connected={ wifi } level=0 combinedSignalIconId=0x7f0200a2/com.android.systemui:drawable/stat_sys_wifi_signal_2_fully mobileLabel= wifiLabel="AllieGO 5GHz"xxxxXXXXxxxxXXXX emergencyOnly=false combinedLabel="AllieGO 5GHz"xxxxXXXXxxxxXXXX mAirplaneMode=false mDataActivity=0 mPhoneSignalIconId=0x0 mQSPhoneSignalIconId=0x0 mDataDirectionIconId=0x0 mDataSignalIconId=0x0 mDataTypeIconId=0x0 mQSDataTypeIconId=0x0 mNoSimIconId=0x0 mWifiIconId=0x7f0200a2 mQSWifiIconId=0x7f02005a mBluetoothTetherIconId=0x10805cc
03-10 21:08:27.084  2017  2032 E QcrilMsgTunnelSocket: IOException - java.io.IOException: No such file or directory Reason: No such file or directory
03-10 21:08:27.604  9381  9381 D QSEECOMAPI: : QSEECom_get_handle sb_length = 0x2000
03-10 21:08:27.604  9381  9381 D QSEECOMAPI: : App is not loaded in QSEE
03-10 21:08:27.604  9381  9381 E QSEECOMAPI: : Error::Cannot open the file /vendor/firmware/keymaster/keymaster.mdt
03-10 21:08:27.604  9381  9381 E QSEECOMAPI: : Error::Loading image failed with ret = -1
03-10 21:08:27.604  9381  9381 D QSEECOMAPI: : QSEECom_get_handle sb_length = 0x2000
03-10 21:08:27.604  9381  9381 D QSEECOMAPI: : App is not loaded in QSEE
03-10 21:08:27.604  9381  9381 E QSEECOMAPI: : Error::Cannot open the file /firmware/image/keymaste.mdt
03-10 21:08:27.604  9381  9381 E QSEECOMAPI: : Error::Loading image failed with ret = -1
03-10 21:08:27.624  9381  9381 E QCOMKeyMaster: Loading keymaster app failied
03-10 21:08:27.624  9381  9381 E keystore: could not open keymaster device in keystore (Operation not permitted)
03-10 21:08:27.624  9381  9381 E keystore: keystore keymaster could not be initialized; exiting
03-10 21:08:27.944  1638  1638 D wpa_supplicant: RX ctrl_iface - hexdump(len=11): 53 49 47 4e 41 4c 5f 50 4f 4c 4c
03-10 21:08:27.944  1638  1638 D wpa_supplicant: wlan0: Control interface command 'SIGNAL_POLL'
03-10 21:08:27.944  1638  1638 D wpa_supplicant: nl80211: survey data missing!
03-10 21:08:27.954   219   219 V WLAN_PSA: NL MSG, len[048], NL type[0x11] WNI type[0x5050] len[028]
03-10 21:08:27.954   997   997 D StatusBar.NetworkController: refreshViews: Data not connected!! Set no data type icon / Roaming
03-10 21:08:27.954   997   997 D StatusBar.NetworkController: refreshViews connected={ wifi } level=0 combinedSignalIconId=0x7f0200a3/com.android.systemui:drawable/stat_sys_wifi_signal_3_fully mobileLabel= wifiLabel="AllieGO 5GHz"xxxxXXXXxxxxXXXX emergencyOnly=false combinedLabel="AllieGO 5GHz"xxxxXXXXxxxxXXXX mAirplaneMode=false mDataActivity=0 mPhoneSignalIconId=0x0 mQSPhoneSignalIconId=0x0 mDataDirectionIconId=0x0 mDataSignalIconId=0x0 mDataTypeIconId=0x0 mQSDataTypeIconId=0x0 mNoSimIconId=0x0 mWifiIconId=0x7f0200a3 mQSWifiIconId=0x7f02005b mBluetoothTetherIconId=0x10805cc
03-10 21:08:29.534   997   997 D StatusBar.NetworkController: refreshViews: Data not connected!! Set no data type icon / Roaming
03-10 21:08:29.534   997   997 D StatusBar.NetworkController: refreshViews connected={ wifi } level=0 combinedSignalIconId=0x7f0200a3/com.android.systemui:drawable/stat_sys_wifi_signal_3_fully mobileLabel= wifiLabel="AllieGO 5GHz"xxxxXXXXxxxxXXXX emergencyOnly=false combinedLabel="AllieGO 5GHz"xxxxXXXXxxxxXXXX mAirplaneMode=false mDataActivity=0 mPhoneSignalIconId=0x0 mQSPhoneSignalIconId=0x0 mDataDirectionIconId=0x0 mDataSignalIconId=0x0 mDataTypeIconId=0x0 mQSDataTypeIconId=0x0 mNoSimIconId=0x0 mWifiIconId=0x7f0200a3 mQSWifiIconId=0x7f02005b mBluetoothTetherIconId=0x10805cc
03-10 21:08:30.194  1711  1916 D WifiServiceImpl: Requesting getWifiNetworks ...
03-10 21:08:30.204  1638  1638 D wpa_supplicant: RX ctrl_iface - hexdump(len=14): 53 43 41 4e 20 54 59 50 45 3d 4f 4e 4c 59
03-10 21:08:30.204  1638  1638 D wpa_supplicant: wlan0: Control interface command 'SCAN TYPE=ONLY'
03-10 21:08:30.204  1638  1638 D wpa_supplicant: wlan0: Setting scan request: 0 sec 0 usec
03-10 21:08:30.204  1638  1638 D wpa_supplicant: Scan SSID - hexdump(len=12): 41 6c 6c 69 65 47 4f 20 35 47 48 7a
03-10 21:08:30.204  1638  1638 D wpa_supplicant: wlan0: Starting AP scan for wildcard SSID
03-10 21:08:30.204  1638  1638 D wpa_supplicant: wlan0: nl80211: scan request
03-10 21:08:30.204  1638  1638 D wpa_supplicant: nl80211: Scan SSID - hexdump(len=12): 41 6c 6c 69 65 47 4f 20 35 47 48 7a
03-10 21:08:30.204  1638  1638 D wpa_supplicant: nl80211: Scan SSID - hexdump(len=0): [NULL]
03-10 21:08:30.204   219   219 V WLAN_PSA: NL MSG, len[914], NL type[0x11] WNI type[0x5050] len[894]
03-10 21:08:30.204   219   219 V WLAN_PSA: NL MSG, len[048], NL type[0x11] WNI type[0x5050] len[028]
03-10 21:08:30.204  1638  1638 D wpa_supplicant: Scan requested (ret=0) - scan timeout 30 seconds
03-10 21:08:30.204  1638  1638 D wpa_supplicant: nl80211: Event message available
03-10 21:08:30.204  1638  1638 D wpa_supplicant: nl80211: Drv Event 33 (NL80211_CMD_TRIGGER_SCAN) received for wlan0
03-10 21:08:30.204  1638  1638 D wpa_supplicant: wlan0: nl80211: Scan trigger
03-10 21:08:30.204  1638  1638 D wpa_supplicant: wlan0: Event SCAN_STARTED (57) received
03-10 21:08:30.204  1638  1638 D wpa_supplicant: wlan0: Own scan request started a scan
03-10 21:08:30.204  1638  1638 I wpa_supplicant: wlan0: CTRL-EVENT-SCAN-STARTED 
03-10 21:08:30.204  1638  1638 D wpa_supplicant: CTRL_IFACE monitor send - hexdump(len=39): 2f 64 61 74 61 2f 6d 69 73 63 2f 77 69 66 69 2f 73 6f 63 6b 65 74 73 2f 77 70 61 5f 63 74 72 6c ...
03-10 21:08:30.534   997   997 D StatusBar.NetworkController: refreshViews: Data not connected!! Set no data type icon / Roaming
03-10 21:08:30.534   997   997 D StatusBar.NetworkController: refreshViews connected={ wifi } level=0 combinedSignalIconId=0x7f0200a3/com.android.systemui:drawable/stat_sys_wifi_signal_3_fully mobileLabel= wifiLabel="AllieGO 5GHz"xxxxXXXXxxxxXXXX emergencyOnly=false combinedLabel="AllieGO 5GHz"xxxxXXXXxxxxXXXX mAirplaneMode=false mDataActivity=0 mPhoneSignalIconId=0x0 mQSPhoneSignalIconId=0x0 mDataDirectionIconId=0x0 mDataSignalIconId=0x0 mDataTypeIconId=0x0 mQSDataTypeIconId=0x0 mNoSimIconId=0x0 mWifiIconId=0x7f0200a3 mQSWifiIconId=0x7f02005b mBluetoothTetherIconId=0x10805cc
03-10 21:08:30.954  1638  1638 D wpa_supplicant: RX ctrl_iface - hexdump(len=11): 53 49 47 4e 41 4c 5f 50 4f 4c 4c
03-10 21:08:30.954  1638  1638 D wpa_supplicant: wlan0: Control interface command 'SIGNAL_POLL'
03-10 21:08:31.084  2017  2032 E QcrilMsgTunnelSocket: IOException - java.io.IOException: No such file or directory Reason: No such file or directory
03-10 21:08:31.534   997   997 D StatusBar.NetworkController: refreshViews: Data not connected!! Set no data type icon / Roaming
03-10 21:08:31.534   997   997 D StatusBar.NetworkController: refreshViews connected={ wifi } level=0 combinedSignalIconId=0x7f0200a3/com.android.systemui:drawable/stat_sys_wifi_signal_3_fully mobileLabel= wifiLabel="AllieGO 5GHz"xxxxXXXXxxxxXXXX emergencyOnly=false combinedLabel="AllieGO 5GHz"xxxxXXXXxxxxXXXX mAirplaneMode=false mDataActivity=0 mPhoneSignalIconId=0x0 mQSPhoneSignalIconId=0x0 mDataDirectionIconId=0x0 mDataSignalIconId=0x0 mDataTypeIconId=0x0 mQSDataTypeIconId=0x0 mNoSimIconId=0x0 mWifiIconId=0x7f0200a3 mQSWifiIconId=0x7f02005b mBluetoothTetherIconId=0x10805cc
03-10 21:08:31.754  1638  1638 D wpa_supplicant: nl80211: survey data missing!
03-10 21:08:32.014   219   219 V WLAN_PSA: NL MSG, len[914], NL type[0x11] WNI type[0x5050] len[894]
03-10 21:08:32.014  1638  1638 D wpa_supplicant: nl80211: Event message available
03-10 21:08:32.014  1638  1638 D wpa_supplicant: nl80211: Drv Event 34 (NL80211_CMD_NEW_SCAN_RESULTS) received for wlan0
03-10 21:08:32.014  1638  1638 D wpa_supplicant: wlan0: nl80211: New scan results available
03-10 21:08:32.014  1638  1638 D wpa_supplicant: wlan0: Event SCAN_RESULTS (3) received
03-10 21:08:32.014  1638  1638 D wpa_supplicant: nl80211: Associated on 5220 MHz
03-10 21:08:32.014  1638  1638 D wpa_supplicant: nl80211: Associated with e8:fc:af:ff:3a:33
03-10 21:08:32.014  1638  1638 D wpa_supplicant: nl80211: Received scan results (6 BSSes)
03-10 21:08:32.014  1638  1638 D wpa_supplicant: nl80211: Survey data missing
03-10 21:08:32.014  1638  1638 D wpa_supplicant: nl80211: Scan results indicate BSS status with e8:fc:af:ff:3a:33 as associated
03-10 21:08:32.014  1638  1638 D wpa_supplicant: Sorted scan results
03-10 21:08:32.014  1638  1638 D wpa_supplicant: e8:fc:af:ff:3a:33 freq=5220 qual=0 noise=0 level=-66 flags=0x2b age=0
03-10 21:08:32.014  1638  1638 D wpa_supplicant: IEs - hexdump(len=378): 00 0c 41 6c 6c 69 65 47 4f 20 35 47 48 7a 01 08 8c 12 98 24 b0 48 60 6c 07 3c 44 45 20 24 01 17 ...
03-10 21:08:32.014  1638  1638 D wpa_supplicant: Beacon IEs - hexdump(len=312): 00 0c 41 6c 6c 69 65 47 4f 20 35 47 48 7a 01 08 8c 12 98 24 b0 48 60 6c 05 05 01 02 00 d8 08 07 ...
03-10 21:08:32.014  1638  1638 D wpa_supplicant: d4:bf:7f:50:25:d7 freq=2452 qual=0 noise=0 level=-63 flags=0xb age=0
03-10 21:08:32.014  1638  1638 D wpa_supplicant: IEs - hexdump(len=361): 00 08 6d 61 78 5f 74 65 73 74 01 08 82 84 8b 96 0c 12 18 24 03 01 09 2a 01 00 32 04 30 48 60 6c ...
03-10 21:08:32.014  1638  1638 D wpa_supplicant: 24:a4:3c:1a:db:20 freq=2412 qual=0 noise=0 level=-64 flags=0xb age=0
03-10 21:08:32.014  1638  1638 D wpa_supplicant: IEs - hexdump(len=190): 00 04 31 35 30 32 01 08 82 84 8b 96 24 b0 48 6c 03 01 01 2a 01 00 2f 01 00 30 18 01 00 00 0f ac ...
03-10 21:08:32.014  1638  1638 D wpa_supplicant: 14:d6:4d:78:6b:54 freq=2437 qual=0 noise=0 level=-74 flags=0xb age=0
03-10 21:08:32.014  1638  1638 D wpa_supplicant: IEs - hexdump(len=274): 00 06 6b 69 74 6e 70 66 01 08 82 84 8b 96 12 24 48 6c 03 01 06 2a 01 00 32 04 0c 18 30 60 2d 1a ...
03-10 21:08:32.014  1638  1638 D wpa_supplicant: Beacon IEs - hexdump(len=297): 00 06 6b 69 74 6e 70 66 01 08 82 84 8b 96 12 24 48 6c 03 01 06 32 04 0c 18 30 60 07 06 47 42 20 ...
03-10 21:08:32.014  1638  1638 D wpa_supplicant: ec:43:f6:da:f7:48 freq=2412 qual=0 noise=0 level=-75 flags=0xb age=0
03-10 21:08:32.014  1638  1638 D wpa_supplicant: IEs - hexdump(len=275): 00 05 4d 65 74 72 6f 01 08 82 84 8b 96 12 24 48 6c 03 01 01 2a 01 04 32 04 0c 18 30 60 dd 16 00 ...
03-10 21:08:32.014  1638  1638 D wpa_supplicant: ea:28:5d:6b:09:e8 freq=2457 qual=0 noise=0 level=-37 flags=0xb age=0
03-10 21:08:32.014  1638  1638 D wpa_supplicant: IEs - hexdump(len=330): 00 04 5a 35 31 30 01 08 82 84 8b 96 12 24 48 6c 03 01 0a 2a 01 04 32 04 0c 18 30 60 2d 1a 6e 11 ...
03-10 21:08:32.014  1638  1638 D wpa_supplicant: wlan0: BSS: Start scan result update 63
03-10 21:08:32.014  1638  1638 D wpa_supplicant: BSS: last_scan_res_used=6/32 last_scan_full=0
03-10 21:08:32.014  1638  1638 D wpa_supplicant: Add randomness: count=681 entropy=542
03-10 21:08:32.014  1638  1638 D wpa_supplicant: random pool - hexdump(len=128): [REMOVED]
03-10 21:08:32.014  1638  1638 D wpa_supplicant: random_mix_pool - hexdump(len=8): [REMOVED]
03-10 21:08:32.014  1638  1638 D wpa_supplicant: random_mix_pool - hexdump(len=5): [REMOVED]
03-10 21:08:32.014  1638  1638 D wpa_supplicant: random pool - hexdump(len=128): [REMOVED]
03-10 21:08:32.014  1638  1638 D wpa_supplicant: Add randomness: count=682 entropy=543
03-10 21:08:32.014  1638  1638 D wpa_supplicant: random pool - hexdump(len=128): [REMOVED]
03-10 21:08:32.014  1638  1638 D wpa_supplicant: random_mix_pool - hexdump(len=8): [REMOVED]
03-10 21:08:32.014  1638  1638 D wpa_supplicant: random_mix_pool - hexdump(len=5): [REMOVED]
03-10 21:08:32.014  1638  1638 D wpa_supplicant: random pool - hexdump(len=128): [REMOVED]
03-10 21:08:32.014  1638  1638 D wpa_supplicant: Add randomness: count=683 entropy=544
03-10 21:08:32.014  1638  1638 D wpa_supplicant: random pool - hexdump(len=128): [REMOVED]
03-10 21:08:32.014  1638  1638 D wpa_supplicant: random_mix_pool - hexdump(len=8): [REMOVED]
03-10 21:08:32.014  1638  1638 D wpa_supplicant: random_mix_pool - hexdump(len=5): [REMOVED]
03-10 21:08:32.014  1638  1638 D wpa_supplicant: random pool - hexdump(len=128): [REMOVED]
03-10 21:08:32.014  1638  1638 D wpa_supplicant: Add randomness: count=684 entropy=545
03-10 21:08:32.014  1638  1638 D wpa_supplicant: random pool - hexdump(len=128): [REMOVED]
03-10 21:08:32.014  1638  1638 D wpa_supplicant: random_mix_pool - hexdump(len=8): [REMOVED]
03-10 21:08:32.014  1638  1638 D wpa_supplicant: random_mix_pool - hexdump(len=5): [REMOVED]
03-10 21:08:32.014  1638  1638 D wpa_supplicant: random pool - hexdump(len=128): [REMOVED]
03-10 21:08:32.014  1638  1638 D wpa_supplicant: Add randomness: count=685 entropy=546
03-10 21:08:32.014  1638  1638 D wpa_supplicant: random pool - hexdump(len=128): [REMOVED]
03-10 21:08:32.014  1638  1638 D wpa_supplicant: random_mix_pool - hexdump(len=8): [REMOVED]
03-10 21:08:32.014  1638  1638 D wpa_supplicant: random_mix_pool - hexdump(len=5): [REMOVED]
03-10 21:08:32.014  1638  1638 D wpa_supplicant: random pool - hexdump(len=128): [REMOVED]
03-10 21:08:32.014  1638  1638 D wpa_supplicant: Add randomness: count=686 entropy=547
03-10 21:08:32.014  1638  1638 D wpa_supplicant: random pool - hexdump(len=128): [REMOVED]
03-10 21:08:32.014  1638  1638 D wpa_supplicant: random_mix_pool - hexdump(len=8): [REMOVED]
03-10 21:08:32.014  1638  1638 D wpa_supplicant: random_mix_pool - hexdump(len=5): [REMOVED]
03-10 21:08:32.014  1638  1638 D wpa_supplicant: random pool - hexdump(len=128): [REMOVED]
03-10 21:08:32.014  1638  1638 D wpa_supplicant: wlan0: Scan-only results received
03-10 21:08:32.014  1638  1638 D wpa_supplicant: CTRL_IFACE monitor send - hexdump(len=39): 2f 64 61 74 61 2f 6d 69 73 63 2f 77 69 66 69 2f 73 6f 63 6b 65 74 73 2f 77 70 61 5f 63 74 72 6c ...
03-10 21:08:32.014  1638  1638 D wpa_supplicant: wlan0: P2P: Station mode scan operation not pending anymore (sta_scan_pending=0 p2p_cb_on_scan_complete=0)
03-10 21:08:32.014  1638  1638 D wpa_supplicant: nl80211: Drv Event 32 (NL80211_CMD_GET_SCAN) received for wlan0
03-10 21:08:32.014  1638  1638 D wpa_supplicant: wlan0: nl80211: Ignored unknown event (cmd=32)
03-10 21:08:32.014  1638  1638 D wpa_supplicant: RTM_NEWLINK: operstate=1 ifi_flags=0x11043 ([UP][RUNNING][LOWER_UP])
03-10 21:08:32.014  1638  1638 D wpa_supplicant: RTM_NEWLINK, IFLA_IFNAME: Interface 'wlan0' added
03-10 21:08:32.014  1638  1638 D wpa_supplicant: nl80211: if_removed already cleared - ignore event
03-10 21:08:32.014  1638  1638 D wpa_supplicant: RX ctrl_iface - hexdump(len=25): 42 53 53 20 52 41 4e 47 45 3d 30 2d 20 4d 41 53 4b 3d 30 78 32 31 39 38 37
03-10 21:08:32.014  1638  1638 D wpa_supplicant: wlan0: Control interface command 'BSS RANGE=0- MASK=0x21987'
03-10 21:08:32.014  1638  1638 D wpa_supplicant: WPS: attr type=0x104a len=1
03-10 21:08:32.014  1638  1638 D wpa_supplicant: WPS: attr type=0x1044 len=1
03-10 21:08:32.014  1638  1638 D wpa_supplicant: WPS: attr type=0x103b len=1
03-10 21:08:32.014  1638  1638 D wpa_supplicant: WPS: attr type=0x1047 len=16
03-10 21:08:32.014  1638  1638 D wpa_supplicant: WPS: attr type=0x1021 len=13
03-10 21:08:32.014  1638  1638 D wpa_supplicant: WPS: attr type=0x1023 len=5
03-10 21:08:32.014  1638  1638 D wpa_supplicant: WPS: attr type=0x1024 len=5
03-10 21:08:32.014  1638  1638 D wpa_supplicant: WPS: attr type=0x1042 len=2
03-10 21:08:32.014  1638  1638 D wpa_supplicant: WPS: attr type=0x1054 len=8
03-10 21:08:32.014  1638  1638 D wpa_supplicant: WPS: attr type=0x1011 len=5
03-10 21:08:32.014  1638  1638 D wpa_supplicant: WPS: attr type=0x1008 len=2
03-10 21:08:32.014  1638  1638 D wpa_supplicant: WPS: attr type=0x103c len=1
03-10 21:08:32.014  1638  1638 D wpa_supplicant: WPS: attr type=0x1049 len=6
03-10 21:08:32.014  1638  1638 D wpa_supplicant: WPS: WFA subelement id=0 len=1
03-10 21:08:32.014  1638  1638 D wpa_supplicant: WPS: attr type=0x104a len=1
03-10 21:08:32.014  1638  1638 D wpa_supplicant: WPS: attr type=0x1044 len=1
03-10 21:08:32.014  1638  1638 D wpa_supplicant: WPS: attr type=0x103b len=1
03-10 21:08:32.014  1638  1638 D wpa_supplicant: WPS: attr type=0x1047 len=16
03-10 21:08:32.014  1638  1638 D wpa_supplicant: WPS: attr type=0x1021 len=13
03-10 21:08:32.014  1638  1638 D wpa_supplicant: WPS: attr type=0x1023 len=5
03-10 21:08:32.014  1638  1638 D wpa_supplicant: WPS: attr type=0x1024 len=5
03-10 21:08:32.014  1638  1638 D wpa_supplicant: WPS: attr type=0x1042 len=2
03-10 21:08:32.014  1638  1638 D wpa_supplicant: WPS: attr type=0x1054 len=8
03-10 21:08:32.014  1638  1638 D wpa_supplicant: WPS: attr type=0x1011 len=5
03-10 21:08:32.014  1638  1638 D wpa_supplicant: WPS: attr type=0x1008 len=2
03-10 21:08:32.014  1638  1638 D wpa_supplicant: WPS: attr type=0x103c len=1
03-10 21:08:32.014  1638  1638 D wpa_supplicant: WPS: attr type=0x1049 len=6
03-10 21:08:32.014  1638  1638 D wpa_supplicant: WPS: WFA subelement id=0 len=1
03-10 21:08:32.014  1638  1638 D wpa_supplicant: WPS: attr type=0x104a len=1
03-10 21:08:32.014  1638  1638 D wpa_supplicant: WPS: attr type=0x1044 len=1
03-10 21:08:32.014  1638  1638 D wpa_supplicant: WPS: attr type=0x103b len=1
03-10 21:08:32.014  1638  1638 D wpa_supplicant: WPS: attr type=0x1047 len=16
03-10 21:08:32.014  1638  1638 D wpa_supplicant: WPS: attr type=0x1021 len=13
03-10 21:08:32.014  1638  1638 D wpa_supplicant: WPS: attr type=0x1023 len=5
03-10 21:08:32.014  1638  1638 D wpa_supplicant: WPS: attr type=0x1024 len=5
03-10 21:08:32.014  1638  1638 D wpa_supplicant: WPS: attr type=0x1042 len=2
03-10 21:08:32.014  1638  1638 D wpa_supplicant: WPS: attr type=0x1054 len=8
03-10 21:08:32.014  1638  1638 D wpa_supplicant: WPS: attr type=0x1011 len=5
03-10 21:08:32.014  1638  1638 D wpa_supplicant: WPS: attr type=0x1008 len=2
03-10 21:08:32.014  1638  1638 D wpa_supplicant: WPS: attr type=0x103c len=1
03-10 21:08:32.014  1638  1638 D wpa_supplicant: WPS: attr type=0x1049 len=6
03-10 21:08:32.014  1638  1638 D wpa_supplicant: WPS: WFA subelement id=0 len=1
03-10 21:08:32.014  1638  1638 D wpa_supplicant: WPS: attr type=0x104a len=1
03-10 21:08:32.014  1638  1638 D wpa_supplicant: WPS: attr type=0x1044 len=1
03-10 21:08:32.014  1638  1638 D wpa_supplicant: WPS: attr type=0x103b len=1
03-10 21:08:32.014  1638  1638 D wpa_supplicant: WPS: attr type=0x1047 len=16
03-10 21:08:32.014  1638  1638 D wpa_supplicant: WPS: attr type=0x1021 len=24
03-10 21:08:32.014  1638  1638 D wpa_supplicant: WPS: attr type=0x1023 len=28
03-10 21:08:32.014  1638  1638 D wpa_supplicant: WPS: attr type=0x1024 len=6
03-10 21:08:32.014  1638  1638 D wpa_supplicant: WPS: attr type=0x1042 len=8
03-10 21:08:32.014  1638  1638 D wpa_supplicant: WPS: attr type=0x1054 len=8
03-10 21:08:32.014  1638  1638 D wpa_supplicant: WPS: attr type=0x1011 len=9
03-10 21:08:32.014  1638  1638 D wpa_supplicant: WPS: attr type=0x1008 len=2
03-10 21:08:32.014  1638  1638 D wpa_supplicant: WPS: attr type=0x103c len=1
03-10 21:08:32.014  1638  1638 D wpa_supplicant: WPS: attr type=0x104a len=1
03-10 21:08:32.014  1638  1638 D wpa_supplicant: WPS: attr type=0x1044 len=1
03-10 21:08:32.014  1638  1638 D wpa_supplicant: WPS: attr type=0x103b len=1
03-10 21:08:32.014  1638  1638 D wpa_supplicant: WPS: attr type=0x1047 len=16
03-10 21:08:32.014  1638  1638 D wpa_supplicant: WPS: attr type=0x1021 len=24
03-10 21:08:32.014  1638  1638 D wpa_supplicant: WPS: attr type=0x1023 len=28
03-10 21:08:32.014  1638  1638 D wpa_supplicant: WPS: attr type=0x1024 len=6
03-10 21:08:32.014  1638  1638 D wpa_supplicant: WPS: attr type=0x1042 len=8
03-10 21:08:32.014  1638  1638 D wpa_supplicant: WPS: attr type=0x1054 len=8
03-10 21:08:32.014  1638  1638 D wpa_supplicant: WPS: attr type=0x1011 len=9
03-10 21:08:32.014  1638  1638 D wpa_supplicant: WPS: attr type=0x1008 len=2
03-10 21:08:32.014  1638  1638 D wpa_supplicant: WPS: attr type=0x103c len=1
03-10 21:08:32.014  1638  1638 D wpa_supplicant: WPS: attr type=0x104a len=1
03-10 21:08:32.014  1638  1638 D wpa_supplicant: WPS: attr type=0x1044 len=1
03-10 21:08:32.014  1638  1638 D wpa_supplicant: WPS: attr type=0x103b len=1
03-10 21:08:32.014  1638  1638 D wpa_supplicant: WPS: attr type=0x1047 len=16
03-10 21:08:32.014  1638  1638 D wpa_supplicant: WPS: attr type=0x1021 len=24
03-10 21:08:32.014  1638  1638 D wpa_supplicant: WPS: attr type=0x1023 len=28
03-10 21:08:32.014  1638  1638 D wpa_supplicant: WPS: attr type=0x1024 len=6
03-10 21:08:32.014  1638  1638 D wpa_supplicant: WPS: attr type=0x1042 len=8
03-10 21:08:32.014  1638  1638 D wpa_supplicant: WPS: attr type=0x1054 len=8
03-10 21:08:32.014  1638  1638 D wpa_supplicant: WPS: attr type=0x1011 len=9
03-10 21:08:32.014  1638  1638 D wpa_supplicant: WPS: attr type=0x1008 len=2
03-10 21:08:32.014  1638  1638 D wpa_supplicant: WPS: attr type=0x103c len=1
03-10 21:08:32.014  1638  1638 D wpa_supplicant: WPS: attr type=0x104a len=1
03-10 21:08:32.014  1638  1638 D wpa_supplicant: WPS: attr type=0x1044 len=1
03-10 21:08:32.014  1638  1638 D wpa_supplicant: WPS: attr type=0x1041 len=1
03-10 21:08:32.014  1638  1638 D wpa_supplicant: WPS: attr type=0x1012 len=2
03-10 21:08:32.014  1638  1638 D wpa_supplicant: WPS: attr type=0x1053 len=2
03-10 21:08:32.014  1638  1638 D wpa_supplicant: WPS: attr type=0x103b len=1
03-10 21:08:32.014  1638  1638 D wpa_supplicant: WPS: attr type=0x1047 len=16
03-10 21:08:32.014  1638  1638 D wpa_supplicant: WPS: attr type=0x1021 len=26
03-10 21:08:32.014  1638  1638 D wpa_supplicant: WPS: attr type=0x1023 len=20
03-10 21:08:32.014  1638  1638 D wpa_supplicant: WPS: attr type=0x1024 len=15
03-10 21:08:32.014  1638  1638 D wpa_supplicant: WPS: attr type=0x1042 len=4
03-10 21:08:32.014  1638  1638 D wpa_supplicant: WPS: attr type=0x1054 len=8
03-10 21:08:32.014  1638  1638 D wpa_supplicant: WPS: attr type=0x1011 len=21
03-10 21:08:32.014  1638  1638 D wpa_supplicant: WPS: attr type=0x1008 len=2
03-10 21:08:32.014  1638  1638 D wpa_supplicant: WPS: attr type=0x103c len=1
03-10 21:08:32.014  1638  1638 D wpa_supplicant: WPS: attr type=0x104a len=1
03-10 21:08:32.014  1638  1638 D wpa_supplicant: WPS: attr type=0x1044 len=1
03-10 21:08:32.014  1638  1638 D wpa_supplicant: WPS: attr type=0x1041 len=1
03-10 21:08:32.014  1638  1638 D wpa_supplicant: WPS: attr type=0x1012 len=2
03-10 21:08:32.014  1638  1638 D wpa_supplicant: WPS: attr type=0x1053 len=2
03-10 21:08:32.014  1638  1638 D wpa_supplicant: WPS: attr type=0x103b len=1
03-10 21:08:32.014  1638  1638 D wpa_supplicant: WPS: attr type=0x1047 len=16
03-10 21:08:32.014  1638  1638 D wpa_supplicant: WPS: attr type=0x1021 len=26
03-10 21:08:32.014  1638  1638 D wpa_supplicant: WPS: attr type=0x1023 len=20
03-10 21:08:32.014  1638  1638 D wpa_supplicant: WPS: attr type=0x1024 len=15
03-10 21:08:32.014  1638  1638 D wpa_supplicant: WPS: attr type=0x1042 len=4
03-10 21:08:32.014  1638  1638 D wpa_supplicant: WPS: attr type=0x1054 len=8
03-10 21:08:32.014  1638  1638 D wpa_supplicant: WPS: attr type=0x1011 len=21
03-10 21:08:32.014  1638  1638 D wpa_supplicant: WPS: attr type=0x1008 len=2
03-10 21:08:32.014  1638  1638 D wpa_supplicant: WPS: attr type=0x103c len=1
03-10 21:08:32.014  1638  1638 D wpa_supplicant: WPS: attr type=0x104a len=1
03-10 21:08:32.014  1638  1638 D wpa_supplicant: WPS: attr type=0x1044 len=1
03-10 21:08:32.014  1638  1638 D wpa_supplicant: WPS: attr type=0x1041 len=1
03-10 21:08:32.014  1638  1638 D wpa_supplicant: WPS: attr type=0x1012 len=2
03-10 21:08:32.014  1638  1638 D wpa_supplicant: WPS: attr type=0x1053 len=2
03-10 21:08:32.014  1638  1638 D wpa_supplicant: WPS: attr type=0x103b len=1
03-10 21:08:32.014  1638  1638 D wpa_supplicant: WPS: attr type=0x1047 len=16
03-10 21:08:32.014  1638  1638 D wpa_supplicant: WPS: attr type=0x1021 len=26
03-10 21:08:32.014  1638  1638 D wpa_supplicant: WPS: attr type=0x1023 len=20
03-10 21:08:32.014  1638  1638 D wpa_supplicant: WPS: attr type=0x1024 len=15
03-10 21:08:32.014  1638  1638 D wpa_supplicant: WPS: attr type=0x1042 len=4
03-10 21:08:32.014  1638  1638 D wpa_supplicant: WPS: attr type=0x1054 len=8
03-10 21:08:32.014  1638  1638 D wpa_supplicant: WPS: attr type=0x1011 len=21
03-10 21:08:32.014  1638  1638 D wpa_supplicant: WPS: attr type=0x1008 len=2
03-10 21:08:32.014  1638  1638 D wpa_supplicant: WPS: attr type=0x103c len=1
03-10 21:08:32.014  1638  1638 D wpa_supplicant: WPS: attr type=0x104a len=1
03-10 21:08:32.014  1638  1638 D wpa_supplicant: WPS: attr type=0x1044 len=1
03-10 21:08:32.014  1638  1638 D wpa_supplicant: WPS: attr type=0x103b len=1
03-10 21:08:32.014  1638  1638 D wpa_supplicant: WPS: attr type=0x1047 len=16
03-10 21:08:32.014  1638  1638 D wpa_supplicant: WPS: attr type=0x1021 len=9
03-10 21:08:32.014  1638  1638 D wpa_supplicant: WPS: attr type=0x1023 len=5
03-10 21:08:32.014  1638  1638 D wpa_supplicant: WPS: attr type=0x1024 len=9
03-10 21:08:32.014  1638  1638 D wpa_supplicant: WPS: attr type=0x1042 len=15
03-10 21:08:32.014  1638  1638 D wpa_supplicant: WPS: attr type=0x1054 len=8
03-10 21:08:32.014  1638  1638 D wpa_supplicant: WPS: attr type=0x1011 len=8
03-10 21:08:32.014  1638  1638 D wpa_supplicant: WPS: attr type=0x1008 len=2
03-10 21:08:32.014  1638  1638 D wpa_supplicant: WPS: attr type=0x103c len=1
03-10 21:08:32.014  1638  1638 D wpa_supplicant: WPS: attr type=0x1049 len=6
03-10 21:08:32.014  1638  1638 D wpa_supplicant: WPS: WFA subelement id=0 len=1
03-10 21:08:32.014  1638  1638 D wpa_supplicant: WPS: attr type=0x104a len=1
03-10 21:08:32.014  1638  1638 D wpa_supplicant: WPS: attr type=0x1044 len=1
03-10 21:08:32.014  1638  1638 D wpa_supplicant: WPS: attr type=0x103b len=1
03-10 21:08:32.014  1638  1638 D wpa_supplicant: WPS: attr type=0x1047 len=16
03-10 21:08:32.014  1638  1638 D wpa_supplicant: WPS: attr type=0x1021 len=9
03-10 21:08:32.014  1638  1638 D wpa_supplicant: WPS: attr type=0x1023 len=5
03-10 21:08:32.014  1638  1638 D wpa_supplicant: WPS: attr type=0x1024 len=9
03-10 21:08:32.014  1638  1638 D wpa_supplicant: WPS: attr type=0x1042 len=15
03-10 21:08:32.014  1638  1638 D wpa_supplicant: WPS: attr type=0x1054 len=8
03-10 21:08:32.014  1638  1638 D wpa_supplicant: WPS: attr type=0x1011 len=8
03-10 21:08:32.014  1638  1638 D wpa_supplicant: WPS: attr type=0x1008 len=2
03-10 21:08:32.014  1638  1638 D wpa_supplicant: WPS: attr type=0x103c len=1
03-10 21:08:32.014  1638  1638 D wpa_supplicant: WPS: attr type=0x1049 len=6
03-10 21:08:32.014  1638  1638 D wpa_supplicant: WPS: WFA subelement id=0 len=1
03-10 21:08:32.014  1638  1638 D wpa_supplicant: WPS: attr type=0x104a len=1
03-10 21:08:32.014  1638  1638 D wpa_supplicant: WPS: attr type=0x1044 len=1
03-10 21:08:32.014  1638  1638 D wpa_supplicant: WPS: attr type=0x103b len=1
03-10 21:08:32.014  1638  1638 D wpa_supplicant: WPS: attr type=0x1047 len=16
03-10 21:08:32.014  1638  1638 D wpa_supplicant: WPS: attr type=0x1021 len=9
03-10 21:08:32.014  1638  1638 D wpa_supplicant: WPS: attr type=0x1023 len=5
03-10 21:08:32.014  1638  1638 D wpa_supplicant: WPS: attr type=0x1024 len=9
03-10 21:08:32.014  1638  1638 D wpa_supplicant: WPS: attr type=0x1042 len=15
03-10 21:08:32.014  1638  1638 D wpa_supplicant: WPS: attr type=0x1054 len=8
03-10 21:08:32.014  1638  1638 D wpa_supplicant: WPS: attr type=0x1011 len=8
03-10 21:08:32.014  1638  1638 D wpa_supplicant: WPS: attr type=0x1008 len=2
03-10 21:08:32.014  1638  1638 D wpa_supplicant: WPS: attr type=0x103c len=1
03-10 21:08:32.014  1638  1638 D wpa_supplicant: WPS: attr type=0x1049 len=6
03-10 21:08:32.014  1638  1638 D wpa_supplicant: WPS: WFA subelement id=0 len=1
03-10 21:08:32.014  1638  1638 D wpa_supplicant: WPS: attr type=0x104a len=1
03-10 21:08:32.014  1638  1638 D wpa_supplicant: WPS: attr type=0x1044 len=1
03-10 21:08:32.014  1638  1638 D wpa_supplicant: WPS: attr type=0x103b len=1
03-10 21:08:32.014  1638  1638 D wpa_supplicant: WPS: attr type=0x1047 len=16
03-10 21:08:32.014  1638  1638 D wpa_supplicant: WPS: attr type=0x1021 len=13
03-10 21:08:32.014  1638  1638 D wpa_supplicant: WPS: attr type=0x1023 len=5
03-10 21:08:32.014  1638  1638 D wpa_supplicant: WPS: attr type=0x1024 len=5
03-10 21:08:32.014  1638  1638 D wpa_supplicant: WPS: attr type=0x1042 len=2
03-10 21:08:32.014  1638  1638 D wpa_supplicant: WPS: attr type=0x1054 len=8
03-10 21:08:32.014  1638  1638 D wpa_supplicant: WPS: attr type=0x1011 len=5
03-10 21:08:32.014  1638  1638 D wpa_supplicant: WPS: attr type=0x1008 len=2
03-10 21:08:32.014  1638  1638 D wpa_supplicant: WPS: attr type=0x103c len=1
03-10 21:08:32.014  1638  1638 D wpa_supplicant: WPS: attr type=0x1049 len=6
03-10 21:08:32.014  1638  1638 D wpa_supplicant: WPS: WFA subelement id=0 len=1
03-10 21:08:32.014  1638  1638 D wpa_supplicant: WPS: attr type=0x104a len=1
03-10 21:08:32.014  1638  1638 D wpa_supplicant: WPS: attr type=0x1044 len=1
03-10 21:08:32.014  1638  1638 D wpa_supplicant: WPS: attr type=0x103b len=1
03-10 21:08:32.014  1638  1638 D wpa_supplicant: WPS: attr type=0x1047 len=16
03-10 21:08:32.014  1638  1638 D wpa_supplicant: WPS: attr type=0x1021 len=13
03-10 21:08:32.014  1638  1638 D wpa_supplicant: WPS: attr type=0x1023 len=5
03-10 21:08:32.014  1638  1638 D wpa_supplicant: WPS: attr type=0x1024 len=5
03-10 21:08:32.024  1638  1638 D wpa_supplicant: WPS: attr type=0x1042 len=2
03-10 21:08:32.024  1638  1638 D wpa_supplicant: WPS: attr type=0x1054 len=8
03-10 21:08:32.024  1638  1638 D wpa_supplicant: WPS: attr type=0x1011 len=5
03-10 21:08:32.024  1638  1638 D wpa_supplicant: WPS: attr type=0x1008 len=2
03-10 21:08:32.024  1638  1638 D wpa_supplicant: WPS: attr type=0x103c len=1
03-10 21:08:32.024  1638  1638 D wpa_supplicant: WPS: attr type=0x1049 len=6
03-10 21:08:32.024  1638  1638 D wpa_supplicant: WPS: WFA subelement id=0 len=1
03-10 21:08:32.024  1638  1638 D wpa_supplicant: WPS: attr type=0x104a len=1
03-10 21:08:32.024  1638  1638 D wpa_supplicant: WPS: attr type=0x1044 len=1
03-10 21:08:32.024  1638  1638 D wpa_supplicant: WPS: attr type=0x103b len=1
03-10 21:08:32.024  1638  1638 D wpa_supplicant: WPS: attr type=0x1047 len=16
03-10 21:08:32.024  1638  1638 D wpa_supplicant: WPS: attr type=0x1021 len=13
03-10 21:08:32.024  1638  1638 D wpa_supplicant: WPS: attr type=0x1023 len=5
03-10 21:08:32.024  1638  1638 D wpa_supplicant: WPS: attr type=0x1024 len=5
03-10 21:08:32.024  1638  1638 D wpa_supplicant: WPS: attr type=0x1042 len=2
03-10 21:08:32.024  1638  1638 D wpa_supplicant: WPS: attr type=0x1054 len=8
03-10 21:08:32.024  1638  1638 D wpa_supplicant: WPS: attr type=0x1011 len=5
03-10 21:08:32.024  1638  1638 D wpa_supplicant: WPS: attr type=0x1008 len=2
03-10 21:08:32.024  1638  1638 D wpa_supplicant: WPS: attr type=0x103c len=1
03-10 21:08:32.024  1638  1638 D wpa_supplicant: WPS: attr type=0x1049 len=6
03-10 21:08:32.024  1638  1638 D wpa_supplicant: WPS: WFA subelement id=0 len=1
03-10 21:08:32.034  1711  1711 D WifiHelper: wifi networks discovery succeed
03-10 21:08:32.034   922  1299 D LBSSystemMonitorService: handleMessage what - 4
03-10 21:08:32.034   922  1299 D Wiper_jni: Send Network Location.
03-10 21:08:32.034   922  1113 E LocSvc_api_v02: I/---> locClientSendReq line 2360 QMI_LOC_INJECT_WIFI_POSITION_REQ_V02
03-10 21:08:32.034   922  1162 E LocSvc_ApiV02: I/<--- void globalRespCb(locClientHandleType, uint32_t, locClientRespIndUnionType, void*) line 106 QMI_LOC_INJECT_WIFI_POSITION_REQ_V02
03-10 21:08:32.044  1142  1318 W XTWiFiLP: No fix from XTWiFi-PE
03-10 21:08:32.044  1142  1318 W XTWiFiLP: No WiFi scan result from XTWiFi-PE
03-10 21:08:32.044  1711  1711 D WifiServiceImpl: current wifi-networks:
03-10 21:08:32.044  1711  1711 D WifiServiceImpl: networks {
03-10 21:08:32.044  1711  1711 D WifiServiceImpl:   SSID: "AllieGO 5GHz"
03-10 21:08:32.044  1711  1711 D WifiServiceImpl:   BSSID: "e8:fc:af:ff:3a:33"
03-10 21:08:32.044  1711  1711 D WifiServiceImpl:   capabilities: "[WPA2-PSK-CCMP][WPS][ESS]"
03-10 21:08:32.044  1711  1711 D WifiServiceImpl:   level: -66
03-10 21:08:32.044  1711  1711 D WifiServiceImpl:   frequency: 5220
03-10 21:08:32.044  1711  1711 D WifiServiceImpl:   timestamp: 4264822477
03-10 21:08:32.044  1711  1711 D WifiServiceImpl: }
03-10 21:08:32.044  1711  1711 D WifiServiceImpl: networks {
03-10 21:08:32.044  1711  1711 D WifiServiceImpl:   SSID: "1502"
03-10 21:08:32.044  1711  1711 D WifiServiceImpl:   BSSID: "24:a4:3c:1a:db:20"
03-10 21:08:32.044  1711  1711 D WifiServiceImpl:   capabilities: "[WPA2-PSK-CCMP+TKIP][ESS]"
03-10 21:08:32.044  1711  1711 D WifiServiceImpl:   level: -64
03-10 21:08:32.044  1711  1711 D WifiServiceImpl:   frequency: 2412
03-10 21:08:32.044  1711  1711 D WifiServiceImpl:   timestamp: 4264822516
03-10 21:08:32.044  1711  1711 D WifiServiceImpl: }
03-10 21:08:32.044  1711  1711 D WifiServiceImpl: networks {
03-10 21:08:32.044  1711  1711 D WifiServiceImpl:   SSID: "Metro"
03-10 21:08:32.044  1711  1711 D WifiServiceImpl:   BSSID: "ec:43:f6:da:f7:48"
03-10 21:08:32.044  1711  1711 D WifiServiceImpl:   capabilities: "[WPA-PSK-TKIP][WPS][ESS]"
03-10 21:08:32.044  1711  1711 D WifiServiceImpl:   level: -75
03-10 21:08:32.044  1711  1711 D WifiServiceImpl:   frequency: 2412
03-10 21:08:32.044  1711  1711 D WifiServiceImpl:   timestamp: 4264822548
03-10 21:08:32.044  1711  1711 D WifiServiceImpl: }
03-10 21:08:32.044  1711  1711 D WifiServiceImpl: networks {
03-10 21:08:32.044  1711  1711 D WifiServiceImpl:   SSID: "Z510"
03-10 21:08:32.044  1711  1711 D WifiServiceImpl:   BSSID: "ea:28:5d:6b:09:e8"
03-10 21:08:32.044  1711  1711 D WifiServiceImpl:   capabilities: "[WPS-PIN][ESS]"
03-10 21:08:32.044  1711  1711 D WifiServiceImpl:   level: -37
03-10 21:08:32.044  1711  1711 D WifiServiceImpl:   frequency: 2457
03-10 21:08:32.044  1711  1711 D WifiServiceImpl:   timestamp: 4264822450
03-10 21:08:32.044  1711  1711 D WifiServiceImpl: }
03-10 21:08:32.044  1711  1711 D WifiServiceImpl: networks {
03-10 21:08:32.044  1711  1711 D WifiServiceImpl:   SSID: "kitnpf"
03-10 21:08:32.044  1711  1711 D WifiServiceImpl:   BSSID: "14:d6:4d:78:6b:54"
03-10 21:08:32.044  1711  1711 D WifiServiceImpl:   capabilities: "[WPA-PSK-CCMP+TKIP][WPA2-PSK-CCMP+TKIP][ESS]"
03-10 21:08:32.044  1711  1711 D WifiServiceImpl:   level: -74
03-10 21:08:32.044  1711  1711 D WifiServiceImpl:   frequency: 2437
03-10 21:08:32.044  1711  1711 D WifiServiceImpl:   timestamp: 4264822531
03-10 21:08:32.044  1711  1711 D WifiServiceImpl: }
03-10 21:08:32.044  1711  1711 D WifiServiceImpl: networks {
03-10 21:08:32.044  1711  1711 D WifiServiceImpl:   SSID: "max_test"
03-10 21:08:32.044  1711  1711 D WifiServiceImpl:   BSSID: "d4:bf:7f:50:25:d7"
03-10 21:08:32.044  1711  1711 D WifiServiceImpl:   capabilities: "[WPA2-PSK-CCMP][WPS][ESS]"
03-10 21:08:32.044  1711  1711 D WifiServiceImpl:   level: -63
03-10 21:08:32.044  1711  1711 D WifiServiceImpl:   frequency: 2452
03-10 21:08:32.044  1711  1711 D WifiServiceImpl:   timestamp: 4264822499
03-10 21:08:32.044  1711  1711 D WifiServiceImpl: }
03-10 21:08:32.044  1711  1711 D WifiServiceImpl: networks {
03-10 21:08:32.044  1711  1711 D WifiServiceImpl:   SSID: "AllieGO"
03-10 21:08:32.044  1711  1711 D WifiServiceImpl:   BSSID: "e8:fc:af:ff:3a:34"
03-10 21:08:32.044  1711  1711 D WifiServiceImpl:   capabilities: "[WPA2-PSK-CCMP][WPS][ESS]"
03-10 21:08:32.044  1711  1711 D WifiServiceImpl:   level: -72
03-10 21:08:32.044  1711  1711 D WifiServiceImpl:   frequency: 2432
03-10 21:08:32.044  1711  1711 D WifiServiceImpl:   timestamp: 4180902853
03-10 21:08:32.044  1711  1711 D WifiServiceImpl: }
03-10 21:08:32.044  1711  1711 D WifiServiceImpl: apMode: false
03-10 21:08:32.044  1711  1711 D WifiServiceImpl: Schedule getWifiNetworks in 180000
03-10 21:08:32.544   997   997 D StatusBar.NetworkController: refreshViews: Data not connected!! Set no data type icon / Roaming
03-10 21:08:32.544   997   997 D StatusBar.NetworkController: refreshViews connected={ wifi } level=0 combinedSignalIconId=0x7f0200a3/com.android.systemui:drawable/stat_sys_wifi_signal_3_fully mobileLabel= wifiLabel="AllieGO 5GHz"xxxxXXXXxxxxXXXX emergencyOnly=false combinedLabel="AllieGO 5GHz"xxxxXXXXxxxxXXXX mAirplaneMode=false mDataActivity=0 mPhoneSignalIconId=0x0 mQSPhoneSignalIconId=0x0 mDataDirectionIconId=0x0 mDataSignalIconId=0x0 mDataTypeIconId=0x0 mQSDataTypeIconId=0x0 mNoSimIconId=0x0 mWifiIconId=0x7f0200a3 mQSWifiIconId=0x7f02005b mBluetoothTetherIconId=0x10805cc
03-10 21:08:32.654  9382  9382 D QSEECOMAPI: : QSEECom_get_handle sb_length = 0x2000
03-10 21:08:32.654  9382  9382 D QSEECOMAPI: : App is not loaded in QSEE
03-10 21:08:32.654  9382  9382 E QSEECOMAPI: : Error::Cannot open the file /vendor/firmware/keymaster/keymaster.mdt
03-10 21:08:32.654  9382  9382 E QSEECOMAPI: : Error::Loading image failed with ret = -1
03-10 21:08:32.664  9382  9382 D QSEECOMAPI: : QSEECom_get_handle sb_length = 0x2000
03-10 21:08:32.664  9382  9382 D QSEECOMAPI: : App is not loaded in QSEE
03-10 21:08:32.664  9382  9382 E QSEECOMAPI: : Error::Cannot open the file /firmware/image/keymaste.mdt
03-10 21:08:32.664  9382  9382 E QSEECOMAPI: : Error::Loading image failed with ret = -1
03-10 21:08:32.664  9382  9382 E QCOMKeyMaster: Loading keymaster app failied
03-10 21:08:32.664  9382  9382 E keystore: could not open keymaster device in keystore (Operation not permitted)
03-10 21:08:32.664  9382  9382 E keystore: keystore keymaster could not be initialized; exiting
03-10 21:08:32.964   219   219 V WLAN_PSA: NL MSG, len[048], NL type[0x11] WNI type[0x5050] len[028]
03-10 21:08:34.754  1638  1638 D wpa_supplicant: RX ctrl_iface - hexdump(len=11): 53 49 47 4e 41 4c 5f 50 4f 4c 4c
03-10 21:08:34.754  1638  1638 D wpa_supplicant: wlan0: Control interface command 'SIGNAL_POLL'
03-10 21:08:34.764  1638  1638 D wpa_supplicant: nl80211: survey data missing!
03-10 21:08:35.084  2017  2032 E QcrilMsgTunnelSocket: IOException - java.io.IOException: No such file or directory Reason: No such file or directory
03-10 21:08:35.414  1638  1638 D wpa_supplicant: p2p0: BSS: Remove id 27 BSSID e8:fc:af:ff:3a:33 SSID 'AllieGO 5GHz' due to wpa_bss_flush_by_age
03-10 21:08:35.414  1638  1638 D wpa_supplicant: CTRL_IFACE monitor send - hexdump(len=39): 2f 64 61 74 61 2f 6d 69 73 63 2f 77 69 66 69 2f 73 6f 63 6b 65 74 73 2f 77 70 61 5f 63 74 72 6c ...
03-10 21:08:37.554   997   997 D StatusBar.NetworkController: refreshViews: Data not connected!! Set no data type icon / Roaming
03-10 21:08:37.554   997   997 D StatusBar.NetworkController: refreshViews connected={ wifi } level=0 combinedSignalIconId=0x7f0200a3/com.android.systemui:drawable/stat_sys_wifi_signal_3_fully mobileLabel= wifiLabel="AllieGO 5GHz"xxxxXXXXxxxxXXXX emergencyOnly=false combinedLabel="AllieGO 5GHz"xxxxXXXXxxxxXXXX mAirplaneMode=false mDataActivity=0 mPhoneSignalIconId=0x0 mQSPhoneSignalIconId=0x0 mDataDirectionIconId=0x0 mDataSignalIconId=0x0 mDataTypeIconId=0x0 mQSDataTypeIconId=0x0 mNoSimIconId=0x0 mWifiIconId=0x7f0200a3 mQSWifiIconId=0x7f02005b mBluetoothTetherIconId=0x10805cc
03-10 21:08:37.704  9384  9384 D QSEECOMAPI: : QSEECom_get_handle sb_length = 0x2000
03-10 21:08:37.704  9384  9384 D QSEECOMAPI: : App is not loaded in QSEE
03-10 21:08:37.704  9384  9384 E QSEECOMAPI: : Error::Cannot open the file /vendor/firmware/keymaster/keymaster.mdt
03-10 21:08:37.704  9384  9384 E QSEECOMAPI: : Error::Loading image failed with ret = -1
03-10 21:08:37.714  9384  9384 D QSEECOMAPI: : QSEECom_get_handle sb_length = 0x2000
03-10 21:08:37.714  9384  9384 D QSEECOMAPI: : App is not loaded in QSEE
03-10 21:08:37.714  9384  9384 E QSEECOMAPI: : Error::Cannot open the file /firmware/image/keymaste.mdt
03-10 21:08:37.714  9384  9384 E QSEECOMAPI: : Error::Loading image failed with ret = -1
03-10 21:08:37.714  9384  9384 E QCOMKeyMaster: Loading keymaster app failied
03-10 21:08:37.714  9384  9384 E keystore: could not open keymaster device in keystore (Operation not permitted)
03-10 21:08:37.714  9384  9384 E keystore: keystore keymaster could not be initialized; exiting
03-10 21:08:37.774  1638  1638 D wpa_supplicant: RX ctrl_iface - hexdump(len=11): 53 49 47 4e 41 4c 5f 50 4f 4c 4c
03-10 21:08:37.774  1638  1638 D wpa_supplicant: wlan0: Control interface command 'SIGNAL_POLL'
03-10 21:08:37.774  1638  1638 D wpa_supplicant: nl80211: survey data missing!
03-10 21:08:37.974   219   219 V WLAN_PSA: NL MSG, len[048], NL type[0x11] WNI type[0x5050] len[028]
03-10 21:08:38.554   997   997 D StatusBar.NetworkController: refreshViews: Data not connected!! Set no data type icon / Roaming
03-10 21:08:38.554   997   997 D StatusBar.NetworkController: refreshViews connected={ wifi } level=0 combinedSignalIconId=0x7f0200a3/com.android.systemui:drawable/stat_sys_wifi_signal_3_fully mobileLabel= wifiLabel="AllieGO 5GHz"xxxxXXXXxxxxXXXX emergencyOnly=false combinedLabel="AllieGO 5GHz"xxxxXXXXxxxxXXXX mAirplaneMode=false mDataActivity=0 mPhoneSignalIconId=0x0 mQSPhoneSignalIconId=0x0 mDataDirectionIconId=0x0 mDataSignalIconId=0x0 mDataTypeIconId=0x0 mQSDataTypeIconId=0x0 mNoSimIconId=0x0 mWifiIconId=0x7f0200a3 mQSWifiIconId=0x7f02005b mBluetoothTetherIconId=0x10805cc
03-10 21:08:39.084  2017  2032 E QcrilMsgTunnelSocket: IOException - java.io.IOException: No such file or directory Reason: No such file or directory
03-10 21:08:40.784  1638  1638 D wpa_supplicant: RX ctrl_iface - hexdump(len=11): 53 49 47 4e 41 4c 5f 50 4f 4c 4c
03-10 21:08:40.784  1638  1638 D wpa_supplicant: wlan0: Control interface command 'SIGNAL_POLL'
03-10 21:08:40.794  1638  1638 D wpa_supplicant: nl80211: survey data missing!
03-10 21:08:40.794   997   997 D StatusBar.NetworkController: refreshViews: Data not connected!! Set no data type icon / Roaming
03-10 21:08:40.794   997   997 D StatusBar.NetworkController: refreshViews connected={ wifi } level=0 combinedSignalIconId=0x7f0200a2/com.android.systemui:drawable/stat_sys_wifi_signal_2_fully mobileLabel= wifiLabel="AllieGO 5GHz"xxxxXXXXxxxxXXXX emergencyOnly=false combinedLabel="AllieGO 5GHz"xxxxXXXXxxxxXXXX mAirplaneMode=false mDataActivity=0 mPhoneSignalIconId=0x0 mQSPhoneSignalIconId=0x0 mDataDirectionIconId=0x0 mDataSignalIconId=0x0 mDataTypeIconId=0x0 mQSDataTypeIconId=0x0 mNoSimIconId=0x0 mWifiIconId=0x7f0200a2 mQSWifiIconId=0x7f02005a mBluetoothTetherIconId=0x10805cc
03-10 21:08:42.754  9385  9385 D QSEECOMAPI: : QSEECom_get_handle sb_length = 0x2000
03-10 21:08:42.754  9385  9385 D QSEECOMAPI: : App is not loaded in QSEE
03-10 21:08:42.754  9385  9385 E QSEECOMAPI: : Error::Cannot open the file /vendor/firmware/keymaster/keymaster.mdt
03-10 21:08:42.754  9385  9385 E QSEECOMAPI: : Error::Loading image failed with ret = -1
03-10 21:08:42.774  9385  9385 D QSEECOMAPI: : QSEECom_get_handle sb_length = 0x2000
03-10 21:08:42.774  9385  9385 D QSEECOMAPI: : App is not loaded in QSEE
03-10 21:08:42.774  9385  9385 E QSEECOMAPI: : Error::Cannot open the file /firmware/image/keymaste.mdt
03-10 21:08:42.774  9385  9385 E QSEECOMAPI: : Error::Loading image failed with ret = -1
03-10 21:08:42.774  9385  9385 E QCOMKeyMaster: Loading keymaster app failied
03-10 21:08:42.774  9385  9385 E keystore: could not open keymaster device in keystore (Operation not permitted)
03-10 21:08:42.774  9385  9385 E keystore: keystore keymaster could not be initialized; exiting
03-10 21:08:42.984   219   219 V WLAN_PSA: NL MSG, len[048], NL type[0x11] WNI type[0x5050] len[028]
03-10 21:08:43.084  2017  2032 E QcrilMsgTunnelSocket: IOException - java.io.IOException: No such file or directory Reason: No such file or directory
03-10 21:08:43.804  1638  1638 D wpa_supplicant: RX ctrl_iface - hexdump(len=11): 53 49 47 4e 41 4c 5f 50 4f 4c 4c
03-10 21:08:43.804  1638  1638 D wpa_supplicant: wlan0: Control interface command 'SIGNAL_POLL'
03-10 21:08:43.814  1638  1638 D wpa_supplicant: nl80211: survey data missing!
03-10 21:08:43.814   997   997 D StatusBar.NetworkController: refreshViews: Data not connected!! Set no data type icon / Roaming
03-10 21:08:43.814   997   997 D StatusBar.NetworkController: refreshViews connected={ wifi } level=0 combinedSignalIconId=0x7f0200a3/com.android.systemui:drawable/stat_sys_wifi_signal_3_fully mobileLabel= wifiLabel="AllieGO 5GHz"xxxxXXXXxxxxXXXX emergencyOnly=false combinedLabel="AllieGO 5GHz"xxxxXXXXxxxxXXXX mAirplaneMode=false mDataActivity=0 mPhoneSignalIconId=0x0 mQSPhoneSignalIconId=0x0 mDataDirectionIconId=0x0 mDataSignalIconId=0x0 mDataTypeIconId=0x0 mQSDataTypeIconId=0x0 mNoSimIconId=0x0 mWifiIconId=0x7f0200a3 mQSWifiIconId=0x7f02005b mBluetoothTetherIconId=0x10805cc
03-10 21:08:44.574   997   997 D StatusBar.NetworkController: refreshViews: Data not connected!! Set no data type icon / Roaming
