04-22 19:54:04.432  8362  8477 D Retrofit: Content-Security-Policy-Report-Only: default-src https:; script-src https: 'unsafe-eval' 'unsafe-inline'; style-src https: 'unsafe-inline'; img-src https: data:; font-src https: data:; report-uri /csp-report
04-22 19:54:04.433  8362  8477 D Retrofit: OkHttp-Selected-Protocol: http/1.1
04-22 19:54:04.433  8362  8477 D Retrofit: OkHttp-Sent-Millis: 1461336837653
04-22 19:54:04.433  8362  8477 D Retrofit: OkHttp-Received-Millis: 1461336844425
04-22 19:54:04.442  8362  8477 D Retrofit: 
04-22 19:54:04.442  8362  8477 D Retrofit: 	**** 2400 
04-22 19:54:04.442  8362  8477 D Retrofit: {$19.33 ("ALLirrfh {(
04-22 19:54:04.442  8362  8477 D Retrofit: <--- END HTTP (74-byte body)
04-22 19:54:04.455  8362  8362 D BackgroundService: onTaskFinished and listeners size is 1
04-22 19:54:04.456  8362  8362 I BaseActivity: hideProgressDialog
04-22 19:54:04.478  8362  8362 I BackgroundTask: hasError false
04-22 19:54:04.494   664   825 W InputMethodManagerService: Window already focused, ignoring focus gain of: com.android.internal.view.IInputMethodClient$Stub$Proxy@faa229c attribute=null, token = android.os.BinderProxy@f4747c2
04-22 19:54:04.501  8362  8362 I BackgroundServiceActivity: onStart
04-22 19:54:04.533  8362  8362 I BackgroundServiceActivity: onServiceConnected
04-22 19:54:04.534  8362  8362 I BackgroundService: addListener
04-22 19:54:04.534  8362  8362 D BackgroundService: Listeners count = 2
04-22 19:54:04.534  8362  8362 D StorageActivity: onServiceConnected
04-22 19:54:04.534  8362  8362 I BaseActivity: showProgressOverlay
04-22 19:54:04.534  8362  8362 I BaseActivity: showProgressOverlay is not null
04-22 19:54:04.535  8362  8362 I BackgroundServiceActivity: addTask
04-22 19:54:04.535  8362  8362 I BackgroundService: addTask com.icrealtime.allie.tasks.GetUserTask
04-22 19:54:04.536  8362  8362 D BackgroundService: onTaskStarted and listeners size is 2
04-22 19:54:04.537  8362  8489 I BackgroundThread: doInBackground
04-22 19:54:04.538  8362  8489 D Retrofit: ---> HTTP GET https://staging.alliecam.com/api/users/me
04-22 19:54:04.538  8362  8489 D Retrofit: Authorization: Basic ZHBsZWFtY28rYW5kckBpY3JlYWx0ZWNoLmNvbTpkeW1vbjAxMDE=
04-22 19:54:04.538  8362  8489 D Retrofit: ---> END HTTP (no body)
04-22 19:54:04.579  1077  1077 I Keyboard.Facilitator: onFinishInput()
04-22 19:54:04.841  8362  8362 I BackgroundServiceActivity: onStop
04-22 19:54:04.841  8362  8362 I BackgroundService: removeListener
04-22 19:54:04.841  8362  8362 D BackgroundService: Listeners count = 1
04-22 19:54:06.575  8362  8489 D Retrofit: <--- HTTP 200 https://staging.alliecam.com/api/users/me (2036ms)
04-22 19:54:06.575  8362  8489 D Retrofit: Content-Type: application/x-protobuf
04-22 19:54:06.575  8362  8489 D Retrofit: Transfer-Encoding: chunked
04-22 19:54:06.575  8362  8489 D Retrofit: Connection: keep-alive
04-22 19:54:06.576  8362  8489 D Retrofit: Keep-Alive: timeout=20
04-22 19:54:06.576  8362  8489 D Retrofit: X-Powered-By: ASP.NET
04-22 19:54:06.576  8362  8489 D Retrofit: Cache-Control: no-cache, no-store, private
04-22 19:54:06.576  8362  8489 D Retrofit: Date: Fri, 22 Apr 2016 14:54:06 GMT
04-22 19:54:06.576  8362  8489 D Retrofit: Set-Cookie: device_view=full; expires=Sat, 21-May-2016 19:00:00 GMT; Max-Age=2520354; path=/; httponly
04-22 19:54:06.576  8362  8489 D Retrofit: Server: Microsoft-IIS/8.5
04-22 19:54:06.576  8362  8489 D Retrofit: X-AspNet-Version: 5.0.40359
04-22 19:54:06.577  8362  8489 D Retrofit: X-AspNetMvc-Version: 4.0
04-22 19:54:06.577  8362  8489 D Retrofit: Strict-Transport-Security: max-age=63072000; includeSubDomains;
04-22 19:54:06.577  8362  8489 D Retrofit: Content-Security-Policy-Report-Only: default-src https:; script-src https: 'unsafe-eval' 'unsafe-inline'; style-src https: 'unsafe-inline'; img-src https: data:; font-src https: data:; report-uri /csp-report
04-22 19:54:06.577  8362  8489 D Retrofit: OkHttp-Selected-Protocol: http/1.1
04-22 19:54:06.577  8362  8489 D Retrofit: OkHttp-Sent-Millis: 1461336844538
04-22 19:54:06.577  8362  8489 D Retrofit: OkHttp-Received-Millis: 1461336846574
04-22 19:54:06.586  8362  8489 D Retrofit: 
04-22 19:54:06.586  8362  8489 D Retrofit: 	**** 2400 
04-22 19:54:06.586  8362  8489 D Retrofit: {$19.33 ("ALLirrfh {(
04-22 19:54:06.586  8362  8489 D Retrofit: <--- END HTTP (74-byte body)
04-22 19:54:06.597  8362  8362 D BackgroundService: onTaskFinished and listeners size is 1
04-22 19:54:06.598  8362  8362 I StorageActivity: Task finished -8061921287027698723
04-22 19:54:06.598  8362  8362 I BaseActivity: hideProgressOverlay
04-22 19:54:06.599  8362  8362 I BackgroundTask: hasError false
04-22 19:54:06.634  8362  8362 I BackgroundServiceActivity: addTask
04-22 19:54:06.634  8362  8362 I BackgroundService: addTask com.icrealtime.allie.tasks.GetPaymentMethodTask
04-22 19:54:06.634  8362  8362 D BackgroundService: onTaskStarted and listeners size is 1
04-22 19:54:06.643  8362  8472 I BackgroundThread: doInBackground
04-22 19:54:06.643  8362  8472 D Retrofit: ---> HTTP GET https://staging.alliecam.com/api/users/me/payment-method
04-22 19:54:06.643  8362  8472 D Retrofit: Authorization: Basic ZHBsZWFtY28rYW5kckBpY3JlYWx0ZWNoLmNvbTpkeW1vbjAxMDE=
04-22 19:54:06.643  8362  8472 D Retrofit: ---> END HTTP (no body)
04-22 19:54:08.419  8362  8472 D Retrofit: <--- HTTP 200 https://staging.alliecam.com/api/users/me/payment-method (1774ms)
04-22 19:54:08.419  8362  8472 D Retrofit: Content-Type: application/x-protobuf
04-22 19:54:08.419  8362  8472 D Retrofit: Transfer-Encoding: chunked
04-22 19:54:08.419  8362  8472 D Retrofit: Connection: keep-alive
04-22 19:54:08.419  8362  8472 D Retrofit: Keep-Alive: timeout=20
04-22 19:54:08.419  8362  8472 D Retrofit: X-Powered-By: ASP.NET
04-22 19:54:08.420  8362  8472 D Retrofit: Cache-Control: no-cache, no-store, private
04-22 19:54:08.423  8362  8472 D Retrofit: Date: Fri, 22 Apr 2016 14:54:08 GMT
04-22 19:54:08.424  8362  8472 D Retrofit: Set-Cookie: device_view=full; expires=Sat, 21-May-2016 19:00:00 GMT; Max-Age=2520352; path=/; httponly
04-22 19:54:08.424  8362  8472 D Retrofit: Server: Microsoft-IIS/8.5
04-22 19:54:08.424  8362  8472 D Retrofit: X-AspNet-Version: 5.0.40359
04-22 19:54:08.424  8362  8472 D Retrofit: X-AspNetMvc-Version: 4.0
04-22 19:54:08.424  8362  8472 D Retrofit: Strict-Transport-Security: max-age=63072000; includeSubDomains;
04-22 19:54:08.424  8362  8472 D Retrofit: Content-Security-Policy-Report-Only: default-src https:; script-src https: 'unsafe-eval' 'unsafe-inline'; style-src https: 'unsafe-inline'; img-src https: data:; font-src https: data:; report-uri /csp-report
04-22 19:54:08.424  8362  8472 D Retrofit: OkHttp-Selected-Protocol: http/1.1
04-22 19:54:08.425  8362  8472 D Retrofit: OkHttp-Sent-Millis: 1461336846645
04-22 19:54:08.425  8362  8472 D Retrofit: OkHttp-Received-Millis: 1461336848418
04-22 19:54:08.427  8362  8472 D Retrofit: 	**** 2400 
04-22 19:54:08.427  8362  8472 D Retrofit: <--- END HTTP (21-byte body)
04-22 19:54:08.428  8362  8362 D BackgroundService: onTaskFinished and listeners size is 1
04-22 19:54:08.428  8362  8362 I StorageActivity: Task finished -6204063451520994066
04-22 19:54:08.428  8362  8362 I BackgroundTask: hasError false
04-22 19:54:16.565  8362  8362 I BaseActivity: showProgressDialog
04-22 19:54:16.565  8362  8362 I BaseActivity: hideProgressDialog
04-22 19:54:16.565  8362  8362 I BackgroundServiceActivity: addTask
04-22 19:54:16.566  8362  8362 I BackgroundService: addTask com.icrealtime.allie.tasks.StorageTask
04-22 19:54:16.566  8362  8362 D BackgroundService: onTaskStarted and listeners size is 1
04-22 19:54:16.569  8362  8477 I BackgroundThread: doInBackground
04-22 19:54:16.569   242   711 D audio_hw_primary: out_set_parameters: enter: usecase(0: playback) kvpairs: routing=2 out->devices(2) adev->mode(0)
04-22 19:54:16.604  8362  8477 D Retrofit: ---> HTTP POST https://staging.alliecam.com/api/users/me/storage
04-22 19:54:16.604  8362  8477 D Retrofit: Authorization: Basic ZHBsZWFtY28rYW5kckBpY3JlYWx0ZWNoLmNvbTpkeW1vbjAxMDE=
04-22 19:54:16.604  8362  8477 D Retrofit: Content-Type: application/x-www-form-urlencoded; charset=UTF-8
04-22 19:54:16.604  8362  8477 D Retrofit: Content-Length: 51
04-22 19:54:16.605  8362  8477 D Retrofit: cameras[0][storage_ratio]=123.0&cameras[0][id]=1881
04-22 19:54:16.605  8362  8477 D Retrofit: ---> END HTTP (51-byte body)
04-22 19:54:16.754   664   673 I art     : Background partial concurrent mark sweep GC freed 96044(5MB) AllocSpace objects, 20(400KB) LOS objects, 33% free, 24MB/37MB, paused 1.171ms total 182.357ms
04-22 19:54:18.865  8362  8477 D Retrofit: <--- HTTP 200 https://staging.alliecam.com/api/users/me/storage (2259ms)
04-22 19:54:18.865  8362  8477 D Retrofit: Content-Type: application/x-protobuf
04-22 19:54:18.865  8362  8477 D Retrofit: Transfer-Encoding: chunked
04-22 19:54:18.865  8362  8477 D Retrofit: Connection: keep-alive
04-22 19:54:18.865  8362  8477 D Retrofit: Keep-Alive: timeout=20
04-22 19:54:18.866  8362  8477 D Retrofit: X-Powered-By: ASP.NET
04-22 19:54:18.866  8362  8477 D Retrofit: Cache-Control: no-cache, no-store, private
04-22 19:54:18.866  8362  8477 D Retrofit: Date: Fri, 22 Apr 2016 14:54:18 GMT
04-22 19:54:18.866  8362  8477 D Retrofit: Set-Cookie: device_view=full; expires=Sat, 21-May-2016 19:00:00 GMT; Max-Age=2520342; path=/; httponly
04-22 19:54:18.866  8362  8477 D Retrofit: Server: Microsoft-IIS/8.5
04-22 19:54:18.866  8362  8477 D Retrofit: X-AspNet-Version: 5.0.40359
04-22 19:54:18.866  8362  8477 D Retrofit: X-AspNetMvc-Version: 4.0
04-22 19:54:18.866  8362  8477 D Retrofit: Strict-Transport-Security: max-age=63072000; includeSubDomains;
04-22 19:54:18.867  8362  8477 D Retrofit: Content-Security-Policy-Report-Only: default-src https:; script-src https: 'unsafe-eval' 'unsafe-inline'; style-src https: 'unsafe-inline'; img-src https: data:; font-src https: data:; report-uri /csp-report
04-22 19:54:18.868  8362  8477 D Retrofit: OkHttp-Selected-Protocol: http/1.1
04-22 19:54:18.868  8362  8477 D Retrofit: OkHttp-Sent-Millis: 1461336856650
04-22 19:54:18.868  8362  8477 D Retrofit: OkHttp-Received-Millis: 1461336858864
04-22 19:54:18.869  8362  8477 D Retrofit: 
04-22 19:54:18.869  8362  8477 D Retrofit: 	**** 2400 
04-22 19:54:18.869  8362  8477 D Retrofit: {$19.33 ("ALLirrfh {(
04-22 19:54:18.869  8362  8477 D Retrofit: <--- END HTTP (74-byte body)
04-22 19:54:18.876  8362  8362 D BackgroundService: onTaskFinished and listeners size is 1
04-22 19:54:18.876  8362  8362 I StorageActivity: Task finished -8359030889461425438
04-22 19:54:18.876  8362  8362 I BaseActivity: hideProgressDialog
04-22 19:54:18.901  8362  8362 I BackgroundTask: hasError false
04-22 19:54:18.915   664   825 W InputMethodManagerService: Window already focused, ignoring focus gain of: com.android.internal.view.IInputMethodClient$Stub$Proxy@8e5dc1e attribute=null, token = android.os.BinderProxy@980a15e
04-22 19:54:18.949  8362  8362 I BackgroundServiceActivity: onStart
04-22 19:54:18.983  8362  8362 I BackgroundServiceActivity: onServiceConnected
04-22 19:54:18.983  8362  8362 I BackgroundService: addListener
04-22 19:54:18.983  8362  8362 D BackgroundService: Listeners count = 2
04-22 19:54:19.012  1077  1077 I Keyboard.Facilitator: onFinishInput()
04-22 19:54:19.274  8362  8362 I BackgroundServiceActivity: onStop
04-22 19:54:19.274  8362  8362 I BackgroundService: removeListener
04-22 19:54:19.274  8362  8362 D BackgroundService: Listeners count = 1
04-22 19:54:22.966   242   711 D audio_hw_primary: out_set_parameters: enter: usecase(0: playback) kvpairs: routing=2 out->devices(2) adev->mode(0)
04-22 19:54:22.972  8362  8362 I BackgroundServiceActivity: onStart
04-22 19:54:22.973  8362  8362 I MainActivity: onResume
04-22 19:54:23.004  8362  8362 I NavigationDrawerAdapter: onBindViewHolder
04-22 19:54:23.005  8362  8362 I NavigationDrawerAdapter: onBindViewHolder
04-22 19:54:23.005  8362  8362 I NavigationDrawerAdapter: onBindViewHolder
04-22 19:54:23.006  8362  8362 I NavigationDrawerAdapter: onBindViewHolder
04-22 19:54:23.006  8362  8362 I NavigationDrawerAdapter: onBindViewHolder
04-22 19:54:23.011  8362  8362 I BackgroundServiceActivity: onServiceConnected
04-22 19:54:23.012  8362  8362 I BackgroundService: addListener
04-22 19:54:23.012  8362  8362 D BackgroundService: Listeners count = 2
04-22 19:54:23.012  8362  8362 I MyCamerasFragment: onServiceConnected
04-22 19:54:23.012  8362  8362 I MyCamerasFragment: handleCamerasListTaskState
04-22 19:54:23.012  8362  8362 D MyCamerasFragment: The task was finished already
04-22 19:54:23.012  8362  8362 I MyCamerasFragment: onServiceConnected
04-22 19:54:23.012  8362  8362 I MyCamerasFragment: handleCamerasListTaskState
04-22 19:54:23.012  8362  8362 D MyCamerasFragment: The task was finished already
04-22 19:54:23.012  8362  8362 I MyCamerasFragment: onServiceConnected
04-22 19:54:23.012  8362  8362 I MyCamerasFragment: handleCamerasListTaskState
04-22 19:54:23.012  8362  8362 D MyCamerasFragment: The task was finished already
04-22 19:54:23.012  8362  8362 I MyCamerasFragment: onServiceConnected
04-22 19:54:23.012  8362  8362 I MyCamerasFragment: handleCamerasListTaskState
04-22 19:54:23.012  8362  8362 D MyCamerasFragment: The task was never run or needs to rerun
04-22 19:54:23.012  8362  8362 D MyCamerasFragment: Cancel delayed reload
04-22 19:54:23.012  8362  8362 I MyCamerasFragment: loadCameras
04-22 19:54:23.012  8362  8362 I BaseActivity: showProgressOverlay
04-22 19:54:23.012  8362  8362 I BaseActivity: showProgressOverlay is not null
04-22 19:54:23.012  8362  8362 I BackgroundServiceActivity: addTask
04-22 19:54:23.012  8362  8362 I BackgroundService: addTask com.icrealtime.allie.tasks.CamerasListTask
04-22 19:54:23.013  8362  8362 D BackgroundService: onTaskStarted and listeners size is 2
04-22 19:54:23.013  8362  8362 I MyCamerasFragment: onTaskStarted
04-22 19:54:23.013  8362  8362 I MyCamerasFragment: onTaskStarted
04-22 19:54:23.013  8362  8362 I MyCamerasFragment: onTaskStarted
04-22 19:54:23.013  8362  8362 I MyCamerasFragment: onTaskStarted
04-22 19:54:23.013  8362  8362 I FindCamerasFragment: onTaskStarted
04-22 19:54:23.013  8362  8362 I FindCamerasFragment: onTaskStarted
04-22 19:54:23.013  8362  8362 I FindCamerasFragment: onTaskStarted
04-22 19:54:23.013  8362  8362 I FindCamerasFragment: onServiceConnected
04-22 19:54:23.013  8362  8362 I FindCamerasFragment: onServiceConnected
04-22 19:54:23.013  8362  8362 I FindCamerasFragment: onServiceConnected
04-22 19:54:23.014  1077  1077 I Keyboard.Facilitator: onFinishInput()
04-22 19:54:23.022  8362  8489 I BackgroundThread: doInBackground
04-22 19:54:23.034  8362  8489 D Retrofit: ---> HTTP GET https://staging.alliecam.com/api/users/me/cameras
04-22 19:54:23.034  8362  8489 D Retrofit: Authorization: Basic ZHBsZWFtY28rYW5kckBpY3JlYWx0ZWNoLmNvbTpkeW1vbjAxMDE=
04-22 19:54:23.050  8362  8489 D Retrofit: ---> END HTTP (no body)
04-22 19:54:23.319  8362  8362 I BackgroundServiceActivity: onStop
04-22 19:54:23.319  8362  8362 I BackgroundService: removeListener
04-22 19:54:23.319  8362  8362 D BackgroundService: Listeners count = 1
04-22 19:54:24.684   664   748 D ConnectivityService: notifyType CAP_CHANGED for NetworkAgentInfo [WIFI () - 101]
04-22 19:54:25.013  8362  8489 D Retrofit: <--- HTTP 200 https://staging.alliecam.com/api/users/me/cameras (1962ms)
04-22 19:54:25.013  8362  8489 D Retrofit: Content-Type: application/x-protobuf
04-22 19:54:25.013  8362  8489 D Retrofit: Transfer-Encoding: chunked
04-22 19:54:25.013  8362  8489 D Retrofit: Connection: keep-alive
04-22 19:54:25.013  8362  8489 D Retrofit: Keep-Alive: timeout=20
04-22 19:54:25.014  8362  8489 D Retrofit: X-Powered-By: ASP.NET
04-22 19:54:25.014  8362  8489 D Retrofit: Cache-Control: no-cache, no-store, private
04-22 19:54:25.014  8362  8489 D Retrofit: Date: Fri, 22 Apr 2016 14:54:24 GMT
04-22 19:54:25.015  8362  8489 D Retrofit: Set-Cookie: device_view=full; expires=Sat, 21-May-2016 19:00:00 GMT; Max-Age=2520336; path=/; httponly
04-22 19:54:25.015  8362  8489 D Retrofit: Server: Microsoft-IIS/8.5
04-22 19:54:25.015  8362  8489 D Retrofit: X-AspNet-Version: 5.0.40359
04-22 19:54:25.015  8362  8489 D Retrofit: X-AspNetMvc-Version: 4.0
04-22 19:54:25.015  8362  8489 D Retrofit: Strict-Transport-Security: max-age=63072000; includeSubDomains;
04-22 19:54:25.015  8362  8489 D Retrofit: Content-Security-Policy-Report-Only: default-src https:; script-src https: 'unsafe-eval' 'unsafe-inline'; style-src https: 'unsafe-inline'; img-src https: data:; font-src https: data:; report-uri /csp-report
04-22 19:54:25.015  8362  8489 D Retrofit: OkHttp-Selected-Protocol: http/1.1
04-22 19:54:25.016  8362  8489 D Retrofit: OkHttp-Sent-Millis: 1461336863064
04-22 19:54:25.016  8362  8489 D Retrofit: OkHttp-Received-Millis: 1461336865011
04-22 19:54:25.019  8362  8489 D Retrofit: 
04-22 19:54:25.019  8362  8489 D Retrofit: ?"1503-5G*W
04-22 19:54:25.019  8362  8489 D Retrofit: 11155101833$v207-20151218.153322-f4f388c-staging192.168.7.116"cc:1b:e0:60:03:6c*2KP9tGwuB8B%JAsia/Yekaterinburg *ALLirrfh2
04-22 19:54:25.019  8362  8489 D Retrofit: {$19.33 (:khttps://staging.alliecam.com/images/cache/resolve/camera_%ux%u/5d3d0b1d49b6d020ac34f895e870bb80f06aed57.jpgBNhttps://staging.alliecam.com/playlist/5e04c5b3745ba03a02721742fb599700/%u.m3u8JAllie-11155101833RALLIE-D0.0.34*0`{Kids PlayingNhttps://alliecam-production.s3.amazonaws.com/demo/kidsplaying/kidsplaying.m3u8"Uhttps://alliecam-production.s3.amazonaws.com/demo/kidsplaying/kidsplaying_preview.jpg
04-22 19:54:25.019  8362  8489 D Retrofit: HelicopterLhttps://alliecam-production.s3.amazonaws.com/demo/helicopter/helicopter.m3u8"Shttps://alliecam-production.s3.amazonaws.com/demo/helicopter/helicopter_preview.jpg
04-22 19:54:25.019  8362  8489 D Retrofit: <--- END HTTP (799-byte body)
04-22 19:54:25.026  8362  8362 D BackgroundService: onTaskFinished and listeners size is 1
04-22 19:54:25.026  8362  8362 I MyCamerasFragment: onTaskFinished
04-22 19:54:25.026  8362  8362 I MyCamerasFragment: onTaskFinished
04-22 19:54:25.026  8362  8362 I MyCamerasFragment: onTaskFinished
04-22 19:54:25.026  8362  8362 I MyCamerasFragment: onTaskFinished
04-22 19:54:25.027  8362  8362 I BaseActivity: hideProgressOverlay
04-22 19:54:25.029  8362  8362 I BackgroundTask: hasError false
04-22 19:54:25.034  8362  8362 I FindCamerasFragment: onTaskFinished
04-22 19:54:25.034  8362  8362 I FindCamerasFragment: onTaskFinished
04-22 19:54:25.034  8362  8362 I FindCamerasFragment: onTaskFinished
04-22 19:54:25.042  8362  8362 D Picasso : Main        created      [R140] Request{https://staging.alliecam.com/images/cache/resolve/camera_1280x720/5d3d0b1d49b6d020ac34f895e870bb80f06aed57.jpg resize(1504,846) centerCrop}
04-22 19:54:25.046  8362  8362 D Picasso : Main        created      [R141] Request{https://alliecam-production.s3.amazonaws.com/demo/kidsplaying/kidsplaying_preview.jpg resize(1504,846) centerCrop}
04-22 19:54:25.047  8362  8456 D Picasso : Dispatcher  enqueued     [R140]+5ms 
04-22 19:54:25.047  8362  8456 D Picasso : Dispatcher  enqueued     [R141]+1ms 
04-22 19:54:25.048  8362  8480 D Picasso : Hunter      executing    [R140]+6ms 
04-22 19:54:25.048  8362  8478 D Picasso : Hunter      executing    [R141]+2ms 
04-22 19:54:25.111  8362  8478 D Picasso : Hunter      decoded      [R141]+65ms 
04-22 19:54:25.137  8362  8478 D Picasso : Hunter      transformed  [R141]+90ms 
04-22 19:54:25.137  8362  8456 D Picasso : Dispatcher  batched      [R141]+91ms for completion
04-22 19:54:25.370  8362  8456 D Picasso : Dispatcher  delivered    [R141]+324ms 
04-22 19:54:25.374  8362  8362 D Picasso : Main        completed    [R141]+325ms from DISK
04-22 19:54:29.196  8362  8480 D Picasso : Hunter      decoded      [R140]+4154ms 
04-22 19:54:29.221  8362  8480 D Picasso : Hunter      transformed  [R140]+4179ms 
04-22 19:54:29.224  8362  8456 D Picasso : Dispatcher  batched      [R140]+4182ms for completion
04-22 19:54:29.451  8362  8456 D Picasso : Dispatcher  delivered    [R140]+4409ms 
04-22 19:54:29.454  8362  8362 D Picasso : Main        completed    [R140]+4412ms from NETWORK
04-22 19:54:30.470   242   711 D audio_hw_primary: out_set_parameters: enter: usecase(0: playback) kvpairs: routing=2 out->devices(2) adev->mode(0)
04-22 19:54:30.474   664  3249 I ActivityManager: START u0 {cmp=com.icrealtime.allie/.ui.activities.PlayerActivity (has extras)} from uid 10183 on display 0
04-22 19:54:30.478  8362  8362 D NavigationDrawerFragment: onPause
04-22 19:54:30.478  8362  8362 I MainActivity: onPause
04-22 19:54:30.492  8362  8362 I BackgroundServiceActivity: onCreate
04-22 19:54:30.500   664   674 I CwMcuSensor: CwMcuSensor::flush: fd = 212, sensors_id = 18, path = /sys/class/htc_sensorhub/sensor_hub/flush, err = 0
04-22 19:54:30.500  8362  8362 I AppCompatViewInflater: app:theme is now deprecated. Please move to using android:theme instead.
04-22 19:54:30.523  8362  8362 D PlayerActivity: onCreatecom.icrealtime.allie.ui.activities.PlayerActivity@7162a2c
04-22 19:54:30.525  8362  8362 I PlayerActivity: playerInit() com.splinex.pano.PlayerView{978211b VFE...... .F....I. 0,0-0,0 #7f0e00c2 app:id/player_player}
04-22 19:54:30.525  8362  8362 I PlayerView: ADD LISTENER!
04-22 19:54:30.525  8362  8362 I PlayerView: ADD LISTENER222! com.splinex.pano.PlayerView{978211b VFE...C.. .F....I. 0,0-0,0 #7f0e00c2 app:id/player_player}
04-22 19:54:30.526  8362  8362 D PlayerActivity: Set orientation: AUTO
04-22 19:54:30.526  8362  8362 D         : (null):0 ((null)): updateSdkOrientation()  6
04-22 19:54:30.526  8362  8362 D PlayerActivity: Camera mode - BLE
04-22 19:54:30.527  8362  8362 D PlayerActivity: Calculated screenshot dim = 650
04-22 19:54:30.537  8362  8362 I BackgroundServiceActivity: onStart
04-22 19:54:30.538  8362  8362 D PlayerActivity: onResume
04-22 19:54:30.542  8362  8362 I BackgroundService: onStartCommand
04-22 19:54:30.542  8362  8362 I BackgroundServiceActivity: onServiceConnected
04-22 19:54:30.542  8362  8362 I BackgroundService: addListener
04-22 19:54:30.542  8362  8362 D BackgroundService: Listeners count = 2
04-22 19:54:30.542  8362  8362 D PlayerActivity: onServiceConnected
04-22 19:54:30.542  8362  8362 D PlayerActivity: requestLiveStream
04-22 19:54:30.542  8362  8362 I BaseActivity: showProgressDialog
04-22 19:54:30.542  8362  8362 I BaseActivity: hideProgressDialog
04-22 19:54:30.545  8362  8362 I BackgroundServiceActivity: addTask
04-22 19:54:30.545  8362  8362 I BackgroundService: addTask com.icrealtime.allie.tasks.StartLiveStreamTask
04-22 19:54:30.545  8362  8362 D BackgroundService: onTaskStarted and listeners size is 2
04-22 19:54:30.545  8362  8362 I MyCamerasFragment: onTaskStarted
04-22 19:54:30.545  8362  8362 I MyCamerasFragment: onTaskStarted
04-22 19:54:30.545  8362  8362 I MyCamerasFragment: onTaskStarted
04-22 19:54:30.545  8362  8362 I MyCamerasFragment: onTaskStarted
04-22 19:54:30.545  8362  8362 I FindCamerasFragment: onTaskStarted
04-22 19:54:30.546  8362  8362 I FindCamerasFragment: onTaskStarted
04-22 19:54:30.546  8362  8362 I FindCamerasFragment: onTaskStarted
04-22 19:54:30.546  8362  8472 I BackgroundThread: doInBackground
04-22 19:54:30.546  8362  8472 I BackgroundTask: ClearRetrofitError
04-22 19:54:30.546  8362  8472 D BackgroundCameraTask: Requesting over TCP to 192.168.7.116:5001 with timeout 3 s
04-22 19:54:30.638  1077  1077 I Keyboard.Facilitator: onFinishInput()
04-22 19:54:30.666   664   682 I ActivityManager: Displayed com.icrealtime.allie/.ui.activities.PlayerActivity: +187ms
04-22 19:54:30.883  8362  8472 D BackgroundCameraTask: Finished (over TCP)
04-22 19:54:30.883  8362  8362 D BackgroundService: onTaskFinished and listeners size is 2
04-22 19:54:30.883  8362  8362 D ON_TASK_FINISHED: com.icrealtime.allie.tasks.StartLiveStreamTask@9e73443
04-22 19:54:30.883  8362  8362 I BaseActivity: hideProgressDialog
04-22 19:54:30.912  8362  8362 I BackgroundTask: hasError false
04-22 19:54:30.912  8362  8362 D PlayerActivity: handleStartLiveStreamTask
04-22 19:54:30.914  8362  8362 D play    : http://192.168.7.116:64533/6ad82327dd1740c3b411aec49e3e45d9
04-22 19:54:30.914  8362  8362 D PlayerActivity: http://192.168.7.116:64533/6ad82327dd1740c3b411aec49e3e45d9
04-22 19:54:30.914  8362  8362 I PlayerView: Url: http://192.168.7.116:64533/6ad82327dd1740c3b411aec49e3e45d9
04-22 19:54:30.914  8362  8362 D         : (null):0 ((null)): updateSdkOrientation()  6
04-22 19:54:30.920  8362  8362 D         : (null):0 ((null)): Config from string. State=0
04-22 19:54:30.920  8362  8362 I PlayerView: play
04-22 19:54:30.920  8362  8362 I MyCamerasFragment: onTaskFinished
04-22 19:54:30.920  8362  8362 I MyCamerasFragment: onTaskFinished
04-22 19:54:30.920  8362  8362 I MyCamerasFragment: onTaskFinished
04-22 19:54:30.920  8362  8362 I MyCamerasFragment: onTaskFinished
04-22 19:54:30.920  8362  8362 I FindCamerasFragment: onTaskFinished
04-22 19:54:30.920  8362  8362 I FindCamerasFragment: onTaskFinished
04-22 19:54:30.920  8362  8362 I FindCamerasFragment: onTaskFinished
04-22 19:54:30.922  8362 10617 D         : (null):0 ((null)): 
04-22 19:54:30.922  8362 10617 D         : select video
04-22 19:54:30.922  8362 10617 D         : (null):0 ((null)): setupVideo
04-22 19:54:30.922  8362 10617 D         : (null):0 ((null)): open video with profile=allie or=1
04-22 19:54:30.922  8362 10617 D         : (null):0 ((null)): Path=http://192.168.7.116:64533/6ad82327dd1740c3b411aec49e3e45d9
04-22 19:54:30.922   664  1490 W InputMethodManagerService: Window already focused, ignoring focus gain of: com.android.internal.view.IInputMethodClient$Stub$Proxy@9e8f300 attribute=null, token = android.os.BinderProxy@1df63da
04-22 19:54:30.922  8362 10617 D         : (null):0 ((null)): void ThreadedVideoDecoder::_init()
04-22 19:54:30.924  8362 10618 D         : (null):0 ((null)): [ThreadedVideoDecoder] video file name is http://192.168.7.116:64533/6ad82327dd1740c3b411aec49e3e45d9
04-22 19:54:30.924  8362 10618 D         : (null):0 ((null)): [ThreadedVideoDecoder] get video info starts
04-22 19:54:30.926  8362  8362 I PlayerActivity: onOpenConfig status 2
04-22 19:54:30.926  8362  8362 I PlayerView: onPlayBackStateChanged 1
04-22 19:54:30.926  8362  8362 I PlayerView: Loading content
04-22 19:54:30.926  8362  8362 I PlayerActivity: onPlayBackStateChanged status 1
04-22 19:54:30.937  8362 10617 D         : (null):0 ((null)): ------------------ Dynamic stitching enabled -------------------------
04-22 19:54:30.937  8362 10617 D         : (null):0 ((null)): ------------------ Color correction enabled -------------------------
04-22 19:54:31.107  8362  8362 D MyCamerasFragment: onSaveInstanceState
04-22 19:54:31.107  8362  8362 D MyCamerasFragment: onSaveInstanceState
04-22 19:54:31.107  8362  8362 D MyCamerasFragment: onSaveInstanceState
04-22 19:54:31.107  8362  8362 D MyCamerasFragment: onSaveInstanceState
04-22 19:54:31.107  8362  8362 D FindCamerasFragment: onSaveInstanceState Bundle[{}]
04-22 19:54:31.107  8362  8362 D FindCamerasFragment: onSaveInstanceState Bundle[{}]
04-22 19:54:31.107  8362  8362 D FindCamerasFragment: onSaveInstanceState Bundle[{}]
04-22 19:54:31.108  8362  8362 I BackgroundServiceActivity: onStop
04-22 19:54:31.108  8362  8362 I BackgroundService: removeListener
04-22 19:54:31.108  8362  8362 D BackgroundService: Listeners count = 1
04-22 19:54:31.726  8362  8362 D PlayerActivity: Check is busy ... 
04-22 19:54:31.726  8362  8362 D PlayerActivity: Not busy, allow exiting
04-22 19:54:31.736   242   711 D audio_hw_primary: out_set_parameters: enter: usecase(0: playback) kvpairs: routing=2 out->devices(2) adev->mode(0)
04-22 19:54:31.741  8362  8362 D PlayerActivity: onPause
04-22 19:54:31.741  8362  8362 I PlayerView: onPause
04-22 19:54:31.759  8362  8362 I BackgroundServiceActivity: onStart
04-22 19:54:31.761  8362  8362 I MainActivity: onResume
04-22 19:54:31.776   242   711 D AudioFlinger: mixer(0xab540fe8) throttle end: throttle time(3)
04-22 19:54:31.793  8362  8362 I NavigationDrawerAdapter: onBindViewHolder
04-22 19:54:31.797  8362  8362 I NavigationDrawerAdapter: onBindViewHolder
04-22 19:54:31.800  8362  8362 I NavigationDrawerAdapter: onBindViewHolder
04-22 19:54:31.801  8362  8362 I NavigationDrawerAdapter: onBindViewHolder
04-22 19:54:31.803  8362  8362 I NavigationDrawerAdapter: onBindViewHolder
04-22 19:54:31.805  8362  8362 I BackgroundServiceActivity: onServiceConnected
04-22 19:54:31.805  8362  8362 I BackgroundService: addListener
04-22 19:54:31.805  8362  8362 D BackgroundService: Listeners count = 2
04-22 19:54:31.805  8362  8362 I MyCamerasFragment: onServiceConnected
04-22 19:54:31.806  8362  8362 I MyCamerasFragment: handleCamerasListTaskState
04-22 19:54:31.806  8362  8362 D MyCamerasFragment: The task was finished already
04-22 19:54:31.806  8362  8362 I MyCamerasFragment: onServiceConnected
04-22 19:54:31.806  8362  8362 I MyCamerasFragment: handleCamerasListTaskState
04-22 19:54:31.806  8362  8362 D MyCamerasFragment: The task was finished already
04-22 19:54:31.806  8362  8362 I MyCamerasFragment: onServiceConnected
04-22 19:54:31.806  8362  8362 I MyCamerasFragment: handleCamerasListTaskState
04-22 19:54:31.806  8362  8362 D MyCamerasFragment: The task was finished already
04-22 19:54:31.806  8362  8362 I MyCamerasFragment: onServiceConnected
04-22 19:54:31.806  8362  8362 I MyCamerasFragment: handleCamerasListTaskState
04-22 19:54:31.806  8362  8362 D MyCamerasFragment: The task was never run or needs to rerun
04-22 19:54:31.806  8362  8362 D MyCamerasFragment: Cancel delayed reload
04-22 19:54:31.806  8362  8362 I MyCamerasFragment: loadCameras
04-22 19:54:31.806  8362  8362 I BaseActivity: showProgressOverlay
04-22 19:54:31.806  8362  8362 I BaseActivity: showProgressOverlay is not null
04-22 19:54:31.807  8362  8362 I BackgroundServiceActivity: addTask
04-22 19:54:31.807  8362  8362 I BackgroundService: addTask com.icrealtime.allie.tasks.CamerasListTask
04-22 19:54:31.807  8362  8362 D BackgroundService: onTaskStarted and listeners size is 2
04-22 19:54:31.807  8362  8362 I MyCamerasFragment: onTaskStarted
04-22 19:54:31.807  8362  8362 I MyCamerasFragment: onTaskStarted
04-22 19:54:31.807  8362  8362 I MyCamerasFragment: onTaskStarted
04-22 19:54:31.808  8362  8362 I MyCamerasFragment: onTaskStarted
04-22 19:54:31.808  8362  8362 I FindCamerasFragment: onTaskStarted
04-22 19:54:31.808  8362  8362 I FindCamerasFragment: onTaskStarted
04-22 19:54:31.808  8362  8362 I FindCamerasFragment: onTaskStarted
04-22 19:54:31.808  8362  8362 I FindCamerasFragment: onServiceConnected
04-22 19:54:31.808  8362  8362 I FindCamerasFragment: onServiceConnected
04-22 19:54:31.808  8362  8362 I FindCamerasFragment: onServiceConnected
04-22 19:54:31.809  8362  8477 I BackgroundThread: doInBackground
04-22 19:54:31.809  8362  8477 D Retrofit: ---> HTTP GET https://staging.alliecam.com/api/users/me/cameras
04-22 19:54:31.809  8362  8477 D Retrofit: Authorization: Basic ZHBsZWFtY28rYW5kckBpY3JlYWx0ZWNoLmNvbTpkeW1vbjAxMDE=
04-22 19:54:31.809  8362  8477 D Retrofit: ---> END HTTP (no body)
04-22 19:54:31.832  1077  1077 I Keyboard.Facilitator: onFinishInput()
04-22 19:54:31.902  8362  8471 D OpenGLRenderer: endAllStagingAnimators on 0xabd91dc0 (RippleDrawable) with handle 0xabb126d8
04-22 19:54:32.092  8362  8362 D PlayerActivity: onStop
04-22 19:54:32.092  8362  8362 I BackgroundServiceActivity: onStop
04-22 19:54:32.092  8362  8362 I BackgroundService: removeListener
04-22 19:54:32.093  8362  8362 D BackgroundService: Listeners count = 1
04-22 19:54:32.099  8362  8362 D PanoPlayer: ~Renderer
04-22 19:54:32.099  8362 10619 D         : (null):0 ((null)): ~Synchronizer
04-22 19:54:32.099  8362 10619 D         : (null):0 ((null)): virtual ThreadedVideoDecoder::~ThreadedVideoDecoder()
04-22 19:54:32.182  8362 10618 D         : (null):0 ((null)): [ThreadedVideoDecoder] Error find stream information: -1414092869
04-22 19:54:32.182  8362 10618 D         : (null):0 ((null)): [ThreadedVideoDecoder] thread finished
04-22 19:54:32.182  8362 10619 D         : (null):0 ((null)): [ThreadedVideoDecoder] deinitialize()
04-22 19:54:32.183  8362 10619 D         : (null):0 ((null)): virtual Synchronizer::~Synchronizer()
04-22 19:54:33.740   664   748 D ConnectivityService: notifyType CAP_CHANGED for NetworkAgentInfo [WIFI () - 101]
04-22 19:54:35.157  8362  8477 D Retrofit: <--- HTTP 200 https://staging.alliecam.com/api/users/me/cameras (3347ms)
04-22 19:54:35.157  8362  8477 D Retrofit: Content-Type: application/x-protobuf
04-22 19:54:35.157  8362  8477 D Retrofit: Transfer-Encoding: chunked
04-22 19:54:35.157  8362  8477 D Retrofit: Connection: keep-alive
04-22 19:54:35.158  8362  8477 D Retrofit: Keep-Alive: timeout=20
04-22 19:54:35.158  8362  8477 D Retrofit: X-Powered-By: ASP.NET
04-22 19:54:35.158  8362  8477 D Retrofit: Cache-Control: no-cache, no-store, private
04-22 19:54:35.158  8362  8477 D Retrofit: Date: Fri, 22 Apr 2016 14:54:34 GMT
04-22 19:54:35.158  8362  8477 D Retrofit: Set-Cookie: device_view=full; expires=Sat, 21-May-2016 19:00:00 GMT; Max-Age=2520326; path=/; httponly
04-22 19:54:35.158  8362  8477 D Retrofit: Server: Microsoft-IIS/8.5
04-22 19:54:35.159  8362  8477 D Retrofit: X-AspNet-Version: 5.0.40359
04-22 19:54:35.160  8362  8477 D Retrofit: X-AspNetMvc-Version: 4.0
04-22 19:54:35.161  8362  8477 D Retrofit: Strict-Transport-Security: max-age=63072000; includeSubDomains;
04-22 19:54:35.161  8362  8477 D Retrofit: Content-Security-Policy-Report-Only: default-src https:; script-src https: 'unsafe-eval' 'unsafe-inline'; style-src https: 'unsafe-inline'; img-src https: data:; font-src https: data:; report-uri /csp-report
04-22 19:54:35.161  8362  8477 D Retrofit: OkHttp-Selected-Protocol: http/1.1
04-22 19:54:35.161  8362  8477 D Retrofit: OkHttp-Sent-Millis: 1461336871813
04-22 19:54:35.161  8362  8477 D Retrofit: OkHttp-Received-Millis: 1461336875156
04-22 19:54:35.164  8362  8477 D Retrofit: 
04-22 19:54:35.164  8362  8477 D Retrofit: ?"1503-5G*W
04-22 19:54:35.164  8362  8477 D Retrofit: 11155101833$v207-20151218.153322-f4f388c-staging192.168.7.116"cc:1b:e0:60:03:6c*2KP9tGwuB8B%JAsia/Yekaterinburg *ALLirrfh2
04-22 19:54:35.164  8362  8477 D Retrofit: {$19.33 (:khttps://staging.alliecam.com/images/cache/resolve/camera_%ux%u/28242fab1f243283e8372f1988e213a96017901c.jpgBNhttps://staging.alliecam.com/playlist/5e04c5b3745ba03a02721742fb599700/%u.m3u8JAllie-11155101833RALLIE-D0.0.34*0`{Kids PlayingNhttps://alliecam-production.s3.amazonaws.com/demo/kidsplaying/kidsplaying.m3u8"Uhttps://alliecam-production.s3.amazonaws.com/demo/kidsplaying/kidsplaying_preview.jpg
04-22 19:54:35.164  8362  8477 D Retrofit: HelicopterLhttps://alliecam-production.s3.amazonaws.com/demo/helicopter/helicopter.m3u8"Shttps://alliecam-production.s3.amazonaws.com/demo/helicopter/helicopter_preview.jpg
04-22 19:54:35.164  8362  8477 D Retrofit: <--- END HTTP (799-byte body)
04-22 19:54:35.187  8362  8362 D BackgroundService: onTaskFinished and listeners size is 1
04-22 19:54:35.187  8362  8362 I MyCamerasFragment: onTaskFinished
04-22 19:54:35.187  8362  8362 I MyCamerasFragment: onTaskFinished
04-22 19:54:35.187  8362  8362 I MyCamerasFragment: onTaskFinished
04-22 19:54:35.188  8362  8362 I MyCamerasFragment: onTaskFinished
04-22 19:54:35.188  8362  8362 I BaseActivity: hideProgressOverlay
04-22 19:54:35.189  8362  8362 I BackgroundTask: hasError false
04-22 19:54:35.195  8362  8362 I FindCamerasFragment: onTaskFinished
04-22 19:54:35.195  8362  8362 I FindCamerasFragment: onTaskFinished
04-22 19:54:35.195  8362  8362 I FindCamerasFragment: onTaskFinished
04-22 19:54:35.203  8362  8362 D Picasso : Main        created      [R142] Request{https://staging.alliecam.com/images/cache/resolve/camera_1280x720/28242fab1f243283e8372f1988e213a96017901c.jpg resize(1504,846) centerCrop}
04-22 19:54:35.205  8362  8456 D Picasso : Dispatcher  enqueued     [R142]+1ms 
04-22 19:54:35.205  8362  8693 D Picasso : Hunter      executing    [R142]+2ms 
04-22 19:54:35.207  8362  8362 D Picasso : Main        created      [R143] Request{https://alliecam-production.s3.amazonaws.com/demo/kidsplaying/kidsplaying_preview.jpg resize(1504,846) centerCrop}
04-22 19:54:35.208  8362  8362 D Picasso : Main        completed    [R143] from MEMORY
04-22 19:54:36.608   242   711 D audio_hw_primary: out_set_parameters: enter: usecase(0: playback) kvpairs: routing=2 out->devices(2) adev->mode(0)
04-22 19:54:38.903   664   746 D WifiStateMachine: starting scan for "1503-5G"WPA_PSK with 5180
04-22 19:54:39.644   664  2198 I ActivityManager: START u0 {cmp=com.icrealtime.allie/.ui.activities.SettingsActivity (has extras)} from uid 10183 on display 0
04-22 19:54:39.652   242   711 D audio_hw_primary: out_set_parameters: enter: usecase(0: playback) kvpairs: routing=2 out->devices(2) adev->mode(0)
04-22 19:54:39.657  8362  8362 D NavigationDrawerFragment: onPause
04-22 19:54:39.657  8362  8362 I MainActivity: onPause
04-22 19:54:39.682  8362  8362 I BackgroundServiceActivity: onCreate
04-22 19:54:39.685  8362  8362 I AppCompatViewInflater: app:theme is now deprecated. Please move to using android:theme instead.
04-22 19:54:39.739  8362  8362 I BackgroundServiceActivity: onStart
04-22 19:54:39.744  8362  8362 I BackgroundService: onStartCommand
04-22 19:54:39.746  8362  8362 I BackgroundServiceActivity: onServiceConnected
04-22 19:54:39.746  8362  8362 I BackgroundService: addListener
04-22 19:54:39.746  8362  8362 D BackgroundService: Listeners count = 2
04-22 19:54:39.749  8362  8693 D Picasso : Hunter      decoded      [R142]+4545ms 
04-22 19:54:39.759   664   748 D ConnectivityService: notifyType CAP_CHANGED for NetworkAgentInfo [WIFI () - 101]
04-22 19:54:39.786  8362  8693 D Picasso : Hunter      transformed  [R142]+4583ms 
04-22 19:54:39.786  8362  8456 D Picasso : Dispatcher  batched      [R142]+4583ms for completion
04-22 19:54:39.806  1077  1077 I Keyboard.Facilitator: onFinishInput()
04-22 19:54:39.806   664   682 I ActivityManager: Displayed com.icrealtime.allie/.ui.activities.SettingsActivity: +147ms
04-22 19:54:40.020  8362  8362 D Picasso : Main        completed    [R142]+4816ms from NETWORK
04-22 19:54:40.020  8362  8456 D Picasso : Dispatcher  delivered    [R142]+4817ms 
04-22 19:54:40.163  8362  8362 D MyCamerasFragment: onSaveInstanceState
04-22 19:54:40.163  8362  8362 D MyCamerasFragment: onSaveInstanceState
04-22 19:54:40.163  8362  8362 D MyCamerasFragment: onSaveInstanceState
04-22 19:54:40.163  8362  8362 D MyCamerasFragment: onSaveInstanceState
04-22 19:54:40.163  8362  8362 D FindCamerasFragment: onSaveInstanceState Bundle[{}]
04-22 19:54:40.163  8362  8362 D FindCamerasFragment: onSaveInstanceState Bundle[{}]
04-22 19:54:40.163  8362  8362 D FindCamerasFragment: onSaveInstanceState Bundle[{}]
04-22 19:54:40.164  8362  8362 I BackgroundServiceActivity: onStop
04-22 19:54:40.164  8362  8362 I BackgroundService: removeListener
04-22 19:54:40.164  8362  8362 D BackgroundService: Listeners count = 1
04-22 19:54:40.178  8362  8362 D Picasso : Main        created      [R144] Request{https://alliecam-production.s3.amazonaws.com/demo/helicopter/helicopter_preview.jpg resize(1504,846) centerCrop}
04-22 19:54:40.179  8362  8362 D Picasso : Main        created      [R145] Request{https://staging.alliecam.com/images/cache/resolve/camera_1280x720/28242fab1f243283e8372f1988e213a96017901c.jpg resize(1504,846) centerCrop}
04-22 19:54:40.179  8362  8362 D Picasso : Main        completed    [R145] from MEMORY
04-22 19:54:40.180  8362  8456 D Picasso : Dispatcher  enqueued     [R144]+2ms 
04-22 19:54:40.180  8362  8692 D Picasso : Hunter      executing    [R144]+2ms 
04-22 19:54:40.225  8362  8692 D Picasso : Hunter      decoded      [R144]+47ms 
04-22 19:54:40.250  8362  8692 D Picasso : Hunter      transformed  [R144]+72ms 
04-22 19:54:40.250  8362  8456 D Picasso : Dispatcher  batched      [R144]+72ms for completion
04-22 19:54:40.490  8362  8456 D Picasso : Dispatcher  delivered    [R144]+311ms 
04-22 19:54:40.490  8362  8362 D Picasso : Main        completed    [R144]+312ms from DISK
04-22 19:54:42.553   242   711 D audio_hw_primary: out_set_parameters: enter: usecase(0: playback) kvpairs: routing=2 out->devices(2) adev->mode(0)
04-22 19:54:42.770   664   748 D ConnectivityService: notifyType CAP_CHANGED for NetworkAgentInfo [WIFI () - 101]
04-22 19:54:43.683   242   711 D audio_hw_primary: out_set_parameters: enter: usecase(0: playback) kvpairs: routing=2 out->devices(2) adev->mode(0)
04-22 19:54:44.270   242   711 D audio_hw_primary: out_set_parameters: enter: usecase(0: playback) kvpairs: routing=2 out->devices(2) adev->mode(0)
04-22 19:54:44.310   242   711 D AudioFlinger: mixer(0xab540fe8) throttle end: throttle time(3)
04-22 19:54:47.607  8362  8362 W InputEventReceiver: Attempted to finish an input event but the input event receiver has already been disposed.
04-22 19:54:47.608   664   674 W InputMethodManagerService: Window already focused, ignoring focus gain of: com.android.internal.view.IInputMethodClient$Stub$Proxy@cd70163 attribute=null, token = android.os.BinderProxy@3a655cf
04-22 19:54:49.453   664   825 I ActivityManager: START u0 {cmp=com.icrealtime.allie/.ui.activities.StorageActivity} from uid 10183 on display 0
04-22 19:54:49.455   242   711 D audio_hw_primary: out_set_parameters: enter: usecase(0: playback) kvpairs: routing=2 out->devices(2) adev->mode(0)
04-22 19:54:49.473  8362  8362 I BackgroundServiceActivity: onCreate
04-22 19:54:49.476  8362  8362 I AppCompatViewInflater: app:theme is now deprecated. Please move to using android:theme instead.
04-22 19:54:49.526  8362  8362 I BackgroundServiceActivity: onStart
04-22 19:54:49.562  8362  8362 E RecyclerView: No adapter attached; skipping layout
04-22 19:54:49.563  8362  8362 I BackgroundService: onStartCommand
04-22 19:54:49.563  8362  8362 I BackgroundServiceActivity: onServiceConnected
04-22 19:54:49.563  8362  8362 I BackgroundService: addListener
04-22 19:54:49.563  8362  8362 D BackgroundService: Listeners count = 2
04-22 19:54:49.563  8362  8362 D StorageActivity: onServiceConnected
04-22 19:54:49.563  8362  8362 I BaseActivity: showProgressOverlay
04-22 19:54:49.563  8362  8362 I BaseActivity: showProgressOverlay is null
04-22 19:54:49.563  8362  8362 I BaseActivity: root is not null
04-22 19:54:49.566  8362  8362 I BackgroundServiceActivity: addTask
04-22 19:54:49.566  8362  8362 I BackgroundService: addTask com.icrealtime.allie.tasks.GetUserTask
04-22 19:54:49.567  8362  8362 D BackgroundService: onTaskStarted and listeners size is 2
04-22 19:54:49.567  8362  8477 I BackgroundThread: doInBackground
04-22 19:54:49.567  8362  8477 D Retrofit: ---> HTTP GET https://staging.alliecam.com/api/users/me
04-22 19:54:49.567  8362  8477 D Retrofit: Authorization: Basic ZHBsZWFtY28rYW5kckBpY3JlYWx0ZWNoLmNvbTpkeW1vbjAxMDE=
04-22 19:54:49.567  8362  8477 D Retrofit: ---> END HTTP (no body)
04-22 19:54:49.582   664   682 I ActivityManager: Displayed com.icrealtime.allie/.ui.activities.StorageActivity: +122ms
04-22 19:54:49.583  1077  1077 I Keyboard.Facilitator: onFinishInput()
04-22 19:54:49.587  8362  8362 E RecyclerView: No adapter attached; skipping layout
04-22 19:54:49.954  8362  8362 I BackgroundServiceActivity: onStop
04-22 19:54:49.954  8362  8362 I BackgroundService: removeListener
04-22 19:54:49.954  8362  8362 D BackgroundService: Listeners count = 1
04-22 19:54:52.354  8362  8477 D Retrofit: <--- HTTP 200 https://staging.alliecam.com/api/users/me (2786ms)
04-22 19:54:52.354  8362  8477 D Retrofit: Content-Type: application/x-protobuf
04-22 19:54:52.354  8362  8477 D Retrofit: Transfer-Encoding: chunked
04-22 19:54:52.354  8362  8477 D Retrofit: Connection: keep-alive
04-22 19:54:52.355  8362  8477 D Retrofit: Keep-Alive: timeout=20
04-22 19:54:52.355  8362  8477 D Retrofit: X-Powered-By: ASP.NET
04-22 19:54:52.355  8362  8477 D Retrofit: Cache-Control: no-cache, no-store, private
04-22 19:54:52.355  8362  8477 D Retrofit: Date: Fri, 22 Apr 2016 14:54:51 GMT
04-22 19:54:52.355  8362  8477 D Retrofit: Set-Cookie: device_view=full; expires=Sat, 21-May-2016 19:00:00 GMT; Max-Age=2520309; path=/; httponly
04-22 19:54:52.355  8362  8477 D Retrofit: Server: Microsoft-IIS/8.5
04-22 19:54:52.355  8362  8477 D Retrofit: X-AspNet-Version: 5.0.40359
04-22 19:54:52.356  8362  8477 D Retrofit: X-AspNetMvc-Version: 4.0
04-22 19:54:52.356  8362  8477 D Retrofit: Strict-Transport-Security: max-age=63072000; includeSubDomains;
04-22 19:54:52.356  8362  8477 D Retrofit: Content-Security-Policy-Report-Only: default-src https:; script-src https: 'unsafe-eval' 'unsafe-inline'; style-src https: 'unsafe-inline'; img-src https: data:; font-src https: data:; report-uri /csp-report
04-22 19:54:52.356  8362  8477 D Retrofit: OkHttp-Selected-Protocol: http/1.1
04-22 19:54:52.356  8362  8477 D Retrofit: OkHttp-Sent-Millis: 1461336889569
04-22 19:54:52.356  8362  8477 D Retrofit: OkHttp-Received-Millis: 1461336892349
04-22 19:54:52.357  8362  8477 D Retrofit: 
04-22 19:54:52.357  8362  8477 D Retrofit: 	**** 2400 
04-22 19:54:52.357  8362  8477 D Retrofit: {$19.33 ("ALLirrfh {(
04-22 19:54:52.357  8362  8477 D Retrofit: <--- END HTTP (74-byte body)
04-22 19:54:52.370  8362  8362 D BackgroundService: onTaskFinished and listeners size is 1
04-22 19:54:52.370  8362  8362 I StorageActivity: Task finished -8368019342835674151
04-22 19:54:52.370  8362  8362 I BaseActivity: hideProgressOverlay
04-22 19:54:52.371  8362  8362 I BackgroundTask: hasError false
04-22 19:54:52.407  8362  8362 I BackgroundServiceActivity: addTask
04-22 19:54:52.408  8362  8362 I BackgroundService: addTask com.icrealtime.allie.tasks.GetPaymentMethodTask
04-22 19:54:52.408  8362  8362 D BackgroundService: onTaskStarted and listeners size is 1
04-22 19:54:52.409  8362  8472 I BackgroundThread: doInBackground
04-22 19:54:52.417  8362  8472 D Retrofit: ---> HTTP GET https://staging.alliecam.com/api/users/me/payment-method
04-22 19:54:52.417  8362  8472 D Retrofit: Authorization: Basic ZHBsZWFtY28rYW5kckBpY3JlYWx0ZWNoLmNvbTpkeW1vbjAxMDE=
04-22 19:54:52.417  8362  8472 D Retrofit: ---> END HTTP (no body)
04-22 19:54:54.167   664  1490 I ActivityManager: START u0 {cmp=com.icrealtime.allie/.ui.activities.ChangePlanActivity (has extras)} from uid 10183 on display 0
04-22 19:54:54.169   242   711 D audio_hw_primary: out_set_parameters: enter: usecase(0: playback) kvpairs: routing=2 out->devices(2) adev->mode(0)
04-22 19:54:54.203  8362  8362 I BackgroundServiceActivity: onCreate
04-22 19:54:54.208  8362  8362 I AppCompatViewInflater: app:theme is now deprecated. Please move to using android:theme instead.
04-22 19:54:54.223  8362  8362 I BackgroundServiceActivity: onStart
04-22 19:54:54.244  8362  8362 I BackgroundService: onStartCommand
04-22 19:54:54.245  8362  8362 I BackgroundServiceActivity: onServiceConnected
04-22 19:54:54.245  8362  8362 I BackgroundService: addListener
04-22 19:54:54.245  8362  8362 D BackgroundService: Listeners count = 2
04-22 19:54:54.245  8362  8362 I BackgroundServiceActivity: addTask
04-22 19:54:54.245  8362  8362 I BaseActivity: showProgressOverlay
04-22 19:54:54.245  8362  8362 I BaseActivity: showProgressOverlay is null
04-22 19:54:54.245  8362  8362 I BaseActivity: root is not null
04-22 19:54:54.247  8362  8362 I BackgroundServiceActivity: addTask
04-22 19:54:54.247  8362  8362 I BackgroundService: addTask com.icrealtime.allie.tasks.GetPlanListTask
04-22 19:54:54.247  8362  8362 D BackgroundService: onTaskStarted and listeners size is 2
04-22 19:54:54.266   664   682 I ActivityManager: Displayed com.icrealtime.allie/.ui.activities.ChangePlanActivity: +84ms
04-22 19:54:54.270  1077  1077 I Keyboard.Facilitator: onFinishInput()
04-22 19:54:54.305  8362  8471 D OpenGLRenderer: endAllStagingAnimators on 0xabb7c958 (RippleDrawable) with handle 0xac8251a8
04-22 19:54:54.635  8362  8362 I BackgroundServiceActivity: onStop
04-22 19:54:54.635  8362  8362 I BackgroundService: removeListener
04-22 19:54:54.635  8362  8362 D BackgroundService: Listeners count = 1
04-22 19:54:54.805  8362  8472 D Retrofit: <--- HTTP 200 https://staging.alliecam.com/api/users/me/payment-method (2387ms)
04-22 19:54:54.805  8362  8472 D Retrofit: Content-Type: application/x-protobuf
04-22 19:54:54.805  8362  8472 D Retrofit: Transfer-Encoding: chunked
04-22 19:54:54.805  8362  8472 D Retrofit: Connection: keep-alive
04-22 19:54:54.806  8362  8472 D Retrofit: Keep-Alive: timeout=20
04-22 19:54:54.806  8362  8472 D Retrofit: X-Powered-By: ASP.NET
04-22 19:54:54.806  8362  8472 D Retrofit: Cache-Control: no-cache, no-store, private
04-22 19:54:54.806  8362  8472 D Retrofit: Date: Fri, 22 Apr 2016 14:54:54 GMT
04-22 19:54:54.806  8362  8472 D Retrofit: Set-Cookie: device_view=full; expires=Sat, 21-May-2016 19:00:00 GMT; Max-Age=2520306; path=/; httponly
04-22 19:54:54.806  8362  8472 D Retrofit: Server: Microsoft-IIS/8.5
04-22 19:54:54.806  8362  8472 D Retrofit: X-AspNet-Version: 5.0.40359
04-22 19:54:54.806  8362  8472 D Retrofit: X-AspNetMvc-Version: 4.0
04-22 19:54:54.806  8362  8472 D Retrofit: Strict-Transport-Security: max-age=63072000; includeSubDomains;
04-22 19:54:54.806  8362  8472 D Retrofit: Content-Security-Policy-Report-Only: default-src https:; script-src https: 'unsafe-eval' 'unsafe-inline'; style-src https: 'unsafe-inline'; img-src https: data:; font-src https: data:; report-uri /csp-report
04-22 19:54:54.806  8362  8472 D Retrofit: OkHttp-Selected-Protocol: http/1.1
04-22 19:54:54.806  8362  8472 D Retrofit: OkHttp-Sent-Millis: 1461336892418
04-22 19:54:54.806  8362  8472 D Retrofit: OkHttp-Received-Millis: 1461336894805
04-22 19:54:54.807  8362  8472 D Retrofit: 	**** 2400 
