04-22 19:11:29.434   664   748 D ConnectivityService: releasing NetworkRequest NetworkRequest [ id=12, legacyType=-1, [ Capabilities: INTERNET&NOT_RESTRICTED&TRUSTED&NOT_VPN] ]
04-22 19:11:29.512   664   748 E ConnectivityService: RemoteException caught trying to send a callback msg for NetworkRequest [ id=12, legacyType=-1, [ Capabilities: INTERNET&NOT_RESTRICTED&TRUSTED&NOT_VPN] ]
04-22 19:11:29.614   664   674 E libprocessgroup: failed to kill 1 processes for processgroup 7661
04-22 19:11:29.614   664   674 I ActivityManager: Process com.android.chrome (pid 7661) has died
04-22 19:11:29.618   664   674 I ActivityManager: Killing 7836:com.android.chrome:sandboxed_process1/u0a35i2 (adj 0): isolated not needed
04-22 19:11:29.618   664   674 W libprocessgroup: failed to open /acct/uid_10035/pid_7836/cgroup.procs: No such file or directory
04-22 19:11:30.508   664  1047 E libprocessgroup: failed to kill 1 processes for processgroup 8524
04-22 19:11:30.509   664  1047 I ActivityManager: Process com.google.android.gms.ui (pid 8524) has died
04-22 19:11:33.942   664   678 I ActivityManager: Config changes=480 {1.0 ?mcc?mnc en_GB ldltr sw768dp w1024dp h696dp 320dpi xlrg land finger -keyb/v/h -nav/h s.25}
04-22 19:11:34.405   664   682 I WindowManager: Screen frozen for +483ms due to Window{7baf703 u0 InputMethod}
04-22 19:11:38.276   664   825 W InputMethodManagerService: Window already focused, ignoring focus gain of: com.android.internal.view.IInputMethodClient$Stub$Proxy@4e61c4a attribute=null, token = android.os.BinderProxy@9edd440
04-22 19:11:42.374   664  1047 W InputMethodManagerService: Window already focused, ignoring focus gain of: com.android.internal.view.IInputMethodClient$Stub$Proxy@771b316 attribute=null, token = android.os.BinderProxy@9edd440
04-22 19:11:46.365   664   674 W InputMethodManagerService: Window already focused, ignoring focus gain of: com.android.internal.view.IInputMethodClient$Stub$Proxy@71b0f8f attribute=null, token = android.os.BinderProxy@9edd440
04-22 19:12:21.316   664   677 I ActivityManager: Start proc 9410:com.google.android.talk/u0a57 for broadcast com.google.android.talk/com.google.android.apps.hangouts.realtimechat.RealTimeChatService$AlarmReceiver
04-22 19:12:21.359   664   735 I ActivityManager: Start proc 9420:com.google.android.googlequicksearchbox:search/u0a23 for service com.google.android.googlequicksearchbox/com.google.android.apps.gsa.speech.grammar.GrammarCompilationService
04-22 19:12:21.941   664   747 D WifiService: New client listening to asynchronous messages
04-22 19:12:22.423   664  2198 I ActivityManager: Start proc 9460:com.google.android.apps.photos/u0a67 for broadcast com.google.android.apps.photos/.scheduler.AlarmReceiver
04-22 19:13:00.781   664   676 I ActivityManager: Start proc 9494:com.google.android.gm/u0a72 for service com.google.android.gm/.provider.MailSyncAdapterService
04-22 19:13:01.039  9494  9510 D ActivityThread: Loading provider com.google.android.gmail.provider;com.android.mail.notifier;com.google.android.gm.email.provider;com.google.android.gm.email.notifier: com.android.email.provider.EmailProvider
04-22 19:13:01.203   664  1489 I ActivityManager: Start proc 9520:com.google.android.gm.exchange/u0a71 for service com.google.android.gm.exchange/com.android.exchange.service.EasService
04-22 19:13:01.223   664  1047 W ActivityManager: Unable to start service Intent { cmp=com.google.android.gm/com.android.email.service.AttachmentService } U=0: not found
04-22 19:13:04.782   664  1484 I ActivityManager: Start proc 9564:android.process.acore/u0a3 for content provider com.android.providers.contacts/.ContactsProvider2
04-22 19:14:47.869   664  1490 W InputMethodManagerService: Window already focused, ignoring focus gain of: com.android.internal.view.IInputMethodClient$Stub$Proxy@e8ffbcc attribute=null, token = android.os.BinderProxy@9edd440
04-22 19:14:51.787   664   748 D ConnectivityService: notifyType CAP_CHANGED for NetworkAgentInfo [WIFI () - 101]
04-22 19:14:54.538   664   678 I ActivityManager: Config changes=480 {1.0 ?mcc?mnc en_GB ldltr sw768dp w768dp h952dp 320dpi xlrg port finger -keyb/v/h -nav/h s.26}
04-22 19:14:54.690   664   682 I WindowManager: Screen frozen for +194ms due to Window{74a0fe8 u0 com.icrealtime.allie/com.icrealtime.allie.ui.activities.MainActivity}
04-22 19:14:54.802   664   748 D ConnectivityService: notifyType CAP_CHANGED for NetworkAgentInfo [WIFI () - 101]
04-22 19:15:01.033   664   677 I ActivityManager: Start proc 9643:com.google.android.deskclock/u0a39 for broadcast com.google.android.deskclock/com.android.alarmclock.DigitalAppWidgetProvider
04-22 19:15:28.116   664   678 I ActivityManager: Config changes=480 {1.0 ?mcc?mnc en_GB ldltr sw768dp w1024dp h696dp 320dpi xlrg land finger -keyb/v/h -nav/h s.27}
04-22 19:15:28.263   664   682 I WindowManager: Screen frozen for +178ms due to Window{4210b56 u0 com.icrealtime.allie/com.icrealtime.allie.ui.activities.MainActivity}
04-22 19:16:06.402   664   678 I ActivityManager: Config changes=480 {1.0 ?mcc?mnc en_GB ldltr sw768dp w768dp h952dp 320dpi xlrg port finger -keyb/v/h -nav/h s.28}
04-22 19:16:06.563   664   682 I WindowManager: Screen frozen for +188ms due to Window{ae4acf u0 com.icrealtime.allie/com.icrealtime.allie.ui.activities.MainActivity}
04-22 19:16:28.425   664   748 D ConnectivityService: notifyType CAP_CHANGED for NetworkAgentInfo [WIFI () - 101]
04-22 19:16:34.479   664   748 D ConnectivityService: notifyType CAP_CHANGED for NetworkAgentInfo [WIFI () - 101]
04-22 19:16:37.507   664   748 D ConnectivityService: notifyType CAP_CHANGED for NetworkAgentInfo [WIFI () - 101]
04-22 19:16:40.527   664   748 D ConnectivityService: notifyType CAP_CHANGED for NetworkAgentInfo [WIFI () - 101]
04-22 19:16:56.331   664   675 W InputMethodManagerService: Window already focused, ignoring focus gain of: com.android.internal.view.IInputMethodClient$Stub$Proxy@dbc9af4 attribute=android.view.inputmethod.EditorInfo@d3c821d, token = android.os.BinderProxy@17e2f2e
04-22 19:17:15.012   664   678 I ActivityManager: Config changes=480 {1.0 ?mcc?mnc en_GB ldltr sw768dp w1024dp h696dp 320dpi xlrg land finger -keyb/v/h -nav/h s.29}
04-22 19:17:15.191   664   682 I WindowManager: Screen frozen for +217ms due to Window{a1d85bf u0 com.icrealtime.allie/com.icrealtime.allie.ui.activities.MainActivity}
04-22 19:17:53.449   664  1484 I ActivityManager: START u0 {act=android.intent.action.VIEW dat=https://staging.alliecam.com/... flg=0x80000 cmp=android/com.android.internal.app.ResolverActivity} from uid 10183 on display 0
04-22 19:17:53.557   664  1489 W InputMethodManagerService: Window already focused, ignoring focus gain of: com.android.internal.view.IInputMethodClient$Stub$Proxy@f742e53 attribute=null, token = android.os.BinderProxy@ceabfde
04-22 19:17:53.578   664  1488 I ActivityManager: Start proc 9686:system:ui/1000 for activity android/com.android.internal.app.ResolverActivity
04-22 19:17:56.405   664  1490 W ActivityManager: Finishing task with all activities already finished
04-22 19:17:56.405   664  1490 W ActivityManager: Duplicate finish request for ActivityRecord{b36a924 u0 android/com.android.internal.app.ResolverActivity t13 f}
04-22 19:18:28.681   664   676 I UsageStatsService: User[0] Flushing usage stats to disk
04-22 19:19:13.726   664   675 I ActivityManager: START u0 {cmp=com.icrealtime.allie/.ui.activities.PlayerActivity (has extras)} from uid 10183 on display 0
04-22 19:19:14.245   664  1046 W InputMethodManagerService: Window already focused, ignoring focus gain of: com.android.internal.view.IInputMethodClient$Stub$Proxy@c8d7b69 attribute=null, token = android.os.BinderProxy@2fcc6bb
04-22 19:19:14.416   664  1484 W InputMethodManagerService: Window already focused, ignoring focus gain of: com.android.internal.view.IInputMethodClient$Stub$Proxy@c30d708 attribute=null, token = android.os.BinderProxy@2fcc6bb
04-22 19:21:05.210   664   678 I ActivityManager: Config changes=480 {1.0 ?mcc?mnc en_GB ldltr sw768dp w768dp h952dp 320dpi xlrg port finger -keyb/v/h -nav/h s.30}
04-22 19:21:05.528   664   682 I WindowManager: Screen frozen for +345ms due to Window{39a7e69 u0 NavigationBar}
04-22 19:21:11.693   664  2198 I ActivityManager: START u0 {cmp=com.icrealtime.allie/.ui.activities.PlayerActivity (has extras)} from uid 10183 on display 0
04-22 19:21:15.704   664  2198 I ActivityManager: Config changes=480 {1.0 ?mcc?mnc en_GB ldltr sw768dp w1024dp h696dp 320dpi xlrg land finger -keyb/v/h -nav/h s.31}
04-22 19:21:16.190   664   682 I WindowManager: Screen frozen for +505ms due to Window{4339ffe u0 com.icrealtime.allie/com.icrealtime.allie.ui.activities.PlayerActivity}
04-22 19:21:19.071   664   747 D WifiService: Client connection lost with reason: 4
04-22 19:21:19.072   664   825 I ActivityManager: Process com.google.android.googlequicksearchbox:search (pid 9420) has died
04-22 19:21:26.219   664  1490 I ActivityManager: START u0 {cmp=com.icrealtime.allie/.ui.activities.ShareActivity (has extras)} from uid 10183 on display 0
04-22 19:23:36.954   664  2198 W InputMethodManagerService: Window already focused, ignoring focus gain of: com.android.internal.view.IInputMethodClient$Stub$Proxy@405ce28 attribute=null, token = android.os.BinderProxy@52b659d
04-22 19:23:41.752   664   675 W InputMethodManagerService: Window already focused, ignoring focus gain of: com.android.internal.view.IInputMethodClient$Stub$Proxy@c0c4a27 attribute=null, token = android.os.BinderProxy@52b659d
04-22 19:23:46.222   664  1485 W InputMethodManagerService: Window already focused, ignoring focus gain of: com.android.internal.view.IInputMethodClient$Stub$Proxy@768ba6c attribute=null, token = android.os.BinderProxy@52b659d
04-22 19:25:13.988   664  1046 W InputMethodManagerService: Window already focused, ignoring focus gain of: com.android.internal.view.IInputMethodClient$Stub$Proxy@bec7835 attribute=null, token = android.os.BinderProxy@52b659d
04-22 19:26:17.662   664   678 I ActivityManager: Config changes=480 {1.0 ?mcc?mnc en_GB ldltr sw768dp w768dp h952dp 320dpi xlrg port finger -keyb/v/h -nav/h s.32}
04-22 19:26:17.875   664   682 I WindowManager: Screen frozen for +242ms due to Window{ef41d34 u0 com.icrealtime.allie/com.icrealtime.allie.ui.activities.MainActivity}
04-22 19:26:18.663   664   678 I ActivityManager: Config changes=480 {1.0 ?mcc?mnc en_GB ldltr sw768dp w1024dp h696dp 320dpi xlrg land finger -keyb/v/h -nav/h s.33}
04-22 19:26:18.844   664   682 I WindowManager: Screen frozen for +192ms due to Window{3e3515 u0 com.icrealtime.allie/com.icrealtime.allie.ui.activities.MainActivity}
04-22 19:26:19.301   664   682 I ActivityManager: Config changes=480 {1.0 ?mcc?mnc en_GB ldltr sw768dp w768dp h952dp 320dpi xlrg port finger -keyb/v/h -nav/h s.34}
04-22 19:26:19.480   664   682 I WindowManager: Screen frozen for +200ms due to Window{9219a82 u0 com.icrealtime.allie/com.icrealtime.allie.ui.activities.MainActivity}
04-22 19:33:59.565   664   825 I ActivityManager: START u0 {cmp=com.icrealtime.allie/.ui.activities.PlayerActivity (has extras)} from uid 10183 on display 0
04-22 19:34:00.024   664   677 I ProcessStatsService: Prepared write state in 8ms
04-22 19:34:00.179   664   676 I ProcessStatsService: Pruning old procstats: /data/system/procstats/state-2016-04-20-18-10-00.bin
04-22 19:34:01.352   664   675 I ActivityManager: START u0 {cmp=com.icrealtime.allie/.ui.activities.ShareActivity (has extras)} from uid 10183 on display 0
04-22 19:36:08.552   664  1485 W InputMethodManagerService: Window already focused, ignoring focus gain of: com.android.internal.view.IInputMethodClient$Stub$Proxy@f81378c attribute=null, token = android.os.BinderProxy@6b725fb
04-22 19:36:12.257   664  1490 W InputMethodManagerService: Window already focused, ignoring focus gain of: com.android.internal.view.IInputMethodClient$Stub$Proxy@feb7b6 attribute=null, token = android.os.BinderProxy@6b725fb
04-22 19:36:16.449   664  1489 W InputMethodManagerService: Window already focused, ignoring focus gain of: com.android.internal.view.IInputMethodClient$Stub$Proxy@cb6a690 attribute=null, token = android.os.BinderProxy@6b725fb
04-22 19:36:19.155   664  1046 W InputMethodManagerService: Window already focused, ignoring focus gain of: com.android.internal.view.IInputMethodClient$Stub$Proxy@3e4fb89 attribute=null, token = android.os.BinderProxy@6b725fb
04-22 19:37:03.373   664   825 I ActivityManager: Start proc 10011:android.process.media/u0a6 for content provider com.android.providers.downloads/.DownloadProvider
04-22 19:37:03.745 10011 10031 W ActivityThread: ClassLoader.loadClass: The class loader returned by Thread.getContextClassLoader() may fail for processes that host multiple applications. You should explicitly specify a context class loader. For example: Thread.setContextClassLoader(getClass().getClassLoader());
04-22 19:37:07.427   664   674 I ActivityManager: START u0 {cmp=com.icrealtime.allie/.ui.activities.SocialActivity} from uid 10183 on display 0
--------- beginning of main
04-22 19:37:07.514   664   682 I ActivityManager: Displayed com.icrealtime.allie/.ui.activities.SocialActivity: +81ms
04-22 19:37:08.651   242   711 D audio_hw_primary: out_set_parameters: enter: usecase(0: playback) kvpairs: routing=2 out->devices(2) adev->mode(0)
04-22 19:37:08.678  1077  1077 I Keyboard.Facilitator: onFinishInput()
04-22 19:37:08.691   242   711 D AudioFlinger: mixer(0xab540fe8) throttle end: throttle time(3)
04-22 19:37:10.957 10011 10052 D DownloadManager: [2379] Finished with status SUCCESS
04-22 19:37:11.079  1092  1092 V GLSActivity: AuthDelegateWrapperCreated with selected intent: Intent { cmp=com.google.android.gms/.auth.DefaultAuthDelegateService }
04-22 19:37:11.107 10011 10055 V DownloadManager: Deleting /data/user/0/com.android.providers.downloads/cache/downloadfile.bin via provider delete
04-22 19:37:11.116  9494  9539 I Gmail   : AttachmentManager: start downloading attachment 1524 dlid=2380, conversationId: 1532321668870892164, messageId: 1532321668870892164, partId: 0.2, rendition: BEST, saveToSd: false
04-22 19:37:11.133 10011 10056 D DownloadManager: [2380] Starting
04-22 19:37:12.505 10011 10056 D DownloadManager: [2380] Finished with status SUCCESS
04-22 19:37:12.608  1092  1092 V GLSActivity: AuthDelegateWrapperCreated with selected intent: Intent { cmp=com.google.android.gms/.auth.DefaultAuthDelegateService }
04-22 19:37:12.638 10011 10059 V DownloadManager: Deleting /data/user/0/com.android.providers.downloads/cache/downloadfile.bin via provider delete
04-22 19:37:12.653  9494  9539 I Gmail   : AttachmentManager: start downloading attachment 1526 dlid=2381, conversationId: 1532321668870892164, messageId: 1532321668870892164, partId: 0.1, rendition: BEST, saveToSd: false
04-22 19:37:12.676 10011 10060 D DownloadManager: [2381] Starting
04-22 19:37:14.063 10011 10060 D DownloadManager: [2381] Finished with status SUCCESS
04-22 19:37:14.134   664   673 I art     : Background partial concurrent mark sweep GC freed 27862(1521KB) AllocSpace objects, 4(176KB) LOS objects, 33% free, 24MB/36MB, paused 4.098ms total 132.263ms
04-22 19:37:14.159  1092  1092 V GLSActivity: AuthDelegateWrapperCreated with selected intent: Intent { cmp=com.google.android.gms/.auth.DefaultAuthDelegateService }
04-22 19:37:14.181 10011 10063 V DownloadManager: Deleting /data/user/0/com.android.providers.downloads/cache/downloadfile.bin via provider delete
04-22 19:37:14.188  9494  9539 I Gmail   : AttachmentManager: start downloading attachment 1528 dlid=2382, conversationId: 1532321668870892164, messageId: 1532321668870892164, partId: 0.3, rendition: BEST, saveToSd: false
04-22 19:37:14.202 10011 10064 D DownloadManager: [2382] Starting
04-22 19:37:15.286 10011 10064 D DownloadManager: [2382] Finished with status SUCCESS
04-22 19:37:15.433 10011 10067 V DownloadManager: Deleting /data/user/0/com.android.providers.downloads/cache/downloadfile.bin via provider delete
04-22 19:37:21.109   664   678 I ActivityManager: Config changes=480 {1.0 ?mcc?mnc en_GB ldltr sw768dp w1024dp h696dp 320dpi xlrg land finger -keyb/v/h -nav/h s.35}
04-22 19:37:21.127   664   737 I InputReader: Reconfiguring input devices.  changes=0x00000004
04-22 19:37:21.127   664   737 I InputReader: Device reconfigured: id=1, name='synaptics_dsx', size 1536x2048, orientation 1, mode 1, display id 0
04-22 19:37:21.132  1077  1077 I Keyboard.Facilitator: onFinishInput()
04-22 19:37:21.150  8362  8362 I chatty  : uid=10183(com.icrealtime.allie) expire 249 lines
04-22 19:37:21.194   664 10071 V AudioService.RotationHelper: publishing device rotation =1 (x90deg)
04-22 19:37:21.283  8362  8362 E ActivityThread: Activity com.icrealtime.allie.ui.activities.MainActivity has leaked ServiceConnection com.icrealtime.allie.service.BackgroundServiceActivity$2@aa02ed3 that was originally bound here
04-22 19:37:21.283  8362  8362 E ActivityThread: android.app.ServiceConnectionLeaked: Activity com.icrealtime.allie.ui.activities.MainActivity has leaked ServiceConnection com.icrealtime.allie.service.BackgroundServiceActivity$2@aa02ed3 that was originally bound here
04-22 19:37:21.283  8362  8362 E ActivityThread: 	at android.app.LoadedApk$ServiceDispatcher.<init>(LoadedApk.java:1092)
04-22 19:37:21.283  8362  8362 E ActivityThread: 	at android.app.LoadedApk.getServiceDispatcher(LoadedApk.java:986)
04-22 19:37:21.283  8362  8362 E ActivityThread: 	at android.app.ContextImpl.bindServiceCommon(ContextImpl.java:1303)
04-22 19:37:21.283  8362  8362 E ActivityThread: 	at android.app.ContextImpl.bindService(ContextImpl.java:1286)
04-22 19:37:21.283  8362  8362 E ActivityThread: 	at android.content.ContextWrapper.bindService(ContextWrapper.java:604)
04-22 19:37:21.283  8362  8362 E ActivityThread: 	at com.icrealtime.allie.service.BackgroundServiceActivity.onStart(BackgroundServiceActivity.java:99)
04-22 19:37:21.283  8362  8362 E ActivityThread: 	at android.app.Instrumentation.callActivityOnStart(Instrumentation.java:1237)
04-22 19:37:21.283  8362  8362 E ActivityThread: 	at android.app.Activity.performStart(Activity.java:6268)
04-22 19:37:21.283  8362  8362 E ActivityThread: 	at android.app.Activity.performRestart(Activity.java:6314)
04-22 19:37:21.283  8362  8362 E ActivityThread: 	at android.app.Activity.performResume(Activity.java:6319)
04-22 19:37:21.283  8362  8362 E ActivityThread: 	at android.app.ActivityThread.performResumeActivity(ActivityThread.java:3092)
04-22 19:37:21.283  8362  8362 E ActivityThread: 	at android.app.ActivityThread.handleResumeActivity(ActivityThread.java:3134)
04-22 19:37:21.283  8362  8362 E ActivityThread: 	at android.app.ActivityThread$H.handleMessage(ActivityThread.java:1388)
04-22 19:37:21.283  8362  8362 E ActivityThread: 	at android.os.Handler.dispatchMessage(Handler.java:102)
04-22 19:37:21.283  8362  8362 E ActivityThread: 	at android.os.Looper.loop(Looper.java:148)
04-22 19:37:21.283  8362  8362 E ActivityThread: 	at android.app.ActivityThread.main(ActivityThread.java:5417)
04-22 19:37:21.283  8362  8362 E ActivityThread: 	at java.lang.reflect.Method.invoke(Native Method)
04-22 19:37:21.283  8362  8362 E ActivityThread: 	at com.android.internal.os.ZygoteInit$MethodAndArgsCaller.run(ZygoteInit.java:726)
04-22 19:37:21.283  8362  8362 E ActivityThread: 	at com.android.internal.os.ZygoteInit.main(ZygoteInit.java:616)
04-22 19:37:21.294  1077  1077 I Keyboard.Facilitator: onFinishInput()
04-22 19:37:21.295  8362  8472 I chatty  : uid=10183(com.icrealtime.allie) AsyncTask #1 expire 23 lines
04-22 19:37:21.304   664   682 I WindowManager: Screen frozen for +222ms due to Window{7411d6c u0 com.icrealtime.allie/com.icrealtime.allie.ui.activities.MainActivity}
04-22 19:37:21.756   664   682 I ActivityManager: Config changes=480 {1.0 ?mcc?mnc en_GB ldltr sw768dp w768dp h952dp 320dpi xlrg port finger -keyb/v/h -nav/h s.36}
04-22 19:37:21.760   664   737 I InputReader: Reconfiguring input devices.  changes=0x00000004
04-22 19:37:21.760   664   737 I InputReader: Device reconfigured: id=1, name='synaptics_dsx', size 1536x2048, orientation 0, mode 1, display id 0
04-22 19:37:21.784  1077  1077 I Keyboard.Facilitator: onFinishInput()
04-22 19:37:21.794   664 10074 V AudioService.RotationHelper: publishing device rotation =0 (x90deg)
04-22 19:37:21.942  1077  1077 I Keyboard.Facilitator: onFinishInput()
04-22 19:37:21.956   664   682 I WindowManager: Screen frozen for +216ms due to Window{dda7fed u0 com.icrealtime.allie/com.icrealtime.allie.ui.activities.MainActivity}
04-22 19:37:23.450   664   678 I ActivityManager: Config changes=480 {1.0 ?mcc?mnc en_GB ldltr sw768dp w1024dp h696dp 320dpi xlrg land finger -keyb/v/h -nav/h s.37}
04-22 19:37:23.458   664 10076 V AudioService.RotationHelper: publishing device rotation =1 (x90deg)
04-22 19:37:23.462   664   737 I InputReader: Reconfiguring input devices.  changes=0x00000004
04-22 19:37:23.462   664   737 I InputReader: Device reconfigured: id=1, name='synaptics_dsx', size 1536x2048, orientation 1, mode 1, display id 0
04-22 19:37:23.478  1077  1077 I Keyboard.Facilitator: onFinishInput()
04-22 19:37:23.612  1077  1077 I Keyboard.Facilitator: onFinishInput()
04-22 19:37:23.627   664   682 I WindowManager: Screen frozen for +194ms due to Window{1640f7a u0 com.icrealtime.allie/com.icrealtime.allie.ui.activities.MainActivity}
04-22 19:37:24.009   664   748 D ConnectivityService: notifyType CAP_CHANGED for NetworkAgentInfo [WIFI () - 101]
04-22 19:37:24.787   664 10078 V AudioService.RotationHelper: publishing device rotation =0 (x90deg)
04-22 19:37:24.797   664   678 I ActivityManager: Config changes=480 {1.0 ?mcc?mnc en_GB ldltr sw768dp w768dp h952dp 320dpi xlrg port finger -keyb/v/h -nav/h s.38}
04-22 19:37:24.815   664   737 I InputReader: Reconfiguring input devices.  changes=0x00000004
04-22 19:37:24.815   664   737 I InputReader: Device reconfigured: id=1, name='synaptics_dsx', size 1536x2048, orientation 0, mode 1, display id 0
04-22 19:37:24.822  1077  1077 I Keyboard.Facilitator: onFinishInput()
04-22 19:37:24.970  1077  1077 I Keyboard.Facilitator: onFinishInput()
04-22 19:37:24.972   664   682 I WindowManager: Screen frozen for +208ms due to Window{17b9ca3 u0 com.icrealtime.allie/com.icrealtime.allie.ui.activities.MainActivity}
04-22 19:37:26.976   664   682 I art     : Starting a blocking GC Explicit
04-22 19:37:27.037   664   682 I art     : Explicit concurrent mark sweep GC freed 12123(581KB) AllocSpace objects, 0(0B) LOS objects, 33% free, 24MB/36MB, paused 716us total 59.750ms
04-22 19:37:30.043   664   748 D ConnectivityService: notifyType CAP_CHANGED for NetworkAgentInfo [WIFI () - 101]
04-22 19:37:37.901   664   737 I InputReader: Reconfiguring input devices.  changes=0x00000004
04-22 19:37:37.901   664   737 I InputReader: Device reconfigured: id=1, name='synaptics_dsx', size 1536x2048, orientation 1, mode 1, display id 0
04-22 19:37:37.902   664   678 I ActivityManager: Config changes=480 {1.0 ?mcc?mnc en_GB ldltr sw768dp w1024dp h696dp 320dpi xlrg land finger -keyb/v/h -nav/h s.39}
04-22 19:37:37.908  8362  8362 I chatty  : uid=10183(com.icrealtime.allie) expire 272 lines
04-22 19:37:37.941   664 10095 V AudioService.RotationHelper: publishing device rotation =1 (x90deg)
04-22 19:37:37.991  1077  1077 I Keyboard.Facilitator: onFinishInput()
04-22 19:37:38.066  1077  1077 I Keyboard.Facilitator: onFinishInput()
04-22 19:37:38.080   664   682 I WindowManager: Screen frozen for +204ms due to Window{4fd2eb8 u0 com.icrealtime.allie/com.icrealtime.allie.ui.activities.MainActivity}
04-22 19:37:39.100   664   737 I InputReader: Reconfiguring input devices.  changes=0x00000004
04-22 19:37:39.100   664   737 I InputReader: Device reconfigured: id=1, name='synaptics_dsx', size 1536x2048, orientation 0, mode 1, display id 0
04-22 19:37:39.101   664   678 I ActivityManager: Config changes=480 {1.0 ?mcc?mnc en_GB ldltr sw768dp w768dp h952dp 320dpi xlrg port finger -keyb/v/h -nav/h s.40}
04-22 19:37:39.102   664   737 I InputReader: Reconfiguring input devices.  changes=0x00000004
04-22 19:37:39.125  1077  1077 I Keyboard.Facilitator: onFinishInput()
04-22 19:37:39.148   664 10096 V AudioService.RotationHelper: publishing device rotation =0 (x90deg)
04-22 19:37:39.286  1077  1077 I Keyboard.Facilitator: onFinishInput()
04-22 19:37:39.301   664   682 I WindowManager: Screen frozen for +228ms due to Window{da2d4c9 u0 com.icrealtime.allie/com.icrealtime.allie.ui.activities.MainActivity}
04-22 19:37:41.305   664   682 I art     : Starting a blocking GC Explicit
04-22 19:37:41.381   664   682 I art     : Explicit concurrent mark sweep GC freed 8045(429KB) AllocSpace objects, 5(116KB) LOS objects, 33% free, 24MB/36MB, paused 642us total 75.445ms
04-22 19:37:45.267   664   678 I ActivityManager: Config changes=480 {1.0 ?mcc?mnc en_GB ldltr sw768dp w1024dp h696dp 320dpi xlrg land finger -keyb/v/h -nav/h s.41}
04-22 19:37:45.269   664   737 I InputReader: Reconfiguring input devices.  changes=0x00000004
04-22 19:37:45.269   664   737 I InputReader: Device reconfigured: id=1, name='synaptics_dsx', size 1536x2048, orientation 1, mode 1, display id 0
04-22 19:37:45.276   664 10097 V AudioService.RotationHelper: publishing device rotation =1 (x90deg)
04-22 19:37:45.292  1077  1077 I Keyboard.Facilitator: onFinishInput()
04-22 19:37:45.426  8362  8472 I chatty  : uid=10183(com.icrealtime.allie) AsyncTask #1 expire 46 lines
04-22 19:37:45.445  1077  1077 I Keyboard.Facilitator: onFinishInput()
04-22 19:37:45.451   664   682 I WindowManager: Screen frozen for +216ms due to Window{e6142a6 u0 com.icrealtime.allie/com.icrealtime.allie.ui.activities.MainActivity}
04-22 19:37:46.570   664   737 I InputReader: Reconfiguring input devices.  changes=0x00000004
04-22 19:37:46.570   664   737 I InputReader: Device reconfigured: id=1, name='synaptics_dsx', size 1536x2048, orientation 0, mode 1, display id 0
04-22 19:37:46.573   664   678 I ActivityManager: Config changes=480 {1.0 ?mcc?mnc en_GB ldltr sw768dp w768dp h952dp 320dpi xlrg port finger -keyb/v/h -nav/h s.42}
04-22 19:37:46.587   664 10102 V AudioService.RotationHelper: publishing device rotation =0 (x90deg)
04-22 19:37:46.594  1077  1077 I Keyboard.Facilitator: onFinishInput()
04-22 19:37:46.772  1077  1077 I Keyboard.Facilitator: onFinishInput()
04-22 19:37:46.788   664   682 I WindowManager: Screen frozen for +245ms due to Window{d4ec9df u0 com.icrealtime.allie/com.icrealtime.allie.ui.activities.MainActivity}
04-22 19:37:48.524   664   678 I ActivityManager: Config changes=480 {1.0 ?mcc?mnc en_GB ldltr sw768dp w1024dp h696dp 320dpi xlrg land finger -keyb/v/h -nav/h s.43}
04-22 19:37:48.525   664   737 I InputReader: Reconfiguring input devices.  changes=0x00000004
04-22 19:37:48.525   664   737 I InputReader: Device reconfigured: id=1, name='synaptics_dsx', size 1536x2048, orientation 1, mode 1, display id 0
04-22 19:37:48.539  8362  8362 I chatty  : uid=10183(com.icrealtime.allie) expire 418 lines
04-22 19:37:48.579  1077  1077 I Keyboard.Facilitator: onFinishInput()
04-22 19:37:48.589   664 10111 V AudioService.RotationHelper: publishing device rotation =1 (x90deg)
04-22 19:37:48.712  8362  8477 I chatty  : uid=10183(com.icrealtime.allie) AsyncTask #2 expire 46 lines
04-22 19:37:48.721  1077  1077 I Keyboard.Facilitator: onFinishInput()
04-22 19:37:48.733   664   682 I WindowManager: Screen frozen for +220ms due to Window{ef4fec4 u0 com.icrealtime.allie/com.icrealtime.allie.ui.activities.MainActivity}
04-22 19:37:50.218   664 10112 V AudioService.RotationHelper: publishing device rotation =0 (x90deg)
04-22 19:37:50.230   664   678 I ActivityManager: Config changes=480 {1.0 ?mcc?mnc en_GB ldltr sw768dp w768dp h952dp 320dpi xlrg port finger -keyb/v/h -nav/h s.44}
04-22 19:37:50.232   664   737 I InputReader: Reconfiguring input devices.  changes=0x00000004
04-22 19:37:50.232   664   737 I InputReader: Device reconfigured: id=1, name='synaptics_dsx', size 1536x2048, orientation 0, mode 1, display id 0
04-22 19:37:50.310  1077  1077 I Keyboard.Facilitator: onFinishInput()
04-22 19:37:50.415  1077  1077 I Keyboard.Facilitator: onFinishInput()
04-22 19:37:50.430   664   682 I WindowManager: Screen frozen for +226ms due to Window{4211965 u0 com.icrealtime.allie/com.icrealtime.allie.ui.activities.MainActivity}
04-22 19:37:51.800   664   737 I InputReader: Reconfiguring input devices.  changes=0x00000004
04-22 19:37:51.800   664   737 I InputReader: Device reconfigured: id=1, name='synaptics_dsx', size 1536x2048, orientation 1, mode 1, display id 0
04-22 19:37:51.800   664   678 I ActivityManager: Config changes=480 {1.0 ?mcc?mnc en_GB ldltr sw768dp w1024dp h696dp 320dpi xlrg land finger -keyb/v/h -nav/h s.45}
04-22 19:37:51.822  1077  1077 I Keyboard.Facilitator: onFinishInput()
04-22 19:37:51.830   664 10113 V AudioService.RotationHelper: publishing device rotation =1 (x90deg)
04-22 19:37:51.961  8362  8489 I chatty  : uid=10183(com.icrealtime.allie) AsyncTask #3 expire 23 lines
04-22 19:37:51.970  1077  1077 I Keyboard.Facilitator: onFinishInput()
04-22 19:37:51.984   664   682 I WindowManager: Screen frozen for +221ms due to Window{d27e292 u0 com.icrealtime.allie/com.icrealtime.allie.ui.activities.MainActivity}
04-22 19:37:53.558   664   678 I ActivityManager: Config changes=480 {1.0 ?mcc?mnc en_GB ldltr sw768dp w768dp h952dp 320dpi xlrg port finger -keyb/v/h -nav/h s.46}
04-22 19:37:53.560   664   737 I InputReader: Reconfiguring input devices.  changes=0x00000004
04-22 19:37:53.560   664   737 I InputReader: Device reconfigured: id=1, name='synaptics_dsx', size 1536x2048, orientation 0, mode 1, display id 0
04-22 19:37:53.571   664 10114 V AudioService.RotationHelper: publishing device rotation =0 (x90deg)
04-22 19:37:53.675  1077  1077 I Keyboard.Facilitator: onFinishInput()
04-22 19:37:53.755  1077  1077 I Keyboard.Facilitator: onFinishInput()
04-22 19:37:53.765   664   682 I WindowManager: Screen frozen for +228ms due to Window{13bbcdb u0 com.icrealtime.allie/com.icrealtime.allie.ui.activities.MainActivity}
04-22 19:37:54.565   664 10115 V AudioService.RotationHelper: publishing device rotation =1 (x90deg)
04-22 19:37:54.574   664   678 I ActivityManager: Config changes=480 {1.0 ?mcc?mnc en_GB ldltr sw768dp w1024dp h696dp 320dpi xlrg land finger -keyb/v/h -nav/h s.47}
04-22 19:37:54.577   664   737 I InputReader: Reconfiguring input devices.  changes=0x00000004
04-22 19:37:54.577   664   737 I InputReader: Device reconfigured: id=1, name='synaptics_dsx', size 1536x2048, orientation 1, mode 1, display id 0
04-22 19:37:54.578   664   737 I InputReader: Reconfiguring input devices.  changes=0x00000004
04-22 19:37:54.599  1077  1077 I Keyboard.Facilitator: onFinishInput()
04-22 19:37:54.746  1077  1077 I Keyboard.Facilitator: onFinishInput()
04-22 19:37:54.759   664   682 I WindowManager: Screen frozen for +206ms due to Window{2521990 u0 com.icrealtime.allie/com.icrealtime.allie.ui.activities.MainActivity}
04-22 19:37:56.766   664   682 I art     : Starting a blocking GC Explicit
04-22 19:37:56.846   664   682 I art     : Explicit concurrent mark sweep GC freed 7595(354KB) AllocSpace objects, 0(0B) LOS objects, 33% free, 24MB/36MB, paused 637us total 79.556ms
04-22 19:37:57.727   664 10120 V AudioService.RotationHelper: publishing device rotation =0 (x90deg)
04-22 19:37:57.736   664   678 I ActivityManager: Config changes=480 {1.0 ?mcc?mnc en_GB ldltr sw768dp w768dp h952dp 320dpi xlrg port finger -keyb/v/h -nav/h s.48}
04-22 19:37:57.751   664   737 I InputReader: Reconfiguring input devices.  changes=0x00000004
04-22 19:37:57.751   664   737 I InputReader: Device reconfigured: id=1, name='synaptics_dsx', size 1536x2048, orientation 0, mode 1, display id 0
04-22 19:37:57.762  1077  1077 I Keyboard.Facilitator: onFinishInput()
04-22 19:37:57.914  1077  1077 I Keyboard.Facilitator: onFinishInput()
04-22 19:37:57.933   664   682 I WindowManager: Screen frozen for +217ms due to Window{3a569c1 u0 com.icrealtime.allie/com.icrealtime.allie.ui.activities.MainActivity}
04-22 19:37:59.938   664   682 I art     : Starting a blocking GC Explicit
04-22 19:38:00.020   664   682 I art     : Explicit concurrent mark sweep GC freed 4072(184KB) AllocSpace objects, 0(0B) LOS objects, 33% free, 24MB/36MB, paused 784us total 80.565ms
04-22 19:38:22.181   664  5651 D NetlinkSocketObserver: NeighborEvent{elapsedMs=11148151, 192.168.7.1, [F4F26D035B8B], RTM_NEWNEIGH, NUD_STALE}
04-22 19:38:57.954  1077  6398 I Keyboard.Facilitator.LanguageModelFlusher: run()
04-22 19:38:57.955  1077  6398 I Keyboard.Facilitator: flushDynamicLanguageModels()
04-22 19:38:57.982  1092  1092 I ConfigService: onCreate
04-22 19:39:03.086  1092  1092 I ConfigService: onDestroy
04-22 19:39:04.279   242   711 D audio_hw_primary: out_set_parameters: enter: usecase(0: playback) kvpairs: routing=2 out->devices(2) adev->mode(0)
04-22 19:39:04.723  1077  1077 I Keyboard.Facilitator: onFinishInput()
04-22 19:39:07.561   664  5651 D NetlinkSocketObserver: NeighborEvent{elapsedMs=11193531, 192.168.7.1, [F4F26D035B8B], RTM_NEWNEIGH, NUD_PROBE}
04-22 19:39:13.811   664   676 I UsageStatsService: User[0] Flushing usage stats to disk
04-22 19:39:29.981   664  5651 D NetlinkSocketObserver: NeighborEvent{elapsedMs=11215951, 192.168.7.1, [F4F26D035B8B], RTM_NEWNEIGH, NUD_STALE}
04-22 19:40:04.764  1077  6398 I Keyboard.Facilitator.LanguageModelFlusher: run()
04-22 19:40:04.764  1077  6398 I Keyboard.Facilitator: flushDynamicLanguageModels()
04-22 19:40:04.793  1092  1092 I ConfigService: onCreate
04-22 19:40:09.895  1092  1092 I ConfigService: onDestroy
04-22 19:40:20.978  1077  1077 I Keyboard.Facilitator: onFinishInput()
04-22 19:40:21.210   664  5651 D NetlinkSocketObserver: NeighborEvent{elapsedMs=11267181, 192.168.7.1, [F4F26D035B8B], RTM_NEWNEIGH, NUD_PROBE}
04-22 19:40:24.044   242   711 D audio_hw_primary: out_set_parameters: enter: usecase(0: playback) kvpairs: routing=2 out->devices(2) adev->mode(0)
04-22 19:40:24.494  1077  1077 I Keyboard.Facilitator: onFinishInput()
04-22 19:40:29.151   664  5651 D NetlinkSocketObserver: NeighborEvent{elapsedMs=11275121, 192.168.7.1, [F4F26D035B8B], RTM_NEWNEIGH, NUD_STALE}
04-22 19:41:08.221   664  5651 D NetlinkSocketObserver: NeighborEvent{elapsedMs=11314192, 192.168.7.1, [F4F26D035B8B], RTM_NEWNEIGH, NUD_PROBE}
04-22 19:41:15.950  1077  1077 I Keyboard.Facilitator: onFinishInput()
04-22 19:41:16.140   664  5651 D NetlinkSocketObserver: NeighborEvent{elapsedMs=11322111, 192.168.7.1, [F4F26D035B8B], RTM_NEWNEIGH, NUD_STALE}
04-22 19:41:16.615   242   711 D audio_hw_primary: out_set_parameters: enter: usecase(0: playback) kvpairs: routing=2 out->devices(2) adev->mode(0)
04-22 19:41:17.065  1077  1077 I Keyboard.Facilitator: onFinishInput()
04-22 19:41:17.526  8362  8362 I chatty  : uid=10183(com.icrealtime.allie) expire 36 lines
04-22 19:41:17.540   242   711 D audio_hw_primary: out_set_parameters: enter: usecase(0: playback) kvpairs: routing=2 out->devices(2) adev->mode(0)
04-22 19:41:17.566  8362  8489 I chatty  : uid=10183(com.icrealtime.allie) AsyncTask #3 expire 23 lines
04-22 19:41:17.579   242   711 D AudioFlinger: mixer(0xab540fe8) throttle end: throttle time(3)
04-22 19:41:17.956  1077  1077 I Keyboard.Facilitator: onFinishInput()
04-22 19:41:20.457  8362  8480 I chatty  : uid=10183(com.icrealtime.allie) Picasso-Idle expire 15 lines
04-22 19:41:20.469  8362  8693 I chatty  : uid=10183(com.icrealtime.allie) Picasso-Idle expire 18 lines
04-22 19:41:21.241   664  5651 D NetlinkSocketObserver: NeighborEvent{elapsedMs=11327211, 192.168.7.1, [F4F26D035B8B], RTM_NEWNEIGH, NUD_REACHABLE}
04-22 19:41:32.281   664  5651 D NetlinkSocketObserver: NeighborEvent{elapsedMs=11338251, 192.168.7.1, [F4F26D035B8B], RTM_NEWNEIGH, NUD_STALE}
04-22 19:42:12.081   664  5651 D NetlinkSocketObserver: NeighborEvent{elapsedMs=11378052, 192.168.7.1, [F4F26D035B8B], RTM_NEWNEIGH, NUD_PROBE}
04-22 19:42:17.997  1077  6398 I Keyboard.Facilitator.LanguageModelFlusher: run()
04-22 19:42:17.997  1077  6398 I Keyboard.Facilitator: flushDynamicLanguageModels()
04-22 19:42:18.016  1092  1092 I ConfigService: onCreate
04-22 19:42:20.021   664  5651 D NetlinkSocketObserver: NeighborEvent{elapsedMs=11385991, 192.168.7.1, [F4F26D035B8B], RTM_NEWNEIGH, NUD_STALE}
04-22 19:42:23.085  1092  1092 I ConfigService: onDestroy
04-22 19:42:23.284   664   677 I ActivityManager: Start proc 10145:com.glu.kandk/u0a167 for broadcast com.glu.kandk/com.glu.plugins.anotificationmanager.NotificationReceiver
04-22 19:42:23.328   664  1047 I ActivityManager: Killing 9410:com.google.android.talk/u0a57 (adj 15): empty for 1800s
04-22 19:42:23.450 10145 10145 I MultiDex: VM with version 2.1.0 has multidex support
04-22 19:42:23.450 10145 10145 I MultiDex: install
04-22 19:42:23.450 10145 10145 I MultiDex: VM has multidex support, MultiDex support library is disabled.
04-22 19:42:23.539 10145 10145 I GMPM    : App measurement is starting up, version: 8487
04-22 19:42:23.540 10145 10145 I GMPM    : To enable debug logging run: adb shell setprop log.tag.GMPM VERBOSE
04-22 19:42:23.573 10145 10145 E GMPM    : GoogleService failed to initialize, status: 10, Missing an expected resource: 'R.string.google_app_id' for initializing Google services.  Possible causes are missing google-services.json or com.google.gms.google-services gradle plugin.
04-22 19:42:23.573 10145 10145 E GMPM    : Scheduler not set. Not logging error/warn.
04-22 19:42:23.595 10145 10158 E GMPM    : Uploading is not possible. App measurement disabled
04-22 19:42:23.739  1326 10161 I EventLogService: Opted in for usage reporting
04-22 19:42:23.739  1326 10161 I EventLogService: Aggregate from 1461334343144 (log), 1461334343144 (data)
04-22 19:42:23.803  1326 10161 I ServiceDumpSys: dumping service [account]
04-22 19:42:24.246   664   675 I ActivityManager: Killing 9460:com.google.android.apps.photos/u0a67 (adj 15): empty for 1801s
04-22 19:42:28.760   664  5651 D NetlinkSocketObserver: NeighborEvent{elapsedMs=11394731, 192.168.7.1, [F4F26D035B8B], RTM_NEWNEIGH, NUD_REACHABLE}
04-22 19:42:32.130   664  5651 D NetlinkSocketObserver: NeighborEvent{elapsedMs=11398101, 192.168.7.1, [F4F26D035B8B], RTM_NEWNEIGH, NUD_STALE}
04-22 19:42:54.612  8362  8362 I chatty  : uid=10183(com.icrealtime.allie) expire 13 lines
04-22 19:42:54.615  8362  8692 I chatty  : uid=10183(com.icrealtime.allie) Picasso-Idle expire 12 lines
04-22 19:42:58.620   242   711 D audio_hw_primary: out_set_parameters: enter: usecase(0: playback) kvpairs: routing=2 out->devices(2) adev->mode(0)
04-22 19:42:59.070  1077  1077 I Keyboard.Facilitator: onFinishInput()
04-22 19:43:04.578  1077  1077 I Keyboard.Facilitator: onFinishInput()
04-22 19:43:05.318   242   711 D audio_hw_primary: out_set_parameters: enter: usecase(0: playback) kvpairs: routing=2 out->devices(2) adev->mode(0)
04-22 19:43:05.368  1077  1077 I Keyboard.Facilitator: onFinishInput()
04-22 19:43:06.225  8362  8472 I chatty  : uid=10183(com.icrealtime.allie) AsyncTask #1 expire 12 lines
04-22 19:43:06.232   242   711 D audio_hw_primary: out_set_parameters: enter: usecase(0: playback) kvpairs: routing=2 out->devices(2) adev->mode(0)
04-22 19:43:06.302  1754  1765 I chatty  : uid=1002(bluetooth) Binder_2 expire 11 lines
04-22 19:43:06.338  1754  1847 I chatty  : uid=1002(bluetooth) BT Service Call expire 224 lines
04-22 19:43:06.339  8362  8665 I chatty  : uid=10183(com.icrealtime.allie) Binder_6 expire 10 lines
04-22 19:43:06.339  1754  1957 I chatty  : uid=1002(bluetooth) Binder_3 expire 10 lines
04-22 19:43:06.350  1754  1866 I chatty  : uid=1002(bluetooth) BluetoothScanMa expire 31 lines
04-22 19:43:07.344  8362  8362 I chatty  : uid=10183(com.icrealtime.allie) expire 178 lines
04-22 19:43:16.376  1754  4321 I chatty  : uid=1002(bluetooth) Binder_4 expire 12 lines
04-22 19:43:16.388  1754  1764 I chatty  : uid=1002(bluetooth) Binder_1 expire 10 lines
04-22 19:43:16.457   664  1046 I ActivityManager: START u0 {cmp=com.icrealtime.allie/.ui.activities.FoundCamerasActivity (has extras)} from uid 10183 on display 0
04-22 19:43:16.588  1077  1077 I Keyboard.Facilitator: onFinishInput()
04-22 19:43:16.589   664   682 I ActivityManager: Displayed com.icrealtime.allie/.ui.activities.FoundCamerasActivity: +118ms
04-22 19:43:26.272   242   711 D audio_hw_primary: out_set_parameters: enter: usecase(0: playback) kvpairs: routing=2 out->devices(2) adev->mode(0)
04-22 19:43:26.278  8362  8362 I chatty  : uid=10183(com.icrealtime.allie) expire 25 lines
04-22 19:43:26.280  8362  8477 I chatty  : uid=10183(com.icrealtime.allie) AsyncTask #2 expire 20 lines
04-22 19:43:26.344  1754  1847 I chatty  : uid=1002(bluetooth) BT Service Call expire 33 lines
04-22 19:43:26.344  8362  8536 I chatty  : uid=10183(com.icrealtime.allie) Binder_4 expire 4 lines
04-22 19:43:27.912  1754  1754 I chatty  : uid=1002(bluetooth) com.android.bluetooth expire 8 lines
04-22 19:43:28.056  8362  8640 I chatty  : uid=10183(com.icrealtime.allie) Binder_5 expire 11 lines
04-22 19:43:28.469  1754  1936 I chatty  : uid=1002(bluetooth) bluedroid wake/ expire 11 lines
04-22 19:43:28.471  8362  8374 I chatty  : uid=10183(com.icrealtime.allie) Binder_2 expire 12 lines
04-22 19:43:28.475  8362 10172 I chatty  : uid=10183(com.icrealtime.allie) expire 3 lines
04-22 19:43:29.622  8362 10173 I chatty  : uid=10183(com.icrealtime.allie) expire 9 lines
04-22 19:43:29.774  8362 10174 I chatty  : uid=10183(com.icrealtime.allie) expire 1 line
04-22 19:43:29.817  8362  8373 I chatty  : uid=10183(com.icrealtime.allie) Binder_1 expire 8 lines
04-22 19:43:29.901  8362  8473 I chatty  : uid=10183(com.icrealtime.allie) Binder_3 expire 10 lines
04-22 19:43:30.009  8362 10182 I chatty  : uid=10183(com.icrealtime.allie) expire 1 line
04-22 19:43:30.054  8362 10183 I chatty  : uid=10183(com.icrealtime.allie) expire 2 lines
04-22 19:43:30.274   664  1484 W InputMethodManagerService: Window already focused, ignoring focus gain of: com.android.internal.view.IInputMethodClient$Stub$Proxy@7376e87 attribute=null, token = android.os.BinderProxy@1699ff0
04-22 19:43:30.308  1077  1077 I Keyboard.Facilitator: onFinishInput()
04-22 19:43:30.308  1077  1077 D KeyboardTheme: No property defined for ro.com.google.ime.theme_id
04-22 19:43:30.344  1077  1077 W RichInputMethodSubtype: Can't find emoji subtype
04-22 19:43:30.344  1077  1077 W RichInputMethodSubtype: No input method subtype found; returning dummy subtype: Multi-lingual subtype: android.view.inputmethod.InputMethodSubtype@d78b2ed0, zz
04-22 19:43:30.397  1077  1077 I EmojiCategory: Last Emoji category id is 8
04-22 19:43:30.411  1077  1077 W ViewPager: Requested offscreen page limit 0 too small; defaulting to 1
04-22 19:43:30.412   242   711 D audio_hw_primary: out_set_parameters: enter: usecase(0: playback) kvpairs: routing=2 out->devices(2) adev->mode(0)
04-22 19:43:30.414  1077  1077 I Keyboard.Facilitator: onStartInput()
04-22 19:43:30.420  1077  1077 D KeyboardTheme: No property defined for ro.com.google.ime.theme_id
04-22 19:43:30.420  1077  1077 I LatinIME: Starting input. Cursor position = 0,0
04-22 19:43:30.453  1077  1077 I Keyboard.Facilitator: resetDictionaries() : no-op
04-22 19:43:30.453  1077  1077 I StatsUtilsManager: onLoadSettings()
04-22 19:43:30.460   242   711 D AudioFlinger: mixer(0xab540fe8) throttle end: throttle time(10)
04-22 19:43:46.937  1092  5700 I GCM     : GCM message GSYNC_TICKLE 0:1461336226528520%e7a7135331877667
04-22 19:43:46.977  8392 10185 I SubscribedFeeds: Received message
04-22 19:43:47.018  9494 10186 W Gmail   : Sync started for account: account:1745034340
04-22 19:43:47.019  9494 10186 I Gmail   : notifyAccountChanged
04-22 19:43:47.021  9494  9509 I Gmail   : getAccountsCursor
04-22 19:43:47.027  1092  1092 V GLSActivity: AuthDelegateWrapperCreated with selected intent: Intent { cmp=com.google.android.gms/.auth.DefaultAuthDelegateService }
04-22 19:43:47.041  1092  1092 V GLSActivity: AuthDelegateWrapperCreated with selected intent: Intent { cmp=com.google.android.gms/.auth.DefaultAuthDelegateService }
04-22 19:43:47.043  1092  1092 V GLSActivity: AuthDelegateWrapperCreated with selected intent: Intent { cmp=com.google.android.gms/.auth.DefaultAuthDelegateService }
04-22 19:43:47.047  9494 10186 I Gmail   : MainSyncRequestProto: lowestBkwdConvoId: 0, highestHandledServerOp: 212781, normalSync: true
04-22 19:43:47.063  9494  9509 W Gmail   : AccountHistory cannot find the addedEvent of 1745034340 (went back to 1745034340)
04-22 19:43:47.072  1092  1092 V GLSActivity: AuthDelegateWrapperCreated with selected intent: Intent { cmp=com.google.android.gms/.auth.DefaultAuthDelegateService }
04-22 19:43:47.081  9494  9509 W Gmail   : AccountHistory cannot find the addedEvent of 1291970212 (went back to 1291970212)
04-22 19:43:47.573  1092  1092 V GLSActivity: AuthDelegateWrapperCreated with selected intent: Intent { cmp=com.google.android.gms/.auth.DefaultAuthDelegateService }
04-22 19:43:47.648  9494 10186 I Gmail   : MainSyncRequestProto: lowestBkwdConvoId: 0, highestHandledServerOp: 212840, normalSync: true
04-22 19:43:47.671  1092  1092 V GLSActivity: AuthDelegateWrapperCreated with selected intent: Intent { cmp=com.google.android.gms/.auth.DefaultAuthDelegateService }
04-22 19:43:47.973  1092  1092 V GLSActivity: AuthDelegateWrapperCreated with selected intent: Intent { cmp=com.google.android.gms/.auth.DefaultAuthDelegateService }
04-22 19:43:48.066  9494 10186 I Gmail   : MainSyncRequestProto: lowestBkwdConvoId: 0, highestHandledServerOp: 212840, normalSync: true
04-22 19:43:48.067  9494 10186 I Gmail   : lowestBackward conversation id 0
04-22 19:43:48.119  9494 10186 I Gmail   : Sending provider changed intent: Intent { act=android.intent.action.PROVIDER_CHANGED dat=content://gmail-ls/unread/^i (has extras) }
04-22 19:43:48.124  9494 10191 I NotifUtils: Validating Notification, mapSize: 1 getAttention: true ignoreUnobtrusive: false
04-22 19:43:48.142  9494 10186 I Gmail   : notifyAccountChanged
04-22 19:43:48.150  9494  9510 I Gmail   : getAccountsCursor
04-22 19:43:48.153  9494 10186 W Gmail   : Sync complete for account: account:1745034340
04-22 19:43:48.153  1092  1092 V GLSActivity: AuthDelegateWrapperCreated with selected intent: Intent { cmp=com.google.android.gms/.auth.DefaultAuthDelegateService }
04-22 19:43:48.163  9494  9510 W Gmail   : AccountHistory cannot find the addedEvent of 1745034340 (went back to 1745034340)
04-22 19:43:48.171  9494  9510 W Gmail   : AccountHistory cannot find the addedEvent of 1291970212 (went back to 1291970212)
04-22 19:43:48.197  9494 10191 I NotifUtils: Unseen count doesn't match cursor count.  unseen: 526 cursor count: 503
04-22 19:43:48.199  9494 10191 I NotifUtils: Showing notification with unreadCount of 601 and unseenCount of 503
04-22 19:43:48.733  9494 10191 I NotifUtils: Account: 1745034340 vibrate: false
04-22 19:43:48.734  9494 10191 I NotifUtils: New email in 1745034340 vibrateWhen: false, playing notification: content://settings/system/notification_sound
04-22 19:43:49.144  1326  1928 I Icing   : Indexing 8A3E89B1C237AD0BEE6E27F657D8FD79256E8B86 from com.google.android.gm
04-22 19:43:49.225  1326  1928 I Icing   : Indexing done 8A3E89B1C237AD0BEE6E27F657D8FD79256E8B86
04-22 19:43:50.786  1077  1077 I Keyboard.Facilitator: onFinishInput()
04-22 19:43:51.911   664  5651 D NetlinkSocketObserver: NeighborEvent{elapsedMs=11477881, 192.168.7.1, [F4F26D035B8B], RTM_NEWNEIGH, NUD_REACHABLE}
04-22 19:43:52.491   242   711 D audio_hw_primary: out_set_parameters: enter: usecase(0: playback) kvpairs: routing=2 out->devices(2) adev->mode(0)
04-22 19:43:52.493  8362  8477 I chatty  : uid=10183(com.icrealtime.allie) AsyncTask #2 expire 22 lines
04-22 19:43:52.498  1754  1847 I chatty  : uid=1002(bluetooth) BT Service Call expire 37 lines
04-22 19:43:52.500  1754  1866 I chatty  : uid=1002(bluetooth) BluetoothScanMa expire 10 lines
04-22 19:43:54.098  8362  8362 I chatty  : uid=10183(com.icrealtime.allie) expire 26 lines
04-22 19:43:54.887  8362 10201 I chatty  : uid=10183(com.icrealtime.allie) expire 3 lines
04-22 19:43:55.860   664  5651 D NetlinkSocketObserver: NeighborEvent{elapsedMs=11481831, 192.168.7.1, [F4F26D035B8B], RTM_NEWNEIGH, NUD_STALE}
04-22 19:43:56.039  8362 10202 I chatty  : uid=10183(com.icrealtime.allie) expire 9 lines
04-22 19:43:56.191  8362 10203 I chatty  : uid=10183(com.icrealtime.allie) expire 1 line
04-22 19:43:56.446  8362 10207 I chatty  : uid=10183(com.icrealtime.allie) expire 1 line
04-22 19:43:56.476  1754  1936 I chatty  : uid=1002(bluetooth) bluedroid wake/ expire 12 lines
04-22 19:43:56.499  8362 10208 I chatty  : uid=10183(com.icrealtime.allie) expire 2 lines
04-22 19:43:56.731   664  3249 W InputMethodManagerService: Window already focused, ignoring focus gain of: com.android.internal.view.IInputMethodClient$Stub$Proxy@b6b3f6a attribute=null, token = android.os.BinderProxy@1699ff0
04-22 19:44:09.071   242   711 D audio_hw_primary: out_set_parameters: enter: usecase(0: playback) kvpairs: routing=2 out->devices(2) adev->mode(0)
04-22 19:44:09.093   664  1484 W InputMethodManagerService: Window already focused, ignoring focus gain of: com.android.internal.view.IInputMethodClient$Stub$Proxy@575e836 attribute=null, token = android.os.BinderProxy@1699ff0
04-22 19:44:10.988   242   711 D audio_hw_primary: out_set_parameters: enter: usecase(0: playback) kvpairs: routing=2 out->devices(2) adev->mode(0)
04-22 19:44:11.028  8362  8362 I chatty  : uid=10183(com.icrealtime.allie) expire 53 lines
04-22 19:44:11.031  1077  1077 I Keyboard.Facilitator: onFinishInput()
04-22 19:44:12.278   242   711 D audio_hw_primary: out_set_parameters: enter: usecase(0: playback) kvpairs: routing=2 out->devices(2) adev->mode(0)
04-22 19:44:12.304  1077  1077 I Keyboard.Facilitator: onFinishInput()
04-22 19:44:12.318   242   711 D AudioFlinger: mixer(0xab540fe8) throttle end: throttle time(3)
