04-22 18:35:14.830   664  1234 I WindowState: WIN DEATH: Window{10bc661 u0 com.google.android.googlequicksearchbox/com.google.android.apps.gsa.searchnow.SearchNowActivity}
04-22 18:35:14.830   664   825 D ConnectivityService: ConnectivityService NetworkRequestInfo binderDied(NetworkRequest [ id=8, legacyType=-1, [ Capabilities: INTERNET&NOT_RESTRICTED&TRUSTED&NOT_VPN] ], android.os.BinderProxy@1193fc5)
04-22 18:35:14.831   664   747 D WifiService: Client connection lost with reason: 4
04-22 18:35:14.831   664   748 D ConnectivityService: releasing NetworkRequest NetworkRequest [ id=8, legacyType=-1, [ Capabilities: INTERNET&NOT_RESTRICTED&TRUSTED&NOT_VPN] ]
04-22 18:35:14.832   664   748 E ConnectivityService: RemoteException caught trying to send a callback msg for NetworkRequest [ id=8, legacyType=-1, [ Capabilities: INTERNET&NOT_RESTRICTED&TRUSTED&NOT_VPN] ]
04-22 18:35:14.934   664  1489 I ActivityManager: Process com.google.android.googlequicksearchbox:search (pid 2792) has died
04-22 18:35:22.781   664   678 I ActivityManager: Config changes=480 {1.0 ?mcc?mnc en_GB ldltr sw768dp w1024dp h696dp 320dpi xlrg land finger -keyb/v/h -nav/h s.15}
04-22 18:35:22.997   664   682 I WindowManager: Screen frozen for +235ms due to Window{c386ae5 u0 com.icrealtime.allie/com.icrealtime.allie.ui.activities.PlayerActivity}
04-22 18:36:07.755   664   748 D ConnectivityService: notifyType CAP_CHANGED for NetworkAgentInfo [WIFI () - 101]
04-22 18:36:09.208   664  1234 I ActivityManager: START u0 {cmp=com.icrealtime.allie/.ui.activities.SettingsActivity (has extras)} from uid 10183 on display 0
04-22 18:36:10.755   664   748 D ConnectivityService: notifyType CAP_CHANGED for NetworkAgentInfo [WIFI () - 101]
04-22 18:36:14.177   664  2198 W InputMethodManagerService: Window already focused, ignoring focus gain of: com.android.internal.view.IInputMethodClient$Stub$Proxy@81389a3 attribute=null, token = android.os.BinderProxy@6664eb1
04-22 18:36:17.614   664  1047 W InputMethodManagerService: Window already focused, ignoring focus gain of: com.android.internal.view.IInputMethodClient$Stub$Proxy@1fa6115 attribute=null, token = android.os.BinderProxy@6664eb1
04-22 18:36:17.801   664   747 D WifiService: New client listening to asynchronous messages
04-22 18:36:18.496   664   674 W InputMethodManagerService: Window already focused, ignoring focus gain of: com.android.internal.view.IInputMethodClient$Stub$Proxy@8ca2193 attribute=null, token = android.os.BinderProxy@e5709dc
04-22 18:36:19.065   664  1484 W InputMethodManagerService: Window already focused, ignoring focus gain of: com.android.internal.view.IInputMethodClient$Stub$Proxy@dae2194 attribute=null, token = android.os.BinderProxy@e5709dc
04-22 18:36:27.615   664   677 W ActivityManager: Launch timeout has expired, giving up wake lock!
04-22 18:37:42.493   664   676 I UsageStatsService: User[0] Flushing usage stats to disk
04-22 18:37:53.194   664   748 D ConnectivityService: notifyType CAP_CHANGED for NetworkAgentInfo [WIFI () - 101]
04-22 18:37:56.211   664   748 D ConnectivityService: notifyType CAP_CHANGED for NetworkAgentInfo [WIFI () - 101]
04-22 18:38:08.349   664   736 I ActivityManager: START u0 {act=android.intent.action.MAIN cat=[android.intent.category.HOME] flg=0x10200000 cmp=com.google.android.googlequicksearchbox/com.google.android.launcher.GEL (has extras)} from uid 1000 on display 0
04-22 18:38:09.725   664  1489 I ActivityManager: Start proc 7135:com.google.android.googlequicksearchbox:search/u0a23 for service com.google.android.googlequicksearchbox/com.google.android.apps.gsa.search.core.service.SearchService
04-22 18:38:10.684   664  1489 I ActivityManager: Process com.glu.kandk (pid 6966) has died
04-22 18:38:10.802   664  1485 I ActivityManager: Start proc 7150:com.google.process.gapps/u0a8 for content provider com.google.android.gsf/.gservices.GservicesProvider
04-22 18:38:11.197   664   747 D WifiService: New client listening to asynchronous messages
04-22 18:38:11.663   664  1489 I ActivityManager: Start proc 7173:com.google.android.partnersetup/u0a12 for content provider com.google.android.partnersetup/.RlzAppProvider
04-22 18:38:11.853   664   675 I WindowState: WIN DEATH: Window{cd693d0 u0 com.android.chrome/org.chromium.chrome.browser.ChromeTabbedActivity}
04-22 18:38:11.854   664   675 W WindowManager: Force-removing child win Window{f96fd43 u0 SurfaceView} from container Window{cd693d0 u0 com.android.chrome/org.chromium.chrome.browser.ChromeTabbedActivity}
04-22 18:38:11.855   664  1485 D ConnectivityService: ConnectivityService NetworkRequestInfo binderDied(NetworkRequest [ id=9, legacyType=-1, [ Capabilities: INTERNET&NOT_RESTRICTED&TRUSTED&NOT_VPN] ], android.os.BinderProxy@9466fc0)
04-22 18:38:11.855   664   748 D ConnectivityService: releasing NetworkRequest NetworkRequest [ id=9, legacyType=-1, [ Capabilities: INTERNET&NOT_RESTRICTED&TRUSTED&NOT_VPN] ]
04-22 18:38:11.856   664   748 E ConnectivityService: RemoteException caught trying to send a callback msg for NetworkRequest [ id=9, legacyType=-1, [ Capabilities: INTERNET&NOT_RESTRICTED&TRUSTED&NOT_VPN] ]
04-22 18:38:11.897   664  1047 I ActivityManager: Process com.android.chrome (pid 5926) has died
04-22 18:38:12.015   664  1047 W ActivityManager: Exception when unbinding service com.android.chrome/org.chromium.content.app.SandboxedProcessService0
04-22 18:38:12.015   664  1047 W ActivityManager: android.os.DeadObjectException: Transaction failed on small parcel; remote process probably died
04-22 18:38:12.015   664  1047 W ActivityManager: 	at android.os.BinderProxy.transactNative(Native Method)
04-22 18:38:12.015   664  1047 W ActivityManager: 	at android.os.BinderProxy.transact(Binder.java:503)
04-22 18:38:12.015   664  1047 W ActivityManager: 	at android.app.ApplicationThreadProxy.scheduleUnbindService(ApplicationThreadNative.java:956)
04-22 18:38:12.015   664  1047 W ActivityManager: 	at com.android.server.am.ActiveServices.removeConnectionLocked(ActiveServices.java:1874)
04-22 18:38:12.015   664  1047 W ActivityManager: 	at com.android.server.am.ActiveServices.killServicesLocked(ActiveServices.java:2237)
04-22 18:38:12.015   664  1047 W ActivityManager: 	at com.android.server.am.ActivityManagerService.cleanUpApplicationRecordLocked(ActivityManagerService.java:15543)
04-22 18:38:12.015   664  1047 W ActivityManager: 	at com.android.server.am.ActivityManagerService.handleAppDiedLocked(ActivityManagerService.java:4567)
04-22 18:38:12.015   664  1047 W ActivityManager: 	at com.android.server.am.ActivityManagerService.appDiedLocked(ActivityManagerService.java:4730)
04-22 18:38:12.015   664  1047 W ActivityManager: 	at com.android.server.am.ActivityManagerService$AppDeathRecipient.binderDied(ActivityManagerService.java:1324)
04-22 18:38:12.015   664  1047 W ActivityManager: 	at android.os.BinderProxy.sendDeathNotice(Binder.java:558)
04-22 18:38:12.017   664  1047 I ActivityManager: Killing 5945:com.android.chrome:sandboxed_process0/u0a35i0 (adj 9): isolated not needed
04-22 18:38:12.017   664  1047 W libprocessgroup: failed to open /acct/uid_10035/pid_5945/cgroup.procs: No such file or directory
04-22 18:38:12.017   664  1047 W ActivityManager: Exception when unbinding service com.android.chrome/org.chromium.content.app.PrivilegedProcessService0
04-22 18:38:12.017   664  1047 W ActivityManager: android.os.DeadObjectException: Transaction failed on small parcel; remote process probably died
04-22 18:38:12.017   664  1047 W ActivityManager: 	at android.os.BinderProxy.transactNative(Native Method)
04-22 18:38:12.017   664  1047 W ActivityManager: 	at android.os.BinderProxy.transact(Binder.java:503)
04-22 18:38:12.017   664  1047 W ActivityManager: 	at android.app.ApplicationThreadProxy.scheduleUnbindService(ApplicationThreadNative.java:956)
04-22 18:38:12.017   664  1047 W ActivityManager: 	at com.android.server.am.ActiveServices.removeConnectionLocked(ActiveServices.java:1874)
04-22 18:38:12.017   664  1047 W ActivityManager: 	at com.android.server.am.ActiveServices.killServicesLocked(ActiveServices.java:2237)
04-22 18:38:12.017   664  1047 W ActivityManager: 	at com.android.server.am.ActivityManagerService.cleanUpApplicationRecordLocked(ActivityManagerService.java:15543)
04-22 18:38:12.017   664  1047 W ActivityManager: 	at com.android.server.am.ActivityManagerService.handleAppDiedLocked(ActivityManagerService.java:4567)
04-22 18:38:12.017   664  1047 W ActivityManager: 	at com.android.server.am.ActivityManagerService.appDiedLocked(ActivityManagerService.java:4730)
04-22 18:38:12.017   664  1047 W ActivityManager: 	at com.android.server.am.ActivityManagerService$AppDeathRecipient.binderDied(ActivityManagerService.java:1324)
04-22 18:38:12.017   664  1047 W ActivityManager: 	at android.os.BinderProxy.sendDeathNotice(Binder.java:558)
04-22 18:38:12.100   664  1490 I ActivityManager: Process com.android.chrome:privileged_process0 (pid 5981) has died
04-22 18:38:13.637   664  1485 I ActivityManager: START u0 {act=android.intent.action.MAIN cat=[android.intent.category.LAUNCHER] flg=0x10200000 cmp=com.icrealtime.allie/.ui.activities.PreloaderActivity (has extras)} from uid 10023 on display 0
04-22 18:38:14.051   664  3249 W InputMethodManagerService: Window already focused, ignoring focus gain of: com.android.internal.view.IInputMethodClient$Stub$Proxy@f507825 attribute=null, token = android.os.BinderProxy@e5709dc
04-22 18:38:14.524   664  1047 W InputMethodManagerService: Window already focused, ignoring focus gain of: com.android.internal.view.IInputMethodClient$Stub$Proxy@d354608 attribute=null, token = android.os.BinderProxy@e5709dc
04-22 18:38:21.781   664  2198 I ActivityManager: START u0 {cmp=com.icrealtime.allie/.ui.activities.SettingsActivity (has extras)} from uid 10183 on display 0
04-22 18:38:24.588   664  3249 W InputMethodManagerService: Window already focused, ignoring focus gain of: com.android.internal.view.IInputMethodClient$Stub$Proxy@2ec6868 attribute=null, token = android.os.BinderProxy@2f3e19e
04-22 18:38:27.871   664  2198 W InputMethodManagerService: Window already focused, ignoring focus gain of: com.android.internal.view.IInputMethodClient$Stub$Proxy@f9e5967 attribute=null, token = android.os.BinderProxy@2f3e19e
04-22 18:39:28.609   664   825 I ActivityManager: START u0 {cmp=com.icrealtime.allie/.ui.activities.SettingsActivity (has extras)} from uid 10183 on display 0
04-22 18:39:28.888   664  2198 I ActivityManager: Process com.google.android.partnersetup (pid 7173) has died
04-22 18:39:31.192   664   675 W InputMethodManagerService: Window already focused, ignoring focus gain of: com.android.internal.view.IInputMethodClient$Stub$Proxy@680095b attribute=null, token = android.os.BinderProxy@4f81c29
04-22 18:39:34.226   664  3249 W InputMethodManagerService: Window already focused, ignoring focus gain of: com.android.internal.view.IInputMethodClient$Stub$Proxy@7d89936 attribute=null, token = android.os.BinderProxy@4f81c29
04-22 18:39:34.509   664   825 W InputMethodManagerService: Window already focused, ignoring focus gain of: com.android.internal.view.IInputMethodClient$Stub$Proxy@7ee493c attribute=null, token = android.os.BinderProxy@e5709dc
04-22 18:39:35.445   664  1488 W InputMethodManagerService: Window already focused, ignoring focus gain of: com.android.internal.view.IInputMethodClient$Stub$Proxy@deda079 attribute=null, token = android.os.BinderProxy@e5709dc
04-22 18:39:38.462   664  1485 W WindowManager: Failed looking up window
04-22 18:39:38.462   664  1485 W WindowManager: java.lang.IllegalArgumentException: Requested window android.os.BinderProxy@ba861be does not exist
04-22 18:39:38.462   664  1485 W WindowManager: 	at com.android.server.wm.WindowManagerService.windowForClientLocked(WindowManagerService.java:8736)
04-22 18:39:38.462   664  1485 W WindowManager: 	at com.android.server.wm.WindowManagerService.windowForClientLocked(WindowManagerService.java:8727)
04-22 18:39:38.462   664  1485 W WindowManager: 	at com.android.server.wm.WindowManagerService.removeWindow(WindowManagerService.java:2698)
04-22 18:39:38.462   664  1485 W WindowManager: 	at com.android.server.wm.Session.remove(Session.java:187)
04-22 18:39:38.462   664  1485 W WindowManager: 	at android.view.IWindowSession$Stub.onTransact(IWindowSession.java:242)
04-22 18:39:38.462   664  1485 W WindowManager: 	at com.android.server.wm.Session.onTransact(Session.java:130)
04-22 18:39:38.462   664  1485 W WindowManager: 	at android.os.Binder.execTransact(Binder.java:453)
04-22 18:39:38.464   664  1234 W WindowManager: Failed looking up window
04-22 18:39:38.464   664  1234 W WindowManager: java.lang.IllegalArgumentException: Requested window android.os.BinderProxy@88eb66e does not exist
04-22 18:39:38.464   664  1234 W WindowManager: 	at com.android.server.wm.WindowManagerService.windowForClientLocked(WindowManagerService.java:8736)
04-22 18:39:38.464   664  1234 W WindowManager: 	at com.android.server.wm.WindowManagerService.windowForClientLocked(WindowManagerService.java:8727)
04-22 18:39:38.464   664  1234 W WindowManager: 	at com.android.server.wm.WindowManagerService.removeWindow(WindowManagerService.java:2698)
04-22 18:39:38.464   664  1234 W WindowManager: 	at com.android.server.wm.Session.remove(Session.java:187)
04-22 18:39:38.464   664  1234 W WindowManager: 	at android.view.IWindowSession$Stub.onTransact(IWindowSession.java:242)
04-22 18:39:38.464   664  1234 W WindowManager: 	at com.android.server.wm.Session.onTransact(Session.java:130)
04-22 18:39:38.464   664  1234 W WindowManager: 	at android.os.Binder.execTransact(Binder.java:453)
04-22 18:39:42.231   664  1047 I ActivityManager: START u0 {cmp=com.icrealtime.allie/.ui.activities.PlayerActivity (has extras)} from uid 10183 on display 0
04-22 18:39:42.577   664  1047 W InputMethodManagerService: Window already focused, ignoring focus gain of: com.android.internal.view.IInputMethodClient$Stub$Proxy@39092ef attribute=null, token = android.os.BinderProxy@dc1091
04-22 18:39:48.329   664  1484 I ActivityManager: START u0 {cmp=com.icrealtime.allie/.ui.activities.SettingsActivity (has extras)} from uid 10183 on display 0
04-22 18:39:50.732   664  1046 W InputMethodManagerService: Window already focused, ignoring focus gain of: com.android.internal.view.IInputMethodClient$Stub$Proxy@3a2e1d7 attribute=null, token = android.os.BinderProxy@182b483
04-22 18:39:54.177   664  1484 W InputMethodManagerService: Window already focused, ignoring focus gain of: com.android.internal.view.IInputMethodClient$Stub$Proxy@d02b8e2 attribute=null, token = android.os.BinderProxy@182b483
04-22 18:40:35.692   664  1488 I ActivityManager: START u0 {cmp=com.icrealtime.allie/.ui.activities.PlayerActivity (has extras)} from uid 10183 on display 0
04-22 18:41:42.843   664  1488 I ActivityManager: START u0 {cmp=com.icrealtime.allie/.ui.activities.PlayerActivity (has extras)} from uid 10183 on display 0
04-22 18:42:15.405   664   678 I ActivityManager: Config changes=480 {1.0 ?mcc?mnc en_GB ldltr sw768dp w768dp h952dp 320dpi xlrg port finger -keyb/v/h -nav/h s.16}
04-22 18:42:15.689   664   682 I WindowManager: Screen frozen for +316ms due to Window{c1afc12 u0 com.icrealtime.allie/com.icrealtime.allie.ui.activities.MainActivity}
04-22 18:42:25.662   664  1489 W InputMethodManagerService: Window already focused, ignoring focus gain of: com.android.internal.view.IInputMethodClient$Stub$Proxy@912885b attribute=android.view.inputmethod.EditorInfo@3d1f8f8, token = android.os.BinderProxy@d839f9d
04-22 18:42:26.619   664   678 I ActivityManager: Config changes=480 {1.0 ?mcc?mnc en_GB ldltr sw768dp w1024dp h696dp 320dpi xlrg land finger -keyb/v/h -nav/h s.17}
04-22 18:42:26.801   664   682 I WindowManager: Screen frozen for +217ms due to Window{2168dc2 u0 com.icrealtime.allie/com.icrealtime.allie.ui.activities.MainActivity}
04-22 18:42:30.750   664  1234 I ActivityManager: START u0 {cmp=com.icrealtime.allie/.ui.activities.DemoActivity (has extras)} from uid 10183 on display 0
04-22 18:44:10.771   664   678 I ActivityManager: Config changes=480 {1.0 ?mcc?mnc en_GB ldltr sw768dp w768dp h952dp 320dpi xlrg port finger -keyb/v/h -nav/h s.18}
04-22 18:44:10.989   664   682 I WindowManager: Screen frozen for +236ms due to Window{7d032ed u0 com.icrealtime.allie/com.icrealtime.allie.ui.activities.MainActivity}
04-22 18:44:14.056   664  1490 I ActivityManager: START u0 {cmp=com.icrealtime.allie/.ui.activities.PlayerActivity (has extras)} from uid 10183 on display 0
04-22 18:44:18.273   664   736 I ActivityManager: START u0 {act=android.intent.action.MAIN cat=[android.intent.category.HOME] flg=0x10200000 cmp=com.google.android.googlequicksearchbox/com.google.android.launcher.GEL (has extras)} from uid 1000 on display 0
04-22 18:44:22.522   664  1485 I ActivityManager: START u0 {act=android.intent.action.MAIN cat=[android.intent.category.LAUNCHER] flg=0x10200000 cmp=com.icrealtime.allie/.ui.activities.PreloaderActivity (has extras)} from uid 10023 on display 0
04-22 18:44:31.931   664   736 I ActivityManager: START u0 {act=android.intent.action.MAIN cat=[android.intent.category.HOME] flg=0x10200000 cmp=com.google.android.googlequicksearchbox/com.google.android.launcher.GEL (has extras)} from uid 1000 on display 0
04-22 18:44:35.378   664   736 I ActivityManager: START u0 {act=android.intent.action.MAIN cat=[android.intent.category.HOME] flg=0x10200000 cmp=com.google.android.googlequicksearchbox/com.google.android.launcher.GEL (has extras)} from uid 1000 on display 0
04-22 18:44:37.582   664  1234 I ActivityManager: START u0 {act=android.intent.action.MAIN cat=[android.intent.category.LAUNCHER] flg=0x10200000 cmp=com.icrealtime.allie/.ui.activities.PreloaderActivity (has extras)} from uid 10023 on display 0
04-22 18:45:01.012   664   677 I ActivityManager: Start proc 7484:com.google.android.deskclock/u0a39 for broadcast com.google.android.deskclock/com.android.alarmclock.DigitalAppWidgetProvider
04-22 18:45:47.008   664  1490 I ActivityManager: START u0 {flg=0x4000000 cmp=com.icrealtime.allie/.ui.activities.AfterSplashActivity} from uid 10183 on display 0
04-22 18:45:47.045   664   674 W ActivityManager: Duplicate finish request for ActivityRecord{6a37d81 u0 com.icrealtime.allie/.ui.activities.MainActivity t11 f}
04-22 18:45:47.511   664  1488 I ActivityManager: START u0 {flg=0x4000000 cmp=com.icrealtime.allie/.ui.activities.AfterSplashActivity} from uid 10183 on display 0
04-22 18:45:47.512   664  1488 W ActivityManager: startActivity called from finishing ActivityRecord{6a37d81 u0 com.icrealtime.allie/.ui.activities.MainActivity t11 f}; forcing Intent.FLAG_ACTIVITY_NEW_TASK for: Intent { flg=0x4000000 cmp=com.icrealtime.allie/.ui.activities.AfterSplashActivity }
04-22 18:45:47.567   664   675 W ActivityManager: Duplicate finish request for ActivityRecord{6a37d81 u0 com.icrealtime.allie/.ui.activities.MainActivity t11 f}
04-22 18:45:49.494   664  1485 I ActivityManager: START u0 {cmp=com.icrealtime.allie/.ui.activities.AuthActivity} from uid 10183 on display 0
04-22 18:48:07.352   664  1046 W InputMethodManagerService: Window already focused, ignoring focus gain of: com.android.internal.view.IInputMethodClient$Stub$Proxy@735efa4 attribute=null, token = android.os.BinderProxy@a37a914
04-22 18:48:09.251   664   676 I ActivityManager: Start proc 7540:com.google.android.gm/u0a72 for service com.google.android.gm/.provider.MailSyncAdapterService
04-22 18:48:09.724  7540  7556 D ActivityThread: Loading provider com.google.android.gmail.provider;com.android.mail.notifier;com.google.android.gm.email.provider;com.google.android.gm.email.notifier: com.android.email.provider.EmailProvider
04-22 18:48:10.043   664   676 I ActivityManager: Start proc 7560:com.google.android.apps.plus/u0a69 for service com.google.android.apps.plus/.service.EsSyncAdapterService
04-22 18:48:10.817   664  1489 I ActivityManager: Start proc 7591:android.process.acore/u0a3 for content provider com.android.providers.contacts/.ContactsProvider2
04-22 18:48:11.404   664   675 I ActivityManager: Start proc 7616:com.google.android.gm.exchange/u0a71 for service com.google.android.gm.exchange/com.android.exchange.service.EasService
04-22 18:48:11.863   664   736 I ActivityManager: START u0 {act=android.intent.action.MAIN cat=[android.intent.category.HOME] flg=0x10200000 cmp=com.google.android.googlequicksearchbox/com.google.android.launcher.GEL (has extras)} from uid 1000 on display 0
04-22 18:48:12.302   664  1234 W ActivityManager: Unable to start service Intent { cmp=com.google.android.gm/com.android.email.service.AttachmentService } U=0: not found
04-22 18:48:15.033   664   675 I ActivityManager: START u0 {act=android.intent.action.MAIN cat=[android.intent.category.LAUNCHER] flg=0x10200000 cmp=com.android.chrome/com.google.android.apps.chrome.Main bnds=[464,1773][678,1941] (has extras)} from uid 10023 on display 0
04-22 18:48:15.107   664   675 I ActivityManager: Start proc 7661:com.android.chrome/u0a35 for activity com.android.chrome/org.chromium.chrome.browser.ChromeTabbedActivity
04-22 18:48:15.803   664  1047 I ActivityManager: Start proc 7682:com.android.chrome:sandboxed_process0/u0i1 for service com.android.chrome/org.chromium.content.app.SandboxedProcessService0
04-22 18:48:15.848  7682  7695 W FileUtils: Failed to chmod(/data/user/0/com.android.chrome/app_chrome): android.system.ErrnoException: chmod failed: EACCES (Permission denied)
04-22 18:48:16.439   664   675 I ActivityManager: Start proc 7733:com.android.chrome:privileged_process0/u0a35 for service com.android.chrome/org.chromium.content.app.PrivilegedProcessService0
04-22 18:48:16.467   664  3249 D ConnectivityService: listenForNetwork for Listen from uid/pid:10035/7661 for NetworkRequest [ id=12, legacyType=-1, [ Capabilities: INTERNET&NOT_RESTRICTED&TRUSTED&NOT_VPN] ]
04-22 18:48:16.510   664  2198 D ConnectivityService: listenForNetwork for Listen from uid/pid:10035/7661 for NetworkRequest [ id=13, legacyType=-1, [ Capabilities: INTERNET&NOT_RESTRICTED&TRUSTED&NOT_VPN] ]
04-22 18:48:17.201   664  1490 I ActivityManager: Start proc 7768:com.google.android.partnersetup/u0a12 for content provider com.google.android.partnersetup/.RlzAppProvider
04-22 18:48:19.460   664  1485 W ActivityManager: Unable to start service Intent { cmp=com.android.chrome/org.chromium.chrome.browser.precache.PrecacheService } U=0: not found
04-22 18:48:19.461   664   674 W ActivityManager: Unable to start service Intent { cmp=com.android.chrome/org.chromium.chrome.browser.precache.PrecacheService } U=0: not found
04-22 18:48:19.494   664   825 W ActivityManager: Unable to start service Intent { cmp=com.android.chrome/org.chromium.chrome.browser.precache.PrecacheService } U=0: not found
04-22 18:48:19.502   664  1484 W ActivityManager: Unable to start service Intent { cmp=com.android.chrome/org.chromium.chrome.browser.precache.PrecacheService } U=0: not found
04-22 18:48:20.048   664  1488 W ActivityManager: Unable to start service Intent { cmp=com.android.chrome/org.chromium.chrome.browser.precache.PrecacheService } U=0: not found
04-22 18:48:20.155   664   674 W ActivityManager: Unable to start service Intent { cmp=com.android.chrome/org.chromium.chrome.browser.precache.PrecacheService } U=0: not found
04-22 18:48:23.723   664  1484 I ActivityManager: Start proc 7836:com.android.chrome:sandboxed_process1/u0i2 for service com.android.chrome/org.chromium.content.app.SandboxedProcessService1
04-22 18:48:24.051  7836  7855 W FileUtils: Failed to chmod(/data/user/0/com.android.chrome/app_chrome): android.system.ErrnoException: chmod failed: EACCES (Permission denied)
04-22 18:48:24.092   664  1484 I ActivityManager: Start proc 7859:com.android.providers.partnerbookmarks/u0a66 for content provider com.android.providers.partnerbookmarks/.PartnerBookmarksProvider
04-22 18:48:24.765   664  1485 W ActivityManager: Unable to start service Intent { cmp=com.android.chrome/org.chromium.chrome.browser.precache.PrecacheService } U=0: not found
04-22 18:48:34.597   664  1234 W ActivityManager: Unable to start service Intent { cmp=com.android.chrome/org.chromium.chrome.browser.precache.PrecacheService } U=0: not found
04-22 18:48:50.655   664   736 I ActivityManager: START u0 {act=android.intent.action.MAIN cat=[android.intent.category.HOME] flg=0x10200000 cmp=com.google.android.googlequicksearchbox/com.google.android.launcher.GEL (has extras)} from uid 1000 on display 0
04-22 18:48:50.821   664   748 D ConnectivityService: releasing NetworkRequest NetworkRequest [ id=13, legacyType=-1, [ Capabilities: INTERNET&NOT_RESTRICTED&TRUSTED&NOT_VPN] ]
04-22 18:48:57.476   664  1485 W ActivityManager: Unable to start service Intent { cmp=com.android.chrome/org.chromium.chrome.browser.precache.PrecacheService } U=0: not found
04-22 18:49:15.313   664   674 I ActivityManager: START u0 {act=android.intent.action.MAIN cat=[android.intent.category.LAUNCHER] flg=0x10200000 cmp=com.icrealtime.allie/.ui.activities.PreloaderActivity (has extras)} from uid 10023 on display 0
04-22 18:49:17.233   664   674 I ActivityManager: START u0 {cmp=com.icrealtime.allie/.ui.activities.AuthActivity} from uid 10183 on display 0
04-22 18:49:39.544   664  2198 I ActivityManager: START u0 {flg=0x4000000 cmp=com.icrealtime.allie/.ui.activities.MainActivity (has extras)} from uid 10183 on display 0
04-22 18:49:39.547   664  2198 W ActivityManager: startActivity called from finishing ActivityRecord{8448002 u0 com.icrealtime.allie/.ui.activities.AuthActivity t11 f}; forcing Intent.FLAG_ACTIVITY_NEW_TASK for: Intent { flg=0x4000000 cmp=com.icrealtime.allie/.ui.activities.MainActivity (has extras) }
04-22 18:49:39.558   664  1485 W InputMethodManagerService: Window already focused, ignoring focus gain of: com.android.internal.view.IInputMethodClient$Stub$Proxy@48bb8dc attribute=null, token = android.os.BinderProxy@13fa76f
04-22 18:49:42.394   664  1484 I ActivityManager: START u0 {cmp=com.icrealtime.allie/.ui.activities.PlayerActivity (has extras)} from uid 10183 on display 0
04-22 18:50:20.877   664   748 D ConnectivityService: notifyType CAP_CHANGED for NetworkAgentInfo [WIFI () - 101]
04-22 18:50:23.886   664   748 D ConnectivityService: notifyType CAP_CHANGED for NetworkAgentInfo [WIFI () - 101]
04-22 18:50:35.252   664  1047 I ActivityManager: START u0 {flg=0x4000000 cmp=com.icrealtime.allie/.ui.activities.AfterSplashActivity} from uid 10183 on display 0
04-22 18:50:35.261   664  1488 W ActivityManager: Duplicate finish request for ActivityRecord{261f829 u0 com.icrealtime.allie/.ui.activities.MainActivity t11 f}
04-22 18:50:54.019   664   748 D ConnectivityService: notifyType CAP_CHANGED for NetworkAgentInfo [WIFI () - 101]
04-22 18:50:57.029   664   748 D ConnectivityService: notifyType CAP_CHANGED for NetworkAgentInfo [WIFI () - 101]
04-22 18:51:01.769   664  1488 I ActivityManager: Start proc 7994:com.google.android.apps.photos/u0a67 for broadcast com.google.android.apps.photos/.scheduler.PowerReceiver
04-22 18:51:17.159   664  1488 I ActivityManager: START u0 {cmp=com.icrealtime.allie/.ui.activities.AuthActivity} from uid 10183 on display 0
04-22 18:51:31.023   664  1047 I ActivityManager: START u0 {flg=0x4000000 cmp=com.icrealtime.allie/.ui.activities.MainActivity (has extras)} from uid 10183 on display 0
04-22 18:51:31.023   664  1047 W ActivityManager: startActivity called from finishing ActivityRecord{32651df u0 com.icrealtime.allie/.ui.activities.AuthActivity t11 f}; forcing Intent.FLAG_ACTIVITY_NEW_TASK for: Intent { flg=0x4000000 cmp=com.icrealtime.allie/.ui.activities.MainActivity (has extras) }
04-22 18:51:31.032   664  3249 W InputMethodManagerService: Window already focused, ignoring focus gain of: com.android.internal.view.IInputMethodClient$Stub$Proxy@c2b028c attribute=null, token = android.os.BinderProxy@711d118
04-22 18:53:12.769   664   748 D ConnectivityService: notifyType CAP_CHANGED for NetworkAgentInfo [WIFI () - 101]
04-22 18:53:15.784   664   748 D ConnectivityService: notifyType CAP_CHANGED for NetworkAgentInfo [WIFI () - 101]
04-22 18:53:23.623   664  1489 W InputMethodManagerService: Window already focused, ignoring focus gain of: com.android.internal.view.IInputMethodClient$Stub$Proxy@30d49b4 attribute=android.view.inputmethod.EditorInfo@e5569dd, token = android.os.BinderProxy@a222ab6
04-22 18:53:35.215   664  1484 I ActivityManager: START u0 {flg=0x4000000 cmp=com.icrealtime.allie/.ui.activities.AfterSplashActivity} from uid 10183 on display 0
04-22 18:53:35.224   664  2198 W ActivityManager: Duplicate finish request for ActivityRecord{82d919 u0 com.icrealtime.allie/.ui.activities.MainActivity t11 f}
04-22 18:53:37.891   664  1489 I ActivityManager: START u0 {cmp=com.icrealtime.allie/.ui.activities.AuthActivity} from uid 10183 on display 0
04-22 18:53:53.859   664  1489 I ActivityManager: START u0 {flg=0x4000000 cmp=com.icrealtime.allie/.ui.activities.MainActivity (has extras)} from uid 10183 on display 0
04-22 18:53:53.859   664  1489 W ActivityManager: startActivity called from finishing ActivityRecord{96f2fac u0 com.icrealtime.allie/.ui.activities.AuthActivity t11 f}; forcing Intent.FLAG_ACTIVITY_NEW_TASK for: Intent { flg=0x4000000 cmp=com.icrealtime.allie/.ui.activities.MainActivity (has extras) }
04-22 18:53:53.869   664   825 W InputMethodManagerService: Window already focused, ignoring focus gain of: com.android.internal.view.IInputMethodClient$Stub$Proxy@40e1d41 attribute=null, token = android.os.BinderProxy@1bd52f1
04-22 18:53:56.002   664  1047 I ActivityManager: START u0 {cmp=com.icrealtime.allie/.ui.activities.PlayerActivity (has extras)} from uid 10183 on display 0
04-22 18:53:59.866   664  1484 I ActivityManager: START u0 {cmp=com.icrealtime.allie/.ui.activities.SettingsActivity (has extras)} from uid 10183 on display 0
04-22 18:54:05.516   664  1488 I ActivityManager: Process com.google.android.deskclock (pid 7484) has died
04-22 18:54:05.619   664  1489 I ActivityManager: Process com.google.android.gm.exchange (pid 7616) has died
04-22 18:54:10.501   664  1046 I ActivityManager: Process com.google.android.partnersetup (pid 7768) has died
04-22 18:54:10.628   664   825 I ActivityManager: Process com.android.providers.partnerbookmarks (pid 7859) has died
04-22 18:54:10.911   664   825 I ActivityManager: Process android.process.acore (pid 7591) has died
04-22 18:54:11.004   664   674 I ActivityManager: Process com.google.android.gm (pid 7540) has died
04-22 18:54:13.905   664   674 I ActivityManager: START u0 {cmp=com.icrealtime.allie/.ui.activities.SettingsActivity (has extras)} from uid 10183 on display 0
04-22 18:54:14.945   664  1489 I ActivityManager: Process android.process.media (pid 6127) has died
04-22 18:54:14.994   664  3249 I ActivityManager: Process com.google.android.googlequicksearchbox:search (pid 7135) has died
04-22 18:54:14.995   664  1490 I ActivityManager: Process com.google.android.apps.photos (pid 7994) has died
04-22 18:54:15.019   664   747 D WifiService: Client connection lost with reason: 4
04-22 18:54:15.406   664   825 I ActivityManager: Process com.google.process.gapps (pid 7150) has died
04-22 18:54:15.942   664   675 W libprocessgroup: failed to open /acct/uid_10035/pid_7682/cgroup.procs: No such file or directory
04-22 18:54:15.942   664   675 I ActivityManager: Process com.android.chrome:sandboxed_process0 (pid 7682) has died
04-22 18:54:15.963   664   675 W ActivityManager: Scheduling restart of crashed service com.android.chrome/org.chromium.content.app.SandboxedProcessService0 in 1000ms
04-22 18:54:16.166   664  1490 I ActivityManager: Process com.google.android.apps.plus (pid 7560) has died
04-22 18:54:17.688   664  1047 W InputMethodManagerService: Window already focused, ignoring focus gain of: com.android.internal.view.IInputMethodClient$Stub$Proxy@c1530ad attribute=null, token = android.os.BinderProxy@97cf500
04-22 18:54:21.516   664  1046 W InputMethodManagerService: Window already focused, ignoring focus gain of: com.android.internal.view.IInputMethodClient$Stub$Proxy@6379e30 attribute=null, token = android.os.BinderProxy@97cf500
04-22 18:54:22.021   664  1485 W InputMethodManagerService: Window already focused, ignoring focus gain of: com.android.internal.view.IInputMethodClient$Stub$Proxy@d7cc592 attribute=null, token = android.os.BinderProxy@87d0d6e
04-22 18:54:22.608   664  2198 W InputMethodManagerService: Window already focused, ignoring focus gain of: com.android.internal.view.IInputMethodClient$Stub$Proxy@2c8babf attribute=null, token = android.os.BinderProxy@87d0d6e
04-22 18:54:27.335   664  2198 W WindowManager: Failed looking up window
04-22 18:54:27.335   664  2198 W WindowManager: java.lang.IllegalArgumentException: Requested window android.os.BinderProxy@323ce78 does not exist
04-22 18:54:27.335   664  2198 W WindowManager: 	at com.android.server.wm.WindowManagerService.windowForClientLocked(WindowManagerService.java:8736)
04-22 18:54:27.335   664  2198 W WindowManager: 	at com.android.server.wm.WindowManagerService.windowForClientLocked(WindowManagerService.java:8727)
04-22 18:54:27.335   664  2198 W WindowManager: 	at com.android.server.wm.WindowManagerService.removeWindow(WindowManagerService.java:2698)
04-22 18:54:27.335   664  2198 W WindowManager: 	at com.android.server.wm.Session.remove(Session.java:187)
04-22 18:54:27.335   664  2198 W WindowManager: 	at android.view.IWindowSession$Stub.onTransact(IWindowSession.java:242)
04-22 18:54:27.335   664  2198 W WindowManager: 	at com.android.server.wm.Session.onTransact(Session.java:130)
04-22 18:54:27.335   664  2198 W WindowManager: 	at android.os.Binder.execTransact(Binder.java:453)
04-22 18:54:27.336   664  1485 W WindowManager: Failed looking up window
04-22 18:54:27.336   664  1485 W WindowManager: java.lang.IllegalArgumentException: Requested window android.os.BinderProxy@663c5a8 does not exist
04-22 18:54:27.336   664  1485 W WindowManager: 	at com.android.server.wm.WindowManagerService.windowForClientLocked(WindowManagerService.java:8736)
04-22 18:54:27.336   664  1485 W WindowManager: 	at com.android.server.wm.WindowManagerService.windowForClientLocked(WindowManagerService.java:8727)
04-22 18:54:27.336   664  1485 W WindowManager: 	at com.android.server.wm.WindowManagerService.removeWindow(WindowManagerService.java:2698)
04-22 18:54:27.336   664  1485 W WindowManager: 	at com.android.server.wm.Session.remove(Session.java:187)
04-22 18:54:27.336   664  1485 W WindowManager: 	at android.view.IWindowSession$Stub.onTransact(IWindowSession.java:242)
04-22 18:54:27.336   664  1485 W WindowManager: 	at com.android.server.wm.Session.onTransact(Session.java:130)
04-22 18:54:27.336   664  1485 W WindowManager: 	at android.os.Binder.execTransact(Binder.java:453)
04-22 18:54:35.365   664  2198 I ActivityManager: START u0 {cmp=com.icrealtime.allie/.ui.activities.PlayerActivity (has extras)} from uid 10183 on display 0
04-22 18:54:35.636   664  1046 W InputMethodManagerService: Window already focused, ignoring focus gain of: com.android.internal.view.IInputMethodClient$Stub$Proxy@4133808 attribute=null, token = android.os.BinderProxy@b71fea2
04-22 18:54:36.376   664  1485 I ActivityManager: START u0 {cmp=com.icrealtime.allie/.ui.activities.SettingsActivity (has extras)} from uid 10183 on display 0
04-22 18:54:38.702   664   675 W InputMethodManagerService: Window already focused, ignoring focus gain of: com.android.internal.view.IInputMethodClient$Stub$Proxy@d19927c attribute=null, token = android.os.BinderProxy@696639e
04-22 18:54:42.169   664  1485 W InputMethodManagerService: Window already focused, ignoring focus gain of: com.android.internal.view.IInputMethodClient$Stub$Proxy@837c98b attribute=null, token = android.os.BinderProxy@696639e
04-22 18:54:52.185   664  1046 I ActivityManager: Config changes=480 {1.0 ?mcc?mnc en_GB ldltr sw768dp w1024dp h696dp 320dpi xlrg land finger -keyb/v/h -nav/h s.19}
04-22 18:54:52.458   664   682 I WindowManager: Screen frozen for +328ms due to Window{cefb70a u0 Toast}
04-22 18:55:01.316   664   748 D ConnectivityService: notifyType CAP_CHANGED for NetworkAgentInfo [WIFI () - 101]
04-22 18:55:04.328   664   748 D ConnectivityService: notifyType CAP_CHANGED for NetworkAgentInfo [WIFI () - 101]
04-22 18:55:05.339   664   674 I ActivityManager: Config changes=480 {1.0 ?mcc?mnc en_GB ldltr sw768dp w768dp h952dp 320dpi xlrg port finger -keyb/v/h -nav/h s.20}
04-22 18:55:05.661   664   682 I WindowManager: Screen frozen for +364ms due to Window{e6af733 u0 com.icrealtime.allie/com.icrealtime.allie.ui.activities.PlayerActivity}
04-22 18:55:09.434   664  1046 I ActivityManager: START u0 {cmp=com.icrealtime.allie/.ui.activities.SettingsActivity (has extras)} from uid 10183 on display 0
04-22 18:55:12.313   664   674 W InputMethodManagerService: Window already focused, ignoring focus gain of: com.android.internal.view.IInputMethodClient$Stub$Proxy@239f4c2 attribute=null, token = android.os.BinderProxy@2ef1ae3
04-22 18:55:16.447   664  1484 W InputMethodManagerService: Window already focused, ignoring focus gain of: com.android.internal.view.IInputMethodClient$Stub$Proxy@b641b3c attribute=null, token = android.os.BinderProxy@2ef1ae3
04-22 18:55:16.697   664  3249 W InputMethodManagerService: Window already focused, ignoring focus gain of: com.android.internal.view.IInputMethodClient$Stub$Proxy@705e3be attribute=null, token = android.os.BinderProxy@b71fea2
04-22 18:55:17.168   664   675 W InputMethodManagerService: Window already focused, ignoring focus gain of: com.android.internal.view.IInputMethodClient$Stub$Proxy@69d4b3b attribute=null, token = android.os.BinderProxy@b71fea2
04-22 18:55:34.275   664  3249 I ActivityManager: START u0 {cmp=com.icrealtime.allie/.ui.activities.PlayerActivity (has extras)} from uid 10183 on display 0
04-22 18:55:34.518   664  1047 W InputMethodManagerService: Window already focused, ignoring focus gain of: com.android.internal.view.IInputMethodClient$Stub$Proxy@8343694 attribute=null, token = android.os.BinderProxy@80505ce
04-22 18:55:35.815   664   825 I ActivityManager: START u0 {cmp=com.icrealtime.allie/.ui.activities.SettingsActivity (has extras)} from uid 10183 on display 0
04-22 18:55:39.575   664   675 W InputMethodManagerService: Window already focused, ignoring focus gain of: com.android.internal.view.IInputMethodClient$Stub$Proxy@38e5648 attribute=null, token = android.os.BinderProxy@506048a
04-22 18:55:48.090   664  1234 W InputMethodManagerService: Window already focused, ignoring focus gain of: com.android.internal.view.IInputMethodClient$Stub$Proxy@32c08c7 attribute=null, token = android.os.BinderProxy@506048a
04-22 18:56:17.674   664  1490 I ActivityManager: START u0 {cmp=com.icrealtime.allie/.ui.activities.SettingsActivity (has extras)} from uid 10183 on display 0
04-22 18:56:28.416   664  1488 I ActivityManager: START u0 {cmp=com.icrealtime.allie/.ui.activities.SettingsActivity (has extras)} from uid 10183 on display 0
04-22 18:56:31.289   664  1489 W InputMethodManagerService: Window already focused, ignoring focus gain of: com.android.internal.view.IInputMethodClient$Stub$Proxy@82eb223 attribute=null, token = android.os.BinderProxy@343d633
04-22 18:56:34.487   664  1234 W InputMethodManagerService: Window already focused, ignoring focus gain of: com.android.internal.view.IInputMethodClient$Stub$Proxy@5f0ce9e attribute=null, token = android.os.BinderProxy@343d633
04-22 18:56:35.006   664  1490 W InputMethodManagerService: Window already focused, ignoring focus gain of: com.android.internal.view.IInputMethodClient$Stub$Proxy@d712450 attribute=null, token = android.os.BinderProxy@80505ce
04-22 18:56:35.843   664  1490 W InputMethodManagerService: Window already focused, ignoring focus gain of: com.android.internal.view.IInputMethodClient$Stub$Proxy@a26be05 attribute=null, token = android.os.BinderProxy@80505ce
04-22 18:57:13.118   664   736 I ActivityManager: START u0 {act=android.intent.action.MAIN cat=[android.intent.category.HOME] flg=0x10200000 cmp=com.google.android.googlequicksearchbox/com.google.android.launcher.GEL (has extras)} from uid 1000 on display 0
04-22 18:57:13.653   664  1490 I ActivityManager: Start proc 8289:com.google.android.googlequicksearchbox:search/u0a23 for service com.google.android.googlequicksearchbox/com.google.android.apps.gsa.search.core.service.SearchService
04-22 18:57:14.578   664  1490 I ActivityManager: Start proc 8304:com.google.process.gapps/u0a8 for content provider com.google.android.gsf/.gservices.GservicesProvider
04-22 18:57:14.915   664   747 D WifiService: New client listening to asynchronous messages
04-22 18:57:15.450   664   675 I ActivityManager: Start proc 8327:com.google.android.partnersetup/u0a12 for content provider com.google.android.partnersetup/.RlzAppProvider
04-22 18:57:16.602   664  1046 I ActivityManager: START u0 {act=com.android.systemui.recents.SHOW_RECENTS flg=0x10804000 cmp=com.android.systemui/.recents.RecentsActivity} from uid 10021 on display 0
04-22 18:57:17.158   664  3249 I ActivityManager: Process com.google.android.partnersetup (pid 8327) has died
04-22 18:57:17.736   664  2198 I ActivityManager: Process com.google.process.gapps (pid 8304) has died
04-22 18:57:17.751   664   747 D WifiService: Client connection lost with reason: 4
04-22 18:57:17.756   664  1489 I ActivityManager: Process com.google.android.googlequicksearchbox:search (pid 8289) has died
04-22 18:57:18.598   664  1489 I ActivityManager: Killing 6698:com.icrealtime.allie/u0a183 (adj 16): remove task
04-22 18:57:18.681   664   747 D WifiService: Client connection lost with reason: 4
04-22 18:57:18.709   664   674 W ActivityManager: Scheduling restart of crashed service com.icrealtime.allie/.service.BackgroundService in 1000ms
04-22 18:57:19.739   664   677 I ActivityManager: Start proc 8362:com.icrealtime.allie/u0a183 for service com.icrealtime.allie/.service.BackgroundService
04-22 18:57:19.829   664  2198 I ActivityManager: START u0 {act=android.intent.action.MAIN cat=[android.intent.category.HOME] flg=0x10200000 cmp=com.google.android.googlequicksearchbox/com.google.android.launcher.GEL} from uid 10021 on display 0
04-22 18:57:19.951   664  1484 I ActivityManager: Start proc 8375:com.google.android.googlequicksearchbox:search/u0a23 for service com.google.android.googlequicksearchbox/com.google.android.apps.gsa.search.core.service.SearchService
04-22 18:57:20.183   664  2198 I ActivityManager: Start proc 8392:com.google.process.gapps/u0a8 for content provider com.google.android.gsf/.gservices.GservicesProvider
04-22 18:57:20.266   664   747 D WifiService: New client listening to asynchronous messages
04-22 18:57:20.390   664  1047 I ActivityManager: Start proc 8418:com.google.android.partnersetup/u0a12 for content provider com.google.android.partnersetup/.RlzAppProvider
04-22 18:57:20.407   664   736 I ActivityManager: START u0 {act=android.intent.action.MAIN cat=[android.intent.category.HOME] flg=0x10200000 cmp=com.google.android.googlequicksearchbox/com.google.android.launcher.GEL (has extras)} from uid 1000 on display 0
04-22 18:57:22.759   664  1484 I ActivityManager: START u0 {act=android.intent.action.MAIN cat=[android.intent.category.LAUNCHER] flg=0x10200000 cmp=com.icrealtime.allie/.ui.activities.PreloaderActivity (has extras)} from uid 10023 on display 0
04-22 18:57:22.911   664   674 I ActivityManager: START u0 {cmp=com.icrealtime.allie/.ui.activities.SplashActivity} from uid 10183 on display 0
04-22 18:57:28.275   664  1484 I ActivityManager: START u0 {flg=0x4000000 cmp=com.icrealtime.allie/.ui.activities.MainActivity (has extras)} from uid 10183 on display 0
04-22 18:57:35.535   664  3249 I ActivityManager: START u0 {cmp=com.icrealtime.allie/.ui.activities.PlayerActivity (has extras)} from uid 10183 on display 0
04-22 18:57:35.907   664   747 D WifiService: New client listening to asynchronous messages
04-22 18:57:36.427   664  1485 W InputMethodManagerService: Window already focused, ignoring focus gain of: com.android.internal.view.IInputMethodClient$Stub$Proxy@c270ed8 attribute=null, token = android.os.BinderProxy@cf8a5a7
04-22 18:58:08.490   664   676 I UsageStatsService: User[0] Flushing usage stats to disk
04-22 18:58:28.618   664  1488 I ActivityManager: START u0 {cmp=com.icrealtime.allie/.ui.activities.YoutubeStreamingActivity (has extras)} from uid 10183 on display 0
04-22 18:58:28.981   664   674 I ActivityManager: START u0 {act=com.google.android.gms.common.account.CHOOSE_ACCOUNT pkg=com.google.android.gms cmp=com.google.android.gms/.common.account.SimpleAccountPickerActivity (has extras)} from uid 10183 on display 0
04-22 18:58:29.144   664  3249 I ActivityManager: Start proc 8524:com.google.android.gms.ui/u0a8 for activity com.google.android.gms/.common.account.SimpleAccountPickerActivity
04-22 19:00:01.011   664   677 I ActivityManager: Start proc 8597:com.google.android.deskclock/u0a39 for broadcast com.google.android.deskclock/com.android.alarmclock.DigitalAppWidgetProvider
04-22 19:03:05.332   664  1046 I ActivityManager: START u0 {cmp=com.icrealtime.allie/.ui.activities.SettingsActivity (has extras)} from uid 10183 on display 0
04-22 19:03:09.313   664   748 D ConnectivityService: notifyType CAP_CHANGED for NetworkAgentInfo [WIFI () - 101]
04-22 19:03:12.326   664   748 D ConnectivityService: notifyType CAP_CHANGED for NetworkAgentInfo [WIFI () - 101]
04-22 19:04:00.011   664   677 I ProcessStatsService: Prepared write state in 8ms
04-22 19:05:46.355   664  1490 I ActivityManager: Config changes=480 {1.0 ?mcc?mnc en_GB ldltr sw768dp w1024dp h696dp 320dpi xlrg land finger -keyb/v/h -nav/h s.21}
04-22 19:05:46.957   664   682 I WindowManager: Screen frozen for +635ms due to Window{e819a54 u0 com.icrealtime.allie/com.icrealtime.allie.ui.activities.PlayerActivity}
04-22 19:05:47.590   664  1046 I ActivityManager: Process com.google.android.partnersetup (pid 8418) has died
04-22 19:05:47.592   664   747 D WifiService: Client connection lost with reason: 4
04-22 19:05:47.593   664   674 I ActivityManager: Process com.google.android.googlequicksearchbox:search (pid 8375) has died
04-22 19:06:31.178   664  1484 I ActivityManager: START u0 {cmp=com.icrealtime.allie/.ui.activities.PlayerActivity (has extras)} from uid 10183 on display 0
04-22 19:06:31.421   664   674 W InputMethodManagerService: Window already focused, ignoring focus gain of: com.android.internal.view.IInputMethodClient$Stub$Proxy@1f4b287 attribute=null, token = android.os.BinderProxy@4899433
04-22 19:07:25.320   664   748 D ConnectivityService: notifyType CAP_CHANGED for NetworkAgentInfo [WIFI () - 101]
04-22 19:07:26.789   664  1484 I ActivityManager: START u0 {cmp=com.icrealtime.allie/.ui.activities.PlayerActivity (has extras)} from uid 10183 on display 0
04-22 19:07:27.056   664  1488 W InputMethodManagerService: Window already focused, ignoring focus gain of: com.android.internal.view.IInputMethodClient$Stub$Proxy@da636bd attribute=null, token = android.os.BinderProxy@7f6714e
04-22 19:07:28.339   664   748 D ConnectivityService: notifyType CAP_CHANGED for NetworkAgentInfo [WIFI () - 101]
04-22 19:08:34.762   664   678 I ActivityManager: Config changes=480 {1.0 ?mcc?mnc en_GB ldltr sw768dp w768dp h952dp 320dpi xlrg port finger -keyb/v/h -nav/h s.22}
04-22 19:08:35.022   664   682 I WindowManager: Screen frozen for +287ms due to Window{39a7e69 u0 NavigationBar}
04-22 19:08:41.252   664  1489 I ActivityManager: START u0 {cmp=com.icrealtime.allie/.ui.activities.PlayerActivity (has extras)} from uid 10183 on display 0
04-22 19:09:30.073   664   675 I ActivityManager: START u0 {cmp=com.icrealtime.allie/.ui.activities.ShareActivity (has extras)} from uid 10183 on display 0
04-22 19:09:33.156   664   674 I ActivityManager: START u0 {act=NATIVE_WITH_FALLBACK cmp=com.icrealtime.allie/com.facebook.FacebookActivity (has extras)} from uid 10183 on display 0
04-22 19:09:34.040   664  1489 D ConnectivityService: listenForNetwork for Listen from uid/pid:10183/8362 for NetworkRequest [ id=14, legacyType=-1, [ Capabilities: INTERNET&NOT_RESTRICTED&TRUSTED&NOT_VPN] ]
04-22 19:09:37.941   664  3249 W InputMethodManagerService: Window already focused, ignoring focus gain of: com.android.internal.view.IInputMethodClient$Stub$Proxy@43cb83 attribute=android.view.inputmethod.EditorInfo@f31c100, token = android.os.BinderProxy@f1e02f7
04-22 19:10:32.997   664   675 W InputMethodManagerService: Window already focused, ignoring focus gain of: com.android.internal.view.IInputMethodClient$Stub$Proxy@f6c6465 attribute=null, token = android.os.BinderProxy@f1e02f7
04-22 19:11:21.763   664   678 I ActivityManager: Config changes=480 {1.0 ?mcc?mnc en_GB ldltr sw768dp w1024dp h696dp 320dpi xlrg land finger -keyb/v/h -nav/h s.23}
04-22 19:11:22.867   664   682 I WindowManager: Screen frozen for +1s123ms due to Window{7baf703 u0 InputMethod}
04-22 19:11:26.661   664   678 I ActivityManager: Config changes=480 {1.0 ?mcc?mnc en_GB ldltr sw768dp w768dp h952dp 320dpi xlrg port finger -keyb/v/h -nav/h s.24}
04-22 19:11:27.518   664   682 I WindowManager: Screen frozen for +885ms due to Window{7baf703 u0 InputMethod}
04-22 19:11:29.235   664  1047 I ActivityManager: Process com.google.android.deskclock (pid 8597) has died
04-22 19:11:29.407   664  1484 I WindowState: WIN DEATH: Window{f8f5f31 u0 com.android.chrome/org.chromium.chrome.browser.ChromeTabbedActivity}
04-22 19:11:29.407   664  1484 W WindowManager: Force-removing child win Window{7f3e4c1 u0 SurfaceView} from container Window{f8f5f31 u0 com.android.chrome/org.chromium.chrome.browser.ChromeTabbedActivity}
04-22 19:11:29.423   664  1046 D ConnectivityService: ConnectivityService NetworkRequestInfo binderDied(NetworkRequest [ id=12, legacyType=-1, [ Capabilities: INTERNET&NOT_RESTRICTED&TRUSTED&NOT_VPN] ], android.os.BinderProxy@d16466)
