04-22 19:44:13.484   242   711 D audio_hw_primary: out_set_parameters: enter: usecase(0: playback) kvpairs: routing=2 out->devices(2) adev->mode(0)
04-22 19:44:13.914  1077  1077 I Keyboard.Facilitator: onFinishInput()
04-22 19:44:15.265   242   711 D audio_hw_primary: out_set_parameters: enter: usecase(0: playback) kvpairs: routing=2 out->devices(2) adev->mode(0)
04-22 19:44:15.286  1077  1077 I Keyboard.Facilitator: onFinishInput()
04-22 19:44:15.305   242   711 D AudioFlinger: mixer(0xab540fe8) throttle end: throttle time(3)
04-22 19:44:16.012   242   711 D audio_hw_primary: out_set_parameters: enter: usecase(0: playback) kvpairs: routing=2 out->devices(2) adev->mode(0)
04-22 19:44:16.051   242   711 D AudioFlinger: mixer(0xab540fe8) throttle end: throttle time(3)
04-22 19:44:16.438  1077  1077 I Keyboard.Facilitator: onFinishInput()
04-22 19:44:17.196   242   711 D audio_hw_primary: out_set_parameters: enter: usecase(0: playback) kvpairs: routing=2 out->devices(2) adev->mode(0)
04-22 19:44:17.641  1077  1077 I Keyboard.Facilitator: onFinishInput()
04-22 19:44:17.921   242   711 D audio_hw_primary: out_set_parameters: enter: usecase(0: playback) kvpairs: routing=2 out->devices(2) adev->mode(0)
04-22 19:44:18.343  1077  1077 I Keyboard.Facilitator: onFinishInput()
04-22 19:44:25.815   242   711 D audio_hw_primary: out_set_parameters: enter: usecase(0: playback) kvpairs: routing=2 out->devices(2) adev->mode(0)
04-22 19:44:26.261  1077  1077 I Keyboard.Facilitator: onFinishInput()
04-22 19:44:31.909  1077  1077 I Keyboard.Facilitator: onFinishInput()
04-22 19:44:32.952   242   711 D audio_hw_primary: out_set_parameters: enter: usecase(0: playback) kvpairs: routing=2 out->devices(2) adev->mode(0)
04-22 19:44:32.954  8362  8362 I chatty  : uid=10183(com.icrealtime.allie) expire 257 lines
04-22 19:44:32.982  1077  1077 I Keyboard.Facilitator: onFinishInput()
04-22 19:44:33.879  1754  1866 I chatty  : uid=1002(bluetooth) BluetoothScanMa expire 17 lines
04-22 19:44:33.885   242   711 D audio_hw_primary: out_set_parameters: enter: usecase(0: playback) kvpairs: routing=2 out->devices(2) adev->mode(0)
04-22 19:44:33.886  1754  1847 I chatty  : uid=1002(bluetooth) BT Service Call expire 181 lines
04-22 19:44:43.970   664  1489 I ActivityManager: START u0 {cmp=com.icrealtime.allie/.ui.activities.FoundCamerasActivity (has extras)} from uid 10183 on display 0
04-22 19:44:44.106   664   682 I ActivityManager: Displayed com.icrealtime.allie/.ui.activities.FoundCamerasActivity: +119ms
04-22 19:44:44.107  1077  1077 I Keyboard.Facilitator: onFinishInput()
04-22 19:44:44.938   664   748 D ConnectivityService: notifyType CAP_CHANGED for NetworkAgentInfo [WIFI () - 101]
04-22 19:44:47.954   664   748 D ConnectivityService: notifyType CAP_CHANGED for NetworkAgentInfo [WIFI () - 101]
04-22 19:45:07.398   242   711 D audio_hw_primary: out_set_parameters: enter: usecase(0: playback) kvpairs: routing=2 out->devices(2) adev->mode(0)
04-22 19:45:07.408  8362  8362 I chatty  : uid=10183(com.icrealtime.allie) expire 62 lines
04-22 19:45:07.448  1077  1077 I Keyboard.Facilitator: onFinishInput()
04-22 19:45:07.505  8362  8471 I chatty  : uid=10183(com.icrealtime.allie) RenderThread expire 2 lines
04-22 19:45:08.669   242   711 D audio_hw_primary: out_set_parameters: enter: usecase(0: playback) kvpairs: routing=2 out->devices(2) adev->mode(0)
04-22 19:45:08.690  1077  1077 I Keyboard.Facilitator: onFinishInput()
04-22 19:45:08.709   242   711 D AudioFlinger: mixer(0xab540fe8) throttle end: throttle time(3)
04-22 19:45:12.149   242   711 D audio_hw_primary: out_set_parameters: enter: usecase(0: playback) kvpairs: routing=2 out->devices(2) adev->mode(0)
04-22 19:45:12.193   242   711 D AudioFlinger: mixer(0xab540fe8) throttle end: throttle time(10)
04-22 19:45:12.582  1077  1077 I Keyboard.Facilitator: onFinishInput()
04-22 19:45:14.315   242   711 D audio_hw_primary: out_set_parameters: enter: usecase(0: playback) kvpairs: routing=2 out->devices(2) adev->mode(0)
04-22 19:45:14.328  1077  1077 I Keyboard.Facilitator: onFinishInput()
04-22 19:45:15.350   242   711 D audio_hw_primary: out_set_parameters: enter: usecase(0: playback) kvpairs: routing=2 out->devices(2) adev->mode(0)
04-22 19:45:15.389   242   711 D AudioFlinger: mixer(0xab540fe8) throttle end: throttle time(3)
04-22 19:45:15.775  1077  1077 I Keyboard.Facilitator: onFinishInput()
04-22 19:45:16.448   242   711 D audio_hw_primary: out_set_parameters: enter: usecase(0: playback) kvpairs: routing=2 out->devices(2) adev->mode(0)
04-22 19:45:16.895  1077  1077 I Keyboard.Facilitator: onFinishInput()
04-22 19:45:17.142   242   711 D audio_hw_primary: out_set_parameters: enter: usecase(0: playback) kvpairs: routing=2 out->devices(2) adev->mode(0)
04-22 19:45:17.181   242   711 D AudioFlinger: mixer(0xab540fe8) throttle end: throttle time(3)
04-22 19:45:17.563  1077  1077 I Keyboard.Facilitator: onFinishInput()
04-22 19:45:19.002  8362  8362 I chatty  : uid=10183(com.icrealtime.allie) expire 57 lines
04-22 19:45:19.605  8362  8489 I chatty  : uid=10183(com.icrealtime.allie) AsyncTask #3 expire 23 lines
04-22 19:45:22.220  8362  8456 I chatty  : uid=10183(com.icrealtime.allie) Picasso-Dispatc expire 12 lines
04-22 19:45:22.221  8362  8478 I chatty  : uid=10183(com.icrealtime.allie) Picasso-Idle expire 15 lines
04-22 19:45:24.611   664  5651 D NetlinkSocketObserver: NeighborEvent{elapsedMs=11570581, 192.168.7.1, [F4F26D035B8B], RTM_NEWNEIGH, NUD_REACHABLE}
04-22 19:45:32.453  8362  8477 I chatty  : uid=10183(com.icrealtime.allie) AsyncTask #2 expire 23 lines
04-22 19:45:38.959   242   711 D audio_hw_primary: out_set_parameters: enter: usecase(0: playback) kvpairs: routing=2 out->devices(2) adev->mode(0)
04-22 19:45:40.434   242   711 D audio_hw_primary: out_set_parameters: enter: usecase(0: playback) kvpairs: routing=2 out->devices(2) adev->mode(0)
04-22 19:45:40.435   664  3249 I ActivityManager: START u0 {cmp=com.icrealtime.allie/.ui.activities.PlayerActivity (has extras)} from uid 10183 on display 0
04-22 19:45:40.440  8362  8362 I chatty  : uid=10183(com.icrealtime.allie) expire 108 lines
04-22 19:45:40.461   664  1047 I CwMcuSensor: CwMcuSensor::flush: fd = 180, sensors_id = 18, path = /sys/class/htc_sensorhub/sensor_hub/flush, err = 0
04-22 19:45:40.513  8362  8472 I chatty  : uid=10183(com.icrealtime.allie) AsyncTask #1 expire 10 lines
04-22 19:45:40.633  1077  1077 I Keyboard.Facilitator: onFinishInput()
04-22 19:45:40.664   664   682 I ActivityManager: Displayed com.icrealtime.allie/.ui.activities.PlayerActivity: +223ms
04-22 19:45:40.694   664  1484 W InputMethodManagerService: Window already focused, ignoring focus gain of: com.android.internal.view.IInputMethodClient$Stub$Proxy@21fdc9c attribute=null, token = android.os.BinderProxy@66db996
04-22 19:45:40.698  8362 10236 I chatty  : uid=10183(com.icrealtime.allie) expire 32 lines
04-22 19:45:40.711  8362 10237 I chatty  : uid=10183(com.icrealtime.allie) expire 3 lines
04-22 19:45:40.713  8362  8489 I chatty  : uid=10183(com.icrealtime.allie) AsyncTask #3 expire 24 lines
04-22 19:45:40.832  8362 10238 I chatty  : uid=10183(com.icrealtime.allie) expire 7 lines
04-22 19:45:40.835   664  1046 W InputMethodManagerService: Window already focused, ignoring focus gain of: com.android.internal.view.IInputMethodClient$Stub$Proxy@e1f4607 attribute=null, token = android.os.BinderProxy@66db996
04-22 19:45:40.857  8362 10239 I chatty  : uid=10183(com.icrealtime.allie) expire 9 lines
04-22 19:45:44.231  8362 10241 I chatty  : uid=10183(com.icrealtime.allie) expire 1 line
04-22 19:45:44.239   242   754 E OMXNodeInstance: getConfig(ab:Nvidia.h264.decode, ConfigCommonOutputCrop(0x700000f)) ERROR: BadParameter(0x80001005)
04-22 19:45:44.246   242 10242 D NvOsDebugPrintf: NvMMLiteOpen : Block : BlockType = 261 
04-22 19:45:44.246   242 10242 D NvOsDebugPrintf: TVMR: NvMMLiteTVMRDecBlockOpen: 4948: NvMMLiteBlockOpen 
04-22 19:45:44.256   242 10242 D NvOsDebugPrintf: NvMMLiteBlockCreate : Block : BlockType = 261 
04-22 19:45:44.287  8362 10247 I chatty  : uid=10183(com.icrealtime.allie) expire 1 line
04-22 19:45:44.292   242  4626 E OMXNodeInstance: getConfig(ac:Nvidia.h264.decode, ConfigCommonOutputCrop(0x700000f)) ERROR: BadParameter(0x80001005)
04-22 19:45:44.300   242 10248 D NvOsDebugPrintf: NvMMLiteOpen : Block : BlockType = 261 
04-22 19:45:44.301   242 10248 D NvOsDebugPrintf: TVMR: NvMMLiteTVMRDecBlockOpen: 4948: NvMMLiteBlockOpen 
04-22 19:45:44.316   242 10248 D NvOsDebugPrintf: NvMMLiteBlockCreate : Block : BlockType = 261 
04-22 19:45:44.345   242 10250 D NvOsDebugPrintf: TVMR: cbBeginSequence: 571: BeginSequence  2048x2048, bVPR = 0
04-22 19:45:44.345   242 10250 D NvOsDebugPrintf: TVMR: cbBeginSequence: 821: DecodeBuffers = 3 
04-22 19:45:44.347   242 10250 D NvOsDebugPrintf: TVMR: cbBeginSequence: 841: Display Resolution : (2048x2048) 
04-22 19:45:44.347   242 10250 D NvOsDebugPrintf: TVMR: cbBeginSequence: 842: Display Aspect Ratio : (2048x2048) 
04-22 19:45:44.347   242 10250 D NvOsDebugPrintf: TVMR: cbBeginSequence: 1004: SurfaceLayout = 3
04-22 19:45:44.347   242 10250 D NvOsDebugPrintf: TVMR: cbBeginSequence: 1034: NumOfSurfaces = 7, InteraceStream = 0, InterlaceEnabled = 0, bSecure = 0, MVC = 0 Semiplanar = 1, bReinit = 1 
04-22 19:45:44.347   242 10250 D NvOsDebugPrintf: Allocating new output: 2048x2048 (x 9), ThumbnailMode = 0
04-22 19:45:44.433   242 10244 D NvOsDebugPrintf: TVMR: cbBeginSequence: 571: BeginSequence  2048x2048, bVPR = 0
04-22 19:45:44.433   242 10244 D NvOsDebugPrintf: TVMR: cbBeginSequence: 821: DecodeBuffers = 3 
04-22 19:45:44.434   242 10244 D NvOsDebugPrintf: TVMR: cbBeginSequence: 841: Display Resolution : (2048x2048) 
04-22 19:45:44.434   242 10244 D NvOsDebugPrintf: TVMR: cbBeginSequence: 842: Display Aspect Ratio : (2048x2048) 
04-22 19:45:44.434   242 10244 D NvOsDebugPrintf: TVMR: cbBeginSequence: 1004: SurfaceLayout = 3
04-22 19:45:44.435   242 10244 D NvOsDebugPrintf: TVMR: cbBeginSequence: 1034: NumOfSurfaces = 7, InteraceStream = 0, InterlaceEnabled = 0, bSecure = 0, MVC = 0 Semiplanar = 1, bReinit = 1 
04-22 19:45:44.435   242 10244 D NvOsDebugPrintf: Allocating new output: 2048x2048 (x 9), ThumbnailMode = 0
04-22 19:45:44.445   242   711 D audio_hw_primary: out_set_parameters: enter: usecase(0: playback) kvpairs: routing=2 out->devices(2) adev->mode(0)
04-22 19:45:44.527   242   711 D AudioFlinger: mixer(0xab540fe8) throttle end: throttle time(3)
04-22 19:45:47.725  1092  1657 I ClearcutLoggerApiImpl: disconnect managed GoogleApiClient
04-22 19:45:49.473   242   711 I AudioFlinger: BUFFER TIMEOUT: remove(4096) from active list on thread 0xab540fe8
04-22 19:45:51.168  8362 10256 I chatty  : uid=10183(com.icrealtime.allie) expire 6 lines
04-22 19:45:51.177   242   711 D audio_hw_primary: out_set_parameters: enter: usecase(0: playback) kvpairs: routing=2 out->devices(2) adev->mode(0)
04-22 19:45:51.707   242   711 D AudioFlinger: mixer(0xab540fe8) throttle end: throttle time(10)
04-22 19:45:51.984   242   711 D AudioFlinger: mixer(0xab540fe8) throttle end: throttle time(10)
04-22 19:45:52.211  8362 10236 I chatty  : uid=10183(com.icrealtime.allie) expire 27 lines
04-22 19:45:52.389   242   711 D AudioFlinger: mixer(0xab540fe8) throttle end: throttle time(10)
04-22 19:45:53.400   242   711 I AudioFlinger: BUFFER TIMEOUT: remove(4096) from active list on thread 0xab540fe8
04-22 19:45:55.840   242   711 D audio_hw_primary: out_set_parameters: enter: usecase(0: playback) kvpairs: routing=2 out->devices(2) adev->mode(0)
04-22 19:45:55.872   242   711 D AudioFlinger: mixer(0xab540fe8) throttle end: throttle time(10)
04-22 19:45:56.947   242   711 I AudioFlinger: BUFFER TIMEOUT: remove(4096) from active list on thread 0xab540fe8
04-22 19:45:57.100   664  5651 D NetlinkSocketObserver: NeighborEvent{elapsedMs=11603071, 192.168.7.1, [F4F26D035B8B], RTM_NEWNEIGH, NUD_STALE}
04-22 19:45:57.404   242   711 D audio_hw_primary: out_set_parameters: enter: usecase(0: playback) kvpairs: routing=2 out->devices(2) adev->mode(0)
04-22 19:45:57.432   242   711 D AudioFlinger: mixer(0xab540fe8) throttle end: throttle time(10)
04-22 19:45:58.120   242   711 I AudioFlinger: BUFFER TIMEOUT: remove(4096) from active list on thread 0xab540fe8
04-22 19:46:01.821   242   711 D audio_hw_primary: out_set_parameters: enter: usecase(0: playback) kvpairs: routing=2 out->devices(2) adev->mode(0)
04-22 19:46:01.859   242   711 D AudioFlinger: mixer(0xab540fe8) throttle end: throttle time(10)
04-22 19:46:02.611   242   711 D AudioFlinger: mixer(0xab540fe8) throttle end: throttle time(10)
04-22 19:46:02.716  8362 10236 I chatty  : uid=10183(com.icrealtime.allie) expire 29 lines
04-22 19:46:03.320   242   711 I AudioFlinger: BUFFER TIMEOUT: remove(4096) from active list on thread 0xab540fe8
04-22 19:46:07.499   242   711 D audio_hw_primary: out_set_parameters: enter: usecase(0: playback) kvpairs: routing=2 out->devices(2) adev->mode(0)
04-22 19:46:07.537   242   711 D AudioFlinger: mixer(0xab540fe8) throttle end: throttle time(10)
04-22 19:46:08.785   242   711 I AudioFlinger: BUFFER TIMEOUT: remove(4096) from active list on thread 0xab540fe8
04-22 19:46:12.234   242   711 D audio_hw_primary: out_set_parameters: enter: usecase(0: playback) kvpairs: routing=2 out->devices(2) adev->mode(0)
04-22 19:46:12.288   242   711 D AudioFlinger: mixer(0xab540fe8) throttle end: throttle time(20)
04-22 19:46:13.526   242   711 I AudioFlinger: BUFFER TIMEOUT: remove(4096) from active list on thread 0xab540fe8
04-22 19:46:13.998  8362 10236 I chatty  : uid=10183(com.icrealtime.allie) expire 6 lines
04-22 19:46:15.013  8362  8362 I chatty  : uid=10183(com.icrealtime.allie) expire 63 lines
04-22 19:46:15.027   242   711 D audio_hw_primary: out_set_parameters: enter: usecase(0: playback) kvpairs: routing=2 out->devices(2) adev->mode(0)
04-22 19:46:15.056   242   711 D AudioFlinger: mixer(0xab540fe8) throttle end: throttle time(10)
04-22 19:46:15.309  8362  8477 I chatty  : uid=10183(com.icrealtime.allie) AsyncTask #2 expire 23 lines
04-22 19:46:15.320  1077  1077 I Keyboard.Facilitator: onFinishInput()
04-22 19:46:15.677  8362 10265 I chatty  : uid=10183(com.icrealtime.allie) expire 8 lines
04-22 19:46:16.194   242 10245 D NvOsDebugPrintf: TVMR: TVMRFrameDelivery: 3681: Closing TVMR Frame Delivery Thread -------------
04-22 19:46:16.202   242 10242 D NvOsDebugPrintf: TVMR: NvMMDecTVMRDestroyParser: 4164: NvAvpClose
04-22 19:46:16.202   242 10242 D NvOsDebugPrintf: TVMR: NvMMLiteTVMRDecBlockClose: 5103: Done 
04-22 19:46:16.263   242 10251 D NvOsDebugPrintf: TVMR: TVMRFrameDelivery: 3681: Closing TVMR Frame Delivery Thread -------------
04-22 19:46:16.268   242 10248 D NvOsDebugPrintf: TVMR: NvMMDecTVMRDestroyParser: 4164: NvAvpClose
04-22 19:46:16.268   242 10248 D NvOsDebugPrintf: TVMR: NvMMLiteTVMRDecBlockClose: 5103: Done 
04-22 19:46:17.475  8362  8456 I chatty  : uid=10183(com.icrealtime.allie) Picasso-Dispatc expire 16 lines
04-22 19:46:20.580   664  5651 D NetlinkSocketObserver: NeighborEvent{elapsedMs=11626551, 192.168.7.1, [F4F26D035B8B], RTM_NEWNEIGH, NUD_REACHABLE}
04-22 19:46:21.180   242   711 D audio_hw_primary: out_set_parameters: enter: usecase(0: playback) kvpairs: routing=2 out->devices(2) adev->mode(0)
04-22 19:46:21.631  1077  1077 I Keyboard.Facilitator: onFinishInput()
04-22 19:46:25.321   242   711 D audio_hw_primary: out_set_parameters: enter: usecase(0: playback) kvpairs: routing=2 out->devices(2) adev->mode(0)
04-22 19:46:25.372   242   711 D AudioFlinger: mixer(0xab540fe8) throttle end: throttle time(10)
04-22 19:46:25.769  1077  1077 I Keyboard.Facilitator: onFinishInput()
04-22 19:46:26.446  8362  8362 I chatty  : uid=10183(com.icrealtime.allie) expire 310 lines
04-22 19:46:26.459   242   711 D audio_hw_primary: out_set_parameters: enter: usecase(0: playback) kvpairs: routing=2 out->devices(2) adev->mode(0)
04-22 19:46:26.467  1077  1077 I Keyboard.Facilitator: onFinishInput()
04-22 19:46:26.498   242   711 D AudioFlinger: mixer(0xab540fe8) throttle end: throttle time(4)
04-22 19:46:27.440   242   711 D audio_hw_primary: out_set_parameters: enter: usecase(0: playback) kvpairs: routing=2 out->devices(2) adev->mode(0)
04-22 19:46:27.443  1754  1866 I chatty  : uid=1002(bluetooth) BluetoothScanMa expire 21 lines
04-22 19:46:27.451  1754  1847 I chatty  : uid=1002(bluetooth) BT Service Call expire 250 lines
04-22 19:46:27.480   242   711 D AudioFlinger: mixer(0xab540fe8) throttle end: throttle time(3)
04-22 19:46:35.223   664  5651 D NetlinkSocketObserver: NeighborEvent{elapsedMs=11641193, 192.168.7.1, [F4F26D035B8B], RTM_NEWNEIGH, NUD_STALE}
04-22 19:46:35.394   664   673 I art     : Background partial concurrent mark sweep GC freed 37308(2MB) AllocSpace objects, 4(80KB) LOS objects, 33% free, 24MB/36MB, paused 3.073ms total 138.678ms
04-22 19:46:37.468  1754  1764 I chatty  : uid=1002(bluetooth) Binder_1 expire 9 lines
04-22 19:46:37.541   664  1485 I ActivityManager: START u0 {cmp=com.icrealtime.allie/.ui.activities.FoundCamerasActivity (has extras)} from uid 10183 on display 0
04-22 19:46:37.659  1077  1077 I Keyboard.Facilitator: onFinishInput()
04-22 19:46:37.659   664   682 I ActivityManager: Displayed com.icrealtime.allie/.ui.activities.FoundCamerasActivity: +104ms
04-22 19:46:41.749   242   711 D audio_hw_primary: out_set_parameters: enter: usecase(0: playback) kvpairs: routing=2 out->devices(2) adev->mode(0)
04-22 19:46:41.751  8362  8362 I chatty  : uid=10183(com.icrealtime.allie) expire 19 lines
04-22 19:46:41.759  1754  1847 I chatty  : uid=1002(bluetooth) BT Service Call expire 33 lines
04-22 19:46:41.759  8362  8665 I chatty  : uid=10183(com.icrealtime.allie) Binder_6 expire 10 lines
04-22 19:46:41.763  1754  1866 I chatty  : uid=1002(bluetooth) BluetoothScanMa expire 10 lines
04-22 19:46:43.906  8362 10271 I chatty  : uid=10183(com.icrealtime.allie) expire 3 lines
04-22 19:46:43.911  8362 10272 I chatty  : uid=10183(com.icrealtime.allie) expire 9 lines
04-22 19:46:44.123  8362 10273 I chatty  : uid=10183(com.icrealtime.allie) expire 1 line
04-22 19:46:44.562  8362 10277 I chatty  : uid=10183(com.icrealtime.allie) expire 1 line
04-22 19:46:44.639  8362 10278 I chatty  : uid=10183(com.icrealtime.allie) expire 2 lines
04-22 19:46:44.853   664  2198 W InputMethodManagerService: Window already focused, ignoring focus gain of: com.android.internal.view.IInputMethodClient$Stub$Proxy@e8d763d attribute=null, token = android.os.BinderProxy@b7dd8fc
04-22 19:46:44.919  1077  1077 I Keyboard.Facilitator: onFinishInput()
04-22 19:46:44.919  1077  1077 I Keyboard.Facilitator: onStartInput()
04-22 19:46:44.927  1077  1077 D KeyboardTheme: No property defined for ro.com.google.ime.theme_id
04-22 19:46:44.927  1077  1077 I LatinIME: Starting input. Cursor position = 0,0
04-22 19:46:44.962  1077  1077 I Keyboard.Facilitator: resetDictionaries() : no-op
04-22 19:46:44.962  1077  1077 I StatsUtilsManager: onLoadSettings()
04-22 19:46:47.986   242   711 D audio_hw_primary: out_set_parameters: enter: usecase(0: playback) kvpairs: routing=2 out->devices(2) adev->mode(0)
04-22 19:46:48.642   242   711 D audio_hw_primary: out_set_parameters: enter: usecase(0: playback) kvpairs: routing=2 out->devices(2) adev->mode(0)
04-22 19:46:49.453   242   711 D audio_hw_primary: out_set_parameters: enter: usecase(0: playback) kvpairs: routing=2 out->devices(2) adev->mode(0)
04-22 19:46:50.018   242   711 D audio_hw_primary: out_set_parameters: enter: usecase(0: playback) kvpairs: routing=2 out->devices(2) adev->mode(0)
04-22 19:46:50.058   242   711 D AudioFlinger: mixer(0xab540fe8) throttle end: throttle time(3)
04-22 19:46:50.381   242   711 D audio_hw_primary: out_set_parameters: enter: usecase(0: playback) kvpairs: routing=2 out->devices(2) adev->mode(0)
04-22 19:46:50.420   242   711 D AudioFlinger: mixer(0xab540fe8) throttle end: throttle time(3)
04-22 19:46:50.765   242   711 D audio_hw_primary: out_set_parameters: enter: usecase(0: playback) kvpairs: routing=2 out->devices(2) adev->mode(0)
04-22 19:46:50.804   242   711 D AudioFlinger: mixer(0xab540fe8) throttle end: throttle time(3)
04-22 19:46:51.810   242   711 D audio_hw_primary: out_set_parameters: enter: usecase(0: playback) kvpairs: routing=2 out->devices(2) adev->mode(0)
04-22 19:46:51.833  8362  8362 I chatty  : uid=10183(com.icrealtime.allie) expire 112 lines
04-22 19:46:51.837  8362  8489 I chatty  : uid=10183(com.icrealtime.allie) AsyncTask #3 expire 20 lines
04-22 19:46:51.838  1077  1077 I Spelling.Facilitator: closeDictionaries()
04-22 19:46:51.838  1077  1077 I Spelling.Facilitator: flushDynamicLanguageModels()
04-22 19:46:51.838  1077  1077 I Decoder : createOrResetDecoder
04-22 19:46:51.850   242   711 D AudioFlinger: mixer(0xab540fe8) throttle end: throttle time(3)
04-22 19:46:51.879  1754  1847 I chatty  : uid=1002(bluetooth) BT Service Call expire 36 lines
04-22 19:46:51.886  1754  1866 I chatty  : uid=1002(bluetooth) BluetoothScanMa expire 10 lines
04-22 19:46:51.962  1077  1077 I Keyboard.Facilitator: onFinishInput()
04-22 19:46:53.608  1754  1957 I chatty  : uid=1002(bluetooth) Binder_3 expire 3 lines
04-22 19:46:54.113  1754  1936 I chatty  : uid=1002(bluetooth) bluedroid wake/ expire 7 lines
04-22 19:46:54.119  8362 10282 I chatty  : uid=10183(com.icrealtime.allie) expire 3 lines
04-22 19:46:54.135  8362 10283 I chatty  : uid=10183(com.icrealtime.allie) expire 9 lines
04-22 19:46:54.137  1754  4321 I chatty  : uid=1002(bluetooth) Binder_4 expire 2 lines
04-22 19:46:54.344  8362 10284 I chatty  : uid=10183(com.icrealtime.allie) expire 1 line
04-22 19:46:54.926  8362  8665 I chatty  : uid=10183(com.icrealtime.allie) Binder_6 expire 1 line
04-22 19:46:54.929  8362 10289 I chatty  : uid=10183(com.icrealtime.allie) expire 1 line
04-22 19:46:54.974  8362 10290 I chatty  : uid=10183(com.icrealtime.allie) expire 2 lines
04-22 19:46:55.269  8362  8472 I chatty  : uid=10183(com.icrealtime.allie) AsyncTask #1 expire 23 lines
04-22 19:46:55.295  1077  1077 I Keyboard.Facilitator: onFinishInput()
04-22 19:47:00.261   664  5651 D NetlinkSocketObserver: NeighborEvent{elapsedMs=11666232, 192.168.7.1, [F4F26D035B8B], RTM_NEWNEIGH, NUD_REACHABLE}
04-22 19:47:06.817  8362  8477 I chatty  : uid=10183(com.icrealtime.allie) AsyncTask #2 expire 23 lines
04-22 19:47:15.955   242   711 D audio_hw_primary: out_set_parameters: enter: usecase(0: playback) kvpairs: routing=2 out->devices(2) adev->mode(0)
04-22 19:47:15.990  1077  1077 I Keyboard.Facilitator: onFinishInput()
04-22 19:47:17.150  8362  8456 I chatty  : uid=10183(com.icrealtime.allie) Picasso-Dispatc expire 13 lines
04-22 19:47:17.394  8362  8362 I chatty  : uid=10183(com.icrealtime.allie) expire 21 lines
04-22 19:47:18.692   664   746 E native  : do suspend false
04-22 19:47:18.713   664  2471 D DhcpClient: Unicasting DHCPREQUEST ciaddr=192.168.7.154 request=0.0.0.0 serverid=null to /192.168.7.1:67
04-22 19:47:18.760   664  5652 D DhcpClient: Received packet: b4:ce:f6:df:40:65 ACK: your new IP /192.168.7.154, netmask /255.255.255.0, gateways [/192.168.7.1] DNS servers: /192.168.7.1 , lease time 43200
04-22 19:47:18.770   664  2471 D DhcpClient: Scheduling renewal in 21599s
04-22 19:47:18.805   664   746 D WifiConfigStore: No blacklist allowed without epno enabled
04-22 19:47:18.805   664   748 D ConnectivityService: notifyType CAP_CHANGED for NetworkAgentInfo [WIFI () - 101]
04-22 19:47:18.840   664   746 D WifiStateMachine: WifiStateMachine: Leaving Connected state
04-22 19:47:21.822   664   748 D ConnectivityService: notifyType CAP_CHANGED for NetworkAgentInfo [WIFI () - 101]
04-22 19:47:31.131   664  5651 D NetlinkSocketObserver: NeighborEvent{elapsedMs=11697102, 192.168.7.1, [F4F26D035B8B], RTM_NEWNEIGH, NUD_STALE}
04-22 19:47:31.239   242   711 D audio_hw_primary: out_set_parameters: enter: usecase(0: playback) kvpairs: routing=2 out->devices(2) adev->mode(0)
04-22 19:47:31.681  1077  1077 I Keyboard.Facilitator: onFinishInput()
04-22 19:47:32.626   242   711 D audio_hw_primary: out_set_parameters: enter: usecase(0: playback) kvpairs: routing=2 out->devices(2) adev->mode(0)
04-22 19:47:33.070  1077  1077 I Keyboard.Facilitator: onFinishInput()
04-22 19:47:33.475  8362  8362 I chatty  : uid=10183(com.icrealtime.allie) expire 15 lines
04-22 19:47:33.479   242   711 D audio_hw_primary: out_set_parameters: enter: usecase(0: playback) kvpairs: routing=2 out->devices(2) adev->mode(0)
04-22 19:47:33.509  8362  8456 I chatty  : uid=10183(com.icrealtime.allie) Picasso-Dispatc expire 9 lines
04-22 19:47:33.903  1077  1077 I Keyboard.Facilitator: onFinishInput()
04-22 19:47:35.612   242   711 D audio_hw_primary: out_set_parameters: enter: usecase(0: playback) kvpairs: routing=2 out->devices(2) adev->mode(0)
04-22 19:47:36.052  1077  1077 I Keyboard.Facilitator: onFinishInput()
04-22 19:47:38.520   664  5651 D NetlinkSocketObserver: NeighborEvent{elapsedMs=11704491, 192.168.7.1, [F4F26D035B8B], RTM_NEWNEIGH, NUD_REACHABLE}
04-22 19:47:38.853   664   746 D WifiStateMachine: starting scan for "1503-5G"WPA_PSK with 5180
04-22 19:47:49.541   664  5651 D NetlinkSocketObserver: NeighborEvent{elapsedMs=11715511, 192.168.7.1, [F4F26D035B8B], RTM_NEWNEIGH, NUD_STALE}
04-22 19:48:13.135   664   748 D ConnectivityService: notifyType CAP_CHANGED for NetworkAgentInfo [WIFI () - 101]
04-22 19:48:16.162   664   748 D ConnectivityService: notifyType CAP_CHANGED for NetworkAgentInfo [WIFI () - 101]
04-22 19:48:18.855   664   746 D WifiStateMachine: starting scan for "1503-5G"WPA_PSK with 5180
04-22 19:48:34.297   664   748 D ConnectivityService: notifyType CAP_CHANGED for NetworkAgentInfo [WIFI () - 101]
04-22 19:48:36.090  1077  6398 I Keyboard.Facilitator.LanguageModelFlusher: run()
04-22 19:48:36.091  1077  6398 I Keyboard.Facilitator: flushDynamicLanguageModels()
04-22 19:48:36.124  1092  1092 I ConfigService: onCreate
04-22 19:48:37.327   664   748 D ConnectivityService: notifyType CAP_CHANGED for NetworkAgentInfo [WIFI () - 101]
04-22 19:48:38.856   664   746 D WifiStateMachine: starting scan for "1503-5G"WPA_PSK with 5180
04-22 19:48:40.352   664   748 D ConnectivityService: notifyType CAP_CHANGED for NetworkAgentInfo [WIFI () - 101]
04-22 19:48:41.246  1092  1092 I ConfigService: onDestroy
04-22 19:48:46.398   664   748 D ConnectivityService: notifyType CAP_CHANGED for NetworkAgentInfo [WIFI () - 101]
04-22 19:48:58.858   664   746 D WifiStateMachine: starting scan for "1503-5G"WPA_PSK with 5180
04-22 19:49:16.597   664   748 D ConnectivityService: notifyType CAP_CHANGED for NetworkAgentInfo [WIFI () - 101]
04-22 19:49:18.861   664   746 D WifiStateMachine: starting scan for "1503-5G"WPA_PSK with 5180
04-22 19:49:19.623   664   748 D ConnectivityService: notifyType CAP_CHANGED for NetworkAgentInfo [WIFI () - 101]
04-22 19:49:22.659   664   748 D ConnectivityService: notifyType CAP_CHANGED for NetworkAgentInfo [WIFI () - 101]
04-22 19:49:25.686   664   748 D ConnectivityService: notifyType CAP_CHANGED for NetworkAgentInfo [WIFI () - 101]
04-22 19:49:28.715   664   748 D ConnectivityService: notifyType CAP_CHANGED for NetworkAgentInfo [WIFI () - 101]
04-22 19:49:31.746   664   748 D ConnectivityService: notifyType CAP_CHANGED for NetworkAgentInfo [WIFI () - 101]
04-22 19:49:37.786   664   748 D ConnectivityService: notifyType CAP_CHANGED for NetworkAgentInfo [WIFI () - 101]
04-22 19:49:42.713   238   660 D MDnsDS  : MDnsSdListener::Monitor poll timed out
04-22 19:49:42.714   238   660 D MDnsDS  : Going to poll with pollCount 1
04-22 19:49:43.836   664   748 D ConnectivityService: notifyType CAP_CHANGED for NetworkAgentInfo [WIFI () - 101]
04-22 19:49:58.867   664   746 D WifiStateMachine: starting scan for "1503-5G"WPA_PSK with 5180
04-22 19:50:08.002   664   748 D ConnectivityService: notifyType CAP_CHANGED for NetworkAgentInfo [WIFI () - 101]
04-22 19:50:14.054   664   748 D ConnectivityService: notifyType CAP_CHANGED for NetworkAgentInfo [WIFI () - 101]
04-22 19:50:18.870   664   746 D WifiStateMachine: starting scan for "1503-5G"WPA_PSK with 5180
04-22 19:50:23.121   664   748 D ConnectivityService: notifyType CAP_CHANGED for NetworkAgentInfo [WIFI () - 101]
04-22 19:50:26.146   664   748 D ConnectivityService: notifyType CAP_CHANGED for NetworkAgentInfo [WIFI () - 101]
04-22 19:50:38.872   664   746 D WifiStateMachine: starting scan for "1503-5G"WPA_PSK with 5180
04-22 19:50:50.306   664   748 D ConnectivityService: notifyType CAP_CHANGED for NetworkAgentInfo [WIFI () - 101]
04-22 19:50:56.354   664   748 D ConnectivityService: notifyType CAP_CHANGED for NetworkAgentInfo [WIFI () - 101]
04-22 19:50:58.876   664   746 D WifiStateMachine: starting scan for "1503-5G"WPA_PSK with 5180
04-22 19:51:02.048   664   664 I EntropyMixer: Writing entropy...
04-22 19:51:02.164  1326  1326 I iu.Environment: update battery state; isPlugged? true*
04-22 19:51:02.168  1092  1092 E NetworkScheduler.SchedulerReceiver: Invalid parameter app
04-22 19:51:02.168  1092  1092 E NetworkScheduler.SchedulerReceiver: Invalid package name : Perhaps you didn't include a PendingIntent in the extras?
04-22 19:51:02.183  1326 10317 I iu.FingerprintManager: Start processing all media
04-22 19:51:02.190  1326 10317 I iu.FingerprintManager: Start processing media store URI: content://media/external/images/media
04-22 19:51:02.190  1326  2564 I iu.UploadsManager: num queued entries: 0
04-22 19:51:02.191  1326  2564 I iu.UploadsManager: num updated entries: 0
04-22 19:51:02.192  1326  2564 I iu.SyncManager: NEXT; no task
04-22 19:51:02.193  1092  1092 I GCoreUlr: Starting service, intent=Intent { act=com.google.android.location.reporting.ACTION_UPDATE_WORLD cmp=com.google.android.gms/com.google.android.location.reporting.service.DispatchingService (has extras) }, extras=Bundle[{receiverAction=android.intent.action.ACTION_POWER_CONNECTED}]
04-22 19:51:02.196  1092  1092 I GCoreUlr: DispatchingService.onCreate()
04-22 19:51:02.205   664  1489 I ActivityManager: Start proc 10318:com.android.chrome/u0a35 for broadcast com.android.chrome/org.chromium.base.PowerStatusReceiver
04-22 19:51:02.262  1326 10317 I iu.FingerprintManager: Start processing media store URI: content://media/external/video/media
04-22 19:51:02.287   818   818 W PathParser: Points are too far apart 4.030360828967057
04-22 19:51:02.287   818   818 W PathParser: Points are too far apart 4.030360538880159
04-22 19:51:02.316 10011 10011 D MtpService: starting MTP server in PTP mode
04-22 19:51:02.332  1326 10317 I iu.FingerprintManager: Start processing media store URI: content://media/phoneStorage/images/media
04-22 19:51:02.333  1326 10317 I iu.FingerprintManager: Start processing media store URI: content://media/phoneStorage/video/media
04-22 19:51:02.335  1326 10317 I iu.FingerprintManager: Finished generating fingerprints; 0.150 seconds
04-22 19:51:02.335  1326 10317 I iu.FingerprintManager:   numSeen=182 numGenerated=0 numDeleted=0 numFailed=0
04-22 19:51:02.379  1092 10333 I GCoreUlr: WorldUpdater received intent Intent { act=com.google.android.location.reporting.ACTION_UPDATE_WORLD cmp=com.google.android.gms/com.google.android.location.reporting.service.DispatchingService (has extras) } with receiverAction android.intent.action.ACTION_POWER_CONNECTED
04-22 19:51:02.503  1092 10333 I GCoreUlr: WorldUpdater:android.intent.action.ACTION_POWER_CONNECTED: Ensuring that reporting is stopped because of reasons: {account#12#=[InactiveReason{mVersionCode=0, mIdentifier=12, mName='LocationDisabled'}, InactiveReason{mVersionCode=0, mIdentifier=6, mName='ReportingNotEnabled'}, InactiveReason{mVersionCode=0, mIdentifier=14, mName='HistoryNotEnabled'}], account#0#=[InactiveReason{mVersionCode=0, mIdentifier=12, mName='LocationDisabled'}, InactiveReason{mVersionCode=0, mIdentifier=6, mName='ReportingNotEnabled'}, InactiveReason{mVersionCode=0, mIdentifier=14, mName='HistoryNotEnabled'}], account#-5#=[InactiveReason{mVersionCode=0, mIdentifier=12, mName='LocationDisabled'}, InactiveReason{mVersionCode=0, mIdentifier=6, mName='ReportingNotEnabled'}, InactiveReason{mVersionCode=0, mIdentifier=14, mName='HistoryNotEnabled'}]}
04-22 19:51:02.509  1092 10333 I GCoreUlr: Unbound from all location providers
04-22 19:51:02.509  1092 10333 I GCoreUlr: Place inference reporting - stopped
04-22 19:51:02.520  1092  1092 I GCoreUlr: DispatchingService.onDestroy()
04-22 19:51:02.520  1092  1092 I GCoreUlr: Stopping handler for UlrDispSvcFast
04-22 19:51:02.522  1092  1092 I GCoreUlr: Unbound from all location providers
04-22 19:51:02.522  1092  1092 I GCoreUlr: Place inference reporting - stopped
04-22 19:51:02.571   664  1488 I ActivityManager: Start proc 10336:com.google.android.apps.photos/u0a67 for broadcast com.google.android.apps.photos/.analytics.alive.AliveLogReceiver
04-22 19:51:02.723 10336 10336 W Primes  : Memory instrumentations are turned off.
04-22 19:51:02.725 10336 10336 W Primes  : Timer instrumentations are turned off.
04-22 19:51:02.726 10336 10336 W Primes  : Crash monitoring is turned off.
04-22 19:51:02.727 10336 10336 W Primes  : Network monitoring is turned off.
04-22 19:51:02.727 10336 10336 W Primes  : Package metrics are turned off by default
04-22 19:51:02.831 10336 10356 I GAv4    : Google Analytics 8.4.87 is starting up. To enable debug logging on a device run:
04-22 19:51:02.831 10336 10356 I GAv4    :   adb shell setprop log.tag.GAv4 DEBUG
04-22 19:51:02.831 10336 10356 I GAv4    :   adb logcat -s GAv4
04-22 19:51:02.862 10336 10356 W GAv4    : AnalyticsReceiver is not registered or is disabled. Register the receiver for reliable dispatching on non-Google Play devices. See http://goo.gl/8Rd3yj for instructions.
04-22 19:51:02.866 10336 10356 W GAv4    : CampaignTrackingReceiver is not registered, not exported or is disabled. Installation campaign tracking is not possible. See http://goo.gl/8Rd3yj for instructions.
04-22 19:51:02.870 10336 10360 W GAv4    : AnalyticsService not registered in the app manifest. Hits might not be delivered reliably. See http://goo.gl/8Rd3yj for instructions.
04-22 19:51:02.934  1077  1077 I PowerConnectionBroadcastReceiver: onReceive() : Device plugged in. 
04-22 19:51:02.934  1077  1077 I StatsUtilsManager: startPeriodStatsRecorder() : Success
04-22 19:51:02.936  1077  1077 I PeriodicStatsRecorder: shouldRecordStats() = Too Soon
04-22 19:51:02.947   664  1490 I ActivityManager: Start proc 10363:com.google.android.apps.plus/u0a69 for broadcast com.google.android.apps.plus/.service.PhotosAppTransitionMonitor
04-22 19:51:03.403   664   675 I ActivityManager: Killing 9520:com.google.android.gm.exchange/u0a71 (adj 15): empty for 2281s
04-22 19:51:07.974   664  1485 I ActivityManager: Killing 9686:system:ui/1000 (adj 15): empty for 1991s
04-22 19:51:08.426   664   748 D ConnectivityService: notifyType CAP_CHANGED for NetworkAgentInfo [WIFI () - 101]
04-22 19:51:18.879   664   746 D WifiStateMachine: starting scan for "1503-5G"WPA_PSK with 5180
04-22 19:51:23.537   664   748 D ConnectivityService: notifyType CAP_CHANGED for NetworkAgentInfo [WIFI () - 101]
04-22 19:51:29.583   664   748 D ConnectivityService: notifyType CAP_CHANGED for NetworkAgentInfo [WIFI () - 101]
04-22 19:51:31.647  8362  8362 I chatty  : uid=10183(com.icrealtime.allie) expire 41 lines
04-22 19:51:31.648   242   711 D audio_hw_primary: out_set_parameters: enter: usecase(0: playback) kvpairs: routing=2 out->devices(2) adev->mode(0)
04-22 19:51:31.674  8362  8489 I chatty  : uid=10183(com.icrealtime.allie) AsyncTask #3 expire 23 lines
04-22 19:51:32.600   664   748 D ConnectivityService: notifyType CAP_CHANGED for NetworkAgentInfo [WIFI () - 101]
04-22 19:51:33.981   664  1234 W InputMethodManagerService: Window already focused, ignoring focus gain of: com.android.internal.view.IInputMethodClient$Stub$Proxy@57afc9f attribute=android.view.inputmethod.EditorInfo@5031ec, token = android.os.BinderProxy@f478aa8
04-22 19:51:33.984  1077  1077 I Keyboard.Facilitator: onFinishInput()
04-22 19:51:35.625   664   748 D ConnectivityService: notifyType CAP_CHANGED for NetworkAgentInfo [WIFI () - 101]
04-22 19:51:36.208   242   711 D audio_hw_primary: out_set_parameters: enter: usecase(0: playback) kvpairs: routing=2 out->devices(2) adev->mode(0)
04-22 19:51:36.209   664  1489 I ActivityManager: START u0 {act=android.intent.action.SENDTO dat=mailto:xxx.xxxxxxxxxxxxxxxx@xxxxxxxxxx.xxx cmp=com.google.android.gm/.ComposeActivityGmail (has extras)} from uid 10183 on display 0
04-22 19:51:36.358   664   673 I art     : Background partial concurrent mark sweep GC freed 24153(1346KB) AllocSpace objects, 4(80KB) LOS objects, 33% free, 24MB/36MB, paused 1.132ms total 111.426ms
04-22 19:51:36.639  9494  9494 I WebViewFactory: Loading com.google.android.webview version 49.0.2623.105 (code 262310550)
04-22 19:51:36.680   664  5651 D NetlinkSocketObserver: NeighborEvent{elapsedMs=11942651, 192.168.7.1, [F4F26D035B8B], RTM_NEWNEIGH, NUD_REACHABLE}
04-22 19:51:36.822  9494  9494 I cr_LibraryLoader: Time to load native libraries: 13 ms (timestamps 2668-2681)
04-22 19:51:36.822  9494  9494 I cr_LibraryLoader: Expected native library version number "49.0.2623.105", actual native library version number "49.0.2623.105"
04-22 19:51:36.857  9494  9494 V WebViewChromiumFactoryProvider: Binding Chromium to main looper Looper (main, tid 1) {7f695ca}
04-22 19:51:36.857  9494  9494 I cr_LibraryLoader: Expected native library version number "49.0.2623.105", actual native library version number "49.0.2623.105"
04-22 19:51:36.876  9494  9494 I chromium: [INFO:library_loader_hooks.cc(144)] Chromium logging enabled: level = 0, default verbosity = 0
04-22 19:51:36.896  9494  9494 I cr_BrowserStartup: Initializing chromium process, singleProcess=true
04-22 19:51:37.235  9494 10401 W cr_media: Requires BLUETOOTH permission
04-22 19:51:37.327  9494  9494 D cr_Ime  : [InputMethodManagerWrapper.java:27] Constructor
04-22 19:51:37.334  9494  9494 W cr_AwContents: onDetachedFromWindow called when already detached. Ignoring
04-22 19:51:37.336  9494  9494 D cr_Ime  : [InputMethodManagerWrapper.java:56] isActive: false
04-22 19:51:37.453   664  1234 W AppOps  : Bad call: specified package com.google.android.gms under uid 10072 but it is really 10008
04-22 19:51:37.471  9494  9494 I Gmail   : ComposeActivity: Body populated, len: 82, sig: true
04-22 19:51:37.514  9494 10407 D OpenGLRenderer: Use EGL_SWAP_BEHAVIOR_PRESERVED: true
04-22 19:51:37.542   664  1234 D ConnectivityService: listenForNetwork for Listen from uid/pid:10072/9494 for NetworkRequest [ id=15, legacyType=-1, [ Capabilities: INTERNET&NOT_RESTRICTED&TRUSTED&NOT_VPN] ]
04-22 19:51:37.637  9494 10407 I OpenGLRenderer: Initialized EGL, version 1.4
04-22 19:51:37.718   664   682 I ActivityManager: Displayed com.google.android.gm/.ComposeActivityGmail: +1s450ms
04-22 19:51:37.740  1077  1077 I Keyboard.Facilitator: onStartInput()
04-22 19:51:37.744  1077  1077 D KeyboardTheme: No property defined for ro.com.google.ime.theme_id
04-22 19:51:37.744  1077  1077 I LatinIME: Starting input. Cursor position = -1,-1
04-22 19:51:37.745  1077  1077 E RichInputConnection: Unable to connect to the editor to retrieve text.
04-22 19:51:37.745  1077  1077 D RichInputConnection: Will try to retrieve text later.
04-22 19:51:37.745  1077  1077 I InputAttributes: InputType.TYPE_NULL is specified
04-22 19:51:37.747  1077  1077 I Keyboard.Facilitator: resetDictionaries() : no-op
04-22 19:51:37.747  1077  1077 I StatsUtilsManager: onLoadSettings()
04-22 19:51:37.776  1077  1077 I Keyboard.Facilitator: onFinishInput()
04-22 19:51:37.776  1077  1077 I Keyboard.Facilitator: onStartInput()
04-22 19:51:37.779  1077  1077 D KeyboardTheme: No property defined for ro.com.google.ime.theme_id
04-22 19:51:37.779  1077  1077 I LatinIME: Starting input. Cursor position = 82,82
04-22 19:51:37.837  9494  9494 I Gmail   : PlayLogger.onLoggerConnected
04-22 19:51:37.859  9494  9494 I Gmail   : Autocomplete Client connected:
04-22 19:51:37.875  1077  1077 I Keyboard.Facilitator: resetDictionaries() : no-op
04-22 19:51:37.875  1077  1077 I StatsUtilsManager: onLoadSettings()
04-22 19:51:37.928  1326 10412 V BaseAuthAsyncOperation: All scopes had been granted in the past, skip access token fetching
04-22 19:51:37.930   664  2198 W AppOps  : Bad call: specified package com.google.android.gms under uid 10072 but it is really 10008
04-22 19:51:37.937  1092  1092 V GLSActivity: AuthDelegateWrapperCreated with selected intent: Intent { cmp=com.google.android.gms/.auth.DefaultAuthDelegateService }
04-22 19:51:37.939  1092  1092 V GLSActivity: AuthDelegateWrapperCreated with selected intent: Intent { cmp=com.google.android.gms/.auth.DefaultAuthDelegateService }
04-22 19:51:37.974  1326 10412 V BaseAuthAsyncOperation: access token request successful
04-22 19:51:38.046   664   674 I ActivityManager: Start proc 10417:com.google.process.gapps/u0a104 for content provider com.google.android.syncadapters.contacts/.GalProvider
04-22 19:51:38.067  1326 10416 W BaseAppContext: Using Auth Proxy for data requests.
04-22 19:51:38.076  1326 10416 W BaseAppContext: Using Auth Proxy for data requests.
04-22 19:51:38.183  9494  9494 I Gmail   : Drive Client connected:
04-22 19:51:38.205 10417 10417 W System  : ClassLoader referenced unknown path: /system/app/GoogleContactsSyncAdapter/lib/arm64
04-22 19:51:38.213   664  1490 D WifiService: acquireWifiLockLocked: WifiLock{MetadataSyncService type=1 binder=android.os.BinderProxy@d0ec4c8}
04-22 19:51:38.261 10417 10417 I GoogleHttpClient: GMS http client unavailable, use old client
04-22 19:51:38.287  1092  1092 V GLSActivity: AuthDelegateWrapperCreated with selected intent: Intent { cmp=com.google.android.gms/.auth.DefaultAuthDelegateService }
04-22 19:51:38.366  1326  1945 W System.err: java.lang.Exception: Error converting session
04-22 19:51:38.373  1326  1945 W System.err: 	at com.google.android.gms.org.conscrypt.a.log(:com.google.android.gms:302)
04-22 19:51:38.373  1326  1945 W System.err: 	at com.google.android.gms.org.conscrypt.a.toSession(:com.google.android.gms:268)
04-22 19:51:38.373  1326  1945 W System.err: 	at com.google.android.gms.org.conscrypt.ClientSessionContext.getSession(:com.google.android.gms:87)
04-22 19:51:38.373  1326  1945 W System.err: 	at com.google.android.gms.org.conscrypt.SSLParametersImpl.getCachedClientSession(:com.google.android.gms:711)
04-22 19:51:38.373  1326  1945 W System.err: 	at com.google.android.gms.org.conscrypt.SSLParametersImpl.getSessionToReuse(:com.google.android.gms:377)
04-22 19:51:38.373  1326  1945 W System.err: 	at com.google.android.gms.org.conscrypt.OpenSSLSocketImpl.startHandshake(:com.google.android.gms:310)
04-22 19:51:38.373  1326  1945 W System.err: 	at com.google.android.gms.common.net.d.a(:com.google.android.gms:179)
04-22 19:51:38.374  1326  1945 W System.err: 	at com.google.android.gms.common.net.d.createSocket(:com.google.android.gms:463)
04-22 19:51:38.374  1326  1945 W System.err: 	at com.android.okhttp.internal.http.SocketConnector.connectTls(SocketConnector.java:89)
04-22 19:51:38.374  1326  1945 W System.err: 	at com.android.okhttp.Connection.connect(Connection.java:143)
04-22 19:51:38.374  1326  1945 W System.err: 	at com.android.okhttp.Connection.connectAndSetOwner(Connection.java:185)
04-22 19:51:38.374  1326  1945 W System.err: 	at com.android.okhttp.OkHttpClient$1.connectAndSetOwner(OkHttpClient.java:128)
04-22 19:51:38.374  1326  1945 W System.err: 	at com.android.okhttp.internal.http.HttpEngine.nextConnection(HttpEngine.java:341)
04-22 19:51:38.374  1326  1945 W System.err: 	at com.android.okhttp.internal.http.HttpEngine.connect(HttpEngine.java:330)
04-22 19:51:38.374  1326  1945 W System.err: 	at com.android.okhttp.internal.http.HttpEngine.sendRequest(HttpEngine.java:248)
04-22 19:51:38.374  1326  1945 W System.err: 	at com.android.okhttp.internal.huc.HttpURLConnectionImpl.execute(HttpURLConnectionImpl.java:437)
04-22 19:51:38.374  1326  1945 W System.err: 	at com.android.okhttp.internal.huc.HttpURLConnectionImpl.connect(HttpURLConnectionImpl.java:114)
04-22 19:51:38.374  1326  1945 W System.err: 	at com.android.okhttp.internal.huc.DelegatingHttpsURLConnection.connect(DelegatingHttpsURLConnection.java:89)
04-22 19:51:38.374  1326  1945 W System.err: 	at com.android.okhttp.internal.huc.HttpsURLConnectionImpl.connect(HttpsURLConnectionImpl.java)
04-22 19:51:38.374  1326  1945 W System.err: 	at com.google.android.gms.http.GoogleHttpClient.a(:com.google.android.gms:950)
04-22 19:51:38.374  1326  1945 W System.err: 	at com.google.android.gms.http.GoogleHttpClient.a(:com.google.android.gms:766)
04-22 19:51:38.374  1326  1945 W System.err: 	at com.google.android.gms.http.GoogleHttpClient.execute(:com.google.android.gms:674)
04-22 19:51:38.374  1326  1945 W System.err: 	at com.google.android.gms.http.GoogleHttpClient.execute(:com.google.android.gms:658)
04-22 19:51:38.374  1326  1945 W System.err: 	at com.android.volley.toolbox.HttpClientStack.performRequest(:com.google.android.gms:87)
04-22 19:51:38.374  1326  1945 W System.err: 	at com.google.android.gms.auth.be.b.performRequest(:com.google.android.gms:44)
04-22 19:51:38.374  1326  1945 W System.err: 	at com.android.volley.toolbox.BasicNetwork.performRequest(:com.google.android.gms:96)
04-22 19:51:38.374  1326  1945 W System.err: 	at com.google.android.gms.common.server.v.performRequest(:com.google.android.gms:64)
04-22 19:51:38.374  1326  1945 W System.err: 	at com.android.volley.NetworkDispatcher.run(:com.google.android.gms:112)
04-22 19:51:38.374  1326  1945 W System.err: Caused by: java.io.IOException: Invalid session data
04-22 19:51:38.375  1326  1945 W System.err: 	at com.google.android.gms.org.conscrypt.OpenSSLSessionImpl.<init>(:com.google.android.gms:88)
04-22 19:51:38.375  1326  1945 W System.err: 	at com.google.android.gms.org.conscrypt.a.toSession(:com.google.android.gms:267)
04-22 19:51:38.375  1326  1945 W System.err: 	... 26 more
04-22 19:51:38.645   664   748 D ConnectivityService: notifyType CAP_CHANGED for NetworkAgentInfo [WIFI () - 101]
04-22 19:51:38.879   664   746 D WifiStateMachine: starting scan for "1503-5G"WPA_PSK with 5180
04-22 19:51:39.341  1326  1326 D SnetService: snet destroyed
04-22 19:51:39.509   664  1488 I ProcessStatsService: Added stats: 2016-04-22-16-33-24, over +3h0m36s616ms
04-22 19:51:39.520   664  1488 I ProcessStatsService: Added stats: 2016-04-22-13-10-41, over +2h34m6s915ms
04-22 19:51:39.527   664  1488 I ProcessStatsService: Added stats: 2016-04-22-09-12-55, over +3h57m45s976ms
04-22 19:51:39.532   664  1488 I ProcessStatsService: Added stats: 2016-04-21-20-22-00, over +12h50m55s877ms
04-22 19:51:39.538  1326 10454 I EventLogService: Accumulating logs since 1461336143739
04-22 19:51:39.539  1326 10454 I EventLogService: Opted in for usage reporting
04-22 19:51:39.688  1092  1101 E DataBuffer: Internal data leak within a DataBuffer object detected!  Be sure to explicitly call release() on all DataBuffer extending objects when you are done with them. (internal object: com.google.android.gms.common.data.DataHolder@7e07e89)
04-22 19:51:39.688  1092  1101 E DataBuffer: Internal data leak within a DataBuffer object detected!  Be sure to explicitly call release() on all DataBuffer extending objects when you are done with them. (internal object: com.google.android.gms.common.data.DataHolder@819ce8e)
04-22 19:51:39.688  1092  1101 E DataBuffer: Internal data leak within a DataBuffer object detected!  Be sure to explicitly call release() on all DataBuffer extending objects when you are done with them. (internal object: com.google.android.gms.common.data.DataHolder@fc066af)
04-22 19:51:39.688  1092  1101 E DataBuffer: Internal data leak within a DataBuffer object detected!  Be sure to explicitly call release() on all DataBuffer extending objects when you are done with them. (internal object: com.google.android.gms.common.data.DataHolder@e8f3abc)
04-22 19:51:39.688  1092  1101 E DataBuffer: Internal data leak within a DataBuffer object detected!  Be sure to explicitly call release() on all DataBuffer extending objects when you are done with them. (internal object: com.google.android.gms.common.data.DataHolder@497a45)
04-22 19:51:39.691  1092  1101 E DataBuffer: Internal data leak within a DataBuffer object detected!  Be sure to explicitly call release() on all DataBuffer extending objects when you are done with them. (internal object: com.google.android.gms.common.data.DataHolder@8e8459a)
04-22 19:51:39.691  1092  1101 E DataBuffer: Internal data leak within a DataBuffer object detected!  Be sure to explicitly call release() on all DataBuffer extending objects when you are done with them. (internal object: com.google.android.gms.common.data.DataHolder@f36becb)
04-22 19:51:39.691  1092  1101 E DataBuffer: Internal data leak within a DataBuffer object detected!  Be sure to explicitly call release() on all DataBuffer extending objects when you are done with them. (internal object: com.google.android.gms.common.data.DataHolder@47346a8)
04-22 19:51:39.692  1092  1101 E DataBuffer: Internal data leak within a DataBuffer object detected!  Be sure to explicitly call release() on all DataBuffer extending objects when you are done with them. (internal object: com.google.android.gms.common.data.DataHolder@28c75c1)
04-22 19:51:39.692  1092  1101 E DataBuffer: Internal data leak within a DataBuffer object detected!  Be sure to explicitly call release() on all DataBuffer extending objects when you are done with them. (internal object: com.google.android.gms.common.data.DataHolder@5f52166)
04-22 19:51:39.693  1092  1101 E DataBuffer: Internal data leak within a DataBuffer object detected!  Be sure to explicitly call release() on all DataBuffer extending objects when you are done with them. (internal object: com.google.android.gms.common.data.DataHolder@4707ca7)
