04-29 17:01:41.338 22560 22560 W AccessibilityNodeInfoDumper: Fetch time: 17ms\
04-29 17:01:41.393 22560 22560 I QueryController: Matched selector: UiSelector[CLASS=android.widget.ProgressBar, INSTANCE=0] <<==>> [android.view.accessibility.AccessibilityNodeInfo@800e633b; boundsInParent: Rect(0, 0 - 96, 96); boundsInScreen: Rect(720, 1065 - 816, 1161); packageName: com.icrealtime.allie; className: android.widget.ProgressBar; text: null; error: null; maxTextLength: -1; contentDescription: null; viewIdResName: null; checkable: false; checked: false; focusable: false; focused: false; selected: false; clickable: false; longClickable: false; enabled: true; password: false; scrollable: false; actions: [AccessibilityAction: ACTION_SELECT - null, AccessibilityAction: ACTION_CLEAR_SELECTION - null, AccessibilityAction: ACTION_ACCESSIBILITY_FOCUS - null]]\
04-29 17:01:41.403 22605 23982 D         : (null):0 ((null)): FQS 0\
04-29 17:01:41.403 22605 23982 D         : (null):0 ((null)): PQS 0\
04-29 17:01:41.403 22605 23982 D         : (null):0 ((null)): timerDelta:  418862\
04-29 17:01:41.493  3252  3360 D BatteryService: !@BatteryListener : batteryPropertiesChanged!\
04-29 17:01:41.493  3252  3360 D BatteryService: level:91, scale:100, status:3, health:2, present:true, voltage: 4167, temperature: 361, technology: Li-ion, AC powered:false, USB powered:true, POGO powered:false, Wireless powered:false, icon:17303382, invalid charger:0\
04-29 17:01:41.493  3252  3360 D BatteryService: online:4, current avg:-42, charge type:2, power sharing:false, high voltage charger:false, capacity:280000, current_now:-42\
04-29 17:01:41.493  3252  3252 D BatteryService: Sending ACTION_BATTERY_CHANGED.\
04-29 17:01:41.498  3419  3419 D KeyguardUpdateMonitor: received broadcast android.intent.action.BATTERY_CHANGED\
04-29 17:01:41.498  3419  3419 D KeyguardUpdateMonitor: handleBatteryUpdate\
04-29 17:01:41.498  3667  3667 V EmergencyMode: [EmergencyStateReceiver] onReceive : android.intent.action.BATTERY_CHANGED\
04-29 17:01:41.498  3667  3667 V EmergencyMode: [EmergencyStateReceiver] ACTION_BATTERY_CHANGED mBatteryLevelForLogging = 91\
04-29 17:01:41.508  4914  4914 V HeadsetService: HeadsetService - Received Intent.ACTION_BATTERY_CHANGED\
04-29 17:01:41.508  4914  5137 D HeadsetStateMachine: Disconnected process message: 10\
04-29 17:01:41.508  3419  3419 D BatteryMeterView: ACTION_BATTERY_CHANGED : level:91 status:3 health:2\
04-29 17:01:41.523  3419  3419 D BatteryMeterView: ACTION_BATTERY_CHANGED : level:91 status:3 health:2\
04-29 17:01:41.523  3419  3419 D BatteryMeterView: ACTION_BATTERY_CHANGED : level:91 status:3 health:2\
04-29 17:01:41.523  3419  3419 D CoverUpdateMonitor: received broadcast android.intent.action.BATTERY_CHANGED\
04-29 17:01:41.633 22560 22560 I QueryController: Matched selector: UiSelector[CLASS=android.widget.ProgressBar, INSTANCE=0] <<==>> [android.view.accessibility.AccessibilityNodeInfo@800e633b; boundsInParent: Rect(0, 0 - 96, 96); boundsInScreen: Rect(720, 1065 - 816, 1161); packageName: com.icrealtime.allie; className: android.widget.ProgressBar; text: null; error: null; maxTextLength: -1; contentDescription: null; viewIdResName: null; checkable: false; checked: false; focusable: false; focused: false; selected: false; clickable: false; longClickable: false; enabled: true; password: false; scrollable: false; actions: [AccessibilityAction: ACTION_SELECT - null, AccessibilityAction: ACTION_CLEAR_SELECTION - null, AccessibilityAction: ACTION_ACCESSIBILITY_FOCUS - null]]\
04-29 17:01:41.633 22560 22560 D UiObject: getText() = \
04-29 17:01:41.778 22560 22560 W AccessibilityNodeInfoDumper: Fetch time: 12ms\
04-29 17:01:41.853 22560 22560 I QueryController: Matched selector: UiSelector[CLASS=android.widget.ProgressBar, INSTANCE=0] <<==>> [android.view.accessibility.AccessibilityNodeInfo@800e633b; boundsInParent: Rect(0, 0 - 96, 96); boundsInScreen: Rect(720, 1065 - 816, 1161); packageName: com.icrealtime.allie; className: android.widget.ProgressBar; text: null; error: null; maxTextLength: -1; contentDescription: null; viewIdResName: null; checkable: false; checked: false; focusable: false; focused: false; selected: false; clickable: false; longClickable: false; enabled: true; password: false; scrollable: false; actions: [AccessibilityAction: ACTION_SELECT - null, AccessibilityAction: ACTION_CLEAR_SELECTION - null, AccessibilityAction: ACTION_ACCESSIBILITY_FOCUS - null]]\
04-29 17:01:42.108 22560 22560 I QueryController: Matched selector: UiSelector[CLASS=android.widget.ProgressBar, INSTANCE=0] <<==>> [android.view.accessibility.AccessibilityNodeInfo@800e633b; boundsInParent: Rect(0, 0 - 96, 96); boundsInScreen: Rect(720, 1065 - 816, 1161); packageName: com.icrealtime.allie; className: android.widget.ProgressBar; text: null; error: null; maxTextLength: -1; contentDescription: null; viewIdResName: null; checkable: false; checked: false; focusable: false; focused: false; selected: false; clickable: false; longClickable: false; enabled: true; password: false; scrollable: false; actions: [AccessibilityAction: ACTION_SELECT - null, AccessibilityAction: ACTION_CLEAR_SELECTION - null, AccessibilityAction: ACTION_ACCESSIBILITY_FOCUS - null]]\
04-29 17:01:42.108 22560 22560 D UiObject: getText() = \
04-29 17:01:42.223 22560 22560 W AccessibilityNodeInfoDumper: Fetch time: 15ms\
04-29 17:01:42.263 22605 23982 D         : (null):0 ((null)): FQS 0\
04-29 17:01:42.263 22605 23982 D         : (null):0 ((null)): PQS 0\
04-29 17:01:42.263 22605 23982 D         : (null):0 ((null)): timerDelta:  419720\
04-29 17:01:42.308  3252  6844 D ActivityManager: retrieveServiceLocked(): component = null; callingUser = 0; userId(target) = 0\
04-29 17:01:42.328  3252  4968 D SSRM:n  : SIOP:: AP = 470, PST = 468 (W:30), CUR = -42, LCD = 147\
04-29 17:01:42.338 22560 22560 I QueryController: Matched selector: UiSelector[CLASS=android.widget.ProgressBar, INSTANCE=0] <<==>> [android.view.accessibility.AccessibilityNodeInfo@800e633b; boundsInParent: Rect(0, 0 - 96, 96); boundsInScreen: Rect(720, 1065 - 816, 1161); packageName: com.icrealtime.allie; className: android.widget.ProgressBar; text: null; error: null; maxTextLength: -1; contentDescription: null; viewIdResName: null; checkable: false; checked: false; focusable: false; focused: false; selected: false; clickable: false; longClickable: false; enabled: true; password: false; scrollable: false; actions: [AccessibilityAction: ACTION_SELECT - null, AccessibilityAction: ACTION_CLEAR_SELECTION - null, AccessibilityAction: ACTION_ACCESSIBILITY_FOCUS - null]]\
04-29 17:01:42.408 22560 22560 I QueryController: Matched selector: UiSelector[CLASS=android.widget.ProgressBar, INSTANCE=0] <<==>> [android.view.accessibility.AccessibilityNodeInfo@800e633b; boundsInParent: Rect(0, 0 - 96, 96); boundsInScreen: Rect(720, 1065 - 816, 1161); packageName: com.icrealtime.allie; className: android.widget.ProgressBar; text: null; error: null; maxTextLength: -1; contentDescription: null; viewIdResName: null; checkable: false; checked: false; focusable: false; focused: false; selected: false; clickable: false; longClickable: false; enabled: true; password: false; scrollable: false; actions: [AccessibilityAction: ACTION_SELECT - null, AccessibilityAction: ACTION_CLEAR_SELECTION - null, AccessibilityAction: ACTION_ACCESSIBILITY_FOCUS - null]]\
04-29 17:01:42.408 22560 22560 D UiObject: getText() = \
04-29 17:01:42.528 22560 22560 W AccessibilityNodeInfoDumper: Fetch time: 14ms\
04-29 17:01:42.648 22560 22560 I QueryController: Matched selector: UiSelector[CLASS=android.widget.ProgressBar, INSTANCE=0] <<==>> [android.view.accessibility.AccessibilityNodeInfo@800e633b; boundsInParent: Rect(0, 0 - 96, 96); boundsInScreen: Rect(720, 1065 - 816, 1161); packageName: com.icrealtime.allie; className: android.widget.ProgressBar; text: null; error: null; maxTextLength: -1; contentDescription: null; viewIdResName: null; checkable: false; checked: false; focusable: false; focused: false; selected: false; clickable: false; longClickable: false; enabled: true; password: false; scrollable: false; actions: [AccessibilityAction: ACTION_SELECT - null, AccessibilityAction: ACTION_CLEAR_SELECTION - null, AccessibilityAction: ACTION_ACCESSIBILITY_FOCUS - null]]\
04-29 17:01:42.848 22560 22560 I QueryController: Matched selector: UiSelector[CLASS=android.widget.ProgressBar, INSTANCE=0] <<==>> [android.view.accessibility.AccessibilityNodeInfo@800e633b; boundsInParent: Rect(0, 0 - 96, 96); boundsInScreen: Rect(720, 1065 - 816, 1161); packageName: com.icrealtime.allie; className: android.widget.ProgressBar; text: null; error: null; maxTextLength: -1; contentDescription: null; viewIdResName: null; checkable: false; checked: false; focusable: false; focused: false; selected: false; clickable: false; longClickable: false; enabled: true; password: false; scrollable: false; actions: [AccessibilityAction: ACTION_SELECT - null, AccessibilityAction: ACTION_CLEAR_SELECTION - null, AccessibilityAction: ACTION_ACCESSIBILITY_FOCUS - null]]\
04-29 17:01:42.853 22560 22560 D UiObject: getText() = \
04-29 17:01:42.983 22560 22560 W AccessibilityNodeInfoDumper: Fetch time: 13ms\
04-29 17:01:43.058 22560 22560 I QueryController: Matched selector: UiSelector[CLASS=android.widget.ProgressBar, INSTANCE=0] <<==>> [android.view.accessibility.AccessibilityNodeInfo@800e633b; boundsInParent: Rect(0, 0 - 96, 96); boundsInScreen: Rect(720, 1065 - 816, 1161); packageName: com.icrealtime.allie; className: android.widget.ProgressBar; text: null; error: null; maxTextLength: -1; contentDescription: null; viewIdResName: null; checkable: false; checked: false; focusable: false; focused: false; selected: false; clickable: false; longClickable: false; enabled: true; password: false; scrollable: false; actions: [AccessibilityAction: ACTION_SELECT - null, AccessibilityAction: ACTION_CLEAR_SELECTION - null, AccessibilityAction: ACTION_ACCESSIBILITY_FOCUS - null]]\
04-29 17:01:43.108 22605 23982 D         : (null):0 ((null)): FQS 0\
04-29 17:01:43.108 22605 23982 D         : (null):0 ((null)): PQS 0\
04-29 17:01:43.108 22605 23982 D         : (null):0 ((null)): timerDelta:  420570\
04-29 17:01:43.208 22560 22560 I QueryController: Matched selector: UiSelector[CLASS=android.widget.ProgressBar, INSTANCE=0] <<==>> [android.view.accessibility.AccessibilityNodeInfo@800e633b; boundsInParent: Rect(0, 0 - 96, 96); boundsInScreen: Rect(720, 1065 - 816, 1161); packageName: com.icrealtime.allie; className: android.widget.ProgressBar; text: null; error: null; maxTextLength: -1; contentDescription: null; viewIdResName: null; checkable: false; checked: false; focusable: false; focused: false; selected: false; clickable: false; longClickable: false; enabled: true; password: false; scrollable: false; actions: [AccessibilityAction: ACTION_SELECT - null, AccessibilityAction: ACTION_CLEAR_SELECTION - null, AccessibilityAction: ACTION_ACCESSIBILITY_FOCUS - null]]\
04-29 17:01:43.208 22560 22560 D UiObject: getText() = \
04-29 17:01:43.378 22560 22560 W AccessibilityNodeInfoDumper: Fetch time: 14ms\
04-29 17:01:43.508 22560 22560 I QueryController: Matched selector: UiSelector[CLASS=android.widget.ProgressBar, INSTANCE=0] <<==>> [android.view.accessibility.AccessibilityNodeInfo@800e633b; boundsInParent: Rect(0, 0 - 96, 96); boundsInScreen: Rect(720, 1065 - 816, 1161); packageName: com.icrealtime.allie; className: android.widget.ProgressBar; text: null; error: null; maxTextLength: -1; contentDescription: null; viewIdResName: null; checkable: false; checked: false; focusable: false; focused: false; selected: false; clickable: false; longClickable: false; enabled: true; password: false; scrollable: false; actions: [AccessibilityAction: ACTION_SELECT - null, AccessibilityAction: ACTION_CLEAR_SELECTION - null, AccessibilityAction: ACTION_ACCESSIBILITY_FOCUS - null]]\
04-29 17:01:43.593 22560 22560 I QueryController: Matched selector: UiSelector[CLASS=android.widget.ProgressBar, INSTANCE=0] <<==>> [android.view.accessibility.AccessibilityNodeInfo@800e633b; boundsInParent: Rect(0, 0 - 96, 96); boundsInScreen: Rect(720, 1065 - 816, 1161); packageName: com.icrealtime.allie; className: android.widget.ProgressBar; text: null; error: null; maxTextLength: -1; contentDescription: null; viewIdResName: null; checkable: false; checked: false; focusable: false; focused: false; selected: false; clickable: false; longClickable: false; enabled: true; password: false; scrollable: false; actions: [AccessibilityAction: ACTION_SELECT - null, AccessibilityAction: ACTION_CLEAR_SELECTION - null, AccessibilityAction: ACTION_ACCESSIBILITY_FOCUS - null]]\
04-29 17:01:43.593 22560 22560 D UiObject: getText() = \
04-29 17:01:43.693 22560 22560 W AccessibilityNodeInfoDumper: Fetch time: 14ms\
04-29 17:01:43.813 22560 22560 I QueryController: Matched selector: UiSelector[CLASS=android.widget.ProgressBar, INSTANCE=0] <<==>> [android.view.accessibility.AccessibilityNodeInfo@800e633b; boundsInParent: Rect(0, 0 - 96, 96); boundsInScreen: Rect(720, 1065 - 816, 1161); packageName: com.icrealtime.allie; className: android.widget.ProgressBar; text: null; error: null; maxTextLength: -1; contentDescription: null; viewIdResName: null; checkable: false; checked: false; focusable: false; focused: false; selected: false; clickable: false; longClickable: false; enabled: true; password: false; scrollable: false; actions: [AccessibilityAction: ACTION_SELECT - null, AccessibilityAction: ACTION_CLEAR_SELECTION - null, AccessibilityAction: ACTION_ACCESSIBILITY_FOCUS - null]]\
04-29 17:01:43.918 22560 22560 I QueryController: Matched selector: UiSelector[CLASS=android.widget.ProgressBar, INSTANCE=0] <<==>> [android.view.accessibility.AccessibilityNodeInfo@800e633b; boundsInParent: Rect(0, 0 - 96, 96); boundsInScreen: Rect(720, 1065 - 816, 1161); packageName: com.icrealtime.allie; className: android.widget.ProgressBar; text: null; error: null; maxTextLength: -1; contentDescription: null; viewIdResName: null; checkable: false; checked: false; focusable: false; focused: false; selected: false; clickable: false; longClickable: false; enabled: true; password: false; scrollable: false; actions: [AccessibilityAction: ACTION_SELECT - null, AccessibilityAction: ACTION_CLEAR_SELECTION - null, AccessibilityAction: ACTION_ACCESSIBILITY_FOCUS - null]]\
04-29 17:01:43.918 22560 22560 D UiObject: getText() = \
04-29 17:01:43.953 22605 23982 D         : (null):0 ((null)): FQS 0\
04-29 17:01:43.953 22605 23982 D         : (null):0 ((null)): PQS 0\
04-29 17:01:43.953 22605 23982 D         : (null):0 ((null)): timerDelta:  421414\
04-29 17:01:44.093 22560 22560 W AccessibilityNodeInfoDumper: Fetch time: 11ms\
04-29 17:01:44.153  3252  3712 D ActivityManager: retrieveServiceLocked(): component = null; callingUser = 0; userId(target) = 0\
04-29 17:01:44.168 22560 22560 I QueryController: Matched selector: UiSelector[CLASS=android.widget.ProgressBar, INSTANCE=0] <<==>> [android.view.accessibility.AccessibilityNodeInfo@800e633b; boundsInParent: Rect(0, 0 - 96, 96); boundsInScreen: Rect(720, 1065 - 816, 1161); packageName: com.icrealtime.allie; className: android.widget.ProgressBar; text: null; error: null; maxTextLength: -1; contentDescription: null; viewIdResName: null; checkable: false; checked: false; focusable: false; focused: false; selected: false; clickable: false; longClickable: false; enabled: true; password: false; scrollable: false; actions: [AccessibilityAction: ACTION_SELECT - null, AccessibilityAction: ACTION_CLEAR_SELECTION - null, AccessibilityAction: ACTION_ACCESSIBILITY_FOCUS - null]]\
04-29 17:01:44.488 22560 22560 I QueryController: Matched selector: UiSelector[CLASS=android.widget.ProgressBar, INSTANCE=0] <<==>> [android.view.accessibility.AccessibilityNodeInfo@800e633b; boundsInParent: Rect(0, 0 - 96, 96); boundsInScreen: Rect(720, 1065 - 816, 1161); packageName: com.icrealtime.allie; className: android.widget.ProgressBar; text: null; error: null; maxTextLength: -1; contentDescription: null; viewIdResName: null; checkable: false; checked: false; focusable: false; focused: false; selected: false; clickable: false; longClickable: false; enabled: true; password: false; scrollable: false; actions: [AccessibilityAction: ACTION_SELECT - null, AccessibilityAction: ACTION_CLEAR_SELECTION - null, AccessibilityAction: ACTION_ACCESSIBILITY_FOCUS - null]]\
04-29 17:01:44.488 22560 22560 D UiObject: getText() = \
04-29 17:01:44.653 22560 22560 W AccessibilityNodeInfoDumper: Fetch time: 14ms\
04-29 17:01:44.723 22560 22560 I QueryController: Matched selector: UiSelector[CLASS=android.widget.ProgressBar, INSTANCE=0] <<==>> [android.view.accessibility.AccessibilityNodeInfo@800e633b; boundsInParent: Rect(0, 0 - 96, 96); boundsInScreen: Rect(720, 1065 - 816, 1161); packageName: com.icrealtime.allie; className: android.widget.ProgressBar; text: null; error: null; maxTextLength: -1; contentDescription: null; viewIdResName: null; checkable: false; checked: false; focusable: false; focused: false; selected: false; clickable: false; longClickable: false; enabled: true; password: false; scrollable: false; actions: [AccessibilityAction: ACTION_SELECT - null, AccessibilityAction: ACTION_CLEAR_SELECTION - null, AccessibilityAction: ACTION_ACCESSIBILITY_FOCUS - null]]\
04-29 17:01:44.778 13893 13917 I Quasar  : start to send events\
04-29 17:01:44.793 22605 23982 D         : (null):0 ((null)): FQS 0\
04-29 17:01:44.793 22605 23982 D         : (null):0 ((null)): PQS 0\
04-29 17:01:44.793 22605 23982 D         : (null):0 ((null)): timerDelta:  422259\
04-29 17:01:44.808 22560 22560 I QueryController: Matched selector: UiSelector[CLASS=android.widget.ProgressBar, INSTANCE=0] <<==>> [android.view.accessibility.AccessibilityNodeInfo@800e633b; boundsInParent: Rect(0, 0 - 96, 96); boundsInScreen: Rect(720, 1065 - 816, 1161); packageName: com.icrealtime.allie; className: android.widget.ProgressBar; text: null; error: null; maxTextLength: -1; contentDescription: null; viewIdResName: null; checkable: false; checked: false; focusable: false; focused: false; selected: false; clickable: false; longClickable: false; enabled: true; password: false; scrollable: false; actions: [AccessibilityAction: ACTION_SELECT - null, AccessibilityAction: ACTION_CLEAR_SELECTION - null, AccessibilityAction: ACTION_ACCESSIBILITY_FOCUS - null]]\
04-29 17:01:44.808 22560 22560 D UiObject: getText() = \
04-29 17:01:44.978 22560 22560 W AccessibilityNodeInfoDumper: Fetch time: 15ms\
04-29 17:01:45.058 22560 22560 I QueryController: Matched selector: UiSelector[CLASS=android.widget.ProgressBar, INSTANCE=0] <<==>> [android.view.accessibility.AccessibilityNodeInfo@800e633b; boundsInParent: Rect(0, 0 - 96, 96); boundsInScreen: Rect(720, 1065 - 816, 1161); packageName: com.icrealtime.allie; className: android.widget.ProgressBar; text: null; error: null; maxTextLength: -1; contentDescription: null; viewIdResName: null; checkable: false; checked: false; focusable: false; focused: false; selected: false; clickable: false; longClickable: false; enabled: true; password: false; scrollable: false; actions: [AccessibilityAction: ACTION_SELECT - null, AccessibilityAction: ACTION_CLEAR_SELECTION - null, AccessibilityAction: ACTION_ACCESSIBILITY_FOCUS - null]]\
04-29 17:01:45.213 22560 22560 I QueryController: Matched selector: UiSelector[CLASS=android.widget.ProgressBar, INSTANCE=0] <<==>> [android.view.accessibility.AccessibilityNodeInfo@800e633b; boundsInParent: Rect(0, 0 - 96, 96); boundsInScreen: Rect(720, 1065 - 816, 1161); packageName: com.icrealtime.allie; className: android.widget.ProgressBar; text: null; error: null; maxTextLength: -1; contentDescription: null; viewIdResName: null; checkable: false; checked: false; focusable: false; focused: false; selected: false; clickable: false; longClickable: false; enabled: true; password: false; scrollable: false; actions: [AccessibilityAction: ACTION_SELECT - null, AccessibilityAction: ACTION_CLEAR_SELECTION - null, AccessibilityAction: ACTION_ACCESSIBILITY_FOCUS - null]]\
04-29 17:01:45.213 22560 22560 D UiObject: getText() = \
04-29 17:01:45.383 22560 22560 W AccessibilityNodeInfoDumper: Fetch time: 17ms\
04-29 17:01:45.383  3252  6844 D ActivityManager: retrieveServiceLocked(): component = null; callingUser = 0; userId(target) = 0\
04-29 17:01:45.393  3252  3743 D ActivityManager: retrieveServiceLocked(): component = null; callingUser = 0; userId(target) = 0\
04-29 17:01:45.443 22560 22560 I QueryController: Matched selector: UiSelector[CLASS=android.widget.ProgressBar, INSTANCE=0] <<==>> [android.view.accessibility.AccessibilityNodeInfo@800e633b; boundsInParent: Rect(0, 0 - 96, 96); boundsInScreen: Rect(720, 1065 - 816, 1161); packageName: com.icrealtime.allie; className: android.widget.ProgressBar; text: null; error: null; maxTextLength: -1; contentDescription: null; viewIdResName: null; checkable: false; checked: false; focusable: false; focused: false; selected: false; clickable: false; longClickable: false; enabled: true; password: false; scrollable: false; actions: [AccessibilityAction: ACTION_SELECT - null, AccessibilityAction: ACTION_CLEAR_SELECTION - null, AccessibilityAction: ACTION_ACCESSIBILITY_FOCUS - null]]\
04-29 17:01:45.568 22560 22560 I QueryController: Matched selector: UiSelector[CLASS=android.widget.ProgressBar, INSTANCE=0] <<==>> [android.view.accessibility.AccessibilityNodeInfo@800e633b; boundsInParent: Rect(0, 0 - 96, 96); boundsInScreen: Rect(720, 1065 - 816, 1161); packageName: com.icrealtime.allie; className: android.widget.ProgressBar; text: null; error: null; maxTextLength: -1; contentDescription: null; viewIdResName: null; checkable: false; checked: false; focusable: false; focused: false; selected: false; clickable: false; longClickable: false; enabled: true; password: false; scrollable: false; actions: [AccessibilityAction: ACTION_SELECT - null, AccessibilityAction: ACTION_CLEAR_SELECTION - null, AccessibilityAction: ACTION_ACCESSIBILITY_FOCUS - null]]\
04-29 17:01:45.568 22560 22560 D UiObject: getText() = \
04-29 17:01:45.643 22605 23982 D         : (null):0 ((null)): FQS 0\
04-29 17:01:45.643 22605 23982 D         : (null):0 ((null)): PQS 0\
04-29 17:01:45.643 22605 23982 D         : (null):0 ((null)): timerDelta:  423103\
04-29 17:01:45.688  3252  3525 D ActivityManager: retrieveServiceLocked(): component = null; callingUser = 0; userId(target) = 0\
04-29 17:01:45.708 22560 22560 W AccessibilityNodeInfoDumper: Fetch time: 18ms\
04-29 17:01:45.823 22560 22560 I QueryController: Matched selector: UiSelector[CLASS=android.widget.ProgressBar, INSTANCE=0] <<==>> [android.view.accessibility.AccessibilityNodeInfo@800e633b; boundsInParent: Rect(0, 0 - 96, 96); boundsInScreen: Rect(720, 1065 - 816, 1161); packageName: com.icrealtime.allie; className: android.widget.ProgressBar; text: null; error: null; maxTextLength: -1; contentDescription: null; viewIdResName: null; checkable: false; checked: false; focusable: false; focused: false; selected: false; clickable: false; longClickable: false; enabled: true; password: false; scrollable: false; actions: [AccessibilityAction: ACTION_SELECT - null, AccessibilityAction: ACTION_CLEAR_SELECTION - null, AccessibilityAction: ACTION_ACCESSIBILITY_FOCUS - null]]\
04-29 17:01:45.958 22560 22560 I QueryController: Matched selector: UiSelector[CLASS=android.widget.ProgressBar, INSTANCE=0] <<==>> [android.view.accessibility.AccessibilityNodeInfo@800e633b; boundsInParent: Rect(0, 0 - 96, 96); boundsInScreen: Rect(720, 1065 - 816, 1161); packageName: com.icrealtime.allie; className: android.widget.ProgressBar; text: null; error: null; maxTextLength: -1; contentDescription: null; viewIdResName: null; checkable: false; checked: false; focusable: false; focused: false; selected: false; clickable: false; longClickable: false; enabled: true; password: false; scrollable: false; actions: [AccessibilityAction: ACTION_SELECT - null, AccessibilityAction: ACTION_CLEAR_SELECTION - null, AccessibilityAction: ACTION_ACCESSIBILITY_FOCUS - null]]\
04-29 17:01:45.958 22560 22560 D UiObject: getText() = \
04-29 17:01:45.993  3252  3437 D ActivityManager: retrieveServiceLocked(): component = null; callingUser = 0; userId(target) = 0\
04-29 17:01:45.998  3252  3542 D ActivityManager: retrieveServiceLocked(): component = null; callingUser = 0; userId(target) = 0\
04-29 17:01:46.003  3252  6845 D ActivityManager: retrieveServiceLocked(): component = null; callingUser = 0; userId(target) = 0\
04-29 17:01:46.068  3252  3564 E Watchdog: !@Sync 8005 [04-29 17:01:46.073]\
04-29 17:01:46.088 22560 22560 W AccessibilityNodeInfoDumper: Fetch time: 12ms\
04-29 17:01:46.213 22560 22560 I QueryController: Matched selector: UiSelector[CLASS=android.widget.ProgressBar, INSTANCE=0] <<==>> [android.view.accessibility.AccessibilityNodeInfo@800e633b; boundsInParent: Rect(0, 0 - 96, 96); boundsInScreen: Rect(720, 1065 - 816, 1161); packageName: com.icrealtime.allie; className: android.widget.ProgressBar; text: null; error: null; maxTextLength: -1; contentDescription: null; viewIdResName: null; checkable: false; checked: false; focusable: false; focused: false; selected: false; clickable: false; longClickable: false; enabled: true; password: false; scrollable: false; actions: [AccessibilityAction: ACTION_SELECT - null, AccessibilityAction: ACTION_CLEAR_SELECTION - null, AccessibilityAction: ACTION_ACCESSIBILITY_FOCUS - null]]\
04-29 17:01:46.303  3252  3437 D ActivityManager: retrieveServiceLocked(): component = null; callingUser = 0; userId(target) = 0\
04-29 17:01:46.348 22560 22560 I QueryController: Matched selector: UiSelector[CLASS=android.widget.ProgressBar, INSTANCE=0] <<==>> [android.view.accessibility.AccessibilityNodeInfo@800e633b; boundsInParent: Rect(0, 0 - 96, 96); boundsInScreen: Rect(720, 1065 - 816, 1161); packageName: com.icrealtime.allie; className: android.widget.ProgressBar; text: null; error: null; maxTextLength: -1; contentDescription: null; viewIdResName: null; checkable: false; checked: false; focusable: false; focused: false; selected: false; clickable: false; longClickable: false; enabled: true; password: false; scrollable: false; actions: [AccessibilityAction: ACTION_SELECT - null, AccessibilityAction: ACTION_CLEAR_SELECTION - null, AccessibilityAction: ACTION_ACCESSIBILITY_FOCUS - null]]\
04-29 17:01:46.348 22560 22560 D UiObject: getText() = \
04-29 17:01:46.503 22605 23982 D         : (null):0 ((null)): FQS 0\
04-29 17:01:46.503 22605 23982 D         : (null):0 ((null)): PQS 0\
04-29 17:01:46.503 22605 23982 D         : (null):0 ((null)): timerDelta:  423963\
04-29 17:01:46.863 22560 22560 W AccessibilityNodeInfoDumper: Fetch time: 15ms\
04-29 17:01:46.913  3252  6856 D ActivityManager: retrieveServiceLocked(): component = null; callingUser = 0; userId(target) = 0\
04-29 17:01:46.938 22560 22560 I QueryController: Matched selector: UiSelector[CLASS=android.widget.ProgressBar, INSTANCE=0] <<==>> [android.view.accessibility.AccessibilityNodeInfo@800e633b; boundsInParent: Rect(0, 0 - 96, 96); boundsInScreen: Rect(720, 1065 - 816, 1161); packageName: com.icrealtime.allie; className: android.widget.ProgressBar; text: null; error: null; maxTextLength: -1; contentDescription: null; viewIdResName: null; checkable: false; checked: false; focusable: false; focused: false; selected: false; clickable: false; longClickable: false; enabled: true; password: false; scrollable: false; actions: [AccessibilityAction: ACTION_SELECT - null, AccessibilityAction: ACTION_CLEAR_SELECTION - null, AccessibilityAction: ACTION_ACCESSIBILITY_FOCUS - null]]\
04-29 17:01:47.033 22560 22560 I QueryController: Matched selector: UiSelector[CLASS=android.widget.ProgressBar, INSTANCE=0] <<==>> [android.view.accessibility.AccessibilityNodeInfo@800e633b; boundsInParent: Rect(0, 0 - 96, 96); boundsInScreen: Rect(720, 1065 - 816, 1161); packageName: com.icrealtime.allie; className: android.widget.ProgressBar; text: null; error: null; maxTextLength: -1; contentDescription: null; viewIdResName: null; checkable: false; checked: false; focusable: false; focused: false; selected: false; clickable: false; longClickable: false; enabled: true; password: false; scrollable: false; actions: [AccessibilityAction: ACTION_SELECT - null, AccessibilityAction: ACTION_CLEAR_SELECTION - null, AccessibilityAction: ACTION_ACCESSIBILITY_FOCUS - null]]\
04-29 17:01:47.033 22560 22560 D UiObject: getText() = \
04-29 17:01:47.118 22560 22560 W AccessibilityNodeInfoDumper: Fetch time: 14ms\
04-29 17:01:47.208 22560 22560 I QueryController: Matched selector: UiSelector[CLASS=android.widget.ProgressBar, INSTANCE=0] <<==>> [android.view.accessibility.AccessibilityNodeInfo@800e633b; boundsInParent: Rect(0, 0 - 96, 96); boundsInScreen: Rect(720, 1065 - 816, 1161); packageName: com.icrealtime.allie; className: android.widget.ProgressBar; text: null; error: null; maxTextLength: -1; contentDescription: null; viewIdResName: null; checkable: false; checked: false; focusable: false; focused: false; selected: false; clickable: false; longClickable: false; enabled: true; password: false; scrollable: false; actions: [AccessibilityAction: ACTION_SELECT - null, AccessibilityAction: ACTION_CLEAR_SELECTION - null, AccessibilityAction: ACTION_ACCESSIBILITY_FOCUS - null]]\
04-29 17:01:47.223  3252  3264 D ActivityManager: retrieveServiceLocked(): component = null; callingUser = 0; userId(target) = 0\
04-29 17:01:47.348 22605 23982 D         : (null):0 ((null)): FQS 0\
04-29 17:01:47.348 22605 23982 D         : (null):0 ((null)): PQS 0\
04-29 17:01:47.348 22605 23982 D         : (null):0 ((null)): timerDelta:  424808\
04-29 17:01:47.428 22560 22560 I QueryController: Matched selector: UiSelector[CLASS=android.widget.ProgressBar, INSTANCE=0] <<==>> [android.view.accessibility.AccessibilityNodeInfo@800e633b; boundsInParent: Rect(0, 0 - 96, 96); boundsInScreen: Rect(720, 1065 - 816, 1161); packageName: com.icrealtime.allie; className: android.widget.ProgressBar; text: null; error: null; maxTextLength: -1; contentDescription: null; viewIdResName: null; checkable: false; checked: false; focusable: false; focused: false; selected: false; clickable: false; longClickable: false; enabled: true; password: false; scrollable: false; actions: [AccessibilityAction: ACTION_SELECT - null, AccessibilityAction: ACTION_CLEAR_SELECTION - null, AccessibilityAction: ACTION_ACCESSIBILITY_FOCUS - null]]\
04-29 17:01:47.428 22560 22560 D UiObject: getText() = \
04-29 17:01:47.573 22560 22560 W AccessibilityNodeInfoDumper: Fetch time: 13ms\
04-29 17:01:47.698 22560 22560 I QueryController: Matched selector: UiSelector[CLASS=android.widget.ProgressBar, INSTANCE=0] <<==>> [android.view.accessibility.AccessibilityNodeInfo@800e633b; boundsInParent: Rect(0, 0 - 96, 96); boundsInScreen: Rect(720, 1065 - 816, 1161); packageName: com.icrealtime.allie; className: android.widget.ProgressBar; text: null; error: null; maxTextLength: -1; contentDescription: null; viewIdResName: null; checkable: false; checked: false; focusable: false; focused: false; selected: false; clickable: false; longClickable: false; enabled: true; password: false; scrollable: false; actions: [AccessibilityAction: ACTION_SELECT - null, AccessibilityAction: ACTION_CLEAR_SELECTION - null, AccessibilityAction: ACTION_ACCESSIBILITY_FOCUS - null]]\
04-29 17:01:47.763 22560 22560 I QueryController: Matched selector: UiSelector[CLASS=android.widget.ProgressBar, INSTANCE=0] <<==>> [android.view.accessibility.AccessibilityNodeInfo@800e633b; boundsInParent: Rect(0, 0 - 96, 96); boundsInScreen: Rect(720, 1065 - 816, 1161); packageName: com.icrealtime.allie; className: android.widget.ProgressBar; text: null; error: null; maxTextLength: -1; contentDescription: null; viewIdResName: null; checkable: false; checked: false; focusable: false; focused: false; selected: false; clickable: false; longClickable: false; enabled: true; password: false; scrollable: false; actions: [AccessibilityAction: ACTION_SELECT - null, AccessibilityAction: ACTION_CLEAR_SELECTION - null, AccessibilityAction: ACTION_ACCESSIBILITY_FOCUS - null]]\
04-29 17:01:47.763 22560 22560 D UiObject: getText() = \
04-29 17:01:47.843  3252  6863 D ActivityManager: retrieveServiceLocked(): component = null; callingUser = 0; userId(target) = 0\
04-29 17:01:48.153 22560 22560 W AccessibilityNodeInfoDumper: Fetch time: 12ms\
04-29 17:01:48.188 22605 23982 D         : (null):0 ((null)): FQS 0\
04-29 17:01:48.188 22605 23982 D         : (null):0 ((null)): PQS 0\
04-29 17:01:48.188 22605 23982 D         : (null):0 ((null)): timerDelta:  425653\
04-29 17:01:48.273 22560 22560 I QueryController: Matched selector: UiSelector[CLASS=android.widget.ProgressBar, INSTANCE=0] <<==>> [android.view.accessibility.AccessibilityNodeInfo@800e633b; boundsInParent: Rect(0, 0 - 96, 96); boundsInScreen: Rect(720, 1065 - 816, 1161); packageName: com.icrealtime.allie; className: android.widget.ProgressBar; text: null; error: null; maxTextLength: -1; contentDescription: null; viewIdResName: null; checkable: false; checked: false; focusable: false; focused: false; selected: false; clickable: false; longClickable: false; enabled: true; password: false; scrollable: false; actions: [AccessibilityAction: ACTION_SELECT - null, AccessibilityAction: ACTION_CLEAR_SELECTION - null, AccessibilityAction: ACTION_ACCESSIBILITY_FOCUS - null]]\
04-29 17:01:48.388 22560 22560 I QueryController: Matched selector: UiSelector[CLASS=android.widget.ProgressBar, INSTANCE=0] <<==>> [android.view.accessibility.AccessibilityNodeInfo@800e633b; boundsInParent: Rect(0, 0 - 96, 96); boundsInScreen: Rect(720, 1065 - 816, 1161); packageName: com.icrealtime.allie; className: android.widget.ProgressBar; text: null; error: null; maxTextLength: -1; contentDescription: null; viewIdResName: null; checkable: false; checked: false; focusable: false; focused: false; selected: false; clickable: false; longClickable: false; enabled: true; password: false; scrollable: false; actions: [AccessibilityAction: ACTION_SELECT - null, AccessibilityAction: ACTION_CLEAR_SELECTION - null, AccessibilityAction: ACTION_ACCESSIBILITY_FOCUS - null]]\
04-29 17:01:48.388 22560 22560 D UiObject: getText() = \
04-29 17:01:48.508 22560 22560 W AccessibilityNodeInfoDumper: Fetch time: 12ms\
04-29 17:01:48.643 22560 22560 I QueryController: Matched selector: UiSelector[CLASS=android.widget.ProgressBar, INSTANCE=0] <<==>> [android.view.accessibility.AccessibilityNodeInfo@800e633b; boundsInParent: Rect(0, 0 - 96, 96); boundsInScreen: Rect(720, 1065 - 816, 1161); packageName: com.icrealtime.allie; className: android.widget.ProgressBar; text: null; error: null; maxTextLength: -1; contentDescription: null; viewIdResName: null; checkable: false; checked: false; focusable: false; focused: false; selected: false; clickable: false; longClickable: false; enabled: true; password: false; scrollable: false; actions: [AccessibilityAction: ACTION_SELECT - null, AccessibilityAction: ACTION_CLEAR_SELECTION - null, AccessibilityAction: ACTION_ACCESSIBILITY_FOCUS - null]]\
04-29 17:01:48.758  3252  6862 D ActivityManager: retrieveServiceLocked(): component = null; callingUser = 0; userId(target) = 0\
04-29 17:01:48.793 22560 22560 I QueryController: Matched selector: UiSelector[CLASS=android.widget.ProgressBar, INSTANCE=0] <<==>> [android.view.accessibility.AccessibilityNodeInfo@800e633b; boundsInParent: Rect(0, 0 - 96, 96); boundsInScreen: Rect(720, 1065 - 816, 1161); packageName: com.icrealtime.allie; className: android.widget.ProgressBar; text: null; error: null; maxTextLength: -1; contentDescription: null; viewIdResName: null; checkable: false; checked: false; focusable: false; focused: false; selected: false; clickable: false; longClickable: false; enabled: true; password: false; scrollable: false; actions: [AccessibilityAction: ACTION_SELECT - null, AccessibilityAction: ACTION_CLEAR_SELECTION - null, AccessibilityAction: ACTION_ACCESSIBILITY_FOCUS - null]]\
04-29 17:01:48.793 22560 22560 D UiObject: getText() = \
04-29 17:01:48.893 22560 22560 W AccessibilityNodeInfoDumper: Fetch time: 11ms\
04-29 17:01:48.958 22560 22560 I QueryController: Matched selector: UiSelector[CLASS=android.widget.ProgressBar, INSTANCE=0] <<==>> [android.view.accessibility.AccessibilityNodeInfo@800e633b; boundsInParent: Rect(0, 0 - 96, 96); boundsInScreen: Rect(720, 1065 - 816, 1161); packageName: com.icrealtime.allie; className: android.widget.ProgressBar; text: null; error: null; maxTextLength: -1; contentDescription: null; viewIdResName: null; checkable: false; checked: false; focusable: false; focused: false; selected: false; clickable: false; longClickable: false; enabled: true; password: false; scrollable: false; actions: [AccessibilityAction: ACTION_SELECT - null, AccessibilityAction: ACTION_CLEAR_SELECTION - null, AccessibilityAction: ACTION_ACCESSIBILITY_FOCUS - null]]\
04-29 17:01:49.033 22605 23982 D         : (null):0 ((null)): FQS 0\
04-29 17:01:49.033 22605 23982 D         : (null):0 ((null)): PQS 0\
04-29 17:01:49.033 22605 23982 D         : (null):0 ((null)): timerDelta:  426497\
04-29 17:01:49.373  3252  3542 D ActivityManager: retrieveServiceLocked(): component = null; callingUser = 0; userId(target) = 0\
04-29 17:01:49.433 22560 22560 I QueryController: Matched selector: UiSelector[CLASS=android.widget.ProgressBar, INSTANCE=0] <<==>> [android.view.accessibility.AccessibilityNodeInfo@800e633b; boundsInParent: Rect(0, 0 - 96, 96); boundsInScreen: Rect(720, 1065 - 816, 1161); packageName: com.icrealtime.allie; className: android.widget.ProgressBar; text: null; error: null; maxTextLength: -1; contentDescription: null; viewIdResName: null; checkable: false; checked: false; focusable: false; focused: false; selected: false; clickable: false; longClickable: false; enabled: true; password: false; scrollable: false; actions: [AccessibilityAction: ACTION_SELECT - null, AccessibilityAction: ACTION_CLEAR_SELECTION - null, AccessibilityAction: ACTION_ACCESSIBILITY_FOCUS - null]]\
04-29 17:01:49.433 22560 22560 D UiObject: getText() = \
04-29 17:01:49.573 22560 22560 W AccessibilityNodeInfoDumper: Fetch time: 16ms\
04-29 17:01:49.703 22560 22560 I QueryController: Matched selector: UiSelector[CLASS=android.widget.ProgressBar, INSTANCE=0] <<==>> [android.view.accessibility.AccessibilityNodeInfo@800e633b; boundsInParent: Rect(0, 0 - 96, 96); boundsInScreen: Rect(720, 1065 - 816, 1161); packageName: com.icrealtime.allie; className: android.widget.ProgressBar; text: null; error: null; maxTextLength: -1; contentDescription: null; viewIdResName: null; checkable: false; checked: false; focusable: false; focused: false; selected: false; clickable: false; longClickable: false; enabled: true; password: false; scrollable: false; actions: [AccessibilityAction: ACTION_SELECT - null, AccessibilityAction: ACTION_CLEAR_SELECTION - null, AccessibilityAction: ACTION_ACCESSIBILITY_FOCUS - null]]\
04-29 17:01:49.778 13893 13917 I Quasar  : start to send events\
04-29 17:01:49.893 22605 23982 D         : (null):0 ((null)): FQS 0\
04-29 17:01:49.893 22605 23982 D         : (null):0 ((null)): PQS 0\
04-29 17:01:49.893 22605 23982 D         : (null):0 ((null)): timerDelta:  427342\
04-29 17:01:49.943 22560 22560 I QueryController: Matched selector: UiSelector[CLASS=android.widget.ProgressBar, INSTANCE=0] <<==>> [android.view.accessibility.AccessibilityNodeInfo@800e633b; boundsInParent: Rect(0, 0 - 96, 96); boundsInScreen: Rect(720, 1065 - 816, 1161); packageName: com.icrealtime.allie; className: android.widget.ProgressBar; text: null; error: null; maxTextLength: -1; contentDescription: null; viewIdResName: null; checkable: false; checked: false; focusable: false; focused: false; selected: false; clickable: false; longClickable: false; enabled: true; password: false; scrollable: false; actions: [AccessibilityAction: ACTION_SELECT - null, AccessibilityAction: ACTION_CLEAR_SELECTION - null, AccessibilityAction: ACTION_ACCESSIBILITY_FOCUS - null]]\
04-29 17:01:49.943 22560 22560 D UiObject: getText() = \
04-29 17:01:50.088  3419  3419 D StatusBar.NetworkController: refreshViews connected=\{ wifi \} level=0 combinedSignalIconId=0x7f02053f/com.android.systemui:drawable/stat_sys_wifi_signal_4 mobileLabel= wifiLabel="1503-5G" emergencyOnly=false combinedLabel="1503-5G" mAirplaneMode=false mDataActivity=0 mPhoneSignalIconId=0x0/(null) mQSPhoneSignalIconId=0x0/(null) mDataDirectionIconId=0x0/(null) mDataSignalIconId=0x0/(null) mDataTypeIconId=0x0/(null) mQSDataTypeIconId=0x0/(null) mNoSimIconId=0x0/(null) mWifiIconId=0x7f02053f/com.android.systemui:drawable/stat_sys_wifi_signal_4 mQSWifiIconId=0x7f02012e/com.android.systemui:drawable/ic_qs_wifi_4 mWifiActivityIconId=0x7f020509/com.android.systemui:drawable/stat_sys_signal_inout mBluetoothTetherIconId=0x7f02051c/com.android.systemui:drawable/stat_sys_tether_bluetooth\
04-29 17:01:50.088  3419  3419 D STATUSBAR-WifiQuickSettingButton: onWifiSignalChanged enabled=true enabledDesc:"1503-5G"\
04-29 17:01:50.088  3419  3419 D StatusBar.NetworkController: refreshNwBoosterIndicator - setNWBoosterIndicators(false)\
04-29 17:01:50.088  3419  3419 D StatusBar.NetworkController: refreshNwBoosterIndicator - setNWBoosterIndicators(false)\
04-29 17:01:50.088  3419  3419 D StatusBar.NetworkController: refreshNwBoosterIndicator - setNWBoosterIndicators(false)\
04-29 17:01:50.088  3419  3419 D StatusBar.NetworkController: refreshNwBoosterIndicator - setNWBoosterIndicators(false)\
04-29 17:01:50.213 22560 22560 W AccessibilityNodeInfoDumper: Fetch time: 15ms\
04-29 17:01:50.328 22560 22560 I QueryController: Matched selector: UiSelector[CLASS=android.widget.ProgressBar, INSTANCE=0] <<==>> [android.view.accessibility.AccessibilityNodeInfo@800e633b; boundsInParent: Rect(0, 0 - 96, 96); boundsInScreen: Rect(720, 1065 - 816, 1161); packageName: com.icrealtime.allie; className: android.widget.ProgressBar; text: null; error: null; maxTextLength: -1; contentDescription: null; viewIdResName: null; checkable: false; checked: false; focusable: false; focused: false; selected: false; clickable: false; longClickable: false; enabled: true; password: false; scrollable: false; actions: [AccessibilityAction: ACTION_SELECT - null, AccessibilityAction: ACTION_CLEAR_SELECTION - null, AccessibilityAction: ACTION_ACCESSIBILITY_FOCUS - null]]\
04-29 17:01:50.433 22560 22560 I QueryController: Matched selector: UiSelector[CLASS=android.widget.ProgressBar, INSTANCE=0] <<==>> [android.view.accessibility.AccessibilityNodeInfo@800e633b; boundsInParent: Rect(0, 0 - 96, 96); boundsInScreen: Rect(720, 1065 - 816, 1161); packageName: com.icrealtime.allie; className: android.widget.ProgressBar; text: null; error: null; maxTextLength: -1; contentDescription: null; viewIdResName: null; checkable: false; checked: false; focusable: false; focused: false; selected: false; clickable: false; longClickable: false; enabled: true; password: false; scrollable: false; actions: [AccessibilityAction: ACTION_SELECT - null, AccessibilityAction: ACTION_CLEAR_SELECTION - null, AccessibilityAction: ACTION_ACCESSIBILITY_FOCUS - null]]\
04-29 17:01:50.433 22560 22560 D UiObject: getText() = \
04-29 17:01:50.668 22560 22560 W AccessibilityNodeInfoDumper: Fetch time: 15ms\
04-29 17:01:50.743 22605 23982 D         : (null):0 ((null)): FQS 0\
04-29 17:01:50.743 22605 23982 D         : (null):0 ((null)): PQS 0\
04-29 17:01:50.743 22605 23982 D         : (null):0 ((null)): timerDelta:  428202\
04-29 17:01:50.803 22560 22560 I QueryController: Matched selector: UiSelector[CLASS=android.widget.ProgressBar, INSTANCE=0] <<==>> [android.view.accessibility.AccessibilityNodeInfo@800e633b; boundsInParent: Rect(0, 0 - 96, 96); boundsInScreen: Rect(720, 1065 - 816, 1161); packageName: com.icrealtime.allie; className: android.widget.ProgressBar; text: null; error: null; maxTextLength: -1; contentDescription: null; viewIdResName: null; checkable: false; checked: false; focusable: false; focused: false; selected: false; clickable: false; longClickable: false; enabled: true; password: false; scrollable: false; actions: [AccessibilityAction: ACTION_SELECT - null, AccessibilityAction: ACTION_CLEAR_SELECTION - null, AccessibilityAction: ACTION_ACCESSIBILITY_FOCUS - null]]\
04-29 17:01:50.938 22560 22560 I QueryController: Matched selector: UiSelector[CLASS=android.widget.ProgressBar, INSTANCE=0] <<==>> [android.view.accessibility.AccessibilityNodeInfo@800e633b; boundsInParent: Rect(0, 0 - 96, 96); boundsInScreen: Rect(720, 1065 - 816, 1161); packageName: com.icrealtime.allie; className: android.widget.ProgressBar; text: null; error: null; maxTextLength: -1; contentDescription: null; viewIdResName: null; checkable: false; checked: false; focusable: false; focused: false; selected: false; clickable: false; longClickable: false; enabled: true; password: false; scrollable: false; actions: [AccessibilityAction: ACTION_SELECT - null, AccessibilityAction: ACTION_CLEAR_SELECTION - null, AccessibilityAction: ACTION_ACCESSIBILITY_FOCUS - null]]\
04-29 17:01:50.938 22560 22560 D UiObject: getText() = \
04-29 17:01:51.073 22560 22560 W AccessibilityNodeInfoDumper: Fetch time: 16ms\
04-29 17:01:51.088  3419  3419 D StatusBar.NetworkController: refreshViews connected=\{ wifi \} level=0 combinedSignalIconId=0x7f02053f/com.android.systemui:drawable/stat_sys_wifi_signal_4 mobileLabel= wifiLabel="1503-5G" emergencyOnly=false combinedLabel="1503-5G" mAirplaneMode=false mDataActivity=0 mPhoneSignalIconId=0x0/(null) mQSPhoneSignalIconId=0x0/(null) mDataDirectionIconId=0x0/(null) mDataSignalIconId=0x0/(null) mDataTypeIconId=0x0/(null) mQSDataTypeIconId=0x0/(null) mNoSimIconId=0x0/(null) mWifiIconId=0x7f02053f/com.android.systemui:drawable/stat_sys_wifi_signal_4 mQSWifiIconId=0x7f02012e/com.android.systemui:drawable/ic_qs_wifi_4 mWifiActivityIconId=0x7f020507/com.android.systemui:drawable/stat_sys_signal_in mBluetoothTetherIconId=0x7f02051c/com.android.systemui:drawable/stat_sys_tether_bluetooth\
04-29 17:01:51.088  3419  3419 D STATUSBAR-WifiQuickSettingButton: onWifiSignalChanged enabled=true enabledDesc:"1503-5G"\
04-29 17:01:51.088  3419  3419 D StatusBar.NetworkController: refreshNwBoosterIndicator - setNWBoosterIndicators(false)\
04-29 17:01:51.088  3419  3419 D StatusBar.NetworkController: refreshNwBoosterIndicator - setNWBoosterIndicators(false)\
04-29 17:01:51.088  3419  3419 D StatusBar.NetworkController: refreshNwBoosterIndicator - setNWBoosterIndicators(false)\
04-29 17:01:51.088  3419  3419 D StatusBar.NetworkController: refreshNwBoosterIndicator - setNWBoosterIndicators(false)\
04-29 17:01:51.208 22560 22560 I QueryController: Matched selector: UiSelector[CLASS=android.widget.ProgressBar, INSTANCE=0] <<==>> [android.view.accessibility.AccessibilityNodeInfo@800e633b; boundsInParent: Rect(0, 0 - 96, 96); boundsInScreen: Rect(720, 1065 - 816, 1161); packageName: com.icrealtime.allie; className: android.widget.ProgressBar; text: null; error: null; maxTextLength: -1; contentDescription: null; viewIdResName: null; checkable: false; checked: false; focusable: false; focused: false; selected: false; clickable: false; longClickable: false; enabled: true; password: false; scrollable: false; actions: [AccessibilityAction: ACTION_SELECT - null, AccessibilityAction: ACTION_CLEAR_SELECTION - null, AccessibilityAction: ACTION_ACCESSIBILITY_FOCUS - null]]\
04-29 17:01:51.308 22560 22560 I QueryController: Matched selector: UiSelector[CLASS=android.widget.ProgressBar, INSTANCE=0] <<==>> [android.view.accessibility.AccessibilityNodeInfo@800e633b; boundsInParent: Rect(0, 0 - 96, 96); boundsInScreen: Rect(720, 1065 - 816, 1161); packageName: com.icrealtime.allie; className: android.widget.ProgressBar; text: null; error: null; maxTextLength: -1; contentDescription: null; viewIdResName: null; checkable: false; checked: false; focusable: false; focused: false; selected: false; clickable: false; longClickable: false; enabled: true; password: false; scrollable: false; actions: [AccessibilityAction: ACTION_SELECT - null, AccessibilityAction: ACTION_CLEAR_SELECTION - null, AccessibilityAction: ACTION_ACCESSIBILITY_FOCUS - null]]\
04-29 17:01:51.308 22560 22560 D UiObject: getText() = \
04-29 17:01:51.488 22560 22560 W AccessibilityNodeInfoDumper: Fetch time: 18ms\
04-29 17:01:51.508  3252  3265 D BatteryService: !@BatteryListener : batteryPropertiesChanged!\
04-29 17:01:51.508  3252  3265 D BatteryService: level:91, scale:100, status:3, health:2, present:true, voltage: 4183, temperature: 360, technology: Li-ion, AC powered:false, USB powered:true, POGO powered:false, Wireless powered:false, icon:17303382, invalid charger:0\
04-29 17:01:51.508  3252  3265 D BatteryService: online:4, current avg:0, charge type:2, power sharing:false, high voltage charger:false, capacity:280000, current_now:0\
04-29 17:01:51.508  3252  3252 D BatteryService: Sending ACTION_BATTERY_CHANGED.\
04-29 17:01:51.513  3419  3419 D KeyguardUpdateMonitor: received broadcast android.intent.action.BATTERY_CHANGED\
04-29 17:01:51.513  3419  3419 D KeyguardUpdateMonitor: handleBatteryUpdate\
04-29 17:01:51.513  3667  3667 V EmergencyMode: [EmergencyStateReceiver] onReceive : android.intent.action.BATTERY_CHANGED\
04-29 17:01:51.513  3667  3667 V EmergencyMode: [EmergencyStateReceiver] ACTION_BATTERY_CHANGED mBatteryLevelForLogging = 91\
04-29 17:01:51.523  4914  4914 V HeadsetService: HeadsetService - Received Intent.ACTION_BATTERY_CHANGED\
04-29 17:01:51.523  4914  5137 D HeadsetStateMachine: Disconnected process message: 10\
04-29 17:01:51.538  3419  3419 D BatteryMeterView: ACTION_BATTERY_CHANGED : level:91 status:3 health:2\
04-29 17:01:51.538  3419  3419 D BatteryMeterView: ACTION_BATTERY_CHANGED : level:91 status:3 health:2\
