04-29 17:02:23.933 22605 23982 D         : (null):0 ((null)): timerDelta:  461394\
04-29 17:02:23.978 22560 22560 I QueryController: Matched selector: UiSelector[CLASS=android.widget.ProgressBar, INSTANCE=0] <<==>> [android.view.accessibility.AccessibilityNodeInfo@800e633b; boundsInParent: Rect(0, 0 - 96, 96); boundsInScreen: Rect(720, 1065 - 816, 1161); packageName: com.icrealtime.allie; className: android.widget.ProgressBar; text: null; error: null; maxTextLength: -1; contentDescription: null; viewIdResName: null; checkable: false; checked: false; focusable: false; focused: false; selected: false; clickable: false; longClickable: false; enabled: true; password: false; scrollable: false; actions: [AccessibilityAction: ACTION_SELECT - null, AccessibilityAction: ACTION_CLEAR_SELECTION - null, AccessibilityAction: ACTION_ACCESSIBILITY_FOCUS - null]]\
04-29 17:02:24.163 22560 22560 I QueryController: Matched selector: UiSelector[CLASS=android.widget.ProgressBar, INSTANCE=0] <<==>> [android.view.accessibility.AccessibilityNodeInfo@800e633b; boundsInParent: Rect(0, 0 - 96, 96); boundsInScreen: Rect(720, 1065 - 816, 1161); packageName: com.icrealtime.allie; className: android.widget.ProgressBar; text: null; error: null; maxTextLength: -1; contentDescription: null; viewIdResName: null; checkable: false; checked: false; focusable: false; focused: false; selected: false; clickable: false; longClickable: false; enabled: true; password: false; scrollable: false; actions: [AccessibilityAction: ACTION_SELECT - null, AccessibilityAction: ACTION_CLEAR_SELECTION - null, AccessibilityAction: ACTION_ACCESSIBILITY_FOCUS - null]]\
04-29 17:02:24.163 22560 22560 D UiObject: getText() = \
04-29 17:02:24.298 22560 22560 W AccessibilityNodeInfoDumper: Fetch time: 18ms\
04-29 17:02:24.433 22560 22560 I QueryController: Matched selector: UiSelector[CLASS=android.widget.ProgressBar, INSTANCE=0] <<==>> [android.view.accessibility.AccessibilityNodeInfo@800e633b; boundsInParent: Rect(0, 0 - 96, 96); boundsInScreen: Rect(720, 1065 - 816, 1161); packageName: com.icrealtime.allie; className: android.widget.ProgressBar; text: null; error: null; maxTextLength: -1; contentDescription: null; viewIdResName: null; checkable: false; checked: false; focusable: false; focused: false; selected: false; clickable: false; longClickable: false; enabled: true; password: false; scrollable: false; actions: [AccessibilityAction: ACTION_SELECT - null, AccessibilityAction: ACTION_CLEAR_SELECTION - null, AccessibilityAction: ACTION_ACCESSIBILITY_FOCUS - null]]\
04-29 17:02:24.673 22560 22560 I QueryController: Matched selector: UiSelector[CLASS=android.widget.ProgressBar, INSTANCE=0] <<==>> [android.view.accessibility.AccessibilityNodeInfo@800e633b; boundsInParent: Rect(0, 0 - 96, 96); boundsInScreen: Rect(720, 1065 - 816, 1161); packageName: com.icrealtime.allie; className: android.widget.ProgressBar; text: null; error: null; maxTextLength: -1; contentDescription: null; viewIdResName: null; checkable: false; checked: false; focusable: false; focused: false; selected: false; clickable: false; longClickable: false; enabled: true; password: false; scrollable: false; actions: [AccessibilityAction: ACTION_SELECT - null, AccessibilityAction: ACTION_CLEAR_SELECTION - null, AccessibilityAction: ACTION_ACCESSIBILITY_FOCUS - null]]\
04-29 17:02:24.673 22560 22560 D UiObject: getText() = \
04-29 17:02:24.783 13893 13917 I Quasar  : start to send events\
04-29 17:02:24.793 22605 23982 D         : (null):0 ((null)): FQS 0\
04-29 17:02:24.793 22605 23982 D         : (null):0 ((null)): PQS 0\
04-29 17:02:24.793 22605 23982 D         : (null):0 ((null)): timerDelta:  462248\
04-29 17:02:24.898 22560 22560 W AccessibilityNodeInfoDumper: Fetch time: 15ms\
04-29 17:02:25.008  3252  6862 D ActivityManager: retrieveServiceLocked(): component = null; callingUser = 0; userId(target) = 0\
04-29 17:02:25.028 22560 22560 I QueryController: Matched selector: UiSelector[CLASS=android.widget.ProgressBar, INSTANCE=0] <<==>> [android.view.accessibility.AccessibilityNodeInfo@800e633b; boundsInParent: Rect(0, 0 - 96, 96); boundsInScreen: Rect(720, 1065 - 816, 1161); packageName: com.icrealtime.allie; className: android.widget.ProgressBar; text: null; error: null; maxTextLength: -1; contentDescription: null; viewIdResName: null; checkable: false; checked: false; focusable: false; focused: false; selected: false; clickable: false; longClickable: false; enabled: true; password: false; scrollable: false; actions: [AccessibilityAction: ACTION_SELECT - null, AccessibilityAction: ACTION_CLEAR_SELECTION - null, AccessibilityAction: ACTION_ACCESSIBILITY_FOCUS - null]]\
04-29 17:02:25.163 22560 22560 I QueryController: Matched selector: UiSelector[CLASS=android.widget.ProgressBar, INSTANCE=0] <<==>> [android.view.accessibility.AccessibilityNodeInfo@800e633b; boundsInParent: Rect(0, 0 - 96, 96); boundsInScreen: Rect(720, 1065 - 816, 1161); packageName: com.icrealtime.allie; className: android.widget.ProgressBar; text: null; error: null; maxTextLength: -1; contentDescription: null; viewIdResName: null; checkable: false; checked: false; focusable: false; focused: false; selected: false; clickable: false; longClickable: false; enabled: true; password: false; scrollable: false; actions: [AccessibilityAction: ACTION_SELECT - null, AccessibilityAction: ACTION_CLEAR_SELECTION - null, AccessibilityAction: ACTION_ACCESSIBILITY_FOCUS - null]]\
04-29 17:02:25.163 22560 22560 D UiObject: getText() = \
04-29 17:02:25.343 22560 22560 W AccessibilityNodeInfoDumper: Fetch time: 16ms\
04-29 17:02:25.483 22560 22560 I QueryController: Matched selector: UiSelector[CLASS=android.widget.ProgressBar, INSTANCE=0] <<==>> [android.view.accessibility.AccessibilityNodeInfo@800e633b; boundsInParent: Rect(0, 0 - 96, 96); boundsInScreen: Rect(720, 1065 - 816, 1161); packageName: com.icrealtime.allie; className: android.widget.ProgressBar; text: null; error: null; maxTextLength: -1; contentDescription: null; viewIdResName: null; checkable: false; checked: false; focusable: false; focused: false; selected: false; clickable: false; longClickable: false; enabled: true; password: false; scrollable: false; actions: [AccessibilityAction: ACTION_SELECT - null, AccessibilityAction: ACTION_CLEAR_SELECTION - null, AccessibilityAction: ACTION_ACCESSIBILITY_FOCUS - null]]\
04-29 17:02:25.568 22560 22560 I QueryController: Matched selector: UiSelector[CLASS=android.widget.ProgressBar, INSTANCE=0] <<==>> [android.view.accessibility.AccessibilityNodeInfo@800e633b; boundsInParent: Rect(0, 0 - 96, 96); boundsInScreen: Rect(720, 1065 - 816, 1161); packageName: com.icrealtime.allie; className: android.widget.ProgressBar; text: null; error: null; maxTextLength: -1; contentDescription: null; viewIdResName: null; checkable: false; checked: false; focusable: false; focused: false; selected: false; clickable: false; longClickable: false; enabled: true; password: false; scrollable: false; actions: [AccessibilityAction: ACTION_SELECT - null, AccessibilityAction: ACTION_CLEAR_SELECTION - null, AccessibilityAction: ACTION_ACCESSIBILITY_FOCUS - null]]\
04-29 17:02:25.568 22560 22560 D UiObject: getText() = \
04-29 17:02:25.623  3252  3712 D ActivityManager: retrieveServiceLocked(): component = null; callingUser = 0; userId(target) = 0\
04-29 17:02:25.628  3252  3360 D ActivityManager: retrieveServiceLocked(): component = null; callingUser = 0; userId(target) = 0\
04-29 17:02:25.638 22605 23982 D         : (null):0 ((null)): FQS 0\
04-29 17:02:25.638 22605 23982 D         : (null):0 ((null)): PQS 0\
04-29 17:02:25.638 22605 23982 D         : (null):0 ((null)): timerDelta:  463100\
04-29 17:02:25.733 22560 22560 W AccessibilityNodeInfoDumper: Fetch time: 13ms\
04-29 17:02:25.798 22560 22560 I QueryController: Matched selector: UiSelector[CLASS=android.widget.ProgressBar, INSTANCE=0] <<==>> [android.view.accessibility.AccessibilityNodeInfo@800e633b; boundsInParent: Rect(0, 0 - 96, 96); boundsInScreen: Rect(720, 1065 - 816, 1161); packageName: com.icrealtime.allie; className: android.widget.ProgressBar; text: null; error: null; maxTextLength: -1; contentDescription: null; viewIdResName: null; checkable: false; checked: false; focusable: false; focused: false; selected: false; clickable: false; longClickable: false; enabled: true; password: false; scrollable: false; actions: [AccessibilityAction: ACTION_SELECT - null, AccessibilityAction: ACTION_CLEAR_SELECTION - null, AccessibilityAction: ACTION_ACCESSIBILITY_FOCUS - null]]\
04-29 17:02:25.903 22560 22560 I QueryController: Matched selector: UiSelector[CLASS=android.widget.ProgressBar, INSTANCE=0] <<==>> [android.view.accessibility.AccessibilityNodeInfo@800e633b; boundsInParent: Rect(0, 0 - 96, 96); boundsInScreen: Rect(720, 1065 - 816, 1161); packageName: com.icrealtime.allie; className: android.widget.ProgressBar; text: null; error: null; maxTextLength: -1; contentDescription: null; viewIdResName: null; checkable: false; checked: false; focusable: false; focused: false; selected: false; clickable: false; longClickable: false; enabled: true; password: false; scrollable: false; actions: [AccessibilityAction: ACTION_SELECT - null, AccessibilityAction: ACTION_CLEAR_SELECTION - null, AccessibilityAction: ACTION_ACCESSIBILITY_FOCUS - null]]\
04-29 17:02:25.903 22560 22560 D UiObject: getText() = \
04-29 17:02:25.928  3252  3712 D ActivityManager: retrieveServiceLocked(): component = null; callingUser = 0; userId(target) = 0\
04-29 17:02:26.018 22560 22560 W AccessibilityNodeInfoDumper: Fetch time: 14ms\
04-29 17:02:26.138 22560 22560 I QueryController: Matched selector: UiSelector[CLASS=android.widget.ProgressBar, INSTANCE=0] <<==>> [android.view.accessibility.AccessibilityNodeInfo@800e633b; boundsInParent: Rect(0, 0 - 96, 96); boundsInScreen: Rect(720, 1065 - 816, 1161); packageName: com.icrealtime.allie; className: android.widget.ProgressBar; text: null; error: null; maxTextLength: -1; contentDescription: null; viewIdResName: null; checkable: false; checked: false; focusable: false; focused: false; selected: false; clickable: false; longClickable: false; enabled: true; password: false; scrollable: false; actions: [AccessibilityAction: ACTION_SELECT - null, AccessibilityAction: ACTION_CLEAR_SELECTION - null, AccessibilityAction: ACTION_ACCESSIBILITY_FOCUS - null]]\
04-29 17:02:26.223 22560 22560 I QueryController: Matched selector: UiSelector[CLASS=android.widget.ProgressBar, INSTANCE=0] <<==>> [android.view.accessibility.AccessibilityNodeInfo@800e633b; boundsInParent: Rect(0, 0 - 96, 96); boundsInScreen: Rect(720, 1065 - 816, 1161); packageName: com.icrealtime.allie; className: android.widget.ProgressBar; text: null; error: null; maxTextLength: -1; contentDescription: null; viewIdResName: null; checkable: false; checked: false; focusable: false; focused: false; selected: false; clickable: false; longClickable: false; enabled: true; password: false; scrollable: false; actions: [AccessibilityAction: ACTION_SELECT - null, AccessibilityAction: ACTION_CLEAR_SELECTION - null, AccessibilityAction: ACTION_ACCESSIBILITY_FOCUS - null]]\
04-29 17:02:26.223 22560 22560 D UiObject: getText() = \
04-29 17:02:26.478 22560 22560 W AccessibilityNodeInfoDumper: Fetch time: 17ms\
04-29 17:02:26.488 22605 23982 D         : (null):0 ((null)): FQS 0\
04-29 17:02:26.488 22605 23982 D         : (null):0 ((null)): PQS 0\
04-29 17:02:26.488 22605 23982 D         : (null):0 ((null)): timerDelta:  463944\
04-29 17:02:26.543  3252  6845 D ActivityManager: retrieveServiceLocked(): component = null; callingUser = 0; userId(target) = 0\
04-29 17:02:26.613 22560 22560 I QueryController: Matched selector: UiSelector[CLASS=android.widget.ProgressBar, INSTANCE=0] <<==>> [android.view.accessibility.AccessibilityNodeInfo@800e633b; boundsInParent: Rect(0, 0 - 96, 96); boundsInScreen: Rect(720, 1065 - 816, 1161); packageName: com.icrealtime.allie; className: android.widget.ProgressBar; text: null; error: null; maxTextLength: -1; contentDescription: null; viewIdResName: null; checkable: false; checked: false; focusable: false; focused: false; selected: false; clickable: false; longClickable: false; enabled: true; password: false; scrollable: false; actions: [AccessibilityAction: ACTION_SELECT - null, AccessibilityAction: ACTION_CLEAR_SELECTION - null, AccessibilityAction: ACTION_ACCESSIBILITY_FOCUS - null]]\
04-29 17:02:26.833 22560 22560 I QueryController: Matched selector: UiSelector[CLASS=android.widget.ProgressBar, INSTANCE=0] <<==>> [android.view.accessibility.AccessibilityNodeInfo@800e633b; boundsInParent: Rect(0, 0 - 96, 96); boundsInScreen: Rect(720, 1065 - 816, 1161); packageName: com.icrealtime.allie; className: android.widget.ProgressBar; text: null; error: null; maxTextLength: -1; contentDescription: null; viewIdResName: null; checkable: false; checked: false; focusable: false; focused: false; selected: false; clickable: false; longClickable: false; enabled: true; password: false; scrollable: false; actions: [AccessibilityAction: ACTION_SELECT - null, AccessibilityAction: ACTION_CLEAR_SELECTION - null, AccessibilityAction: ACTION_ACCESSIBILITY_FOCUS - null]]\
04-29 17:02:26.833 22560 22560 D UiObject: getText() = \
04-29 17:02:26.858  3252  6861 D ActivityManager: retrieveServiceLocked(): component = null; callingUser = 0; userId(target) = 0\
04-29 17:02:26.993 22560 22560 W AccessibilityNodeInfoDumper: Fetch time: 16ms\
04-29 17:02:27.083 22560 22560 I QueryController: Matched selector: UiSelector[CLASS=android.widget.ProgressBar, INSTANCE=0] <<==>> [android.view.accessibility.AccessibilityNodeInfo@800e633b; boundsInParent: Rect(0, 0 - 96, 96); boundsInScreen: Rect(720, 1065 - 816, 1161); packageName: com.icrealtime.allie; className: android.widget.ProgressBar; text: null; error: null; maxTextLength: -1; contentDescription: null; viewIdResName: null; checkable: false; checked: false; focusable: false; focused: false; selected: false; clickable: false; longClickable: false; enabled: true; password: false; scrollable: false; actions: [AccessibilityAction: ACTION_SELECT - null, AccessibilityAction: ACTION_CLEAR_SELECTION - null, AccessibilityAction: ACTION_ACCESSIBILITY_FOCUS - null]]\
04-29 17:02:27.163  3252  6844 D ActivityManager: retrieveServiceLocked(): component = null; callingUser = 0; userId(target) = 0\
04-29 17:02:27.168  3252  6856 D ActivityManager: retrieveServiceLocked(): component = null; callingUser = 0; userId(target) = 0\
04-29 17:02:27.183 22560 22560 I QueryController: Matched selector: UiSelector[CLASS=android.widget.ProgressBar, INSTANCE=0] <<==>> [android.view.accessibility.AccessibilityNodeInfo@800e633b; boundsInParent: Rect(0, 0 - 96, 96); boundsInScreen: Rect(720, 1065 - 816, 1161); packageName: com.icrealtime.allie; className: android.widget.ProgressBar; text: null; error: null; maxTextLength: -1; contentDescription: null; viewIdResName: null; checkable: false; checked: false; focusable: false; focused: false; selected: false; clickable: false; longClickable: false; enabled: true; password: false; scrollable: false; actions: [AccessibilityAction: ACTION_SELECT - null, AccessibilityAction: ACTION_CLEAR_SELECTION - null, AccessibilityAction: ACTION_ACCESSIBILITY_FOCUS - null]]\
04-29 17:02:27.183 22560 22560 D UiObject: getText() = \
04-29 17:02:27.343 22605 23982 D         : (null):0 ((null)): FQS 0\
04-29 17:02:27.343 22605 23982 D         : (null):0 ((null)): PQS 0\
04-29 17:02:27.343 22605 23982 D         : (null):0 ((null)): timerDelta:  464806\
04-29 17:02:27.388 22560 22560 W AccessibilityNodeInfoDumper: Fetch time: 15ms\
04-29 17:02:27.528 22560 22560 I QueryController: Matched selector: UiSelector[CLASS=android.widget.ProgressBar, INSTANCE=0] <<==>> [android.view.accessibility.AccessibilityNodeInfo@800e633b; boundsInParent: Rect(0, 0 - 96, 96); boundsInScreen: Rect(720, 1065 - 816, 1161); packageName: com.icrealtime.allie; className: android.widget.ProgressBar; text: null; error: null; maxTextLength: -1; contentDescription: null; viewIdResName: null; checkable: false; checked: false; focusable: false; focused: false; selected: false; clickable: false; longClickable: false; enabled: true; password: false; scrollable: false; actions: [AccessibilityAction: ACTION_SELECT - null, AccessibilityAction: ACTION_CLEAR_SELECTION - null, AccessibilityAction: ACTION_ACCESSIBILITY_FOCUS - null]]\
04-29 17:02:27.678 22560 22560 I QueryController: Matched selector: UiSelector[CLASS=android.widget.ProgressBar, INSTANCE=0] <<==>> [android.view.accessibility.AccessibilityNodeInfo@800e633b; boundsInParent: Rect(0, 0 - 96, 96); boundsInScreen: Rect(720, 1065 - 816, 1161); packageName: com.icrealtime.allie; className: android.widget.ProgressBar; text: null; error: null; maxTextLength: -1; contentDescription: null; viewIdResName: null; checkable: false; checked: false; focusable: false; focused: false; selected: false; clickable: false; longClickable: false; enabled: true; password: false; scrollable: false; actions: [AccessibilityAction: ACTION_SELECT - null, AccessibilityAction: ACTION_CLEAR_SELECTION - null, AccessibilityAction: ACTION_ACCESSIBILITY_FOCUS - null]]\
04-29 17:02:27.678 22560 22560 D UiObject: getText() = \
04-29 17:02:27.838 22560 22560 W AccessibilityNodeInfoDumper: Fetch time: 15ms\
04-29 17:02:27.963 22560 22560 I QueryController: Matched selector: UiSelector[CLASS=android.widget.ProgressBar, INSTANCE=0] <<==>> [android.view.accessibility.AccessibilityNodeInfo@800e633b; boundsInParent: Rect(0, 0 - 96, 96); boundsInScreen: Rect(720, 1065 - 816, 1161); packageName: com.icrealtime.allie; className: android.widget.ProgressBar; text: null; error: null; maxTextLength: -1; contentDescription: null; viewIdResName: null; checkable: false; checked: false; focusable: false; focused: false; selected: false; clickable: false; longClickable: false; enabled: true; password: false; scrollable: false; actions: [AccessibilityAction: ACTION_SELECT - null, AccessibilityAction: ACTION_CLEAR_SELECTION - null, AccessibilityAction: ACTION_ACCESSIBILITY_FOCUS - null]]\
04-29 17:02:28.068 22560 22560 I QueryController: Matched selector: UiSelector[CLASS=android.widget.ProgressBar, INSTANCE=0] <<==>> [android.view.accessibility.AccessibilityNodeInfo@800e633b; boundsInParent: Rect(0, 0 - 96, 96); boundsInScreen: Rect(720, 1065 - 816, 1161); packageName: com.icrealtime.allie; className: android.widget.ProgressBar; text: null; error: null; maxTextLength: -1; contentDescription: null; viewIdResName: null; checkable: false; checked: false; focusable: false; focused: false; selected: false; clickable: false; longClickable: false; enabled: true; password: false; scrollable: false; actions: [AccessibilityAction: ACTION_SELECT - null, AccessibilityAction: ACTION_CLEAR_SELECTION - null, AccessibilityAction: ACTION_ACCESSIBILITY_FOCUS - null]]\
04-29 17:02:28.068 22560 22560 D UiObject: getText() = \
04-29 17:02:28.203 22560 22560 W AccessibilityNodeInfoDumper: Fetch time: 16ms\
04-29 17:02:28.218 22605 23982 D         : (null):0 ((null)): FQS 0\
04-29 17:02:28.223 22605 23982 D         : (null):0 ((null)): PQS 0\
04-29 17:02:28.223 22605 23982 D         : (null):0 ((null)): timerDelta:  465655\
04-29 17:02:28.263 22560 22560 I QueryController: Matched selector: UiSelector[CLASS=android.widget.ProgressBar, INSTANCE=0] <<==>> [android.view.accessibility.AccessibilityNodeInfo@800e633b; boundsInParent: Rect(0, 0 - 96, 96); boundsInScreen: Rect(720, 1065 - 816, 1161); packageName: com.icrealtime.allie; className: android.widget.ProgressBar; text: null; error: null; maxTextLength: -1; contentDescription: null; viewIdResName: null; checkable: false; checked: false; focusable: false; focused: false; selected: false; clickable: false; longClickable: false; enabled: true; password: false; scrollable: false; actions: [AccessibilityAction: ACTION_SELECT - null, AccessibilityAction: ACTION_CLEAR_SELECTION - null, AccessibilityAction: ACTION_ACCESSIBILITY_FOCUS - null]]\
04-29 17:02:28.388 22560 22560 I QueryController: Matched selector: UiSelector[CLASS=android.widget.ProgressBar, INSTANCE=0] <<==>> [android.view.accessibility.AccessibilityNodeInfo@800e633b; boundsInParent: Rect(0, 0 - 96, 96); boundsInScreen: Rect(720, 1065 - 816, 1161); packageName: com.icrealtime.allie; className: android.widget.ProgressBar; text: null; error: null; maxTextLength: -1; contentDescription: null; viewIdResName: null; checkable: false; checked: false; focusable: false; focused: false; selected: false; clickable: false; longClickable: false; enabled: true; password: false; scrollable: false; actions: [AccessibilityAction: ACTION_SELECT - null, AccessibilityAction: ACTION_CLEAR_SELECTION - null, AccessibilityAction: ACTION_ACCESSIBILITY_FOCUS - null]]\
04-29 17:02:28.388 22560 22560 D UiObject: getText() = \
04-29 17:02:28.688 22560 22560 W AccessibilityNodeInfoDumper: Fetch time: 13ms\
04-29 17:02:28.753 22560 22560 I QueryController: Matched selector: UiSelector[CLASS=android.widget.ProgressBar, INSTANCE=0] <<==>> [android.view.accessibility.AccessibilityNodeInfo@800e633b; boundsInParent: Rect(0, 0 - 96, 96); boundsInScreen: Rect(720, 1065 - 816, 1161); packageName: com.icrealtime.allie; className: android.widget.ProgressBar; text: null; error: null; maxTextLength: -1; contentDescription: null; viewIdResName: null; checkable: false; checked: false; focusable: false; focused: false; selected: false; clickable: false; longClickable: false; enabled: true; password: false; scrollable: false; actions: [AccessibilityAction: ACTION_SELECT - null, AccessibilityAction: ACTION_CLEAR_SELECTION - null, AccessibilityAction: ACTION_ACCESSIBILITY_FOCUS - null]]\
04-29 17:02:28.928 22560 22560 I QueryController: Matched selector: UiSelector[CLASS=android.widget.ProgressBar, INSTANCE=0] <<==>> [android.view.accessibility.AccessibilityNodeInfo@800e633b; boundsInParent: Rect(0, 0 - 96, 96); boundsInScreen: Rect(720, 1065 - 816, 1161); packageName: com.icrealtime.allie; className: android.widget.ProgressBar; text: null; error: null; maxTextLength: -1; contentDescription: null; viewIdResName: null; checkable: false; checked: false; focusable: false; focused: false; selected: false; clickable: false; longClickable: false; enabled: true; password: false; scrollable: false; actions: [AccessibilityAction: ACTION_SELECT - null, AccessibilityAction: ACTION_CLEAR_SELECTION - null, AccessibilityAction: ACTION_ACCESSIBILITY_FOCUS - null]]\
04-29 17:02:28.928 22560 22560 D UiObject: getText() = \
04-29 17:02:29.058 22560 22560 W AccessibilityNodeInfoDumper: Fetch time: 15ms\
04-29 17:02:29.068 22605 23982 D         : (null):0 ((null)): FQS 0\
04-29 17:02:29.068 22605 23982 D         : (null):0 ((null)): PQS 0\
04-29 17:02:29.068 22605 23982 D         : (null):0 ((null)): timerDelta:  466528\
04-29 17:02:29.198 22560 22560 I QueryController: Matched selector: UiSelector[CLASS=android.widget.ProgressBar, INSTANCE=0] <<==>> [android.view.accessibility.AccessibilityNodeInfo@800e633b; boundsInParent: Rect(0, 0 - 96, 96); boundsInScreen: Rect(720, 1065 - 816, 1161); packageName: com.icrealtime.allie; className: android.widget.ProgressBar; text: null; error: null; maxTextLength: -1; contentDescription: null; viewIdResName: null; checkable: false; checked: false; focusable: false; focused: false; selected: false; clickable: false; longClickable: false; enabled: true; password: false; scrollable: false; actions: [AccessibilityAction: ACTION_SELECT - null, AccessibilityAction: ACTION_CLEAR_SELECTION - null, AccessibilityAction: ACTION_ACCESSIBILITY_FOCUS - null]]\
04-29 17:02:29.353 22560 22560 I QueryController: Matched selector: UiSelector[CLASS=android.widget.ProgressBar, INSTANCE=0] <<==>> [android.view.accessibility.AccessibilityNodeInfo@800e633b; boundsInParent: Rect(0, 0 - 96, 96); boundsInScreen: Rect(720, 1065 - 816, 1161); packageName: com.icrealtime.allie; className: android.widget.ProgressBar; text: null; error: null; maxTextLength: -1; contentDescription: null; viewIdResName: null; checkable: false; checked: false; focusable: false; focused: false; selected: false; clickable: false; longClickable: false; enabled: true; password: false; scrollable: false; actions: [AccessibilityAction: ACTION_SELECT - null, AccessibilityAction: ACTION_CLEAR_SELECTION - null, AccessibilityAction: ACTION_ACCESSIBILITY_FOCUS - null]]\
04-29 17:02:29.353 22560 22560 D UiObject: getText() = \
04-29 17:02:29.548 22560 22560 W AccessibilityNodeInfoDumper: Fetch time: 14ms\
04-29 17:02:29.618  3252  3822 D ActivityManager: retrieveServiceLocked(): component = null; callingUser = 0; userId(target) = 0\
04-29 17:02:29.628  3252  3265 D ActivityManager: retrieveServiceLocked(): component = null; callingUser = 0; userId(target) = 0\
04-29 17:02:29.668 22560 22560 I QueryController: Matched selector: UiSelector[CLASS=android.widget.ProgressBar, INSTANCE=0] <<==>> [android.view.accessibility.AccessibilityNodeInfo@800e633b; boundsInParent: Rect(0, 0 - 96, 96); boundsInScreen: Rect(720, 1065 - 816, 1161); packageName: com.icrealtime.allie; className: android.widget.ProgressBar; text: null; error: null; maxTextLength: -1; contentDescription: null; viewIdResName: null; checkable: false; checked: false; focusable: false; focused: false; selected: false; clickable: false; longClickable: false; enabled: true; password: false; scrollable: false; actions: [AccessibilityAction: ACTION_SELECT - null, AccessibilityAction: ACTION_CLEAR_SELECTION - null, AccessibilityAction: ACTION_ACCESSIBILITY_FOCUS - null]]\
04-29 17:02:29.773 22560 22560 I QueryController: Matched selector: UiSelector[CLASS=android.widget.ProgressBar, INSTANCE=0] <<==>> [android.view.accessibility.AccessibilityNodeInfo@800e633b; boundsInParent: Rect(0, 0 - 96, 96); boundsInScreen: Rect(720, 1065 - 816, 1161); packageName: com.icrealtime.allie; className: android.widget.ProgressBar; text: null; error: null; maxTextLength: -1; contentDescription: null; viewIdResName: null; checkable: false; checked: false; focusable: false; focused: false; selected: false; clickable: false; longClickable: false; enabled: true; password: false; scrollable: false; actions: [AccessibilityAction: ACTION_SELECT - null, AccessibilityAction: ACTION_CLEAR_SELECTION - null, AccessibilityAction: ACTION_ACCESSIBILITY_FOCUS - null]]\
04-29 17:02:29.773 22560 22560 D UiObject: getText() = \
04-29 17:02:29.783 13893 13917 I Quasar  : start to send events\
04-29 17:02:29.928 22560 22560 W AccessibilityNodeInfoDumper: Fetch time: 18ms\
04-29 17:02:29.943 22605 23982 D         : (null):0 ((null)): FQS 0\
04-29 17:02:29.943 22605 23982 D         : (null):0 ((null)): PQS 0\
04-29 17:02:29.943 22605 23982 D         : (null):0 ((null)): timerDelta:  467384\
04-29 17:02:30.058 22560 22560 I QueryController: Matched selector: UiSelector[CLASS=android.widget.ProgressBar, INSTANCE=0] <<==>> [android.view.accessibility.AccessibilityNodeInfo@800e633b; boundsInParent: Rect(0, 0 - 96, 96); boundsInScreen: Rect(720, 1065 - 816, 1161); packageName: com.icrealtime.allie; className: android.widget.ProgressBar; text: null; error: null; maxTextLength: -1; contentDescription: null; viewIdResName: null; checkable: false; checked: false; focusable: false; focused: false; selected: false; clickable: false; longClickable: false; enabled: true; password: false; scrollable: false; actions: [AccessibilityAction: ACTION_SELECT - null, AccessibilityAction: ACTION_CLEAR_SELECTION - null, AccessibilityAction: ACTION_ACCESSIBILITY_FOCUS - null]]\
04-29 17:02:30.143 22560 22560 I QueryController: Matched selector: UiSelector[CLASS=android.widget.ProgressBar, INSTANCE=0] <<==>> [android.view.accessibility.AccessibilityNodeInfo@800e633b; boundsInParent: Rect(0, 0 - 96, 96); boundsInScreen: Rect(720, 1065 - 816, 1161); packageName: com.icrealtime.allie; className: android.widget.ProgressBar; text: null; error: null; maxTextLength: -1; contentDescription: null; viewIdResName: null; checkable: false; checked: false; focusable: false; focused: false; selected: false; clickable: false; longClickable: false; enabled: true; password: false; scrollable: false; actions: [AccessibilityAction: ACTION_SELECT - null, AccessibilityAction: ACTION_CLEAR_SELECTION - null, AccessibilityAction: ACTION_ACCESSIBILITY_FOCUS - null]]\
04-29 17:02:30.143 22560 22560 D UiObject: getText() = \
04-29 17:02:30.158  3419  3419 D StatusBar.NetworkController: refreshViews connected=\{ wifi \} level=0 combinedSignalIconId=0x7f02053f/com.android.systemui:drawable/stat_sys_wifi_signal_4 mobileLabel= wifiLabel="1503-5G" emergencyOnly=false combinedLabel="1503-5G" mAirplaneMode=false mDataActivity=0 mPhoneSignalIconId=0x0/(null) mQSPhoneSignalIconId=0x0/(null) mDataDirectionIconId=0x0/(null) mDataSignalIconId=0x0/(null) mDataTypeIconId=0x0/(null) mQSDataTypeIconId=0x0/(null) mNoSimIconId=0x0/(null) mWifiIconId=0x7f02053f/com.android.systemui:drawable/stat_sys_wifi_signal_4 mQSWifiIconId=0x7f02012e/com.android.systemui:drawable/ic_qs_wifi_4 mWifiActivityIconId=0x7f020509/com.android.systemui:drawable/stat_sys_signal_inout mBluetoothTetherIconId=0x7f02051c/com.android.systemui:drawable/stat_sys_tether_bluetooth\
04-29 17:02:30.158  3419  3419 D STATUSBAR-WifiQuickSettingButton: onWifiSignalChanged enabled=true enabledDesc:"1503-5G"\
04-29 17:02:30.158  3419  3419 D StatusBar.NetworkController: refreshNwBoosterIndicator - setNWBoosterIndicators(false)\
04-29 17:02:30.158  3419  3419 D StatusBar.NetworkController: refreshNwBoosterIndicator - setNWBoosterIndicators(false)\
04-29 17:02:30.158  3419  3419 D StatusBar.NetworkController: refreshNwBoosterIndicator - setNWBoosterIndicators(false)\
04-29 17:02:30.158  3419  3419 D StatusBar.NetworkController: refreshNwBoosterIndicator - setNWBoosterIndicators(false)\
04-29 17:02:30.238  3252  6856 D ActivityManager: retrieveServiceLocked(): component = null; callingUser = 0; userId(target) = 0\
04-29 17:02:30.308 22560 22560 W AccessibilityNodeInfoDumper: Fetch time: 13ms\
04-29 17:02:30.433 22560 22560 I QueryController: Matched selector: UiSelector[CLASS=android.widget.ProgressBar, INSTANCE=0] <<==>> [android.view.accessibility.AccessibilityNodeInfo@800e633b; boundsInParent: Rect(0, 0 - 96, 96); boundsInScreen: Rect(720, 1065 - 816, 1161); packageName: com.icrealtime.allie; className: android.widget.ProgressBar; text: null; error: null; maxTextLength: -1; contentDescription: null; viewIdResName: null; checkable: false; checked: false; focusable: false; focused: false; selected: false; clickable: false; longClickable: false; enabled: true; password: false; scrollable: false; actions: [AccessibilityAction: ACTION_SELECT - null, AccessibilityAction: ACTION_CLEAR_SELECTION - null, AccessibilityAction: ACTION_ACCESSIBILITY_FOCUS - null]]\
04-29 17:02:30.583 22560 22560 I QueryController: Matched selector: UiSelector[CLASS=android.widget.ProgressBar, INSTANCE=0] <<==>> [android.view.accessibility.AccessibilityNodeInfo@800e633b; boundsInParent: Rect(0, 0 - 96, 96); boundsInScreen: Rect(720, 1065 - 816, 1161); packageName: com.icrealtime.allie; className: android.widget.ProgressBar; text: null; error: null; maxTextLength: -1; contentDescription: null; viewIdResName: null; checkable: false; checked: false; focusable: false; focused: false; selected: false; clickable: false; longClickable: false; enabled: true; password: false; scrollable: false; actions: [AccessibilityAction: ACTION_SELECT - null, AccessibilityAction: ACTION_CLEAR_SELECTION - null, AccessibilityAction: ACTION_ACCESSIBILITY_FOCUS - null]]\
04-29 17:02:30.583 22560 22560 D UiObject: getText() = \
04-29 17:02:30.693 22560 22560 W AccessibilityNodeInfoDumper: Fetch time: 15ms\
04-29 17:02:30.773 22560 22560 I QueryController: Matched selector: UiSelector[CLASS=android.widget.ProgressBar, INSTANCE=0] <<==>> [android.view.accessibility.AccessibilityNodeInfo@800e633b; boundsInParent: Rect(0, 0 - 96, 96); boundsInScreen: Rect(720, 1065 - 816, 1161); packageName: com.icrealtime.allie; className: android.widget.ProgressBar; text: null; error: null; maxTextLength: -1; contentDescription: null; viewIdResName: null; checkable: false; checked: false; focusable: false; focused: false; selected: false; clickable: false; longClickable: false; enabled: true; password: false; scrollable: false; actions: [AccessibilityAction: ACTION_SELECT - null, AccessibilityAction: ACTION_CLEAR_SELECTION - null, AccessibilityAction: ACTION_ACCESSIBILITY_FOCUS - null]]\
04-29 17:02:30.788 22605 23982 D         : (null):0 ((null)): FQS 0\
04-29 17:02:30.788 22605 23982 D         : (null):0 ((null)): PQS 0\
04-29 17:02:30.788 22605 23982 D         : (null):0 ((null)): timerDelta:  468251\
04-29 17:02:30.868 22560 22560 I QueryController: Matched selector: UiSelector[CLASS=android.widget.ProgressBar, INSTANCE=0] <<==>> [android.view.accessibility.AccessibilityNodeInfo@800e633b; boundsInParent: Rect(0, 0 - 96, 96); boundsInScreen: Rect(720, 1065 - 816, 1161); packageName: com.icrealtime.allie; className: android.widget.ProgressBar; text: null; error: null; maxTextLength: -1; contentDescription: null; viewIdResName: null; checkable: false; checked: false; focusable: false; focused: false; selected: false; clickable: false; longClickable: false; enabled: true; password: false; scrollable: false; actions: [AccessibilityAction: ACTION_SELECT - null, AccessibilityAction: ACTION_CLEAR_SELECTION - null, AccessibilityAction: ACTION_ACCESSIBILITY_FOCUS - null]]\
04-29 17:02:30.868 22560 22560 D UiObject: getText() = \
04-29 17:02:31.018 22560 22560 W AccessibilityNodeInfoDumper: Fetch time: 12ms\
04-29 17:02:31.138 22560 22560 I QueryController: Matched selector: UiSelector[CLASS=android.widget.ProgressBar, INSTANCE=0] <<==>> [android.view.accessibility.AccessibilityNodeInfo@800e633b; boundsInParent: Rect(0, 0 - 96, 96); boundsInScreen: Rect(720, 1065 - 816, 1161); packageName: com.icrealtime.allie; className: android.widget.ProgressBar; text: null; error: null; maxTextLength: -1; contentDescription: null; viewIdResName: null; checkable: false; checked: false; focusable: false; focused: false; selected: false; clickable: false; longClickable: false; enabled: true; password: false; scrollable: false; actions: [AccessibilityAction: ACTION_SELECT - null, AccessibilityAction: ACTION_CLEAR_SELECTION - null, AccessibilityAction: ACTION_ACCESSIBILITY_FOCUS - null]]\
04-29 17:02:31.158  3419  3419 D StatusBar.NetworkController: refreshViews connected=\{ wifi \} level=0 combinedSignalIconId=0x7f02053f/com.android.systemui:drawable/stat_sys_wifi_signal_4 mobileLabel= wifiLabel="1503-5G" emergencyOnly=false combinedLabel="1503-5G" mAirplaneMode=false mDataActivity=0 mPhoneSignalIconId=0x0/(null) mQSPhoneSignalIconId=0x0/(null) mDataDirectionIconId=0x0/(null) mDataSignalIconId=0x0/(null) mDataTypeIconId=0x0/(null) mQSDataTypeIconId=0x0/(null) mNoSimIconId=0x0/(null) mWifiIconId=0x7f02053f/com.android.systemui:drawable/stat_sys_wifi_signal_4 mQSWifiIconId=0x7f02012e/com.android.systemui:drawable/ic_qs_wifi_4 mWifiActivityIconId=0x7f020507/com.android.systemui:drawable/stat_sys_signal_in mBluetoothTetherIconId=0x7f02051c/com.android.systemui:drawable/stat_sys_tether_bluetooth\
04-29 17:02:31.158  3419  3419 D STATUSBAR-WifiQuickSettingButton: onWifiSignalChanged enabled=true enabledDesc:"1503-5G"\
04-29 17:02:31.158  3419  3419 D StatusBar.NetworkController: refreshNwBoosterIndicator - setNWBoosterIndicators(false)\
04-29 17:02:31.158  3419  3419 D StatusBar.NetworkController: refreshNwBoosterIndicator - setNWBoosterIndicators(false)\
04-29 17:02:31.163  3419  3419 D StatusBar.NetworkController: refreshNwBoosterIndicator - setNWBoosterIndicators(false)\
04-29 17:02:31.163  3419  3419 D StatusBar.NetworkController: refreshNwBoosterIndicator - setNWBoosterIndicators(false)\
04-29 17:02:31.313 22560 22560 I QueryController: Matched selector: UiSelector[CLASS=android.widget.ProgressBar, INSTANCE=0] <<==>> [android.view.accessibility.AccessibilityNodeInfo@800e633b; boundsInParent: Rect(0, 0 - 96, 96); boundsInScreen: Rect(720, 1065 - 816, 1161); packageName: com.icrealtime.allie; className: android.widget.ProgressBar; text: null; error: null; maxTextLength: -1; contentDescription: null; viewIdResName: null; checkable: false; checked: false; focusable: false; focused: false; selected: false; clickable: false; longClickable: false; enabled: true; password: false; scrollable: false; actions: [AccessibilityAction: ACTION_SELECT - null, AccessibilityAction: ACTION_CLEAR_SELECTION - null, AccessibilityAction: ACTION_ACCESSIBILITY_FOCUS - null]]\
04-29 17:02:31.313 22560 22560 D UiObject: getText() = \
04-29 17:02:31.458 22560 22560 W AccessibilityNodeInfoDumper: Fetch time: 14ms\
04-29 17:02:31.523 22560 22560 I QueryController: Matched selector: UiSelector[CLASS=android.widget.ProgressBar, INSTANCE=0] <<==>> [android.view.accessibility.AccessibilityNodeInfo@800e633b; boundsInParent: Rect(0, 0 - 96, 96); boundsInScreen: Rect(720, 1065 - 816, 1161); packageName: com.icrealtime.allie; className: android.widget.ProgressBar; text: null; error: null; maxTextLength: -1; contentDescription: null; viewIdResName: null; checkable: false; checked: false; focusable: false; focused: false; selected: false; clickable: false; longClickable: false; enabled: true; password: false; scrollable: false; actions: [AccessibilityAction: ACTION_SELECT - null, AccessibilityAction: ACTION_CLEAR_SELECTION - null, AccessibilityAction: ACTION_ACCESSIBILITY_FOCUS - null]]\
04-29 17:02:31.538  3252  6861 D BatteryService: !@BatteryListener : batteryPropertiesChanged!\
04-29 17:02:31.538  3252  6861 D BatteryService: level:91, scale:100, status:3, health:2, present:true, voltage: 4187, temperature: 361, technology: Li-ion, AC powered:false, USB powered:true, POGO powered:false, Wireless powered:false, icon:17303382, invalid charger:0\
04-29 17:02:31.538  3252  6861 D BatteryService: online:4, current avg:-66, charge type:2, power sharing:false, high voltage charger:false, capacity:280000, current_now:-66\
04-29 17:02:31.538  3252  3252 D BatteryService: Sending ACTION_BATTERY_CHANGED.\
04-29 17:02:31.548  3419  3419 D KeyguardUpdateMonitor: received broadcast android.intent.action.BATTERY_CHANGED\
04-29 17:02:31.548  3419  3419 D KeyguardUpdateMonitor: handleBatteryUpdate\
04-29 17:02:31.548  3667  3667 V EmergencyMode: [EmergencyStateReceiver] onReceive : android.intent.action.BATTERY_CHANGED\
04-29 17:02:31.548  3667  3667 V EmergencyMode: [EmergencyStateReceiver] ACTION_BATTERY_CHANGED mBatteryLevelForLogging = 91\
04-29 17:02:31.558  4914  4914 V HeadsetService: HeadsetService - Received Intent.ACTION_BATTERY_CHANGED\
04-29 17:02:31.558  4914  5137 D HeadsetStateMachine: Disconnected process message: 10\
04-29 17:02:31.558  3419  3419 D BatteryMeterView: ACTION_BATTERY_CHANGED : level:91 status:3 health:2\
04-29 17:02:31.568  3419  3419 D BatteryMeterView: ACTION_BATTERY_CHANGED : level:91 status:3 health:2\
04-29 17:02:31.568  3419  3419 D BatteryMeterView: ACTION_BATTERY_CHANGED : level:91 status:3 health:2\
04-29 17:02:31.568  3419  3419 D CoverUpdateMonitor: received broadcast android.intent.action.BATTERY_CHANGED\
04-29 17:02:31.633 22605 23982 D         : (null):0 ((null)): FQS 0\
04-29 17:02:31.633 22605 23982 D         : (null):0 ((null)): PQS 0\
04-29 17:02:31.633 22605 23982 D         : (null):0 ((null)): timerDelta:  469095\
04-29 17:02:31.678 22560 22560 I QueryController: Matched selector: UiSelector[CLASS=android.widget.ProgressBar, INSTANCE=0] <<==>> [android.view.accessibility.AccessibilityNodeInfo@800e633b; boundsInParent: Rect(0, 0 - 96, 96); boundsInScreen: Rect(720, 1065 - 816, 1161); packageName: com.icrealtime.allie; className: android.widget.ProgressBar; text: null; error: null; maxTextLength: -1; contentDescription: null; viewIdResName: null; checkable: false; checked: false; focusable: false; focused: false; selected: false; clickable: false; longClickable: false; enabled: true; password: false; scrollable: false; actions: [AccessibilityAction: ACTION_SELECT - null, AccessibilityAction: ACTION_CLEAR_SELECTION - null, AccessibilityAction: ACTION_ACCESSIBILITY_FOCUS - null]]\
04-29 17:02:31.678 22560 22560 D UiObject: getText() = \
04-29 17:02:31.848 22560 22560 W AccessibilityNodeInfoDumper: Fetch time: 16ms\
04-29 17:02:31.928 22560 22560 I QueryController: Matched selector: UiSelector[CLASS=android.widget.ProgressBar, INSTANCE=0] <<==>> [android.view.accessibility.AccessibilityNodeInfo@800e633b; boundsInParent: Rect(0, 0 - 96, 96); boundsInScreen: Rect(720, 1065 - 816, 1161); packageName: com.icrealtime.allie; className: android.widget.ProgressBar; text: null; error: null; maxTextLength: -1; contentDescription: null; viewIdResName: null; checkable: false; checked: false; focusable: false; focused: false; selected: false; clickable: false; longClickable: false; enabled: true; password: false; scrollable: false; actions: [AccessibilityAction: ACTION_SELECT - null, AccessibilityAction: ACTION_CLEAR_SELECTION - null, AccessibilityAction: ACTION_ACCESSIBILITY_FOCUS - null]]\
04-29 17:02:32.118 22560 22560 I QueryController: Matched selector: UiSelector[CLASS=android.widget.ProgressBar, INSTANCE=0] <<==>> [android.view.accessibility.AccessibilityNodeInfo@800e633b; boundsInParent: Rect(0, 0 - 96, 96); boundsInScreen: Rect(720, 1065 - 816, 1161); packageName: com.icrealtime.allie; className: android.widget.ProgressBar; text: null; error: null; maxTextLength: -1; contentDescription: null; viewIdResName: null; checkable: false; checked: false; focusable: false; focused: false; selected: false; clickable: false; longClickable: false; enabled: true; password: false; scrollable: false; actions: [AccessibilityAction: ACTION_SELECT - null, AccessibilityAction: ACTION_CLEAR_SELECTION - null, AccessibilityAction: ACTION_ACCESSIBILITY_FOCUS - null]]\
04-29 17:02:32.118 22560 22560 D UiObject: getText() = \
04-29 17:02:32.353 22560 22560 W AccessibilityNodeInfoDumper: Fetch time: 14ms\
04-29 17:02:32.368  3252  4968 D SSRM:n  : SIOP:: AP = 470, PST = 469 (W:30), CUR = -66, LCD = 147\
04-29 17:02:32.418 22560 22560 I QueryController: Matched selector: UiSelector[CLASS=android.widget.ProgressBar, INSTANCE=0] <<==>> [android.view.accessibility.AccessibilityNodeInfo@800e633b; boundsInParent: Rect(0, 0 - 96, 96); boundsInScreen: Rect(720, 1065 - 816, 1161); packageName: com.icrealtime.allie; className: android.widget.ProgressBar; text: null; error: null; maxTextLength: -1; contentDescription: null; viewIdResName: null; checkable: false; checked: false; focusable: false; focused: false; selected: false; clickable: false; longClickable: false; enabled: true; password: false; scrollable: false; actions: [AccessibilityAction: ACTION_SELECT - null, AccessibilityAction: ACTION_CLEAR_SELECTION - null, AccessibilityAction: ACTION_ACCESSIBILITY_FOCUS - null]]\
04-29 17:02:32.478 22605 23982 D         : (null):0 ((null)): FQS 0\
04-29 17:02:32.478 22605 23982 D         : (null):0 ((null)): PQS 0\
04-29 17:02:32.478 22605 23982 D         : (null):0 ((null)): timerDelta:  469939\
04-29 17:02:32.508 22560 22560 I QueryController: Matched selector: UiSelector[CLASS=android.widget.ProgressBar, INSTANCE=0] <<==>> [android.view.accessibility.AccessibilityNodeInfo@800e633b; boundsInParent: Rect(0, 0 - 96, 96); boundsInScreen: Rect(720, 1065 - 816, 1161); packageName: com.icrealtime.allie; className: android.widget.ProgressBar; text: null; error: null; maxTextLength: -1; contentDescription: null; viewIdResName: null; checkable: false; checked: false; focusable: false; focused: false; selected: false; clickable: false; longClickable: false; enabled: true; password: false; scrollable: false; actions: [AccessibilityAction: ACTION_SELECT - null, AccessibilityAction: ACTION_CLEAR_SELECTION - null, AccessibilityAction: ACTION_ACCESSIBILITY_FOCUS - null]]\
04-29 17:02:32.508 22560 22560 D UiObject: getText() = \
04-29 17:02:32.708 22560 22560 W AccessibilityNodeInfoDumper: Fetch time: 15ms\
04-29 17:02:32.808 22560 22560 I QueryController: Matched selector: UiSelector[CLASS=android.widget.ProgressBar, INSTANCE=0] <<==>> [android.view.accessibility.AccessibilityNodeInfo@800e633b; boundsInParent: Rect(0, 0 - 96, 96); boundsInScreen: Rect(720, 1065 - 816, 1161); packageName: com.icrealtime.allie; className: android.widget.ProgressBar; text: null; error: null; maxTextLength: -1; contentDescription: null; viewIdResName: null; checkable: false; checked: false; focusable: false; focused: false; selected: false; clickable: false; longClickable: false; enabled: true; password: false; scrollable: false; actions: [AccessibilityAction: ACTION_SELECT - null, AccessibilityAction: ACTION_CLEAR_SELECTION - null, AccessibilityAction: ACTION_ACCESSIBILITY_FOCUS - null]]\
04-29 17:02:33.013 22560 22560 I QueryController: Matched selector: UiSelector[CLASS=android.widget.ProgressBar, INSTANCE=0] <<==>> [android.view.accessibility.AccessibilityNodeInfo@800e633b; boundsInParent: Rect(0, 0 - 96, 96); boundsInScreen: Rect(720, 1065 - 816, 1161); packageName: com.icrealtime.allie; className: android.widget.ProgressBar; text: null; error: null; maxTextLength: -1; contentDescription: null; viewIdResName: null; checkable: false; checked: false; focusable: false; focused: false; selected: false; clickable: false; longClickable: false; enabled: true; password: false; scrollable: false; actions: [AccessibilityAction: ACTION_SELECT - null, AccessibilityAction: ACTION_CLEAR_SELECTION - null, AccessibilityAction: ACTION_ACCESSIBILITY_FOCUS - null]]\
04-29 17:02:33.013 22560 22560 D UiObject: getText() = \
04-29 17:02:33.163 22560 22560 W AccessibilityNodeInfoDumper: Fetch time: 14ms\
04-29 17:02:33.283 22560 22560 I QueryController: Matched selector: UiSelector[CLASS=android.widget.ProgressBar, INSTANCE=0] <<==>> [android.view.accessibility.AccessibilityNodeInfo@800e633b; boundsInParent: Rect(0, 0 - 96, 96); boundsInScreen: Rect(720, 1065 - 816, 1161); packageName: com.icrealtime.allie; className: android.widget.ProgressBar; text: null; error: null; maxTextLength: -1; contentDescription: null; viewIdResName: null; checkable: false; checked: false; focusable: false; focused: false; selected: false; clickable: false; longClickable: false; enabled: true; password: false; scrollable: false; actions: [AccessibilityAction: ACTION_SELECT - null, AccessibilityAction: ACTION_CLEAR_SELECTION - null, AccessibilityAction: ACTION_ACCESSIBILITY_FOCUS - null]]\
04-29 17:02:33.318 22605 23982 D         : (null):0 ((null)): FQS 0\
04-29 17:02:33.318 22605 23982 D         : (null):0 ((null)): PQS 0\
04-29 17:02:33.318 22605 23982 D         : (null):0 ((null)): timerDelta:  470783\
04-29 17:02:33.433 22560 22560 I QueryController: Matched selector: UiSelector[CLASS=android.widget.ProgressBar, INSTANCE=0] <<==>> [android.view.accessibility.AccessibilityNodeInfo@800e633b; boundsInParent: Rect(0, 0 - 96, 96); boundsInScreen: Rect(720, 1065 - 816, 1161); packageName: com.icrealtime.allie; className: android.widget.ProgressBar; text: null; error: null; maxTextLength: -1; contentDescription: null; viewIdResName: null; checkable: false; checked: false; focusable: false; focused: false; selected: false; clickable: false; longClickable: false; enabled: true; password: false; scrollable: false; actions: [AccessibilityAction: ACTION_SELECT - null, AccessibilityAction: ACTION_CLEAR_SELECTION - null, AccessibilityAction: ACTION_ACCESSIBILITY_FOCUS - null]]\
04-29 17:02:33.433 22560 22560 D UiObject: getText() = \
04-29 17:02:33.618  3252  3437 D ActivityManager: retrieveServiceLocked(): component = null; callingUser = 0; userId(target) = 0\
04-29 17:02:33.648 22560 22560 W AccessibilityNodeInfoDumper: Fetch time: 14ms\
04-29 17:02:33.773 22560 22560 I QueryController: Matched selector: UiSelector[CLASS=android.widget.ProgressBar, INSTANCE=0] <<==>> [android.view.accessibility.AccessibilityNodeInfo@800e633b; boundsInParent: Rect(0, 0 - 96, 96); boundsInScreen: Rect(720, 1065 - 816, 1161); packageName: com.icrealtime.allie; className: android.widget.ProgressBar; text: null; error: null; maxTextLength: -1; contentDescription: null; viewIdResName: null; checkable: false; checked: false; focusable: false; focused: false; selected: false; clickable: false; longClickable: false; enabled: true; password: false; scrollable: false; actions: [AccessibilityAction: ACTION_SELECT - null, AccessibilityAction: ACTION_CLEAR_SELECTION - null, AccessibilityAction: ACTION_ACCESSIBILITY_FOCUS - null]]\
04-29 17:02:33.838 22560 22560 I QueryController: Matched selector: UiSelector[CLASS=android.widget.ProgressBar, INSTANCE=0] <<==>> [android.view.accessibility.AccessibilityNodeInfo@800e633b; boundsInParent: Rect(0, 0 - 96, 96); boundsInScreen: Rect(720, 1065 - 816, 1161); packageName: com.icrealtime.allie; className: android.widget.ProgressBar; text: null; error: null; maxTextLength: -1; contentDescription: null; viewIdResName: null; checkable: false; checked: false; focusable: false; focused: false; selected: false; clickable: false; longClickable: false; enabled: true; password: false; scrollable: false; actions: [AccessibilityAction: ACTION_SELECT - null, AccessibilityAction: ACTION_CLEAR_SELECTION - null, AccessibilityAction: ACTION_ACCESSIBILITY_FOCUS - null]]\
04-29 17:02:33.838 22560 22560 D UiObject: getText() = \
04-29 17:02:33.918  3252  6861 D ActivityManager: retrieveServiceLocked(): component = null; callingUser = 0; userId(target) = 0\
04-29 17:02:33.923  3252  3542 D ActivityManager: retrieveServiceLocked(): component = null; callingUser = 0; userId(target) = 0\
04-29 17:02:33.943 22560 22560 W AccessibilityNodeInfoDumper: Fetch time: 14ms\
