04-29 17:01:30.948  3252  3360 D ActivityManager: retrieveServiceLocked(): component = null; callingUser = 0; userId(target) = 0\
04-29 17:01:30.963 22560 22560 I QueryController: Matched selector: UiSelector[CLASS=android.widget.ProgressBar, INSTANCE=0] <<==>> [android.view.accessibility.AccessibilityNodeInfo@800e633b; boundsInParent: Rect(0, 0 - 96, 96); boundsInScreen: Rect(720, 1065 - 816, 1161); packageName: com.icrealtime.allie; className: android.widget.ProgressBar; text: null; error: null; maxTextLength: -1; contentDescription: null; viewIdResName: null; checkable: false; checked: false; focusable: false; focused: false; selected: false; clickable: false; longClickable: false; enabled: true; password: false; scrollable: false; actions: [AccessibilityAction: ACTION_SELECT - null, AccessibilityAction: ACTION_CLEAR_SELECTION - null, AccessibilityAction: ACTION_ACCESSIBILITY_FOCUS - null]]\
04-29 17:01:31.023 22560 22560 I QueryController: Matched selector: UiSelector[CLASS=android.widget.ProgressBar, INSTANCE=0] <<==>> [android.view.accessibility.AccessibilityNodeInfo@800e633b; boundsInParent: Rect(0, 0 - 96, 96); boundsInScreen: Rect(720, 1065 - 816, 1161); packageName: com.icrealtime.allie; className: android.widget.ProgressBar; text: null; error: null; maxTextLength: -1; contentDescription: null; viewIdResName: null; checkable: false; checked: false; focusable: false; focused: false; selected: false; clickable: false; longClickable: false; enabled: true; password: false; scrollable: false; actions: [AccessibilityAction: ACTION_SELECT - null, AccessibilityAction: ACTION_CLEAR_SELECTION - null, AccessibilityAction: ACTION_ACCESSIBILITY_FOCUS - null]]\
04-29 17:01:31.023 22560 22560 D UiObject: getText() = \
04-29 17:01:31.053  3419  3419 D StatusBar.NetworkController: refreshViews connected=\{ wifi \} level=0 combinedSignalIconId=0x7f02053f/com.android.systemui:drawable/stat_sys_wifi_signal_4 mobileLabel= wifiLabel="1503-5G" emergencyOnly=false combinedLabel="1503-5G" mAirplaneMode=false mDataActivity=0 mPhoneSignalIconId=0x0/(null) mQSPhoneSignalIconId=0x0/(null) mDataDirectionIconId=0x0/(null) mDataSignalIconId=0x0/(null) mDataTypeIconId=0x0/(null) mQSDataTypeIconId=0x0/(null) mNoSimIconId=0x0/(null) mWifiIconId=0x7f02053f/com.android.systemui:drawable/stat_sys_wifi_signal_4 mQSWifiIconId=0x7f02012e/com.android.systemui:drawable/ic_qs_wifi_4 mWifiActivityIconId=0x7f020507/com.android.systemui:drawable/stat_sys_signal_in mBluetoothTetherIconId=0x7f02051c/com.android.systemui:drawable/stat_sys_tether_bluetooth\
04-29 17:01:31.053  3419  3419 D STATUSBAR-WifiQuickSettingButton: onWifiSignalChanged enabled=true enabledDesc:"1503-5G"\
04-29 17:01:31.053  3419  3419 D StatusBar.NetworkController: refreshNwBoosterIndicator - setNWBoosterIndicators(false)\
04-29 17:01:31.053  3419  3419 D StatusBar.NetworkController: refreshNwBoosterIndicator - setNWBoosterIndicators(false)\
04-29 17:01:31.053  3419  3419 D StatusBar.NetworkController: refreshNwBoosterIndicator - setNWBoosterIndicators(false)\
04-29 17:01:31.053  3419  3419 D StatusBar.NetworkController: refreshNwBoosterIndicator - setNWBoosterIndicators(false)\
04-29 17:01:31.178 22560 22560 W AccessibilityNodeInfoDumper: Fetch time: 14ms\
04-29 17:01:31.218 22605 23982 D         : (null):0 ((null)): FQS 0\
04-29 17:01:31.218 22605 23982 D         : (null):0 ((null)): PQS 0\
04-29 17:01:31.218 22605 23982 D         : (null):0 ((null)): timerDelta:  408681\
04-29 17:01:31.298 22560 22560 I QueryController: Matched selector: UiSelector[CLASS=android.widget.ProgressBar, INSTANCE=0] <<==>> [android.view.accessibility.AccessibilityNodeInfo@800e633b; boundsInParent: Rect(0, 0 - 96, 96); boundsInScreen: Rect(720, 1065 - 816, 1161); packageName: com.icrealtime.allie; className: android.widget.ProgressBar; text: null; error: null; maxTextLength: -1; contentDescription: null; viewIdResName: null; checkable: false; checked: false; focusable: false; focused: false; selected: false; clickable: false; longClickable: false; enabled: true; password: false; scrollable: false; actions: [AccessibilityAction: ACTION_SELECT - null, AccessibilityAction: ACTION_CLEAR_SELECTION - null, AccessibilityAction: ACTION_ACCESSIBILITY_FOCUS - null]]\
04-29 17:01:31.418 22560 22560 I QueryController: Matched selector: UiSelector[CLASS=android.widget.ProgressBar, INSTANCE=0] <<==>> [android.view.accessibility.AccessibilityNodeInfo@800e633b; boundsInParent: Rect(0, 0 - 96, 96); boundsInScreen: Rect(720, 1065 - 816, 1161); packageName: com.icrealtime.allie; className: android.widget.ProgressBar; text: null; error: null; maxTextLength: -1; contentDescription: null; viewIdResName: null; checkable: false; checked: false; focusable: false; focused: false; selected: false; clickable: false; longClickable: false; enabled: true; password: false; scrollable: false; actions: [AccessibilityAction: ACTION_SELECT - null, AccessibilityAction: ACTION_CLEAR_SELECTION - null, AccessibilityAction: ACTION_ACCESSIBILITY_FOCUS - null]]\
04-29 17:01:31.418 22560 22560 D UiObject: getText() = \
04-29 17:01:31.483  3252  3360 D BatteryService: !@BatteryListener : batteryPropertiesChanged!\
04-29 17:01:31.483  3252  3360 D BatteryService: level:91, scale:100, status:3, health:2, present:true, voltage: 4191, temperature: 362, technology: Li-ion, AC powered:false, USB powered:true, POGO powered:false, Wireless powered:false, icon:17303382, invalid charger:0\
04-29 17:01:31.483  3252  3360 D BatteryService: online:4, current avg:-58, charge type:2, power sharing:false, high voltage charger:false, capacity:280000, current_now:-58\
04-29 17:01:31.483  3252  3252 D BatteryService: Sending ACTION_BATTERY_CHANGED.\
04-29 17:01:31.493  3419  3419 D KeyguardUpdateMonitor: received broadcast android.intent.action.BATTERY_CHANGED\
04-29 17:01:31.493  3419  3419 D KeyguardUpdateMonitor: handleBatteryUpdate\
04-29 17:01:31.493  3667  3667 V EmergencyMode: [EmergencyStateReceiver] onReceive : android.intent.action.BATTERY_CHANGED\
04-29 17:01:31.493  3667  3667 V EmergencyMode: [EmergencyStateReceiver] ACTION_BATTERY_CHANGED mBatteryLevelForLogging = 91\
04-29 17:01:31.513  4914  4914 V HeadsetService: HeadsetService - Received Intent.ACTION_BATTERY_CHANGED\
04-29 17:01:31.513  4914  5137 D HeadsetStateMachine: Disconnected process message: 10\
04-29 17:01:31.518  3419  3419 D BatteryMeterView: ACTION_BATTERY_CHANGED : level:91 status:3 health:2\
04-29 17:01:31.518  3419  3419 D BatteryMeterView: ACTION_BATTERY_CHANGED : level:91 status:3 health:2\
04-29 17:01:31.518  3419  3419 D BatteryMeterView: ACTION_BATTERY_CHANGED : level:91 status:3 health:2\
04-29 17:01:31.518  3419  3419 D CoverUpdateMonitor: received broadcast android.intent.action.BATTERY_CHANGED\
04-29 17:01:31.553  3252  3822 D ActivityManager: retrieveServiceLocked(): component = null; callingUser = 0; userId(target) = 0\
04-29 17:01:31.578 22560 22560 W AccessibilityNodeInfoDumper: Fetch time: 14ms\
04-29 17:01:31.638 22560 22560 I QueryController: Matched selector: UiSelector[CLASS=android.widget.ProgressBar, INSTANCE=0] <<==>> [android.view.accessibility.AccessibilityNodeInfo@800e633b; boundsInParent: Rect(0, 0 - 96, 96); boundsInScreen: Rect(720, 1065 - 816, 1161); packageName: com.icrealtime.allie; className: android.widget.ProgressBar; text: null; error: null; maxTextLength: -1; contentDescription: null; viewIdResName: null; checkable: false; checked: false; focusable: false; focused: false; selected: false; clickable: false; longClickable: false; enabled: true; password: false; scrollable: false; actions: [AccessibilityAction: ACTION_SELECT - null, AccessibilityAction: ACTION_CLEAR_SELECTION - null, AccessibilityAction: ACTION_ACCESSIBILITY_FOCUS - null]]\
04-29 17:01:31.823 22560 22560 I QueryController: Matched selector: UiSelector[CLASS=android.widget.ProgressBar, INSTANCE=0] <<==>> [android.view.accessibility.AccessibilityNodeInfo@800e633b; boundsInParent: Rect(0, 0 - 96, 96); boundsInScreen: Rect(720, 1065 - 816, 1161); packageName: com.icrealtime.allie; className: android.widget.ProgressBar; text: null; error: null; maxTextLength: -1; contentDescription: null; viewIdResName: null; checkable: false; checked: false; focusable: false; focused: false; selected: false; clickable: false; longClickable: false; enabled: true; password: false; scrollable: false; actions: [AccessibilityAction: ACTION_SELECT - null, AccessibilityAction: ACTION_CLEAR_SELECTION - null, AccessibilityAction: ACTION_ACCESSIBILITY_FOCUS - null]]\
04-29 17:01:31.823 22560 22560 D UiObject: getText() = \
04-29 17:01:31.863  3252  3822 D ActivityManager: retrieveServiceLocked(): component = null; callingUser = 0; userId(target) = 0\
04-29 17:01:31.863  3252  6863 D ActivityManager: retrieveServiceLocked(): component = null; callingUser = 0; userId(target) = 0\
04-29 17:01:31.918 22560 22560 W AccessibilityNodeInfoDumper: Fetch time: 13ms\
04-29 17:01:32.043 22560 22560 I QueryController: Matched selector: UiSelector[CLASS=android.widget.ProgressBar, INSTANCE=0] <<==>> [android.view.accessibility.AccessibilityNodeInfo@800e633b; boundsInParent: Rect(0, 0 - 96, 96); boundsInScreen: Rect(720, 1065 - 816, 1161); packageName: com.icrealtime.allie; className: android.widget.ProgressBar; text: null; error: null; maxTextLength: -1; contentDescription: null; viewIdResName: null; checkable: false; checked: false; focusable: false; focused: false; selected: false; clickable: false; longClickable: false; enabled: true; password: false; scrollable: false; actions: [AccessibilityAction: ACTION_SELECT - null, AccessibilityAction: ACTION_CLEAR_SELECTION - null, AccessibilityAction: ACTION_ACCESSIBILITY_FOCUS - null]]\
04-29 17:01:32.078 22605 23982 D         : (null):0 ((null)): FQS 0\
04-29 17:01:32.078 22605 23982 D         : (null):0 ((null)): PQS 0\
04-29 17:01:32.078 22605 23982 D         : (null):0 ((null)): timerDelta:  409534\
04-29 17:01:32.128 22560 22560 I QueryController: Matched selector: UiSelector[CLASS=android.widget.ProgressBar, INSTANCE=0] <<==>> [android.view.accessibility.AccessibilityNodeInfo@800e633b; boundsInParent: Rect(0, 0 - 96, 96); boundsInScreen: Rect(720, 1065 - 816, 1161); packageName: com.icrealtime.allie; className: android.widget.ProgressBar; text: null; error: null; maxTextLength: -1; contentDescription: null; viewIdResName: null; checkable: false; checked: false; focusable: false; focused: false; selected: false; clickable: false; longClickable: false; enabled: true; password: false; scrollable: false; actions: [AccessibilityAction: ACTION_SELECT - null, AccessibilityAction: ACTION_CLEAR_SELECTION - null, AccessibilityAction: ACTION_ACCESSIBILITY_FOCUS - null]]\
04-29 17:01:32.128 22560 22560 D UiObject: getText() = \
04-29 17:01:32.243 22560 22560 W AccessibilityNodeInfoDumper: Fetch time: 15ms\
04-29 17:01:32.318  3252  4968 D SSRM:n  : SIOP:: AP = 470, PST = 468 (W:30), CUR = -58, LCD = 147\
04-29 17:01:32.378 22560 22560 I QueryController: Matched selector: UiSelector[CLASS=android.widget.ProgressBar, INSTANCE=0] <<==>> [android.view.accessibility.AccessibilityNodeInfo@800e633b; boundsInParent: Rect(0, 0 - 96, 96); boundsInScreen: Rect(720, 1065 - 816, 1161); packageName: com.icrealtime.allie; className: android.widget.ProgressBar; text: null; error: null; maxTextLength: -1; contentDescription: null; viewIdResName: null; checkable: false; checked: false; focusable: false; focused: false; selected: false; clickable: false; longClickable: false; enabled: true; password: false; scrollable: false; actions: [AccessibilityAction: ACTION_SELECT - null, AccessibilityAction: ACTION_CLEAR_SELECTION - null, AccessibilityAction: ACTION_ACCESSIBILITY_FOCUS - null]]\
04-29 17:01:32.478  3252  6845 D ActivityManager: retrieveServiceLocked(): component = null; callingUser = 0; userId(target) = 0\
04-29 17:01:32.563 22560 22560 I QueryController: Matched selector: UiSelector[CLASS=android.widget.ProgressBar, INSTANCE=0] <<==>> [android.view.accessibility.AccessibilityNodeInfo@800e633b; boundsInParent: Rect(0, 0 - 96, 96); boundsInScreen: Rect(720, 1065 - 816, 1161); packageName: com.icrealtime.allie; className: android.widget.ProgressBar; text: null; error: null; maxTextLength: -1; contentDescription: null; viewIdResName: null; checkable: false; checked: false; focusable: false; focused: false; selected: false; clickable: false; longClickable: false; enabled: true; password: false; scrollable: false; actions: [AccessibilityAction: ACTION_SELECT - null, AccessibilityAction: ACTION_CLEAR_SELECTION - null, AccessibilityAction: ACTION_ACCESSIBILITY_FOCUS - null]]\
04-29 17:01:32.563 22560 22560 D UiObject: getText() = \
04-29 17:01:32.678 22560 22560 W AccessibilityNodeInfoDumper: Fetch time: 15ms\
04-29 17:01:32.783  3252  6862 D ActivityManager: retrieveServiceLocked(): component = null; callingUser = 0; userId(target) = 0\
04-29 17:01:32.798 22560 22560 I QueryController: Matched selector: UiSelector[CLASS=android.widget.ProgressBar, INSTANCE=0] <<==>> [android.view.accessibility.AccessibilityNodeInfo@800e633b; boundsInParent: Rect(0, 0 - 96, 96); boundsInScreen: Rect(720, 1065 - 816, 1161); packageName: com.icrealtime.allie; className: android.widget.ProgressBar; text: null; error: null; maxTextLength: -1; contentDescription: null; viewIdResName: null; checkable: false; checked: false; focusable: false; focused: false; selected: false; clickable: false; longClickable: false; enabled: true; password: false; scrollable: false; actions: [AccessibilityAction: ACTION_SELECT - null, AccessibilityAction: ACTION_CLEAR_SELECTION - null, AccessibilityAction: ACTION_ACCESSIBILITY_FOCUS - null]]\
04-29 17:01:32.878 22560 22560 I QueryController: Matched selector: UiSelector[CLASS=android.widget.ProgressBar, INSTANCE=0] <<==>> [android.view.accessibility.AccessibilityNodeInfo@800e633b; boundsInParent: Rect(0, 0 - 96, 96); boundsInScreen: Rect(720, 1065 - 816, 1161); packageName: com.icrealtime.allie; className: android.widget.ProgressBar; text: null; error: null; maxTextLength: -1; contentDescription: null; viewIdResName: null; checkable: false; checked: false; focusable: false; focused: false; selected: false; clickable: false; longClickable: false; enabled: true; password: false; scrollable: false; actions: [AccessibilityAction: ACTION_SELECT - null, AccessibilityAction: ACTION_CLEAR_SELECTION - null, AccessibilityAction: ACTION_ACCESSIBILITY_FOCUS - null]]\
04-29 17:01:32.878 22560 22560 D UiObject: getText() = \
04-29 17:01:32.923 22605 23982 D         : (null):0 ((null)): FQS 0\
04-29 17:01:32.923 22605 23982 D         : (null):0 ((null)): PQS 0\
04-29 17:01:32.923 22605 23982 D         : (null):0 ((null)): timerDelta:  410387\
04-29 17:01:33.328 22560 22560 W AccessibilityNodeInfoDumper: Fetch time: 17ms\
04-29 17:01:33.463 22560 22560 I QueryController: Matched selector: UiSelector[CLASS=android.widget.ProgressBar, INSTANCE=0] <<==>> [android.view.accessibility.AccessibilityNodeInfo@800e633b; boundsInParent: Rect(0, 0 - 96, 96); boundsInScreen: Rect(720, 1065 - 816, 1161); packageName: com.icrealtime.allie; className: android.widget.ProgressBar; text: null; error: null; maxTextLength: -1; contentDescription: null; viewIdResName: null; checkable: false; checked: false; focusable: false; focused: false; selected: false; clickable: false; longClickable: false; enabled: true; password: false; scrollable: false; actions: [AccessibilityAction: ACTION_SELECT - null, AccessibilityAction: ACTION_CLEAR_SELECTION - null, AccessibilityAction: ACTION_ACCESSIBILITY_FOCUS - null]]\
04-29 17:01:33.628 22560 22560 I QueryController: Matched selector: UiSelector[CLASS=android.widget.ProgressBar, INSTANCE=0] <<==>> [android.view.accessibility.AccessibilityNodeInfo@800e633b; boundsInParent: Rect(0, 0 - 96, 96); boundsInScreen: Rect(720, 1065 - 816, 1161); packageName: com.icrealtime.allie; className: android.widget.ProgressBar; text: null; error: null; maxTextLength: -1; contentDescription: null; viewIdResName: null; checkable: false; checked: false; focusable: false; focused: false; selected: false; clickable: false; longClickable: false; enabled: true; password: false; scrollable: false; actions: [AccessibilityAction: ACTION_SELECT - null, AccessibilityAction: ACTION_CLEAR_SELECTION - null, AccessibilityAction: ACTION_ACCESSIBILITY_FOCUS - null]]\
04-29 17:01:33.628 22560 22560 D UiObject: getText() = \
04-29 17:01:33.748 22560 22560 W AccessibilityNodeInfoDumper: Fetch time: 17ms\
04-29 17:01:33.768 22605 23982 D         : (null):0 ((null)): FQS 0\
04-29 17:01:33.768 22605 23982 D         : (null):0 ((null)): PQS 0\
04-29 17:01:33.768 22605 23982 D         : (null):0 ((null)): timerDelta:  411231\
04-29 17:01:33.868 22560 22560 I QueryController: Matched selector: UiSelector[CLASS=android.widget.ProgressBar, INSTANCE=0] <<==>> [android.view.accessibility.AccessibilityNodeInfo@800e633b; boundsInParent: Rect(0, 0 - 96, 96); boundsInScreen: Rect(720, 1065 - 816, 1161); packageName: com.icrealtime.allie; className: android.widget.ProgressBar; text: null; error: null; maxTextLength: -1; contentDescription: null; viewIdResName: null; checkable: false; checked: false; focusable: false; focused: false; selected: false; clickable: false; longClickable: false; enabled: true; password: false; scrollable: false; actions: [AccessibilityAction: ACTION_SELECT - null, AccessibilityAction: ACTION_CLEAR_SELECTION - null, AccessibilityAction: ACTION_ACCESSIBILITY_FOCUS - null]]\
04-29 17:01:33.953 22560 22560 I QueryController: Matched selector: UiSelector[CLASS=android.widget.ProgressBar, INSTANCE=0] <<==>> [android.view.accessibility.AccessibilityNodeInfo@800e633b; boundsInParent: Rect(0, 0 - 96, 96); boundsInScreen: Rect(720, 1065 - 816, 1161); packageName: com.icrealtime.allie; className: android.widget.ProgressBar; text: null; error: null; maxTextLength: -1; contentDescription: null; viewIdResName: null; checkable: false; checked: false; focusable: false; focused: false; selected: false; clickable: false; longClickable: false; enabled: true; password: false; scrollable: false; actions: [AccessibilityAction: ACTION_SELECT - null, AccessibilityAction: ACTION_CLEAR_SELECTION - null, AccessibilityAction: ACTION_ACCESSIBILITY_FOCUS - null]]\
04-29 17:01:33.953 22560 22560 D UiObject: getText() = \
04-29 17:01:34.058  3419  3419 D StatusBar.NetworkController: refreshViews connected=\{ wifi \} level=0 combinedSignalIconId=0x7f02053f/com.android.systemui:drawable/stat_sys_wifi_signal_4 mobileLabel= wifiLabel="1503-5G" emergencyOnly=false combinedLabel="1503-5G" mAirplaneMode=false mDataActivity=0 mPhoneSignalIconId=0x0/(null) mQSPhoneSignalIconId=0x0/(null) mDataDirectionIconId=0x0/(null) mDataSignalIconId=0x0/(null) mDataTypeIconId=0x0/(null) mQSDataTypeIconId=0x0/(null) mNoSimIconId=0x0/(null) mWifiIconId=0x7f02053f/com.android.systemui:drawable/stat_sys_wifi_signal_4 mQSWifiIconId=0x7f02012e/com.android.systemui:drawable/ic_qs_wifi_4 mWifiActivityIconId=0x7f02050c/com.android.systemui:drawable/stat_sys_signal_no_inout mBluetoothTetherIconId=0x7f02051c/com.android.systemui:drawable/stat_sys_tether_bluetooth\
04-29 17:01:34.058  3419  3419 D STATUSBAR-WifiQuickSettingButton: onWifiSignalChanged enabled=true enabledDesc:"1503-5G"\
04-29 17:01:34.058  3419  3419 D StatusBar.NetworkController: refreshNwBoosterIndicator - setNWBoosterIndicators(false)\
04-29 17:01:34.063  3419  3419 D StatusBar.NetworkController: refreshNwBoosterIndicator - setNWBoosterIndicators(false)\
04-29 17:01:34.063  3419  3419 D StatusBar.NetworkController: refreshNwBoosterIndicator - setNWBoosterIndicators(false)\
04-29 17:01:34.063  3419  3419 D StatusBar.NetworkController: refreshNwBoosterIndicator - setNWBoosterIndicators(false)\
04-29 17:01:34.223 22560 22560 W AccessibilityNodeInfoDumper: Fetch time: 16ms\
04-29 17:01:34.303 22560 22560 I QueryController: Matched selector: UiSelector[CLASS=android.widget.ProgressBar, INSTANCE=0] <<==>> [android.view.accessibility.AccessibilityNodeInfo@800e633b; boundsInParent: Rect(0, 0 - 96, 96); boundsInScreen: Rect(720, 1065 - 816, 1161); packageName: com.icrealtime.allie; className: android.widget.ProgressBar; text: null; error: null; maxTextLength: -1; contentDescription: null; viewIdResName: null; checkable: false; checked: false; focusable: false; focused: false; selected: false; clickable: false; longClickable: false; enabled: true; password: false; scrollable: false; actions: [AccessibilityAction: ACTION_SELECT - null, AccessibilityAction: ACTION_CLEAR_SELECTION - null, AccessibilityAction: ACTION_ACCESSIBILITY_FOCUS - null]]\
04-29 17:01:34.473 22560 22560 I QueryController: Matched selector: UiSelector[CLASS=android.widget.ProgressBar, INSTANCE=0] <<==>> [android.view.accessibility.AccessibilityNodeInfo@800e633b; boundsInParent: Rect(0, 0 - 96, 96); boundsInScreen: Rect(720, 1065 - 816, 1161); packageName: com.icrealtime.allie; className: android.widget.ProgressBar; text: null; error: null; maxTextLength: -1; contentDescription: null; viewIdResName: null; checkable: false; checked: false; focusable: false; focused: false; selected: false; clickable: false; longClickable: false; enabled: true; password: false; scrollable: false; actions: [AccessibilityAction: ACTION_SELECT - null, AccessibilityAction: ACTION_CLEAR_SELECTION - null, AccessibilityAction: ACTION_ACCESSIBILITY_FOCUS - null]]\
04-29 17:01:34.473 22560 22560 D UiObject: getText() = \
04-29 17:01:34.613 22605 23982 D         : (null):0 ((null)): FQS 0\
04-29 17:01:34.613 22605 23982 D         : (null):0 ((null)): PQS 0\
04-29 17:01:34.613 22605 23982 D         : (null):0 ((null)): timerDelta:  412076\
04-29 17:01:34.658 22560 22560 W AccessibilityNodeInfoDumper: Fetch time: 15ms\
04-29 17:01:34.778 13893 13917 I Quasar  : start to send events\
04-29 17:01:34.798 22560 22560 I QueryController: Matched selector: UiSelector[CLASS=android.widget.ProgressBar, INSTANCE=0] <<==>> [android.view.accessibility.AccessibilityNodeInfo@800e633b; boundsInParent: Rect(0, 0 - 96, 96); boundsInScreen: Rect(720, 1065 - 816, 1161); packageName: com.icrealtime.allie; className: android.widget.ProgressBar; text: null; error: null; maxTextLength: -1; contentDescription: null; viewIdResName: null; checkable: false; checked: false; focusable: false; focused: false; selected: false; clickable: false; longClickable: false; enabled: true; password: false; scrollable: false; actions: [AccessibilityAction: ACTION_SELECT - null, AccessibilityAction: ACTION_CLEAR_SELECTION - null, AccessibilityAction: ACTION_ACCESSIBILITY_FOCUS - null]]\
04-29 17:01:34.913 22560 22560 I QueryController: Matched selector: UiSelector[CLASS=android.widget.ProgressBar, INSTANCE=0] <<==>> [android.view.accessibility.AccessibilityNodeInfo@800e633b; boundsInParent: Rect(0, 0 - 96, 96); boundsInScreen: Rect(720, 1065 - 816, 1161); packageName: com.icrealtime.allie; className: android.widget.ProgressBar; text: null; error: null; maxTextLength: -1; contentDescription: null; viewIdResName: null; checkable: false; checked: false; focusable: false; focused: false; selected: false; clickable: false; longClickable: false; enabled: true; password: false; scrollable: false; actions: [AccessibilityAction: ACTION_SELECT - null, AccessibilityAction: ACTION_CLEAR_SELECTION - null, AccessibilityAction: ACTION_ACCESSIBILITY_FOCUS - null]]\
04-29 17:01:34.913 22560 22560 D UiObject: getText() = \
04-29 17:01:35.163 22560 22560 W AccessibilityNodeInfoDumper: Fetch time: 15ms\
04-29 17:01:35.233 22560 22560 I QueryController: Matched selector: UiSelector[CLASS=android.widget.ProgressBar, INSTANCE=0] <<==>> [android.view.accessibility.AccessibilityNodeInfo@800e633b; boundsInParent: Rect(0, 0 - 96, 96); boundsInScreen: Rect(720, 1065 - 816, 1161); packageName: com.icrealtime.allie; className: android.widget.ProgressBar; text: null; error: null; maxTextLength: -1; contentDescription: null; viewIdResName: null; checkable: false; checked: false; focusable: false; focused: false; selected: false; clickable: false; longClickable: false; enabled: true; password: false; scrollable: false; actions: [AccessibilityAction: ACTION_SELECT - null, AccessibilityAction: ACTION_CLEAR_SELECTION - null, AccessibilityAction: ACTION_ACCESSIBILITY_FOCUS - null]]\
04-29 17:01:35.453 22560 22560 I QueryController: Matched selector: UiSelector[CLASS=android.widget.ProgressBar, INSTANCE=0] <<==>> [android.view.accessibility.AccessibilityNodeInfo@800e633b; boundsInParent: Rect(0, 0 - 96, 96); boundsInScreen: Rect(720, 1065 - 816, 1161); packageName: com.icrealtime.allie; className: android.widget.ProgressBar; text: null; error: null; maxTextLength: -1; contentDescription: null; viewIdResName: null; checkable: false; checked: false; focusable: false; focused: false; selected: false; clickable: false; longClickable: false; enabled: true; password: false; scrollable: false; actions: [AccessibilityAction: ACTION_SELECT - null, AccessibilityAction: ACTION_CLEAR_SELECTION - null, AccessibilityAction: ACTION_ACCESSIBILITY_FOCUS - null]]\
04-29 17:01:35.453 22560 22560 D UiObject: getText() = \
04-29 17:01:35.458 22605 23982 D         : (null):0 ((null)): FQS 0\
04-29 17:01:35.458 22605 23982 D         : (null):0 ((null)): PQS 0\
04-29 17:01:35.458 22605 23982 D         : (null):0 ((null)): timerDelta:  412920\
04-29 17:01:35.558  3252  6862 D ActivityManager: retrieveServiceLocked(): component = null; callingUser = 0; userId(target) = 0\
04-29 17:01:35.638 22560 22560 W AccessibilityNodeInfoDumper: Fetch time: 12ms\
04-29 17:01:35.758 22560 22560 I QueryController: Matched selector: UiSelector[CLASS=android.widget.ProgressBar, INSTANCE=0] <<==>> [android.view.accessibility.AccessibilityNodeInfo@800e633b; boundsInParent: Rect(0, 0 - 96, 96); boundsInScreen: Rect(720, 1065 - 816, 1161); packageName: com.icrealtime.allie; className: android.widget.ProgressBar; text: null; error: null; maxTextLength: -1; contentDescription: null; viewIdResName: null; checkable: false; checked: false; focusable: false; focused: false; selected: false; clickable: false; longClickable: false; enabled: true; password: false; scrollable: false; actions: [AccessibilityAction: ACTION_SELECT - null, AccessibilityAction: ACTION_CLEAR_SELECTION - null, AccessibilityAction: ACTION_ACCESSIBILITY_FOCUS - null]]\
04-29 17:01:35.843 22560 22560 I QueryController: Matched selector: UiSelector[CLASS=android.widget.ProgressBar, INSTANCE=0] <<==>> [android.view.accessibility.AccessibilityNodeInfo@800e633b; boundsInParent: Rect(0, 0 - 96, 96); boundsInScreen: Rect(720, 1065 - 816, 1161); packageName: com.icrealtime.allie; className: android.widget.ProgressBar; text: null; error: null; maxTextLength: -1; contentDescription: null; viewIdResName: null; checkable: false; checked: false; focusable: false; focused: false; selected: false; clickable: false; longClickable: false; enabled: true; password: false; scrollable: false; actions: [AccessibilityAction: ACTION_SELECT - null, AccessibilityAction: ACTION_CLEAR_SELECTION - null, AccessibilityAction: ACTION_ACCESSIBILITY_FOCUS - null]]\
04-29 17:01:35.843 22560 22560 D UiObject: getText() = \
04-29 17:01:36.063  3419  3419 D StatusBar.NetworkController: refreshViews connected=\{ wifi \} level=0 combinedSignalIconId=0x7f02053f/com.android.systemui:drawable/stat_sys_wifi_signal_4 mobileLabel= wifiLabel="1503-5G" emergencyOnly=false combinedLabel="1503-5G" mAirplaneMode=false mDataActivity=0 mPhoneSignalIconId=0x0/(null) mQSPhoneSignalIconId=0x0/(null) mDataDirectionIconId=0x0/(null) mDataSignalIconId=0x0/(null) mDataTypeIconId=0x0/(null) mQSDataTypeIconId=0x0/(null) mNoSimIconId=0x0/(null) mWifiIconId=0x7f02053f/com.android.systemui:drawable/stat_sys_wifi_signal_4 mQSWifiIconId=0x7f02012e/com.android.systemui:drawable/ic_qs_wifi_4 mWifiActivityIconId=0x7f020507/com.android.systemui:drawable/stat_sys_signal_in mBluetoothTetherIconId=0x7f02051c/com.android.systemui:drawable/stat_sys_tether_bluetooth\
04-29 17:01:36.063  3419  3419 D STATUSBAR-WifiQuickSettingButton: onWifiSignalChanged enabled=true enabledDesc:"1503-5G"\
04-29 17:01:36.063  3419  3419 D StatusBar.NetworkController: refreshNwBoosterIndicator - setNWBoosterIndicators(false)\
04-29 17:01:36.063  3419  3419 D StatusBar.NetworkController: refreshNwBoosterIndicator - setNWBoosterIndicators(false)\
04-29 17:01:36.063  3419  3419 D StatusBar.NetworkController: refreshNwBoosterIndicator - setNWBoosterIndicators(false)\
04-29 17:01:36.063  3419  3419 D StatusBar.NetworkController: refreshNwBoosterIndicator - setNWBoosterIndicators(false)\
04-29 17:01:36.113 22560 22560 W AccessibilityNodeInfoDumper: Fetch time: 16ms\
04-29 17:01:36.163  3252  3525 D ActivityManager: retrieveServiceLocked(): component = null; callingUser = 0; userId(target) = 0\
04-29 17:01:36.178 22560 22560 I QueryController: Matched selector: UiSelector[CLASS=android.widget.ProgressBar, INSTANCE=0] <<==>> [android.view.accessibility.AccessibilityNodeInfo@800e633b; boundsInParent: Rect(0, 0 - 96, 96); boundsInScreen: Rect(720, 1065 - 816, 1161); packageName: com.icrealtime.allie; className: android.widget.ProgressBar; text: null; error: null; maxTextLength: -1; contentDescription: null; viewIdResName: null; checkable: false; checked: false; focusable: false; focused: false; selected: false; clickable: false; longClickable: false; enabled: true; password: false; scrollable: false; actions: [AccessibilityAction: ACTION_SELECT - null, AccessibilityAction: ACTION_CLEAR_SELECTION - null, AccessibilityAction: ACTION_ACCESSIBILITY_FOCUS - null]]\
04-29 17:01:36.278 22560 22560 I QueryController: Matched selector: UiSelector[CLASS=android.widget.ProgressBar, INSTANCE=0] <<==>> [android.view.accessibility.AccessibilityNodeInfo@800e633b; boundsInParent: Rect(0, 0 - 96, 96); boundsInScreen: Rect(720, 1065 - 816, 1161); packageName: com.icrealtime.allie; className: android.widget.ProgressBar; text: null; error: null; maxTextLength: -1; contentDescription: null; viewIdResName: null; checkable: false; checked: false; focusable: false; focused: false; selected: false; clickable: false; longClickable: false; enabled: true; password: false; scrollable: false; actions: [AccessibilityAction: ACTION_SELECT - null, AccessibilityAction: ACTION_CLEAR_SELECTION - null, AccessibilityAction: ACTION_ACCESSIBILITY_FOCUS - null]]\
04-29 17:01:36.278 22560 22560 D UiObject: getText() = \
04-29 17:01:36.303 22605 23982 D         : (null):0 ((null)): FQS 0\
04-29 17:01:36.303 22605 23982 D         : (null):0 ((null)): PQS 0\
04-29 17:01:36.303 22605 23982 D         : (null):0 ((null)): timerDelta:  413764\
04-29 17:01:36.488 22560 22560 W AccessibilityNodeInfoDumper: Fetch time: 16ms\
04-29 17:01:36.618 22560 22560 I QueryController: Matched selector: UiSelector[CLASS=android.widget.ProgressBar, INSTANCE=0] <<==>> [android.view.accessibility.AccessibilityNodeInfo@800e633b; boundsInParent: Rect(0, 0 - 96, 96); boundsInScreen: Rect(720, 1065 - 816, 1161); packageName: com.icrealtime.allie; className: android.widget.ProgressBar; text: null; error: null; maxTextLength: -1; contentDescription: null; viewIdResName: null; checkable: false; checked: false; focusable: false; focused: false; selected: false; clickable: false; longClickable: false; enabled: true; password: false; scrollable: false; actions: [AccessibilityAction: ACTION_SELECT - null, AccessibilityAction: ACTION_CLEAR_SELECTION - null, AccessibilityAction: ACTION_ACCESSIBILITY_FOCUS - null]]\
04-29 17:01:36.768 22560 22560 I QueryController: Matched selector: UiSelector[CLASS=android.widget.ProgressBar, INSTANCE=0] <<==>> [android.view.accessibility.AccessibilityNodeInfo@800e633b; boundsInParent: Rect(0, 0 - 96, 96); boundsInScreen: Rect(720, 1065 - 816, 1161); packageName: com.icrealtime.allie; className: android.widget.ProgressBar; text: null; error: null; maxTextLength: -1; contentDescription: null; viewIdResName: null; checkable: false; checked: false; focusable: false; focused: false; selected: false; clickable: false; longClickable: false; enabled: true; password: false; scrollable: false; actions: [AccessibilityAction: ACTION_SELECT - null, AccessibilityAction: ACTION_CLEAR_SELECTION - null, AccessibilityAction: ACTION_ACCESSIBILITY_FOCUS - null]]\
04-29 17:01:36.768 22560 22560 D UiObject: getText() = \
04-29 17:01:36.938 22560 22560 W AccessibilityNodeInfoDumper: Fetch time: 14ms\
04-29 17:01:37.078 22560 22560 I QueryController: Matched selector: UiSelector[CLASS=android.widget.ProgressBar, INSTANCE=0] <<==>> [android.view.accessibility.AccessibilityNodeInfo@800e633b; boundsInParent: Rect(0, 0 - 96, 96); boundsInScreen: Rect(720, 1065 - 816, 1161); packageName: com.icrealtime.allie; className: android.widget.ProgressBar; text: null; error: null; maxTextLength: -1; contentDescription: null; viewIdResName: null; checkable: false; checked: false; focusable: false; focused: false; selected: false; clickable: false; longClickable: false; enabled: true; password: false; scrollable: false; actions: [AccessibilityAction: ACTION_SELECT - null, AccessibilityAction: ACTION_CLEAR_SELECTION - null, AccessibilityAction: ACTION_ACCESSIBILITY_FOCUS - null]]\
04-29 17:01:37.148 22605 23982 D         : (null):0 ((null)): FQS 0\
04-29 17:01:37.148 22605 23982 D         : (null):0 ((null)): PQS 0\
04-29 17:01:37.148 22605 23982 D         : (null):0 ((null)): timerDelta:  414609\
04-29 17:01:37.228 22560 22560 I QueryController: Matched selector: UiSelector[CLASS=android.widget.ProgressBar, INSTANCE=0] <<==>> [android.view.accessibility.AccessibilityNodeInfo@800e633b; boundsInParent: Rect(0, 0 - 96, 96); boundsInScreen: Rect(720, 1065 - 816, 1161); packageName: com.icrealtime.allie; className: android.widget.ProgressBar; text: null; error: null; maxTextLength: -1; contentDescription: null; viewIdResName: null; checkable: false; checked: false; focusable: false; focused: false; selected: false; clickable: false; longClickable: false; enabled: true; password: false; scrollable: false; actions: [AccessibilityAction: ACTION_SELECT - null, AccessibilityAction: ACTION_CLEAR_SELECTION - null, AccessibilityAction: ACTION_ACCESSIBILITY_FOCUS - null]]\
04-29 17:01:37.228 22560 22560 D UiObject: getText() = \
04-29 17:01:37.373 22560 22560 W AccessibilityNodeInfoDumper: Fetch time: 12ms\
04-29 17:01:37.398  3252  3542 D ActivityManager: retrieveServiceLocked(): component = null; callingUser = 0; userId(target) = 0\
04-29 17:01:37.478 22560 22560 I QueryController: Matched selector: UiSelector[CLASS=android.widget.ProgressBar, INSTANCE=0] <<==>> [android.view.accessibility.AccessibilityNodeInfo@800e633b; boundsInParent: Rect(0, 0 - 96, 96); boundsInScreen: Rect(720, 1065 - 816, 1161); packageName: com.icrealtime.allie; className: android.widget.ProgressBar; text: null; error: null; maxTextLength: -1; contentDescription: null; viewIdResName: null; checkable: false; checked: false; focusable: false; focused: false; selected: false; clickable: false; longClickable: false; enabled: true; password: false; scrollable: false; actions: [AccessibilityAction: ACTION_SELECT - null, AccessibilityAction: ACTION_CLEAR_SELECTION - null, AccessibilityAction: ACTION_ACCESSIBILITY_FOCUS - null]]\
04-29 17:01:37.568 22560 22560 I QueryController: Matched selector: UiSelector[CLASS=android.widget.ProgressBar, INSTANCE=0] <<==>> [android.view.accessibility.AccessibilityNodeInfo@800e633b; boundsInParent: Rect(0, 0 - 96, 96); boundsInScreen: Rect(720, 1065 - 816, 1161); packageName: com.icrealtime.allie; className: android.widget.ProgressBar; text: null; error: null; maxTextLength: -1; contentDescription: null; viewIdResName: null; checkable: false; checked: false; focusable: false; focused: false; selected: false; clickable: false; longClickable: false; enabled: true; password: false; scrollable: false; actions: [AccessibilityAction: ACTION_SELECT - null, AccessibilityAction: ACTION_CLEAR_SELECTION - null, AccessibilityAction: ACTION_ACCESSIBILITY_FOCUS - null]]\
04-29 17:01:37.568 22560 22560 D UiObject: getText() = \
04-29 17:01:37.698  3252  3720 D ActivityManager: retrieveServiceLocked(): component = null; callingUser = 0; userId(target) = 0\
04-29 17:01:37.798 22560 22560 W AccessibilityNodeInfoDumper: Fetch time: 16ms\
04-29 17:01:37.933 22560 22560 I QueryController: Matched selector: UiSelector[CLASS=android.widget.ProgressBar, INSTANCE=0] <<==>> [android.view.accessibility.AccessibilityNodeInfo@800e633b; boundsInParent: Rect(0, 0 - 96, 96); boundsInScreen: Rect(720, 1065 - 816, 1161); packageName: com.icrealtime.allie; className: android.widget.ProgressBar; text: null; error: null; maxTextLength: -1; contentDescription: null; viewIdResName: null; checkable: false; checked: false; focusable: false; focused: false; selected: false; clickable: false; longClickable: false; enabled: true; password: false; scrollable: false; actions: [AccessibilityAction: ACTION_SELECT - null, AccessibilityAction: ACTION_CLEAR_SELECTION - null, AccessibilityAction: ACTION_ACCESSIBILITY_FOCUS - null]]\
04-29 17:01:38.008 22605 23982 D         : (null):0 ((null)): FQS 0\
04-29 17:01:38.008 22605 23982 D         : (null):0 ((null)): PQS 0\
04-29 17:01:38.008 22605 23982 D         : (null):0 ((null)): timerDelta:  415466\
04-29 17:01:38.013  3252  3265 D ActivityManager: retrieveServiceLocked(): component = null; callingUser = 0; userId(target) = 0\
04-29 17:01:38.038 22560 22560 I QueryController: Matched selector: UiSelector[CLASS=android.widget.ProgressBar, INSTANCE=0] <<==>> [android.view.accessibility.AccessibilityNodeInfo@800e633b; boundsInParent: Rect(0, 0 - 96, 96); boundsInScreen: Rect(720, 1065 - 816, 1161); packageName: com.icrealtime.allie; className: android.widget.ProgressBar; text: null; error: null; maxTextLength: -1; contentDescription: null; viewIdResName: null; checkable: false; checked: false; focusable: false; focused: false; selected: false; clickable: false; longClickable: false; enabled: true; password: false; scrollable: false; actions: [AccessibilityAction: ACTION_SELECT - null, AccessibilityAction: ACTION_CLEAR_SELECTION - null, AccessibilityAction: ACTION_ACCESSIBILITY_FOCUS - null]]\
04-29 17:01:38.038 22560 22560 D UiObject: getText() = \
04-29 17:01:38.193 22560 22560 W AccessibilityNodeInfoDumper: Fetch time: 17ms\
04-29 17:01:38.323 22560 22560 I QueryController: Matched selector: UiSelector[CLASS=android.widget.ProgressBar, INSTANCE=0] <<==>> [android.view.accessibility.AccessibilityNodeInfo@800e633b; boundsInParent: Rect(0, 0 - 96, 96); boundsInScreen: Rect(720, 1065 - 816, 1161); packageName: com.icrealtime.allie; className: android.widget.ProgressBar; text: null; error: null; maxTextLength: -1; contentDescription: null; viewIdResName: null; checkable: false; checked: false; focusable: false; focused: false; selected: false; clickable: false; longClickable: false; enabled: true; password: false; scrollable: false; actions: [AccessibilityAction: ACTION_SELECT - null, AccessibilityAction: ACTION_CLEAR_SELECTION - null, AccessibilityAction: ACTION_ACCESSIBILITY_FOCUS - null]]\
04-29 17:01:38.393 22560 22560 I QueryController: Matched selector: UiSelector[CLASS=android.widget.ProgressBar, INSTANCE=0] <<==>> [android.view.accessibility.AccessibilityNodeInfo@800e633b; boundsInParent: Rect(0, 0 - 96, 96); boundsInScreen: Rect(720, 1065 - 816, 1161); packageName: com.icrealtime.allie; className: android.widget.ProgressBar; text: null; error: null; maxTextLength: -1; contentDescription: null; viewIdResName: null; checkable: false; checked: false; focusable: false; focused: false; selected: false; clickable: false; longClickable: false; enabled: true; password: false; scrollable: false; actions: [AccessibilityAction: ACTION_SELECT - null, AccessibilityAction: ACTION_CLEAR_SELECTION - null, AccessibilityAction: ACTION_ACCESSIBILITY_FOCUS - null]]\
04-29 17:01:38.393 22560 22560 D UiObject: getText() = \
04-29 17:01:38.493 22560 22560 W AccessibilityNodeInfoDumper: Fetch time: 15ms\
04-29 17:01:38.558 22560 22560 I QueryController: Matched selector: UiSelector[CLASS=android.widget.ProgressBar, INSTANCE=0] <<==>> [android.view.accessibility.AccessibilityNodeInfo@800e633b; boundsInParent: Rect(0, 0 - 96, 96); boundsInScreen: Rect(720, 1065 - 816, 1161); packageName: com.icrealtime.allie; className: android.widget.ProgressBar; text: null; error: null; maxTextLength: -1; contentDescription: null; viewIdResName: null; checkable: false; checked: false; focusable: false; focused: false; selected: false; clickable: false; longClickable: false; enabled: true; password: false; scrollable: false; actions: [AccessibilityAction: ACTION_SELECT - null, AccessibilityAction: ACTION_CLEAR_SELECTION - null, AccessibilityAction: ACTION_ACCESSIBILITY_FOCUS - null]]\
04-29 17:01:38.623  3252  6863 D ActivityManager: retrieveServiceLocked(): component = null; callingUser = 0; userId(target) = 0\
04-29 17:01:38.833 22560 22560 I QueryController: Matched selector: UiSelector[CLASS=android.widget.ProgressBar, INSTANCE=0] <<==>> [android.view.accessibility.AccessibilityNodeInfo@800e633b; boundsInParent: Rect(0, 0 - 96, 96); boundsInScreen: Rect(720, 1065 - 816, 1161); packageName: com.icrealtime.allie; className: android.widget.ProgressBar; text: null; error: null; maxTextLength: -1; contentDescription: null; viewIdResName: null; checkable: false; checked: false; focusable: false; focused: false; selected: false; clickable: false; longClickable: false; enabled: true; password: false; scrollable: false; actions: [AccessibilityAction: ACTION_SELECT - null, AccessibilityAction: ACTION_CLEAR_SELECTION - null, AccessibilityAction: ACTION_ACCESSIBILITY_FOCUS - null]]\
04-29 17:01:38.833 22560 22560 D UiObject: getText() = \
04-29 17:01:38.853 22605 23982 D         : (null):0 ((null)): FQS 0\
04-29 17:01:38.853 22605 23982 D         : (null):0 ((null)): PQS 0\
04-29 17:01:38.853 22605 23982 D         : (null):0 ((null)): timerDelta:  416314\
04-29 17:01:38.928  3252  6863 D ActivityManager: retrieveServiceLocked(): component = null; callingUser = 0; userId(target) = 0\
04-29 17:01:38.933  3252  3265 D ActivityManager: retrieveServiceLocked(): component = null; callingUser = 0; userId(target) = 0\
04-29 17:01:39.008 22560 22560 W AccessibilityNodeInfoDumper: Fetch time: 13ms\
04-29 17:01:39.133 22560 22560 I QueryController: Matched selector: UiSelector[CLASS=android.widget.ProgressBar, INSTANCE=0] <<==>> [android.view.accessibility.AccessibilityNodeInfo@800e633b; boundsInParent: Rect(0, 0 - 96, 96); boundsInScreen: Rect(720, 1065 - 816, 1161); packageName: com.icrealtime.allie; className: android.widget.ProgressBar; text: null; error: null; maxTextLength: -1; contentDescription: null; viewIdResName: null; checkable: false; checked: false; focusable: false; focused: false; selected: false; clickable: false; longClickable: false; enabled: true; password: false; scrollable: false; actions: [AccessibilityAction: ACTION_SELECT - null, AccessibilityAction: ACTION_CLEAR_SELECTION - null, AccessibilityAction: ACTION_ACCESSIBILITY_FOCUS - null]]\
04-29 17:01:39.678 22560 22560 I QueryController: Matched selector: UiSelector[CLASS=android.widget.ProgressBar, INSTANCE=0] <<==>> [android.view.accessibility.AccessibilityNodeInfo@800e633b; boundsInParent: Rect(0, 0 - 96, 96); boundsInScreen: Rect(720, 1065 - 816, 1161); packageName: com.icrealtime.allie; className: android.widget.ProgressBar; text: null; error: null; maxTextLength: -1; contentDescription: null; viewIdResName: null; checkable: false; checked: false; focusable: false; focused: false; selected: false; clickable: false; longClickable: false; enabled: true; password: false; scrollable: false; actions: [AccessibilityAction: ACTION_SELECT - null, AccessibilityAction: ACTION_CLEAR_SELECTION - null, AccessibilityAction: ACTION_ACCESSIBILITY_FOCUS - null]]\
04-29 17:01:39.678 22560 22560 D UiObject: getText() = \
04-29 17:01:39.698 22605 23982 D         : (null):0 ((null)): FQS 0\
04-29 17:01:39.698 22605 23982 D         : (null):0 ((null)): PQS 0\
04-29 17:01:39.698 22605 23982 D         : (null):0 ((null)): timerDelta:  417159\
04-29 17:01:39.778 22560 22560 W AccessibilityNodeInfoDumper: Fetch time: 15ms\
04-29 17:01:39.778 13893 13917 I Quasar  : start to send events\
04-29 17:01:39.848  3252  3525 D ActivityManager: retrieveServiceLocked(): component = null; callingUser = 0; userId(target) = 0\
04-29 17:01:39.913 22560 22560 I QueryController: Matched selector: UiSelector[CLASS=android.widget.ProgressBar, INSTANCE=0] <<==>> [android.view.accessibility.AccessibilityNodeInfo@800e633b; boundsInParent: Rect(0, 0 - 96, 96); boundsInScreen: Rect(720, 1065 - 816, 1161); packageName: com.icrealtime.allie; className: android.widget.ProgressBar; text: null; error: null; maxTextLength: -1; contentDescription: null; viewIdResName: null; checkable: false; checked: false; focusable: false; focused: false; selected: false; clickable: false; longClickable: false; enabled: true; password: false; scrollable: false; actions: [AccessibilityAction: ACTION_SELECT - null, AccessibilityAction: ACTION_CLEAR_SELECTION - null, AccessibilityAction: ACTION_ACCESSIBILITY_FOCUS - null]]\
04-29 17:01:40.048 22560 22560 I QueryController: Matched selector: UiSelector[CLASS=android.widget.ProgressBar, INSTANCE=0] <<==>> [android.view.accessibility.AccessibilityNodeInfo@800e633b; boundsInParent: Rect(0, 0 - 96, 96); boundsInScreen: Rect(720, 1065 - 816, 1161); packageName: com.icrealtime.allie; className: android.widget.ProgressBar; text: null; error: null; maxTextLength: -1; contentDescription: null; viewIdResName: null; checkable: false; checked: false; focusable: false; focused: false; selected: false; clickable: false; longClickable: false; enabled: true; password: false; scrollable: false; actions: [AccessibilityAction: ACTION_SELECT - null, AccessibilityAction: ACTION_CLEAR_SELECTION - null, AccessibilityAction: ACTION_ACCESSIBILITY_FOCUS - null]]\
04-29 17:01:40.048 22560 22560 D UiObject: getText() = \
04-29 17:01:40.543 22605 23982 D         : (null):0 ((null)): FQS 0\
04-29 17:01:40.543 22605 23982 D         : (null):0 ((null)): PQS 0\
04-29 17:01:40.543 22605 23982 D         : (null):0 ((null)): timerDelta:  418003\
04-29 17:01:40.688 22560 22560 W AccessibilityNodeInfoDumper: Fetch time: 16ms\
04-29 17:01:40.753 22560 22560 I QueryController: Matched selector: UiSelector[CLASS=android.widget.ProgressBar, INSTANCE=0] <<==>> [android.view.accessibility.AccessibilityNodeInfo@800e633b; boundsInParent: Rect(0, 0 - 96, 96); boundsInScreen: Rect(720, 1065 - 816, 1161); packageName: com.icrealtime.allie; className: android.widget.ProgressBar; text: null; error: null; maxTextLength: -1; contentDescription: null; viewIdResName: null; checkable: false; checked: false; focusable: false; focused: false; selected: false; clickable: false; longClickable: false; enabled: true; password: false; scrollable: false; actions: [AccessibilityAction: ACTION_SELECT - null, AccessibilityAction: ACTION_CLEAR_SELECTION - null, AccessibilityAction: ACTION_ACCESSIBILITY_FOCUS - null]]\
04-29 17:01:40.928 22560 22560 I QueryController: Matched selector: UiSelector[CLASS=android.widget.ProgressBar, INSTANCE=0] <<==>> [android.view.accessibility.AccessibilityNodeInfo@800e633b; boundsInParent: Rect(0, 0 - 96, 96); boundsInScreen: Rect(720, 1065 - 816, 1161); packageName: com.icrealtime.allie; className: android.widget.ProgressBar; text: null; error: null; maxTextLength: -1; contentDescription: null; viewIdResName: null; checkable: false; checked: false; focusable: false; focused: false; selected: false; clickable: false; longClickable: false; enabled: true; password: false; scrollable: false; actions: [AccessibilityAction: ACTION_SELECT - null, AccessibilityAction: ACTION_CLEAR_SELECTION - null, AccessibilityAction: ACTION_ACCESSIBILITY_FOCUS - null]]\
04-29 17:01:40.928 22560 22560 D UiObject: getText() = \
04-29 17:01:41.043 22560 22560 W AccessibilityNodeInfoDumper: Fetch time: 15ms\
04-29 17:01:41.083  3252  3360 D ActivityManager: retrieveServiceLocked(): component = null; callingUser = 0; userId(target) = 0\
04-29 17:01:41.113 22560 22560 I QueryController: Matched selector: UiSelector[CLASS=android.widget.ProgressBar, INSTANCE=0] <<==>> [android.view.accessibility.AccessibilityNodeInfo@800e633b; boundsInParent: Rect(0, 0 - 96, 96); boundsInScreen: Rect(720, 1065 - 816, 1161); packageName: com.icrealtime.allie; className: android.widget.ProgressBar; text: null; error: null; maxTextLength: -1; contentDescription: null; viewIdResName: null; checkable: false; checked: false; focusable: false; focused: false; selected: false; clickable: false; longClickable: false; enabled: true; password: false; scrollable: false; actions: [AccessibilityAction: ACTION_SELECT - null, AccessibilityAction: ACTION_CLEAR_SELECTION - null, AccessibilityAction: ACTION_ACCESSIBILITY_FOCUS - null]]\
04-29 17:01:41.208 22560 22560 I QueryController: Matched selector: UiSelector[CLASS=android.widget.ProgressBar, INSTANCE=0] <<==>> [android.view.accessibility.AccessibilityNodeInfo@800e633b; boundsInParent: Rect(0, 0 - 96, 96); boundsInScreen: Rect(720, 1065 - 816, 1161); packageName: com.icrealtime.allie; className: android.widget.ProgressBar; text: null; error: null; maxTextLength: -1; contentDescription: null; viewIdResName: null; checkable: false; checked: false; focusable: false; focused: false; selected: false; clickable: false; longClickable: false; enabled: true; password: false; scrollable: false; actions: [AccessibilityAction: ACTION_SELECT - null, AccessibilityAction: ACTION_CLEAR_SELECTION - null, AccessibilityAction: ACTION_ACCESSIBILITY_FOCUS - null]]\
04-29 17:01:41.208 22560 22560 D UiObject: getText() = \
