04-29 17:01:51.538  3419  3419 D BatteryMeterView: ACTION_BATTERY_CHANGED : level:91 status:3 health:2\
04-29 17:01:51.538  3419  3419 D CoverUpdateMonitor: received broadcast android.intent.action.BATTERY_CHANGED\
04-29 17:01:51.598 22560 22560 I QueryController: Matched selector: UiSelector[CLASS=android.widget.ProgressBar, INSTANCE=0] <<==>> [android.view.accessibility.AccessibilityNodeInfo@800e633b; boundsInParent: Rect(0, 0 - 96, 96); boundsInScreen: Rect(720, 1065 - 816, 1161); packageName: com.icrealtime.allie; className: android.widget.ProgressBar; text: null; error: null; maxTextLength: -1; contentDescription: null; viewIdResName: null; checkable: false; checked: false; focusable: false; focused: false; selected: false; clickable: false; longClickable: false; enabled: true; password: false; scrollable: false; actions: [AccessibilityAction: ACTION_SELECT - null, AccessibilityAction: ACTION_CLEAR_SELECTION - null, AccessibilityAction: ACTION_ACCESSIBILITY_FOCUS - null]]\
04-29 17:01:51.618 22605 23982 D         : (null):0 ((null)): FQS 0\
04-29 17:01:51.618 22605 23982 D         : (null):0 ((null)): PQS 0\
04-29 17:01:51.618 22605 23982 D         : (null):0 ((null)): timerDelta:  429079\
04-29 17:01:51.698 22560 22560 I QueryController: Matched selector: UiSelector[CLASS=android.widget.ProgressBar, INSTANCE=0] <<==>> [android.view.accessibility.AccessibilityNodeInfo@800e633b; boundsInParent: Rect(0, 0 - 96, 96); boundsInScreen: Rect(720, 1065 - 816, 1161); packageName: com.icrealtime.allie; className: android.widget.ProgressBar; text: null; error: null; maxTextLength: -1; contentDescription: null; viewIdResName: null; checkable: false; checked: false; focusable: false; focused: false; selected: false; clickable: false; longClickable: false; enabled: true; password: false; scrollable: false; actions: [AccessibilityAction: ACTION_SELECT - null, AccessibilityAction: ACTION_CLEAR_SELECTION - null, AccessibilityAction: ACTION_ACCESSIBILITY_FOCUS - null]]\
04-29 17:01:51.698 22560 22560 D UiObject: getText() = \
04-29 17:01:51.818 22560 22560 W AccessibilityNodeInfoDumper: Fetch time: 12ms\
04-29 17:01:51.933 22560 22560 I QueryController: Matched selector: UiSelector[CLASS=android.widget.ProgressBar, INSTANCE=0] <<==>> [android.view.accessibility.AccessibilityNodeInfo@800e633b; boundsInParent: Rect(0, 0 - 96, 96); boundsInScreen: Rect(720, 1065 - 816, 1161); packageName: com.icrealtime.allie; className: android.widget.ProgressBar; text: null; error: null; maxTextLength: -1; contentDescription: null; viewIdResName: null; checkable: false; checked: false; focusable: false; focused: false; selected: false; clickable: false; longClickable: false; enabled: true; password: false; scrollable: false; actions: [AccessibilityAction: ACTION_SELECT - null, AccessibilityAction: ACTION_CLEAR_SELECTION - null, AccessibilityAction: ACTION_ACCESSIBILITY_FOCUS - null]]\
04-29 17:01:52.068 22560 22560 I QueryController: Matched selector: UiSelector[CLASS=android.widget.ProgressBar, INSTANCE=0] <<==>> [android.view.accessibility.AccessibilityNodeInfo@800e633b; boundsInParent: Rect(0, 0 - 96, 96); boundsInScreen: Rect(720, 1065 - 816, 1161); packageName: com.icrealtime.allie; className: android.widget.ProgressBar; text: null; error: null; maxTextLength: -1; contentDescription: null; viewIdResName: null; checkable: false; checked: false; focusable: false; focused: false; selected: false; clickable: false; longClickable: false; enabled: true; password: false; scrollable: false; actions: [AccessibilityAction: ACTION_SELECT - null, AccessibilityAction: ACTION_CLEAR_SELECTION - null, AccessibilityAction: ACTION_ACCESSIBILITY_FOCUS - null]]\
04-29 17:01:52.068 22560 22560 D UiObject: getText() = \
04-29 17:01:52.148 22560 22560 W AccessibilityNodeInfoDumper: Fetch time: 14ms\
04-29 17:01:52.223 22560 22560 I QueryController: Matched selector: UiSelector[CLASS=android.widget.ProgressBar, INSTANCE=0] <<==>> [android.view.accessibility.AccessibilityNodeInfo@800e633b; boundsInParent: Rect(0, 0 - 96, 96); boundsInScreen: Rect(720, 1065 - 816, 1161); packageName: com.icrealtime.allie; className: android.widget.ProgressBar; text: null; error: null; maxTextLength: -1; contentDescription: null; viewIdResName: null; checkable: false; checked: false; focusable: false; focused: false; selected: false; clickable: false; longClickable: false; enabled: true; password: false; scrollable: false; actions: [AccessibilityAction: ACTION_SELECT - null, AccessibilityAction: ACTION_CLEAR_SELECTION - null, AccessibilityAction: ACTION_ACCESSIBILITY_FOCUS - null]]\
04-29 17:01:52.338  3252  4968 D SSRM:n  : SIOP:: AP = 470, PST = 468 (W:30), LCD = 147\
04-29 17:01:52.373 22560 22560 I QueryController: Matched selector: UiSelector[CLASS=android.widget.ProgressBar, INSTANCE=0] <<==>> [android.view.accessibility.AccessibilityNodeInfo@800e633b; boundsInParent: Rect(0, 0 - 96, 96); boundsInScreen: Rect(720, 1065 - 816, 1161); packageName: com.icrealtime.allie; className: android.widget.ProgressBar; text: null; error: null; maxTextLength: -1; contentDescription: null; viewIdResName: null; checkable: false; checked: false; focusable: false; focused: false; selected: false; clickable: false; longClickable: false; enabled: true; password: false; scrollable: false; actions: [AccessibilityAction: ACTION_SELECT - null, AccessibilityAction: ACTION_CLEAR_SELECTION - null, AccessibilityAction: ACTION_ACCESSIBILITY_FOCUS - null]]\
04-29 17:01:52.373 22560 22560 D UiObject: getText() = \
04-29 17:01:52.463 22605 23982 D         : (null):0 ((null)): FQS 0\
04-29 17:01:52.463 22605 23982 D         : (null):0 ((null)): PQS 0\
04-29 17:01:52.463 22605 23982 D         : (null):0 ((null)): timerDelta:  429924\
04-29 17:01:52.488 22560 22560 W AccessibilityNodeInfoDumper: Fetch time: 14ms\
04-29 17:01:52.563 22560 22560 I QueryController: Matched selector: UiSelector[CLASS=android.widget.ProgressBar, INSTANCE=0] <<==>> [android.view.accessibility.AccessibilityNodeInfo@800e633b; boundsInParent: Rect(0, 0 - 96, 96); boundsInScreen: Rect(720, 1065 - 816, 1161); packageName: com.icrealtime.allie; className: android.widget.ProgressBar; text: null; error: null; maxTextLength: -1; contentDescription: null; viewIdResName: null; checkable: false; checked: false; focusable: false; focused: false; selected: false; clickable: false; longClickable: false; enabled: true; password: false; scrollable: false; actions: [AccessibilityAction: ACTION_SELECT - null, AccessibilityAction: ACTION_CLEAR_SELECTION - null, AccessibilityAction: ACTION_ACCESSIBILITY_FOCUS - null]]\
04-29 17:01:52.638 22560 22560 I QueryController: Matched selector: UiSelector[CLASS=android.widget.ProgressBar, INSTANCE=0] <<==>> [android.view.accessibility.AccessibilityNodeInfo@800e633b; boundsInParent: Rect(0, 0 - 96, 96); boundsInScreen: Rect(720, 1065 - 816, 1161); packageName: com.icrealtime.allie; className: android.widget.ProgressBar; text: null; error: null; maxTextLength: -1; contentDescription: null; viewIdResName: null; checkable: false; checked: false; focusable: false; focused: false; selected: false; clickable: false; longClickable: false; enabled: true; password: false; scrollable: false; actions: [AccessibilityAction: ACTION_SELECT - null, AccessibilityAction: ACTION_CLEAR_SELECTION - null, AccessibilityAction: ACTION_ACCESSIBILITY_FOCUS - null]]\
04-29 17:01:52.638 22560 22560 D UiObject: getText() = \
04-29 17:01:52.738 22560 22560 W AccessibilityNodeInfoDumper: Fetch time: 15ms\
04-29 17:01:52.808 22560 22560 I QueryController: Matched selector: UiSelector[CLASS=android.widget.ProgressBar, INSTANCE=0] <<==>> [android.view.accessibility.AccessibilityNodeInfo@800e633b; boundsInParent: Rect(0, 0 - 96, 96); boundsInScreen: Rect(720, 1065 - 816, 1161); packageName: com.icrealtime.allie; className: android.widget.ProgressBar; text: null; error: null; maxTextLength: -1; contentDescription: null; viewIdResName: null; checkable: false; checked: false; focusable: false; focused: false; selected: false; clickable: false; longClickable: false; enabled: true; password: false; scrollable: false; actions: [AccessibilityAction: ACTION_SELECT - null, AccessibilityAction: ACTION_CLEAR_SELECTION - null, AccessibilityAction: ACTION_ACCESSIBILITY_FOCUS - null]]\
04-29 17:01:52.898 22560 22560 I QueryController: Matched selector: UiSelector[CLASS=android.widget.ProgressBar, INSTANCE=0] <<==>> [android.view.accessibility.AccessibilityNodeInfo@800e633b; boundsInParent: Rect(0, 0 - 96, 96); boundsInScreen: Rect(720, 1065 - 816, 1161); packageName: com.icrealtime.allie; className: android.widget.ProgressBar; text: null; error: null; maxTextLength: -1; contentDescription: null; viewIdResName: null; checkable: false; checked: false; focusable: false; focused: false; selected: false; clickable: false; longClickable: false; enabled: true; password: false; scrollable: false; actions: [AccessibilityAction: ACTION_SELECT - null, AccessibilityAction: ACTION_CLEAR_SELECTION - null, AccessibilityAction: ACTION_ACCESSIBILITY_FOCUS - null]]\
04-29 17:01:52.898 22560 22560 D UiObject: getText() = \
04-29 17:01:53.168 22560 22560 W AccessibilityNodeInfoDumper: Fetch time: 16ms\
04-29 17:01:53.228 22560 22560 I QueryController: Matched selector: UiSelector[CLASS=android.widget.ProgressBar, INSTANCE=0] <<==>> [android.view.accessibility.AccessibilityNodeInfo@800e633b; boundsInParent: Rect(0, 0 - 96, 96); boundsInScreen: Rect(720, 1065 - 816, 1161); packageName: com.icrealtime.allie; className: android.widget.ProgressBar; text: null; error: null; maxTextLength: -1; contentDescription: null; viewIdResName: null; checkable: false; checked: false; focusable: false; focused: false; selected: false; clickable: false; longClickable: false; enabled: true; password: false; scrollable: false; actions: [AccessibilityAction: ACTION_SELECT - null, AccessibilityAction: ACTION_CLEAR_SELECTION - null, AccessibilityAction: ACTION_ACCESSIBILITY_FOCUS - null]]\
04-29 17:01:53.303 22605 23982 D         : (null):0 ((null)): FQS 0\
04-29 17:01:53.303 22605 23982 D         : (null):0 ((null)): PQS 0\
04-29 17:01:53.303 22605 23982 D         : (null):0 ((null)): timerDelta:  430768\
04-29 17:01:53.373  3252  6863 D ActivityManager: retrieveServiceLocked(): component = null; callingUser = 0; userId(target) = 0\
04-29 17:01:53.433 22560 22560 I QueryController: Matched selector: UiSelector[CLASS=android.widget.ProgressBar, INSTANCE=0] <<==>> [android.view.accessibility.AccessibilityNodeInfo@800e633b; boundsInParent: Rect(0, 0 - 96, 96); boundsInScreen: Rect(720, 1065 - 816, 1161); packageName: com.icrealtime.allie; className: android.widget.ProgressBar; text: null; error: null; maxTextLength: -1; contentDescription: null; viewIdResName: null; checkable: false; checked: false; focusable: false; focused: false; selected: false; clickable: false; longClickable: false; enabled: true; password: false; scrollable: false; actions: [AccessibilityAction: ACTION_SELECT - null, AccessibilityAction: ACTION_CLEAR_SELECTION - null, AccessibilityAction: ACTION_ACCESSIBILITY_FOCUS - null]]\
04-29 17:01:53.433 22560 22560 D UiObject: getText() = \
04-29 17:01:53.538 22560 22560 W AccessibilityNodeInfoDumper: Fetch time: 15ms\
04-29 17:01:53.618 22560 22560 I QueryController: Matched selector: UiSelector[CLASS=android.widget.ProgressBar, INSTANCE=0] <<==>> [android.view.accessibility.AccessibilityNodeInfo@800e633b; boundsInParent: Rect(0, 0 - 96, 96); boundsInScreen: Rect(720, 1065 - 816, 1161); packageName: com.icrealtime.allie; className: android.widget.ProgressBar; text: null; error: null; maxTextLength: -1; contentDescription: null; viewIdResName: null; checkable: false; checked: false; focusable: false; focused: false; selected: false; clickable: false; longClickable: false; enabled: true; password: false; scrollable: false; actions: [AccessibilityAction: ACTION_SELECT - null, AccessibilityAction: ACTION_CLEAR_SELECTION - null, AccessibilityAction: ACTION_ACCESSIBILITY_FOCUS - null]]\
04-29 17:01:53.678  3252  6856 D ActivityManager: retrieveServiceLocked(): component = null; callingUser = 0; userId(target) = 0\
04-29 17:01:53.708 22560 22560 I QueryController: Matched selector: UiSelector[CLASS=android.widget.ProgressBar, INSTANCE=0] <<==>> [android.view.accessibility.AccessibilityNodeInfo@800e633b; boundsInParent: Rect(0, 0 - 96, 96); boundsInScreen: Rect(720, 1065 - 816, 1161); packageName: com.icrealtime.allie; className: android.widget.ProgressBar; text: null; error: null; maxTextLength: -1; contentDescription: null; viewIdResName: null; checkable: false; checked: false; focusable: false; focused: false; selected: false; clickable: false; longClickable: false; enabled: true; password: false; scrollable: false; actions: [AccessibilityAction: ACTION_SELECT - null, AccessibilityAction: ACTION_CLEAR_SELECTION - null, AccessibilityAction: ACTION_ACCESSIBILITY_FOCUS - null]]\
04-29 17:01:53.708 22560 22560 D UiObject: getText() = \
04-29 17:01:53.833 22560 22560 W AccessibilityNodeInfoDumper: Fetch time: 14ms\
04-29 17:01:53.928 22560 22560 I QueryController: Matched selector: UiSelector[CLASS=android.widget.ProgressBar, INSTANCE=0] <<==>> [android.view.accessibility.AccessibilityNodeInfo@800e633b; boundsInParent: Rect(0, 0 - 96, 96); boundsInScreen: Rect(720, 1065 - 816, 1161); packageName: com.icrealtime.allie; className: android.widget.ProgressBar; text: null; error: null; maxTextLength: -1; contentDescription: null; viewIdResName: null; checkable: false; checked: false; focusable: false; focused: false; selected: false; clickable: false; longClickable: false; enabled: true; password: false; scrollable: false; actions: [AccessibilityAction: ACTION_SELECT - null, AccessibilityAction: ACTION_CLEAR_SELECTION - null, AccessibilityAction: ACTION_ACCESSIBILITY_FOCUS - null]]\
04-29 17:01:53.978  3252  3264 D ActivityManager: retrieveServiceLocked(): component = null; callingUser = 0; userId(target) = 0\
04-29 17:01:54.013 22560 22560 I QueryController: Matched selector: UiSelector[CLASS=android.widget.ProgressBar, INSTANCE=0] <<==>> [android.view.accessibility.AccessibilityNodeInfo@800e633b; boundsInParent: Rect(0, 0 - 96, 96); boundsInScreen: Rect(720, 1065 - 816, 1161); packageName: com.icrealtime.allie; className: android.widget.ProgressBar; text: null; error: null; maxTextLength: -1; contentDescription: null; viewIdResName: null; checkable: false; checked: false; focusable: false; focused: false; selected: false; clickable: false; longClickable: false; enabled: true; password: false; scrollable: false; actions: [AccessibilityAction: ACTION_SELECT - null, AccessibilityAction: ACTION_CLEAR_SELECTION - null, AccessibilityAction: ACTION_ACCESSIBILITY_FOCUS - null]]\
04-29 17:01:54.013 22560 22560 D UiObject: getText() = \
04-29 17:01:54.168 22605 23982 D         : (null):0 ((null)): FQS 0\
04-29 17:01:54.168 22605 23982 D         : (null):0 ((null)): PQS 0\
04-29 17:01:54.168 22605 23982 D         : (null):0 ((null)): timerDelta:  431618\
04-29 17:01:54.288  3252  3264 D ActivityManager: retrieveServiceLocked(): component = null; callingUser = 0; userId(target) = 0\
04-29 17:01:54.538 22560 22560 W AccessibilityNodeInfoDumper: Fetch time: 19ms\
04-29 17:01:54.598  3252  3265 D ActivityManager: retrieveServiceLocked(): component = null; callingUser = 0; userId(target) = 0\
04-29 17:01:54.618 22560 22560 I QueryController: Matched selector: UiSelector[CLASS=android.widget.ProgressBar, INSTANCE=0] <<==>> [android.view.accessibility.AccessibilityNodeInfo@800e633b; boundsInParent: Rect(0, 0 - 96, 96); boundsInScreen: Rect(720, 1065 - 816, 1161); packageName: com.icrealtime.allie; className: android.widget.ProgressBar; text: null; error: null; maxTextLength: -1; contentDescription: null; viewIdResName: null; checkable: false; checked: false; focusable: false; focused: false; selected: false; clickable: false; longClickable: false; enabled: true; password: false; scrollable: false; actions: [AccessibilityAction: ACTION_SELECT - null, AccessibilityAction: ACTION_CLEAR_SELECTION - null, AccessibilityAction: ACTION_ACCESSIBILITY_FOCUS - null]]\
04-29 17:01:54.718 22560 22560 I QueryController: Matched selector: UiSelector[CLASS=android.widget.ProgressBar, INSTANCE=0] <<==>> [android.view.accessibility.AccessibilityNodeInfo@800e633b; boundsInParent: Rect(0, 0 - 96, 96); boundsInScreen: Rect(720, 1065 - 816, 1161); packageName: com.icrealtime.allie; className: android.widget.ProgressBar; text: null; error: null; maxTextLength: -1; contentDescription: null; viewIdResName: null; checkable: false; checked: false; focusable: false; focused: false; selected: false; clickable: false; longClickable: false; enabled: true; password: false; scrollable: false; actions: [AccessibilityAction: ACTION_SELECT - null, AccessibilityAction: ACTION_CLEAR_SELECTION - null, AccessibilityAction: ACTION_ACCESSIBILITY_FOCUS - null]]\
04-29 17:01:54.718 22560 22560 D UiObject: getText() = \
04-29 17:01:54.778 13893 13917 I Quasar  : start to send events\
04-29 17:01:54.803 22560 22560 W AccessibilityNodeInfoDumper: Fetch time: 15ms\
04-29 17:01:54.903  3252  3360 D ActivityManager: retrieveServiceLocked(): component = null; callingUser = 0; userId(target) = 0\
04-29 17:01:54.938 22560 22560 I QueryController: Matched selector: UiSelector[CLASS=android.widget.ProgressBar, INSTANCE=0] <<==>> [android.view.accessibility.AccessibilityNodeInfo@800e633b; boundsInParent: Rect(0, 0 - 96, 96); boundsInScreen: Rect(720, 1065 - 816, 1161); packageName: com.icrealtime.allie; className: android.widget.ProgressBar; text: null; error: null; maxTextLength: -1; contentDescription: null; viewIdResName: null; checkable: false; checked: false; focusable: false; focused: false; selected: false; clickable: false; longClickable: false; enabled: true; password: false; scrollable: false; actions: [AccessibilityAction: ACTION_SELECT - null, AccessibilityAction: ACTION_CLEAR_SELECTION - null, AccessibilityAction: ACTION_ACCESSIBILITY_FOCUS - null]]\
04-29 17:01:55.028 22605 23982 D         : (null):0 ((null)): FQS 0\
04-29 17:01:55.028 22605 23982 D         : (null):0 ((null)): PQS 0\
04-29 17:01:55.028 22605 23982 D         : (null):0 ((null)): timerDelta:  432474\
04-29 17:01:55.178 22560 22560 I QueryController: Matched selector: UiSelector[CLASS=android.widget.ProgressBar, INSTANCE=0] <<==>> [android.view.accessibility.AccessibilityNodeInfo@800e633b; boundsInParent: Rect(0, 0 - 96, 96); boundsInScreen: Rect(720, 1065 - 816, 1161); packageName: com.icrealtime.allie; className: android.widget.ProgressBar; text: null; error: null; maxTextLength: -1; contentDescription: null; viewIdResName: null; checkable: false; checked: false; focusable: false; focused: false; selected: false; clickable: false; longClickable: false; enabled: true; password: false; scrollable: false; actions: [AccessibilityAction: ACTION_SELECT - null, AccessibilityAction: ACTION_CLEAR_SELECTION - null, AccessibilityAction: ACTION_ACCESSIBILITY_FOCUS - null]]\
04-29 17:01:55.178 22560 22560 D UiObject: getText() = \
04-29 17:01:55.208  3252  6844 D ActivityManager: retrieveServiceLocked(): component = null; callingUser = 0; userId(target) = 0\
04-29 17:01:55.328 22560 22560 W AccessibilityNodeInfoDumper: Fetch time: 16ms\
04-29 17:01:55.398 22560 22560 I QueryController: Matched selector: UiSelector[CLASS=android.widget.ProgressBar, INSTANCE=0] <<==>> [android.view.accessibility.AccessibilityNodeInfo@800e633b; boundsInParent: Rect(0, 0 - 96, 96); boundsInScreen: Rect(720, 1065 - 816, 1161); packageName: com.icrealtime.allie; className: android.widget.ProgressBar; text: null; error: null; maxTextLength: -1; contentDescription: null; viewIdResName: null; checkable: false; checked: false; focusable: false; focused: false; selected: false; clickable: false; longClickable: false; enabled: true; password: false; scrollable: false; actions: [AccessibilityAction: ACTION_SELECT - null, AccessibilityAction: ACTION_CLEAR_SELECTION - null, AccessibilityAction: ACTION_ACCESSIBILITY_FOCUS - null]]\
04-29 17:01:55.483 22560 22560 I QueryController: Matched selector: UiSelector[CLASS=android.widget.ProgressBar, INSTANCE=0] <<==>> [android.view.accessibility.AccessibilityNodeInfo@800e633b; boundsInParent: Rect(0, 0 - 96, 96); boundsInScreen: Rect(720, 1065 - 816, 1161); packageName: com.icrealtime.allie; className: android.widget.ProgressBar; text: null; error: null; maxTextLength: -1; contentDescription: null; viewIdResName: null; checkable: false; checked: false; focusable: false; focused: false; selected: false; clickable: false; longClickable: false; enabled: true; password: false; scrollable: false; actions: [AccessibilityAction: ACTION_SELECT - null, AccessibilityAction: ACTION_CLEAR_SELECTION - null, AccessibilityAction: ACTION_ACCESSIBILITY_FOCUS - null]]\
04-29 17:01:55.483 22560 22560 D UiObject: getText() = \
04-29 17:01:55.518  3252  6863 D ActivityManager: retrieveServiceLocked(): component = null; callingUser = 0; userId(target) = 0\
04-29 17:01:55.823 22560 22560 W AccessibilityNodeInfoDumper: Fetch time: 14ms\
04-29 17:01:55.868 22605 23982 D         : (null):0 ((null)): FQS 0\
04-29 17:01:55.868 22605 23982 D         : (null):0 ((null)): PQS 0\
04-29 17:01:55.868 22605 23982 D         : (null):0 ((null)): timerDelta:  433334\
04-29 17:01:55.953 22560 22560 I QueryController: Matched selector: UiSelector[CLASS=android.widget.ProgressBar, INSTANCE=0] <<==>> [android.view.accessibility.AccessibilityNodeInfo@800e633b; boundsInParent: Rect(0, 0 - 96, 96); boundsInScreen: Rect(720, 1065 - 816, 1161); packageName: com.icrealtime.allie; className: android.widget.ProgressBar; text: null; error: null; maxTextLength: -1; contentDescription: null; viewIdResName: null; checkable: false; checked: false; focusable: false; focused: false; selected: false; clickable: false; longClickable: false; enabled: true; password: false; scrollable: false; actions: [AccessibilityAction: ACTION_SELECT - null, AccessibilityAction: ACTION_CLEAR_SELECTION - null, AccessibilityAction: ACTION_ACCESSIBILITY_FOCUS - null]]\
04-29 17:01:56.018 22560 22560 I QueryController: Matched selector: UiSelector[CLASS=android.widget.ProgressBar, INSTANCE=0] <<==>> [android.view.accessibility.AccessibilityNodeInfo@800e633b; boundsInParent: Rect(0, 0 - 96, 96); boundsInScreen: Rect(720, 1065 - 816, 1161); packageName: com.icrealtime.allie; className: android.widget.ProgressBar; text: null; error: null; maxTextLength: -1; contentDescription: null; viewIdResName: null; checkable: false; checked: false; focusable: false; focused: false; selected: false; clickable: false; longClickable: false; enabled: true; password: false; scrollable: false; actions: [AccessibilityAction: ACTION_SELECT - null, AccessibilityAction: ACTION_CLEAR_SELECTION - null, AccessibilityAction: ACTION_ACCESSIBILITY_FOCUS - null]]\
04-29 17:01:56.018 22560 22560 D UiObject: getText() = \
04-29 17:01:56.253 22560 22560 W AccessibilityNodeInfoDumper: Fetch time: 16ms\
04-29 17:01:56.323 22560 22560 I QueryController: Matched selector: UiSelector[CLASS=android.widget.ProgressBar, INSTANCE=0] <<==>> [android.view.accessibility.AccessibilityNodeInfo@800e633b; boundsInParent: Rect(0, 0 - 96, 96); boundsInScreen: Rect(720, 1065 - 816, 1161); packageName: com.icrealtime.allie; className: android.widget.ProgressBar; text: null; error: null; maxTextLength: -1; contentDescription: null; viewIdResName: null; checkable: false; checked: false; focusable: false; focused: false; selected: false; clickable: false; longClickable: false; enabled: true; password: false; scrollable: false; actions: [AccessibilityAction: ACTION_SELECT - null, AccessibilityAction: ACTION_CLEAR_SELECTION - null, AccessibilityAction: ACTION_ACCESSIBILITY_FOCUS - null]]\
04-29 17:01:56.438  3252  6844 D ActivityManager: retrieveServiceLocked(): component = null; callingUser = 0; userId(target) = 0\
04-29 17:01:56.473 22560 22560 I QueryController: Matched selector: UiSelector[CLASS=android.widget.ProgressBar, INSTANCE=0] <<==>> [android.view.accessibility.AccessibilityNodeInfo@800e633b; boundsInParent: Rect(0, 0 - 96, 96); boundsInScreen: Rect(720, 1065 - 816, 1161); packageName: com.icrealtime.allie; className: android.widget.ProgressBar; text: null; error: null; maxTextLength: -1; contentDescription: null; viewIdResName: null; checkable: false; checked: false; focusable: false; focused: false; selected: false; clickable: false; longClickable: false; enabled: true; password: false; scrollable: false; actions: [AccessibilityAction: ACTION_SELECT - null, AccessibilityAction: ACTION_CLEAR_SELECTION - null, AccessibilityAction: ACTION_ACCESSIBILITY_FOCUS - null]]\
04-29 17:01:56.473 22560 22560 D UiObject: getText() = \
04-29 17:01:56.713 22605 23982 D         : (null):0 ((null)): FQS 0\
04-29 17:01:56.713 22605 23982 D         : (null):0 ((null)): PQS 0\
04-29 17:01:56.713 22605 23982 D         : (null):0 ((null)): timerDelta:  434178\
04-29 17:01:57.118 22560 22560 W AccessibilityNodeInfoDumper: Fetch time: 15ms\
04-29 17:01:57.178 22560 22560 I QueryController: Matched selector: UiSelector[CLASS=android.widget.ProgressBar, INSTANCE=0] <<==>> [android.view.accessibility.AccessibilityNodeInfo@800e633b; boundsInParent: Rect(0, 0 - 96, 96); boundsInScreen: Rect(720, 1065 - 816, 1161); packageName: com.icrealtime.allie; className: android.widget.ProgressBar; text: null; error: null; maxTextLength: -1; contentDescription: null; viewIdResName: null; checkable: false; checked: false; focusable: false; focused: false; selected: false; clickable: false; longClickable: false; enabled: true; password: false; scrollable: false; actions: [AccessibilityAction: ACTION_SELECT - null, AccessibilityAction: ACTION_CLEAR_SELECTION - null, AccessibilityAction: ACTION_ACCESSIBILITY_FOCUS - null]]\
04-29 17:01:57.253 22560 22560 I QueryController: Matched selector: UiSelector[CLASS=android.widget.ProgressBar, INSTANCE=0] <<==>> [android.view.accessibility.AccessibilityNodeInfo@800e633b; boundsInParent: Rect(0, 0 - 96, 96); boundsInScreen: Rect(720, 1065 - 816, 1161); packageName: com.icrealtime.allie; className: android.widget.ProgressBar; text: null; error: null; maxTextLength: -1; contentDescription: null; viewIdResName: null; checkable: false; checked: false; focusable: false; focused: false; selected: false; clickable: false; longClickable: false; enabled: true; password: false; scrollable: false; actions: [AccessibilityAction: ACTION_SELECT - null, AccessibilityAction: ACTION_CLEAR_SELECTION - null, AccessibilityAction: ACTION_ACCESSIBILITY_FOCUS - null]]\
04-29 17:01:57.253 22560 22560 D UiObject: getText() = \
04-29 17:01:57.453 22560 22560 W AccessibilityNodeInfoDumper: Fetch time: 15ms\
04-29 17:01:57.518 22560 22560 I QueryController: Matched selector: UiSelector[CLASS=android.widget.ProgressBar, INSTANCE=0] <<==>> [android.view.accessibility.AccessibilityNodeInfo@800e633b; boundsInParent: Rect(0, 0 - 96, 96); boundsInScreen: Rect(720, 1065 - 816, 1161); packageName: com.icrealtime.allie; className: android.widget.ProgressBar; text: null; error: null; maxTextLength: -1; contentDescription: null; viewIdResName: null; checkable: false; checked: false; focusable: false; focused: false; selected: false; clickable: false; longClickable: false; enabled: true; password: false; scrollable: false; actions: [AccessibilityAction: ACTION_SELECT - null, AccessibilityAction: ACTION_CLEAR_SELECTION - null, AccessibilityAction: ACTION_ACCESSIBILITY_FOCUS - null]]\
04-29 17:01:57.558 22605 23982 D         : (null):0 ((null)): FQS 0\
04-29 17:01:57.558 22605 23982 D         : (null):0 ((null)): PQS 0\
04-29 17:01:57.558 22605 23982 D         : (null):0 ((null)): timerDelta:  435023\
04-29 17:01:57.643 22560 22560 I QueryController: Matched selector: UiSelector[CLASS=android.widget.ProgressBar, INSTANCE=0] <<==>> [android.view.accessibility.AccessibilityNodeInfo@800e633b; boundsInParent: Rect(0, 0 - 96, 96); boundsInScreen: Rect(720, 1065 - 816, 1161); packageName: com.icrealtime.allie; className: android.widget.ProgressBar; text: null; error: null; maxTextLength: -1; contentDescription: null; viewIdResName: null; checkable: false; checked: false; focusable: false; focused: false; selected: false; clickable: false; longClickable: false; enabled: true; password: false; scrollable: false; actions: [AccessibilityAction: ACTION_SELECT - null, AccessibilityAction: ACTION_CLEAR_SELECTION - null, AccessibilityAction: ACTION_ACCESSIBILITY_FOCUS - null]]\
04-29 17:01:57.643 22560 22560 D UiObject: getText() = \
04-29 17:01:57.858 22560 22560 W AccessibilityNodeInfoDumper: Fetch time: 13ms\
04-29 17:01:57.978 22560 22560 I QueryController: Matched selector: UiSelector[CLASS=android.widget.ProgressBar, INSTANCE=0] <<==>> [android.view.accessibility.AccessibilityNodeInfo@800e633b; boundsInParent: Rect(0, 0 - 96, 96); boundsInScreen: Rect(720, 1065 - 816, 1161); packageName: com.icrealtime.allie; className: android.widget.ProgressBar; text: null; error: null; maxTextLength: -1; contentDescription: null; viewIdResName: null; checkable: false; checked: false; focusable: false; focused: false; selected: false; clickable: false; longClickable: false; enabled: true; password: false; scrollable: false; actions: [AccessibilityAction: ACTION_SELECT - null, AccessibilityAction: ACTION_CLEAR_SELECTION - null, AccessibilityAction: ACTION_ACCESSIBILITY_FOCUS - null]]\
04-29 17:01:58.198 22560 22560 I QueryController: Matched selector: UiSelector[CLASS=android.widget.ProgressBar, INSTANCE=0] <<==>> [android.view.accessibility.AccessibilityNodeInfo@800e633b; boundsInParent: Rect(0, 0 - 96, 96); boundsInScreen: Rect(720, 1065 - 816, 1161); packageName: com.icrealtime.allie; className: android.widget.ProgressBar; text: null; error: null; maxTextLength: -1; contentDescription: null; viewIdResName: null; checkable: false; checked: false; focusable: false; focused: false; selected: false; clickable: false; longClickable: false; enabled: true; password: false; scrollable: false; actions: [AccessibilityAction: ACTION_SELECT - null, AccessibilityAction: ACTION_CLEAR_SELECTION - null, AccessibilityAction: ACTION_ACCESSIBILITY_FOCUS - null]]\
04-29 17:01:58.198 22560 22560 D UiObject: getText() = \
04-29 17:01:58.313 22560 22560 W AccessibilityNodeInfoDumper: Fetch time: 16ms\
04-29 17:01:58.403 22605 23982 D         : (null):0 ((null)): FQS 0\
04-29 17:01:58.403 22605 23982 D         : (null):0 ((null)): PQS 0\
04-29 17:01:58.403 22605 23982 D         : (null):0 ((null)): timerDelta:  435867\
04-29 17:01:58.453 22560 22560 I QueryController: Matched selector: UiSelector[CLASS=android.widget.ProgressBar, INSTANCE=0] <<==>> [android.view.accessibility.AccessibilityNodeInfo@800e633b; boundsInParent: Rect(0, 0 - 96, 96); boundsInScreen: Rect(720, 1065 - 816, 1161); packageName: com.icrealtime.allie; className: android.widget.ProgressBar; text: null; error: null; maxTextLength: -1; contentDescription: null; viewIdResName: null; checkable: false; checked: false; focusable: false; focused: false; selected: false; clickable: false; longClickable: false; enabled: true; password: false; scrollable: false; actions: [AccessibilityAction: ACTION_SELECT - null, AccessibilityAction: ACTION_CLEAR_SELECTION - null, AccessibilityAction: ACTION_ACCESSIBILITY_FOCUS - null]]\
04-29 17:01:58.553 22560 22560 I QueryController: Matched selector: UiSelector[CLASS=android.widget.ProgressBar, INSTANCE=0] <<==>> [android.view.accessibility.AccessibilityNodeInfo@800e633b; boundsInParent: Rect(0, 0 - 96, 96); boundsInScreen: Rect(720, 1065 - 816, 1161); packageName: com.icrealtime.allie; className: android.widget.ProgressBar; text: null; error: null; maxTextLength: -1; contentDescription: null; viewIdResName: null; checkable: false; checked: false; focusable: false; focused: false; selected: false; clickable: false; longClickable: false; enabled: true; password: false; scrollable: false; actions: [AccessibilityAction: ACTION_SELECT - null, AccessibilityAction: ACTION_CLEAR_SELECTION - null, AccessibilityAction: ACTION_ACCESSIBILITY_FOCUS - null]]\
04-29 17:01:58.553 22560 22560 D UiObject: getText() = \
04-29 17:01:58.898  3252  3360 D ActivityManager: retrieveServiceLocked(): component = null; callingUser = 0; userId(target) = 0\
04-29 17:01:58.938 22560 22560 W AccessibilityNodeInfoDumper: Fetch time: 13ms\
04-29 17:01:59.058 22560 22560 I QueryController: Matched selector: UiSelector[CLASS=android.widget.ProgressBar, INSTANCE=0] <<==>> [android.view.accessibility.AccessibilityNodeInfo@800e633b; boundsInParent: Rect(0, 0 - 96, 96); boundsInScreen: Rect(720, 1065 - 816, 1161); packageName: com.icrealtime.allie; className: android.widget.ProgressBar; text: null; error: null; maxTextLength: -1; contentDescription: null; viewIdResName: null; checkable: false; checked: false; focusable: false; focused: false; selected: false; clickable: false; longClickable: false; enabled: true; password: false; scrollable: false; actions: [AccessibilityAction: ACTION_SELECT - null, AccessibilityAction: ACTION_CLEAR_SELECTION - null, AccessibilityAction: ACTION_ACCESSIBILITY_FOCUS - null]]\
04-29 17:01:59.173 22560 22560 I QueryController: Matched selector: UiSelector[CLASS=android.widget.ProgressBar, INSTANCE=0] <<==>> [android.view.accessibility.AccessibilityNodeInfo@800e633b; boundsInParent: Rect(0, 0 - 96, 96); boundsInScreen: Rect(720, 1065 - 816, 1161); packageName: com.icrealtime.allie; className: android.widget.ProgressBar; text: null; error: null; maxTextLength: -1; contentDescription: null; viewIdResName: null; checkable: false; checked: false; focusable: false; focused: false; selected: false; clickable: false; longClickable: false; enabled: true; password: false; scrollable: false; actions: [AccessibilityAction: ACTION_SELECT - null, AccessibilityAction: ACTION_CLEAR_SELECTION - null, AccessibilityAction: ACTION_ACCESSIBILITY_FOCUS - null]]\
04-29 17:01:59.173 22560 22560 D UiObject: getText() = \
04-29 17:01:59.248 22605 23982 D         : (null):0 ((null)): FQS 0\
04-29 17:01:59.248 22605 23982 D         : (null):0 ((null)): PQS 0\
04-29 17:01:59.248 22605 23982 D         : (null):0 ((null)): timerDelta:  436711\
04-29 17:01:59.423 22560 22560 W AccessibilityNodeInfoDumper: Fetch time: 13ms\
04-29 17:01:59.513  3252  3743 D ActivityManager: retrieveServiceLocked(): component = null; callingUser = 0; userId(target) = 0\
04-29 17:01:59.563 22560 22560 I QueryController: Matched selector: UiSelector[CLASS=android.widget.ProgressBar, INSTANCE=0] <<==>> [android.view.accessibility.AccessibilityNodeInfo@800e633b; boundsInParent: Rect(0, 0 - 96, 96); boundsInScreen: Rect(720, 1065 - 816, 1161); packageName: com.icrealtime.allie; className: android.widget.ProgressBar; text: null; error: null; maxTextLength: -1; contentDescription: null; viewIdResName: null; checkable: false; checked: false; focusable: false; focused: false; selected: false; clickable: false; longClickable: false; enabled: true; password: false; scrollable: false; actions: [AccessibilityAction: ACTION_SELECT - null, AccessibilityAction: ACTION_CLEAR_SELECTION - null, AccessibilityAction: ACTION_ACCESSIBILITY_FOCUS - null]]\
04-29 17:01:59.633 22560 22560 I QueryController: Matched selector: UiSelector[CLASS=android.widget.ProgressBar, INSTANCE=0] <<==>> [android.view.accessibility.AccessibilityNodeInfo@800e633b; boundsInParent: Rect(0, 0 - 96, 96); boundsInScreen: Rect(720, 1065 - 816, 1161); packageName: com.icrealtime.allie; className: android.widget.ProgressBar; text: null; error: null; maxTextLength: -1; contentDescription: null; viewIdResName: null; checkable: false; checked: false; focusable: false; focused: false; selected: false; clickable: false; longClickable: false; enabled: true; password: false; scrollable: false; actions: [AccessibilityAction: ACTION_SELECT - null, AccessibilityAction: ACTION_CLEAR_SELECTION - null, AccessibilityAction: ACTION_ACCESSIBILITY_FOCUS - null]]\
04-29 17:01:59.633 22560 22560 D UiObject: getText() = \
04-29 17:01:59.758 22560 22560 W AccessibilityNodeInfoDumper: Fetch time: 13ms\
04-29 17:01:59.778 13893 13917 I Quasar  : start to send events\
04-29 17:01:59.818  3252  3822 D ActivityManager: retrieveServiceLocked(): component = null; callingUser = 0; userId(target) = 0\
04-29 17:01:59.833 22560 22560 I QueryController: Matched selector: UiSelector[CLASS=android.widget.ProgressBar, INSTANCE=0] <<==>> [android.view.accessibility.AccessibilityNodeInfo@800e633b; boundsInParent: Rect(0, 0 - 96, 96); boundsInScreen: Rect(720, 1065 - 816, 1161); packageName: com.icrealtime.allie; className: android.widget.ProgressBar; text: null; error: null; maxTextLength: -1; contentDescription: null; viewIdResName: null; checkable: false; checked: false; focusable: false; focused: false; selected: false; clickable: false; longClickable: false; enabled: true; password: false; scrollable: false; actions: [AccessibilityAction: ACTION_SELECT - null, AccessibilityAction: ACTION_CLEAR_SELECTION - null, AccessibilityAction: ACTION_ACCESSIBILITY_FOCUS - null]]\
04-29 17:01:59.993  3252  3323 V AlarmManager: waitForAlarm result :8\
04-29 17:01:59.998  3419  3419 D KeyguardUpdateMonitor: received broadcast android.intent.action.TIME_TICK\
04-29 17:01:59.998  3419  3419 D KeyguardUpdateMonitor: handleTimeUpdate\
04-29 17:02:00.008  3419  3419 D SecKeyguardClockView: onTimeChanged() : mShouldShowDualClock - false, isDualClockSet() -false\
04-29 17:02:00.008  3419  3419 D SecKeyguardClockView: HomeTimezone(): 0\
04-29 17:02:00.013  3419  3419 D SecKeyguardClockView: mTimeZone:null,   hour:5,   isShortMaxWidth:true\
04-29 17:02:00.023  3538 20383 D [zero daemon] : \{[C6B53529A4E9A61B6E9DFAC2EC352F35413B8423020D39F21C4F88CE3B9B87CFDCC0B81B0A5ED41F6DFA9549B8ADE1F4BACF4D40B7B8E99052DE9FA88E767D1DEF99F3B50EBB0BE2EA7D97147503802808B0F46342E4D32B53ACCA63815BEAA3E6A19B15B6D34AFADF3249A820F62444]\}\
04-29 17:02:00.023  3538 20383 I [zero daemon] : \{[A32E1AC369E42B6168CFC8ECFBFA9951C42133C77ADF9B218D854990F6269E396BCB11BEB3F5B339C9A8D47415526840]\}\
04-29 17:02:00.028  3419  3419 D SecKeyguardStatusUtils: regionalDateFormat = 11/22/3333 isRTLlanguage = false returnDateFormat = E, MMMM d\
04-29 17:02:00.053  3419  3419 D DateView: regionalDateFormat = 11/22/3333 isRTLlanguage = false returnDateFormat = E, MMMM d\
04-29 17:02:00.053 22560 22560 I QueryController: Matched selector: UiSelector[CLASS=android.widget.ProgressBar, INSTANCE=0] <<==>> [android.view.accessibility.AccessibilityNodeInfo@800e633b; boundsInParent: Rect(0, 0 - 96, 96); boundsInScreen: Rect(720, 1065 - 816, 1161); packageName: com.icrealtime.allie; className: android.widget.ProgressBar; text: null; error: null; maxTextLength: -1; contentDescription: null; viewIdResName: null; checkable: false; checked: false; focusable: false; focused: false; selected: false; clickable: false; longClickable: false; enabled: true; password: false; scrollable: false; actions: [AccessibilityAction: ACTION_SELECT - null, AccessibilityAction: ACTION_CLEAR_SELECTION - null, AccessibilityAction: ACTION_ACCESSIBILITY_FOCUS - null]]\
04-29 17:02:00.053 22560 22560 D UiObject: getText() = \
04-29 17:02:00.058  3419  3419 D DateView: regionalDateFormat = 11/22/3333 isRTLlanguage = false returnDateFormat = E, MMMM d\
04-29 17:02:00.058  3419  3419 D DateView: regionalDateFormat = 11/22/3333 isRTLlanguage = false returnDateFormat = E, MMMM d\
04-29 17:02:00.098  3419  3419 D CoverUpdateMonitor: received broadcast android.intent.action.TIME_TICK\
04-29 17:02:00.103  3823  3823 D [AccuTab] : \{[37E8081D3DB3FFF514970EF86600A9BC8DDD3D383635AEC580F7B7E08F2C933E5C7E650FEBD075F62852781784741B015C0BD315E4B613183B28FE27EED3FBDB]\}\
04-29 17:02:00.103  3823  3823 D [AccuTab] : \{[0A870E79DF0CD5F0A8A06E2A95B36DE5B829EC099977591641B9F7B184128B7A]\}\
04-29 17:02:00.103  3823  3823 D [AccuTab] : \{[2EF8F8ACA1AD180C6DB8EA20C7D272B137E46610B899A6BEE777009E6538B60F72430ECE4C16794BA38EAE917AEAD423]\}\
04-29 17:02:00.108  3823  3823 D [AccuTab] : \{[2025CC91287346DEC3221AC1195D9C5D7163100894380BD1BF9EFBCEAF25DA30316F93F0BB94A97D3F74CBCB3AE9D48C2E005A10CBDB353ABB33E114A66706C887C0B0E91CAE8E58CE2508DE7F1361A9]\}\
04-29 17:02:00.108  3823  3823 D [AccuTab] : \{[2A3EB7143AC81BB0125CF5BF34461C1179E52C7A0EAA060F1E2500438161CC77B638797A3BAFB653B4B440DCA7C1579F5B96464694608778E07495A0BD9C5F6CC85105EF2781DBE549C616F2878E0CD5]\}\
04-29 17:02:00.108  3823  3823 D [AccuTab] : \{[EED4F37EAE8CF81948B50258F561CDA33481A5C711D26C706B9FCAACFF90288A749AA1DF49AF4BCB9D86B4BA83FD66F8]\}\
04-29 17:02:00.108  3823  3823 D [AccuTab] : \{[C8F46EE75CE5E6976A18B371E4A1FA385D507FFA164261BD17955837D3EC2BC26DE3B87F89E727E46A0AE3D5E63D42666EC17255D371C7A553BEFCE0DFB78D5F]\}\
04-29 17:02:00.108  3823  3823 D [AccuTab] : \{[DC3F2ED931F43D15025E60DC95471ACD7C9399615E0C45A2EFDF89E0EB3E8BCBC1EC23F238023AE70CD7ED0C220D301F8124ECA084629700AAFD4FD5E0185201]\}\
04-29 17:02:00.113  3823  3823 D [AccuTab] : \{[AB84D465106199360E5F30D2CA55043C0C881B72A393A1942A5F58663585E73597B8AE7C7F35AAC93D3648037564EFFD]\}\
04-29 17:02:00.113  3823  3823 D [AccuTab] : \{[CA7EECA2122FA0C583DE846008F81A81043F4E02F1064F0162578966563C7E74562EA86440435958430448F4604470369EBBEF3BF8B435557280027E53E6DA713AF6458F868D888E564ABEB513523C75]\}\
04-29 17:02:00.113  3823  3823 D [AccuTab] : \{[9A30803BD96889B3C5A4E5B9064A82CEE1B9566F83867B3D2F50D9BCD1F95FFB]\}\
04-29 17:02:00.118  3823  3823 D [AccuTab] : \{[CA7EECA2122FA0C583DE846008F81A81043F4E02F1064F0162578966563C7E74562EA86440435958430448F4604470369EBBEF3BF8B435557280027E53E6DA713AF6458F868D888E564ABEB513523C75]\}\
04-29 17:02:00.118  3823  3823 D [AccuTab]  : \{[4E2E9E5CC644673899AB1175ECFE405D13AF4A0D1D4786A17A02DFE9E163D13D07BEB9FB865826F95DA01ABD68E3C896]\}\
04-29 17:02:00.118  3823  3823 D [AccuTab] : \{[1029B43EF4090DF801E719E429164B626D1C902F5F684AA4C1770BC7799565C44F72F500655E064B2D2CECB32F72D838EFA8FEFDF666760210A9CD13022183F3]\}\
04-29 17:02:00.128 22605 23982 D         : (null):0 ((null)): FQS 0\
04-29 17:02:00.128 22605 23982 D         : (null):0 ((null)): PQS 0\
04-29 17:02:00.128 22605 23982 D         : (null):0 ((null)): timerDelta:  437563\
04-29 17:02:00.128  3538 21860 D [zero daemon] : \{[C6B53529A4E9A61B6E9DFAC2EC352F35413B8423020D39F21C4F88CE3B9B87CFDCC0B81B0A5ED41F6DFA9549B8ADE1F4BACF4D40B7B8E99052DE9FA88E767D1DEF99F3B50EBB0BE2EA7D97147503802808B0F46342E4D32B53ACCA63815BEAA3ED276C39FA95340FD01BAF963F21FFFB]\}\
04-29 17:02:00.128  3538 21860 I [zero daemon] : \{[A32E1AC369E42B6168CFC8ECFBFA9951C42133C77ADF9B218D854990F6269E392BB582333EA1FB9A3DD83C292BF89A20]\}\
04-29 17:02:00.138  3823  3823 D [AccuTab] : \{[74008C16268BE8DC423E211D01067723CDE6D59F3670E3AC64DE6038CC01C6542EA632AE56BE2AA0B00375073F965A14]\}\
04-29 17:02:00.143  3823  3823 D [AccuTab] : \{[2025CC91287346DEC3221AC1195D9C5D7163100894380BD1BF9EFBCEAF25DA30316F93F0BB94A97D3F74CBCB3AE9D48C2E005A10CBDB353ABB33E114A66706C887C0B0E91CAE8E58CE2508DE7F1361A9]\}\
04-29 17:02:00.143  3823  3823 D [AccuTab] : \{[2A3EB7143AC81BB0125CF5BF34461C1179E52C7A0EAA060F1E2500438161CC77B638797A3BAFB653B4B440DCA7C1579F5B96464694608778E07495A0BD9C5F6CC85105EF2781DBE549C616F2878E0CD5]\}\
04-29 17:02:00.143  3823  3823 D [AccuTab] : \{[EED4F37EAE8CF81948B50258F561CDA33481A5C711D26C706B9FCAACFF90288A749AA1DF49AF4BCB9D86B4BA83FD66F8]\}\
04-29 17:02:00.143  3823  3823 D [AccuTab] : \{[C8F46EE75CE5E6976A18B371E4A1FA385D507FFA164261BD17955837D3EC2BC26DE3B87F89E727E46A0AE3D5E63D42666EC17255D371C7A553BEFCE0DFB78D5F]\}\
04-29 17:02:00.148  3823  3823 D [AccuTab] : \{[DC3F2ED931F43D15025E60DC95471ACD7C9399615E0C45A2EFDF89E0EB3E8BCBC1EC23F238023AE70CD7ED0C220D301F8124ECA084629700AAFD4FD5E0185201]\}\
04-29 17:02:00.148  3823  3823 D [AccuTab] : \{[4F32A411BC6719FE325C61FA21226B42DE4630E7B41062E5F5BCD28DF9FC645159D644DA3FF5867A925139756A902EDA]\}\
04-29 17:02:00.148  3823  3823 D [AccuTab] : \{[1DD44868D8589B3424BF3A07850E2CA6CB1D5773F54404E508936BC313AC693A68E54FCE24A4F5C0F2243EF323BC30E0F07F94A57AFAE2B7BD609486E15A51D9]\}\
04-29 17:02:00.153  3823  3823 D [AccuTab] : \{[19479FB03340899FC1B7C3938D29DED0260A065C397CCE05C2AA88854466200A6B000A39748E9502455A25EFC1FAD9BB]\}\
04-29 17:02:00.153  3823  3823 D [AccuTab] : \{[7FFEBAFA80F5858BF33C4D287E2AC8FB28F40234D13C8D89B9A6FAEC40F67AF76D5DD50319E760E65238EEE37A07E628527E028A88D21E316F9B7D07E683B21A]\}\
04-29 17:02:00.153  3823  3823 D [AccuTab] : \{[21FAB0E56E8355D4BAA610002FE34B78B907945C6A6BE2296AB66A3025448694777382D5665FA1B87DF71059B6276CDC]\}\
04-29 17:02:00.153  3823  3823 D [AccuTab] : \{[1B72E932D17418C72354FBE4B7A6DBF200B72038AB48135C3304C41B86A8A28AB8C934AEF505D12BAC8F3445BE1D024E1065C9E2F502B410E01C00524385629A]\}\
04-29 17:02:00.158  3823  3823 D [AccuTab] : \{[B9BE168310C6B7E8899D6AF490B33177685D8CC73538424F2FF093EC8698DBCB0AE426CEC14BBF7D95E83A9FD34AFA2A]\}\
04-29 17:02:00.163  3823  3823 E [AccuTab] : \{[14CA2E936EDF73970A86B51104D336BF7B57200A0424D50C7B3A4CBDEAB7F47E]\}\
04-29 17:02:00.163  3823  3823 E [AccuTab] : \{[F2365D0A486BA658F3AEFB68FB53581BF0AF8AE1F17BB01FB7905EA06DBFCD96B27A5136D3C9F5873D173CC9F82040F3AD3575479B6835F5A36B64CC527CC12C]\}\
04-29 17:02:00.163  3823  3823 D [AccuTab] : \{[538E67FFE72852ED22DF7789F8E8125FCE215E1D36F8932CB443DF14D31CFC56E0A57994442FFD54EB29D9672865959F]\}\
04-29 17:02:00.168  3823  3823 D [AccuTab] : \{[19479FB03340899FC1B7C3938D29DED0260A065C397CCE05C2AA88854466200A6B000A39748E9502455A25EFC1FAD9BB]\}\
04-29 17:02:00.168  3823  3823 D [AccuTab] : \{[7FFEBAFA80F5858BF33C4D287E2AC8FB28F40234D13C8D89B9A6FAEC40F67AF76D5DD50319E760E65238EEE37A07E628527E028A88D21E316F9B7D07E683B21A]\}\
04-29 17:02:00.168  3823  3823 D [AccuTab] : \{[21FAB0E56E8355D4BAA610002FE34B78B907945C6A6BE2296AB66A3025448694777382D5665FA1B87DF71059B6276CDC]\}\
04-29 17:02:00.173  3419  3419 D KeyguardEffectViewController: onReceive action : android.intent.action.TIME_TICK\
04-29 17:02:00.173  3419  3419 I KeyguardEffectViewController: *** don't update sliding image ***\
04-29 17:02:00.183  3419  3419 D SecKeyguardStatusUtils: regionalDateFormat = 11/22/3333 isRTLlanguage = false returnDateFormat = E, MMMM d\
04-29 17:02:00.273 22560 22560 W AccessibilityNodeInfoDumper: Fetch time: 17ms\
04-29 17:02:00.338 22560 22560 I QueryController: Matched selector: UiSelector[CLASS=android.widget.ProgressBar, INSTANCE=0] <<==>> [android.view.accessibility.AccessibilityNodeInfo@800e633b; boundsInParent: Rect(0, 0 - 96, 96); boundsInScreen: Rect(720, 1065 - 816, 1161); packageName: com.icrealtime.allie; className: android.widget.ProgressBar; text: null; error: null; maxTextLength: -1; contentDescription: null; viewIdResName: null; checkable: false; checked: false; focusable: false; focused: false; selected: false; clickable: false; longClickable: false; enabled: true; password: false; scrollable: false; actions: [AccessibilityAction: ACTION_SELECT - null, AccessibilityAction: ACTION_CLEAR_SELECTION - null, AccessibilityAction: ACTION_ACCESSIBILITY_FOCUS - null]]\
04-29 17:02:00.543 22560 22560 I QueryController: Matched selector: UiSelector[CLASS=android.widget.ProgressBar, INSTANCE=0] <<==>> [android.view.accessibility.AccessibilityNodeInfo@800e633b; boundsInParent: Rect(0, 0 - 96, 96); boundsInScreen: Rect(720, 1065 - 816, 1161); packageName: com.icrealtime.allie; className: android.widget.ProgressBar; text: null; error: null; maxTextLength: -1; contentDescription: null; viewIdResName: null; checkable: false; checked: false; focusable: false; focused: false; selected: false; clickable: false; longClickable: false; enabled: true; password: false; scrollable: false; actions: [AccessibilityAction: ACTION_SELECT - null, AccessibilityAction: ACTION_CLEAR_SELECTION - null, AccessibilityAction: ACTION_ACCESSIBILITY_FOCUS - null]]\
04-29 17:02:00.543 22560 22560 D UiObject: getText() = \
04-29 17:02:00.713 22560 22560 W AccessibilityNodeInfoDumper: Fetch time: 14ms\
04-29 17:02:00.773 22560 22560 I QueryController: Matched selector: UiSelector[CLASS=android.widget.ProgressBar, INSTANCE=0] <<==>> [android.view.accessibility.AccessibilityNodeInfo@800e633b; boundsInParent: Rect(0, 0 - 96, 96); boundsInScreen: Rect(720, 1065 - 816, 1161); packageName: com.icrealtime.allie; className: android.widget.ProgressBar; text: null; error: null; maxTextLength: -1; contentDescription: null; viewIdResName: null; checkable: false; checked: false; focusable: false; focused: false; selected: false; clickable: false; longClickable: false; enabled: true; password: false; scrollable: false; actions: [AccessibilityAction: ACTION_SELECT - null, AccessibilityAction: ACTION_CLEAR_SELECTION - null, AccessibilityAction: ACTION_ACCESSIBILITY_FOCUS - null]]\
04-29 17:02:00.898 22560 22560 I QueryController: Matched selector: UiSelector[CLASS=android.widget.ProgressBar, INSTANCE=0] <<==>> [android.view.accessibility.AccessibilityNodeInfo@800e633b; boundsInParent: Rect(0, 0 - 96, 96); boundsInScreen: Rect(720, 1065 - 816, 1161); packageName: com.icrealtime.allie; className: android.widget.ProgressBar; text: null; error: null; maxTextLength: -1; contentDescription: null; viewIdResName: null; checkable: false; checked: false; focusable: false; focused: false; selected: false; clickable: false; longClickable: false; enabled: true; password: false; scrollable: false; actions: [AccessibilityAction: ACTION_SELECT - null, AccessibilityAction: ACTION_CLEAR_SELECTION - null, AccessibilityAction: ACTION_ACCESSIBILITY_FOCUS - null]]\
04-29 17:02:00.898 22560 22560 D UiObject: getText() = \
04-29 17:02:00.968 22605 23982 D         : (null):0 ((null)): FQS 0\
04-29 17:02:00.968 22605 23982 D         : (null):0 ((null)): PQS 0\
04-29 17:02:00.968 22605 23982 D         : (null):0 ((null)): timerDelta:  438434\
