05-05 17:41:20.680  3257 16314 E ActivityManager: failed to get LpnetManagerService instance or Pkg was null 
05-05 17:41:20.690  3257 16949 D ActivityManager: startService callerProcessName:com.google.android.gsf, calleePkgName: com.google.android.gsf
05-05 17:41:20.695  3257 16949 D ActivityManager: retrieveServiceLocked(): component = com.google.android.gsf/com.google.android.gsf.subscribedfeeds.GCMIntentService; callingUser = 0; userId(target) = 0
05-05 17:41:20.740  3257  3280 D ActivityManager: bindService callerProcessName:android, calleePkgName: com.google.android.gm, action: android.content.SyncAdapter
05-05 17:41:20.740  3257  3280 D ActivityManager: retrieveServiceLocked(): component = com.google.android.gm/com.google.android.gm.provider.MailSyncAdapterService; callingUser = 0; userId(target) = 0
05-05 17:41:20.765  3257  4047 D ActivityManager: bindService callerProcessName:android, calleePkgName: com.google.android.gms, action: android.accounts.AccountAuthenticator
05-05 17:41:20.765  3257  4047 D ActivityManager: retrieveServiceLocked(): component = com.google.android.gms/com.google.android.gms.auth.GoogleAccountAuthenticatorService; callingUser = 0; userId(target) = 0
05-05 17:41:20.775  3257  5298 D ActivityManager: bindService callerProcessName:com.google.android.gm, calleePkgName: com.google.android.gms, action: null
05-05 17:41:20.775  3257  5298 D ActivityManager: retrieveServiceLocked(): component = com.google.android.gms/com.google.android.gms.auth.GetToken; callingUser = 0; userId(target) = 0
05-05 17:41:20.790  3257 16314 D ActivityManager: retrieveServiceLocked(): component = null; callingUser = 0; userId(target) = 0
05-05 17:41:20.805  5095 20027 W ResourcesManager: Asset path '/system/framework/com.android.media.remotedisplay.jar' does not exist or contains no resources.
05-05 17:41:20.805  5095 20027 W ResourcesManager: Asset path '/system/framework/com.android.location.provider.jar' does not exist or contains no resources.
05-05 17:41:20.805  3257  3608 D ActivityManager: bindService callerProcessName:android, calleePkgName: com.google.android.gms, action: android.accounts.AccountAuthenticator
05-05 17:41:20.805  3257  3608 D ActivityManager: retrieveServiceLocked(): component = com.google.android.gms/com.google.android.gms.auth.GoogleAccountAuthenticatorService; callingUser = 0; userId(target) = 0
05-05 17:41:20.815  3257  3269 D ActivityManager: bindService callerProcessName:com.google.android.gms, calleePkgName: com.google.android.gms, action: null
05-05 17:41:20.815  3257  3269 D ActivityManager: retrieveServiceLocked(): component = com.google.android.gms/com.google.android.gms.auth.GetToken; callingUser = 0; userId(target) = 0
05-05 17:41:21.075  3257  3608 D ActivityManager: bindService callerProcessName:android, calleePkgName: com.google.android.gms, action: android.accounts.AccountAuthenticator
05-05 17:41:21.075  3257  3608 D ActivityManager: retrieveServiceLocked(): component = com.google.android.gms/com.google.android.gms.auth.GoogleAccountAuthenticatorService; callingUser = 0; userId(target) = 0
05-05 17:41:21.310  3257  3568 D ActivityManager: startService callerProcessName:com.google.android.gm, calleePkgName: com.google.android.gm
05-05 17:41:21.310  3257  3568 D ActivityManager: retrieveServiceLocked(): component = com.google.android.gm/com.android.mail.widget.BaseGmailWidgetProviderService; callingUser = 0; userId(target) = 0
05-05 17:41:21.360  3257  3269 D ActivityManager: retrieveServiceLocked(): component = null; callingUser = 0; userId(target) = 0
05-05 17:41:21.365  4036  4036 W ContextImpl: Calling a method in the system process without a qualified user: android.app.ContextImpl.sendBroadcast:1698 android.content.ContextWrapper.sendBroadcast:391 android.inputmethodservice.InputMethodService.sendInputViewShownState:424 android.inputmethodservice.InputMethodService.showWindow:2021 android.inputmethodservice.InputMethodService$InputMethodImpl.showSoftInput:648 
05-05 17:41:21.370  3257  5049 D SSRM:a  : DeviceInfo:: 000000000000
05-05 17:41:21.370  3257  5049 D SSRM:a  : SettingsAirViewInfo:: 000000000
05-05 17:41:21.370  3257 16315 D ActivityManager: startService callerProcessName:com.google.android.gms, calleePkgName: com.google.android.gms
05-05 17:41:21.370  3257 16315 D ActivityManager: retrieveServiceLocked(): component = com.google.android.gms/com.google.android.gms.icing.service.IndexWorkerService; callingUser = 0; userId(target) = 0
05-05 17:41:21.375  4036 20029 W ContextImpl: Calling a method in the system process without a qualified user: android.app.ContextImpl.sendBroadcast:1698 android.content.ContextWrapper.sendBroadcast:391 android.inputmethodservice.InputMethodService$4.run:3277 java.lang.Thread.run:818 <bottom of call stack> 
05-05 17:41:21.380  3257  3257 I ValidateNoPeople: skipping global notification
05-05 17:41:21.385  3257  3257 W NotificationService: Pray mode not found android.content.pm.PackageManager$NameNotFoundException: Application package com.sec.android.settings.praymodewidget not found
05-05 17:41:21.410  3257 31676 D ActivityManager: retrieveServiceLocked(): component = null; callingUser = 0; userId(target) = 0
05-05 17:41:21.420  3257  3608 D ActivityManager: retrieveServiceLocked(): component = null; callingUser = 0; userId(target) = 0
05-05 17:41:21.435  3257  5298 D ActivityManager: retrieveServiceLocked(): component = null; callingUser = 0; userId(target) = 0
05-05 17:41:21.455  3257  3353 D ActivityManager: startService callerProcessName:com.google.android.gm, calleePkgName: com.google.android.gm
05-05 17:41:21.455  3257  3353 D ActivityManager: retrieveServiceLocked(): component = com.google.android.gm/com.google.android.gm.GmailIntentService; callingUser = 0; userId(target) = 0
05-05 17:41:21.470  3257  5298 D ActivityManager: startService callerProcessName:com.google.android.gm, calleePkgName: com.google.android.gm
05-05 17:41:21.470  3257  5298 D ActivityManager: retrieveServiceLocked(): component = com.google.android.gm/com.google.android.gm.GmailIntentService; callingUser = 0; userId(target) = 0
05-05 17:41:21.480  3257  3610 D ActivityManager: bindService callerProcessName:android, calleePkgName: com.google.android.gms, action: android.accounts.AccountAuthenticator
05-05 17:41:21.480  3257  3610 D ActivityManager: retrieveServiceLocked(): component = com.google.android.gms/com.google.android.gms.auth.GoogleAccountAuthenticatorService; callingUser = 0; userId(target) = 0
05-05 17:41:21.910  3257  3568 D ActivityManager: retrieveServiceLocked(): component = null; callingUser = 0; userId(target) = 0
05-05 17:41:21.930  3257 31676 D ActivityManager: startService callerProcessName:com.google.android.gms, calleePkgName: com.google.android.gms
05-05 17:41:21.930  3257 31676 D ActivityManager: retrieveServiceLocked(): component = com.google.android.gms/com.google.android.gms.people.service.PeopleRequestProcessor; callingUser = 0; userId(target) = 0
05-05 17:41:22.060  3257  3270 D ActivityManager: startService callerProcessName:com.google.android.gms, calleePkgName: com.google.android.gms
05-05 17:41:22.060  3257  3270 D ActivityManager: retrieveServiceLocked(): component = com.google.android.gms/com.google.android.gms.people.service.PeopleRequestProcessor; callingUser = 0; userId(target) = 0
05-05 17:41:22.100  3257  3779 D ActivityManager: retrieveServiceLocked(): component = null; callingUser = 0; userId(target) = 0
05-05 17:41:22.225  3257  3766 D ActivityManager: startService callerProcessName:com.google.android.gms, calleePkgName: com.google.android.gms
05-05 17:41:22.230  3257  3766 D ActivityManager: retrieveServiceLocked(): component = com.google.android.gms/com.google.android.gms.people.service.PeopleRequestProcessor; callingUser = 0; userId(target) = 0
05-05 17:41:22.315  3257  4047 D ActivityManager: startService callerProcessName:com.google.android.gms, calleePkgName: com.google.android.gms
05-05 17:41:22.315  3257  4047 D ActivityManager: retrieveServiceLocked(): component = com.google.android.gms/com.google.android.gms.people.service.PeopleRequestProcessor; callingUser = 0; userId(target) = 0
05-05 17:41:22.405  3257  3608 D ActivityManager: startService callerProcessName:com.google.android.gms, calleePkgName: com.google.android.gms
05-05 17:41:22.405  3257  3608 D ActivityManager: retrieveServiceLocked(): component = com.google.android.gms/com.google.android.gms.people.service.PeopleRequestProcessor; callingUser = 0; userId(target) = 0
05-05 17:41:22.515  3257  3779 D ActivityManager: retrieveServiceLocked(): component = com.google.android.gms/com.google.android.gms.icing.service.IndexWorkerService; callingUser = 0; userId(target) = 0
05-05 17:41:22.520  3257  3269 D ActivityManager: startService callerProcessName:com.google.android.gms, calleePkgName: com.google.android.gms
05-05 17:41:22.520  3257  3269 D ActivityManager: retrieveServiceLocked(): component = com.google.android.gms/com.google.android.gms.people.service.PeopleRequestProcessor; callingUser = 0; userId(target) = 0
05-05 17:41:22.605  3257  3766 D ActivityManager: startService callerProcessName:com.google.android.gms, calleePkgName: com.google.android.gms
05-05 17:41:22.605  3257  3766 D ActivityManager: retrieveServiceLocked(): component = com.google.android.gms/com.google.android.gms.people.service.PeopleRequestProcessor; callingUser = 0; userId(target) = 0
05-05 17:41:22.720  3257  4047 D ActivityManager: startService callerProcessName:com.google.android.gms, calleePkgName: com.google.android.gms
05-05 17:41:22.720  3257  4047 D ActivityManager: retrieveServiceLocked(): component = com.google.android.gms/com.google.android.gms.people.service.PeopleRequestProcessor; callingUser = 0; userId(target) = 0
05-05 17:41:22.800  3257  3270 D ActivityManager: startService callerProcessName:com.google.android.gms, calleePkgName: com.google.android.gms
05-05 17:41:22.800  3257  3270 D ActivityManager: retrieveServiceLocked(): component = com.google.android.gms/com.google.android.gms.people.service.PeopleRequestProcessor; callingUser = 0; userId(target) = 0
05-05 17:41:22.910  3257  3766 D ActivityManager: startService callerProcessName:com.google.android.gms, calleePkgName: com.google.android.gms
05-05 17:41:22.910  3257  3766 D ActivityManager: retrieveServiceLocked(): component = com.google.android.gms/com.google.android.gms.people.service.PeopleRequestProcessor; callingUser = 0; userId(target) = 0
05-05 17:41:22.980  3257 16314 D ActivityManager: startService callerProcessName:com.google.android.gms, calleePkgName: com.google.android.gms
05-05 17:41:22.980  3257 16314 D ActivityManager: retrieveServiceLocked(): component = com.google.android.gms/com.google.android.gms.people.service.PeopleRequestProcessor; callingUser = 0; userId(target) = 0
05-05 17:41:23.020  3257  3608 D ActivityManager: retrieveServiceLocked(): component = null; callingUser = 0; userId(target) = 0
05-05 17:41:23.045  3257  3257 I ValidateNoPeople: Validating: 0|com.google.android.gm|2146459274|null|10087
05-05 17:41:23.045  3257  3257 I ValidateNoPeople: final affinity: 0.0
05-05 17:41:23.050  3257  3257 D LightsService: [api] [SvcLED] turnOff:: id = 4 (uid: 1000 pid: 3257) 
05-05 17:41:23.050  3257  3257 D LightsService: [SvcLED] setSvcLedStateLocked:: SvcLEDState : 0x0 -> 0x0 | SvcLED(id=4) set Off
05-05 17:41:23.050  3257  3309 D LightsService: [SvcLED] Lux failed to be updated in 0ms. -> handleForcedSvcLEDTasK
05-05 17:41:23.050  3257  3309 D LightsService: [SvcLED]  setSvcLedLightLocked :: Current SvcLED(id=4) maintains its priority right
05-05 17:41:23.050  3257  3257 W NotificationService: Pray mode not found android.content.pm.PackageManager$NameNotFoundException: Application package com.sec.android.settings.praymodewidget not found
05-05 17:41:23.050  3257  3257 D LightsService: [api] [SvcLED] turnOff:: id = 4 (uid: 1000 pid: 3257) 
05-05 17:41:23.050  3257  3257 D LightsService: [SvcLED] setSvcLedStateLocked:: SvcLEDState : 0x0 -> 0x0 | SvcLED(id=4) set Off
05-05 17:41:23.050  3257  3309 D LightsService: [SvcLED] Lux failed to be updated in 0ms. -> handleForcedSvcLEDTasK
05-05 17:41:23.050  3257  3309 D LightsService: [SvcLED]  setSvcLedLightLocked :: Current SvcLED(id=4) maintains its priority right
05-05 17:41:23.065  3257  3257 I ValidateNoPeople: Validating: 0|com.google.android.gm|-1665966484|null|10087
05-05 17:41:23.065  3257  3257 I ValidateNoPeople: final affinity: 0.0
05-05 17:41:23.065  3257  3257 D WindowManager: showStatusBarByNotification() mOpenByNotification=false
05-05 17:41:23.065  3257  3257 W NotificationService: Pray mode not found android.content.pm.PackageManager$NameNotFoundException: Application package com.sec.android.settings.praymodewidget not found
05-05 17:41:25.500  3257  4047 D ActivityManager: startService callerProcessName:com.google.android.gm, calleePkgName: com.google.android.gm
05-05 17:41:25.500  3257  4047 D ActivityManager: retrieveServiceLocked(): component = com.google.android.gm/com.android.mail.widget.BaseGmailWidgetProviderService; callingUser = 0; userId(target) = 0
05-05 17:41:25.505  4036  4036 W ContextImpl: Calling a method in the system process without a qualified user: android.app.ContextImpl.sendBroadcast:1698 android.content.ContextWrapper.sendBroadcast:391 com.ime.framework.common.InputManagerImpl.sendBroadcaseSIPShown:9947 com.ime.framework.common.InputManagerImpl.startInputView:3692 com.sec.android.inputmethod.SamsungKeypad.onStartInputView:445 
05-05 17:41:25.505  4036  4036 W ContextImpl: Calling a method in the system process without a qualified user: android.app.ContextImpl.sendBroadcast:1698 android.content.ContextWrapper.sendBroadcast:391 android.inputmethodservice.InputMethodService.sendInputViewShownState:424 android.inputmethodservice.InputMethodService.showWindow:2021 android.inputmethodservice.InputMethodService$InputMethodImpl.showSoftInput:648 
05-05 17:41:25.510  4036 20042 W ContextImpl: Calling a method in the system process without a qualified user: android.app.ContextImpl.sendBroadcast:1698 android.content.ContextWrapper.sendBroadcast:391 android.inputmethodservice.InputMethodService$4.run:3277 java.lang.Thread.run:818 <bottom of call stack> 
05-05 17:41:25.510  3257  5049 D SSRM:a  : DeviceInfo:: 000000000000
05-05 17:41:25.510  3257  5049 D SSRM:a  : SettingsAirViewInfo:: 000000000
05-05 17:41:25.515  3257  3257 I ValidateNoPeople: skipping global notification
05-05 17:41:25.515  4036  4036 W ContextImpl: Calling a method in the system process without a qualified user: android.app.ContextImpl.sendBroadcast:1698 android.content.ContextWrapper.sendBroadcast:391 android.inputmethodservice.InputMethodService.sendInputViewShownState:424 android.inputmethodservice.InputMethodService.showWindow:2021 android.inputmethodservice.InputMethodService$InputMethodImpl.showSoftInput:648 
05-05 17:41:25.520  3257  3257 W NotificationService: Pray mode not found android.content.pm.PackageManager$NameNotFoundException: Application package com.sec.android.settings.praymodewidget not found
05-05 17:41:25.520  4036 20044 W ContextImpl: Calling a method in the system process without a qualified user: android.app.ContextImpl.sendBroadcast:1698 android.content.ContextWrapper.sendBroadcast:391 android.inputmethodservice.InputMethodService$4.run:3277 java.lang.Thread.run:818 <bottom of call stack> 
05-05 17:41:25.520  3257  5049 D SSRM:a  : DeviceInfo:: 000000000000
05-05 17:41:25.520  3257  5049 D SSRM:a  : SettingsAirViewInfo:: 000000000
05-05 17:41:25.525  3257  3257 I ValidateNoPeople: skipping global notification
05-05 17:41:25.535  3257  3257 W NotificationService: Pray mode not found android.content.pm.PackageManager$NameNotFoundException: Application package com.sec.android.settings.praymodewidget not found
05-05 17:41:26.100  3257  3556 D ActivityManager: retrieveServiceLocked(): component = null; callingUser = 0; userId(target) = 0
05-05 17:41:26.650  3257  3565 E Watchdog: !@Sync 569 [05-05 17:41:26.650]
05-05 17:41:27.015  3257  5049 D SSRM:n  : SIOP:: AP = 420, PST = 439 (W:14), CUR = 156, LCD = 29
05-05 17:41:27.225  3257  4047 D BatteryService: !@BatteryListener : batteryPropertiesChanged!
05-05 17:41:27.225  3257  4047 D BatteryService: level:56, scale:100, status:3, health:2, present:true, voltage: 3894, temperature: 351, technology: Li-ion, AC powered:false, USB powered:true, POGO powered:false, Wireless powered:false, icon:17303382, invalid charger:0
05-05 17:41:27.225  3257  4047 D BatteryService: online:4, current avg:2, charge type:2, power sharing:false, high voltage charger:false, capacity:280000, current_now:3
05-05 17:41:27.225  3257  3257 D BatteryService: Sending ACTION_BATTERY_CHANGED.
05-05 17:41:27.235  3674  3674 V EmergencyMode: [EmergencyStateReceiver] onReceive : android.intent.action.BATTERY_CHANGED
05-05 17:41:27.235  3674  3674 V EmergencyMode: [EmergencyStateReceiver] ACTION_BATTERY_CHANGED mBatteryLevelForLogging = 56
05-05 17:41:27.250  3422  3422 D BatteryMeterView: ACTION_BATTERY_CHANGED : level:56 status:3 health:2
05-05 17:41:27.250  3422  3422 D BatteryMeterView: ACTION_BATTERY_CHANGED : level:56 status:3 health:2
05-05 17:41:27.250  3422  3422 D BatteryMeterView: ACTION_BATTERY_CHANGED : level:56 status:3 health:2
05-05 17:41:27.250  3422  3422 D CoverUpdateMonitor: received broadcast android.intent.action.BATTERY_CHANGED
05-05 17:41:27.380  3257  3330 D PowerManagerService: [api] userActivityFromNative : 1890 (event: 2 flags: 0) eventTime = 17084527
05-05 17:41:27.390  3257 16314 V VibratorService: hasVibrator - useVibetonz: false
05-05 17:41:27.390  4036  4036 W ContextImpl: Calling a method in the system process without a qualified user: android.app.ContextImpl.sendBroadcast:1698 android.content.ContextWrapper.sendBroadcast:391 android.inputmethodservice.InputMethodService.sendInputViewShownState:424 android.inputmethodservice.InputMethodService.showWindow:2021 android.inputmethodservice.InputMethodService$InputMethodImpl.showSoftInput:648 
05-05 17:41:27.395  3257  5049 D SSRM:a  : DeviceInfo:: 000000000000
05-05 17:41:27.395  3257  5049 D SSRM:a  : SettingsAirViewInfo:: 000000000
05-05 17:41:27.395  4036 20047 W ContextImpl: Calling a method in the system process without a qualified user: android.app.ContextImpl.sendBroadcast:1698 android.content.ContextWrapper.sendBroadcast:391 android.inputmethodservice.InputMethodService$4.run:3277 java.lang.Thread.run:818 <bottom of call stack> 
05-05 17:41:27.400  3257  3257 I ValidateNoPeople: skipping global notification
05-05 17:41:27.400  3257  3257 W NotificationService: Pray mode not found android.content.pm.PackageManager$NameNotFoundException: Application package com.sec.android.settings.praymodewidget not found
05-05 17:41:27.940  3257  3610 D ActivityManager: retrieveServiceLocked(): component = null; callingUser = 0; userId(target) = 0
05-05 17:41:29.475  3257 16314 D ActivityManager: retrieveServiceLocked(): component = null; callingUser = 0; userId(target) = 0
05-05 17:41:30.175  3257 20051 W ContextImpl: Calling a method in the system process without a qualified user: android.app.ContextImpl.sendBroadcast:1698 com.android.server.InputMethodManagerService$6.run:2786 java.lang.Thread.run:818 <bottom of call stack> <bottom of call stack> 
05-05 17:41:30.175  3257 16314 I MultiPhoneWindowManager: Changed -> mCurrentInputMethodTarget : null
05-05 17:41:30.180  3257  3257 D LightsService: [api] [SvcLED] turnOff:: id = 4 (uid: 1000 pid: 3257) 
05-05 17:41:30.180  3257  3257 D LightsService: [SvcLED] setSvcLedStateLocked:: SvcLEDState : 0x0 -> 0x0 | SvcLED(id=4) set Off
05-05 17:41:30.180  3257  3309 D LightsService: [SvcLED] Lux failed to be updated in 0ms. -> handleForcedSvcLEDTasK
05-05 17:41:30.180  3257  3309 D LightsService: [SvcLED]  setSvcLedLightLocked :: Current SvcLED(id=4) maintains its priority right
05-05 17:41:30.185  4036  4036 W ContextImpl: Calling a method in the system process without a qualified user: android.app.ContextImpl.sendBroadcast:1698 android.content.ContextWrapper.sendBroadcast:391 android.inputmethodservice.InputMethodService.sendInputViewShownState:424 android.inputmethodservice.InputMethodService.hideWindow:2193 android.inputmethodservice.InputMethodService.doHideWindow:2171 
05-05 17:41:30.185  3257  5049 D SSRM:a  : DeviceInfo:: 000000000000
05-05 17:41:30.190  3257  5049 D SSRM:a  : SettingsAirViewInfo:: 000000000
05-05 17:41:30.190  4036 20052 W ContextImpl: Calling a method in the system process without a qualified user: android.app.ContextImpl.sendBroadcast:1698 android.content.ContextWrapper.sendBroadcast:391 android.inputmethodservice.InputMethodService$4.run:3277 java.lang.Thread.run:818 <bottom of call stack> 
05-05 17:41:31.345  3257 16315 D MultiWindowConverter: dismissGuide() : Before attaching the guide view, mForceDismissGuide : false
05-05 17:41:31.345  3257  3292 D StatusBarManagerService: manageDisableList userId=0 what=0x0 pkg=WindowManager.LayoutParams
05-05 17:41:36.920  3257 16314 D MultiWindowConverter: dismissGuide() : Before attaching the guide view, mForceDismissGuide : false
05-05 17:41:36.920  3257  3292 D StatusBarManagerService: manageDisableList userId=0 what=0x0 pkg=WindowManager.LayoutParams
05-05 17:41:36.940  3257  3610 W InputMethodManagerService: Window already focused, ignoring focus gain of: com.android.internal.view.IInputMethodClient$Stub$Proxy@36a1775a attribute=android.view.inputmethod.EditorInfo@1eb96d8b, token = android.os.BinderProxy@5b2f992
05-05 17:41:37.025  3257  5049 D SSRM:n  : SIOP:: AP = 420, PST = 439 (W:16), CUR = 2, LCD = 29
05-05 17:41:37.240  3257 16949 D BatteryService: !@BatteryListener : batteryPropertiesChanged!
05-05 17:41:37.240  3257 16949 D BatteryService: level:56, scale:100, status:3, health:2, present:true, voltage: 3875, temperature: 350, technology: Li-ion, AC powered:false, USB powered:true, POGO powered:false, Wireless powered:false, icon:17303382, invalid charger:0
05-05 17:41:37.240  3257 16949 D BatteryService: online:4, current avg:54, charge type:2, power sharing:false, high voltage charger:false, capacity:280000, current_now:54
05-05 17:41:37.240  3257  3257 D BatteryService: Sending ACTION_BATTERY_CHANGED.
05-05 17:41:37.250  3674  3674 V EmergencyMode: [EmergencyStateReceiver] onReceive : android.intent.action.BATTERY_CHANGED
05-05 17:41:37.250  3674  3674 V EmergencyMode: [EmergencyStateReceiver] ACTION_BATTERY_CHANGED mBatteryLevelForLogging = 56
05-05 17:41:37.275  3422  3422 D BatteryMeterView: ACTION_BATTERY_CHANGED : level:56 status:3 health:2
05-05 17:41:37.275  3422  3422 D BatteryMeterView: ACTION_BATTERY_CHANGED : level:56 status:3 health:2
05-05 17:41:37.275  3422  3422 D BatteryMeterView: ACTION_BATTERY_CHANGED : level:56 status:3 health:2
05-05 17:41:37.275  3422  3422 D CoverUpdateMonitor: received broadcast android.intent.action.BATTERY_CHANGED
05-05 17:41:42.685  3257  3269 D ActivityManager: retrieveServiceLocked(): component = null; callingUser = 0; userId(target) = 0
05-05 17:41:43.270  3257  3766 D CustomFrequencyManagerService: acquireDVFSLockLocked : type : DVFS_MIN_LIMIT  frequency : 1800000  uid : 1000  pid : 3257  pkgName : ACTIVITY_RESUME_BOOSTER@2
05-05 17:41:43.270  3257  3766 W ActivityManager: mDVFSHelper.acquire()
05-05 17:41:43.275  3257  3766 D MultiWindowConverter: dismissGuide() : Before attaching the guide view, mForceDismissGuide : false
05-05 17:41:43.275  3257  3270 W ActivityManager: Duplicate finish request for ActivityRecord{222dfd3a u0 com.icrealtime.allie/.ui.activities.MainActivity t803 f}
05-05 17:41:43.300  3257  3766 W ActivityManager: Permission Denial: getCurrentUser() from pid=19644, uid=10360 requires android.permission.INTERACT_ACROSS_USERS
05-05 17:41:43.305  3257  3779 D ActivityManager: startService callerProcessName:com.icrealtime.allie, calleePkgName: com.icrealtime.allie
05-05 17:41:43.305  3257  3779 D ActivityManager: retrieveServiceLocked(): component = com.icrealtime.allie/com.icrealtime.allie.service.BackgroundService; callingUser = 0; userId(target) = 0
05-05 17:41:43.520  3257  3270 D ActivityManager: bindService callerProcessName:com.icrealtime.allie, calleePkgName: com.icrealtime.allie, action: null
05-05 17:41:43.525  3257  3270 D ActivityManager: retrieveServiceLocked(): component = com.icrealtime.allie/com.icrealtime.allie.service.BackgroundService; callingUser = 0; userId(target) = 0
05-05 17:41:43.525  3257  3257 D PersonaManagerService: getPersonasForUser(): returning null!
05-05 17:41:43.535  3257 31676 D MultiWindowConverter: dismissGuide() : Before attaching the guide view, mForceDismissGuide : false
05-05 17:41:43.535  3257  3292 D StatusBarManagerService: manageDisableList userId=0 what=0x0 pkg=WindowManager.LayoutParams
05-05 17:41:43.535  3257  3292 D StatusBarManagerService: manageDisableList userId=0 what=0x0 pkg=WindowManager.LayoutParams
05-05 17:41:43.590  3257 20064 W ContextImpl: Calling a method in the system process without a qualified user: android.app.ContextImpl.sendBroadcast:1698 com.android.server.InputMethodManagerService$6.run:2786 java.lang.Thread.run:818 <bottom of call stack> <bottom of call stack> 
05-05 17:41:43.855  3257  3294 D CustomFrequencyManagerService: releaseDVFSLockLocked : Getting Lock type frm List : DVFS_MIN_LIMIT  frequency : 1800000  uid : 1000  pid : 3257  tag : ACTIVITY_RESUME_BOOSTER@2
05-05 17:41:43.855  3257  3294 W ActivityManager: mDVFSHelper.release()
05-05 17:41:43.860  3257  3289 D CustomFrequencyManagerService: acquireDVFSLockLocked : type : DVFS_MIN_LIMIT  frequency : 1800000  uid : 1000  pid : 3257  pkgName : ACTIVITY_RESUME_BOOSTER@6
05-05 17:41:44.160  3257  3257 D CustomFrequencyManagerService: releaseDVFSLockLocked : Getting Lock type frm List : DVFS_MIN_LIMIT  frequency : 1800000  uid : 1000  pid : 3257  tag : ACTIVITY_RESUME_BOOSTER@6
05-05 17:41:44.795  3257  3269 D CustomFrequencyManagerService: acquireDVFSLockLocked : type : DVFS_MIN_LIMIT  frequency : 1800000  uid : 1000  pid : 3257  pkgName : ACTIVITY_RESUME_BOOSTER@2
05-05 17:41:44.795  3257  3269 W ActivityManager: mDVFSHelper.acquire()
05-05 17:41:44.800  3257  3269 D MultiWindowConverter: dismissGuide() : Before attaching the guide view, mForceDismissGuide : false
05-05 17:41:44.820  3257  3353 W ActivityManager: Permission Denial: getCurrentUser() from pid=19644, uid=10360 requires android.permission.INTERACT_ACROSS_USERS
05-05 17:41:44.825  3257  3270 D ActivityManager: startService callerProcessName:com.icrealtime.allie, calleePkgName: com.icrealtime.allie
05-05 17:41:44.825  3257  3270 D ActivityManager: retrieveServiceLocked(): component = com.icrealtime.allie/com.icrealtime.allie.service.BackgroundService; callingUser = 0; userId(target) = 0
05-05 17:41:44.840  3257 16949 D ActivityManager: bindService callerProcessName:com.icrealtime.allie, calleePkgName: com.icrealtime.allie, action: null
05-05 17:41:44.840  3257 16949 D ActivityManager: retrieveServiceLocked(): component = com.icrealtime.allie/com.icrealtime.allie.service.BackgroundService; callingUser = 0; userId(target) = 0
05-05 17:41:44.845  3257  3257 D PersonaManagerService: getPersonasForUser(): returning null!
05-05 17:41:44.855  3257 31676 D MultiWindowConverter: dismissGuide() : Before attaching the guide view, mForceDismissGuide : false
05-05 17:41:44.855  3257  3292 D StatusBarManagerService: manageDisableList userId=0 what=0x0 pkg=WindowManager.LayoutParams
05-05 17:41:44.890  3257 20080 W ContextImpl: Calling a method in the system process without a qualified user: android.app.ContextImpl.sendBroadcast:1698 com.android.server.InputMethodManagerService$6.run:2786 java.lang.Thread.run:818 <bottom of call stack> <bottom of call stack> 
05-05 17:41:44.900  3257  4047 I MultiPhoneWindowManager: Changed -> mCurrentInputMethodTarget : Window{38982dd6 u0 com.icrealtime.allie/com.icrealtime.allie.ui.activities.AuthActivity}
05-05 17:41:45.190  3257  3294 D CustomFrequencyManagerService: releaseDVFSLockLocked : Getting Lock type frm List : DVFS_MIN_LIMIT  frequency : 1800000  uid : 1000  pid : 3257  tag : ACTIVITY_RESUME_BOOSTER@2
05-05 17:41:45.190  3257  3294 W ActivityManager: mDVFSHelper.release()
05-05 17:41:45.205  3257  3289 D CustomFrequencyManagerService: acquireDVFSLockLocked : type : DVFS_MIN_LIMIT  frequency : 1800000  uid : 1000  pid : 3257  pkgName : ACTIVITY_RESUME_BOOSTER@6
05-05 17:41:45.210 19644 19644 V ActivityThread: updateVisibility : ActivityRecord{8245a2f token=android.os.BinderProxy@2a98dc13 {com.icrealtime.allie/com.icrealtime.allie.ui.activities.AfterSplashActivity}} show : false
05-05 17:41:45.510  3257  3257 D CustomFrequencyManagerService: releaseDVFSLockLocked : Getting Lock type frm List : DVFS_MIN_LIMIT  frequency : 1800000  uid : 1000  pid : 3257  tag : ACTIVITY_RESUME_BOOSTER@6
05-05 17:41:46.615  3257  5298 D ActivityManager: bindService callerProcessName:android, calleePkgName: com.sec.android.inputmethod, action: android.view.InputMethod
05-05 17:41:46.615  3257  5298 D ActivityManager: retrieveServiceLocked(): component = com.sec.android.inputmethod/com.sec.android.inputmethod.SamsungKeypad; callingUser = 0; userId(target) = 0
05-05 17:41:46.620  3257  3353 D CustomFrequencyManagerService: acquireDVFSLockLocked : type : DVFS_MIN_LIMIT  frequency : 1700000  uid : 1000  pid : 3257  pkgName : com.sec.android.inputmethod@1
05-05 17:41:46.645  4036  4036 W ContextImpl: Calling a method in the system process without a qualified user: android.app.ContextImpl.sendBroadcast:1698 android.content.ContextWrapper.sendBroadcast:391 com.ime.framework.common.InputManagerImpl.sendBroadcaseSIPShown:9947 com.ime.framework.common.InputManagerImpl.startInputView:3692 com.sec.android.inputmethod.SamsungKeypad.onStartInputView:445 
05-05 17:41:46.650  4036  4036 W ContextImpl: Calling a method in the system process without a qualified user: android.app.ContextImpl.sendBroadcast:1698 android.content.ContextWrapper.sendBroadcast:391 android.inputmethodservice.InputMethodService.sendInputViewShownState:424 android.inputmethodservice.InputMethodService.showWindow:2021 android.inputmethodservice.InputMethodService$InputMethodImpl.showSoftInput:648 
05-05 17:41:46.650  4036 20084 W ContextImpl: Calling a method in the system process without a qualified user: android.app.ContextImpl.sendBroadcast:1698 android.content.ContextWrapper.sendBroadcast:391 android.inputmethodservice.InputMethodService$4.run:3277 java.lang.Thread.run:818 <bottom of call stack> 
05-05 17:41:46.650  3257  5049 D SSRM:a  : DeviceInfo:: 000000000000
05-05 17:41:46.650  3257  5049 D SSRM:a  : SettingsAirViewInfo:: 000000000
05-05 17:41:46.655  3257  3257 I ValidateNoPeople: skipping global notification
05-05 17:41:46.655  3257  3257 W NotificationService: Pray mode not found android.content.pm.PackageManager$NameNotFoundException: Application package com.sec.android.settings.praymodewidget not found
05-05 17:41:47.025  3257 16314 D CustomFrequencyManagerService: releaseDVFSLockLocked : Getting Lock type frm List : DVFS_MIN_LIMIT  frequency : 1700000  uid : 1000  pid : 3257  tag : com.sec.android.inputmethod@1
05-05 17:41:47.030  3257  5049 D SSRM:n  : SIOP:: AP = 420, PST = 435 (W:16), CUR = 54, LCD = 29
05-05 17:41:47.245  3257  3766 D BatteryService: !@BatteryListener : batteryPropertiesChanged!
05-05 17:41:47.245  3257  3766 D BatteryService: level:56, scale:100, status:3, health:2, present:true, voltage: 3898, temperature: 350, technology: Li-ion, AC powered:false, USB powered:true, POGO powered:false, Wireless powered:false, icon:17303382, invalid charger:0
05-05 17:41:47.245  3257  3766 D BatteryService: online:4, current avg:-1222, charge type:2, power sharing:false, high voltage charger:false, capacity:280000, current_now:-1222
05-05 17:41:47.245  3257  3257 D BatteryService: Sending ACTION_BATTERY_CHANGED.
05-05 17:41:47.250  3674  3674 V EmergencyMode: [EmergencyStateReceiver] onReceive : android.intent.action.BATTERY_CHANGED
05-05 17:41:47.250  3674  3674 V EmergencyMode: [EmergencyStateReceiver] ACTION_BATTERY_CHANGED mBatteryLevelForLogging = 56
05-05 17:41:47.265  3422  3422 D BatteryMeterView: ACTION_BATTERY_CHANGED : level:56 status:3 health:2
05-05 17:41:47.265  3422  3422 D BatteryMeterView: ACTION_BATTERY_CHANGED : level:56 status:3 health:2
05-05 17:41:47.265  3422  3422 D BatteryMeterView: ACTION_BATTERY_CHANGED : level:56 status:3 health:2
05-05 17:41:47.265  3422  3422 D CoverUpdateMonitor: received broadcast android.intent.action.BATTERY_CHANGED
05-05 17:41:49.445  3257  3481 D ActivityManager: retrieveServiceLocked(): component = null; callingUser = 0; userId(target) = 0
05-05 17:41:49.550  3257  3330 D PowerManagerService: [api] userActivityFromNative : 1900 (event: 2 flags: 0) eventTime = 17106696
05-05 17:41:49.555  4036  4036 W ContextImpl: Calling a method in the system process without a qualified user: android.app.ContextImpl.sendBroadcast:1698 android.content.ContextWrapper.sendBroadcast:391 android.inputmethodservice.InputMethodService.sendInputViewShownState:424 android.inputmethodservice.InputMethodService.showWindow:2021 android.inputmethodservice.InputMethodService$InputMethodImpl.showSoftInput:648 
05-05 17:41:49.560  4036 20088 W ContextImpl: Calling a method in the system process without a qualified user: android.app.ContextImpl.sendBroadcast:1698 android.content.ContextWrapper.sendBroadcast:391 android.inputmethodservice.InputMethodService$4.run:3277 java.lang.Thread.run:818 <bottom of call stack> 
05-05 17:41:49.560  3257  5049 D SSRM:a  : DeviceInfo:: 000000000000
05-05 17:41:49.560  3257  5049 D SSRM:a  : SettingsAirViewInfo:: 000000000
05-05 17:41:49.565  3257  3257 I ValidateNoPeople: skipping global notification
05-05 17:41:49.570  3257  3257 W NotificationService: Pray mode not found android.content.pm.PackageManager$NameNotFoundException: Application package com.sec.android.settings.praymodewidget not found
05-05 17:41:50.745  3257  3329 V AlarmManager: waitForAlarm result :4
05-05 17:41:54.280  3257  3318 D TimaService: TIMA: TimaService scheduler is intialized. 
05-05 17:41:54.280  3257  3318 D TimaService: TIMA: checkEvent, operation: 50000 subject: 10000
05-05 17:41:54.280  3257  3317 D TimaService: TimaServiceHandler.handleMessage what =1
05-05 17:41:55.300  4036  4036 W ContextImpl: Calling a method in the system process without a qualified user: android.app.ContextImpl.sendBroadcast:1698 android.content.ContextWrapper.sendBroadcast:391 com.ime.framework.common.InputManagerImpl.sendBroadcaseSIPShown:9947 com.ime.framework.common.InputManagerImpl.startInputView:3692 com.sec.android.inputmethod.SamsungKeypad.onStartInputView:445 
05-05 17:41:55.300  4036  4036 W ContextImpl: Calling a method in the system process without a qualified user: android.app.ContextImpl.sendBroadcast:1698 android.content.ContextWrapper.sendBroadcast:391 android.inputmethodservice.InputMethodService.sendInputViewShownState:424 android.inputmethodservice.InputMethodService.showWindow:2021 android.inputmethodservice.InputMethodService$InputMethodImpl.showSoftInput:648 
05-05 17:41:55.305  4036 20093 W ContextImpl: Calling a method in the system process without a qualified user: android.app.ContextImpl.sendBroadcast:1698 android.content.ContextWrapper.sendBroadcast:391 android.inputmethodservice.InputMethodService$4.run:3277 java.lang.Thread.run:818 <bottom of call stack> 
05-05 17:41:55.305  3257  5049 D SSRM:a  : DeviceInfo:: 000000000000
05-05 17:41:55.305  3257  5049 D SSRM:a  : SettingsAirViewInfo:: 000000000
05-05 17:41:55.310  3257  3257 I ValidateNoPeople: skipping global notification
05-05 17:41:55.310  4036  4036 W ContextImpl: Calling a method in the system process without a qualified user: android.app.ContextImpl.sendBroadcast:1698 android.content.ContextWrapper.sendBroadcast:391 android.inputmethodservice.InputMethodService.sendInputViewShownState:424 android.inputmethodservice.InputMethodService.showWindow:2021 android.inputmethodservice.InputMethodService$InputMethodImpl.showSoftInput:648 
05-05 17:41:55.315  4036 20095 W ContextImpl: Calling a method in the system process without a qualified user: android.app.ContextImpl.sendBroadcast:1698 android.content.ContextWrapper.sendBroadcast:391 android.inputmethodservice.InputMethodService$4.run:3277 java.lang.Thread.run:818 <bottom of call stack> 
05-05 17:41:55.315  3257  3257 W NotificationService: Pray mode not found android.content.pm.PackageManager$NameNotFoundException: Application package com.sec.android.settings.praymodewidget not found
05-05 17:41:55.320  3257  5049 D SSRM:a  : DeviceInfo:: 000000000000
05-05 17:41:55.320  3257  5049 D SSRM:a  : SettingsAirViewInfo:: 000000000
05-05 17:41:55.320  3257  3257 I ValidateNoPeople: skipping global notification
05-05 17:41:55.325  3257  3257 W NotificationService: Pray mode not found android.content.pm.PackageManager$NameNotFoundException: Application package com.sec.android.settings.praymodewidget not found
05-05 17:41:56.650  3257  3565 E Watchdog: !@Sync 570 [05-05 17:41:56.651]
05-05 17:41:57.040  3257  5049 D SSRM:n  : SIOP:: AP = 420, PST = 434 (W:16), CUR = -1222, LCD = 29
05-05 17:41:57.255  3257  3269 D BatteryService: !@BatteryListener : batteryPropertiesChanged!
05-05 17:41:57.255  3257  3269 D BatteryService: level:56, scale:100, status:3, health:2, present:true, voltage: 3898, temperature: 350, technology: Li-ion, AC powered:false, USB powered:true, POGO powered:false, Wireless powered:false, icon:17303382, invalid charger:0
05-05 17:41:57.255  3257  3269 D BatteryService: online:4, current avg:222, charge type:2, power sharing:false, high voltage charger:false, capacity:280000, current_now:222
05-05 17:41:57.255  3257  3257 D BatteryService: Sending ACTION_BATTERY_CHANGED.
05-05 17:41:57.260  3674  3674 V EmergencyMode: [EmergencyStateReceiver] onReceive : android.intent.action.BATTERY_CHANGED
05-05 17:41:57.260  3674  3674 V EmergencyMode: [EmergencyStateReceiver] ACTION_BATTERY_CHANGED mBatteryLevelForLogging = 56
05-05 17:41:57.275  3422  3422 D BatteryMeterView: ACTION_BATTERY_CHANGED : level:56 status:3 health:2
05-05 17:41:57.275  3422  3422 D BatteryMeterView: ACTION_BATTERY_CHANGED : level:56 status:3 health:2
05-05 17:41:57.275  3422  3422 D BatteryMeterView: ACTION_BATTERY_CHANGED : level:56 status:3 health:2
05-05 17:41:57.275  3422  3422 D CoverUpdateMonitor: received broadcast android.intent.action.BATTERY_CHANGED
05-05 17:41:58.245  3257  3270 V VibratorService: hasVibrator - useVibetonz: false
05-05 17:41:58.245  4036  4036 W ContextImpl: Calling a method in the system process without a qualified user: android.app.ContextImpl.sendBroadcast:1698 android.content.ContextWrapper.sendBroadcast:391 android.inputmethodservice.InputMethodService.sendInputViewShownState:424 android.inputmethodservice.InputMethodService.showWindow:2021 android.inputmethodservice.InputMethodService$InputMethodImpl.showSoftInput:648 
05-05 17:41:58.250  4036 20097 W ContextImpl: Calling a method in the system process without a qualified user: android.app.ContextImpl.sendBroadcast:1698 android.content.ContextWrapper.sendBroadcast:391 android.inputmethodservice.InputMethodService$4.run:3277 java.lang.Thread.run:818 <bottom of call stack> 
05-05 17:41:58.250  3257  5049 D SSRM:a  : DeviceInfo:: 000000000000
05-05 17:41:58.250  3257  5049 D SSRM:a  : SettingsAirViewInfo:: 000000000
05-05 17:41:58.255  3257  3257 I ValidateNoPeople: skipping global notification
05-05 17:41:58.255  3257  3257 W NotificationService: Pray mode not found android.content.pm.PackageManager$NameNotFoundException: Application package com.sec.android.settings.praymodewidget not found
05-05 17:41:58.675  3257  3318 D TimaService: TIMA MEASUREMENT Result: TIMA_STATUS=0;MSG=Kernel Verification Success;
05-05 17:41:58.675  3257  3318 D TimaService: TIMA MEASUREMENT success status: TIMA_STATUS=0;MSG=Kernel Verification Success;
05-05 17:41:59.995  3257  3329 V AlarmManager: waitForAlarm result :8
05-05 17:42:00.040  3257  3330 D PowerManagerService: [api] userActivityFromNative : 1910 (event: 1 flags: 0) eventTime = 17117183
05-05 17:42:00.105  3422  3422 D CoverUpdateMonitor: received broadcast android.intent.action.TIME_TICK
05-05 17:42:01.735  3257 16314 D ActivityManager: retrieveServiceLocked(): component = null; callingUser = 0; userId(target) = 0
05-05 17:42:02.035  3257  3766 D ActivityManager: retrieveServiceLocked(): component = null; callingUser = 0; userId(target) = 0
05-05 17:42:02.070  3257  5298 D MultiWindowConverter: dismissGuide() : Before attaching the guide view, mForceDismissGuide : false
05-05 17:42:02.070  3257  3292 D StatusBarManagerService: manageDisableList userId=0 what=0x0 pkg=WindowManager.LayoutParams
05-05 17:42:02.345  3257  4047 D ActivityManager: retrieveServiceLocked(): component = null; callingUser = 0; userId(target) = 0
05-05 17:42:02.960  3257  3608 D ActivityManager: retrieveServiceLocked(): component = null; callingUser = 0; userId(target) = 0
05-05 17:42:03.265  3257  3608 D ActivityManager: retrieveServiceLocked(): component = null; callingUser = 0; userId(target) = 0
05-05 17:42:03.275  3257 16949 D ActivityManager: retrieveServiceLocked(): component = null; callingUser = 0; userId(target) = 0
05-05 17:42:03.280  3257  4047 D ActivityManager: retrieveServiceLocked(): component = null; callingUser = 0; userId(target) = 0
05-05 17:42:03.575  3257  4047 D ActivityManager: retrieveServiceLocked(): component = null; callingUser = 0; userId(target) = 0
05-05 17:42:06.710  3257  3269 D MultiWindowConverter: dismissGuide() : Before attaching the guide view, mForceDismissGuide : false
05-05 17:42:06.715  3257  3292 D StatusBarManagerService: manageDisableList userId=0 what=0x0 pkg=WindowManager.LayoutParams
05-05 17:42:06.770  3257 16949 D CustomFrequencyManagerService: acquireDVFSLockLocked : type : DVFS_MIN_LIMIT  frequency : 1800000  uid : 1000  pid : 3257  pkgName : ACTIVITY_RESUME_BOOSTER@2
05-05 17:42:06.770  3257 16949 W ActivityManager: mDVFSHelper.acquire()
05-05 17:42:06.770  3257 16949 W ActivityManager: startActivity called from finishing ActivityRecord{121726ac u0 com.icrealtime.allie/.ui.activities.AuthActivity t803 f}; forcing Intent.FLAG_ACTIVITY_NEW_TASK for: Intent { flg=0x4000000 cmp=com.icrealtime.allie/.ui.activities.MainActivity (has extras) }
05-05 17:42:06.770  3257 16949 D MultiWindowConverter: dismissGuide() : Before attaching the guide view, mForceDismissGuide : false
05-05 17:42:06.775  3257  3481 W InputMethodManagerService: Window already focused, ignoring focus gain of: com.android.internal.view.IInputMethodClient$Stub$Proxy@13e278d1 attribute=null, token = android.os.BinderProxy@163b2df1
05-05 17:42:06.790  3257  3610 D PowerManagerService: [api] acquire WakeLock flags=0x2000000a tag=WindowManager uid=1000 pid=3257
05-05 17:42:06.795  3257  3269 W ActivityManager: Permission Denial: getCurrentUser() from pid=19644, uid=10360 requires android.permission.INTERACT_ACROSS_USERS
05-05 17:42:06.800  3257 16315 D ActivityManager: startService callerProcessName:com.icrealtime.allie, calleePkgName: com.icrealtime.allie
05-05 17:42:06.800  3257 16315 D ActivityManager: retrieveServiceLocked(): component = com.icrealtime.allie/com.icrealtime.allie.service.BackgroundService; callingUser = 0; userId(target) = 0
05-05 17:42:06.840  3257  3556 D ActivityManager: bindService callerProcessName:com.icrealtime.allie, calleePkgName: com.icrealtime.allie, action: null
05-05 17:42:06.840  3257  3556 D ActivityManager: retrieveServiceLocked(): component = com.icrealtime.allie/com.icrealtime.allie.service.BackgroundService; callingUser = 0; userId(target) = 0
05-05 17:42:06.855  3257  3257 D PersonaManagerService: getPersonasForUser(): returning null!
05-05 17:42:06.865  3257  3481 D MultiWindowConverter: dismissGuide() : Before attaching the guide view, mForceDismissGuide : false
05-05 17:42:06.865  3257  3292 D StatusBarManagerService: manageDisableList userId=0 what=0x0 pkg=WindowManager.LayoutParams
05-05 17:42:06.865  3257  3292 D StatusBarManagerService: manageDisableList userId=0 what=0x0 pkg=WindowManager.LayoutParams
05-05 17:42:06.890  3257  3270 I MultiPhoneWindowManager: Changed -> mCurrentInputMethodTarget : null
05-05 17:42:06.890  3257 20105 W ContextImpl: Calling a method in the system process without a qualified user: android.app.ContextImpl.sendBroadcast:1698 com.android.server.InputMethodManagerService$6.run:2786 java.lang.Thread.run:818 <bottom of call stack> <bottom of call stack> 
05-05 17:42:06.890  3257  3257 D LightsService: [api] [SvcLED] turnOff:: id = 4 (uid: 1000 pid: 3257) 
05-05 17:42:06.890  3257  3257 D LightsService: [SvcLED] setSvcLedStateLocked:: SvcLEDState : 0x0 -> 0x0 | SvcLED(id=4) set Off
05-05 17:42:06.890  3257  3309 D LightsService: [SvcLED] Lux failed to be updated in 0ms. -> handleForcedSvcLEDTasK
05-05 17:42:06.890  3257  3309 D LightsService: [SvcLED]  setSvcLedLightLocked :: Current SvcLED(id=4) maintains its priority right
05-05 17:42:06.895  4036  4036 W ContextImpl: Calling a method in the system process without a qualified user: android.app.ContextImpl.sendBroadcast:1698 android.content.ContextWrapper.sendBroadcast:391 android.inputmethodservice.InputMethodService.sendInputViewShownState:424 android.inputmethodservice.InputMethodService.hideWindow:2193 android.inputmethodservice.InputMethodService.doHideWindow:2171 
05-05 17:42:06.895  4036 20106 W ContextImpl: Calling a method in the system process without a qualified user: android.app.ContextImpl.sendBroadcast:1698 android.content.ContextWrapper.sendBroadcast:391 android.inputmethodservice.InputMethodService$4.run:3277 java.lang.Thread.run:818 <bottom of call stack> 
05-05 17:42:06.895  3257  5049 D SSRM:a  : DeviceInfo:: 000000000000
05-05 17:42:06.895  3257  5049 D SSRM:a  : SettingsAirViewInfo:: 000000000
05-05 17:42:07.045  3257  5049 D SSRM:n  : SIOP:: AP = 410, PST = 431 (W:16), CUR = 222, LCD = 29
05-05 17:42:07.195  3257  3294 D CustomFrequencyManagerService: releaseDVFSLockLocked : Getting Lock type frm List : DVFS_MIN_LIMIT  frequency : 1800000  uid : 1000  pid : 3257  tag : ACTIVITY_RESUME_BOOSTER@2
05-05 17:42:07.195  3257  3294 W ActivityManager: mDVFSHelper.release()
05-05 17:42:07.200  3257  3289 D CustomFrequencyManagerService: acquireDVFSLockLocked : type : DVFS_MIN_LIMIT  frequency : 1800000  uid : 1000  pid : 3257  pkgName : ACTIVITY_RESUME_BOOSTER@6
05-05 17:42:07.265  3257  3610 D BatteryService: !@BatteryListener : batteryPropertiesChanged!
05-05 17:42:07.265  3257  3610 D BatteryService: level:56, scale:100, status:3, health:2, present:true, voltage: 3855, temperature: 350, technology: Li-ion, AC powered:false, USB powered:true, POGO powered:false, Wireless powered:false, icon:17303382, invalid charger:0
05-05 17:42:07.265  3257  3610 D BatteryService: online:4, current avg:-174, charge type:2, power sharing:false, high voltage charger:false, capacity:280000, current_now:-175
05-05 17:42:07.265  3257  3257 D BatteryService: Sending ACTION_BATTERY_CHANGED.
05-05 17:42:07.265  3674  3674 V EmergencyMode: [EmergencyStateReceiver] onReceive : android.intent.action.BATTERY_CHANGED
05-05 17:42:07.265  3674  3674 V EmergencyMode: [EmergencyStateReceiver] ACTION_BATTERY_CHANGED mBatteryLevelForLogging = 56
05-05 17:42:07.270  3422  3422 D BatteryMeterView: ACTION_BATTERY_CHANGED : level:56 status:3 health:2
05-05 17:42:07.280  3422  3422 D BatteryMeterView: ACTION_BATTERY_CHANGED : level:56 status:3 health:2
05-05 17:42:07.280  3422  3422 D BatteryMeterView: ACTION_BATTERY_CHANGED : level:56 status:3 health:2
05-05 17:42:07.280  3422  3422 D CoverUpdateMonitor: received broadcast android.intent.action.BATTERY_CHANGED
05-05 17:42:07.505  3257  3257 D CustomFrequencyManagerService: releaseDVFSLockLocked : Getting Lock type frm List : DVFS_MIN_LIMIT  frequency : 1800000  uid : 1000  pid : 3257  tag : ACTIVITY_RESUME_BOOSTER@6
05-05 17:42:08.760  3257 16315 D PowerManagerService: [api] [s] userActivity : event: 0 flags: 0 (uid: 1000 pid: 3257) eventTime = 17125906
05-05 17:42:08.760  3257 16315 D PowerManagerService: [api] release WakeLock flags=0x2000000a tag=WindowManager uid=1000 pid=3257 (0x0)
05-05 17:42:08.760  3257 16315 D PowerManagerService: [api] applyWakeLockFlagsOnReleaseLocked : userActivityNoUpdateLocked is called : SCREEN_BRIGHT_WAKE_LOCK        'WindowManager' ON_AFTER_RELEASE (uid=1000, pid=3257, ws=WorkSource{10360}) (elapsedTime=1969)
05-05 17:42:09.415  3257  3766 D ActivityManager: retrieveServiceLocked(): component = null; callingUser = 0; userId(target) = 0
05-05 17:42:09.425  3257  3608 D ActivityManager: retrieveServiceLocked(): component = null; callingUser = 0; userId(target) = 0
05-05 17:42:10.025  3257 16949 D ActivityManager: retrieveServiceLocked(): component = null; callingUser = 0; userId(target) = 0
05-05 17:42:10.330  3257  3353 D ActivityManager: retrieveServiceLocked(): component = null; callingUser = 0; userId(target) = 0
05-05 17:42:10.640  3257 31676 D ActivityManager: retrieveServiceLocked(): component = null; callingUser = 0; userId(target) = 0
05-05 17:42:11.255  3257 16314 D ActivityManager: retrieveServiceLocked(): component = null; callingUser = 0; userId(target) = 0
05-05 17:42:11.260  3257  3353 D ActivityManager: retrieveServiceLocked(): component = null; callingUser = 0; userId(target) = 0
05-05 17:42:11.560  3257  3608 D ActivityManager: retrieveServiceLocked(): component = null; callingUser = 0; userId(target) = 0
05-05 17:42:11.870  3257 16315 D ActivityManager: retrieveServiceLocked(): component = null; callingUser = 0; userId(target) = 0
05-05 17:42:13.800  3257  3353 D ActivityManager: retrieveServiceLocked(): component = null; callingUser = 0; userId(target) = 0
05-05 17:42:17.050  3257  5049 D SSRM:n  : SIOP:: AP = 410, PST = 428 (W:18), CUR = -174, LCD = 29
05-05 17:42:17.275  3257  4047 D BatteryService: !@BatteryListener : batteryPropertiesChanged!
