05-05 17:40:16.040  3257 16315 D ActivityManager: retrieveServiceLocked(): component = com.google.android.gm/com.google.android.gm.GmailIntentService; callingUser = 0; userId(target) = 0
05-05 17:40:16.055  3257  3608 D ActivityManager: retrieveServiceLocked(): component = null; callingUser = 0; userId(target) = 0
05-05 17:40:16.090  3257 16315 D ActivityManager: startService callerProcessName:com.android.providers.media, calleePkgName: com.android.providers.downloads
05-05 17:40:16.090  3257 16315 D ActivityManager: retrieveServiceLocked(): component = com.android.providers.downloads/com.android.providers.downloads.DownloadService; callingUser = 0; userId(target) = 0
05-05 17:40:16.125  3257  3608 D ActivityManager: bindService callerProcessName:android, calleePkgName: com.google.android.gms, action: android.accounts.AccountAuthenticator
05-05 17:40:16.125  3257  3608 D ActivityManager: retrieveServiceLocked(): component = com.google.android.gms/com.google.android.gms.auth.GoogleAccountAuthenticatorService; callingUser = 0; userId(target) = 0
05-05 17:40:16.155  3257  3257 W NotificationService: Pray mode not found android.content.pm.PackageManager$NameNotFoundException: Application package com.sec.android.settings.praymodewidget not found
05-05 17:40:16.185  3257  3481 D ActivityManager: startService callerProcessName:com.android.providers.media, calleePkgName: com.android.providers.downloads
05-05 17:40:16.190  3257  3481 D ActivityManager: retrieveServiceLocked(): component = com.android.providers.downloads/com.android.providers.downloads.DownloadService; callingUser = 0; userId(target) = 0
05-05 17:40:16.235  3257  3257 W NotificationService: Pray mode not found android.content.pm.PackageManager$NameNotFoundException: Application package com.sec.android.settings.praymodewidget not found
05-05 17:40:16.360  3257 16314 D ActivityManager: retrieveServiceLocked(): component = null; callingUser = 0; userId(target) = 0
05-05 17:40:16.365  3257 31676 D ActivityManager: retrieveServiceLocked(): component = null; callingUser = 0; userId(target) = 0
05-05 17:40:16.675  3257  3779 D ActivityManager: retrieveServiceLocked(): component = null; callingUser = 0; userId(target) = 0
05-05 17:40:16.710  3257 31676 D ActivityManager: startService callerProcessName:com.google.android.gm, calleePkgName: com.google.android.gm
05-05 17:40:16.710  3257 31676 D ActivityManager: retrieveServiceLocked(): component = com.google.android.gm/com.google.android.gm.GmailIntentService; callingUser = 0; userId(target) = 0
05-05 17:40:16.760  3257 16314 D ActivityManager: startService callerProcessName:com.android.providers.media, calleePkgName: com.android.providers.downloads
05-05 17:40:16.760  3257 16314 D ActivityManager: retrieveServiceLocked(): component = com.android.providers.downloads/com.android.providers.downloads.DownloadService; callingUser = 0; userId(target) = 0
05-05 17:40:16.795  3257  3353 D ActivityManager: bindService callerProcessName:android, calleePkgName: com.google.android.gms, action: android.accounts.AccountAuthenticator
05-05 17:40:16.795  3257  3353 D ActivityManager: retrieveServiceLocked(): component = com.google.android.gms/com.google.android.gms.auth.GoogleAccountAuthenticatorService; callingUser = 0; userId(target) = 0
05-05 17:40:16.825  3257  3257 W NotificationService: Pray mode not found android.content.pm.PackageManager$NameNotFoundException: Application package com.sec.android.settings.praymodewidget not found
05-05 17:40:16.860  3257  3568 D ActivityManager: startService callerProcessName:com.android.providers.media, calleePkgName: com.android.providers.downloads
05-05 17:40:16.860  3257  3568 D ActivityManager: retrieveServiceLocked(): component = com.android.providers.downloads/com.android.providers.downloads.DownloadService; callingUser = 0; userId(target) = 0
05-05 17:40:16.905  3257  3257 W NotificationService: Pray mode not found android.content.pm.PackageManager$NameNotFoundException: Application package com.sec.android.settings.praymodewidget not found
05-05 17:40:16.930  3257  5049 D SSRM:n  : SIOP:: AP = 440, PST = 396 (W:10), CUR = -92, LCD = 29
05-05 17:40:16.975  3257  4047 D ActivityManager: retrieveServiceLocked(): component = null; callingUser = 0; userId(target) = 0
05-05 17:40:17.165  3257  3353 D BatteryService: !@BatteryListener : batteryPropertiesChanged!
05-05 17:40:17.165  3257  3353 D BatteryService: level:56, scale:100, status:3, health:2, present:true, voltage: 3843, temperature: 349, technology: Li-ion, AC powered:false, USB powered:true, POGO powered:false, Wireless powered:false, icon:17303382, invalid charger:0
05-05 17:40:17.165  3257  3353 D BatteryService: online:4, current avg:-436, charge type:2, power sharing:false, high voltage charger:false, capacity:280000, current_now:-437
05-05 17:40:17.170  3257  3257 D BatteryService: Sending ACTION_BATTERY_CHANGED.
05-05 17:40:17.175  3674  3674 V EmergencyMode: [EmergencyStateReceiver] onReceive : android.intent.action.BATTERY_CHANGED
05-05 17:40:17.175  3674  3674 V EmergencyMode: [EmergencyStateReceiver] ACTION_BATTERY_CHANGED mBatteryLevelForLogging = 56
05-05 17:40:17.195  3422  3422 D BatteryMeterView: ACTION_BATTERY_CHANGED : level:56 status:3 health:2
05-05 17:40:17.195  3422  3422 D BatteryMeterView: ACTION_BATTERY_CHANGED : level:56 status:3 health:2
05-05 17:40:17.195  3422  3422 D BatteryMeterView: ACTION_BATTERY_CHANGED : level:56 status:3 health:2
05-05 17:40:17.195  3422  3422 D CoverUpdateMonitor: received broadcast android.intent.action.BATTERY_CHANGED
05-05 17:40:17.280  3257  4047 D ActivityManager: retrieveServiceLocked(): component = null; callingUser = 0; userId(target) = 0
05-05 17:40:17.285  3257  3556 D ActivityManager: retrieveServiceLocked(): component = null; callingUser = 0; userId(target) = 0
05-05 17:40:18.195  3257  3353 D ActivityManager: startService callerProcessName:com.google.android.gm, calleePkgName: com.google.android.gm
05-05 17:40:18.195  3257  3353 D ActivityManager: retrieveServiceLocked(): component = com.google.android.gm/com.google.android.gm.GmailIntentService; callingUser = 0; userId(target) = 0
05-05 17:40:18.200  3257  3270 D ActivityManager: retrieveServiceLocked(): component = null; callingUser = 0; userId(target) = 0
05-05 17:40:18.260  3257  3353 D ActivityManager: startService callerProcessName:com.android.providers.media, calleePkgName: com.android.providers.downloads
05-05 17:40:18.260  3257  3353 D ActivityManager: retrieveServiceLocked(): component = com.android.providers.downloads/com.android.providers.downloads.DownloadService; callingUser = 0; userId(target) = 0
05-05 17:40:18.290  3257 16314 D ActivityManager: bindService callerProcessName:android, calleePkgName: com.google.android.gms, action: android.accounts.AccountAuthenticator
05-05 17:40:18.295  3257 16314 D ActivityManager: retrieveServiceLocked(): component = com.google.android.gms/com.google.android.gms.auth.GoogleAccountAuthenticatorService; callingUser = 0; userId(target) = 0
05-05 17:40:18.325  3257  3257 W NotificationService: Pray mode not found android.content.pm.PackageManager$NameNotFoundException: Application package com.sec.android.settings.praymodewidget not found
05-05 17:40:18.350  3257 16315 D ActivityManager: startService callerProcessName:com.android.providers.media, calleePkgName: com.android.providers.downloads
05-05 17:40:18.350  3257 16315 D ActivityManager: retrieveServiceLocked(): component = com.android.providers.downloads/com.android.providers.downloads.DownloadService; callingUser = 0; userId(target) = 0
05-05 17:40:18.400  3257  3257 W NotificationService: Pray mode not found android.content.pm.PackageManager$NameNotFoundException: Application package com.sec.android.settings.praymodewidget not found
05-05 17:40:18.815  3257  5298 D ActivityManager: retrieveServiceLocked(): component = null; callingUser = 0; userId(target) = 0
05-05 17:40:19.125  3257  3568 D ActivityManager: retrieveServiceLocked(): component = null; callingUser = 0; userId(target) = 0
05-05 17:40:19.510  3257  3556 D ActivityManager: startService callerProcessName:com.google.android.gm, calleePkgName: com.google.android.gm
05-05 17:40:19.510  3257  3556 D ActivityManager: retrieveServiceLocked(): component = com.google.android.gm/com.google.android.gm.GmailIntentService; callingUser = 0; userId(target) = 0
05-05 17:40:19.555  3257  5298 D ActivityManager: startService callerProcessName:com.android.providers.media, calleePkgName: com.android.providers.downloads
05-05 17:40:19.555  3257  5298 D ActivityManager: retrieveServiceLocked(): component = com.android.providers.downloads/com.android.providers.downloads.DownloadService; callingUser = 0; userId(target) = 0
05-05 17:40:19.610  3257  3257 W NotificationService: Pray mode not found android.content.pm.PackageManager$NameNotFoundException: Application package com.sec.android.settings.praymodewidget not found
05-05 17:40:19.735  3257  3608 D ActivityManager: retrieveServiceLocked(): component = null; callingUser = 0; userId(target) = 0
05-05 17:40:21.275  3257  3608 D ActivityManager: retrieveServiceLocked(): component = null; callingUser = 0; userId(target) = 0
05-05 17:40:21.455  3257  3329 V AlarmManager: waitForAlarm result :4
05-05 17:40:24.350  3257  3608 D ActivityManager: retrieveServiceLocked(): component = null; callingUser = 0; userId(target) = 0
05-05 17:40:24.655  3257  3608 D ActivityManager: retrieveServiceLocked(): component = null; callingUser = 0; userId(target) = 0
05-05 17:40:24.960  3257 16315 D ActivityManager: retrieveServiceLocked(): component = null; callingUser = 0; userId(target) = 0
05-05 17:40:25.270  3257  3568 D ActivityManager: retrieveServiceLocked(): component = null; callingUser = 0; userId(target) = 0
05-05 17:40:25.575  3257 16314 D ActivityManager: retrieveServiceLocked(): component = null; callingUser = 0; userId(target) = 0
05-05 17:40:25.580  3257  3766 D ActivityManager: retrieveServiceLocked(): component = null; callingUser = 0; userId(target) = 0
05-05 17:40:26.495  3257  5298 D ActivityManager: retrieveServiceLocked(): component = null; callingUser = 0; userId(target) = 0
05-05 17:40:26.645  3257  3565 E Watchdog: !@Sync 567 [05-05 17:40:26.647]
05-05 17:40:26.955  3257  5049 D SSRM:n  : SIOP:: AP = 450, PST = 405 (W:10), CUR = -436, LCD = 29
05-05 17:40:27.170  3257 31676 D BatteryService: !@BatteryListener : batteryPropertiesChanged!
05-05 17:40:27.170  3257 31676 D BatteryService: level:56, scale:100, status:3, health:2, present:true, voltage: 3855, temperature: 351, technology: Li-ion, AC powered:false, USB powered:true, POGO powered:false, Wireless powered:false, icon:17303382, invalid charger:0
05-05 17:40:27.170  3257 31676 D BatteryService: online:4, current avg:-140, charge type:2, power sharing:false, high voltage charger:false, capacity:280000, current_now:-140
05-05 17:40:27.170  3257  3257 D BatteryService: Sending ACTION_BATTERY_CHANGED.
05-05 17:40:27.175  3674  3674 V EmergencyMode: [EmergencyStateReceiver] onReceive : android.intent.action.BATTERY_CHANGED
05-05 17:40:27.175  3674  3674 V EmergencyMode: [EmergencyStateReceiver] ACTION_BATTERY_CHANGED mBatteryLevelForLogging = 56
05-05 17:40:27.200  3422  3422 D BatteryMeterView: ACTION_BATTERY_CHANGED : level:56 status:3 health:2
05-05 17:40:27.200  3422  3422 D BatteryMeterView: ACTION_BATTERY_CHANGED : level:56 status:3 health:2
05-05 17:40:27.200  3422  3422 D BatteryMeterView: ACTION_BATTERY_CHANGED : level:56 status:3 health:2
05-05 17:40:27.200  3422  3422 D CoverUpdateMonitor: received broadcast android.intent.action.BATTERY_CHANGED
05-05 17:40:29.070  3257  3610 E ActivityManager: failed to get LpnetManagerService instance or Pkg was null 
05-05 17:40:29.080  3257 16315 D ActivityManager: startService callerProcessName:com.google.android.gsf, calleePkgName: com.google.android.gsf
05-05 17:40:29.080  3257 16315 D ActivityManager: retrieveServiceLocked(): component = com.google.android.gsf/com.google.android.gsf.subscribedfeeds.GCMIntentService; callingUser = 0; userId(target) = 0
05-05 17:40:29.125  3257  3280 D ActivityManager: bindService callerProcessName:android, calleePkgName: com.google.android.gm, action: android.content.SyncAdapter
05-05 17:40:29.125  3257  3280 D ActivityManager: retrieveServiceLocked(): component = com.google.android.gm/com.google.android.gm.provider.MailSyncAdapterService; callingUser = 0; userId(target) = 0
05-05 17:40:29.150  3257  3608 D ActivityManager: bindService callerProcessName:android, calleePkgName: com.google.android.gms, action: android.accounts.AccountAuthenticator
05-05 17:40:29.150  3257  3608 D ActivityManager: retrieveServiceLocked(): component = com.google.android.gms/com.google.android.gms.auth.GoogleAccountAuthenticatorService; callingUser = 0; userId(target) = 0
05-05 17:40:29.165  3257  5298 D ActivityManager: bindService callerProcessName:com.google.android.gm, calleePkgName: com.google.android.gms, action: null
05-05 17:40:29.165  3257  5298 D ActivityManager: retrieveServiceLocked(): component = com.google.android.gms/com.google.android.gms.auth.GetToken; callingUser = 0; userId(target) = 0
05-05 17:40:29.185  3257  3608 D ActivityManager: retrieveServiceLocked(): component = null; callingUser = 0; userId(target) = 0
05-05 17:40:29.195  5095 19949 W ResourcesManager: Asset path '/system/framework/com.android.media.remotedisplay.jar' does not exist or contains no resources.
05-05 17:40:29.195  5095 19949 W ResourcesManager: Asset path '/system/framework/com.android.location.provider.jar' does not exist or contains no resources.
05-05 17:40:29.200  3257  4047 D ActivityManager: bindService callerProcessName:android, calleePkgName: com.google.android.gms, action: android.accounts.AccountAuthenticator
05-05 17:40:29.200  3257  4047 D ActivityManager: retrieveServiceLocked(): component = com.google.android.gms/com.google.android.gms.auth.GoogleAccountAuthenticatorService; callingUser = 0; userId(target) = 0
05-05 17:40:29.215  3257  3270 D ActivityManager: bindService callerProcessName:com.google.android.gms, calleePkgName: com.google.android.gms, action: null
05-05 17:40:29.215  3257  3270 D ActivityManager: retrieveServiceLocked(): component = com.google.android.gms/com.google.android.gms.auth.GetToken; callingUser = 0; userId(target) = 0
05-05 17:40:29.480  3257  5298 D ActivityManager: bindService callerProcessName:android, calleePkgName: com.google.android.gms, action: android.accounts.AccountAuthenticator
05-05 17:40:29.480  3257  5298 D ActivityManager: retrieveServiceLocked(): component = com.google.android.gms/com.google.android.gms.auth.GoogleAccountAuthenticatorService; callingUser = 0; userId(target) = 0
05-05 17:40:29.570  3257 16949 D ActivityManager: retrieveServiceLocked(): component = null; callingUser = 0; userId(target) = 0
05-05 17:40:29.605  3257  3568 D ActivityManager: startService callerProcessName:com.google.android.gm, calleePkgName: com.google.android.gm
05-05 17:40:29.605  3257  3568 D ActivityManager: retrieveServiceLocked(): component = com.google.android.gm/com.android.mail.widget.BaseGmailWidgetProviderService; callingUser = 0; userId(target) = 0
05-05 17:40:29.635  3257  3269 D ActivityManager: retrieveServiceLocked(): component = null; callingUser = 0; userId(target) = 0
05-05 17:40:29.645  3257 16315 D ActivityManager: startService callerProcessName:com.google.android.gms, calleePkgName: com.google.android.gms
05-05 17:40:29.645  3257 16315 D ActivityManager: retrieveServiceLocked(): component = com.google.android.gms/com.google.android.gms.icing.service.IndexWorkerService; callingUser = 0; userId(target) = 0
05-05 17:40:29.675  3257 16949 D ActivityManager: retrieveServiceLocked(): component = null; callingUser = 0; userId(target) = 0
05-05 17:40:29.685  3257 16315 D ActivityManager: retrieveServiceLocked(): component = null; callingUser = 0; userId(target) = 0
05-05 17:40:29.700  3257 16314 D ActivityManager: retrieveServiceLocked(): component = null; callingUser = 0; userId(target) = 0
05-05 17:40:29.715  3257 16314 D ActivityManager: bindService callerProcessName:android, calleePkgName: com.google.android.gms, action: android.accounts.AccountAuthenticator
05-05 17:40:29.715  3257 16314 D ActivityManager: retrieveServiceLocked(): component = com.google.android.gms/com.google.android.gms.auth.GoogleAccountAuthenticatorService; callingUser = 0; userId(target) = 0
05-05 17:40:30.880  3257  3353 D ActivityManager: retrieveServiceLocked(): component = com.google.android.gms/com.google.android.gms.icing.service.IndexWorkerService; callingUser = 0; userId(target) = 0
05-05 17:40:33.735  3257  3779 D ActivityManager: startService callerProcessName:com.google.android.gm, calleePkgName: com.google.android.gm
05-05 17:40:33.735  3257  3779 D ActivityManager: retrieveServiceLocked(): component = com.google.android.gm/com.android.mail.widget.BaseGmailWidgetProviderService; callingUser = 0; userId(target) = 0
05-05 17:40:36.970  3257  5049 D SSRM:n  : SIOP:: AP = 470, PST = 414 (W:10), CUR = -140, LCD = 29
05-05 17:40:37.180  3257 16314 D BatteryService: !@BatteryListener : batteryPropertiesChanged!
05-05 17:40:37.180  3257 16314 D BatteryService: level:56, scale:100, status:3, health:2, present:true, voltage: 3871, temperature: 351, technology: Li-ion, AC powered:false, USB powered:true, POGO powered:false, Wireless powered:false, icon:17303382, invalid charger:0
05-05 17:40:37.180  3257 16314 D BatteryService: online:4, current avg:-1104, charge type:2, power sharing:false, high voltage charger:false, capacity:280000, current_now:-1105
05-05 17:40:37.180  3257  3257 D BatteryService: Sending ACTION_BATTERY_CHANGED.
05-05 17:40:37.190  3674  3674 V EmergencyMode: [EmergencyStateReceiver] onReceive : android.intent.action.BATTERY_CHANGED
05-05 17:40:37.190  3674  3674 V EmergencyMode: [EmergencyStateReceiver] ACTION_BATTERY_CHANGED mBatteryLevelForLogging = 56
05-05 17:40:37.205  3422  3422 D BatteryMeterView: ACTION_BATTERY_CHANGED : level:56 status:3 health:2
05-05 17:40:37.205  3422  3422 D BatteryMeterView: ACTION_BATTERY_CHANGED : level:56 status:3 health:2
05-05 17:40:37.205  3422  3422 D BatteryMeterView: ACTION_BATTERY_CHANGED : level:56 status:3 health:2
05-05 17:40:37.205  3422  3422 D CoverUpdateMonitor: received broadcast android.intent.action.BATTERY_CHANGED
05-05 17:40:39.710  3257  3610 D ActivityManager: retrieveServiceLocked(): component = null; callingUser = 0; userId(target) = 0
05-05 17:40:40.320  3257 16314 D ActivityManager: retrieveServiceLocked(): component = null; callingUser = 0; userId(target) = 0
05-05 17:40:41.240  3257  3481 D ActivityManager: retrieveServiceLocked(): component = null; callingUser = 0; userId(target) = 0
05-05 17:40:42.765  3257 16314 D CustomFrequencyManagerService: acquireDVFSLockLocked : type : DVFS_MIN_LIMIT  frequency : 1800000  uid : 1000  pid : 3257  pkgName : ACTIVITY_RESUME_BOOSTER@2
05-05 17:40:42.770  3257 16314 W ActivityManager: mDVFSHelper.acquire()
05-05 17:40:42.775  3257 16314 D MultiWindowConverter: dismissGuide() : Before attaching the guide view, mForceDismissGuide : false
05-05 17:40:42.795  3257  3608 W ActivityManager: Permission Denial: getCurrentUser() from pid=19644, uid=10360 requires android.permission.INTERACT_ACROSS_USERS
05-05 17:40:42.800  3257 16314 D ActivityManager: startService callerProcessName:com.icrealtime.allie, calleePkgName: com.icrealtime.allie
05-05 17:40:42.800  3257 16314 D ActivityManager: retrieveServiceLocked(): component = com.icrealtime.allie/com.icrealtime.allie.service.BackgroundService; callingUser = 0; userId(target) = 0
05-05 17:40:42.815  3257  3353 D ActivityManager: bindService callerProcessName:com.icrealtime.allie, calleePkgName: com.icrealtime.allie, action: null
05-05 17:40:42.815  3257  3353 D ActivityManager: retrieveServiceLocked(): component = com.icrealtime.allie/com.icrealtime.allie.service.BackgroundService; callingUser = 0; userId(target) = 0
05-05 17:40:42.820  3257  3257 D PersonaManagerService: getPersonasForUser(): returning null!
05-05 17:40:42.825  3257 31676 D MultiWindowConverter: dismissGuide() : Before attaching the guide view, mForceDismissGuide : false
05-05 17:40:42.825  3257  3292 D StatusBarManagerService: manageDisableList userId=0 what=0x0 pkg=WindowManager.LayoutParams
05-05 17:40:42.860  3257 16315 I MultiPhoneWindowManager: Changed -> mCurrentInputMethodTarget : Window{173f2785 u0 com.icrealtime.allie/com.icrealtime.allie.ui.activities.AuthActivity}
05-05 17:40:42.860  3257 19971 W ContextImpl: Calling a method in the system process without a qualified user: android.app.ContextImpl.sendBroadcast:1698 com.android.server.InputMethodManagerService$6.run:2786 java.lang.Thread.run:818 <bottom of call stack> <bottom of call stack> 
05-05 17:40:43.140  3257  3294 D CustomFrequencyManagerService: releaseDVFSLockLocked : Getting Lock type frm List : DVFS_MIN_LIMIT  frequency : 1800000  uid : 1000  pid : 3257  tag : ACTIVITY_RESUME_BOOSTER@2
05-05 17:40:43.140  3257  3294 W ActivityManager: mDVFSHelper.release()
05-05 17:40:43.160  3257  3289 D CustomFrequencyManagerService: acquireDVFSLockLocked : type : DVFS_MIN_LIMIT  frequency : 1800000  uid : 1000  pid : 3257  pkgName : ACTIVITY_RESUME_BOOSTER@6
05-05 17:40:43.160 19644 19644 V ActivityThread: updateVisibility : ActivityRecord{1e3199c3 token=android.os.BinderProxy@125b3f2 {com.icrealtime.allie/com.icrealtime.allie.ui.activities.AfterSplashActivity}} show : false
05-05 17:40:43.460  3257  3257 D CustomFrequencyManagerService: releaseDVFSLockLocked : Getting Lock type frm List : DVFS_MIN_LIMIT  frequency : 1800000  uid : 1000  pid : 3257  tag : ACTIVITY_RESUME_BOOSTER@6
05-05 17:40:44.315  3257  5298 D ActivityManager: retrieveServiceLocked(): component = null; callingUser = 0; userId(target) = 0
05-05 17:40:44.550  3257 16949 D ActivityManager: bindService callerProcessName:android, calleePkgName: com.sec.android.inputmethod, action: android.view.InputMethod
05-05 17:40:44.550  3257 16949 D ActivityManager: retrieveServiceLocked(): component = com.sec.android.inputmethod/com.sec.android.inputmethod.SamsungKeypad; callingUser = 0; userId(target) = 0
05-05 17:40:44.555  3257 16314 D CustomFrequencyManagerService: acquireDVFSLockLocked : type : DVFS_MIN_LIMIT  frequency : 1700000  uid : 1000  pid : 3257  pkgName : com.sec.android.inputmethod@1
05-05 17:40:44.580  4036  4036 W ContextImpl: Calling a method in the system process without a qualified user: android.app.ContextImpl.sendBroadcast:1698 android.content.ContextWrapper.sendBroadcast:391 com.ime.framework.common.InputManagerImpl.sendBroadcaseSIPShown:9947 com.ime.framework.common.InputManagerImpl.startInputView:3692 com.sec.android.inputmethod.SamsungKeypad.onStartInputView:445 
05-05 17:40:44.585  4036  4036 W ContextImpl: Calling a method in the system process without a qualified user: android.app.ContextImpl.sendBroadcast:1698 android.content.ContextWrapper.sendBroadcast:391 android.inputmethodservice.InputMethodService.sendInputViewShownState:424 android.inputmethodservice.InputMethodService.showWindow:2021 android.inputmethodservice.InputMethodService$InputMethodImpl.showSoftInput:648 
05-05 17:40:44.585  4036 19976 W ContextImpl: Calling a method in the system process without a qualified user: android.app.ContextImpl.sendBroadcast:1698 android.content.ContextWrapper.sendBroadcast:391 android.inputmethodservice.InputMethodService$4.run:3277 java.lang.Thread.run:818 <bottom of call stack> 
05-05 17:40:44.585  3257  5049 D SSRM:a  : DeviceInfo:: 000000000000
05-05 17:40:44.585  3257  5049 D SSRM:a  : SettingsAirViewInfo:: 000000000
05-05 17:40:44.590  3257  3257 I ValidateNoPeople: skipping global notification
05-05 17:40:44.590  3257  3257 W NotificationService: Pray mode not found android.content.pm.PackageManager$NameNotFoundException: Application package com.sec.android.settings.praymodewidget not found
05-05 17:40:44.960  3257  4047 D CustomFrequencyManagerService: releaseDVFSLockLocked : Getting Lock type frm List : DVFS_MIN_LIMIT  frequency : 1700000  uid : 1000  pid : 3257  tag : com.sec.android.inputmethod@1
05-05 17:40:46.975  3257  5049 D SSRM:n  : SIOP:: AP = 460, PST = 423 (W:10), CUR = -1104, LCD = 29
05-05 17:40:47.190  3257  3568 D BatteryService: !@BatteryListener : batteryPropertiesChanged!
05-05 17:40:47.190  3257  3568 D BatteryService: level:56, scale:100, status:3, health:2, present:true, voltage: 3886, temperature: 351, technology: Li-ion, AC powered:false, USB powered:true, POGO powered:false, Wireless powered:false, icon:17303382, invalid charger:0
05-05 17:40:47.190  3257  3568 D BatteryService: online:4, current avg:160, charge type:2, power sharing:false, high voltage charger:false, capacity:280000, current_now:160
05-05 17:40:47.190  3257  3257 D BatteryService: Sending ACTION_BATTERY_CHANGED.
05-05 17:40:47.195  3674  3674 V EmergencyMode: [EmergencyStateReceiver] onReceive : android.intent.action.BATTERY_CHANGED
05-05 17:40:47.200  3674  3674 V EmergencyMode: [EmergencyStateReceiver] ACTION_BATTERY_CHANGED mBatteryLevelForLogging = 56
05-05 17:40:47.225  3422  3422 D BatteryMeterView: ACTION_BATTERY_CHANGED : level:56 status:3 health:2
05-05 17:40:47.225  3422  3422 D BatteryMeterView: ACTION_BATTERY_CHANGED : level:56 status:3 health:2
05-05 17:40:47.225  3422  3422 D BatteryMeterView: ACTION_BATTERY_CHANGED : level:56 status:3 health:2
05-05 17:40:47.225  3422  3422 D CoverUpdateMonitor: received broadcast android.intent.action.BATTERY_CHANGED
05-05 17:40:47.650  4036  4036 W ContextImpl: Calling a method in the system process without a qualified user: android.app.ContextImpl.sendBroadcast:1698 android.content.ContextWrapper.sendBroadcast:391 android.inputmethodservice.InputMethodService.sendInputViewShownState:424 android.inputmethodservice.InputMethodService.showWindow:2021 android.inputmethodservice.InputMethodService$InputMethodImpl.showSoftInput:648 
05-05 17:40:47.655  3257  5049 D SSRM:a  : DeviceInfo:: 000000000000
05-05 17:40:47.655  3257  5049 D SSRM:a  : SettingsAirViewInfo:: 000000000
05-05 17:40:47.660  3257  3257 I ValidateNoPeople: skipping global notification
05-05 17:40:47.665  3257  3257 W NotificationService: Pray mode not found android.content.pm.PackageManager$NameNotFoundException: Application package com.sec.android.settings.praymodewidget not found
05-05 17:40:47.670  4036 19979 W ContextImpl: Calling a method in the system process without a qualified user: android.app.ContextImpl.sendBroadcast:1698 android.content.ContextWrapper.sendBroadcast:391 android.inputmethodservice.InputMethodService$4.run:3277 java.lang.Thread.run:818 <bottom of call stack> 
05-05 17:40:48.315  3257  3269 D ActivityManager: retrieveServiceLocked(): component = null; callingUser = 0; userId(target) = 0
05-05 17:40:49.535  3257  3568 D ActivityManager: retrieveServiceLocked(): component = null; callingUser = 0; userId(target) = 0
05-05 17:40:50.470  3257  3330 D PowerManagerService: [api] userActivityFromNative : 1860 (event: 1 flags: 0) eventTime = 17047615
05-05 17:40:53.225  3257 16949 D ActivityManager: retrieveServiceLocked(): component = null; callingUser = 0; userId(target) = 0
05-05 17:40:53.425  4036  4036 W ContextImpl: Calling a method in the system process without a qualified user: android.app.ContextImpl.sendBroadcast:1698 android.content.ContextWrapper.sendBroadcast:391 com.ime.framework.common.InputManagerImpl.sendBroadcaseSIPShown:9947 com.ime.framework.common.InputManagerImpl.startInputView:3692 com.sec.android.inputmethod.SamsungKeypad.onStartInputView:445 
05-05 17:40:53.425  4036  4036 W ContextImpl: Calling a method in the system process without a qualified user: android.app.ContextImpl.sendBroadcast:1698 android.content.ContextWrapper.sendBroadcast:391 android.inputmethodservice.InputMethodService.sendInputViewShownState:424 android.inputmethodservice.InputMethodService.showWindow:2021 android.inputmethodservice.InputMethodService$InputMethodImpl.showSoftInput:648 
05-05 17:40:53.430  4036 19987 W ContextImpl: Calling a method in the system process without a qualified user: android.app.ContextImpl.sendBroadcast:1698 android.content.ContextWrapper.sendBroadcast:391 android.inputmethodservice.InputMethodService$4.run:3277 java.lang.Thread.run:818 <bottom of call stack> 
05-05 17:40:53.435  3257  5049 D SSRM:a  : DeviceInfo:: 000000000000
05-05 17:40:53.435  3257  5049 D SSRM:a  : SettingsAirViewInfo:: 000000000
05-05 17:40:53.440  3257  3257 I ValidateNoPeople: skipping global notification
05-05 17:40:53.440  4036  4036 W ContextImpl: Calling a method in the system process without a qualified user: android.app.ContextImpl.sendBroadcast:1698 android.content.ContextWrapper.sendBroadcast:391 android.inputmethodservice.InputMethodService.sendInputViewShownState:424 android.inputmethodservice.InputMethodService.showWindow:2021 android.inputmethodservice.InputMethodService$InputMethodImpl.showSoftInput:648 
05-05 17:40:53.450  4036 19989 W ContextImpl: Calling a method in the system process without a qualified user: android.app.ContextImpl.sendBroadcast:1698 android.content.ContextWrapper.sendBroadcast:391 android.inputmethodservice.InputMethodService$4.run:3277 java.lang.Thread.run:818 <bottom of call stack> 
05-05 17:40:53.450  3257  3257 W NotificationService: Pray mode not found android.content.pm.PackageManager$NameNotFoundException: Application package com.sec.android.settings.praymodewidget not found
05-05 17:40:53.455  3257  5049 D SSRM:a  : DeviceInfo:: 000000000000
05-05 17:40:53.455  3257  5049 D SSRM:a  : SettingsAirViewInfo:: 000000000
05-05 17:40:53.465  3257  3257 I ValidateNoPeople: skipping global notification
05-05 17:40:53.470  3257  3257 W NotificationService: Pray mode not found android.content.pm.PackageManager$NameNotFoundException: Application package com.sec.android.settings.praymodewidget not found
05-05 17:40:53.905  3257  3329 V AlarmManager: waitForAlarm result :8
05-05 17:40:56.195  3257 16314 V VibratorService: hasVibrator - useVibetonz: false
05-05 17:40:56.195  4036  4036 W ContextImpl: Calling a method in the system process without a qualified user: android.app.ContextImpl.sendBroadcast:1698 android.content.ContextWrapper.sendBroadcast:391 android.inputmethodservice.InputMethodService.sendInputViewShownState:424 android.inputmethodservice.InputMethodService.showWindow:2021 android.inputmethodservice.InputMethodService$InputMethodImpl.showSoftInput:648 
05-05 17:40:56.200  3257  5049 D SSRM:a  : DeviceInfo:: 000000000000
05-05 17:40:56.200  4036 19990 W ContextImpl: Calling a method in the system process without a qualified user: android.app.ContextImpl.sendBroadcast:1698 android.content.ContextWrapper.sendBroadcast:391 android.inputmethodservice.InputMethodService$4.run:3277 java.lang.Thread.run:818 <bottom of call stack> 
05-05 17:40:56.200  3257  5049 D SSRM:a  : SettingsAirViewInfo:: 000000000
05-05 17:40:56.205  3257  3257 I ValidateNoPeople: skipping global notification
05-05 17:40:56.210  3257  3257 W NotificationService: Pray mode not found android.content.pm.PackageManager$NameNotFoundException: Application package com.sec.android.settings.praymodewidget not found
05-05 17:40:56.645  3257  3565 E Watchdog: !@Sync 568 [05-05 17:40:56.649]
05-05 17:40:56.985  3257  5049 D SSRM:n  : SIOP:: AP = 440, PST = 430 (W:14), CUR = 160, LCD = 29
05-05 17:40:57.200  3257  3608 D BatteryService: !@BatteryListener : batteryPropertiesChanged!
05-05 17:40:57.205  3257  3608 D BatteryService: level:56, scale:100, status:3, health:2, present:true, voltage: 3890, temperature: 351, technology: Li-ion, AC powered:false, USB powered:true, POGO powered:false, Wireless powered:false, icon:17303382, invalid charger:0
05-05 17:40:57.205  3257  3608 D BatteryService: online:4, current avg:-112, charge type:2, power sharing:false, high voltage charger:false, capacity:280000, current_now:-113
05-05 17:40:57.205  3257  3257 D BatteryService: Sending ACTION_BATTERY_CHANGED.
05-05 17:40:57.210  3674  3674 V EmergencyMode: [EmergencyStateReceiver] onReceive : android.intent.action.BATTERY_CHANGED
05-05 17:40:57.210  3674  3674 V EmergencyMode: [EmergencyStateReceiver] ACTION_BATTERY_CHANGED mBatteryLevelForLogging = 56
05-05 17:40:57.230  3422  3422 D BatteryMeterView: ACTION_BATTERY_CHANGED : level:56 status:3 health:2
05-05 17:40:57.235  3422  3422 D BatteryMeterView: ACTION_BATTERY_CHANGED : level:56 status:3 health:2
05-05 17:40:57.235  3422  3422 D BatteryMeterView: ACTION_BATTERY_CHANGED : level:56 status:3 health:2
05-05 17:40:57.235  3422  3422 D CoverUpdateMonitor: received broadcast android.intent.action.BATTERY_CHANGED
05-05 17:40:59.130  3257  3329 V AlarmManager: waitForAlarm result :4
05-05 17:40:59.880  3257  3330 D PowerManagerService: [api] userActivityFromNative : 1870 (event: 2 flags: 0) eventTime = 17057023
05-05 17:40:59.985  3257  3608 D ActivityManager: retrieveServiceLocked(): component = null; callingUser = 0; userId(target) = 0
05-05 17:40:59.995  3257  3329 V AlarmManager: waitForAlarm result :8
05-05 17:41:00.120  3422  3422 D CoverUpdateMonitor: received broadcast android.intent.action.TIME_TICK
05-05 17:41:00.135  3257  3568 D MultiWindowConverter: dismissGuide() : Before attaching the guide view, mForceDismissGuide : false
05-05 17:41:00.140  3257  3292 D StatusBarManagerService: manageDisableList userId=0 what=0x0 pkg=WindowManager.LayoutParams
05-05 17:41:00.905  3257  3610 D ActivityManager: retrieveServiceLocked(): component = null; callingUser = 0; userId(target) = 0
05-05 17:41:00.920  3257  5298 D ActivityManager: retrieveServiceLocked(): component = null; callingUser = 0; userId(target) = 0
05-05 17:41:00.925  3257 16314 D ActivityManager: retrieveServiceLocked(): component = null; callingUser = 0; userId(target) = 0
05-05 17:41:01.210  3257  3353 D ActivityManager: retrieveServiceLocked(): component = null; callingUser = 0; userId(target) = 0
05-05 17:41:01.825  3257 31676 D ActivityManager: retrieveServiceLocked(): component = null; callingUser = 0; userId(target) = 0
05-05 17:41:01.975  3257  4047 D MultiWindowConverter: dismissGuide() : Before attaching the guide view, mForceDismissGuide : false
05-05 17:41:01.975  3257  3292 D StatusBarManagerService: manageDisableList userId=0 what=0x0 pkg=WindowManager.LayoutParams
05-05 17:41:02.015  3257  3779 D CustomFrequencyManagerService: acquireDVFSLockLocked : type : DVFS_MIN_LIMIT  frequency : 1800000  uid : 1000  pid : 3257  pkgName : ACTIVITY_RESUME_BOOSTER@2
05-05 17:41:02.020  3257  3779 W ActivityManager: mDVFSHelper.acquire()
05-05 17:41:02.020  3257  3779 W ActivityManager: startActivity called from finishing ActivityRecord{cdd7f93 u0 com.icrealtime.allie/.ui.activities.AuthActivity t803 f}; forcing Intent.FLAG_ACTIVITY_NEW_TASK for: Intent { flg=0x4000000 cmp=com.icrealtime.allie/.ui.activities.MainActivity (has extras) }
05-05 17:41:02.020  3257  3779 D MultiWindowConverter: dismissGuide() : Before attaching the guide view, mForceDismissGuide : false
05-05 17:41:02.025  3257  3610 W InputMethodManagerService: Window already focused, ignoring focus gain of: com.android.internal.view.IInputMethodClient$Stub$Proxy@3cd0c9e1 attribute=null, token = android.os.BinderProxy@16c654fc
05-05 17:41:02.055  3257  3270 D PowerManagerService: [api] acquire WakeLock flags=0x2000000a tag=WindowManager uid=1000 pid=3257
05-05 17:41:02.060  3257  4047 W ActivityManager: Permission Denial: getCurrentUser() from pid=19644, uid=10360 requires android.permission.INTERACT_ACROSS_USERS
05-05 17:41:02.065  3257  3568 D ActivityManager: startService callerProcessName:com.icrealtime.allie, calleePkgName: com.icrealtime.allie
05-05 17:41:02.065  3257  3568 D ActivityManager: retrieveServiceLocked(): component = com.icrealtime.allie/com.icrealtime.allie.service.BackgroundService; callingUser = 0; userId(target) = 0
05-05 17:41:02.105  3257 31676 D ActivityManager: bindService callerProcessName:com.icrealtime.allie, calleePkgName: com.icrealtime.allie, action: null
05-05 17:41:02.105  3257 31676 D ActivityManager: retrieveServiceLocked(): component = com.icrealtime.allie/com.icrealtime.allie.service.BackgroundService; callingUser = 0; userId(target) = 0
05-05 17:41:02.120  3257  3257 D PersonaManagerService: getPersonasForUser(): returning null!
05-05 17:41:02.135  3257  4047 D MultiWindowConverter: dismissGuide() : Before attaching the guide view, mForceDismissGuide : false
05-05 17:41:02.135  3257  3292 D StatusBarManagerService: manageDisableList userId=0 what=0x0 pkg=WindowManager.LayoutParams
05-05 17:41:02.140  3257  3292 D StatusBarManagerService: manageDisableList userId=0 what=0x0 pkg=WindowManager.LayoutParams
05-05 17:41:02.175  3257 20000 W ContextImpl: Calling a method in the system process without a qualified user: android.app.ContextImpl.sendBroadcast:1698 com.android.server.InputMethodManagerService$6.run:2786 java.lang.Thread.run:818 <bottom of call stack> <bottom of call stack> 
05-05 17:41:02.190  3257  3270 I MultiPhoneWindowManager: Changed -> mCurrentInputMethodTarget : null
05-05 17:41:02.190  3257  3257 D LightsService: [api] [SvcLED] turnOff:: id = 4 (uid: 1000 pid: 3257) 
05-05 17:41:02.190  3257  3257 D LightsService: [SvcLED] setSvcLedStateLocked:: SvcLEDState : 0x0 -> 0x0 | SvcLED(id=4) set Off
05-05 17:41:02.190  3257  3309 D LightsService: [SvcLED] Lux failed to be updated in 0ms. -> handleForcedSvcLEDTasK
05-05 17:41:02.190  3257  3309 D LightsService: [SvcLED]  setSvcLedLightLocked :: Current SvcLED(id=4) maintains its priority right
05-05 17:41:02.190  4036  4036 W ContextImpl: Calling a method in the system process without a qualified user: android.app.ContextImpl.sendBroadcast:1698 android.content.ContextWrapper.sendBroadcast:391 android.inputmethodservice.InputMethodService.sendInputViewShownState:424 android.inputmethodservice.InputMethodService.hideWindow:2193 android.inputmethodservice.InputMethodService.doHideWindow:2171 
05-05 17:41:02.195  4036 20001 W ContextImpl: Calling a method in the system process without a qualified user: android.app.ContextImpl.sendBroadcast:1698 android.content.ContextWrapper.sendBroadcast:391 android.inputmethodservice.InputMethodService$4.run:3277 java.lang.Thread.run:818 <bottom of call stack> 
05-05 17:41:02.195  3257  5049 D SSRM:a  : DeviceInfo:: 000000000000
05-05 17:41:02.195  3257  5049 D SSRM:a  : SettingsAirViewInfo:: 000000000
05-05 17:41:02.475  3257  3294 D CustomFrequencyManagerService: releaseDVFSLockLocked : Getting Lock type frm List : DVFS_MIN_LIMIT  frequency : 1800000  uid : 1000  pid : 3257  tag : ACTIVITY_RESUME_BOOSTER@2
05-05 17:41:02.475  3257  3294 W ActivityManager: mDVFSHelper.release()
05-05 17:41:02.485  3257  3289 D CustomFrequencyManagerService: acquireDVFSLockLocked : type : DVFS_MIN_LIMIT  frequency : 1800000  uid : 1000  pid : 3257  pkgName : ACTIVITY_RESUME_BOOSTER@6
05-05 17:41:02.785  3257  3257 D CustomFrequencyManagerService: releaseDVFSLockLocked : Getting Lock type frm List : DVFS_MIN_LIMIT  frequency : 1800000  uid : 1000  pid : 3257  tag : ACTIVITY_RESUME_BOOSTER@6
05-05 17:41:04.010  3257 16315 D PowerManagerService: [api] [s] userActivity : event: 0 flags: 0 (uid: 1000 pid: 3257) eventTime = 17061157
05-05 17:41:04.010  3257 16315 D PowerManagerService: [api] release WakeLock flags=0x2000000a tag=WindowManager uid=1000 pid=3257 (0x0)
05-05 17:41:04.010  3257 16315 D PowerManagerService: [api] applyWakeLockFlagsOnReleaseLocked : userActivityNoUpdateLocked is called : SCREEN_BRIGHT_WAKE_LOCK        'WindowManager' ON_AFTER_RELEASE (uid=1000, pid=3257, ws=WorkSource{10360}) (elapsedTime=1956)
05-05 17:41:06.745  3257  3556 D ActivityManager: retrieveServiceLocked(): component = null; callingUser = 0; userId(target) = 0
05-05 17:41:06.995  3257  5049 D SSRM:n  : SIOP:: AP = 430, PST = 435 (W:14), CUR = -112, LCD = 29
05-05 17:41:07.050  3257  3481 D ActivityManager: retrieveServiceLocked(): component = null; callingUser = 0; userId(target) = 0
05-05 17:41:07.210  3257  4047 D BatteryService: !@BatteryListener : batteryPropertiesChanged!
05-05 17:41:07.210  3257  4047 D BatteryService: level:56, scale:100, status:3, health:2, present:true, voltage: 3863, temperature: 353, technology: Li-ion, AC powered:false, USB powered:true, POGO powered:false, Wireless powered:false, icon:17303382, invalid charger:0
05-05 17:41:07.210  3257  4047 D BatteryService: online:4, current avg:-186, charge type:2, power sharing:false, high voltage charger:false, capacity:280000, current_now:-187
05-05 17:41:07.210  3257  3257 D BatteryService: Sending ACTION_BATTERY_CHANGED.
05-05 17:41:07.220  3674  3674 V EmergencyMode: [EmergencyStateReceiver] onReceive : android.intent.action.BATTERY_CHANGED
05-05 17:41:07.220  3674  3674 V EmergencyMode: [EmergencyStateReceiver] ACTION_BATTERY_CHANGED mBatteryLevelForLogging = 56
05-05 17:41:07.240  3422  3422 D BatteryMeterView: ACTION_BATTERY_CHANGED : level:56 status:3 health:2
05-05 17:41:07.240  3422  3422 D BatteryMeterView: ACTION_BATTERY_CHANGED : level:56 status:3 health:2
05-05 17:41:07.240  3422  3422 D BatteryMeterView: ACTION_BATTERY_CHANGED : level:56 status:3 health:2
05-05 17:41:07.240  3422  3422 D CoverUpdateMonitor: received broadcast android.intent.action.BATTERY_CHANGED
05-05 17:41:09.510  3257  3556 D ActivityManager: retrieveServiceLocked(): component = null; callingUser = 0; userId(target) = 0
05-05 17:41:09.695  3257 20007 W ContextImpl: Calling a method in the system process without a qualified user: android.app.ContextImpl.sendBroadcast:1698 com.android.server.InputMethodManagerService$6.run:2786 java.lang.Thread.run:818 <bottom of call stack> <bottom of call stack> 
05-05 17:41:09.730  3257  3608 D MotionRecognitionService:  ssp status : false
05-05 17:41:13.225  3257  3766 D ActivityManager: bindService callerProcessName:android, calleePkgName: com.sec.android.inputmethod, action: android.view.InputMethod
05-05 17:41:13.225  3257  3766 D ActivityManager: retrieveServiceLocked(): component = com.sec.android.inputmethod/com.sec.android.inputmethod.SamsungKeypad; callingUser = 0; userId(target) = 0
05-05 17:41:13.225  3257  3766 I MultiPhoneWindowManager: Changed -> mCurrentInputMethodTarget : Window{e2aef63 u0 com.icrealtime.allie/com.icrealtime.allie.ui.activities.MainActivity}
05-05 17:41:13.225  3257 16315 D CustomFrequencyManagerService: acquireDVFSLockLocked : type : DVFS_MIN_LIMIT  frequency : 1700000  uid : 1000  pid : 3257  pkgName : com.sec.android.inputmethod@1
05-05 17:41:13.230  3257  3270 V VibratorService: hasVibrator - useVibetonz: false
05-05 17:41:13.315  4036  4036 W ContextImpl: Calling a method in the system process without a qualified user: android.app.ContextImpl.sendBroadcast:1698 android.content.ContextWrapper.sendBroadcast:391 com.ime.framework.common.InputManagerImpl.sendBroadcaseSIPShown:9947 com.ime.framework.common.InputManagerImpl.startInputView:3692 com.sec.android.inputmethod.SamsungKeypad.onStartInputView:445 
05-05 17:41:13.320  4036  4036 W ContextImpl: Calling a method in the system process without a qualified user: android.app.ContextImpl.sendBroadcast:1698 android.content.ContextWrapper.sendBroadcast:391 android.inputmethodservice.InputMethodService.sendInputViewShownState:424 android.inputmethodservice.InputMethodService.showWindow:2021 android.inputmethodservice.InputMethodService$InputMethodImpl.showSoftInput:648 
05-05 17:41:13.325  4036 20014 W ContextImpl: Calling a method in the system process without a qualified user: android.app.ContextImpl.sendBroadcast:1698 android.content.ContextWrapper.sendBroadcast:391 android.inputmethodservice.InputMethodService$4.run:3277 java.lang.Thread.run:818 <bottom of call stack> 
05-05 17:41:13.325  3257  5049 D SSRM:a  : DeviceInfo:: 000000000000
05-05 17:41:13.325  3257  5049 D SSRM:a  : SettingsAirViewInfo:: 000000000
05-05 17:41:13.330  3257  3257 I ValidateNoPeople: skipping global notification
05-05 17:41:13.330  3257  3257 W NotificationService: Pray mode not found android.content.pm.PackageManager$NameNotFoundException: Application package com.sec.android.settings.praymodewidget not found
05-05 17:41:13.630  3257  5298 D CustomFrequencyManagerService: releaseDVFSLockLocked : Getting Lock type frm List : DVFS_MIN_LIMIT  frequency : 1700000  uid : 1000  pid : 3257  tag : com.sec.android.inputmethod@1
05-05 17:41:15.900  4036  4036 W ContextImpl: Calling a method in the system process without a qualified user: android.app.ContextImpl.sendBroadcast:1698 android.content.ContextWrapper.sendBroadcast:391 android.inputmethodservice.InputMethodService.sendInputViewShownState:424 android.inputmethodservice.InputMethodService.showWindow:2021 android.inputmethodservice.InputMethodService$InputMethodImpl.showSoftInput:648 
05-05 17:41:15.905  4036 20016 W ContextImpl: Calling a method in the system process without a qualified user: android.app.ContextImpl.sendBroadcast:1698 android.content.ContextWrapper.sendBroadcast:391 android.inputmethodservice.InputMethodService$4.run:3277 java.lang.Thread.run:818 <bottom of call stack> 
05-05 17:41:15.905  3257  5049 D SSRM:a  : DeviceInfo:: 000000000000
05-05 17:41:15.905  3257  5049 D SSRM:a  : SettingsAirViewInfo:: 000000000
05-05 17:41:15.905  3257  3257 I ValidateNoPeople: skipping global notification
05-05 17:41:15.910  3257  3257 W NotificationService: Pray mode not found android.content.pm.PackageManager$NameNotFoundException: Application package com.sec.android.settings.praymodewidget not found
05-05 17:41:17.005  3257  5049 D SSRM:n  : SIOP:: AP = 420, PST = 437 (W:14), CUR = -186, LCD = 29
05-05 17:41:17.220  3257  3779 D BatteryService: !@BatteryListener : batteryPropertiesChanged!
05-05 17:41:17.220  3257  3779 D BatteryService: level:56, scale:100, status:3, health:2, present:true, voltage: 3890, temperature: 351, technology: Li-ion, AC powered:false, USB powered:true, POGO powered:false, Wireless powered:false, icon:17303382, invalid charger:0
05-05 17:41:17.220  3257  3779 D BatteryService: online:4, current avg:156, charge type:2, power sharing:false, high voltage charger:false, capacity:280000, current_now:156
05-05 17:41:17.220  3257  3257 D BatteryService: Sending ACTION_BATTERY_CHANGED.
05-05 17:41:17.225  3674  3674 V EmergencyMode: [EmergencyStateReceiver] onReceive : android.intent.action.BATTERY_CHANGED
05-05 17:41:17.225  3674  3674 V EmergencyMode: [EmergencyStateReceiver] ACTION_BATTERY_CHANGED mBatteryLevelForLogging = 56
05-05 17:41:17.235  3422  3422 D BatteryMeterView: ACTION_BATTERY_CHANGED : level:56 status:3 health:2
05-05 17:41:17.235  3422  3422 D BatteryMeterView: ACTION_BATTERY_CHANGED : level:56 status:3 health:2
05-05 17:41:17.235  3422  3422 D BatteryMeterView: ACTION_BATTERY_CHANGED : level:56 status:3 health:2
05-05 17:41:17.235  3422  3422 D CoverUpdateMonitor: received broadcast android.intent.action.BATTERY_CHANGED
05-05 17:41:18.840  3257  3330 D PowerManagerService: [api] userActivityFromNative : 1880 (event: 2 flags: 0) eventTime = 17075986
05-05 17:41:19.485  4036  4036 W ContextImpl: Calling a method in the system process without a qualified user: android.app.ContextImpl.sendBroadcast:1698 android.content.ContextWrapper.sendBroadcast:391 com.ime.framework.common.InputManagerImpl.sendBroadcaseSIPShown:9947 com.ime.framework.common.InputManagerImpl.startInputView:3692 com.sec.android.inputmethod.SamsungKeypad.onStartInputView:445 
05-05 17:41:19.490  4036  4036 W ContextImpl: Calling a method in the system process without a qualified user: android.app.ContextImpl.sendBroadcast:1698 android.content.ContextWrapper.sendBroadcast:391 android.inputmethodservice.InputMethodService.sendInputViewShownState:424 android.inputmethodservice.InputMethodService.showWindow:2021 android.inputmethodservice.InputMethodService$InputMethodImpl.showSoftInput:648 
05-05 17:41:19.495  4036 20022 W ContextImpl: Calling a method in the system process without a qualified user: android.app.ContextImpl.sendBroadcast:1698 android.content.ContextWrapper.sendBroadcast:391 android.inputmethodservice.InputMethodService$4.run:3277 java.lang.Thread.run:818 <bottom of call stack> 
05-05 17:41:19.495  3257  5049 D SSRM:a  : DeviceInfo:: 000000000000
05-05 17:41:19.495  3257  5049 D SSRM:a  : SettingsAirViewInfo:: 000000000
05-05 17:41:19.500  3257  3257 I ValidateNoPeople: skipping global notification
05-05 17:41:19.505  4036  4036 W ContextImpl: Calling a method in the system process without a qualified user: android.app.ContextImpl.sendBroadcast:1698 android.content.ContextWrapper.sendBroadcast:391 android.inputmethodservice.InputMethodService.sendInputViewShownState:424 android.inputmethodservice.InputMethodService.showWindow:2021 android.inputmethodservice.InputMethodService$InputMethodImpl.showSoftInput:648 
05-05 17:41:19.505  4036 20024 W ContextImpl: Calling a method in the system process without a qualified user: android.app.ContextImpl.sendBroadcast:1698 android.content.ContextWrapper.sendBroadcast:391 android.inputmethodservice.InputMethodService$4.run:3277 java.lang.Thread.run:818 <bottom of call stack> 
05-05 17:41:19.505  3257  3257 W NotificationService: Pray mode not found android.content.pm.PackageManager$NameNotFoundException: Application package com.sec.android.settings.praymodewidget not found
05-05 17:41:19.505  3257  5049 D SSRM:a  : DeviceInfo:: 000000000000
05-05 17:41:19.505  3257  5049 D SSRM:a  : SettingsAirViewInfo:: 000000000
05-05 17:41:19.515  3257  3257 I ValidateNoPeople: skipping global notification
05-05 17:41:19.520  3257  3257 W NotificationService: Pray mode not found android.content.pm.PackageManager$NameNotFoundException: Application package com.sec.android.settings.praymodewidget not found
05-05 17:41:19.955  3257  5298 D ActivityManager: retrieveServiceLocked(): component = null; callingUser = 0; userId(target) = 0
