05-05 17:44:00.140  3810  3810 D [AccuTab] : {[2A3EB7143AC81BB0125CF5BF34461C1179E52C7A0EAA060F1E2500438161CC77B638797A3BAFB653B4B440DCA7C1579F8424A2D443DCC84F18B77D1BA8940291F996D03A2D5F13A58B1E7D983C70C219]}
05-05 17:44:00.140  3810  3810 D [AccuTab] : {[EED4F37EAE8CF81948B50258F561CDA33481A5C711D26C706B9FCAACFF90288A010DBF522418869EC6BD39888A0565313A1BDB2F393323108D41884107BFDBD9]}
05-05 17:44:00.145  3810  3810 D [AccuTab] : {[C8F46EE75CE5E6976A18B371E4A1FA385D507FFA164261BD17955837D3EC2BC26DE3B87F89E727E46A0AE3D5E63D4266660A7B545B1162B2914E74BDE74EBBF3]}
05-05 17:44:00.145  3810  3810 D [AccuTab] : {[DC3F2ED931F43D15025E60DC95471ACD7C9399615E0C45A2EFDF89E0EB3E8BCBC1EC23F238023AE70CD7ED0C220D301F60D8ECF68573B44B1D16C7757DA35A74]}
05-05 17:44:00.145  3810  3810 D [AccuTab] : {[4F32A411BC6719FE325C61FA21226B42DE4630E7B41062E5F5BCD28DF9FC645159D644DA3FF5867A925139756A902EDA]}
05-05 17:44:00.145  3810  3810 D [AccuTab] : {[1DD44868D8589B3424BF3A07850E2CA6CB1D5773F54404E508936BC313AC693A68E54FCE24A4F5C0F2243EF323BC30E0F07F94A57AFAE2B7BD609486E15A51D9]}
05-05 17:44:00.150  3810  3810 D [AccuTab] : {[19479FB03340899FC1B7C3938D29DED0260A065C397CCE05C2AA88854466200A6B000A39748E9502455A25EFC1FAD9BB]}
05-05 17:44:00.150  3810  3810 D [AccuTab] : {[7FFEBAFA80F5858BF33C4D287E2AC8FB28F40234D13C8D89B9A6FAEC40F67AF76D5DD50319E760E65238EEE37A07E628527E028A88D21E316F9B7D07E683B21A]}
05-05 17:44:00.150  3810  3810 D [AccuTab] : {[21FAB0E56E8355D4BAA610002FE34B78B907945C6A6BE2296AB66A3025448694777382D5665FA1B87DF71059B6276CDC]}
05-05 17:44:00.150  3810  3810 D [AccuTab] : {[1B72E932D17418C72354FBE4B7A6DBF26778A5994CBE995F88967E46DF3752CE30921AE27805B0F43C4DC3F4C65FDF80B2EA37255B03C84756107E5541E8CD17]}
05-05 17:44:00.150  3810  3810 D [AccuTab] : {[B9BE168310C6B7E8899D6AF490B33177685D8CC73538424F2FF093EC8698DBCB03726BC65B41215118BD8B66C3443533]}
05-05 17:44:00.160  3810  3810 E [AccuTab] : {[14CA2E936EDF73970A86B51104D336BF2760B706FC04B4C68DCC48A46D7150B1]}
05-05 17:44:00.160  3810  3810 E [AccuTab] : {[F2365D0A486BA658F3AEFB68FB53581BF0AF8AE1F17BB01FB7905EA06DBFCD96B27A5136D3C9F5873D173CC9F82040F3AD3575479B6835F5A36B64CC527CC12C]}
05-05 17:44:00.160  3810  3810 D [AccuTab] : {[538E67FFE72852ED22DF7789F8E8125FCE215E1D36F8932CB443DF14D31CFC56E0A57994442FFD54EB29D9672865959F]}
05-05 17:44:00.160 19616 19616 I QueryController: Matched selector: UiSelector[CLASS=android.widget.ProgressBar, INSTANCE=0] <<==>> [android.view.accessibility.AccessibilityNodeInfo@800853ec; boundsInParent: Rect(0, 0 - 96, 96); boundsInScreen: Rect(498, 1001 - 594, 1097); packageName: com.icrealtime.allie; className: android.widget.ProgressBar; text: null; error: null; maxTextLength: -1; contentDescription: null; viewIdResName: android:id/progress; checkable: false; checked: false; focusable: false; focused: false; selected: false; clickable: false; longClickable: false; enabled: true; password: false; scrollable: false; actions: [AccessibilityAction: ACTION_SELECT - null, AccessibilityAction: ACTION_CLEAR_SELECTION - null, AccessibilityAction: ACTION_ACCESSIBILITY_FOCUS - null]]
05-05 17:44:00.160 19616 19616 D UiObject: getText() = 
05-05 17:44:00.165  3810  3810 D [AccuTab] : {[19479FB03340899FC1B7C3938D29DED0260A065C397CCE05C2AA88854466200A6B000A39748E9502455A25EFC1FAD9BB]}
05-05 17:44:00.165  3810  3810 D [AccuTab] : {[7FFEBAFA80F5858BF33C4D287E2AC8FB28F40234D13C8D89B9A6FAEC40F67AF76D5DD50319E760E65238EEE37A07E628527E028A88D21E316F9B7D07E683B21A]}
05-05 17:44:00.165  3810  3810 D [AccuTab] : {[21FAB0E56E8355D4BAA610002FE34B78B907945C6A6BE2296AB66A3025448694777382D5665FA1B87DF71059B6276CDC]}
05-05 17:44:00.180  3422  3422 D SecKeyguardStatusUtils: regionalDateFormat = 11/22/3333 isRTLlanguage = false returnDateFormat = E, MMMM d
05-05 17:44:00.215 19616 19616 W AccessibilityNodeInfoDumper: Fetch time: 4ms
05-05 17:44:00.335 19616 19616 I QueryController: Matched selector: UiSelector[CLASS=android.widget.ProgressBar, INSTANCE=0] <<==>> [android.view.accessibility.AccessibilityNodeInfo@800853ec; boundsInParent: Rect(0, 0 - 96, 96); boundsInScreen: Rect(498, 1001 - 594, 1097); packageName: com.icrealtime.allie; className: android.widget.ProgressBar; text: null; error: null; maxTextLength: -1; contentDescription: null; viewIdResName: android:id/progress; checkable: false; checked: false; focusable: false; focused: false; selected: false; clickable: false; longClickable: false; enabled: true; password: false; scrollable: false; actions: [AccessibilityAction: ACTION_SELECT - null, AccessibilityAction: ACTION_CLEAR_SELECTION - null, AccessibilityAction: ACTION_ACCESSIBILITY_FOCUS - null]]
05-05 17:44:00.400 19616 19616 I QueryController: Matched selector: UiSelector[CLASS=android.widget.ProgressBar, INSTANCE=0] <<==>> [android.view.accessibility.AccessibilityNodeInfo@800853ec; boundsInParent: Rect(0, 0 - 96, 96); boundsInScreen: Rect(498, 1001 - 594, 1097); packageName: com.icrealtime.allie; className: android.widget.ProgressBar; text: null; error: null; maxTextLength: -1; contentDescription: null; viewIdResName: android:id/progress; checkable: false; checked: false; focusable: false; focused: false; selected: false; clickable: false; longClickable: false; enabled: true; password: false; scrollable: false; actions: [AccessibilityAction: ACTION_SELECT - null, AccessibilityAction: ACTION_CLEAR_SELECTION - null, AccessibilityAction: ACTION_ACCESSIBILITY_FOCUS - null]]
05-05 17:44:00.400 19616 19616 D UiObject: getText() = 
05-05 17:44:00.490 19616 19616 W AccessibilityNodeInfoDumper: Fetch time: 5ms
05-05 17:44:00.620 19616 19616 I QueryController: Matched selector: UiSelector[CLASS=android.widget.ProgressBar, INSTANCE=0] <<==>> [android.view.accessibility.AccessibilityNodeInfo@800853ec; boundsInParent: Rect(0, 0 - 96, 96); boundsInScreen: Rect(498, 1001 - 594, 1097); packageName: com.icrealtime.allie; className: android.widget.ProgressBar; text: null; error: null; maxTextLength: -1; contentDescription: null; viewIdResName: android:id/progress; checkable: false; checked: false; focusable: false; focused: false; selected: false; clickable: false; longClickable: false; enabled: true; password: false; scrollable: false; actions: [AccessibilityAction: ACTION_SELECT - null, AccessibilityAction: ACTION_CLEAR_SELECTION - null, AccessibilityAction: ACTION_ACCESSIBILITY_FOCUS - null]]
05-05 17:44:00.685 19616 19616 I QueryController: Matched selector: UiSelector[CLASS=android.widget.ProgressBar, INSTANCE=0] <<==>> [android.view.accessibility.AccessibilityNodeInfo@800853ec; boundsInParent: Rect(0, 0 - 96, 96); boundsInScreen: Rect(498, 1001 - 594, 1097); packageName: com.icrealtime.allie; className: android.widget.ProgressBar; text: null; error: null; maxTextLength: -1; contentDescription: null; viewIdResName: android:id/progress; checkable: false; checked: false; focusable: false; focused: false; selected: false; clickable: false; longClickable: false; enabled: true; password: false; scrollable: false; actions: [AccessibilityAction: ACTION_SELECT - null, AccessibilityAction: ACTION_CLEAR_SELECTION - null, AccessibilityAction: ACTION_ACCESSIBILITY_FOCUS - null]]
05-05 17:44:00.685 19616 19616 D UiObject: getText() = 
05-05 17:44:00.695  3422  3422 D StatusBar.NetworkController: refreshViews connected={ wifi } level=0 combinedSignalIconId=0x7f02053f/com.android.systemui:drawable/stat_sys_wifi_signal_4 mobileLabel= wifiLabel="1503-5G" emergencyOnly=false combinedLabel="1503-5G" mAirplaneMode=false mDataActivity=0 mPhoneSignalIconId=0x0/(null) mQSPhoneSignalIconId=0x0/(null) mDataDirectionIconId=0x0/(null) mDataSignalIconId=0x0/(null) mDataTypeIconId=0x0/(null) mQSDataTypeIconId=0x0/(null) mNoSimIconId=0x0/(null) mWifiIconId=0x7f02053f/com.android.systemui:drawable/stat_sys_wifi_signal_4 mQSWifiIconId=0x7f02012e/com.android.systemui:drawable/ic_qs_wifi_4 mWifiActivityIconId=0x7f020507/com.android.systemui:drawable/stat_sys_signal_in mBluetoothTetherIconId=0x7f02051c/com.android.systemui:drawable/stat_sys_tether_bluetooth
05-05 17:44:00.695  3422  3422 D STATUSBAR-WifiQuickSettingButton: onWifiSignalChanged enabled=true enabledDesc:"1503-5G"
05-05 17:44:00.695  3422  3422 D StatusBar.NetworkController: refreshNwBoosterIndicator - setNWBoosterIndicators(false)
05-05 17:44:00.695  3422  3422 D StatusBar.NetworkController: refreshNwBoosterIndicator - setNWBoosterIndicators(false)
05-05 17:44:00.695  3422  3422 D StatusBar.NetworkController: refreshNwBoosterIndicator - setNWBoosterIndicators(false)
05-05 17:44:00.695  3422  3422 D StatusBar.NetworkController: refreshNwBoosterIndicator - setNWBoosterIndicators(false)
05-05 17:44:00.745 19616 19616 W AccessibilityNodeInfoDumper: Fetch time: 4ms
05-05 17:44:00.875 19616 19616 I QueryController: Matched selector: UiSelector[CLASS=android.widget.ProgressBar, INSTANCE=0] <<==>> [android.view.accessibility.AccessibilityNodeInfo@800853ec; boundsInParent: Rect(0, 0 - 96, 96); boundsInScreen: Rect(498, 1001 - 594, 1097); packageName: com.icrealtime.allie; className: android.widget.ProgressBar; text: null; error: null; maxTextLength: -1; contentDescription: null; viewIdResName: android:id/progress; checkable: false; checked: false; focusable: false; focused: false; selected: false; clickable: false; longClickable: false; enabled: true; password: false; scrollable: false; actions: [AccessibilityAction: ACTION_SELECT - null, AccessibilityAction: ACTION_CLEAR_SELECTION - null, AccessibilityAction: ACTION_ACCESSIBILITY_FOCUS - null]]
05-05 17:44:01.080 19616 19616 I QueryController: Matched selector: UiSelector[CLASS=android.widget.ProgressBar, INSTANCE=0] <<==>> [android.view.accessibility.AccessibilityNodeInfo@800853ec; boundsInParent: Rect(0, 0 - 96, 96); boundsInScreen: Rect(498, 1001 - 594, 1097); packageName: com.icrealtime.allie; className: android.widget.ProgressBar; text: null; error: null; maxTextLength: -1; contentDescription: null; viewIdResName: android:id/progress; checkable: false; checked: false; focusable: false; focused: false; selected: false; clickable: false; longClickable: false; enabled: true; password: false; scrollable: false; actions: [AccessibilityAction: ACTION_SELECT - null, AccessibilityAction: ACTION_CLEAR_SELECTION - null, AccessibilityAction: ACTION_ACCESSIBILITY_FOCUS - null]]
05-05 17:44:01.080 19616 19616 D UiObject: getText() = 
05-05 17:44:01.155 19616 19616 W AccessibilityNodeInfoDumper: Fetch time: 9ms
05-05 17:44:01.240 19616 19616 I QueryController: Matched selector: UiSelector[CLASS=android.widget.ProgressBar, INSTANCE=0] <<==>> [android.view.accessibility.AccessibilityNodeInfo@800853ec; boundsInParent: Rect(0, 0 - 96, 96); boundsInScreen: Rect(498, 1001 - 594, 1097); packageName: com.icrealtime.allie; className: android.widget.ProgressBar; text: null; error: null; maxTextLength: -1; contentDescription: null; viewIdResName: android:id/progress; checkable: false; checked: false; focusable: false; focused: false; selected: false; clickable: false; longClickable: false; enabled: true; password: false; scrollable: false; actions: [AccessibilityAction: ACTION_SELECT - null, AccessibilityAction: ACTION_CLEAR_SELECTION - null, AccessibilityAction: ACTION_ACCESSIBILITY_FOCUS - null]]
05-05 17:44:01.330 19616 19616 I QueryController: Matched selector: UiSelector[CLASS=android.widget.ProgressBar, INSTANCE=0] <<==>> [android.view.accessibility.AccessibilityNodeInfo@800853ec; boundsInParent: Rect(0, 0 - 96, 96); boundsInScreen: Rect(498, 1001 - 594, 1097); packageName: com.icrealtime.allie; className: android.widget.ProgressBar; text: null; error: null; maxTextLength: -1; contentDescription: null; viewIdResName: android:id/progress; checkable: false; checked: false; focusable: false; focused: false; selected: false; clickable: false; longClickable: false; enabled: true; password: false; scrollable: false; actions: [AccessibilityAction: ACTION_SELECT - null, AccessibilityAction: ACTION_CLEAR_SELECTION - null, AccessibilityAction: ACTION_ACCESSIBILITY_FOCUS - null]]
05-05 17:44:01.330 19616 19616 D UiObject: getText() = 
05-05 17:44:01.410 19616 19616 W AccessibilityNodeInfoDumper: Fetch time: 8ms
05-05 17:44:01.530 19616 19616 I QueryController: Matched selector: UiSelector[CLASS=android.widget.ProgressBar, INSTANCE=0] <<==>> [android.view.accessibility.AccessibilityNodeInfo@800853ec; boundsInParent: Rect(0, 0 - 96, 96); boundsInScreen: Rect(498, 1001 - 594, 1097); packageName: com.icrealtime.allie; className: android.widget.ProgressBar; text: null; error: null; maxTextLength: -1; contentDescription: null; viewIdResName: android:id/progress; checkable: false; checked: false; focusable: false; focused: false; selected: false; clickable: false; longClickable: false; enabled: true; password: false; scrollable: false; actions: [AccessibilityAction: ACTION_SELECT - null, AccessibilityAction: ACTION_CLEAR_SELECTION - null, AccessibilityAction: ACTION_ACCESSIBILITY_FOCUS - null]]
05-05 17:44:01.545  3257  3269 D ActivityManager: retrieveServiceLocked(): component = null; callingUser = 0; userId(target) = 0
05-05 17:44:01.580 19616 19616 I QueryController: Matched selector: UiSelector[CLASS=android.widget.ProgressBar, INSTANCE=0] <<==>> [android.view.accessibility.AccessibilityNodeInfo@800853ec; boundsInParent: Rect(0, 0 - 96, 96); boundsInScreen: Rect(498, 1001 - 594, 1097); packageName: com.icrealtime.allie; className: android.widget.ProgressBar; text: null; error: null; maxTextLength: -1; contentDescription: null; viewIdResName: android:id/progress; checkable: false; checked: false; focusable: false; focused: false; selected: false; clickable: false; longClickable: false; enabled: true; password: false; scrollable: false; actions: [AccessibilityAction: ACTION_SELECT - null, AccessibilityAction: ACTION_CLEAR_SELECTION - null, AccessibilityAction: ACTION_ACCESSIBILITY_FOCUS - null]]
05-05 17:44:01.580 19616 19616 D UiObject: getText() = 
05-05 17:44:01.635 19616 19616 W AccessibilityNodeInfoDumper: Fetch time: 3ms
05-05 17:44:01.750 19616 19616 I QueryController: Matched selector: UiSelector[CLASS=android.widget.ProgressBar, INSTANCE=0] <<==>> [android.view.accessibility.AccessibilityNodeInfo@800853ec; boundsInParent: Rect(0, 0 - 96, 96); boundsInScreen: Rect(498, 1001 - 594, 1097); packageName: com.icrealtime.allie; className: android.widget.ProgressBar; text: null; error: null; maxTextLength: -1; contentDescription: null; viewIdResName: android:id/progress; checkable: false; checked: false; focusable: false; focused: false; selected: false; clickable: false; longClickable: false; enabled: true; password: false; scrollable: false; actions: [AccessibilityAction: ACTION_SELECT - null, AccessibilityAction: ACTION_CLEAR_SELECTION - null, AccessibilityAction: ACTION_ACCESSIBILITY_FOCUS - null]]
05-05 17:44:01.835 19616 19616 I QueryController: Matched selector: UiSelector[CLASS=android.widget.ProgressBar, INSTANCE=0] <<==>> [android.view.accessibility.AccessibilityNodeInfo@800853ec; boundsInParent: Rect(0, 0 - 96, 96); boundsInScreen: Rect(498, 1001 - 594, 1097); packageName: com.icrealtime.allie; className: android.widget.ProgressBar; text: null; error: null; maxTextLength: -1; contentDescription: null; viewIdResName: android:id/progress; checkable: false; checked: false; focusable: false; focused: false; selected: false; clickable: false; longClickable: false; enabled: true; password: false; scrollable: false; actions: [AccessibilityAction: ACTION_SELECT - null, AccessibilityAction: ACTION_CLEAR_SELECTION - null, AccessibilityAction: ACTION_ACCESSIBILITY_FOCUS - null]]
05-05 17:44:01.835 19616 19616 D UiObject: getText() = 
05-05 17:44:01.850  3257 31676 D ActivityManager: retrieveServiceLocked(): component = null; callingUser = 0; userId(target) = 0
05-05 17:44:01.905 19616 19616 W AccessibilityNodeInfoDumper: Fetch time: 5ms
05-05 17:44:02.040 19616 19616 I QueryController: Matched selector: UiSelector[CLASS=android.widget.ProgressBar, INSTANCE=0] <<==>> [android.view.accessibility.AccessibilityNodeInfo@800853ec; boundsInParent: Rect(0, 0 - 96, 96); boundsInScreen: Rect(498, 1001 - 594, 1097); packageName: com.icrealtime.allie; className: android.widget.ProgressBar; text: null; error: null; maxTextLength: -1; contentDescription: null; viewIdResName: android:id/progress; checkable: false; checked: false; focusable: false; focused: false; selected: false; clickable: false; longClickable: false; enabled: true; password: false; scrollable: false; actions: [AccessibilityAction: ACTION_SELECT - null, AccessibilityAction: ACTION_CLEAR_SELECTION - null, AccessibilityAction: ACTION_ACCESSIBILITY_FOCUS - null]]
05-05 17:44:02.110 19616 19616 I QueryController: Matched selector: UiSelector[CLASS=android.widget.ProgressBar, INSTANCE=0] <<==>> [android.view.accessibility.AccessibilityNodeInfo@800853ec; boundsInParent: Rect(0, 0 - 96, 96); boundsInScreen: Rect(498, 1001 - 594, 1097); packageName: com.icrealtime.allie; className: android.widget.ProgressBar; text: null; error: null; maxTextLength: -1; contentDescription: null; viewIdResName: android:id/progress; checkable: false; checked: false; focusable: false; focused: false; selected: false; clickable: false; longClickable: false; enabled: true; password: false; scrollable: false; actions: [AccessibilityAction: ACTION_SELECT - null, AccessibilityAction: ACTION_CLEAR_SELECTION - null, AccessibilityAction: ACTION_ACCESSIBILITY_FOCUS - null]]
05-05 17:44:02.110 19616 19616 D UiObject: getText() = 
05-05 17:44:02.160  3257  4047 D ActivityManager: retrieveServiceLocked(): component = null; callingUser = 0; userId(target) = 0
05-05 17:44:02.170 21300 21320 I Quasar  : start to send events
05-05 17:44:02.195 19616 19616 W AccessibilityNodeInfoDumper: Fetch time: 6ms
05-05 17:44:02.325 19616 19616 I QueryController: Matched selector: UiSelector[CLASS=android.widget.ProgressBar, INSTANCE=0] <<==>> [android.view.accessibility.AccessibilityNodeInfo@800853ec; boundsInParent: Rect(0, 0 - 96, 96); boundsInScreen: Rect(498, 1001 - 594, 1097); packageName: com.icrealtime.allie; className: android.widget.ProgressBar; text: null; error: null; maxTextLength: -1; contentDescription: null; viewIdResName: android:id/progress; checkable: false; checked: false; focusable: false; focused: false; selected: false; clickable: false; longClickable: false; enabled: true; password: false; scrollable: false; actions: [AccessibilityAction: ACTION_SELECT - null, AccessibilityAction: ACTION_CLEAR_SELECTION - null, AccessibilityAction: ACTION_ACCESSIBILITY_FOCUS - null]]
05-05 17:44:02.460  3257 16314 D ActivityManager: retrieveServiceLocked(): component = null; callingUser = 0; userId(target) = 0
05-05 17:44:02.465 19616 19616 I QueryController: Matched selector: UiSelector[CLASS=android.widget.ProgressBar, INSTANCE=0] <<==>> [android.view.accessibility.AccessibilityNodeInfo@800853ec; boundsInParent: Rect(0, 0 - 96, 96); boundsInScreen: Rect(498, 1001 - 594, 1097); packageName: com.icrealtime.allie; className: android.widget.ProgressBar; text: null; error: null; maxTextLength: -1; contentDescription: null; viewIdResName: android:id/progress; checkable: false; checked: false; focusable: false; focused: false; selected: false; clickable: false; longClickable: false; enabled: true; password: false; scrollable: false; actions: [AccessibilityAction: ACTION_SELECT - null, AccessibilityAction: ACTION_CLEAR_SELECTION - null, AccessibilityAction: ACTION_ACCESSIBILITY_FOCUS - null]]
05-05 17:44:02.465 19616 19616 D UiObject: getText() = 
05-05 17:44:02.530 19616 19616 W AccessibilityNodeInfoDumper: Fetch time: 5ms
05-05 17:44:02.645 19616 19616 I QueryController: Matched selector: UiSelector[CLASS=android.widget.ProgressBar, INSTANCE=0] <<==>> [android.view.accessibility.AccessibilityNodeInfo@800853ec; boundsInParent: Rect(0, 0 - 96, 96); boundsInScreen: Rect(498, 1001 - 594, 1097); packageName: com.icrealtime.allie; className: android.widget.ProgressBar; text: null; error: null; maxTextLength: -1; contentDescription: null; viewIdResName: android:id/progress; checkable: false; checked: false; focusable: false; focused: false; selected: false; clickable: false; longClickable: false; enabled: true; password: false; scrollable: false; actions: [AccessibilityAction: ACTION_SELECT - null, AccessibilityAction: ACTION_CLEAR_SELECTION - null, AccessibilityAction: ACTION_ACCESSIBILITY_FOCUS - null]]
05-05 17:44:02.770  3257  3610 D ActivityManager: retrieveServiceLocked(): component = null; callingUser = 0; userId(target) = 0
05-05 17:44:02.830 19616 19616 I QueryController: Matched selector: UiSelector[CLASS=android.widget.ProgressBar, INSTANCE=0] <<==>> [android.view.accessibility.AccessibilityNodeInfo@800853ec; boundsInParent: Rect(0, 0 - 96, 96); boundsInScreen: Rect(498, 1001 - 594, 1097); packageName: com.icrealtime.allie; className: android.widget.ProgressBar; text: null; error: null; maxTextLength: -1; contentDescription: null; viewIdResName: android:id/progress; checkable: false; checked: false; focusable: false; focused: false; selected: false; clickable: false; longClickable: false; enabled: true; password: false; scrollable: false; actions: [AccessibilityAction: ACTION_SELECT - null, AccessibilityAction: ACTION_CLEAR_SELECTION - null, AccessibilityAction: ACTION_ACCESSIBILITY_FOCUS - null]]
05-05 17:44:02.830 19616 19616 D UiObject: getText() = 
05-05 17:44:02.890 19616 19616 W AccessibilityNodeInfoDumper: Fetch time: 5ms
05-05 17:44:03.015 19616 19616 I QueryController: Matched selector: UiSelector[CLASS=android.widget.ProgressBar, INSTANCE=0] <<==>> [android.view.accessibility.AccessibilityNodeInfo@800853ec; boundsInParent: Rect(0, 0 - 96, 96); boundsInScreen: Rect(498, 1001 - 594, 1097); packageName: com.icrealtime.allie; className: android.widget.ProgressBar; text: null; error: null; maxTextLength: -1; contentDescription: null; viewIdResName: android:id/progress; checkable: false; checked: false; focusable: false; focused: false; selected: false; clickable: false; longClickable: false; enabled: true; password: false; scrollable: false; actions: [AccessibilityAction: ACTION_SELECT - null, AccessibilityAction: ACTION_CLEAR_SELECTION - null, AccessibilityAction: ACTION_ACCESSIBILITY_FOCUS - null]]
05-05 17:44:03.070 19616 19616 I QueryController: Matched selector: UiSelector[CLASS=android.widget.ProgressBar, INSTANCE=0] <<==>> [android.view.accessibility.AccessibilityNodeInfo@800853ec; boundsInParent: Rect(0, 0 - 96, 96); boundsInScreen: Rect(498, 1001 - 594, 1097); packageName: com.icrealtime.allie; className: android.widget.ProgressBar; text: null; error: null; maxTextLength: -1; contentDescription: null; viewIdResName: android:id/progress; checkable: false; checked: false; focusable: false; focused: false; selected: false; clickable: false; longClickable: false; enabled: true; password: false; scrollable: false; actions: [AccessibilityAction: ACTION_SELECT - null, AccessibilityAction: ACTION_CLEAR_SELECTION - null, AccessibilityAction: ACTION_ACCESSIBILITY_FOCUS - null]]
05-05 17:44:03.070 19616 19616 D UiObject: getText() = 
05-05 17:44:03.140 19616 19616 W AccessibilityNodeInfoDumper: Fetch time: 4ms
05-05 17:44:03.155  4124  4602 I art     : Explicit concurrent mark sweep GC freed 27859(920KB) AllocSpace objects, 0(0B) LOS objects, 25% free, 11MB/15MB, paused 1.396ms total 70.592ms
05-05 17:44:03.155  3257  3779 D ActivityManager: retrieveServiceLocked(): component = null; callingUser = 0; userId(target) = 0
05-05 17:44:03.255 19616 19616 I QueryController: Matched selector: UiSelector[CLASS=android.widget.ProgressBar, INSTANCE=0] <<==>> [android.view.accessibility.AccessibilityNodeInfo@800853ec; boundsInParent: Rect(0, 0 - 96, 96); boundsInScreen: Rect(498, 1001 - 594, 1097); packageName: com.icrealtime.allie; className: android.widget.ProgressBar; text: null; error: null; maxTextLength: -1; contentDescription: null; viewIdResName: android:id/progress; checkable: false; checked: false; focusable: false; focused: false; selected: false; clickable: false; longClickable: false; enabled: true; password: false; scrollable: false; actions: [AccessibilityAction: ACTION_SELECT - null, AccessibilityAction: ACTION_CLEAR_SELECTION - null, AccessibilityAction: ACTION_ACCESSIBILITY_FOCUS - null]]
05-05 17:44:03.305 19616 19616 I QueryController: Matched selector: UiSelector[CLASS=android.widget.ProgressBar, INSTANCE=0] <<==>> [android.view.accessibility.AccessibilityNodeInfo@800853ec; boundsInParent: Rect(0, 0 - 96, 96); boundsInScreen: Rect(498, 1001 - 594, 1097); packageName: com.icrealtime.allie; className: android.widget.ProgressBar; text: null; error: null; maxTextLength: -1; contentDescription: null; viewIdResName: android:id/progress; checkable: false; checked: false; focusable: false; focused: false; selected: false; clickable: false; longClickable: false; enabled: true; password: false; scrollable: false; actions: [AccessibilityAction: ACTION_SELECT - null, AccessibilityAction: ACTION_CLEAR_SELECTION - null, AccessibilityAction: ACTION_ACCESSIBILITY_FOCUS - null]]
05-05 17:44:03.305 19616 19616 D UiObject: getText() = 
05-05 17:44:03.390  3257  3568 D ActivityManager: retrieveServiceLocked(): component = null; callingUser = 0; userId(target) = 0
05-05 17:44:03.445 19616 19616 W AccessibilityNodeInfoDumper: Fetch time: 4ms
05-05 17:44:03.555 19616 19616 I QueryController: Matched selector: UiSelector[CLASS=android.widget.ProgressBar, INSTANCE=0] <<==>> [android.view.accessibility.AccessibilityNodeInfo@800853ec; boundsInParent: Rect(0, 0 - 96, 96); boundsInScreen: Rect(498, 1001 - 594, 1097); packageName: com.icrealtime.allie; className: android.widget.ProgressBar; text: null; error: null; maxTextLength: -1; contentDescription: null; viewIdResName: android:id/progress; checkable: false; checked: false; focusable: false; focused: false; selected: false; clickable: false; longClickable: false; enabled: true; password: false; scrollable: false; actions: [AccessibilityAction: ACTION_SELECT - null, AccessibilityAction: ACTION_CLEAR_SELECTION - null, AccessibilityAction: ACTION_ACCESSIBILITY_FOCUS - null]]
05-05 17:44:03.760 19616 19616 I QueryController: Matched selector: UiSelector[CLASS=android.widget.ProgressBar, INSTANCE=0] <<==>> [android.view.accessibility.AccessibilityNodeInfo@800853ec; boundsInParent: Rect(0, 0 - 96, 96); boundsInScreen: Rect(498, 1001 - 594, 1097); packageName: com.icrealtime.allie; className: android.widget.ProgressBar; text: null; error: null; maxTextLength: -1; contentDescription: null; viewIdResName: android:id/progress; checkable: false; checked: false; focusable: false; focused: false; selected: false; clickable: false; longClickable: false; enabled: true; password: false; scrollable: false; actions: [AccessibilityAction: ACTION_SELECT - null, AccessibilityAction: ACTION_CLEAR_SELECTION - null, AccessibilityAction: ACTION_ACCESSIBILITY_FOCUS - null]]
05-05 17:44:03.760 19616 19616 D UiObject: getText() = 
05-05 17:44:03.865 19616 19616 W AccessibilityNodeInfoDumper: Fetch time: 5ms
05-05 17:44:03.995 19616 19616 I QueryController: Matched selector: UiSelector[CLASS=android.widget.ProgressBar, INSTANCE=0] <<==>> [android.view.accessibility.AccessibilityNodeInfo@800853ec; boundsInParent: Rect(0, 0 - 96, 96); boundsInScreen: Rect(498, 1001 - 594, 1097); packageName: com.icrealtime.allie; className: android.widget.ProgressBar; text: null; error: null; maxTextLength: -1; contentDescription: null; viewIdResName: android:id/progress; checkable: false; checked: false; focusable: false; focused: false; selected: false; clickable: false; longClickable: false; enabled: true; password: false; scrollable: false; actions: [AccessibilityAction: ACTION_SELECT - null, AccessibilityAction: ACTION_CLEAR_SELECTION - null, AccessibilityAction: ACTION_ACCESSIBILITY_FOCUS - null]]
05-05 17:44:04.065 19616 19616 I QueryController: Matched selector: UiSelector[CLASS=android.widget.ProgressBar, INSTANCE=0] <<==>> [android.view.accessibility.AccessibilityNodeInfo@800853ec; boundsInParent: Rect(0, 0 - 96, 96); boundsInScreen: Rect(498, 1001 - 594, 1097); packageName: com.icrealtime.allie; className: android.widget.ProgressBar; text: null; error: null; maxTextLength: -1; contentDescription: null; viewIdResName: android:id/progress; checkable: false; checked: false; focusable: false; focused: false; selected: false; clickable: false; longClickable: false; enabled: true; password: false; scrollable: false; actions: [AccessibilityAction: ACTION_SELECT - null, AccessibilityAction: ACTION_CLEAR_SELECTION - null, AccessibilityAction: ACTION_ACCESSIBILITY_FOCUS - null]]
05-05 17:44:04.065 19616 19616 D UiObject: getText() = 
05-05 17:44:04.255 19616 19616 W AccessibilityNodeInfoDumper: Fetch time: 8ms
05-05 17:44:04.400 19616 19616 I QueryController: Matched selector: UiSelector[CLASS=android.widget.ProgressBar, INSTANCE=0] <<==>> [android.view.accessibility.AccessibilityNodeInfo@800853ec; boundsInParent: Rect(0, 0 - 96, 96); boundsInScreen: Rect(498, 1001 - 594, 1097); packageName: com.icrealtime.allie; className: android.widget.ProgressBar; text: null; error: null; maxTextLength: -1; contentDescription: null; viewIdResName: android:id/progress; checkable: false; checked: false; focusable: false; focused: false; selected: false; clickable: false; longClickable: false; enabled: true; password: false; scrollable: false; actions: [AccessibilityAction: ACTION_SELECT - null, AccessibilityAction: ACTION_CLEAR_SELECTION - null, AccessibilityAction: ACTION_ACCESSIBILITY_FOCUS - null]]
05-05 17:44:04.505 19616 19616 I QueryController: Matched selector: UiSelector[CLASS=android.widget.ProgressBar, INSTANCE=0] <<==>> [android.view.accessibility.AccessibilityNodeInfo@800853ec; boundsInParent: Rect(0, 0 - 96, 96); boundsInScreen: Rect(498, 1001 - 594, 1097); packageName: com.icrealtime.allie; className: android.widget.ProgressBar; text: null; error: null; maxTextLength: -1; contentDescription: null; viewIdResName: android:id/progress; checkable: false; checked: false; focusable: false; focused: false; selected: false; clickable: false; longClickable: false; enabled: true; password: false; scrollable: false; actions: [AccessibilityAction: ACTION_SELECT - null, AccessibilityAction: ACTION_CLEAR_SELECTION - null, AccessibilityAction: ACTION_ACCESSIBILITY_FOCUS - null]]
05-05 17:44:04.505 19616 19616 D UiObject: getText() = 
05-05 17:44:04.585 19616 19616 W AccessibilityNodeInfoDumper: Fetch time: 12ms
05-05 17:44:04.705 19616 19616 I QueryController: Matched selector: UiSelector[CLASS=android.widget.ProgressBar, INSTANCE=0] <<==>> [android.view.accessibility.AccessibilityNodeInfo@800853ec; boundsInParent: Rect(0, 0 - 96, 96); boundsInScreen: Rect(498, 1001 - 594, 1097); packageName: com.icrealtime.allie; className: android.widget.ProgressBar; text: null; error: null; maxTextLength: -1; contentDescription: null; viewIdResName: android:id/progress; checkable: false; checked: false; focusable: false; focused: false; selected: false; clickable: false; longClickable: false; enabled: true; password: false; scrollable: false; actions: [AccessibilityAction: ACTION_SELECT - null, AccessibilityAction: ACTION_CLEAR_SELECTION - null, AccessibilityAction: ACTION_ACCESSIBILITY_FOCUS - null]]
05-05 17:44:04.755 19616 19616 I QueryController: Matched selector: UiSelector[CLASS=android.widget.ProgressBar, INSTANCE=0] <<==>> [android.view.accessibility.AccessibilityNodeInfo@800853ec; boundsInParent: Rect(0, 0 - 96, 96); boundsInScreen: Rect(498, 1001 - 594, 1097); packageName: com.icrealtime.allie; className: android.widget.ProgressBar; text: null; error: null; maxTextLength: -1; contentDescription: null; viewIdResName: android:id/progress; checkable: false; checked: false; focusable: false; focused: false; selected: false; clickable: false; longClickable: false; enabled: true; password: false; scrollable: false; actions: [AccessibilityAction: ACTION_SELECT - null, AccessibilityAction: ACTION_CLEAR_SELECTION - null, AccessibilityAction: ACTION_ACCESSIBILITY_FOCUS - null]]
05-05 17:44:04.755 19616 19616 D UiObject: getText() = 
05-05 17:44:04.835 19616 19616 W AccessibilityNodeInfoDumper: Fetch time: 10ms
05-05 17:44:04.905 19616 19616 I QueryController: Matched selector: UiSelector[CLASS=android.widget.ProgressBar, INSTANCE=0] <<==>> [android.view.accessibility.AccessibilityNodeInfo@800853ec; boundsInParent: Rect(0, 0 - 96, 96); boundsInScreen: Rect(498, 1001 - 594, 1097); packageName: com.icrealtime.allie; className: android.widget.ProgressBar; text: null; error: null; maxTextLength: -1; contentDescription: null; viewIdResName: android:id/progress; checkable: false; checked: false; focusable: false; focused: false; selected: false; clickable: false; longClickable: false; enabled: true; password: false; scrollable: false; actions: [AccessibilityAction: ACTION_SELECT - null, AccessibilityAction: ACTION_CLEAR_SELECTION - null, AccessibilityAction: ACTION_ACCESSIBILITY_FOCUS - null]]
05-05 17:44:05.010 19616 19616 I QueryController: Matched selector: UiSelector[CLASS=android.widget.ProgressBar, INSTANCE=0] <<==>> [android.view.accessibility.AccessibilityNodeInfo@800853ec; boundsInParent: Rect(0, 0 - 96, 96); boundsInScreen: Rect(498, 1001 - 594, 1097); packageName: com.icrealtime.allie; className: android.widget.ProgressBar; text: null; error: null; maxTextLength: -1; contentDescription: null; viewIdResName: android:id/progress; checkable: false; checked: false; focusable: false; focused: false; selected: false; clickable: false; longClickable: false; enabled: true; password: false; scrollable: false; actions: [AccessibilityAction: ACTION_SELECT - null, AccessibilityAction: ACTION_CLEAR_SELECTION - null, AccessibilityAction: ACTION_ACCESSIBILITY_FOCUS - null]]
05-05 17:44:05.010 19616 19616 D UiObject: getText() = 
05-05 17:44:05.075 19616 19616 W AccessibilityNodeInfoDumper: Fetch time: 4ms
05-05 17:44:05.195 19616 19616 I QueryController: Matched selector: UiSelector[CLASS=android.widget.ProgressBar, INSTANCE=0] <<==>> [android.view.accessibility.AccessibilityNodeInfo@800853ec; boundsInParent: Rect(0, 0 - 96, 96); boundsInScreen: Rect(498, 1001 - 594, 1097); packageName: com.icrealtime.allie; className: android.widget.ProgressBar; text: null; error: null; maxTextLength: -1; contentDescription: null; viewIdResName: android:id/progress; checkable: false; checked: false; focusable: false; focused: false; selected: false; clickable: false; longClickable: false; enabled: true; password: false; scrollable: false; actions: [AccessibilityAction: ACTION_SELECT - null, AccessibilityAction: ACTION_CLEAR_SELECTION - null, AccessibilityAction: ACTION_ACCESSIBILITY_FOCUS - null]]
05-05 17:44:05.265 19616 19616 I QueryController: Matched selector: UiSelector[CLASS=android.widget.ProgressBar, INSTANCE=0] <<==>> [android.view.accessibility.AccessibilityNodeInfo@800853ec; boundsInParent: Rect(0, 0 - 96, 96); boundsInScreen: Rect(498, 1001 - 594, 1097); packageName: com.icrealtime.allie; className: android.widget.ProgressBar; text: null; error: null; maxTextLength: -1; contentDescription: null; viewIdResName: android:id/progress; checkable: false; checked: false; focusable: false; focused: false; selected: false; clickable: false; longClickable: false; enabled: true; password: false; scrollable: false; actions: [AccessibilityAction: ACTION_SELECT - null, AccessibilityAction: ACTION_CLEAR_SELECTION - null, AccessibilityAction: ACTION_ACCESSIBILITY_FOCUS - null]]
05-05 17:44:05.265 19616 19616 D UiObject: getText() = 
05-05 17:44:05.340 19616 19616 W AccessibilityNodeInfoDumper: Fetch time: 10ms
05-05 17:44:05.410 19616 19616 I QueryController: Matched selector: UiSelector[CLASS=android.widget.ProgressBar, INSTANCE=0] <<==>> [android.view.accessibility.AccessibilityNodeInfo@800853ec; boundsInParent: Rect(0, 0 - 96, 96); boundsInScreen: Rect(498, 1001 - 594, 1097); packageName: com.icrealtime.allie; className: android.widget.ProgressBar; text: null; error: null; maxTextLength: -1; contentDescription: null; viewIdResName: android:id/progress; checkable: false; checked: false; focusable: false; focused: false; selected: false; clickable: false; longClickable: false; enabled: true; password: false; scrollable: false; actions: [AccessibilityAction: ACTION_SELECT - null, AccessibilityAction: ACTION_CLEAR_SELECTION - null, AccessibilityAction: ACTION_ACCESSIBILITY_FOCUS - null]]
05-05 17:44:05.480 19616 19616 I QueryController: Matched selector: UiSelector[CLASS=android.widget.ProgressBar, INSTANCE=0] <<==>> [android.view.accessibility.AccessibilityNodeInfo@800853ec; boundsInParent: Rect(0, 0 - 96, 96); boundsInScreen: Rect(498, 1001 - 594, 1097); packageName: com.icrealtime.allie; className: android.widget.ProgressBar; text: null; error: null; maxTextLength: -1; contentDescription: null; viewIdResName: android:id/progress; checkable: false; checked: false; focusable: false; focused: false; selected: false; clickable: false; longClickable: false; enabled: true; password: false; scrollable: false; actions: [AccessibilityAction: ACTION_SELECT - null, AccessibilityAction: ACTION_CLEAR_SELECTION - null, AccessibilityAction: ACTION_ACCESSIBILITY_FOCUS - null]]
05-05 17:44:05.480 19616 19616 D UiObject: getText() = 
05-05 17:44:05.645 19616 19616 W AccessibilityNodeInfoDumper: Fetch time: 9ms
05-05 17:44:05.705  3422  3422 D StatusBar.NetworkController: refreshViews connected={ wifi } level=0 combinedSignalIconId=0x7f02053f/com.android.systemui:drawable/stat_sys_wifi_signal_4 mobileLabel= wifiLabel="1503-5G" emergencyOnly=false combinedLabel="1503-5G" mAirplaneMode=false mDataActivity=0 mPhoneSignalIconId=0x0/(null) mQSPhoneSignalIconId=0x0/(null) mDataDirectionIconId=0x0/(null) mDataSignalIconId=0x0/(null) mDataTypeIconId=0x0/(null) mQSDataTypeIconId=0x0/(null) mNoSimIconId=0x0/(null) mWifiIconId=0x7f02053f/com.android.systemui:drawable/stat_sys_wifi_signal_4 mQSWifiIconId=0x7f02012e/com.android.systemui:drawable/ic_qs_wifi_4 mWifiActivityIconId=0x7f020509/com.android.systemui:drawable/stat_sys_signal_inout mBluetoothTetherIconId=0x7f02051c/com.android.systemui:drawable/stat_sys_tether_bluetooth
05-05 17:44:05.705  3422  3422 D STATUSBAR-WifiQuickSettingButton: onWifiSignalChanged enabled=true enabledDesc:"1503-5G"
05-05 17:44:05.705  3422  3422 D StatusBar.NetworkController: refreshNwBoosterIndicator - setNWBoosterIndicators(false)
05-05 17:44:05.705  3422  3422 D StatusBar.NetworkController: refreshNwBoosterIndicator - setNWBoosterIndicators(false)
05-05 17:44:05.705  3422  3422 D StatusBar.NetworkController: refreshNwBoosterIndicator - setNWBoosterIndicators(false)
05-05 17:44:05.705  3422  3422 D StatusBar.NetworkController: refreshNwBoosterIndicator - setNWBoosterIndicators(false)
05-05 17:44:05.765 19616 19616 I QueryController: Matched selector: UiSelector[CLASS=android.widget.ProgressBar, INSTANCE=0] <<==>> [android.view.accessibility.AccessibilityNodeInfo@800853ec; boundsInParent: Rect(0, 0 - 96, 96); boundsInScreen: Rect(498, 1001 - 594, 1097); packageName: com.icrealtime.allie; className: android.widget.ProgressBar; text: null; error: null; maxTextLength: -1; contentDescription: null; viewIdResName: android:id/progress; checkable: false; checked: false; focusable: false; focused: false; selected: false; clickable: false; longClickable: false; enabled: true; password: false; scrollable: false; actions: [AccessibilityAction: ACTION_SELECT - null, AccessibilityAction: ACTION_CLEAR_SELECTION - null, AccessibilityAction: ACTION_ACCESSIBILITY_FOCUS - null]]
05-05 17:44:05.820 19616 19616 I QueryController: Matched selector: UiSelector[CLASS=android.widget.ProgressBar, INSTANCE=0] <<==>> [android.view.accessibility.AccessibilityNodeInfo@800853ec; boundsInParent: Rect(0, 0 - 96, 96); boundsInScreen: Rect(498, 1001 - 594, 1097); packageName: com.icrealtime.allie; className: android.widget.ProgressBar; text: null; error: null; maxTextLength: -1; contentDescription: null; viewIdResName: android:id/progress; checkable: false; checked: false; focusable: false; focused: false; selected: false; clickable: false; longClickable: false; enabled: true; password: false; scrollable: false; actions: [AccessibilityAction: ACTION_SELECT - null, AccessibilityAction: ACTION_CLEAR_SELECTION - null, AccessibilityAction: ACTION_ACCESSIBILITY_FOCUS - null]]
05-05 17:44:05.820 19616 19616 D UiObject: getText() = 
05-05 17:44:06.025 19616 19616 W AccessibilityNodeInfoDumper: Fetch time: 5ms
05-05 17:44:06.150 19616 19616 I QueryController: Matched selector: UiSelector[CLASS=android.widget.ProgressBar, INSTANCE=0] <<==>> [android.view.accessibility.AccessibilityNodeInfo@800853ec; boundsInParent: Rect(0, 0 - 96, 96); boundsInScreen: Rect(498, 1001 - 594, 1097); packageName: com.icrealtime.allie; className: android.widget.ProgressBar; text: null; error: null; maxTextLength: -1; contentDescription: null; viewIdResName: android:id/progress; checkable: false; checked: false; focusable: false; focused: false; selected: false; clickable: false; longClickable: false; enabled: true; password: false; scrollable: false; actions: [AccessibilityAction: ACTION_SELECT - null, AccessibilityAction: ACTION_CLEAR_SELECTION - null, AccessibilityAction: ACTION_ACCESSIBILITY_FOCUS - null]]
05-05 17:44:06.220 19616 19616 I QueryController: Matched selector: UiSelector[CLASS=android.widget.ProgressBar, INSTANCE=0] <<==>> [android.view.accessibility.AccessibilityNodeInfo@800853ec; boundsInParent: Rect(0, 0 - 96, 96); boundsInScreen: Rect(498, 1001 - 594, 1097); packageName: com.icrealtime.allie; className: android.widget.ProgressBar; text: null; error: null; maxTextLength: -1; contentDescription: null; viewIdResName: android:id/progress; checkable: false; checked: false; focusable: false; focused: false; selected: false; clickable: false; longClickable: false; enabled: true; password: false; scrollable: false; actions: [AccessibilityAction: ACTION_SELECT - null, AccessibilityAction: ACTION_CLEAR_SELECTION - null, AccessibilityAction: ACTION_ACCESSIBILITY_FOCUS - null]]
05-05 17:44:06.220 19616 19616 D UiObject: getText() = 
05-05 17:44:06.415 19616 19616 W AccessibilityNodeInfoDumper: Fetch time: 7ms
05-05 17:44:06.490 19616 19616 I QueryController: Matched selector: UiSelector[CLASS=android.widget.ProgressBar, INSTANCE=0] <<==>> [android.view.accessibility.AccessibilityNodeInfo@800853ec; boundsInParent: Rect(0, 0 - 96, 96); boundsInScreen: Rect(498, 1001 - 594, 1097); packageName: com.icrealtime.allie; className: android.widget.ProgressBar; text: null; error: null; maxTextLength: -1; contentDescription: null; viewIdResName: android:id/progress; checkable: false; checked: false; focusable: false; focused: false; selected: false; clickable: false; longClickable: false; enabled: true; password: false; scrollable: false; actions: [AccessibilityAction: ACTION_SELECT - null, AccessibilityAction: ACTION_CLEAR_SELECTION - null, AccessibilityAction: ACTION_ACCESSIBILITY_FOCUS - null]]
05-05 17:44:06.665 19616 19616 I QueryController: Matched selector: UiSelector[CLASS=android.widget.ProgressBar, INSTANCE=0] <<==>> [android.view.accessibility.AccessibilityNodeInfo@800853ec; boundsInParent: Rect(0, 0 - 96, 96); boundsInScreen: Rect(498, 1001 - 594, 1097); packageName: com.icrealtime.allie; className: android.widget.ProgressBar; text: null; error: null; maxTextLength: -1; contentDescription: null; viewIdResName: android:id/progress; checkable: false; checked: false; focusable: false; focused: false; selected: false; clickable: false; longClickable: false; enabled: true; password: false; scrollable: false; actions: [AccessibilityAction: ACTION_SELECT - null, AccessibilityAction: ACTION_CLEAR_SELECTION - null, AccessibilityAction: ACTION_ACCESSIBILITY_FOCUS - null]]
05-05 17:44:06.665 19616 19616 D UiObject: getText() = 
05-05 17:44:06.710  3422  3422 D StatusBar.NetworkController: refreshViews connected={ wifi } level=0 combinedSignalIconId=0x7f02053f/com.android.systemui:drawable/stat_sys_wifi_signal_4 mobileLabel= wifiLabel="1503-5G" emergencyOnly=false combinedLabel="1503-5G" mAirplaneMode=false mDataActivity=0 mPhoneSignalIconId=0x0/(null) mQSPhoneSignalIconId=0x0/(null) mDataDirectionIconId=0x0/(null) mDataSignalIconId=0x0/(null) mDataTypeIconId=0x0/(null) mQSDataTypeIconId=0x0/(null) mNoSimIconId=0x0/(null) mWifiIconId=0x7f02053f/com.android.systemui:drawable/stat_sys_wifi_signal_4 mQSWifiIconId=0x7f02012e/com.android.systemui:drawable/ic_qs_wifi_4 mWifiActivityIconId=0x7f020507/com.android.systemui:drawable/stat_sys_signal_in mBluetoothTetherIconId=0x7f02051c/com.android.systemui:drawable/stat_sys_tether_bluetooth
05-05 17:44:06.710  3422  3422 D STATUSBAR-WifiQuickSettingButton: onWifiSignalChanged enabled=true enabledDesc:"1503-5G"
05-05 17:44:06.710  3422  3422 D StatusBar.NetworkController: refreshNwBoosterIndicator - setNWBoosterIndicators(false)
05-05 17:44:06.715  3422  3422 D StatusBar.NetworkController: refreshNwBoosterIndicator - setNWBoosterIndicators(false)
05-05 17:44:06.715  3422  3422 D StatusBar.NetworkController: refreshNwBoosterIndicator - setNWBoosterIndicators(false)
05-05 17:44:06.715  3422  3422 D StatusBar.NetworkController: refreshNwBoosterIndicator - setNWBoosterIndicators(false)
05-05 17:44:06.760 19616 19616 W AccessibilityNodeInfoDumper: Fetch time: 8ms
05-05 17:44:06.880 19616 19616 I QueryController: Matched selector: UiSelector[CLASS=android.widget.ProgressBar, INSTANCE=0] <<==>> [android.view.accessibility.AccessibilityNodeInfo@800853ec; boundsInParent: Rect(0, 0 - 96, 96); boundsInScreen: Rect(498, 1001 - 594, 1097); packageName: com.icrealtime.allie; className: android.widget.ProgressBar; text: null; error: null; maxTextLength: -1; contentDescription: null; viewIdResName: android:id/progress; checkable: false; checked: false; focusable: false; focused: false; selected: false; clickable: false; longClickable: false; enabled: true; password: false; scrollable: false; actions: [AccessibilityAction: ACTION_SELECT - null, AccessibilityAction: ACTION_CLEAR_SELECTION - null, AccessibilityAction: ACTION_ACCESSIBILITY_FOCUS - null]]
05-05 17:44:06.950 19616 19616 I QueryController: Matched selector: UiSelector[CLASS=android.widget.ProgressBar, INSTANCE=0] <<==>> [android.view.accessibility.AccessibilityNodeInfo@800853ec; boundsInParent: Rect(0, 0 - 96, 96); boundsInScreen: Rect(498, 1001 - 594, 1097); packageName: com.icrealtime.allie; className: android.widget.ProgressBar; text: null; error: null; maxTextLength: -1; contentDescription: null; viewIdResName: android:id/progress; checkable: false; checked: false; focusable: false; focused: false; selected: false; clickable: false; longClickable: false; enabled: true; password: false; scrollable: false; actions: [AccessibilityAction: ACTION_SELECT - null, AccessibilityAction: ACTION_CLEAR_SELECTION - null, AccessibilityAction: ACTION_ACCESSIBILITY_FOCUS - null]]
05-05 17:44:06.950 19616 19616 D UiObject: getText() = 
05-05 17:44:07.025 19616 19616 W AccessibilityNodeInfoDumper: Fetch time: 5ms
05-05 17:44:07.080 19616 19616 I QueryController: Matched selector: UiSelector[CLASS=android.widget.ProgressBar, INSTANCE=0] <<==>> [android.view.accessibility.AccessibilityNodeInfo@800853ec; boundsInParent: Rect(0, 0 - 96, 96); boundsInScreen: Rect(498, 1001 - 594, 1097); packageName: com.icrealtime.allie; className: android.widget.ProgressBar; text: null; error: null; maxTextLength: -1; contentDescription: null; viewIdResName: android:id/progress; checkable: false; checked: false; focusable: false; focused: false; selected: false; clickable: false; longClickable: false; enabled: true; password: false; scrollable: false; actions: [AccessibilityAction: ACTION_SELECT - null, AccessibilityAction: ACTION_CLEAR_SELECTION - null, AccessibilityAction: ACTION_ACCESSIBILITY_FOCUS - null]]
05-05 17:44:07.170 21300 21320 I Quasar  : start to send events
05-05 17:44:07.175  3257  5049 D SSRM:n  : SIOP:: AP = 410, PST = 411 (W:20), CUR = 88, LCD = 29
05-05 17:44:07.290 19616 19616 I QueryController: Matched selector: UiSelector[CLASS=android.widget.ProgressBar, INSTANCE=0] <<==>> [android.view.accessibility.AccessibilityNodeInfo@800853ec; boundsInParent: Rect(0, 0 - 96, 96); boundsInScreen: Rect(498, 1001 - 594, 1097); packageName: com.icrealtime.allie; className: android.widget.ProgressBar; text: null; error: null; maxTextLength: -1; contentDescription: null; viewIdResName: android:id/progress; checkable: false; checked: false; focusable: false; focused: false; selected: false; clickable: false; longClickable: false; enabled: true; password: false; scrollable: false; actions: [AccessibilityAction: ACTION_SELECT - null, AccessibilityAction: ACTION_CLEAR_SELECTION - null, AccessibilityAction: ACTION_ACCESSIBILITY_FOCUS - null]]
05-05 17:44:07.290 19616 19616 D UiObject: getText() = 
05-05 17:44:07.365 19616 19616 W AccessibilityNodeInfoDumper: Fetch time: 13ms
05-05 17:44:07.390  3257 16314 D BatteryService: !@BatteryListener : batteryPropertiesChanged!
05-05 17:44:07.390  3257 16314 D BatteryService: level:56, scale:100, status:3, health:2, present:true, voltage: 3894, temperature: 347, technology: Li-ion, AC powered:false, USB powered:true, POGO powered:false, Wireless powered:false, icon:17303382, invalid charger:0
05-05 17:44:07.390  3257 16314 D BatteryService: online:4, current avg:-18, charge type:2, power sharing:false, high voltage charger:false, capacity:280000, current_now:-19
05-05 17:44:07.390  3257  3257 D BatteryService: Sending ACTION_BATTERY_CHANGED.
05-05 17:44:07.400  3422  3422 D KeyguardUpdateMonitor: received broadcast android.intent.action.BATTERY_CHANGED
05-05 17:44:07.400  3422  3422 D KeyguardUpdateMonitor: handleBatteryUpdate
05-05 17:44:07.400  3674  3674 V EmergencyMode: [EmergencyStateReceiver] onReceive : android.intent.action.BATTERY_CHANGED
05-05 17:44:07.400  3674  3674 V EmergencyMode: [EmergencyStateReceiver] ACTION_BATTERY_CHANGED mBatteryLevelForLogging = 56
