05-05 17:44:07.405  4995  4995 V HeadsetService: HeadsetService - Received Intent.ACTION_BATTERY_CHANGED
05-05 17:44:07.405  4995  5253 D HeadsetStateMachine: Disconnected process message: 10
05-05 17:44:07.415  3422  3422 D BatteryMeterView: ACTION_BATTERY_CHANGED : level:56 status:3 health:2
05-05 17:44:07.415  3422  3422 D BatteryMeterView: ACTION_BATTERY_CHANGED : level:56 status:3 health:2
05-05 17:44:07.415  3422  3422 D BatteryMeterView: ACTION_BATTERY_CHANGED : level:56 status:3 health:2
05-05 17:44:07.420  3422  3422 D CoverUpdateMonitor: received broadcast android.intent.action.BATTERY_CHANGED
05-05 17:44:07.490 19616 19616 I QueryController: Matched selector: UiSelector[CLASS=android.widget.ProgressBar, INSTANCE=0] <<==>> [android.view.accessibility.AccessibilityNodeInfo@800853ec; boundsInParent: Rect(0, 0 - 96, 96); boundsInScreen: Rect(498, 1001 - 594, 1097); packageName: com.icrealtime.allie; className: android.widget.ProgressBar; text: null; error: null; maxTextLength: -1; contentDescription: null; viewIdResName: android:id/progress; checkable: false; checked: false; focusable: false; focused: false; selected: false; clickable: false; longClickable: false; enabled: true; password: false; scrollable: false; actions: [AccessibilityAction: ACTION_SELECT - null, AccessibilityAction: ACTION_CLEAR_SELECTION - null, AccessibilityAction: ACTION_ACCESSIBILITY_FOCUS - null]]
05-05 17:44:07.540 19616 19616 I QueryController: Matched selector: UiSelector[CLASS=android.widget.ProgressBar, INSTANCE=0] <<==>> [android.view.accessibility.AccessibilityNodeInfo@800853ec; boundsInParent: Rect(0, 0 - 96, 96); boundsInScreen: Rect(498, 1001 - 594, 1097); packageName: com.icrealtime.allie; className: android.widget.ProgressBar; text: null; error: null; maxTextLength: -1; contentDescription: null; viewIdResName: android:id/progress; checkable: false; checked: false; focusable: false; focused: false; selected: false; clickable: false; longClickable: false; enabled: true; password: false; scrollable: false; actions: [AccessibilityAction: ACTION_SELECT - null, AccessibilityAction: ACTION_CLEAR_SELECTION - null, AccessibilityAction: ACTION_ACCESSIBILITY_FOCUS - null]]
05-05 17:44:07.540 19616 19616 D UiObject: getText() = 
05-05 17:44:07.610 19616 19616 W AccessibilityNodeInfoDumper: Fetch time: 6ms
05-05 17:44:07.725 19616 19616 I QueryController: Matched selector: UiSelector[CLASS=android.widget.ProgressBar, INSTANCE=0] <<==>> [android.view.accessibility.AccessibilityNodeInfo@800853ec; boundsInParent: Rect(0, 0 - 96, 96); boundsInScreen: Rect(498, 1001 - 594, 1097); packageName: com.icrealtime.allie; className: android.widget.ProgressBar; text: null; error: null; maxTextLength: -1; contentDescription: null; viewIdResName: android:id/progress; checkable: false; checked: false; focusable: false; focused: false; selected: false; clickable: false; longClickable: false; enabled: true; password: false; scrollable: false; actions: [AccessibilityAction: ACTION_SELECT - null, AccessibilityAction: ACTION_CLEAR_SELECTION - null, AccessibilityAction: ACTION_ACCESSIBILITY_FOCUS - null]]
05-05 17:44:07.915 19616 19616 I QueryController: Matched selector: UiSelector[CLASS=android.widget.ProgressBar, INSTANCE=0] <<==>> [android.view.accessibility.AccessibilityNodeInfo@800853ec; boundsInParent: Rect(0, 0 - 96, 96); boundsInScreen: Rect(498, 1001 - 594, 1097); packageName: com.icrealtime.allie; className: android.widget.ProgressBar; text: null; error: null; maxTextLength: -1; contentDescription: null; viewIdResName: android:id/progress; checkable: false; checked: false; focusable: false; focused: false; selected: false; clickable: false; longClickable: false; enabled: true; password: false; scrollable: false; actions: [AccessibilityAction: ACTION_SELECT - null, AccessibilityAction: ACTION_CLEAR_SELECTION - null, AccessibilityAction: ACTION_ACCESSIBILITY_FOCUS - null]]
05-05 17:44:07.915 19616 19616 D UiObject: getText() = 
05-05 17:44:07.985 19616 19616 W AccessibilityNodeInfoDumper: Fetch time: 4ms
05-05 17:44:08.095 19616 19616 I QueryController: Matched selector: UiSelector[CLASS=android.widget.ProgressBar, INSTANCE=0] <<==>> [android.view.accessibility.AccessibilityNodeInfo@800853ec; boundsInParent: Rect(0, 0 - 96, 96); boundsInScreen: Rect(498, 1001 - 594, 1097); packageName: com.icrealtime.allie; className: android.widget.ProgressBar; text: null; error: null; maxTextLength: -1; contentDescription: null; viewIdResName: android:id/progress; checkable: false; checked: false; focusable: false; focused: false; selected: false; clickable: false; longClickable: false; enabled: true; password: false; scrollable: false; actions: [AccessibilityAction: ACTION_SELECT - null, AccessibilityAction: ACTION_CLEAR_SELECTION - null, AccessibilityAction: ACTION_ACCESSIBILITY_FOCUS - null]]
05-05 17:44:08.180 19616 19616 I QueryController: Matched selector: UiSelector[CLASS=android.widget.ProgressBar, INSTANCE=0] <<==>> [android.view.accessibility.AccessibilityNodeInfo@800853ec; boundsInParent: Rect(0, 0 - 96, 96); boundsInScreen: Rect(498, 1001 - 594, 1097); packageName: com.icrealtime.allie; className: android.widget.ProgressBar; text: null; error: null; maxTextLength: -1; contentDescription: null; viewIdResName: android:id/progress; checkable: false; checked: false; focusable: false; focused: false; selected: false; clickable: false; longClickable: false; enabled: true; password: false; scrollable: false; actions: [AccessibilityAction: ACTION_SELECT - null, AccessibilityAction: ACTION_CLEAR_SELECTION - null, AccessibilityAction: ACTION_ACCESSIBILITY_FOCUS - null]]
05-05 17:44:08.180 19616 19616 D UiObject: getText() = 
05-05 17:44:08.235 19616 19616 W AccessibilityNodeInfoDumper: Fetch time: 3ms
05-05 17:44:08.295 19616 19616 I QueryController: Matched selector: UiSelector[CLASS=android.widget.ProgressBar, INSTANCE=0] <<==>> [android.view.accessibility.AccessibilityNodeInfo@800853ec; boundsInParent: Rect(0, 0 - 96, 96); boundsInScreen: Rect(498, 1001 - 594, 1097); packageName: com.icrealtime.allie; className: android.widget.ProgressBar; text: null; error: null; maxTextLength: -1; contentDescription: null; viewIdResName: android:id/progress; checkable: false; checked: false; focusable: false; focused: false; selected: false; clickable: false; longClickable: false; enabled: true; password: false; scrollable: false; actions: [AccessibilityAction: ACTION_SELECT - null, AccessibilityAction: ACTION_CLEAR_SELECTION - null, AccessibilityAction: ACTION_ACCESSIBILITY_FOCUS - null]]
05-05 17:44:08.435 19616 19616 I QueryController: Matched selector: UiSelector[CLASS=android.widget.ProgressBar, INSTANCE=0] <<==>> [android.view.accessibility.AccessibilityNodeInfo@800853ec; boundsInParent: Rect(0, 0 - 96, 96); boundsInScreen: Rect(498, 1001 - 594, 1097); packageName: com.icrealtime.allie; className: android.widget.ProgressBar; text: null; error: null; maxTextLength: -1; contentDescription: null; viewIdResName: android:id/progress; checkable: false; checked: false; focusable: false; focused: false; selected: false; clickable: false; longClickable: false; enabled: true; password: false; scrollable: false; actions: [AccessibilityAction: ACTION_SELECT - null, AccessibilityAction: ACTION_CLEAR_SELECTION - null, AccessibilityAction: ACTION_ACCESSIBILITY_FOCUS - null]]
05-05 17:44:08.435 19616 19616 D UiObject: getText() = 
05-05 17:44:08.520 19616 19616 W AccessibilityNodeInfoDumper: Fetch time: 5ms
05-05 17:44:08.655 19616 19616 I QueryController: Matched selector: UiSelector[CLASS=android.widget.ProgressBar, INSTANCE=0] <<==>> [android.view.accessibility.AccessibilityNodeInfo@800853ec; boundsInParent: Rect(0, 0 - 96, 96); boundsInScreen: Rect(498, 1001 - 594, 1097); packageName: com.icrealtime.allie; className: android.widget.ProgressBar; text: null; error: null; maxTextLength: -1; contentDescription: null; viewIdResName: android:id/progress; checkable: false; checked: false; focusable: false; focused: false; selected: false; clickable: false; longClickable: false; enabled: true; password: false; scrollable: false; actions: [AccessibilityAction: ACTION_SELECT - null, AccessibilityAction: ACTION_CLEAR_SELECTION - null, AccessibilityAction: ACTION_ACCESSIBILITY_FOCUS - null]]
05-05 17:44:08.705 19616 19616 I QueryController: Matched selector: UiSelector[CLASS=android.widget.ProgressBar, INSTANCE=0] <<==>> [android.view.accessibility.AccessibilityNodeInfo@800853ec; boundsInParent: Rect(0, 0 - 96, 96); boundsInScreen: Rect(498, 1001 - 594, 1097); packageName: com.icrealtime.allie; className: android.widget.ProgressBar; text: null; error: null; maxTextLength: -1; contentDescription: null; viewIdResName: android:id/progress; checkable: false; checked: false; focusable: false; focused: false; selected: false; clickable: false; longClickable: false; enabled: true; password: false; scrollable: false; actions: [AccessibilityAction: ACTION_SELECT - null, AccessibilityAction: ACTION_CLEAR_SELECTION - null, AccessibilityAction: ACTION_ACCESSIBILITY_FOCUS - null]]
05-05 17:44:08.705 19616 19616 D UiObject: getText() = 
05-05 17:44:08.780 19616 19616 W AccessibilityNodeInfoDumper: Fetch time: 8ms
05-05 17:44:08.905 19616 19616 I QueryController: Matched selector: UiSelector[CLASS=android.widget.ProgressBar, INSTANCE=0] <<==>> [android.view.accessibility.AccessibilityNodeInfo@800853ec; boundsInParent: Rect(0, 0 - 96, 96); boundsInScreen: Rect(498, 1001 - 594, 1097); packageName: com.icrealtime.allie; className: android.widget.ProgressBar; text: null; error: null; maxTextLength: -1; contentDescription: null; viewIdResName: android:id/progress; checkable: false; checked: false; focusable: false; focused: false; selected: false; clickable: false; longClickable: false; enabled: true; password: false; scrollable: false; actions: [AccessibilityAction: ACTION_SELECT - null, AccessibilityAction: ACTION_CLEAR_SELECTION - null, AccessibilityAction: ACTION_ACCESSIBILITY_FOCUS - null]]
05-05 17:44:09.060 19616 19616 I QueryController: Matched selector: UiSelector[CLASS=android.widget.ProgressBar, INSTANCE=0] <<==>> [android.view.accessibility.AccessibilityNodeInfo@800853ec; boundsInParent: Rect(0, 0 - 96, 96); boundsInScreen: Rect(498, 1001 - 594, 1097); packageName: com.icrealtime.allie; className: android.widget.ProgressBar; text: null; error: null; maxTextLength: -1; contentDescription: null; viewIdResName: android:id/progress; checkable: false; checked: false; focusable: false; focused: false; selected: false; clickable: false; longClickable: false; enabled: true; password: false; scrollable: false; actions: [AccessibilityAction: ACTION_SELECT - null, AccessibilityAction: ACTION_CLEAR_SELECTION - null, AccessibilityAction: ACTION_ACCESSIBILITY_FOCUS - null]]
05-05 17:44:09.060 19616 19616 D UiObject: getText() = 
05-05 17:44:09.130 19616 19616 W AccessibilityNodeInfoDumper: Fetch time: 7ms
05-05 17:44:09.260 19616 19616 I QueryController: Matched selector: UiSelector[CLASS=android.widget.ProgressBar, INSTANCE=0] <<==>> [android.view.accessibility.AccessibilityNodeInfo@800853ec; boundsInParent: Rect(0, 0 - 96, 96); boundsInScreen: Rect(498, 1001 - 594, 1097); packageName: com.icrealtime.allie; className: android.widget.ProgressBar; text: null; error: null; maxTextLength: -1; contentDescription: null; viewIdResName: android:id/progress; checkable: false; checked: false; focusable: false; focused: false; selected: false; clickable: false; longClickable: false; enabled: true; password: false; scrollable: false; actions: [AccessibilityAction: ACTION_SELECT - null, AccessibilityAction: ACTION_CLEAR_SELECTION - null, AccessibilityAction: ACTION_ACCESSIBILITY_FOCUS - null]]
05-05 17:44:09.450 19616 19616 I QueryController: Matched selector: UiSelector[CLASS=android.widget.ProgressBar, INSTANCE=0] <<==>> [android.view.accessibility.AccessibilityNodeInfo@800853ec; boundsInParent: Rect(0, 0 - 96, 96); boundsInScreen: Rect(498, 1001 - 594, 1097); packageName: com.icrealtime.allie; className: android.widget.ProgressBar; text: null; error: null; maxTextLength: -1; contentDescription: null; viewIdResName: android:id/progress; checkable: false; checked: false; focusable: false; focused: false; selected: false; clickable: false; longClickable: false; enabled: true; password: false; scrollable: false; actions: [AccessibilityAction: ACTION_SELECT - null, AccessibilityAction: ACTION_CLEAR_SELECTION - null, AccessibilityAction: ACTION_ACCESSIBILITY_FOCUS - null]]
05-05 17:44:09.450 19616 19616 D UiObject: getText() = 
05-05 17:44:09.535  3257  3270 D ActivityManager: retrieveServiceLocked(): component = null; callingUser = 0; userId(target) = 0
05-05 17:44:09.545 19616 19616 W AccessibilityNodeInfoDumper: Fetch time: 7ms
05-05 17:44:09.615 19616 19616 I QueryController: Matched selector: UiSelector[CLASS=android.widget.ProgressBar, INSTANCE=0] <<==>> [android.view.accessibility.AccessibilityNodeInfo@800853ec; boundsInParent: Rect(0, 0 - 96, 96); boundsInScreen: Rect(498, 1001 - 594, 1097); packageName: com.icrealtime.allie; className: android.widget.ProgressBar; text: null; error: null; maxTextLength: -1; contentDescription: null; viewIdResName: android:id/progress; checkable: false; checked: false; focusable: false; focused: false; selected: false; clickable: false; longClickable: false; enabled: true; password: false; scrollable: false; actions: [AccessibilityAction: ACTION_SELECT - null, AccessibilityAction: ACTION_CLEAR_SELECTION - null, AccessibilityAction: ACTION_ACCESSIBILITY_FOCUS - null]]
05-05 17:44:09.695 19616 19616 I QueryController: Matched selector: UiSelector[CLASS=android.widget.ProgressBar, INSTANCE=0] <<==>> [android.view.accessibility.AccessibilityNodeInfo@800853ec; boundsInParent: Rect(0, 0 - 96, 96); boundsInScreen: Rect(498, 1001 - 594, 1097); packageName: com.icrealtime.allie; className: android.widget.ProgressBar; text: null; error: null; maxTextLength: -1; contentDescription: null; viewIdResName: android:id/progress; checkable: false; checked: false; focusable: false; focused: false; selected: false; clickable: false; longClickable: false; enabled: true; password: false; scrollable: false; actions: [AccessibilityAction: ACTION_SELECT - null, AccessibilityAction: ACTION_CLEAR_SELECTION - null, AccessibilityAction: ACTION_ACCESSIBILITY_FOCUS - null]]
05-05 17:44:09.695 19616 19616 D UiObject: getText() = 
05-05 17:44:09.715  3422  3422 D StatusBar.NetworkController: refreshViews connected={ wifi } level=0 combinedSignalIconId=0x7f02053f/com.android.systemui:drawable/stat_sys_wifi_signal_4 mobileLabel= wifiLabel="1503-5G" emergencyOnly=false combinedLabel="1503-5G" mAirplaneMode=false mDataActivity=0 mPhoneSignalIconId=0x0/(null) mQSPhoneSignalIconId=0x0/(null) mDataDirectionIconId=0x0/(null) mDataSignalIconId=0x0/(null) mDataTypeIconId=0x0/(null) mQSDataTypeIconId=0x0/(null) mNoSimIconId=0x0/(null) mWifiIconId=0x7f02053f/com.android.systemui:drawable/stat_sys_wifi_signal_4 mQSWifiIconId=0x7f02012e/com.android.systemui:drawable/ic_qs_wifi_4 mWifiActivityIconId=0x7f020509/com.android.systemui:drawable/stat_sys_signal_inout mBluetoothTetherIconId=0x7f02051c/com.android.systemui:drawable/stat_sys_tether_bluetooth
05-05 17:44:09.715  3422  3422 D STATUSBAR-WifiQuickSettingButton: onWifiSignalChanged enabled=true enabledDesc:"1503-5G"
05-05 17:44:09.715  3422  3422 D StatusBar.NetworkController: refreshNwBoosterIndicator - setNWBoosterIndicators(false)
05-05 17:44:09.715  3422  3422 D StatusBar.NetworkController: refreshNwBoosterIndicator - setNWBoosterIndicators(false)
05-05 17:44:09.715  3422  3422 D StatusBar.NetworkController: refreshNwBoosterIndicator - setNWBoosterIndicators(false)
05-05 17:44:09.720  3422  3422 D StatusBar.NetworkController: refreshNwBoosterIndicator - setNWBoosterIndicators(false)
05-05 17:44:09.755 19616 19616 W AccessibilityNodeInfoDumper: Fetch time: 5ms
05-05 17:44:09.835  3257 16949 D ActivityManager: retrieveServiceLocked(): component = null; callingUser = 0; userId(target) = 0
05-05 17:44:09.865 19616 19616 I QueryController: Matched selector: UiSelector[CLASS=android.widget.ProgressBar, INSTANCE=0] <<==>> [android.view.accessibility.AccessibilityNodeInfo@800853ec; boundsInParent: Rect(0, 0 - 96, 96); boundsInScreen: Rect(498, 1001 - 594, 1097); packageName: com.icrealtime.allie; className: android.widget.ProgressBar; text: null; error: null; maxTextLength: -1; contentDescription: null; viewIdResName: android:id/progress; checkable: false; checked: false; focusable: false; focused: false; selected: false; clickable: false; longClickable: false; enabled: true; password: false; scrollable: false; actions: [AccessibilityAction: ACTION_SELECT - null, AccessibilityAction: ACTION_CLEAR_SELECTION - null, AccessibilityAction: ACTION_ACCESSIBILITY_FOCUS - null]]
05-05 17:44:09.935 19616 19616 I QueryController: Matched selector: UiSelector[CLASS=android.widget.ProgressBar, INSTANCE=0] <<==>> [android.view.accessibility.AccessibilityNodeInfo@800853ec; boundsInParent: Rect(0, 0 - 96, 96); boundsInScreen: Rect(498, 1001 - 594, 1097); packageName: com.icrealtime.allie; className: android.widget.ProgressBar; text: null; error: null; maxTextLength: -1; contentDescription: null; viewIdResName: android:id/progress; checkable: false; checked: false; focusable: false; focused: false; selected: false; clickable: false; longClickable: false; enabled: true; password: false; scrollable: false; actions: [AccessibilityAction: ACTION_SELECT - null, AccessibilityAction: ACTION_CLEAR_SELECTION - null, AccessibilityAction: ACTION_ACCESSIBILITY_FOCUS - null]]
05-05 17:44:09.935 19616 19616 D UiObject: getText() = 
05-05 17:44:10.030 19616 19616 W AccessibilityNodeInfoDumper: Fetch time: 5ms
05-05 17:44:10.140  3257  3353 D ActivityManager: retrieveServiceLocked(): component = null; callingUser = 0; userId(target) = 0
05-05 17:44:10.155 19616 19616 I QueryController: Matched selector: UiSelector[CLASS=android.widget.ProgressBar, INSTANCE=0] <<==>> [android.view.accessibility.AccessibilityNodeInfo@800853ec; boundsInParent: Rect(0, 0 - 96, 96); boundsInScreen: Rect(498, 1001 - 594, 1097); packageName: com.icrealtime.allie; className: android.widget.ProgressBar; text: null; error: null; maxTextLength: -1; contentDescription: null; viewIdResName: android:id/progress; checkable: false; checked: false; focusable: false; focused: false; selected: false; clickable: false; longClickable: false; enabled: true; password: false; scrollable: false; actions: [AccessibilityAction: ACTION_SELECT - null, AccessibilityAction: ACTION_CLEAR_SELECTION - null, AccessibilityAction: ACTION_ACCESSIBILITY_FOCUS - null]]
05-05 17:44:10.220 19616 19616 I QueryController: Matched selector: UiSelector[CLASS=android.widget.ProgressBar, INSTANCE=0] <<==>> [android.view.accessibility.AccessibilityNodeInfo@800853ec; boundsInParent: Rect(0, 0 - 96, 96); boundsInScreen: Rect(498, 1001 - 594, 1097); packageName: com.icrealtime.allie; className: android.widget.ProgressBar; text: null; error: null; maxTextLength: -1; contentDescription: null; viewIdResName: android:id/progress; checkable: false; checked: false; focusable: false; focused: false; selected: false; clickable: false; longClickable: false; enabled: true; password: false; scrollable: false; actions: [AccessibilityAction: ACTION_SELECT - null, AccessibilityAction: ACTION_CLEAR_SELECTION - null, AccessibilityAction: ACTION_ACCESSIBILITY_FOCUS - null]]
05-05 17:44:10.220 19616 19616 D UiObject: getText() = 
05-05 17:44:10.310 19616 19616 W AccessibilityNodeInfoDumper: Fetch time: 5ms
05-05 17:44:10.425 19616 19616 I QueryController: Matched selector: UiSelector[CLASS=android.widget.ProgressBar, INSTANCE=0] <<==>> [android.view.accessibility.AccessibilityNodeInfo@800853ec; boundsInParent: Rect(0, 0 - 96, 96); boundsInScreen: Rect(498, 1001 - 594, 1097); packageName: com.icrealtime.allie; className: android.widget.ProgressBar; text: null; error: null; maxTextLength: -1; contentDescription: null; viewIdResName: android:id/progress; checkable: false; checked: false; focusable: false; focused: false; selected: false; clickable: false; longClickable: false; enabled: true; password: false; scrollable: false; actions: [AccessibilityAction: ACTION_SELECT - null, AccessibilityAction: ACTION_CLEAR_SELECTION - null, AccessibilityAction: ACTION_ACCESSIBILITY_FOCUS - null]]
05-05 17:44:10.450  3257  3766 D ActivityManager: retrieveServiceLocked(): component = null; callingUser = 0; userId(target) = 0
05-05 17:44:10.475 19616 19616 I QueryController: Matched selector: UiSelector[CLASS=android.widget.ProgressBar, INSTANCE=0] <<==>> [android.view.accessibility.AccessibilityNodeInfo@800853ec; boundsInParent: Rect(0, 0 - 96, 96); boundsInScreen: Rect(498, 1001 - 594, 1097); packageName: com.icrealtime.allie; className: android.widget.ProgressBar; text: null; error: null; maxTextLength: -1; contentDescription: null; viewIdResName: android:id/progress; checkable: false; checked: false; focusable: false; focused: false; selected: false; clickable: false; longClickable: false; enabled: true; password: false; scrollable: false; actions: [AccessibilityAction: ACTION_SELECT - null, AccessibilityAction: ACTION_CLEAR_SELECTION - null, AccessibilityAction: ACTION_ACCESSIBILITY_FOCUS - null]]
05-05 17:44:10.475 19616 19616 D UiObject: getText() = 
05-05 17:44:10.530 19616 19616 W AccessibilityNodeInfoDumper: Fetch time: 5ms
05-05 17:44:10.645 19616 19616 I QueryController: Matched selector: UiSelector[CLASS=android.widget.ProgressBar, INSTANCE=0] <<==>> [android.view.accessibility.AccessibilityNodeInfo@800853ec; boundsInParent: Rect(0, 0 - 96, 96); boundsInScreen: Rect(498, 1001 - 594, 1097); packageName: com.icrealtime.allie; className: android.widget.ProgressBar; text: null; error: null; maxTextLength: -1; contentDescription: null; viewIdResName: android:id/progress; checkable: false; checked: false; focusable: false; focused: false; selected: false; clickable: false; longClickable: false; enabled: true; password: false; scrollable: false; actions: [AccessibilityAction: ACTION_SELECT - null, AccessibilityAction: ACTION_CLEAR_SELECTION - null, AccessibilityAction: ACTION_ACCESSIBILITY_FOCUS - null]]
05-05 17:44:10.715 19616 19616 I QueryController: Matched selector: UiSelector[CLASS=android.widget.ProgressBar, INSTANCE=0] <<==>> [android.view.accessibility.AccessibilityNodeInfo@800853ec; boundsInParent: Rect(0, 0 - 96, 96); boundsInScreen: Rect(498, 1001 - 594, 1097); packageName: com.icrealtime.allie; className: android.widget.ProgressBar; text: null; error: null; maxTextLength: -1; contentDescription: null; viewIdResName: android:id/progress; checkable: false; checked: false; focusable: false; focused: false; selected: false; clickable: false; longClickable: false; enabled: true; password: false; scrollable: false; actions: [AccessibilityAction: ACTION_SELECT - null, AccessibilityAction: ACTION_CLEAR_SELECTION - null, AccessibilityAction: ACTION_ACCESSIBILITY_FOCUS - null]]
05-05 17:44:10.715 19616 19616 D UiObject: getText() = 
05-05 17:44:10.720  3422  3422 D StatusBar.NetworkController: refreshViews connected={ wifi } level=0 combinedSignalIconId=0x7f02053f/com.android.systemui:drawable/stat_sys_wifi_signal_4 mobileLabel= wifiLabel="1503-5G" emergencyOnly=false combinedLabel="1503-5G" mAirplaneMode=false mDataActivity=0 mPhoneSignalIconId=0x0/(null) mQSPhoneSignalIconId=0x0/(null) mDataDirectionIconId=0x0/(null) mDataSignalIconId=0x0/(null) mDataTypeIconId=0x0/(null) mQSDataTypeIconId=0x0/(null) mNoSimIconId=0x0/(null) mWifiIconId=0x7f02053f/com.android.systemui:drawable/stat_sys_wifi_signal_4 mQSWifiIconId=0x7f02012e/com.android.systemui:drawable/ic_qs_wifi_4 mWifiActivityIconId=0x7f020507/com.android.systemui:drawable/stat_sys_signal_in mBluetoothTetherIconId=0x7f02051c/com.android.systemui:drawable/stat_sys_tether_bluetooth
05-05 17:44:10.720  3422  3422 D STATUSBAR-WifiQuickSettingButton: onWifiSignalChanged enabled=true enabledDesc:"1503-5G"
05-05 17:44:10.720  3422  3422 D StatusBar.NetworkController: refreshNwBoosterIndicator - setNWBoosterIndicators(false)
05-05 17:44:10.725  3422  3422 D StatusBar.NetworkController: refreshNwBoosterIndicator - setNWBoosterIndicators(false)
05-05 17:44:10.725  3422  3422 D StatusBar.NetworkController: refreshNwBoosterIndicator - setNWBoosterIndicators(false)
05-05 17:44:10.725  3422  3422 D StatusBar.NetworkController: refreshNwBoosterIndicator - setNWBoosterIndicators(false)
05-05 17:44:10.795 19616 19616 W AccessibilityNodeInfoDumper: Fetch time: 9ms
05-05 17:44:10.860 19616 19616 I QueryController: Matched selector: UiSelector[CLASS=android.widget.ProgressBar, INSTANCE=0] <<==>> [android.view.accessibility.AccessibilityNodeInfo@800853ec; boundsInParent: Rect(0, 0 - 96, 96); boundsInScreen: Rect(498, 1001 - 594, 1097); packageName: com.icrealtime.allie; className: android.widget.ProgressBar; text: null; error: null; maxTextLength: -1; contentDescription: null; viewIdResName: android:id/progress; checkable: false; checked: false; focusable: false; focused: false; selected: false; clickable: false; longClickable: false; enabled: true; password: false; scrollable: false; actions: [AccessibilityAction: ACTION_SELECT - null, AccessibilityAction: ACTION_CLEAR_SELECTION - null, AccessibilityAction: ACTION_ACCESSIBILITY_FOCUS - null]]
05-05 17:44:10.965 19616 19616 I QueryController: Matched selector: UiSelector[CLASS=android.widget.ProgressBar, INSTANCE=0] <<==>> [android.view.accessibility.AccessibilityNodeInfo@800853ec; boundsInParent: Rect(0, 0 - 96, 96); boundsInScreen: Rect(498, 1001 - 594, 1097); packageName: com.icrealtime.allie; className: android.widget.ProgressBar; text: null; error: null; maxTextLength: -1; contentDescription: null; viewIdResName: android:id/progress; checkable: false; checked: false; focusable: false; focused: false; selected: false; clickable: false; longClickable: false; enabled: true; password: false; scrollable: false; actions: [AccessibilityAction: ACTION_SELECT - null, AccessibilityAction: ACTION_CLEAR_SELECTION - null, AccessibilityAction: ACTION_ACCESSIBILITY_FOCUS - null]]
05-05 17:44:10.965 19616 19616 D UiObject: getText() = 
05-05 17:44:11.025 19616 19616 W AccessibilityNodeInfoDumper: Fetch time: 6ms
05-05 17:44:11.065  3257  3270 D ActivityManager: retrieveServiceLocked(): component = null; callingUser = 0; userId(target) = 0
05-05 17:44:11.070  3257 31676 D ActivityManager: retrieveServiceLocked(): component = null; callingUser = 0; userId(target) = 0
05-05 17:44:11.150 19616 19616 I QueryController: Matched selector: UiSelector[CLASS=android.widget.ProgressBar, INSTANCE=0] <<==>> [android.view.accessibility.AccessibilityNodeInfo@800853ec; boundsInParent: Rect(0, 0 - 96, 96); boundsInScreen: Rect(498, 1001 - 594, 1097); packageName: com.icrealtime.allie; className: android.widget.ProgressBar; text: null; error: null; maxTextLength: -1; contentDescription: null; viewIdResName: android:id/progress; checkable: false; checked: false; focusable: false; focused: false; selected: false; clickable: false; longClickable: false; enabled: true; password: false; scrollable: false; actions: [AccessibilityAction: ACTION_SELECT - null, AccessibilityAction: ACTION_CLEAR_SELECTION - null, AccessibilityAction: ACTION_ACCESSIBILITY_FOCUS - null]]
05-05 17:44:11.235 19616 19616 I QueryController: Matched selector: UiSelector[CLASS=android.widget.ProgressBar, INSTANCE=0] <<==>> [android.view.accessibility.AccessibilityNodeInfo@800853ec; boundsInParent: Rect(0, 0 - 96, 96); boundsInScreen: Rect(498, 1001 - 594, 1097); packageName: com.icrealtime.allie; className: android.widget.ProgressBar; text: null; error: null; maxTextLength: -1; contentDescription: null; viewIdResName: android:id/progress; checkable: false; checked: false; focusable: false; focused: false; selected: false; clickable: false; longClickable: false; enabled: true; password: false; scrollable: false; actions: [AccessibilityAction: ACTION_SELECT - null, AccessibilityAction: ACTION_CLEAR_SELECTION - null, AccessibilityAction: ACTION_ACCESSIBILITY_FOCUS - null]]
05-05 17:44:11.235 19616 19616 D UiObject: getText() = 
05-05 17:44:11.305 19616 19616 W AccessibilityNodeInfoDumper: Fetch time: 5ms
05-05 17:44:11.370  3257  3608 D ActivityManager: retrieveServiceLocked(): component = null; callingUser = 0; userId(target) = 0
05-05 17:44:11.435 19616 19616 I QueryController: Matched selector: UiSelector[CLASS=android.widget.ProgressBar, INSTANCE=0] <<==>> [android.view.accessibility.AccessibilityNodeInfo@800853ec; boundsInParent: Rect(0, 0 - 96, 96); boundsInScreen: Rect(498, 1001 - 594, 1097); packageName: com.icrealtime.allie; className: android.widget.ProgressBar; text: null; error: null; maxTextLength: -1; contentDescription: null; viewIdResName: android:id/progress; checkable: false; checked: false; focusable: false; focused: false; selected: false; clickable: false; longClickable: false; enabled: true; password: false; scrollable: false; actions: [AccessibilityAction: ACTION_SELECT - null, AccessibilityAction: ACTION_CLEAR_SELECTION - null, AccessibilityAction: ACTION_ACCESSIBILITY_FOCUS - null]]
05-05 17:44:11.490 19616 19616 I QueryController: Matched selector: UiSelector[CLASS=android.widget.ProgressBar, INSTANCE=0] <<==>> [android.view.accessibility.AccessibilityNodeInfo@800853ec; boundsInParent: Rect(0, 0 - 96, 96); boundsInScreen: Rect(498, 1001 - 594, 1097); packageName: com.icrealtime.allie; className: android.widget.ProgressBar; text: null; error: null; maxTextLength: -1; contentDescription: null; viewIdResName: android:id/progress; checkable: false; checked: false; focusable: false; focused: false; selected: false; clickable: false; longClickable: false; enabled: true; password: false; scrollable: false; actions: [AccessibilityAction: ACTION_SELECT - null, AccessibilityAction: ACTION_CLEAR_SELECTION - null, AccessibilityAction: ACTION_ACCESSIBILITY_FOCUS - null]]
05-05 17:44:11.490 19616 19616 D UiObject: getText() = 
05-05 17:44:11.560 19616 19616 W AccessibilityNodeInfoDumper: Fetch time: 5ms
05-05 17:44:11.675 19616 19616 I QueryController: Matched selector: UiSelector[CLASS=android.widget.ProgressBar, INSTANCE=0] <<==>> [android.view.accessibility.AccessibilityNodeInfo@800853ec; boundsInParent: Rect(0, 0 - 96, 96); boundsInScreen: Rect(498, 1001 - 594, 1097); packageName: com.icrealtime.allie; className: android.widget.ProgressBar; text: null; error: null; maxTextLength: -1; contentDescription: null; viewIdResName: android:id/progress; checkable: false; checked: false; focusable: false; focused: false; selected: false; clickable: false; longClickable: false; enabled: true; password: false; scrollable: false; actions: [AccessibilityAction: ACTION_SELECT - null, AccessibilityAction: ACTION_CLEAR_SELECTION - null, AccessibilityAction: ACTION_ACCESSIBILITY_FOCUS - null]]
05-05 17:44:11.675  3257  4047 D ActivityManager: retrieveServiceLocked(): component = null; callingUser = 0; userId(target) = 0
05-05 17:44:11.740 19616 19616 I QueryController: Matched selector: UiSelector[CLASS=android.widget.ProgressBar, INSTANCE=0] <<==>> [android.view.accessibility.AccessibilityNodeInfo@800853ec; boundsInParent: Rect(0, 0 - 96, 96); boundsInScreen: Rect(498, 1001 - 594, 1097); packageName: com.icrealtime.allie; className: android.widget.ProgressBar; text: null; error: null; maxTextLength: -1; contentDescription: null; viewIdResName: android:id/progress; checkable: false; checked: false; focusable: false; focused: false; selected: false; clickable: false; longClickable: false; enabled: true; password: false; scrollable: false; actions: [AccessibilityAction: ACTION_SELECT - null, AccessibilityAction: ACTION_CLEAR_SELECTION - null, AccessibilityAction: ACTION_ACCESSIBILITY_FOCUS - null]]
05-05 17:44:11.740 19616 19616 D UiObject: getText() = 
05-05 17:44:11.830 19616 19616 W AccessibilityNodeInfoDumper: Fetch time: 5ms
05-05 17:44:11.960 19616 19616 I QueryController: Matched selector: UiSelector[CLASS=android.widget.ProgressBar, INSTANCE=0] <<==>> [android.view.accessibility.AccessibilityNodeInfo@800853ec; boundsInParent: Rect(0, 0 - 96, 96); boundsInScreen: Rect(498, 1001 - 594, 1097); packageName: com.icrealtime.allie; className: android.widget.ProgressBar; text: null; error: null; maxTextLength: -1; contentDescription: null; viewIdResName: android:id/progress; checkable: false; checked: false; focusable: false; focused: false; selected: false; clickable: false; longClickable: false; enabled: true; password: false; scrollable: false; actions: [AccessibilityAction: ACTION_SELECT - null, AccessibilityAction: ACTION_CLEAR_SELECTION - null, AccessibilityAction: ACTION_ACCESSIBILITY_FOCUS - null]]
05-05 17:44:12.010 19616 19616 I QueryController: Matched selector: UiSelector[CLASS=android.widget.ProgressBar, INSTANCE=0] <<==>> [android.view.accessibility.AccessibilityNodeInfo@800853ec; boundsInParent: Rect(0, 0 - 96, 96); boundsInScreen: Rect(498, 1001 - 594, 1097); packageName: com.icrealtime.allie; className: android.widget.ProgressBar; text: null; error: null; maxTextLength: -1; contentDescription: null; viewIdResName: android:id/progress; checkable: false; checked: false; focusable: false; focused: false; selected: false; clickable: false; longClickable: false; enabled: true; password: false; scrollable: false; actions: [AccessibilityAction: ACTION_SELECT - null, AccessibilityAction: ACTION_CLEAR_SELECTION - null, AccessibilityAction: ACTION_ACCESSIBILITY_FOCUS - null]]
05-05 17:44:12.010 19616 19616 D UiObject: getText() = 
05-05 17:44:12.065 19616 19616 W AccessibilityNodeInfoDumper: Fetch time: 5ms
05-05 17:44:12.170 21300 21320 I Quasar  : start to send events
05-05 17:44:12.195 19616 19616 I QueryController: Matched selector: UiSelector[CLASS=android.widget.ProgressBar, INSTANCE=0] <<==>> [android.view.accessibility.AccessibilityNodeInfo@800853ec; boundsInParent: Rect(0, 0 - 96, 96); boundsInScreen: Rect(498, 1001 - 594, 1097); packageName: com.icrealtime.allie; className: android.widget.ProgressBar; text: null; error: null; maxTextLength: -1; contentDescription: null; viewIdResName: android:id/progress; checkable: false; checked: false; focusable: false; focused: false; selected: false; clickable: false; longClickable: false; enabled: true; password: false; scrollable: false; actions: [AccessibilityAction: ACTION_SELECT - null, AccessibilityAction: ACTION_CLEAR_SELECTION - null, AccessibilityAction: ACTION_ACCESSIBILITY_FOCUS - null]]
05-05 17:44:12.260 19616 19616 I QueryController: Matched selector: UiSelector[CLASS=android.widget.ProgressBar, INSTANCE=0] <<==>> [android.view.accessibility.AccessibilityNodeInfo@800853ec; boundsInParent: Rect(0, 0 - 96, 96); boundsInScreen: Rect(498, 1001 - 594, 1097); packageName: com.icrealtime.allie; className: android.widget.ProgressBar; text: null; error: null; maxTextLength: -1; contentDescription: null; viewIdResName: android:id/progress; checkable: false; checked: false; focusable: false; focused: false; selected: false; clickable: false; longClickable: false; enabled: true; password: false; scrollable: false; actions: [AccessibilityAction: ACTION_SELECT - null, AccessibilityAction: ACTION_CLEAR_SELECTION - null, AccessibilityAction: ACTION_ACCESSIBILITY_FOCUS - null]]
05-05 17:44:12.260 19616 19616 D UiObject: getText() = 
05-05 17:44:12.295  3257  3608 D ActivityManager: retrieveServiceLocked(): component = null; callingUser = 0; userId(target) = 0
05-05 17:44:12.325 19616 19616 W AccessibilityNodeInfoDumper: Fetch time: 6ms
05-05 17:44:12.450 19616 19616 I QueryController: Matched selector: UiSelector[CLASS=android.widget.ProgressBar, INSTANCE=0] <<==>> [android.view.accessibility.AccessibilityNodeInfo@800853ec; boundsInParent: Rect(0, 0 - 96, 96); boundsInScreen: Rect(498, 1001 - 594, 1097); packageName: com.icrealtime.allie; className: android.widget.ProgressBar; text: null; error: null; maxTextLength: -1; contentDescription: null; viewIdResName: android:id/progress; checkable: false; checked: false; focusable: false; focused: false; selected: false; clickable: false; longClickable: false; enabled: true; password: false; scrollable: false; actions: [AccessibilityAction: ACTION_SELECT - null, AccessibilityAction: ACTION_CLEAR_SELECTION - null, AccessibilityAction: ACTION_ACCESSIBILITY_FOCUS - null]]
05-05 17:44:12.500 19616 19616 I QueryController: Matched selector: UiSelector[CLASS=android.widget.ProgressBar, INSTANCE=0] <<==>> [android.view.accessibility.AccessibilityNodeInfo@800853ec; boundsInParent: Rect(0, 0 - 96, 96); boundsInScreen: Rect(498, 1001 - 594, 1097); packageName: com.icrealtime.allie; className: android.widget.ProgressBar; text: null; error: null; maxTextLength: -1; contentDescription: null; viewIdResName: android:id/progress; checkable: false; checked: false; focusable: false; focused: false; selected: false; clickable: false; longClickable: false; enabled: true; password: false; scrollable: false; actions: [AccessibilityAction: ACTION_SELECT - null, AccessibilityAction: ACTION_CLEAR_SELECTION - null, AccessibilityAction: ACTION_ACCESSIBILITY_FOCUS - null]]
05-05 17:44:12.500 19616 19616 D UiObject: getText() = 
05-05 17:44:12.555 19616 19616 W AccessibilityNodeInfoDumper: Fetch time: 5ms
05-05 17:44:12.685 19616 19616 I QueryController: Matched selector: UiSelector[CLASS=android.widget.ProgressBar, INSTANCE=0] <<==>> [android.view.accessibility.AccessibilityNodeInfo@800853ec; boundsInParent: Rect(0, 0 - 96, 96); boundsInScreen: Rect(498, 1001 - 594, 1097); packageName: com.icrealtime.allie; className: android.widget.ProgressBar; text: null; error: null; maxTextLength: -1; contentDescription: null; viewIdResName: android:id/progress; checkable: false; checked: false; focusable: false; focused: false; selected: false; clickable: false; longClickable: false; enabled: true; password: false; scrollable: false; actions: [AccessibilityAction: ACTION_SELECT - null, AccessibilityAction: ACTION_CLEAR_SELECTION - null, AccessibilityAction: ACTION_ACCESSIBILITY_FOCUS - null]]
05-05 17:44:12.875 19616 19616 I QueryController: Matched selector: UiSelector[CLASS=android.widget.ProgressBar, INSTANCE=0] <<==>> [android.view.accessibility.AccessibilityNodeInfo@800853ec; boundsInParent: Rect(0, 0 - 96, 96); boundsInScreen: Rect(498, 1001 - 594, 1097); packageName: com.icrealtime.allie; className: android.widget.ProgressBar; text: null; error: null; maxTextLength: -1; contentDescription: null; viewIdResName: android:id/progress; checkable: false; checked: false; focusable: false; focused: false; selected: false; clickable: false; longClickable: false; enabled: true; password: false; scrollable: false; actions: [AccessibilityAction: ACTION_SELECT - null, AccessibilityAction: ACTION_CLEAR_SELECTION - null, AccessibilityAction: ACTION_ACCESSIBILITY_FOCUS - null]]
05-05 17:44:12.875 19616 19616 D UiObject: getText() = 
05-05 17:44:12.960 19616 19616 W AccessibilityNodeInfoDumper: Fetch time: 5ms
05-05 17:44:13.090 19616 19616 I QueryController: Matched selector: UiSelector[CLASS=android.widget.ProgressBar, INSTANCE=0] <<==>> [android.view.accessibility.AccessibilityNodeInfo@800853ec; boundsInParent: Rect(0, 0 - 96, 96); boundsInScreen: Rect(498, 1001 - 594, 1097); packageName: com.icrealtime.allie; className: android.widget.ProgressBar; text: null; error: null; maxTextLength: -1; contentDescription: null; viewIdResName: android:id/progress; checkable: false; checked: false; focusable: false; focused: false; selected: false; clickable: false; longClickable: false; enabled: true; password: false; scrollable: false; actions: [AccessibilityAction: ACTION_SELECT - null, AccessibilityAction: ACTION_CLEAR_SELECTION - null, AccessibilityAction: ACTION_ACCESSIBILITY_FOCUS - null]]
05-05 17:44:13.140 19616 19616 I QueryController: Matched selector: UiSelector[CLASS=android.widget.ProgressBar, INSTANCE=0] <<==>> [android.view.accessibility.AccessibilityNodeInfo@800853ec; boundsInParent: Rect(0, 0 - 96, 96); boundsInScreen: Rect(498, 1001 - 594, 1097); packageName: com.icrealtime.allie; className: android.widget.ProgressBar; text: null; error: null; maxTextLength: -1; contentDescription: null; viewIdResName: android:id/progress; checkable: false; checked: false; focusable: false; focused: false; selected: false; clickable: false; longClickable: false; enabled: true; password: false; scrollable: false; actions: [AccessibilityAction: ACTION_SELECT - null, AccessibilityAction: ACTION_CLEAR_SELECTION - null, AccessibilityAction: ACTION_ACCESSIBILITY_FOCUS - null]]
05-05 17:44:13.145 19616 19616 D UiObject: getText() = 
05-05 17:44:13.220 19616 19616 W AccessibilityNodeInfoDumper: Fetch time: 8ms
05-05 17:44:13.340 19616 19616 I QueryController: Matched selector: UiSelector[CLASS=android.widget.ProgressBar, INSTANCE=0] <<==>> [android.view.accessibility.AccessibilityNodeInfo@800853ec; boundsInParent: Rect(0, 0 - 96, 96); boundsInScreen: Rect(498, 1001 - 594, 1097); packageName: com.icrealtime.allie; className: android.widget.ProgressBar; text: null; error: null; maxTextLength: -1; contentDescription: null; viewIdResName: android:id/progress; checkable: false; checked: false; focusable: false; focused: false; selected: false; clickable: false; longClickable: false; enabled: true; password: false; scrollable: false; actions: [AccessibilityAction: ACTION_SELECT - null, AccessibilityAction: ACTION_CLEAR_SELECTION - null, AccessibilityAction: ACTION_ACCESSIBILITY_FOCUS - null]]
05-05 17:44:13.395 19616 19616 I QueryController: Matched selector: UiSelector[CLASS=android.widget.ProgressBar, INSTANCE=0] <<==>> [android.view.accessibility.AccessibilityNodeInfo@800853ec; boundsInParent: Rect(0, 0 - 96, 96); boundsInScreen: Rect(498, 1001 - 594, 1097); packageName: com.icrealtime.allie; className: android.widget.ProgressBar; text: null; error: null; maxTextLength: -1; contentDescription: null; viewIdResName: android:id/progress; checkable: false; checked: false; focusable: false; focused: false; selected: false; clickable: false; longClickable: false; enabled: true; password: false; scrollable: false; actions: [AccessibilityAction: ACTION_SELECT - null, AccessibilityAction: ACTION_CLEAR_SELECTION - null, AccessibilityAction: ACTION_ACCESSIBILITY_FOCUS - null]]
05-05 17:44:13.395 19616 19616 D UiObject: getText() = 
05-05 17:44:13.455 19616 19616 W AccessibilityNodeInfoDumper: Fetch time: 7ms
05-05 17:44:13.525  3257 31676 D ActivityManager: retrieveServiceLocked(): component = null; callingUser = 0; userId(target) = 0
05-05 17:44:13.595 19616 19616 I QueryController: Matched selector: UiSelector[CLASS=android.widget.ProgressBar, INSTANCE=0] <<==>> [android.view.accessibility.AccessibilityNodeInfo@800853ec; boundsInParent: Rect(0, 0 - 96, 96); boundsInScreen: Rect(498, 1001 - 594, 1097); packageName: com.icrealtime.allie; className: android.widget.ProgressBar; text: null; error: null; maxTextLength: -1; contentDescription: null; viewIdResName: android:id/progress; checkable: false; checked: false; focusable: false; focused: false; selected: false; clickable: false; longClickable: false; enabled: true; password: false; scrollable: false; actions: [AccessibilityAction: ACTION_SELECT - null, AccessibilityAction: ACTION_CLEAR_SELECTION - null, AccessibilityAction: ACTION_ACCESSIBILITY_FOCUS - null]]
05-05 17:44:13.770 19616 19616 I QueryController: Matched selector: UiSelector[CLASS=android.widget.ProgressBar, INSTANCE=0] <<==>> [android.view.accessibility.AccessibilityNodeInfo@800853ec; boundsInParent: Rect(0, 0 - 96, 96); boundsInScreen: Rect(498, 1001 - 594, 1097); packageName: com.icrealtime.allie; className: android.widget.ProgressBar; text: null; error: null; maxTextLength: -1; contentDescription: null; viewIdResName: android:id/progress; checkable: false; checked: false; focusable: false; focused: false; selected: false; clickable: false; longClickable: false; enabled: true; password: false; scrollable: false; actions: [AccessibilityAction: ACTION_SELECT - null, AccessibilityAction: ACTION_CLEAR_SELECTION - null, AccessibilityAction: ACTION_ACCESSIBILITY_FOCUS - null]]
05-05 17:44:13.770 19616 19616 D UiObject: getText() = 
05-05 17:44:13.845 19616 19616 W AccessibilityNodeInfoDumper: Fetch time: 10ms
05-05 17:44:13.965 19616 19616 I QueryController: Matched selector: UiSelector[CLASS=android.widget.ProgressBar, INSTANCE=0] <<==>> [android.view.accessibility.AccessibilityNodeInfo@800853ec; boundsInParent: Rect(0, 0 - 96, 96); boundsInScreen: Rect(498, 1001 - 594, 1097); packageName: com.icrealtime.allie; className: android.widget.ProgressBar; text: null; error: null; maxTextLength: -1; contentDescription: null; viewIdResName: android:id/progress; checkable: false; checked: false; focusable: false; focused: false; selected: false; clickable: false; longClickable: false; enabled: true; password: false; scrollable: false; actions: [AccessibilityAction: ACTION_SELECT - null, AccessibilityAction: ACTION_CLEAR_SELECTION - null, AccessibilityAction: ACTION_ACCESSIBILITY_FOCUS - null]]
05-05 17:44:14.135 19616 19616 I QueryController: Matched selector: UiSelector[CLASS=android.widget.ProgressBar, INSTANCE=0] <<==>> [android.view.accessibility.AccessibilityNodeInfo@800853ec; boundsInParent: Rect(0, 0 - 96, 96); boundsInScreen: Rect(498, 1001 - 594, 1097); packageName: com.icrealtime.allie; className: android.widget.ProgressBar; text: null; error: null; maxTextLength: -1; contentDescription: null; viewIdResName: android:id/progress; checkable: false; checked: false; focusable: false; focused: false; selected: false; clickable: false; longClickable: false; enabled: true; password: false; scrollable: false; actions: [AccessibilityAction: ACTION_SELECT - null, AccessibilityAction: ACTION_CLEAR_SELECTION - null, AccessibilityAction: ACTION_ACCESSIBILITY_FOCUS - null]]
05-05 17:44:14.135 19616 19616 D UiObject: getText() = 
05-05 17:44:14.200 19616 19616 W AccessibilityNodeInfoDumper: Fetch time: 7ms
05-05 17:44:14.270 19616 19616 I QueryController: Matched selector: UiSelector[CLASS=android.widget.ProgressBar, INSTANCE=0] <<==>> [android.view.accessibility.AccessibilityNodeInfo@800853ec; boundsInParent: Rect(0, 0 - 96, 96); boundsInScreen: Rect(498, 1001 - 594, 1097); packageName: com.icrealtime.allie; className: android.widget.ProgressBar; text: null; error: null; maxTextLength: -1; contentDescription: null; viewIdResName: android:id/progress; checkable: false; checked: false; focusable: false; focused: false; selected: false; clickable: false; longClickable: false; enabled: true; password: false; scrollable: false; actions: [AccessibilityAction: ACTION_SELECT - null, AccessibilityAction: ACTION_CLEAR_SELECTION - null, AccessibilityAction: ACTION_ACCESSIBILITY_FOCUS - null]]
05-05 17:44:14.340 19616 19616 I QueryController: Matched selector: UiSelector[CLASS=android.widget.ProgressBar, INSTANCE=0] <<==>> [android.view.accessibility.AccessibilityNodeInfo@800853ec; boundsInParent: Rect(0, 0 - 96, 96); boundsInScreen: Rect(498, 1001 - 594, 1097); packageName: com.icrealtime.allie; className: android.widget.ProgressBar; text: null; error: null; maxTextLength: -1; contentDescription: null; viewIdResName: android:id/progress; checkable: false; checked: false; focusable: false; focused: false; selected: false; clickable: false; longClickable: false; enabled: true; password: false; scrollable: false; actions: [AccessibilityAction: ACTION_SELECT - null, AccessibilityAction: ACTION_CLEAR_SELECTION - null, AccessibilityAction: ACTION_ACCESSIBILITY_FOCUS - null]]
05-05 17:44:14.340 19616 19616 D UiObject: getText() = 
05-05 17:44:14.410 19616 19616 W AccessibilityNodeInfoDumper: Fetch time: 5ms
05-05 17:44:14.525 19616 19616 I QueryController: Matched selector: UiSelector[CLASS=android.widget.ProgressBar, INSTANCE=0] <<==>> [android.view.accessibility.AccessibilityNodeInfo@800853ec; boundsInParent: Rect(0, 0 - 96, 96); boundsInScreen: Rect(498, 1001 - 594, 1097); packageName: com.icrealtime.allie; className: android.widget.ProgressBar; text: null; error: null; maxTextLength: -1; contentDescription: null; viewIdResName: android:id/progress; checkable: false; checked: false; focusable: false; focused: false; selected: false; clickable: false; longClickable: false; enabled: true; password: false; scrollable: false; actions: [AccessibilityAction: ACTION_SELECT - null, AccessibilityAction: ACTION_CLEAR_SELECTION - null, AccessibilityAction: ACTION_ACCESSIBILITY_FOCUS - null]]
05-05 17:44:14.630 19616 19616 I QueryController: Matched selector: UiSelector[CLASS=android.widget.ProgressBar, INSTANCE=0] <<==>> [android.view.accessibility.AccessibilityNodeInfo@800853ec; boundsInParent: Rect(0, 0 - 96, 96); boundsInScreen: Rect(498, 1001 - 594, 1097); packageName: com.icrealtime.allie; className: android.widget.ProgressBar; text: null; error: null; maxTextLength: -1; contentDescription: null; viewIdResName: android:id/progress; checkable: false; checked: false; focusable: false; focused: false; selected: false; clickable: false; longClickable: false; enabled: true; password: false; scrollable: false; actions: [AccessibilityAction: ACTION_SELECT - null, AccessibilityAction: ACTION_CLEAR_SELECTION - null, AccessibilityAction: ACTION_ACCESSIBILITY_FOCUS - null]]
05-05 17:44:14.630 19616 19616 D UiObject: getText() = 
05-05 17:44:14.700 19616 19616 W AccessibilityNodeInfoDumper: Fetch time: 7ms
